[INFO] Scanning for projects...
[INFO] Inspecting build with total of 1 modules...
[INFO] Installing Nexus Staging features:
[INFO]   ... total of 1 executions of maven-deploy-plugin replaced with nexus-staging-maven-plugin
[INFO]
[INFO] --------------------< org.evosuite:evosuite-master >--------------------
[INFO] Building evosuite-master 1.2.1-SNAPSHOT
[INFO]   from pom.xml
[INFO] --------------------------------[ jar ]---------------------------------
[INFO]
[INFO] --- enforcer:3.6.2:enforce (enforce-maven-3) @ evosuite-master ---
[INFO] Rule 0: org.apache.maven.enforcer.rules.version.RequireMavenVersion passed
[INFO]
[INFO] --- jaxb2:1.6:xjc (xjc) @ evosuite-master ---
[INFO] No changes detected in schema or binding files - skipping source generation.
[INFO]
[INFO] --- resources:3.4.0:resources (default-resources) @ evosuite-master ---
[INFO] Copying 2 resources from src/main/resources to target/classes
[INFO]
[INFO] --- compiler:3.14.1:compile (default-compile) @ evosuite-master ---
[INFO] Nothing to compile - all classes are up to date.
[INFO]
[INFO] --- resources:3.4.0:testResources (default-testResources) @ evosuite-master ---
[INFO] Copying 10 resources from src/test/resources to target/test-classes
[INFO]
[INFO] --- compiler:3.14.1:testCompile (default-testCompile) @ evosuite-master ---
[INFO] Recompiling the module because of changed source code.
[INFO] Compiling 862 source files with javac [debug target 1.8] to target/test-classes
[WARNING] bootstrap class path not set in conjunction with -source 8
[WARNING] source value 8 is obsolete and will be removed in a future release
[WARNING] target value 8 is obsolete and will be removed in a future release
[WARNING] To suppress warnings about obsolete options, use -Xlint:-options.
[WARNING] /app/master/src/test/java/com/examples/with/different/packagename/Java9ExcludedPackage.java:[22,18] sun.java2d.SunGraphics2D is internal proprietary API and may be removed in a future release
[WARNING] /app/master/src/test/java/com/examples/with/different/packagename/Java9ExcludedPackage.java:[25,13] sun.java2d.SunGraphics2D is internal proprietary API and may be removed in a future release
[WARNING] /app/master/src/test/java/com/examples/with/different/packagename/Java9ExcludedPackage.java:[31,26] sun.java2d.SunGraphics2D is internal proprietary API and may be removed in a future release
[WARNING] /app/master/src/test/java/com/examples/with/different/packagename/Java9ExcludedPackage.java:[35,26] sun.java2d.SunGraphics2D is internal proprietary API and may be removed in a future release
[WARNING] /app/master/src/test/java/com/examples/with/different/packagename/dse/invokedynamic/ClosureField.java:[39,21] Integer(int) in java.lang.Integer has been deprecated and marked for removal
[WARNING] /app/master/src/test/java/com/examples/with/different/packagename/dse/invokedynamic/ClosureField.java:[40,21] Integer(int) in java.lang.Integer has been deprecated and marked for removal
[WARNING] /app/master/src/test/java/com/examples/with/different/packagename/dse/invokedynamic/ClosureField.java:[45,38] Integer(int) in java.lang.Integer has been deprecated and marked for removal
[WARNING] /app/master/src/test/java/com/examples/with/different/packagename/testcarver/NumberConverter.java:[408,20] Byte(java.lang.String) in java.lang.Byte has been deprecated and marked for removal
[WARNING] /app/master/src/test/java/com/examples/with/different/packagename/testcarver/NumberConverter.java:[413,20] Short(java.lang.String) in java.lang.Short has been deprecated and marked for removal
[WARNING] /app/master/src/test/java/com/examples/with/different/packagename/testcarver/NumberConverter.java:[418,20] Integer(java.lang.String) in java.lang.Integer has been deprecated and marked for removal
[WARNING] /app/master/src/test/java/com/examples/with/different/packagename/testcarver/NumberConverter.java:[423,20] Long(java.lang.String) in java.lang.Long has been deprecated and marked for removal
[WARNING] /app/master/src/test/java/com/examples/with/different/packagename/testcarver/NumberConverter.java:[428,20] Float(java.lang.String) in java.lang.Float has been deprecated and marked for removal
[WARNING] /app/master/src/test/java/com/examples/with/different/packagename/testcarver/NumberConverter.java:[433,20] Double(java.lang.String) in java.lang.Double has been deprecated and marked for removal
[WARNING] /app/master/src/test/java/com/examples/with/different/packagename/testcarver/IntegerConverterTestCase.java:[48,22] Integer(java.lang.String) in java.lang.Integer has been deprecated and marked for removal
[WARNING] /app/master/src/test/java/com/examples/with/different/packagename/testcarver/IntegerConverterTestCase.java:[49,22] Integer(java.lang.String) in java.lang.Integer has been deprecated and marked for removal
[WARNING] /app/master/src/test/java/com/examples/with/different/packagename/testcarver/IntegerConverterTestCase.java:[50,22] Integer(java.lang.String) in java.lang.Integer has been deprecated and marked for removal
[WARNING] /app/master/src/test/java/com/examples/with/different/packagename/testcarver/IntegerConverterTestCase.java:[51,22] Integer(java.lang.String) in java.lang.Integer has been deprecated and marked for removal
[WARNING] /app/master/src/test/java/org/evosuite/junit/writer/TestSuiteWriterSystemTest.java:[64,33] getSecurityManager() in java.lang.System has been deprecated and marked for removal
[WARNING] /app/master/src/test/java/org/evosuite/runtime/SUTWithSystemExitSystemTest.java:[58,29] setSecurityManager(java.lang.SecurityManager) in java.lang.System has been deprecated and marked for removal
[WARNING] /app/master/src/test/java/org/evosuite/runtime/SUTWithSystemExitSystemTest.java:[84,33] setSecurityManager(java.lang.SecurityManager) in java.lang.System has been deprecated and marked for removal
[WARNING] /app/master/src/test/java/org/evosuite/runtime/SUTWithSystemExitSystemTest.java:[91,43] java.lang.SecurityManager in java.lang has been deprecated and marked for removal
[INFO] /app/master/src/test/java/com/examples/with/different/packagename/testcarver/joda/TestDays.java: Some input files use or override a deprecated API.
[INFO] /app/master/src/test/java/com/examples/with/different/packagename/testcarver/joda/TestDays.java: Recompile with -Xlint:deprecation for details.
[INFO] /app/master/src/test/java/com/examples/with/different/packagename/XMLElement2.java: Some input files use unchecked or unsafe operations.
[INFO] /app/master/src/test/java/com/examples/with/different/packagename/XMLElement2.java: Recompile with -Xlint:unchecked for details.
[INFO]
[INFO] --- surefire:3.5.4:test (default-test) @ evosuite-master ---
[INFO] Using auto detected provider org.apache.maven.surefire.junit4.JUnit4Provider
[INFO]
[INFO] -------------------------------------------------------
[INFO]  T E S T S
[INFO] -------------------------------------------------------
[INFO] Running org.evosuite.testcase.JUnitTestCarvedChromosomeFactorySystemTest
*** SystemTest: deleteEvoDirs() ***
*** SystemTest: runSetup() ***
INFO  evo_logger - * EvoSuite
INFO  evo_logger - * Creating new evosuite.properties in /app/master/evosuite-files
INFO  evo_logger - * Classpath: /app/master/target/test-classes:/app/master/../runtime/target/test-classes:/app/master/../client/target/test-classes:/app/master/external
INFO  org.evosuite.TestGenerationContext - *** Resetting context
INFO  org.evosuite.utils.Randomness - No seed given. Using 1770296879556.
INFO  org.evosuite.instrumentation.InstrumentingClassLoader - Seeing class for first time: com.examples.with.different.packagename.testcarver.Simple
INFO  org.evosuite.instrumentation.BytecodeInstrumentation - Starting transformation of com/examples/with/different/packagename/testcarver/Simple
INFO  org.evosuite.instrumentation.testability.StringTransformation - Current method: <init>
INFO  org.evosuite.instrumentation.testability.StringTransformation - Current method: incr
INFO  org.evosuite.instrumentation.testability.StringTransformation - Current method: sameValues
INFO  org.evosuite.runtime.instrumentation.MethodCallReplacementClassAdapter - Adding mock interface to class com/examples/with/different/packagename/testcarver/Simple
INFO  org.evosuite.graphs.cfg.CFGClassAdapter - Analyzing CFG of com/examples/with/different/packagename/testcarver/Simple
INFO  org.evosuite.graphs.cfg.CFGMethodAdapter - Analyzing method <init>()V in class com.examples.with.different.packagename.testcarver.Simple
INFO  org.evosuite.graphs.cfg.CFGMethodAdapter - Generating CFG for method <init>()V
INFO  org.evosuite.graphs.cfg.RawControlFlowGraph - Creating new RawCFG for com.examples.with.different.packagename.testcarver.Simple.<init>()V: 0
INFO  org.evosuite.graphs.cfg.CFGMethodAdapter - Created CFG for method <init>()V
INFO  org.evosuite.graphs.cfg.CFGMethodAdapter - Instrumenting method <init>()V in class com.examples.with.different.packagename.testcarver.Simple
INFO  org.evosuite.graphs.cfg.CFGClassAdapter - Analyzing CFG of com/examples/with/different/packagename/testcarver/Simple
INFO  org.evosuite.graphs.cfg.CFGMethodAdapter - Analyzing method incr()Z in class com.examples.with.different.packagename.testcarver.Simple
INFO  org.evosuite.graphs.cfg.CFGMethodAdapter - Generating CFG for method incr()Z
INFO  org.evosuite.graphs.cfg.RawControlFlowGraph - Creating new RawCFG for com.examples.with.different.packagename.testcarver.Simple.incr()Z: 0
INFO  org.evosuite.coverage.branch.BranchPool - Adding to map the branch I13 Branch 1 IF_ICMPNE L29
INFO  org.evosuite.coverage.branch.BranchPool - Branch 1 at line 29
INFO  org.evosuite.graphs.cfg.CFGMethodAdapter - Created CFG for method incr()Z
INFO  org.evosuite.graphs.cfg.CFGMethodAdapter - Instrumenting method incr()Z in class com.examples.with.different.packagename.testcarver.Simple
INFO  org.evosuite.graphs.cfg.CFGClassAdapter - Analyzing CFG of com/examples/with/different/packagename/testcarver/Simple
INFO  org.evosuite.graphs.cfg.CFGMethodAdapter - Analyzing method sameValues(II)Z in class com.examples.with.different.packagename.testcarver.Simple
INFO  org.evosuite.graphs.cfg.CFGMethodAdapter - Generating CFG for method sameValues(II)Z
INFO  org.evosuite.graphs.cfg.RawControlFlowGraph - Creating new RawCFG for com.examples.with.different.packagename.testcarver.Simple.sameValues(II)Z: 0
INFO  org.evosuite.coverage.branch.BranchPool - Adding to map the branch I4 Branch 2 IF_ICMPNE L33
INFO  org.evosuite.coverage.branch.BranchPool - Branch 2 at line 33
INFO  org.evosuite.graphs.cfg.CFGMethodAdapter - Created CFG for method sameValues(II)Z
INFO  org.evosuite.graphs.cfg.CFGMethodAdapter - Instrumenting method sameValues(II)Z in class com.examples.with.different.packagename.testcarver.Simple
INFO  org.evosuite.runtime.instrumentation.CreateClassResetClassAdapter - Creating brand-new static initializer in class com/examples/with/different/packagename/testcarver/Simple
INFO  org.evosuite.instrumentation.InstrumentingClassLoader - Loaded class: com.examples.with.different.packagename.testcarver.Simple
INFO  evo_logger - * Executing tests from 1 test class for carving
INFO  org.evosuite.testcarver.extraction.CarvingClassLoader - Seeing class for first time: com.examples.with.different.packagename.testcarver.Simple
WARN  org.evosuite.testcarver.extraction.CarvingClassLoader - Instrumenting class 'com.examples.with.different.packagename.testcarver.Simple'.
INFO  org.evosuite.testcarver.instrument.Instrumenter - Checking package com.examples.with.different.packagename.testcarver for class com/examples/with/different/packagename/testcarver/Simple
// class version 52.0 (52)
// access flags 0x21
public class com/examples/with/different/packagename/testcarver/Simple {

  // compiled from: Simple.java

  // access flags 0x2
  private I x

  // access flags 0x12
  private final I y = 3

  // access flags 0x2
  private _sw_prototype_original_init_sw_prototype_original_()V
    ALOAD 0
    INVOKESTATIC org/evosuite/testcarver/capture/FieldRegistry.register (Ljava/lang/Object;)V
   L0
    LINENUMBER 25 L0
    ALOAD 0
    ICONST_3
    DUP2
    PUTFIELD com/examples/with/different/packagename/testcarver/Simple.y : I
    POP
    LDC -2147483644
    LDC "com/examples/with/different/packagename/testcarver/Simple"
    LDC "y"
    LDC "I"
    INVOKESTATIC org/evosuite/testcarver/capture/FieldRegistry.notifyModification (Ljava/lang/Object;ILjava/lang/String;Ljava/lang/String;Ljava/lang/String;)V
    RETURN
   L1
    LOCALVARIABLE this Lcom/examples/with/different/packagename/testcarver/Simple; L2 L1 0
    MAXSTACK = 6
    MAXLOCALS = 1

  // access flags 0x2
  private _sw_prototype_original_incr()Z
   L0
    LINENUMBER 28 L0
    ALOAD 0
    DUP
    DUP
    GETFIELD com/examples/with/different/packagename/testcarver/Simple.x : I
    SWAP
    LDC -2147483639
    LDC "com/examples/with/different/packagename/testcarver/Simple"
    LDC "x"
    LDC "I"
    INVOKESTATIC org/evosuite/testcarver/capture/FieldRegistry.notifyReadAccess (Ljava/lang/Object;ILjava/lang/String;Ljava/lang/String;Ljava/lang/String;)V
    ICONST_1
    IADD
    DUP2
    PUTFIELD com/examples/with/different/packagename/testcarver/Simple.x : I
    POP
    LDC -2147483641
    LDC "com/examples/with/different/packagename/testcarver/Simple"
    LDC "x"
    LDC "I"
    INVOKESTATIC org/evosuite/testcarver/capture/FieldRegistry.notifyModification (Ljava/lang/Object;ILjava/lang/String;Ljava/lang/String;Ljava/lang/String;)V
   L1
    LINENUMBER 29 L1
    ALOAD 0
    DUP
    GETFIELD com/examples/with/different/packagename/testcarver/Simple.x : I
    SWAP
    LDC -2147483638
    LDC "com/examples/with/different/packagename/testcarver/Simple"
    LDC "x"
    LDC "I"
    INVOKESTATIC org/evosuite/testcarver/capture/FieldRegistry.notifyReadAccess (Ljava/lang/Object;ILjava/lang/String;Ljava/lang/String;Ljava/lang/String;)V
    ICONST_3
    IF_ICMPNE L2
    ICONST_1
    GOTO L3
   L2
    ICONST_0
   L3
    IRETURN
   L4
    LOCALVARIABLE this Lcom/examples/with/different/packagename/testcarver/Simple; L0 L4 0
    MAXSTACK = 7
    MAXLOCALS = 1

  // access flags 0x2
  private _sw_prototype_original_sameValues(II)Z
   L0
    LINENUMBER 33 L0
    ILOAD 1
    ILOAD 2
    IF_ICMPNE L1
    ICONST_1
    GOTO L2
   L1
    ICONST_0
   L2
    IRETURN
   L3
    LOCALVARIABLE this Lcom/examples/with/different/packagename/testcarver/Simple; L0 L3 0
    LOCALVARIABLE z I L0 L3 1
    LOCALVARIABLE w I L0 L3 2
    MAXSTACK = 6
    MAXLOCALS = 3

  // access flags 0x1
  public <init>()V
    TRYCATCHBLOCK L0 L1 L1 java/lang/Throwable
   L2
    LINENUMBER 22 L2
    ALOAD 0
    INVOKESPECIAL java/lang/Object.<init> ()V
   L0
    LDC -2147483642
    ALOAD 0
    LDC "<init>"
    LDC "()V"
    BIPUSH 0
    ANEWARRAY java/lang/Object
    INVOKESTATIC org/evosuite/testcarver/capture/Capturer.capture (ILjava/lang/Object;Ljava/lang/String;Ljava/lang/String;[Ljava/lang/Object;)V
    ALOAD 0
    INVOKEVIRTUAL com/examples/with/different/packagename/testcarver/Simple._sw_prototype_original_init_sw_prototype_original_ ()V
    GOTO L3
   L1
   FRAME SAME1 java/lang/Throwable
    ASTORE 1
    LDC -2147483642
    ALOAD 0
    GETSTATIC org/evosuite/testcarver/capture/CaptureLog.RETURN_TYPE_VOID : Ljava/lang/Object;
    INVOKESTATIC org/evosuite/testcarver/capture/Capturer.enable (ILjava/lang/Object;Ljava/lang/Object;)V
    ALOAD 1
    ATHROW
   L3
   FRAME SAME
    LDC -2147483642
    ALOAD 0
    GETSTATIC org/evosuite/testcarver/capture/CaptureLog.RETURN_TYPE_VOID : Ljava/lang/Object;
    INVOKESTATIC org/evosuite/testcarver/capture/Capturer.enable (ILjava/lang/Object;Ljava/lang/Object;)V
    RETURN
    MAXSTACK = 6
    MAXLOCALS = 0

  // access flags 0x1
  public incr()Z
    TRYCATCHBLOCK L0 L1 L2 java/lang/Throwable
    ACONST_NULL
    ASTORE 1
   L0
    LDC -2147483637
    ALOAD 0
    LDC "incr"
    LDC "()Z"
    BIPUSH 0
    ANEWARRAY java/lang/Object
    INVOKESTATIC org/evosuite/testcarver/capture/Capturer.capture (ILjava/lang/Object;Ljava/lang/String;Ljava/lang/String;[Ljava/lang/Object;)V
    ALOAD 0
    INVOKEVIRTUAL com/examples/with/different/packagename/testcarver/Simple._sw_prototype_original_incr ()Z
    INVOKESTATIC java/lang/Boolean.valueOf (Z)Ljava/lang/Boolean;
    ASTORE 1
    ALOAD 1
    INVOKEVIRTUAL java/lang/Boolean.booleanValue ()Z
    ISTORE 3
   L1
    LDC -2147483637
    ALOAD 0
    ALOAD 1
    INVOKESTATIC org/evosuite/testcarver/capture/Capturer.enable (ILjava/lang/Object;Ljava/lang/Object;)V
    ILOAD 3
    IRETURN
   L2
   FRAME FULL [com/examples/with/different/packagename/testcarver/Simple java/lang/Boolean] [java/lang/Throwable]
    ASTORE 2
    LDC -2147483637
    ALOAD 0
    ALOAD 1
    INVOKESTATIC org/evosuite/testcarver/capture/Capturer.enable (ILjava/lang/Object;Ljava/lang/Object;)V
    ALOAD 2
    ATHROW
    MAXSTACK = 7
    MAXLOCALS = 0

  // access flags 0x1
  public sameValues(II)Z
    TRYCATCHBLOCK L0 L1 L2 java/lang/Throwable
    ACONST_NULL
    ASTORE 3
   L0
    LDC -2147483636
    ALOAD 0
    LDC "sameValues"
    LDC "(II)Z"
    BIPUSH 2
    ANEWARRAY java/lang/Object
    DUP
    BIPUSH 0
    ILOAD 1
    INVOKESTATIC java/lang/Integer.valueOf (I)Ljava/lang/Integer;
    AASTORE
    DUP
    BIPUSH 1
    ILOAD 2
    INVOKESTATIC java/lang/Integer.valueOf (I)Ljava/lang/Integer;
    AASTORE
    INVOKESTATIC org/evosuite/testcarver/capture/Capturer.capture (ILjava/lang/Object;Ljava/lang/String;Ljava/lang/String;[Ljava/lang/Object;)V
    ALOAD 0
    ILOAD 1
    ILOAD 2
    INVOKEVIRTUAL com/examples/with/different/packagename/testcarver/Simple._sw_prototype_original_sameValues (II)Z
    INVOKESTATIC java/lang/Boolean.valueOf (Z)Ljava/lang/Boolean;
    ASTORE 3
    ALOAD 3
    INVOKEVIRTUAL java/lang/Boolean.booleanValue ()Z
    ISTORE 5
   L1
    LDC -2147483636
    ALOAD 0
    ALOAD 3
    INVOKESTATIC org/evosuite/testcarver/capture/Capturer.enable (ILjava/lang/Object;Ljava/lang/Object;)V
    ILOAD 5
    IRETURN
   L2
   FRAME FULL [com/examples/with/different/packagename/testcarver/Simple java/lang/Boolean] [java/lang/Throwable]
    ASTORE 4
    LDC -2147483636
    ALOAD 0
    ALOAD 3
    INVOKESTATIC org/evosuite/testcarver/capture/Capturer.enable (ILjava/lang/Object;Ljava/lang/Object;)V
    ALOAD 4
    ATHROW
    MAXSTACK = 6
    MAXLOCALS = 0
}
INFO  org.evosuite.testcarver.extraction.CarvingClassLoader - Keeping class: com.examples.with.different.packagename.testcarver.Simple
INFO  org.evosuite.testcarver.extraction.CarvingClassLoader - Seeing class for first time: com.examples.with.different.packagename.testcarver.SimpleTest
WARN  org.evosuite.testcarver.extraction.CarvingClassLoader - Instrumenting class 'com.examples.with.different.packagename.testcarver.SimpleTest'.
INFO  org.evosuite.testcarver.instrument.Instrumenter - Checking package com.examples.with.different.packagename.testcarver for class com/examples/with/different/packagename/testcarver/SimpleTest
// class version 52.0 (52)
// access flags 0x21
public class com/examples/with/different/packagename/testcarver/SimpleTest {

  // compiled from: SimpleTest.java

  // access flags 0x2
  private _sw_prototype_original_init_sw_prototype_original_()V
    ALOAD 0
    INVOKESTATIC org/evosuite/testcarver/capture/FieldRegistry.register (Ljava/lang/Object;)V
    RETURN
   L0
    LOCALVARIABLE this Lcom/examples/with/different/packagename/testcarver/SimpleTest; L1 L0 0
    MAXSTACK = 5
    MAXLOCALS = 1

  // access flags 0x2
  private _sw_prototype_original_actuallTest()V
   L0
    LINENUMBER 29 L0
    NEW com/examples/with/different/packagename/testcarver/Simple
    DUP
    INVOKESPECIAL com/examples/with/different/packagename/testcarver/Simple.<init> ()V
    ASTORE 1
   L1
    LINENUMBER 31 L1
    ALOAD 1
    INVOKEVIRTUAL com/examples/with/different/packagename/testcarver/Simple.incr ()Z
    ISTORE 2
   L2
    LINENUMBER 32 L2
    ILOAD 2
    INVOKESTATIC org/junit/Assert.assertFalse (Z)V
   L3
    LINENUMBER 34 L3
    ALOAD 1
    ICONST_2
    ICONST_4
    INVOKEVIRTUAL com/examples/with/different/packagename/testcarver/Simple.sameValues (II)Z
    ISTORE 3
   L4
    LINENUMBER 35 L4
    ILOAD 3
    INVOKESTATIC org/junit/Assert.assertFalse (Z)V
   L5
    LINENUMBER 37 L5
    ALOAD 1
    ICONST_5
    ICONST_5
    INVOKEVIRTUAL com/examples/with/different/packagename/testcarver/Simple.sameValues (II)Z
    ISTORE 4
   L6
    LINENUMBER 38 L6
    ILOAD 4
    INVOKESTATIC org/junit/Assert.assertTrue (Z)V
   L7
    LINENUMBER 39 L7
    RETURN
   L8
    LOCALVARIABLE this Lcom/examples/with/different/packagename/testcarver/SimpleTest; L0 L8 0
    LOCALVARIABLE sim Lcom/examples/with/different/packagename/testcarver/Simple; L1 L8 1
    LOCALVARIABLE b0 Z L2 L8 2
    LOCALVARIABLE b1 Z L4 L8 3
    LOCALVARIABLE b2 Z L6 L8 4
    MAXSTACK = 7
    MAXLOCALS = 5

  // access flags 0x2
  private _sw_prototype_original_thisIsNotATest()V
   L0
    LINENUMBER 43 L0
    NEW com/examples/with/different/packagename/testcarver/Simple
    DUP
    INVOKESPECIAL com/examples/with/different/packagename/testcarver/Simple.<init> ()V
    ASTORE 1
   L1
    LINENUMBER 44 L1
    RETURN
   L2
    LOCALVARIABLE this Lcom/examples/with/different/packagename/testcarver/SimpleTest; L0 L2 0
    LOCALVARIABLE sim Lcom/examples/with/different/packagename/testcarver/Simple; L1 L2 1
    MAXSTACK = 6
    MAXLOCALS = 2

  // access flags 0x1
  public <init>()V
    TRYCATCHBLOCK L0 L1 L1 java/lang/Throwable
   L2
    LINENUMBER 25 L2
    ALOAD 0
    INVOKESPECIAL java/lang/Object.<init> ()V
   L0
    LDC -2147483635
    ALOAD 0
    LDC "<init>"
    LDC "()V"
    BIPUSH 0
    ANEWARRAY java/lang/Object
    INVOKESTATIC org/evosuite/testcarver/capture/Capturer.capture (ILjava/lang/Object;Ljava/lang/String;Ljava/lang/String;[Ljava/lang/Object;)V
    ALOAD 0
    INVOKEVIRTUAL com/examples/with/different/packagename/testcarver/SimpleTest._sw_prototype_original_init_sw_prototype_original_ ()V
    GOTO L3
   L1
   FRAME SAME1 java/lang/Throwable
    ASTORE 1
    LDC -2147483635
    ALOAD 0
    GETSTATIC org/evosuite/testcarver/capture/CaptureLog.RETURN_TYPE_VOID : Ljava/lang/Object;
    INVOKESTATIC org/evosuite/testcarver/capture/Capturer.enable (ILjava/lang/Object;Ljava/lang/Object;)V
    ALOAD 1
    ATHROW
   L3
   FRAME SAME
    LDC -2147483635
    ALOAD 0
    GETSTATIC org/evosuite/testcarver/capture/CaptureLog.RETURN_TYPE_VOID : Ljava/lang/Object;
    INVOKESTATIC org/evosuite/testcarver/capture/Capturer.enable (ILjava/lang/Object;Ljava/lang/Object;)V
    RETURN
    MAXSTACK = 5
    MAXLOCALS = 0

  // access flags 0x1
  public actuallTest()V
  @Lorg/junit/Test;()
    TRYCATCHBLOCK L0 L1 L1 java/lang/Throwable
   L0
    LDC -2147483634
    ALOAD 0
    LDC "actuallTest"
    LDC "()V"
    BIPUSH 0
    ANEWARRAY java/lang/Object
    INVOKESTATIC org/evosuite/testcarver/capture/Capturer.capture (ILjava/lang/Object;Ljava/lang/String;Ljava/lang/String;[Ljava/lang/Object;)V
    ALOAD 0
    INVOKEVIRTUAL com/examples/with/different/packagename/testcarver/SimpleTest._sw_prototype_original_actuallTest ()V
    GOTO L2
   L1
   FRAME SAME1 java/lang/Throwable
    ASTORE 1
    LDC -2147483634
    ALOAD 0
    GETSTATIC org/evosuite/testcarver/capture/CaptureLog.RETURN_TYPE_VOID : Ljava/lang/Object;
    INVOKESTATIC org/evosuite/testcarver/capture/Capturer.enable (ILjava/lang/Object;Ljava/lang/Object;)V
    ALOAD 1
    ATHROW
   L2
   FRAME SAME
    LDC -2147483634
    ALOAD 0
    GETSTATIC org/evosuite/testcarver/capture/CaptureLog.RETURN_TYPE_VOID : Ljava/lang/Object;
    INVOKESTATIC org/evosuite/testcarver/capture/Capturer.enable (ILjava/lang/Object;Ljava/lang/Object;)V
    RETURN
    MAXSTACK = 7
    MAXLOCALS = 0

  // access flags 0x1
  public thisIsNotATest()V
    TRYCATCHBLOCK L0 L1 L1 java/lang/Throwable
   L0
    LDC -2147483633
    ALOAD 0
    LDC "thisIsNotATest"
    LDC "()V"
    BIPUSH 0
    ANEWARRAY java/lang/Object
    INVOKESTATIC org/evosuite/testcarver/capture/Capturer.capture (ILjava/lang/Object;Ljava/lang/String;Ljava/lang/String;[Ljava/lang/Object;)V
    ALOAD 0
    INVOKEVIRTUAL com/examples/with/different/packagename/testcarver/SimpleTest._sw_prototype_original_thisIsNotATest ()V
    GOTO L2
   L1
   FRAME SAME1 java/lang/Throwable
    ASTORE 1
    LDC -2147483633
    ALOAD 0
    GETSTATIC org/evosuite/testcarver/capture/CaptureLog.RETURN_TYPE_VOID : Ljava/lang/Object;
    INVOKESTATIC org/evosuite/testcarver/capture/Capturer.enable (ILjava/lang/Object;Ljava/lang/Object;)V
    ALOAD 1
    ATHROW
   L2
   FRAME SAME
    LDC -2147483633
    ALOAD 0
    GETSTATIC org/evosuite/testcarver/capture/CaptureLog.RETURN_TYPE_VOID : Ljava/lang/Object;
    INVOKESTATIC org/evosuite/testcarver/capture/Capturer.enable (ILjava/lang/Object;Ljava/lang/Object;)V
    RETURN
    MAXSTACK = 6
    MAXLOCALS = 0
}
INFO  org.evosuite.testcarver.extraction.CarvingClassLoader - Keeping class: com.examples.with.different.packagename.testcarver.SimpleTest
INFO  org.evosuite.testcarver.extraction.CarvingRunListener - Not yet reached maximum time to carve unit tests - executing test with carver
INFO  org.evosuite.testcarver.capture.Capturer - Starting Capturer...
INFO  org.evosuite.testcarver.capture.Capturer - Capturer has been started successfully
INFO  org.evosuite.testcarver.capture.Capturer - Stopping Capturer...
INFO  org.evosuite.testcarver.capture.Capturer - Capturer has been stopped successfully
INFO  evo_logger -  - Carving test com.examples.with.different.packagename.testcarver.SimpleTest.actuallTest
INFO  org.evosuite.testcarver.extraction.CarvingRunListener - Carved test of length 7
INFO  org.evosuite.utils.generic.GenericTypeInference - Type map empty
INFO  org.evosuite.testcarver.extraction.CarvingManager - Result: 0/1
INFO  org.evosuite.testcase.execution.TestCaseExecutor - No stalled threads
INFO  org.evosuite.testcarver.extraction.CarvingManager - Adding carved test without exception
INFO  org.evosuite.testcarver.extraction.CarvingManager - Simple simple0 = new Simple();
simple0.incr();
int int0 = 2;
int int1 = 4;
simple0.sameValues(int0, int1);
int int2 = 5;
simple0.sameValues(int2, int2);

INFO  evo_logger -  -> Carved 1 tests for class class com.examples.with.different.packagename.testcarver.Simple from existing JUnit tests
INFO  evo_logger - * Using 1 carved tests from existing JUnit tests for seeding
INFO  org.evosuite.coverage.branch.BranchPool - Found matching class for branch count: com.examples.with.different.packagename.testcarver.Simple/com.examples.with.different.packagename.testcarver.Simple
INFO  org.evosuite.coverage.branch.BranchCoverageSuiteFitness - Total branch coverage goals: 5
INFO  org.evosuite.coverage.branch.BranchCoverageSuiteFitness - Total branches: 2
INFO  org.evosuite.coverage.branch.BranchCoverageSuiteFitness - Total branchless methods: 1
INFO  org.evosuite.coverage.branch.BranchCoverageSuiteFitness - Total methods: 3: [com.examples.with.different.packagename.testcarver.Simple.incr()Z, com.examples.with.different.packagename.testcarver.Simple.<init>()V, com.examples.with.different.packagename.testcarver.Simple.sameValues(II)Z]
INFO  org.evosuite.coverage.branch.BranchCoverageSuiteFitness - (Branches) Best individual covers 3/4 branches and 3/3 methods
INFO  org.evosuite.coverage.branch.BranchCoverageSuiteFitness - Fitness: 1.0, size: 1, length: 7
INFO  org.evosuite.coverage.branch.BranchCoverageSuiteFitness - (Methods) Best individual covers 3/4 branches and 3/3 methods
INFO  org.evosuite.coverage.branch.BranchCoverageSuiteFitness - Fitness: 1.0, size: 1, length: 7
INFO  org.evosuite.coverage.branch.BranchCoverageSuiteFitness - (Fitness) Best individual covers 3/4 branches and 3/3 methods
INFO  org.evosuite.coverage.branch.BranchCoverageSuiteFitness - Fitness: 1.0, size: 1, length: 7
INFO  org.evosuite.testcase.factories.JUnitTestCarvedChromosomeFactory - Cloning user test
INFO  org.evosuite.TestGenerationContext - *** Resetting context
INFO  org.evosuite.testcase.execution.TestCaseExecutor - TestCaseExecutor instance is non-null, but its actual executor is null
INFO  org.evosuite.TestGenerationContext - *** Resetting context
INFO  org.evosuite.testcase.execution.TestCaseExecutor - TestCaseExecutor instance is non-null, but its actual executor is null
INFO  org.evosuite.instrumentation.InstrumentingClassLoader - Seeing class for first time: com.examples.with.different.packagename.testcarver.ClassWithPublicField
INFO  org.evosuite.instrumentation.BytecodeInstrumentation - Starting transformation of com/examples/with/different/packagename/testcarver/ClassWithPublicField
INFO  org.evosuite.instrumentation.testability.StringTransformation - Current method: <init>
INFO  org.evosuite.instrumentation.testability.StringTransformation - Current method: testMe
INFO  org.evosuite.runtime.instrumentation.MethodCallReplacementClassAdapter - Adding mock interface to class com/examples/with/different/packagename/testcarver/ClassWithPublicField
INFO  org.evosuite.graphs.cfg.CFGClassAdapter - Analyzing CFG of com/examples/with/different/packagename/testcarver/ClassWithPublicField
INFO  org.evosuite.graphs.cfg.CFGMethodAdapter - Analyzing method <init>()V in class com.examples.with.different.packagename.testcarver.ClassWithPublicField
INFO  org.evosuite.graphs.cfg.CFGMethodAdapter - Generating CFG for method <init>()V
INFO  org.evosuite.graphs.cfg.RawControlFlowGraph - Creating new RawCFG for com.examples.with.different.packagename.testcarver.ClassWithPublicField.<init>()V: 0
INFO  org.evosuite.graphs.cfg.CFGMethodAdapter - Created CFG for method <init>()V
INFO  org.evosuite.graphs.cfg.CFGMethodAdapter - Instrumenting method <init>()V in class com.examples.with.different.packagename.testcarver.ClassWithPublicField
INFO  org.evosuite.graphs.cfg.CFGClassAdapter - Analyzing CFG of com/examples/with/different/packagename/testcarver/ClassWithPublicField
INFO  org.evosuite.graphs.cfg.CFGMethodAdapter - Analyzing method testMe(Ljava/util/Locale;)Z in class com.examples.with.different.packagename.testcarver.ClassWithPublicField
INFO  org.evosuite.graphs.cfg.CFGMethodAdapter - Generating CFG for method testMe(Ljava/util/Locale;)Z
INFO  org.evosuite.graphs.cfg.RawControlFlowGraph - Creating new RawCFG for com.examples.with.different.packagename.testcarver.ClassWithPublicField.testMe(Ljava/util/Locale;)Z: 0
INFO  org.evosuite.coverage.branch.BranchPool - Adding to map the branch I6 Branch 1 IFEQ L29
INFO  org.evosuite.coverage.branch.BranchPool - Branch 1 at line 29
INFO  org.evosuite.graphs.cfg.CFGMethodAdapter - Created CFG for method testMe(Ljava/util/Locale;)Z
INFO  org.evosuite.graphs.cfg.CFGMethodAdapter - Instrumenting method testMe(Ljava/util/Locale;)Z in class com.examples.with.different.packagename.testcarver.ClassWithPublicField
INFO  org.evosuite.runtime.instrumentation.CreateClassResetClassAdapter - Creating brand-new static initializer in class com/examples/with/different/packagename/testcarver/ClassWithPublicField
INFO  org.evosuite.instrumentation.InstrumentingClassLoader - Loaded class: com.examples.with.different.packagename.testcarver.ClassWithPublicField
INFO  evo_logger - * Executing tests from 1 test class for carving
INFO  org.evosuite.testcarver.extraction.CarvingClassLoader - Seeing class for first time: com.examples.with.different.packagename.testcarver.ClassWithPublicField
WARN  org.evosuite.testcarver.extraction.CarvingClassLoader - Instrumenting class 'com.examples.with.different.packagename.testcarver.ClassWithPublicField'.
INFO  org.evosuite.testcarver.instrument.Instrumenter - Checking package com.examples.with.different.packagename.testcarver for class com/examples/with/different/packagename/testcarver/ClassWithPublicField
// class version 52.0 (52)
// access flags 0x21
public class com/examples/with/different/packagename/testcarver/ClassWithPublicField {

  // compiled from: ClassWithPublicField.java

  // access flags 0x1
  public Ljava/util/Locale; x

  // access flags 0x2
  private _sw_prototype_original_init_sw_prototype_original_()V
    ALOAD 0
    INVOKESTATIC org/evosuite/testcarver/capture/FieldRegistry.register (Ljava/lang/Object;)V
   L0
    LINENUMBER 26 L0
    ALOAD 0
    GETSTATIC java/util/Locale.CHINESE : Ljava/util/Locale;
    ACONST_NULL
    LDC -2147483642
    LDC "java/util/Locale"
    LDC "CHINESE"
    LDC "Ljava/util/Locale;"
    INVOKESTATIC org/evosuite/testcarver/capture/FieldRegistry.notifyReadAccess (Ljava/lang/Object;ILjava/lang/String;Ljava/lang/String;Ljava/lang/String;)V
    DUP2
    PUTFIELD com/examples/with/different/packagename/testcarver/ClassWithPublicField.x : Ljava/util/Locale;
    POP
    LDC -2147483644
    LDC "com/examples/with/different/packagename/testcarver/ClassWithPublicField"
    LDC "x"
    LDC "Ljava/util/Locale;"
    INVOKESTATIC org/evosuite/testcarver/capture/FieldRegistry.notifyModification (Ljava/lang/Object;ILjava/lang/String;Ljava/lang/String;Ljava/lang/String;)V
    RETURN
   L1
    LOCALVARIABLE this Lcom/examples/with/different/packagename/testcarver/ClassWithPublicField; L2 L1 0
    MAXSTACK = 6
    MAXLOCALS = 1

  // access flags 0x2
  private _sw_prototype_original_testMe(Ljava/util/Locale;)Z
   L0
    LINENUMBER 29 L0
    ALOAD 1
    ALOAD 0
    DUP
    GETFIELD com/examples/with/different/packagename/testcarver/ClassWithPublicField.x : Ljava/util/Locale;
    SWAP
    LDC -2147483640
    LDC "com/examples/with/different/packagename/testcarver/ClassWithPublicField"
    LDC "x"
    LDC "Ljava/util/Locale;"
    INVOKESTATIC org/evosuite/testcarver/capture/FieldRegistry.notifyReadAccess (Ljava/lang/Object;ILjava/lang/String;Ljava/lang/String;Ljava/lang/String;)V
    INVOKEVIRTUAL java/util/Locale.equals (Ljava/lang/Object;)Z
    IFEQ L1
   L2
    LINENUMBER 30 L2
    ICONST_1
    IRETURN
   L1
    LINENUMBER 32 L1
    ICONST_0
    IRETURN
   L3
    LOCALVARIABLE this Lcom/examples/with/different/packagename/testcarver/ClassWithPublicField; L0 L3 0
    LOCALVARIABLE other Ljava/util/Locale; L0 L3 1
    MAXSTACK = 6
    MAXLOCALS = 2

  // access flags 0x1
  public <init>()V
    TRYCATCHBLOCK L0 L1 L1 java/lang/Throwable
   L2
    LINENUMBER 24 L2
    ALOAD 0
    INVOKESPECIAL java/lang/Object.<init> ()V
   L0
    LDC -2147483641
    ALOAD 0
    LDC "<init>"
    LDC "()V"
    BIPUSH 0
    ANEWARRAY java/lang/Object
    INVOKESTATIC org/evosuite/testcarver/capture/Capturer.capture (ILjava/lang/Object;Ljava/lang/String;Ljava/lang/String;[Ljava/lang/Object;)V
    ALOAD 0
    INVOKEVIRTUAL com/examples/with/different/packagename/testcarver/ClassWithPublicField._sw_prototype_original_init_sw_prototype_original_ ()V
    GOTO L3
   L1
   FRAME SAME1 java/lang/Throwable
    ASTORE 1
    LDC -2147483641
    ALOAD 0
    GETSTATIC org/evosuite/testcarver/capture/CaptureLog.RETURN_TYPE_VOID : Ljava/lang/Object;
    INVOKESTATIC org/evosuite/testcarver/capture/Capturer.enable (ILjava/lang/Object;Ljava/lang/Object;)V
    ALOAD 1
    ATHROW
   L3
   FRAME SAME
    LDC -2147483641
    ALOAD 0
    GETSTATIC org/evosuite/testcarver/capture/CaptureLog.RETURN_TYPE_VOID : Ljava/lang/Object;
    INVOKESTATIC org/evosuite/testcarver/capture/Capturer.enable (ILjava/lang/Object;Ljava/lang/Object;)V
    RETURN
    MAXSTACK = 6
    MAXLOCALS = 0

  // access flags 0x1
  public testMe(Ljava/util/Locale;)Z
    TRYCATCHBLOCK L0 L1 L2 java/lang/Throwable
    ACONST_NULL
    ASTORE 2
   L0
    LDC -2147483639
    ALOAD 0
    LDC "testMe"
    LDC "(Ljava/util/Locale;)Z"
    BIPUSH 1
    ANEWARRAY java/lang/Object
    DUP
    BIPUSH 0
    ALOAD 1
    AASTORE
    INVOKESTATIC org/evosuite/testcarver/capture/Capturer.capture (ILjava/lang/Object;Ljava/lang/String;Ljava/lang/String;[Ljava/lang/Object;)V
    ALOAD 0
    ALOAD 1
    INVOKEVIRTUAL com/examples/with/different/packagename/testcarver/ClassWithPublicField._sw_prototype_original_testMe (Ljava/util/Locale;)Z
    INVOKESTATIC java/lang/Boolean.valueOf (Z)Ljava/lang/Boolean;
    ASTORE 2
    ALOAD 2
    INVOKEVIRTUAL java/lang/Boolean.booleanValue ()Z
    ISTORE 4
   L1
    LDC -2147483639
    ALOAD 0
    ALOAD 2
    INVOKESTATIC org/evosuite/testcarver/capture/Capturer.enable (ILjava/lang/Object;Ljava/lang/Object;)V
    ILOAD 4
    IRETURN
   L2
   FRAME FULL [com/examples/with/different/packagename/testcarver/ClassWithPublicField java/lang/Boolean] [java/lang/Throwable]
    ASTORE 3
    LDC -2147483639
    ALOAD 0
    ALOAD 2
    INVOKESTATIC org/evosuite/testcarver/capture/Capturer.enable (ILjava/lang/Object;Ljava/lang/Object;)V
    ALOAD 3
    ATHROW
    MAXSTACK = 6
    MAXLOCALS = 0
}
INFO  org.evosuite.testcarver.extraction.CarvingClassLoader - Keeping class: com.examples.with.different.packagename.testcarver.ClassWithPublicField
INFO  org.evosuite.testcarver.extraction.CarvingClassLoader - Seeing class for first time: com.examples.with.different.packagename.testcarver.ClassWithPublicFieldWritingTestCase
WARN  org.evosuite.testcarver.extraction.CarvingClassLoader - Instrumenting class 'com.examples.with.different.packagename.testcarver.ClassWithPublicFieldWritingTestCase'.
INFO  org.evosuite.testcarver.instrument.Instrumenter - Checking package com.examples.with.different.packagename.testcarver for class com/examples/with/different/packagename/testcarver/ClassWithPublicFieldWritingTestCase
// class version 52.0 (52)
// access flags 0x21
public class com/examples/with/different/packagename/testcarver/ClassWithPublicFieldWritingTestCase {

  // compiled from: ClassWithPublicFieldWritingTestCase.java

  // access flags 0x2
  private _sw_prototype_original_init_sw_prototype_original_()V
    ALOAD 0
    INVOKESTATIC org/evosuite/testcarver/capture/FieldRegistry.register (Ljava/lang/Object;)V
    RETURN
   L0
    LOCALVARIABLE this Lcom/examples/with/different/packagename/testcarver/ClassWithPublicFieldWritingTestCase; L1 L0 0
    MAXSTACK = 5
    MAXLOCALS = 1

  // access flags 0x2
  private _sw_prototype_original_test()V
   L0
    LINENUMBER 31 L0
    NEW com/examples/with/different/packagename/testcarver/ClassWithPublicField
    DUP
    INVOKESPECIAL com/examples/with/different/packagename/testcarver/ClassWithPublicField.<init> ()V
    ASTORE 1
   L1
    LINENUMBER 32 L1
    ALOAD 1
    GETSTATIC java/util/Locale.ENGLISH : Ljava/util/Locale;
    ACONST_NULL
    LDC -2147483633
    LDC "java/util/Locale"
    LDC "ENGLISH"
    LDC "Ljava/util/Locale;"
    INVOKESTATIC org/evosuite/testcarver/capture/FieldRegistry.notifyReadAccess (Ljava/lang/Object;ILjava/lang/String;Ljava/lang/String;Ljava/lang/String;)V
    DUP2
    PUTFIELD com/examples/with/different/packagename/testcarver/ClassWithPublicField.x : Ljava/util/Locale;
    POP
    LDC -2147483637
    LDC "com/examples/with/different/packagename/testcarver/ClassWithPublicField"
    LDC "x"
    LDC "Ljava/util/Locale;"
    INVOKESTATIC org/evosuite/testcarver/capture/FieldRegistry.notifyModification (Ljava/lang/Object;ILjava/lang/String;Ljava/lang/String;Ljava/lang/String;)V
   L2
    LINENUMBER 33 L2
    ALOAD 1
    GETSTATIC java/util/Locale.FRANCE : Ljava/util/Locale;
    ACONST_NULL
    LDC -2147483632
    LDC "java/util/Locale"
    LDC "FRANCE"
    LDC "Ljava/util/Locale;"
    INVOKESTATIC org/evosuite/testcarver/capture/FieldRegistry.notifyReadAccess (Ljava/lang/Object;ILjava/lang/String;Ljava/lang/String;Ljava/lang/String;)V
    INVOKEVIRTUAL com/examples/with/different/packagename/testcarver/ClassWithPublicField.testMe (Ljava/util/Locale;)Z
    INVOKESTATIC org/junit/Assert.assertFalse (Z)V
   L3
    LINENUMBER 34 L3
    ALOAD 1
    GETSTATIC java/util/Locale.GERMAN : Ljava/util/Locale;
    ACONST_NULL
    LDC -2147483631
    LDC "java/util/Locale"
    LDC "GERMAN"
    LDC "Ljava/util/Locale;"
    INVOKESTATIC org/evosuite/testcarver/capture/FieldRegistry.notifyReadAccess (Ljava/lang/Object;ILjava/lang/String;Ljava/lang/String;Ljava/lang/String;)V
    DUP2
    PUTFIELD com/examples/with/different/packagename/testcarver/ClassWithPublicField.x : Ljava/util/Locale;
    POP
    LDC -2147483635
    LDC "com/examples/with/different/packagename/testcarver/ClassWithPublicField"
    LDC "x"
    LDC "Ljava/util/Locale;"
    INVOKESTATIC org/evosuite/testcarver/capture/FieldRegistry.notifyModification (Ljava/lang/Object;ILjava/lang/String;Ljava/lang/String;Ljava/lang/String;)V
   L4
    LINENUMBER 35 L4
    ALOAD 1
    GETSTATIC java/util/Locale.GERMAN : Ljava/util/Locale;
    ACONST_NULL
    LDC -2147483630
    LDC "java/util/Locale"
    LDC "GERMAN"
    LDC "Ljava/util/Locale;"
    INVOKESTATIC org/evosuite/testcarver/capture/FieldRegistry.notifyReadAccess (Ljava/lang/Object;ILjava/lang/String;Ljava/lang/String;Ljava/lang/String;)V
    INVOKEVIRTUAL com/examples/with/different/packagename/testcarver/ClassWithPublicField.testMe (Ljava/util/Locale;)Z
    INVOKESTATIC org/junit/Assert.assertTrue (Z)V
   L5
    LINENUMBER 36 L5
    RETURN
   L6
    LOCALVARIABLE this Lcom/examples/with/different/packagename/testcarver/ClassWithPublicFieldWritingTestCase; L0 L6 0
    LOCALVARIABLE x Lcom/examples/with/different/packagename/testcarver/ClassWithPublicField; L1 L6 1
    MAXSTACK = 6
    MAXLOCALS = 2

  // access flags 0x1
  public <init>()V
    TRYCATCHBLOCK L0 L1 L1 java/lang/Throwable
   L2
    LINENUMBER 27 L2
    ALOAD 0
    INVOKESPECIAL java/lang/Object.<init> ()V
   L0
    LDC -2147483638
    ALOAD 0
    LDC "<init>"
    LDC "()V"
    BIPUSH 0
    ANEWARRAY java/lang/Object
    INVOKESTATIC org/evosuite/testcarver/capture/Capturer.capture (ILjava/lang/Object;Ljava/lang/String;Ljava/lang/String;[Ljava/lang/Object;)V
    ALOAD 0
    INVOKEVIRTUAL com/examples/with/different/packagename/testcarver/ClassWithPublicFieldWritingTestCase._sw_prototype_original_init_sw_prototype_original_ ()V
    GOTO L3
   L1
   FRAME SAME1 java/lang/Throwable
    ASTORE 1
    LDC -2147483638
    ALOAD 0
    GETSTATIC org/evosuite/testcarver/capture/CaptureLog.RETURN_TYPE_VOID : Ljava/lang/Object;
    INVOKESTATIC org/evosuite/testcarver/capture/Capturer.enable (ILjava/lang/Object;Ljava/lang/Object;)V
    ALOAD 1
    ATHROW
   L3
   FRAME SAME
    LDC -2147483638
    ALOAD 0
    GETSTATIC org/evosuite/testcarver/capture/CaptureLog.RETURN_TYPE_VOID : Ljava/lang/Object;
    INVOKESTATIC org/evosuite/testcarver/capture/Capturer.enable (ILjava/lang/Object;Ljava/lang/Object;)V
    RETURN
    MAXSTACK = 5
    MAXLOCALS = 0

  // access flags 0x1
  public test()V
  @Lorg/junit/Test;()
    TRYCATCHBLOCK L0 L1 L1 java/lang/Throwable
   L0
    LDC -2147483629
    ALOAD 0
    LDC "test"
    LDC "()V"
    BIPUSH 0
    ANEWARRAY java/lang/Object
    INVOKESTATIC org/evosuite/testcarver/capture/Capturer.capture (ILjava/lang/Object;Ljava/lang/String;Ljava/lang/String;[Ljava/lang/Object;)V
    ALOAD 0
    INVOKEVIRTUAL com/examples/with/different/packagename/testcarver/ClassWithPublicFieldWritingTestCase._sw_prototype_original_test ()V
    GOTO L2
   L1
   FRAME SAME1 java/lang/Throwable
    ASTORE 1
    LDC -2147483629
    ALOAD 0
    GETSTATIC org/evosuite/testcarver/capture/CaptureLog.RETURN_TYPE_VOID : Ljava/lang/Object;
    INVOKESTATIC org/evosuite/testcarver/capture/Capturer.enable (ILjava/lang/Object;Ljava/lang/Object;)V
    ALOAD 1
    ATHROW
   L2
   FRAME SAME
    LDC -2147483629
    ALOAD 0
    GETSTATIC org/evosuite/testcarver/capture/CaptureLog.RETURN_TYPE_VOID : Ljava/lang/Object;
    INVOKESTATIC org/evosuite/testcarver/capture/Capturer.enable (ILjava/lang/Object;Ljava/lang/Object;)V
    RETURN
    MAXSTACK = 6
    MAXLOCALS = 0
}
INFO  org.evosuite.testcarver.extraction.CarvingClassLoader - Keeping class: com.examples.with.different.packagename.testcarver.ClassWithPublicFieldWritingTestCase
INFO  org.evosuite.testcarver.extraction.CarvingRunListener - Not yet reached maximum time to carve unit tests - executing test with carver
INFO  org.evosuite.testcarver.capture.Capturer - Starting Capturer...
INFO  org.evosuite.testcarver.capture.Capturer - Capturer has been started successfully
INFO  org.evosuite.testcarver.capture.Capturer - Stopping Capturer...
INFO  org.evosuite.testcarver.capture.Capturer - Capturer has been stopped successfully
INFO  evo_logger -  - Carving test com.examples.with.different.packagename.testcarver.ClassWithPublicFieldWritingTestCase.test
INFO  org.evosuite.testcarver.extraction.CarvingRunListener - Carved test of length 10
INFO  org.evosuite.utils.generic.GenericTypeInference - Type map empty
INFO  org.evosuite.testcarver.extraction.CarvingManager - Result: 0/1
INFO  org.evosuite.testcase.execution.TestCaseExecutor - No stalled threads
INFO  org.evosuite.testcarver.extraction.CarvingManager - Adding carved test without exception
INFO  org.evosuite.testcarver.extraction.CarvingManager - ClassWithPublicField classWithPublicField0 = new ClassWithPublicField();
Locale locale0 = Locale.CHINESE;
Class<Locale> class0 = Locale.class;
Locale locale1 = Locale.ENGLISH;
classWithPublicField0.x = locale1;
Locale locale2 = Locale.FRANCE;
classWithPublicField0.testMe(locale2);
Locale locale3 = Locale.GERMAN;
classWithPublicField0.x = locale3;
classWithPublicField0.testMe(classWithPublicField0.x);

INFO  evo_logger -  -> Carved 1 tests for class class com.examples.with.different.packagename.testcarver.ClassWithPublicField from existing JUnit tests
INFO  evo_logger - * Using 1 carved tests from existing JUnit tests for seeding
INFO  org.evosuite.coverage.branch.BranchPool - Found matching class for branch count: com.examples.with.different.packagename.testcarver.ClassWithPublicField/com.examples.with.different.packagename.testcarver.ClassWithPublicField
INFO  org.evosuite.coverage.branch.BranchCoverageSuiteFitness - Total branch coverage goals: 3
INFO  org.evosuite.coverage.branch.BranchCoverageSuiteFitness - Total branches: 1
INFO  org.evosuite.coverage.branch.BranchCoverageSuiteFitness - Total branchless methods: 1
INFO  org.evosuite.coverage.branch.BranchCoverageSuiteFitness - Total methods: 2: [com.examples.with.different.packagename.testcarver.ClassWithPublicField.testMe(Ljava/util/Locale;)Z, com.examples.with.different.packagename.testcarver.ClassWithPublicField.<init>()V]
INFO  org.evosuite.coverage.branch.BranchCoverageSuiteFitness - (Branches) Best individual covers 2/2 branches and 2/2 methods
INFO  org.evosuite.coverage.branch.BranchCoverageSuiteFitness - Fitness: 0.0, size: 1, length: 10
INFO  org.evosuite.coverage.branch.BranchCoverageSuiteFitness - (Methods) Best individual covers 2/2 branches and 2/2 methods
INFO  org.evosuite.coverage.branch.BranchCoverageSuiteFitness - Fitness: 0.0, size: 1, length: 10
INFO  org.evosuite.coverage.branch.BranchCoverageSuiteFitness - (Fitness) Best individual covers 2/2 branches and 2/2 methods
INFO  org.evosuite.coverage.branch.BranchCoverageSuiteFitness - Fitness: 0.0, size: 1, length: 10
INFO  org.evosuite.testcase.factories.JUnitTestCarvedChromosomeFactory - Cloning user test
ClassWithPublicField classWithPublicField0 = new ClassWithPublicField();
Locale locale0 = Locale.CHINESE;
Class<Locale> class0 = Locale.class;
Locale locale1 = Locale.ENGLISH;
classWithPublicField0.x = locale1;
Locale locale2 = Locale.FRANCE;
classWithPublicField0.testMe(locale2);
Locale locale3 = Locale.GERMAN;
classWithPublicField0.x = locale3;
classWithPublicField0.testMe(classWithPublicField0.x);

INFO  org.evosuite.TestGenerationContext - *** Resetting context
INFO  org.evosuite.testcase.execution.TestCaseExecutor - TestCaseExecutor instance is non-null, but its actual executor is null
INFO  org.evosuite.TestGenerationContext - *** Resetting context
INFO  org.evosuite.testcase.execution.TestCaseExecutor - TestCaseExecutor instance is non-null, but its actual executor is null
INFO  org.evosuite.instrumentation.InstrumentingClassLoader - Seeing class for first time: com.examples.with.different.packagename.testcarver.GenericObjectWrapperWithList
INFO  org.evosuite.instrumentation.BytecodeInstrumentation - Starting transformation of com/examples/with/different/packagename/testcarver/GenericObjectWrapperWithList
INFO  org.evosuite.instrumentation.testability.StringTransformation - Current method: <init>
INFO  org.evosuite.instrumentation.testability.StringTransformation - Current method: add
INFO  org.evosuite.instrumentation.testability.StringTransformation - Current method: getList
INFO  org.evosuite.instrumentation.testability.StringTransformation - Current method: setList
INFO  org.evosuite.runtime.instrumentation.MethodCallReplacementClassAdapter - Adding mock interface to class com/examples/with/different/packagename/testcarver/GenericObjectWrapperWithList
INFO  org.evosuite.graphs.cfg.CFGClassAdapter - Analyzing CFG of com/examples/with/different/packagename/testcarver/GenericObjectWrapperWithList
INFO  org.evosuite.graphs.cfg.CFGMethodAdapter - Analyzing method <init>()V in class com.examples.with.different.packagename.testcarver.GenericObjectWrapperWithList
INFO  org.evosuite.graphs.cfg.CFGMethodAdapter - Generating CFG for method <init>()V
INFO  org.evosuite.graphs.cfg.RawControlFlowGraph - Creating new RawCFG for com.examples.with.different.packagename.testcarver.GenericObjectWrapperWithList.<init>()V: 0
INFO  org.evosuite.graphs.cfg.CFGMethodAdapter - Created CFG for method <init>()V
INFO  org.evosuite.graphs.cfg.CFGMethodAdapter - Instrumenting method <init>()V in class com.examples.with.different.packagename.testcarver.GenericObjectWrapperWithList
INFO  org.evosuite.graphs.cfg.CFGClassAdapter - Analyzing CFG of com/examples/with/different/packagename/testcarver/GenericObjectWrapperWithList
INFO  org.evosuite.graphs.cfg.CFGMethodAdapter - Analyzing method add(Ljava/lang/Object;)V in class com.examples.with.different.packagename.testcarver.GenericObjectWrapperWithList
INFO  org.evosuite.graphs.cfg.CFGMethodAdapter - Generating CFG for method add(Ljava/lang/Object;)V
INFO  org.evosuite.graphs.cfg.RawControlFlowGraph - Creating new RawCFG for com.examples.with.different.packagename.testcarver.GenericObjectWrapperWithList.add(Ljava/lang/Object;)V: 0
INFO  org.evosuite.graphs.cfg.CFGMethodAdapter - Created CFG for method add(Ljava/lang/Object;)V
INFO  org.evosuite.graphs.cfg.CFGMethodAdapter - Instrumenting method add(Ljava/lang/Object;)V in class com.examples.with.different.packagename.testcarver.GenericObjectWrapperWithList
INFO  org.evosuite.graphs.cfg.CFGClassAdapter - Analyzing CFG of com/examples/with/different/packagename/testcarver/GenericObjectWrapperWithList
INFO  org.evosuite.graphs.cfg.CFGMethodAdapter - Analyzing method getList()Ljava/util/List; in class com.examples.with.different.packagename.testcarver.GenericObjectWrapperWithList
INFO  org.evosuite.graphs.cfg.CFGMethodAdapter - Generating CFG for method getList()Ljava/util/List;
INFO  org.evosuite.graphs.cfg.RawControlFlowGraph - Creating new RawCFG for com.examples.with.different.packagename.testcarver.GenericObjectWrapperWithList.getList()Ljava/util/List;: 0
INFO  org.evosuite.graphs.cfg.CFGMethodAdapter - Created CFG for method getList()Ljava/util/List;
INFO  org.evosuite.graphs.cfg.CFGMethodAdapter - Instrumenting method getList()Ljava/util/List; in class com.examples.with.different.packagename.testcarver.GenericObjectWrapperWithList
INFO  org.evosuite.graphs.cfg.CFGClassAdapter - Analyzing CFG of com/examples/with/different/packagename/testcarver/GenericObjectWrapperWithList
INFO  org.evosuite.graphs.cfg.CFGMethodAdapter - Analyzing method setList(Ljava/util/List;)V in class com.examples.with.different.packagename.testcarver.GenericObjectWrapperWithList
INFO  org.evosuite.graphs.cfg.CFGMethodAdapter - Generating CFG for method setList(Ljava/util/List;)V
INFO  org.evosuite.graphs.cfg.RawControlFlowGraph - Creating new RawCFG for com.examples.with.different.packagename.testcarver.GenericObjectWrapperWithList.setList(Ljava/util/List;)V: 0
INFO  org.evosuite.graphs.cfg.CFGMethodAdapter - Created CFG for method setList(Ljava/util/List;)V
INFO  org.evosuite.graphs.cfg.CFGMethodAdapter - Instrumenting method setList(Ljava/util/List;)V in class com.examples.with.different.packagename.testcarver.GenericObjectWrapperWithList
INFO  org.evosuite.runtime.instrumentation.CreateClassResetClassAdapter - Creating brand-new static initializer in class com/examples/with/different/packagename/testcarver/GenericObjectWrapperWithList
INFO  org.evosuite.instrumentation.InstrumentingClassLoader - Loaded class: com.examples.with.different.packagename.testcarver.GenericObjectWrapperWithList
INFO  evo_logger - * Executing tests from 1 test class for carving
INFO  org.evosuite.testcarver.extraction.CarvingClassLoader - Seeing class for first time: com.examples.with.different.packagename.testcarver.GenericObjectWrapperWithList
WARN  org.evosuite.testcarver.extraction.CarvingClassLoader - Instrumenting class 'com.examples.with.different.packagename.testcarver.GenericObjectWrapperWithList'.
INFO  org.evosuite.testcarver.instrument.Instrumenter - Checking package com.examples.with.different.packagename.testcarver for class com/examples/with/different/packagename/testcarver/GenericObjectWrapperWithList
// class version 52.0 (52)
// access flags 0x21
// signature <T:Ljava/lang/Object;>Ljava/lang/Object;
// declaration: com/examples/with/different/packagename/testcarver/GenericObjectWrapperWithList<T>
public class com/examples/with/different/packagename/testcarver/GenericObjectWrapperWithList {

  // compiled from: GenericObjectWrapperWithList.java

  // access flags 0x2
  // signature Ljava/util/List<TT;>;
  // declaration: list extends java.util.List<T>
  private Ljava/util/List; list

  // access flags 0x2
  private _sw_prototype_original_init_sw_prototype_original_()V
    ALOAD 0
    INVOKESTATIC org/evosuite/testcarver/capture/FieldRegistry.register (Ljava/lang/Object;)V
   L0
    LINENUMBER 31 L0
    ALOAD 0
    NEW java/util/ArrayList
    DUP
    INVOKESPECIAL java/util/ArrayList.<init> ()V
    DUP2
    PUTFIELD com/examples/with/different/packagename/testcarver/GenericObjectWrapperWithList.list : Ljava/util/List;
    POP
    LDC -2147483644
    LDC "com/examples/with/different/packagename/testcarver/GenericObjectWrapperWithList"
    LDC "list"
    LDC "Ljava/util/List;"
    INVOKESTATIC org/evosuite/testcarver/capture/FieldRegistry.notifyModification (Ljava/lang/Object;ILjava/lang/String;Ljava/lang/String;Ljava/lang/String;)V
    RETURN
   L1
    LOCALVARIABLE this Lcom/examples/with/different/packagename/testcarver/GenericObjectWrapperWithList; L2 L1 0
    // signature Lcom/examples/with/different/packagename/testcarver/GenericObjectWrapperWithList<TT;>;
    // declaration: this extends com.examples.with.different.packagename.testcarver.GenericObjectWrapperWithList<T>
    MAXSTACK = 7
    MAXLOCALS = 1

  // access flags 0x2
  // signature (TT;)V
  // declaration: void _sw_prototype_original_add(T)
  private _sw_prototype_original_add(Ljava/lang/Object;)V
   L0
    LINENUMBER 34 L0
    ALOAD 0
    DUP
    GETFIELD com/examples/with/different/packagename/testcarver/GenericObjectWrapperWithList.list : Ljava/util/List;
    SWAP
    LDC -2147483641
    LDC "com/examples/with/different/packagename/testcarver/GenericObjectWrapperWithList"
    LDC "list"
    LDC "Ljava/util/List;"
    INVOKESTATIC org/evosuite/testcarver/capture/FieldRegistry.notifyReadAccess (Ljava/lang/Object;ILjava/lang/String;Ljava/lang/String;Ljava/lang/String;)V
    ALOAD 1
    INVOKEINTERFACE java/util/List.add (Ljava/lang/Object;)Z (itf)
    POP
   L1
    LINENUMBER 35 L1
    RETURN
   L2
    LOCALVARIABLE this Lcom/examples/with/different/packagename/testcarver/GenericObjectWrapperWithList; L0 L2 0
    // signature Lcom/examples/with/different/packagename/testcarver/GenericObjectWrapperWithList<TT;>;
    // declaration: this extends com.examples.with.different.packagename.testcarver.GenericObjectWrapperWithList<T>
    LOCALVARIABLE obj Ljava/lang/Object; L0 L2 1
    // signature TT;
    // declaration: obj extends T
    MAXSTACK = 6
    MAXLOCALS = 2

  // access flags 0x2
  // signature ()Ljava/util/List<TT;>;
  // declaration: java.util.List<T> _sw_prototype_original_getList()
  private _sw_prototype_original_getList()Ljava/util/List;
   L0
    LINENUMBER 38 L0
    ALOAD 0
    DUP
    GETFIELD com/examples/with/different/packagename/testcarver/GenericObjectWrapperWithList.list : Ljava/util/List;
    SWAP
    LDC -2147483639
    LDC "com/examples/with/different/packagename/testcarver/GenericObjectWrapperWithList"
    LDC "list"
    LDC "Ljava/util/List;"
    INVOKESTATIC org/evosuite/testcarver/capture/FieldRegistry.notifyReadAccess (Ljava/lang/Object;ILjava/lang/String;Ljava/lang/String;Ljava/lang/String;)V
    ARETURN
   L1
    LOCALVARIABLE this Lcom/examples/with/different/packagename/testcarver/GenericObjectWrapperWithList; L0 L1 0
    // signature Lcom/examples/with/different/packagename/testcarver/GenericObjectWrapperWithList<TT;>;
    // declaration: this extends com.examples.with.different.packagename.testcarver.GenericObjectWrapperWithList<T>
    MAXSTACK = 5
    MAXLOCALS = 1

  // access flags 0x2
  // signature (Ljava/util/List<TT;>;)V
  // declaration: void _sw_prototype_original_setList(java.util.List<T>)
  private _sw_prototype_original_setList(Ljava/util/List;)V
   L0
    LINENUMBER 42 L0
    ALOAD 0
    ALOAD 1
    DUP2
    PUTFIELD com/examples/with/different/packagename/testcarver/GenericObjectWrapperWithList.list : Ljava/util/List;
    POP
    LDC -2147483637
    LDC "com/examples/with/different/packagename/testcarver/GenericObjectWrapperWithList"
    LDC "list"
    LDC "Ljava/util/List;"
    INVOKESTATIC org/evosuite/testcarver/capture/FieldRegistry.notifyModification (Ljava/lang/Object;ILjava/lang/String;Ljava/lang/String;Ljava/lang/String;)V
   L1
    LINENUMBER 43 L1
    RETURN
   L2
    LOCALVARIABLE this Lcom/examples/with/different/packagename/testcarver/GenericObjectWrapperWithList; L0 L2 0
    // signature Lcom/examples/with/different/packagename/testcarver/GenericObjectWrapperWithList<TT;>;
    // declaration: this extends com.examples.with.different.packagename.testcarver.GenericObjectWrapperWithList<T>
    LOCALVARIABLE list Ljava/util/List; L0 L2 1
    // signature Ljava/util/List<TT;>;
    // declaration: list extends java.util.List<T>
    MAXSTACK = 6
    MAXLOCALS = 2

  // access flags 0x1
  public <init>()V
    TRYCATCHBLOCK L0 L1 L1 java/lang/Throwable
   L2
    LINENUMBER 29 L2
    ALOAD 0
    INVOKESPECIAL java/lang/Object.<init> ()V
   L0
    LDC -2147483642
    ALOAD 0
    LDC "<init>"
    LDC "()V"
    BIPUSH 0
    ANEWARRAY java/lang/Object
    INVOKESTATIC org/evosuite/testcarver/capture/Capturer.capture (ILjava/lang/Object;Ljava/lang/String;Ljava/lang/String;[Ljava/lang/Object;)V
    ALOAD 0
    INVOKEVIRTUAL com/examples/with/different/packagename/testcarver/GenericObjectWrapperWithList._sw_prototype_original_init_sw_prototype_original_ ()V
    GOTO L3
   L1
   FRAME SAME1 java/lang/Throwable
    ASTORE 1
    LDC -2147483642
    ALOAD 0
    GETSTATIC org/evosuite/testcarver/capture/CaptureLog.RETURN_TYPE_VOID : Ljava/lang/Object;
    INVOKESTATIC org/evosuite/testcarver/capture/Capturer.enable (ILjava/lang/Object;Ljava/lang/Object;)V
    ALOAD 1
    ATHROW
   L3
   FRAME SAME
    LDC -2147483642
    ALOAD 0
    GETSTATIC org/evosuite/testcarver/capture/CaptureLog.RETURN_TYPE_VOID : Ljava/lang/Object;
    INVOKESTATIC org/evosuite/testcarver/capture/Capturer.enable (ILjava/lang/Object;Ljava/lang/Object;)V
    RETURN
    MAXSTACK = 7
    MAXLOCALS = 0

  // access flags 0x1
  // signature (TT;)V
  // declaration: void add(T)
  public add(Ljava/lang/Object;)V
    TRYCATCHBLOCK L0 L1 L1 java/lang/Throwable
   L0
    LDC -2147483640
    ALOAD 0
    LDC "add"
    LDC "(Ljava/lang/Object;)V"
    BIPUSH 1
    ANEWARRAY java/lang/Object
    DUP
    BIPUSH 0
    ALOAD 1
    AASTORE
    INVOKESTATIC org/evosuite/testcarver/capture/Capturer.capture (ILjava/lang/Object;Ljava/lang/String;Ljava/lang/String;[Ljava/lang/Object;)V
    ALOAD 0
    ALOAD 1
    INVOKEVIRTUAL com/examples/with/different/packagename/testcarver/GenericObjectWrapperWithList._sw_prototype_original_add (Ljava/lang/Object;)V
    GOTO L2
   L1
   FRAME SAME1 java/lang/Throwable
    ASTORE 2
    LDC -2147483640
    ALOAD 0
    GETSTATIC org/evosuite/testcarver/capture/CaptureLog.RETURN_TYPE_VOID : Ljava/lang/Object;
    INVOKESTATIC org/evosuite/testcarver/capture/Capturer.enable (ILjava/lang/Object;Ljava/lang/Object;)V
    ALOAD 2
    ATHROW
   L2
   FRAME SAME
    LDC -2147483640
    ALOAD 0
    GETSTATIC org/evosuite/testcarver/capture/CaptureLog.RETURN_TYPE_VOID : Ljava/lang/Object;
    INVOKESTATIC org/evosuite/testcarver/capture/Capturer.enable (ILjava/lang/Object;Ljava/lang/Object;)V
    RETURN
    MAXSTACK = 6
    MAXLOCALS = 0

  // access flags 0x1
  // signature ()Ljava/util/List<TT;>;
  // declaration: java.util.List<T> getList()
  public getList()Ljava/util/List;
    TRYCATCHBLOCK L0 L1 L2 java/lang/Throwable
    ACONST_NULL
    ASTORE 1
   L0
    LDC -2147483638
    ALOAD 0
    LDC "getList"
    LDC "()Ljava/util/List;"
    BIPUSH 0
    ANEWARRAY java/lang/Object
    INVOKESTATIC org/evosuite/testcarver/capture/Capturer.capture (ILjava/lang/Object;Ljava/lang/String;Ljava/lang/String;[Ljava/lang/Object;)V
    ALOAD 0
    INVOKEVIRTUAL com/examples/with/different/packagename/testcarver/GenericObjectWrapperWithList._sw_prototype_original_getList ()Ljava/util/List;
    ASTORE 1
    ALOAD 1
    ASTORE 3
   L1
    LDC -2147483638
    ALOAD 0
    ALOAD 1
    INVOKESTATIC org/evosuite/testcarver/capture/Capturer.enable (ILjava/lang/Object;Ljava/lang/Object;)V
    ALOAD 3
    ARETURN
   L2
   FRAME FULL [com/examples/with/different/packagename/testcarver/GenericObjectWrapperWithList java/util/List] [java/lang/Throwable]
    ASTORE 2
    LDC -2147483638
    ALOAD 0
    ALOAD 1
    INVOKESTATIC org/evosuite/testcarver/capture/Capturer.enable (ILjava/lang/Object;Ljava/lang/Object;)V
    ALOAD 2
    ATHROW
    MAXSTACK = 5
    MAXLOCALS = 0

  // access flags 0x1
  // signature (Ljava/util/List<TT;>;)V
  // declaration: void setList(java.util.List<T>)
  public setList(Ljava/util/List;)V
    TRYCATCHBLOCK L0 L1 L1 java/lang/Throwable
   L0
    LDC -2147483635
    ALOAD 0
    LDC "setList"
    LDC "(Ljava/util/List;)V"
    BIPUSH 1
    ANEWARRAY java/lang/Object
    DUP
    BIPUSH 0
    ALOAD 1
    AASTORE
    INVOKESTATIC org/evosuite/testcarver/capture/Capturer.capture (ILjava/lang/Object;Ljava/lang/String;Ljava/lang/String;[Ljava/lang/Object;)V
    ALOAD 0
    ALOAD 1
    INVOKEVIRTUAL com/examples/with/different/packagename/testcarver/GenericObjectWrapperWithList._sw_prototype_original_setList (Ljava/util/List;)V
    GOTO L2
   L1
   FRAME SAME1 java/lang/Throwable
    ASTORE 2
    LDC -2147483635
    ALOAD 0
    GETSTATIC org/evosuite/testcarver/capture/CaptureLog.RETURN_TYPE_VOID : Ljava/lang/Object;
    INVOKESTATIC org/evosuite/testcarver/capture/Capturer.enable (ILjava/lang/Object;Ljava/lang/Object;)V
    ALOAD 2
    ATHROW
   L2
   FRAME SAME
    LDC -2147483635
    ALOAD 0
    GETSTATIC org/evosuite/testcarver/capture/CaptureLog.RETURN_TYPE_VOID : Ljava/lang/Object;
    INVOKESTATIC org/evosuite/testcarver/capture/Capturer.enable (ILjava/lang/Object;Ljava/lang/Object;)V
    RETURN
    MAXSTACK = 6
    MAXLOCALS = 0
}
INFO  org.evosuite.testcarver.extraction.CarvingClassLoader - Keeping class: com.examples.with.different.packagename.testcarver.GenericObjectWrapperWithList
INFO  org.evosuite.testcarver.extraction.CarvingClassLoader - Seeing class for first time: com.examples.with.different.packagename.testcarver.GenericObjectWrapperWithListTest
WARN  org.evosuite.testcarver.extraction.CarvingClassLoader - Instrumenting class 'com.examples.with.different.packagename.testcarver.GenericObjectWrapperWithListTest'.
INFO  org.evosuite.testcarver.instrument.Instrumenter - Checking package com.examples.with.different.packagename.testcarver for class com/examples/with/different/packagename/testcarver/GenericObjectWrapperWithListTest
// class version 52.0 (52)
// access flags 0x21
public class com/examples/with/different/packagename/testcarver/GenericObjectWrapperWithListTest {

  // compiled from: GenericObjectWrapperWithListTest.java
  // access flags 0x9
  public static INNERCLASS com/examples/with/different/packagename/testcarver/GenericObjectWrapperWithListTest$Foo com/examples/with/different/packagename/testcarver/GenericObjectWrapperWithListTest Foo

  // access flags 0x2
  private _sw_prototype_original_init_sw_prototype_original_()V
    ALOAD 0
    INVOKESTATIC org/evosuite/testcarver/capture/FieldRegistry.register (Ljava/lang/Object;)V
    RETURN
   L0
    LOCALVARIABLE this Lcom/examples/with/different/packagename/testcarver/GenericObjectWrapperWithListTest; L1 L0 0
    MAXSTACK = 5
    MAXLOCALS = 1

  // access flags 0x2
  private _sw_prototype_original_test()V
   L0
    LINENUMBER 42 L0
    BIPUSH 42
    ISTORE 1
   L1
    LINENUMBER 43 L1
    NEW com/examples/with/different/packagename/testcarver/GenericObjectWrapperWithListTest$Foo
    DUP
    INVOKESPECIAL com/examples/with/different/packagename/testcarver/GenericObjectWrapperWithListTest$Foo.<init> ()V
    ASTORE 2
   L2
    LINENUMBER 44 L2
    ALOAD 2
    ILOAD 1
    INVOKEVIRTUAL com/examples/with/different/packagename/testcarver/GenericObjectWrapperWithListTest$Foo.setX (I)V
   L3
    LINENUMBER 46 L3
    NEW com/examples/with/different/packagename/testcarver/GenericObjectWrapperWithList
    DUP
    INVOKESPECIAL com/examples/with/different/packagename/testcarver/GenericObjectWrapperWithList.<init> ()V
    ASTORE 3
   L4
    LINENUMBER 47 L4
    ALOAD 3
    ALOAD 2
    INVOKEVIRTUAL com/examples/with/different/packagename/testcarver/GenericObjectWrapperWithList.add (Ljava/lang/Object;)V
   L5
    LINENUMBER 48 L5
    ALOAD 3
    INVOKEVIRTUAL com/examples/with/different/packagename/testcarver/GenericObjectWrapperWithList.getList ()Ljava/util/List;
    ASTORE 4
   L6
    LINENUMBER 50 L6
    ALOAD 3
    ALOAD 4
    INVOKEVIRTUAL com/examples/with/different/packagename/testcarver/GenericObjectWrapperWithList.setList (Ljava/util/List;)V
   L7
    LINENUMBER 51 L7
    ALOAD 3
    INVOKEVIRTUAL com/examples/with/different/packagename/testcarver/GenericObjectWrapperWithList.getList ()Ljava/util/List;
    INVOKEINTERFACE java/util/List.isEmpty ()Z (itf)
    INVOKESTATIC org/junit/Assert.assertFalse (Z)V
   L8
    LINENUMBER 52 L8
    RETURN
   L9
    LOCALVARIABLE this Lcom/examples/with/different/packagename/testcarver/GenericObjectWrapperWithListTest; L0 L9 0
    LOCALVARIABLE x I L1 L9 1
    LOCALVARIABLE foo Lcom/examples/with/different/packagename/testcarver/GenericObjectWrapperWithListTest$Foo; L2 L9 2
    LOCALVARIABLE wrapper Lcom/examples/with/different/packagename/testcarver/GenericObjectWrapperWithList; L4 L9 3
    // signature Lcom/examples/with/different/packagename/testcarver/GenericObjectWrapperWithList<Lcom/examples/with/different/packagename/testcarver/GenericObjectWrapperWithListTest$Foo;>;
    // declaration: wrapper extends com.examples.with.different.packagename.testcarver.GenericObjectWrapperWithList<com.examples.with.different.packagename.testcarver.GenericObjectWrapperWithListTest$Foo>
    LOCALVARIABLE list Ljava/util/List; L6 L9 4
    // signature Ljava/util/List<Lcom/examples/with/different/packagename/testcarver/GenericObjectWrapperWithListTest$Foo;>;
    // declaration: list extends java.util.List<com.examples.with.different.packagename.testcarver.GenericObjectWrapperWithListTest$Foo>
    MAXSTACK = 6
    MAXLOCALS = 5

  // access flags 0x1
  public <init>()V
    TRYCATCHBLOCK L0 L1 L1 java/lang/Throwable
   L2
    LINENUMBER 27 L2
    ALOAD 0
    INVOKESPECIAL java/lang/Object.<init> ()V
   L0
    LDC -2147483634
    ALOAD 0
    LDC "<init>"
    LDC "()V"
    BIPUSH 0
    ANEWARRAY java/lang/Object
    INVOKESTATIC org/evosuite/testcarver/capture/Capturer.capture (ILjava/lang/Object;Ljava/lang/String;Ljava/lang/String;[Ljava/lang/Object;)V
    ALOAD 0
    INVOKEVIRTUAL com/examples/with/different/packagename/testcarver/GenericObjectWrapperWithListTest._sw_prototype_original_init_sw_prototype_original_ ()V
    GOTO L3
   L1
   FRAME SAME1 java/lang/Throwable
    ASTORE 1
    LDC -2147483634
    ALOAD 0
    GETSTATIC org/evosuite/testcarver/capture/CaptureLog.RETURN_TYPE_VOID : Ljava/lang/Object;
    INVOKESTATIC org/evosuite/testcarver/capture/Capturer.enable (ILjava/lang/Object;Ljava/lang/Object;)V
    ALOAD 1
    ATHROW
   L3
   FRAME SAME
    LDC -2147483634
    ALOAD 0
    GETSTATIC org/evosuite/testcarver/capture/CaptureLog.RETURN_TYPE_VOID : Ljava/lang/Object;
    INVOKESTATIC org/evosuite/testcarver/capture/Capturer.enable (ILjava/lang/Object;Ljava/lang/Object;)V
    RETURN
    MAXSTACK = 5
    MAXLOCALS = 0

  // access flags 0x1
  public test()V
  @Lorg/junit/Test;()
    TRYCATCHBLOCK L0 L1 L1 java/lang/Throwable
   L0
    LDC -2147483633
    ALOAD 0
    LDC "test"
    LDC "()V"
    BIPUSH 0
    ANEWARRAY java/lang/Object
    INVOKESTATIC org/evosuite/testcarver/capture/Capturer.capture (ILjava/lang/Object;Ljava/lang/String;Ljava/lang/String;[Ljava/lang/Object;)V
    ALOAD 0
    INVOKEVIRTUAL com/examples/with/different/packagename/testcarver/GenericObjectWrapperWithListTest._sw_prototype_original_test ()V
    GOTO L2
   L1
   FRAME SAME1 java/lang/Throwable
    ASTORE 1
    LDC -2147483633
    ALOAD 0
    GETSTATIC org/evosuite/testcarver/capture/CaptureLog.RETURN_TYPE_VOID : Ljava/lang/Object;
    INVOKESTATIC org/evosuite/testcarver/capture/Capturer.enable (ILjava/lang/Object;Ljava/lang/Object;)V
    ALOAD 1
    ATHROW
   L2
   FRAME SAME
    LDC -2147483633
    ALOAD 0
    GETSTATIC org/evosuite/testcarver/capture/CaptureLog.RETURN_TYPE_VOID : Ljava/lang/Object;
    INVOKESTATIC org/evosuite/testcarver/capture/Capturer.enable (ILjava/lang/Object;Ljava/lang/Object;)V
    RETURN
    MAXSTACK = 6
    MAXLOCALS = 0
}
INFO  org.evosuite.testcarver.extraction.CarvingClassLoader - Keeping class: com.examples.with.different.packagename.testcarver.GenericObjectWrapperWithListTest
INFO  org.evosuite.testcarver.extraction.CarvingRunListener - Not yet reached maximum time to carve unit tests - executing test with carver
INFO  org.evosuite.testcarver.capture.Capturer - Starting Capturer...
INFO  org.evosuite.testcarver.capture.Capturer - Capturer has been started successfully
INFO  org.evosuite.testcarver.extraction.CarvingClassLoader - Seeing class for first time: com.examples.with.different.packagename.testcarver.GenericObjectWrapperWithListTest$Foo
WARN  org.evosuite.testcarver.extraction.CarvingClassLoader - Instrumenting class 'com.examples.with.different.packagename.testcarver.GenericObjectWrapperWithListTest$Foo'.
INFO  org.evosuite.testcarver.instrument.Instrumenter - ASM Bug: Inner class equals class.
INFO  org.evosuite.testcarver.instrument.Instrumenter - Checking package com.examples.with.different.packagename.testcarver for class com/examples/with/different/packagename/testcarver/GenericObjectWrapperWithListTest$Foo
// class version 52.0 (52)
// access flags 0x21
public class com/examples/with/different/packagename/testcarver/GenericObjectWrapperWithListTest$Foo {

  // compiled from: GenericObjectWrapperWithListTest.java
  // access flags 0x9
  public static INNERCLASS com/examples/with/different/packagename/testcarver/GenericObjectWrapperWithListTest$Foo com/examples/with/different/packagename/testcarver/GenericObjectWrapperWithListTest Foo

  // access flags 0x2
  private I x

  // access flags 0x2
  private _sw_prototype_original_init_sw_prototype_original_()V
    ALOAD 0
    INVOKESTATIC org/evosuite/testcarver/capture/FieldRegistry.register (Ljava/lang/Object;)V
   L0
    LINENUMBER 29 L0
    ALOAD 0
    ICONST_0
    DUP2
    PUTFIELD com/examples/with/different/packagename/testcarver/GenericObjectWrapperWithListTest$Foo.x : I
    POP
    LDC -2147483632
    LDC "com/examples/with/different/packagename/testcarver/GenericObjectWrapperWithListTest$Foo"
    LDC "x"
    LDC "I"
    INVOKESTATIC org/evosuite/testcarver/capture/FieldRegistry.notifyModification (Ljava/lang/Object;ILjava/lang/String;Ljava/lang/String;Ljava/lang/String;)V
    RETURN
   L1
    LOCALVARIABLE this Lcom/examples/with/different/packagename/testcarver/GenericObjectWrapperWithListTest$Foo; L2 L1 0
    MAXSTACK = 6
    MAXLOCALS = 1

  // access flags 0x2
  private _sw_prototype_original_getX()I
   L0
    LINENUMBER 32 L0
    ALOAD 0
    DUP
    GETFIELD com/examples/with/different/packagename/testcarver/GenericObjectWrapperWithListTest$Foo.x : I
    SWAP
    LDC -2147483629
    LDC "com/examples/with/different/packagename/testcarver/GenericObjectWrapperWithListTest$Foo"
    LDC "x"
    LDC "I"
    INVOKESTATIC org/evosuite/testcarver/capture/FieldRegistry.notifyReadAccess (Ljava/lang/Object;ILjava/lang/String;Ljava/lang/String;Ljava/lang/String;)V
    IRETURN
   L1
    LOCALVARIABLE this Lcom/examples/with/different/packagename/testcarver/GenericObjectWrapperWithListTest$Foo; L0 L1 0
    MAXSTACK = 5
    MAXLOCALS = 1

  // access flags 0x2
  private _sw_prototype_original_setX(I)V
   L0
    LINENUMBER 36 L0
    ALOAD 0
    ILOAD 1
    DUP2
    PUTFIELD com/examples/with/different/packagename/testcarver/GenericObjectWrapperWithListTest$Foo.x : I
    POP
    LDC -2147483627
    LDC "com/examples/with/different/packagename/testcarver/GenericObjectWrapperWithListTest$Foo"
    LDC "x"
    LDC "I"
    INVOKESTATIC org/evosuite/testcarver/capture/FieldRegistry.notifyModification (Ljava/lang/Object;ILjava/lang/String;Ljava/lang/String;Ljava/lang/String;)V
   L1
    LINENUMBER 37 L1
    RETURN
   L2
    LOCALVARIABLE this Lcom/examples/with/different/packagename/testcarver/GenericObjectWrapperWithListTest$Foo; L0 L2 0
    LOCALVARIABLE x I L0 L2 1
    MAXSTACK = 6
    MAXLOCALS = 2

  // access flags 0x1
  public <init>()V
    TRYCATCHBLOCK L0 L1 L1 java/lang/Throwable
   L2
    LINENUMBER 28 L2
    ALOAD 0
    INVOKESPECIAL java/lang/Object.<init> ()V
   L0
    LDC -2147483630
    ALOAD 0
    LDC "<init>"
    LDC "()V"
    BIPUSH 0
    ANEWARRAY java/lang/Object
    INVOKESTATIC org/evosuite/testcarver/capture/Capturer.capture (ILjava/lang/Object;Ljava/lang/String;Ljava/lang/String;[Ljava/lang/Object;)V
    ALOAD 0
    INVOKEVIRTUAL com/examples/with/different/packagename/testcarver/GenericObjectWrapperWithListTest$Foo._sw_prototype_original_init_sw_prototype_original_ ()V
    GOTO L3
   L1
   FRAME SAME1 java/lang/Throwable
    ASTORE 1
    LDC -2147483630
    ALOAD 0
    GETSTATIC org/evosuite/testcarver/capture/CaptureLog.RETURN_TYPE_VOID : Ljava/lang/Object;
    INVOKESTATIC org/evosuite/testcarver/capture/Capturer.enable (ILjava/lang/Object;Ljava/lang/Object;)V
    ALOAD 1
    ATHROW
   L3
   FRAME SAME
    LDC -2147483630
    ALOAD 0
    GETSTATIC org/evosuite/testcarver/capture/CaptureLog.RETURN_TYPE_VOID : Ljava/lang/Object;
    INVOKESTATIC org/evosuite/testcarver/capture/Capturer.enable (ILjava/lang/Object;Ljava/lang/Object;)V
    RETURN
    MAXSTACK = 6
    MAXLOCALS = 0

  // access flags 0x1
  public getX()I
    TRYCATCHBLOCK L0 L1 L2 java/lang/Throwable
    ACONST_NULL
    ASTORE 1
   L0
    LDC -2147483628
    ALOAD 0
    LDC "getX"
    LDC "()I"
    BIPUSH 0
    ANEWARRAY java/lang/Object
    INVOKESTATIC org/evosuite/testcarver/capture/Capturer.capture (ILjava/lang/Object;Ljava/lang/String;Ljava/lang/String;[Ljava/lang/Object;)V
    ALOAD 0
    INVOKEVIRTUAL com/examples/with/different/packagename/testcarver/GenericObjectWrapperWithListTest$Foo._sw_prototype_original_getX ()I
    INVOKESTATIC java/lang/Integer.valueOf (I)Ljava/lang/Integer;
    ASTORE 1
    ALOAD 1
    INVOKEVIRTUAL java/lang/Integer.intValue ()I
    ISTORE 3
   L1
    LDC -2147483628
    ALOAD 0
    ALOAD 1
    INVOKESTATIC org/evosuite/testcarver/capture/Capturer.enable (ILjava/lang/Object;Ljava/lang/Object;)V
    ILOAD 3
    IRETURN
   L2
   FRAME FULL [com/examples/with/different/packagename/testcarver/GenericObjectWrapperWithListTest$Foo java/lang/Integer] [java/lang/Throwable]
    ASTORE 2
    LDC -2147483628
    ALOAD 0
    ALOAD 1
    INVOKESTATIC org/evosuite/testcarver/capture/Capturer.enable (ILjava/lang/Object;Ljava/lang/Object;)V
    ALOAD 2
    ATHROW
    MAXSTACK = 5
    MAXLOCALS = 0

  // access flags 0x1
  public setX(I)V
    TRYCATCHBLOCK L0 L1 L1 java/lang/Throwable
   L0
    LDC -2147483625
    ALOAD 0
    LDC "setX"
    LDC "(I)V"
    BIPUSH 1
    ANEWARRAY java/lang/Object
    DUP
    BIPUSH 0
    ILOAD 1
    INVOKESTATIC java/lang/Integer.valueOf (I)Ljava/lang/Integer;
    AASTORE
    INVOKESTATIC org/evosuite/testcarver/capture/Capturer.capture (ILjava/lang/Object;Ljava/lang/String;Ljava/lang/String;[Ljava/lang/Object;)V
    ALOAD 0
    ILOAD 1
    INVOKEVIRTUAL com/examples/with/different/packagename/testcarver/GenericObjectWrapperWithListTest$Foo._sw_prototype_original_setX (I)V
    GOTO L2
   L1
   FRAME SAME1 java/lang/Throwable
    ASTORE 2
    LDC -2147483625
    ALOAD 0
    GETSTATIC org/evosuite/testcarver/capture/CaptureLog.RETURN_TYPE_VOID : Ljava/lang/Object;
    INVOKESTATIC org/evosuite/testcarver/capture/Capturer.enable (ILjava/lang/Object;Ljava/lang/Object;)V
    ALOAD 2
    ATHROW
   L2
   FRAME SAME
    LDC -2147483625
    ALOAD 0
    GETSTATIC org/evosuite/testcarver/capture/CaptureLog.RETURN_TYPE_VOID : Ljava/lang/Object;
    INVOKESTATIC org/evosuite/testcarver/capture/Capturer.enable (ILjava/lang/Object;Ljava/lang/Object;)V
    RETURN
    MAXSTACK = 6
    MAXLOCALS = 0
}
INFO  org.evosuite.testcarver.extraction.CarvingClassLoader - Keeping class: com.examples.with.different.packagename.testcarver.GenericObjectWrapperWithListTest$Foo
INFO  org.evosuite.testcarver.capture.Capturer - Stopping Capturer...
INFO  org.evosuite.testcarver.capture.Capturer - Capturer has been stopped successfully
INFO  evo_logger -  - Carving test com.examples.with.different.packagename.testcarver.GenericObjectWrapperWithListTest.test
INFO  org.evosuite.instrumentation.InstrumentingClassLoader - Seeing class for first time: com.examples.with.different.packagename.testcarver.GenericObjectWrapperWithListTest$Foo
INFO  org.evosuite.instrumentation.BytecodeInstrumentation - Starting transformation of com/examples/with/different/packagename/testcarver/GenericObjectWrapperWithListTest$Foo
INFO  org.evosuite.runtime.instrumentation.MethodCallReplacementClassAdapter - Adding mock interface to class com/examples/with/different/packagename/testcarver/GenericObjectWrapperWithListTest$Foo
INFO  org.evosuite.runtime.instrumentation.CreateClassResetClassAdapter - Creating brand-new static initializer in class com/examples/with/different/packagename/testcarver/GenericObjectWrapperWithListTest$Foo
INFO  org.evosuite.instrumentation.InstrumentingClassLoader - Loaded class: com.examples.with.different.packagename.testcarver.GenericObjectWrapperWithListTest$Foo
INFO  org.evosuite.instrumentation.InstrumentingClassLoader - Seeing class for first time: com.examples.with.different.packagename.testcarver.GenericObjectWrapperWithListTest
INFO  org.evosuite.instrumentation.BytecodeInstrumentation - Starting transformation of com/examples/with/different/packagename/testcarver/GenericObjectWrapperWithListTest
INFO  org.evosuite.runtime.instrumentation.MethodCallReplacementClassAdapter - Adding mock interface to class com/examples/with/different/packagename/testcarver/GenericObjectWrapperWithListTest
INFO  org.evosuite.runtime.instrumentation.CreateClassResetClassAdapter - Creating brand-new static initializer in class com/examples/with/different/packagename/testcarver/GenericObjectWrapperWithListTest
INFO  org.evosuite.instrumentation.InstrumentingClassLoader - Loaded class: com.examples.with.different.packagename.testcarver.GenericObjectWrapperWithListTest
INFO  org.evosuite.testcarver.extraction.CarvingRunListener - Carved test of length 10
INFO  org.evosuite.utils.generic.GenericTypeInference - Has types: java.util.ArrayList<E>
INFO  org.evosuite.utils.generic.GenericTypeInference - Initial type map: {E=E, E=E}
INFO  org.evosuite.utils.generic.GenericTypeInference - Found relevant statement: boolean boolean0 = arrayList0.add((Object) genericObjectWrapperWithListTest_Foo0)
INFO  org.evosuite.utils.generic.GenericTypeInference - Resulting map: {E=class com.examples.with.different.packagename.testcarver.GenericObjectWrapperWithListTest$Foo}
INFO  org.evosuite.utils.generic.GenericTypeInference - Setting types based on map: {E=null, E=null, E=class com.examples.with.different.packagename.testcarver.GenericObjectWrapperWithListTest$Foo}
INFO  org.evosuite.utils.generic.GenericTypeInference - New type: java.util.ArrayList()V
INFO  org.evosuite.utils.generic.GenericTypeInference - Updating callee of statement boolean boolean0 = arrayList0.add((Object) genericObjectWrapperWithListTest_Foo0)
INFO  org.evosuite.utils.generic.GenericTypeInference - Result: boolean boolean0 = arrayList0.add(genericObjectWrapperWithListTest_Foo0)
INFO  org.evosuite.utils.generic.GenericTypeInference - Type map empty
INFO  org.evosuite.utils.generic.GenericTypeInference - Has types: com.examples.with.different.packagename.testcarver.GenericObjectWrapperWithList<T>
INFO  org.evosuite.utils.generic.GenericTypeInference - Initial type map: {}
INFO  org.evosuite.utils.generic.GenericTypeInference - Found relevant statement: genericObjectWrapperWithList0.add((Object) genericObjectWrapperWithListTest_Foo0)
INFO  org.evosuite.utils.generic.GenericTypeInference - Resulting map: {T=class com.examples.with.different.packagename.testcarver.GenericObjectWrapperWithListTest$Foo}
INFO  org.evosuite.utils.generic.GenericTypeInference - Found relevant statement: List list0 = genericObjectWrapperWithList0.getList()
INFO  org.evosuite.utils.generic.GenericTypeInference - Found relevant statement: genericObjectWrapperWithList0.setList(arrayList0)
INFO  org.evosuite.utils.generic.GenericTypeInference - Resulting map: {E=T}
INFO  org.evosuite.utils.generic.GenericTypeInference - Found relevant statement: List list0 = genericObjectWrapperWithList0.getList()
INFO  org.evosuite.utils.generic.GenericTypeInference - Setting types based on map: {T=class com.examples.with.different.packagename.testcarver.GenericObjectWrapperWithListTest$Foo, E=T}
INFO  org.evosuite.utils.generic.GenericTypeInference - New type: com.examples.with.different.packagename.testcarver.GenericObjectWrapperWithList()V
INFO  org.evosuite.utils.generic.GenericTypeInference - Updating callee of statement genericObjectWrapperWithList0.add((Object) genericObjectWrapperWithListTest_Foo0)
INFO  org.evosuite.utils.generic.GenericTypeInference - Result: genericObjectWrapperWithList0.add(genericObjectWrapperWithListTest_Foo0)
INFO  org.evosuite.utils.generic.GenericTypeInference - Updating callee of statement List list0 = genericObjectWrapperWithList0.getList()
INFO  org.evosuite.utils.generic.GenericTypeInference - Result: List<GenericObjectWrapperWithListTest.Foo> list0 = genericObjectWrapperWithList0.getList()
INFO  org.evosuite.utils.generic.GenericTypeInference - Updating callee of statement genericObjectWrapperWithList0.setList(arrayList0)
INFO  org.evosuite.utils.generic.GenericTypeInference - Result: genericObjectWrapperWithList0.setList(arrayList0)
INFO  org.evosuite.utils.generic.GenericTypeInference - Updating callee of statement List list0 = genericObjectWrapperWithList0.getList()
INFO  org.evosuite.utils.generic.GenericTypeInference - Result: List<GenericObjectWrapperWithListTest.Foo> list0 = genericObjectWrapperWithList0.getList()
INFO  org.evosuite.testcarver.extraction.CarvingManager - Result: 0/1
INFO  org.evosuite.testcase.execution.TestCaseExecutor - No stalled threads
INFO  org.evosuite.testcarver.extraction.CarvingManager - Adding carved test without exception
INFO  org.evosuite.testcarver.extraction.CarvingManager - GenericObjectWrapperWithList<GenericObjectWrapperWithListTest.Foo> genericObjectWrapperWithList0 = new GenericObjectWrapperWithList<GenericObjectWrapperWithListTest.Foo>();
GenericObjectWrapperWithListTest.Foo genericObjectWrapperWithListTest_Foo0 = new GenericObjectWrapperWithListTest.Foo();
int int0 = 42;
genericObjectWrapperWithListTest_Foo0.setX(int0);
genericObjectWrapperWithList0.add(genericObjectWrapperWithListTest_Foo0);
genericObjectWrapperWithList0.getList();
ArrayList<GenericObjectWrapperWithListTest.Foo> arrayList0 = new ArrayList<GenericObjectWrapperWithListTest.Foo>();
arrayList0.add(genericObjectWrapperWithListTest_Foo0);
genericObjectWrapperWithList0.setList(arrayList0);
genericObjectWrapperWithList0.getList();

INFO  evo_logger -  -> Carved 1 tests for class class com.examples.with.different.packagename.testcarver.GenericObjectWrapperWithList from existing JUnit tests
INFO  evo_logger - * Using 1 carved tests from existing JUnit tests for seeding
INFO  org.evosuite.coverage.branch.BranchCoverageSuiteFitness - Total branch coverage goals: 4
INFO  org.evosuite.coverage.branch.BranchCoverageSuiteFitness - Total branches: 0
INFO  org.evosuite.coverage.branch.BranchCoverageSuiteFitness - Total branchless methods: 4
INFO  org.evosuite.coverage.branch.BranchCoverageSuiteFitness - Total methods: 4: [com.examples.with.different.packagename.testcarver.GenericObjectWrapperWithList.setList(Ljava/util/List;)V, com.examples.with.different.packagename.testcarver.GenericObjectWrapperWithList.getList()Ljava/util/List;, com.examples.with.different.packagename.testcarver.GenericObjectWrapperWithList.add(Ljava/lang/Object;)V, com.examples.with.different.packagename.testcarver.GenericObjectWrapperWithList.<init>()V]
INFO  org.evosuite.coverage.branch.BranchCoverageSuiteFitness - (Methods) Best individual covers 0/0 branches and 4/4 methods
INFO  org.evosuite.coverage.branch.BranchCoverageSuiteFitness - Fitness: 0.0, size: 1, length: 10
INFO  org.evosuite.coverage.branch.BranchCoverageSuiteFitness - (Fitness) Best individual covers 0/0 branches and 4/4 methods
INFO  org.evosuite.coverage.branch.BranchCoverageSuiteFitness - Fitness: 0.0, size: 1, length: 10
INFO  org.evosuite.testcase.factories.JUnitTestCarvedChromosomeFactory - Cloning user test
INFO  org.evosuite.TestGenerationContext - *** Resetting context
INFO  org.evosuite.testcase.execution.TestCaseExecutor - TestCaseExecutor instance is non-null, but its actual executor is null
INFO  org.evosuite.TestGenerationContext - *** Resetting context
INFO  org.evosuite.testcase.execution.TestCaseExecutor - TestCaseExecutor instance is non-null, but its actual executor is null
INFO  org.evosuite.instrumentation.InstrumentingClassLoader - Seeing class for first time: com.examples.with.different.packagename.testcarver.ObjectWrapper
INFO  org.evosuite.instrumentation.BytecodeInstrumentation - Starting transformation of com/examples/with/different/packagename/testcarver/ObjectWrapper
INFO  org.evosuite.instrumentation.testability.StringTransformation - Current method: <init>
INFO  org.evosuite.instrumentation.testability.StringTransformation - Current method: set
INFO  org.evosuite.instrumentation.testability.StringTransformation - Current method: get
INFO  org.evosuite.runtime.instrumentation.MethodCallReplacementClassAdapter - Adding mock interface to class com/examples/with/different/packagename/testcarver/ObjectWrapper
INFO  org.evosuite.graphs.cfg.CFGClassAdapter - Analyzing CFG of com/examples/with/different/packagename/testcarver/ObjectWrapper
INFO  org.evosuite.graphs.cfg.CFGMethodAdapter - Analyzing method <init>()V in class com.examples.with.different.packagename.testcarver.ObjectWrapper
INFO  org.evosuite.graphs.cfg.CFGMethodAdapter - Generating CFG for method <init>()V
INFO  org.evosuite.graphs.cfg.RawControlFlowGraph - Creating new RawCFG for com.examples.with.different.packagename.testcarver.ObjectWrapper.<init>()V: 0
INFO  org.evosuite.graphs.cfg.CFGMethodAdapter - Created CFG for method <init>()V
INFO  org.evosuite.graphs.cfg.CFGMethodAdapter - Instrumenting method <init>()V in class com.examples.with.different.packagename.testcarver.ObjectWrapper
INFO  org.evosuite.graphs.cfg.CFGClassAdapter - Analyzing CFG of com/examples/with/different/packagename/testcarver/ObjectWrapper
INFO  org.evosuite.graphs.cfg.CFGMethodAdapter - Analyzing method set(Ljava/lang/Object;)V in class com.examples.with.different.packagename.testcarver.ObjectWrapper
INFO  org.evosuite.graphs.cfg.CFGMethodAdapter - Generating CFG for method set(Ljava/lang/Object;)V
INFO  org.evosuite.graphs.cfg.RawControlFlowGraph - Creating new RawCFG for com.examples.with.different.packagename.testcarver.ObjectWrapper.set(Ljava/lang/Object;)V: 0
INFO  org.evosuite.graphs.cfg.CFGMethodAdapter - Created CFG for method set(Ljava/lang/Object;)V
INFO  org.evosuite.graphs.cfg.CFGMethodAdapter - Instrumenting method set(Ljava/lang/Object;)V in class com.examples.with.different.packagename.testcarver.ObjectWrapper
INFO  org.evosuite.graphs.cfg.CFGClassAdapter - Analyzing CFG of com/examples/with/different/packagename/testcarver/ObjectWrapper
INFO  org.evosuite.graphs.cfg.CFGMethodAdapter - Analyzing method get()Ljava/lang/Object; in class com.examples.with.different.packagename.testcarver.ObjectWrapper
INFO  org.evosuite.graphs.cfg.CFGMethodAdapter - Generating CFG for method get()Ljava/lang/Object;
INFO  org.evosuite.graphs.cfg.RawControlFlowGraph - Creating new RawCFG for com.examples.with.different.packagename.testcarver.ObjectWrapper.get()Ljava/lang/Object;: 0
INFO  org.evosuite.graphs.cfg.CFGMethodAdapter - Created CFG for method get()Ljava/lang/Object;
INFO  org.evosuite.graphs.cfg.CFGMethodAdapter - Instrumenting method get()Ljava/lang/Object; in class com.examples.with.different.packagename.testcarver.ObjectWrapper
INFO  org.evosuite.runtime.instrumentation.CreateClassResetClassAdapter - Creating brand-new static initializer in class com/examples/with/different/packagename/testcarver/ObjectWrapper
INFO  org.evosuite.instrumentation.InstrumentingClassLoader - Loaded class: com.examples.with.different.packagename.testcarver.ObjectWrapper
INFO  evo_logger - * Executing tests from 1 test class for carving
INFO  org.evosuite.testcarver.extraction.CarvingClassLoader - Seeing class for first time: com.examples.with.different.packagename.testcarver.ObjectWrapper
WARN  org.evosuite.testcarver.extraction.CarvingClassLoader - Instrumenting class 'com.examples.with.different.packagename.testcarver.ObjectWrapper'.
INFO  org.evosuite.testcarver.instrument.Instrumenter - Checking package com.examples.with.different.packagename.testcarver for class com/examples/with/different/packagename/testcarver/ObjectWrapper
// class version 52.0 (52)
// access flags 0x21
public class com/examples/with/different/packagename/testcarver/ObjectWrapper {

  // compiled from: ObjectWrapper.java

  // access flags 0x2
  private Ljava/lang/Object; obj

  // access flags 0x2
  private _sw_prototype_original_init_sw_prototype_original_()V
    ALOAD 0
    INVOKESTATIC org/evosuite/testcarver/capture/FieldRegistry.register (Ljava/lang/Object;)V
    RETURN
   L0
    LOCALVARIABLE this Lcom/examples/with/different/packagename/testcarver/ObjectWrapper; L1 L0 0
    MAXSTACK = 5
    MAXLOCALS = 1

  // access flags 0x2
  private _sw_prototype_original_set(Ljava/lang/Object;)V
   L0
    LINENUMBER 27 L0
    ALOAD 0
    ALOAD 1
    DUP2
    PUTFIELD com/examples/with/different/packagename/testcarver/ObjectWrapper.obj : Ljava/lang/Object;
    POP
    LDC -2147483643
    LDC "com/examples/with/different/packagename/testcarver/ObjectWrapper"
    LDC "obj"
    LDC "Ljava/lang/Object;"
    INVOKESTATIC org/evosuite/testcarver/capture/FieldRegistry.notifyModification (Ljava/lang/Object;ILjava/lang/String;Ljava/lang/String;Ljava/lang/String;)V
   L1
    LINENUMBER 28 L1
    RETURN
   L2
    LOCALVARIABLE this Lcom/examples/with/different/packagename/testcarver/ObjectWrapper; L0 L2 0
    LOCALVARIABLE obj Ljava/lang/Object; L0 L2 1
    MAXSTACK = 6
    MAXLOCALS = 2

  // access flags 0x2
  private _sw_prototype_original_get()Ljava/lang/Object;
   L0
    LINENUMBER 31 L0
    ALOAD 0
    DUP
    GETFIELD com/examples/with/different/packagename/testcarver/ObjectWrapper.obj : Ljava/lang/Object;
    SWAP
    LDC -2147483640
    LDC "com/examples/with/different/packagename/testcarver/ObjectWrapper"
    LDC "obj"
    LDC "Ljava/lang/Object;"
    INVOKESTATIC org/evosuite/testcarver/capture/FieldRegistry.notifyReadAccess (Ljava/lang/Object;ILjava/lang/String;Ljava/lang/String;Ljava/lang/String;)V
    ARETURN
   L1
    LOCALVARIABLE this Lcom/examples/with/different/packagename/testcarver/ObjectWrapper; L0 L1 0
    MAXSTACK = 5
    MAXLOCALS = 1

  // access flags 0x1
  public <init>()V
    TRYCATCHBLOCK L0 L1 L1 java/lang/Throwable
   L2
    LINENUMBER 22 L2
    ALOAD 0
    INVOKESPECIAL java/lang/Object.<init> ()V
   L0
    LDC -2147483644
    ALOAD 0
    LDC "<init>"
    LDC "()V"
    BIPUSH 0
    ANEWARRAY java/lang/Object
    INVOKESTATIC org/evosuite/testcarver/capture/Capturer.capture (ILjava/lang/Object;Ljava/lang/String;Ljava/lang/String;[Ljava/lang/Object;)V
    ALOAD 0
    INVOKEVIRTUAL com/examples/with/different/packagename/testcarver/ObjectWrapper._sw_prototype_original_init_sw_prototype_original_ ()V
    GOTO L3
   L1
   FRAME SAME1 java/lang/Throwable
    ASTORE 1
    LDC -2147483644
    ALOAD 0
    GETSTATIC org/evosuite/testcarver/capture/CaptureLog.RETURN_TYPE_VOID : Ljava/lang/Object;
    INVOKESTATIC org/evosuite/testcarver/capture/Capturer.enable (ILjava/lang/Object;Ljava/lang/Object;)V
    ALOAD 1
    ATHROW
   L3
   FRAME SAME
    LDC -2147483644
    ALOAD 0
    GETSTATIC org/evosuite/testcarver/capture/CaptureLog.RETURN_TYPE_VOID : Ljava/lang/Object;
    INVOKESTATIC org/evosuite/testcarver/capture/Capturer.enable (ILjava/lang/Object;Ljava/lang/Object;)V
    RETURN
    MAXSTACK = 5
    MAXLOCALS = 0

  // access flags 0x1
  public set(Ljava/lang/Object;)V
    TRYCATCHBLOCK L0 L1 L1 java/lang/Throwable
   L0
    LDC -2147483641
    ALOAD 0
    LDC "set"
    LDC "(Ljava/lang/Object;)V"
    BIPUSH 1
    ANEWARRAY java/lang/Object
    DUP
    BIPUSH 0
    ALOAD 1
    AASTORE
    INVOKESTATIC org/evosuite/testcarver/capture/Capturer.capture (ILjava/lang/Object;Ljava/lang/String;Ljava/lang/String;[Ljava/lang/Object;)V
    ALOAD 0
    ALOAD 1
    INVOKEVIRTUAL com/examples/with/different/packagename/testcarver/ObjectWrapper._sw_prototype_original_set (Ljava/lang/Object;)V
    GOTO L2
   L1
   FRAME SAME1 java/lang/Throwable
    ASTORE 2
    LDC -2147483641
    ALOAD 0
    GETSTATIC org/evosuite/testcarver/capture/CaptureLog.RETURN_TYPE_VOID : Ljava/lang/Object;
    INVOKESTATIC org/evosuite/testcarver/capture/Capturer.enable (ILjava/lang/Object;Ljava/lang/Object;)V
    ALOAD 2
    ATHROW
   L2
   FRAME SAME
    LDC -2147483641
    ALOAD 0
    GETSTATIC org/evosuite/testcarver/capture/CaptureLog.RETURN_TYPE_VOID : Ljava/lang/Object;
    INVOKESTATIC org/evosuite/testcarver/capture/Capturer.enable (ILjava/lang/Object;Ljava/lang/Object;)V
    RETURN
    MAXSTACK = 6
    MAXLOCALS = 0

  // access flags 0x1
  public get()Ljava/lang/Object;
    TRYCATCHBLOCK L0 L1 L2 java/lang/Throwable
    ACONST_NULL
    ASTORE 1
   L0
    LDC -2147483639
    ALOAD 0
    LDC "get"
    LDC "()Ljava/lang/Object;"
    BIPUSH 0
    ANEWARRAY java/lang/Object
    INVOKESTATIC org/evosuite/testcarver/capture/Capturer.capture (ILjava/lang/Object;Ljava/lang/String;Ljava/lang/String;[Ljava/lang/Object;)V
    ALOAD 0
    INVOKEVIRTUAL com/examples/with/different/packagename/testcarver/ObjectWrapper._sw_prototype_original_get ()Ljava/lang/Object;
    ASTORE 1
    ALOAD 1
    ASTORE 3
   L1
    LDC -2147483639
    ALOAD 0
    ALOAD 1
    INVOKESTATIC org/evosuite/testcarver/capture/Capturer.enable (ILjava/lang/Object;Ljava/lang/Object;)V
    ALOAD 3
    ARETURN
   L2
   FRAME FULL [com/examples/with/different/packagename/testcarver/ObjectWrapper java/lang/Object] [java/lang/Throwable]
    ASTORE 2
    LDC -2147483639
    ALOAD 0
    ALOAD 1
    INVOKESTATIC org/evosuite/testcarver/capture/Capturer.enable (ILjava/lang/Object;Ljava/lang/Object;)V
    ALOAD 2
    ATHROW
    MAXSTACK = 5
    MAXLOCALS = 0
}
INFO  org.evosuite.testcarver.extraction.CarvingClassLoader - Keeping class: com.examples.with.different.packagename.testcarver.ObjectWrapper
INFO  org.evosuite.testcarver.extraction.CarvingClassLoader - Seeing class for first time: com.examples.with.different.packagename.testcarver.ObjectWrapperSetTest
WARN  org.evosuite.testcarver.extraction.CarvingClassLoader - Instrumenting class 'com.examples.with.different.packagename.testcarver.ObjectWrapperSetTest'.
INFO  org.evosuite.testcarver.instrument.Instrumenter - Checking package com.examples.with.different.packagename.testcarver for class com/examples/with/different/packagename/testcarver/ObjectWrapperSetTest
// class version 52.0 (52)
// access flags 0x21
public class com/examples/with/different/packagename/testcarver/ObjectWrapperSetTest {

  // compiled from: ObjectWrapperSetTest.java

  // access flags 0x2
  private _sw_prototype_original_init_sw_prototype_original_()V
    ALOAD 0
    INVOKESTATIC org/evosuite/testcarver/capture/FieldRegistry.register (Ljava/lang/Object;)V
    RETURN
   L0
    LOCALVARIABLE this Lcom/examples/with/different/packagename/testcarver/ObjectWrapperSetTest; L1 L0 0
    MAXSTACK = 5
    MAXLOCALS = 1

  // access flags 0x2
  private _sw_prototype_original_test01()V
   L0
    LINENUMBER 32 L0
    NEW com/examples/with/different/packagename/testcarver/ObjectWrapper
    DUP
    INVOKESPECIAL com/examples/with/different/packagename/testcarver/ObjectWrapper.<init> ()V
    ASTORE 1
   L1
    LINENUMBER 33 L1
    ALOAD 1
    INVOKEVIRTUAL com/examples/with/different/packagename/testcarver/ObjectWrapper.get ()Ljava/lang/Object;
    INVOKESTATIC org/junit/Assert.assertNull (Ljava/lang/Object;)V
   L2
    LINENUMBER 35 L2
    NEW java/util/HashSet
    DUP
    INVOKESPECIAL java/util/HashSet.<init> ()V
    ASTORE 2
   L3
    LINENUMBER 36 L3
    ALOAD 2
    LDC 42L
    INVOKESTATIC java/lang/Long.valueOf (J)Ljava/lang/Long;
    INVOKEINTERFACE java/util/Set.add (Ljava/lang/Object;)Z (itf)
    POP
   L4
    LINENUMBER 37 L4
    ALOAD 2
    LDC 47L
    INVOKESTATIC java/lang/Long.valueOf (J)Ljava/lang/Long;
    INVOKEINTERFACE java/util/Set.add (Ljava/lang/Object;)Z (itf)
    POP
   L5
    LINENUMBER 38 L5
    ALOAD 2
    LDC 42L
    INVOKESTATIC java/lang/Long.valueOf (J)Ljava/lang/Long;
    INVOKEINTERFACE java/util/Set.remove (Ljava/lang/Object;)Z (itf)
    POP
   L6
    LINENUMBER 39 L6
    ALOAD 2
    LDC 48L
    INVOKESTATIC java/lang/Long.valueOf (J)Ljava/lang/Long;
    INVOKEINTERFACE java/util/Set.add (Ljava/lang/Object;)Z (itf)
    POP
   L7
    LINENUMBER 41 L7
    ALOAD 1
    ALOAD 2
    INVOKEVIRTUAL com/examples/with/different/packagename/testcarver/ObjectWrapper.set (Ljava/lang/Object;)V
   L8
    LINENUMBER 42 L8
    ALOAD 1
    INVOKEVIRTUAL com/examples/with/different/packagename/testcarver/ObjectWrapper.get ()Ljava/lang/Object;
    INVOKESTATIC org/junit/Assert.assertNotNull (Ljava/lang/Object;)V
   L9
    LINENUMBER 44 L9
    NEW com/examples/with/different/packagename/testcarver/ObjectWrapper
    DUP
    INVOKESPECIAL com/examples/with/different/packagename/testcarver/ObjectWrapper.<init> ()V
    ASTORE 3
   L10
    LINENUMBER 45 L10
    ALOAD 3
    LDC 47L
    INVOKESTATIC java/lang/Long.valueOf (J)Ljava/lang/Long;
    INVOKEVIRTUAL com/examples/with/different/packagename/testcarver/ObjectWrapper.set (Ljava/lang/Object;)V
   L11
    LINENUMBER 47 L11
    ALOAD 1
    INVOKEVIRTUAL com/examples/with/different/packagename/testcarver/ObjectWrapper.get ()Ljava/lang/Object;
    CHECKCAST java/util/Set
    ASTORE 4
   L12
    LINENUMBER 49 L12
    ALOAD 4
    ALOAD 3
    INVOKEVIRTUAL com/examples/with/different/packagename/testcarver/ObjectWrapper.get ()Ljava/lang/Object;
    INVOKEINTERFACE java/util/Set.contains (Ljava/lang/Object;)Z (itf)
    INVOKESTATIC org/junit/Assert.assertTrue (Z)V
   L13
    LINENUMBER 50 L13
    RETURN
   L14
    LOCALVARIABLE this Lcom/examples/with/different/packagename/testcarver/ObjectWrapperSetTest; L0 L14 0
    LOCALVARIABLE wrapper Lcom/examples/with/different/packagename/testcarver/ObjectWrapper; L1 L14 1
    LOCALVARIABLE someSet Ljava/util/Set; L3 L14 2
    // signature Ljava/util/Set<Ljava/lang/Long;>;
    // declaration: someSet extends java.util.Set<java.lang.Long>
    LOCALVARIABLE fortySeven Lcom/examples/with/different/packagename/testcarver/ObjectWrapper; L10 L14 3
    LOCALVARIABLE foo Ljava/util/Set; L12 L14 4
    // signature Ljava/util/Set<*>;
    // declaration: foo extends java.util.Set<?>
    MAXSTACK = 7
    MAXLOCALS = 5

  // access flags 0x1
  public <init>()V
    TRYCATCHBLOCK L0 L1 L1 java/lang/Throwable
   L2
    LINENUMBER 28 L2
    ALOAD 0
    INVOKESPECIAL java/lang/Object.<init> ()V
   L0
    LDC -2147483638
    ALOAD 0
    LDC "<init>"
    LDC "()V"
    BIPUSH 0
    ANEWARRAY java/lang/Object
    INVOKESTATIC org/evosuite/testcarver/capture/Capturer.capture (ILjava/lang/Object;Ljava/lang/String;Ljava/lang/String;[Ljava/lang/Object;)V
    ALOAD 0
    INVOKEVIRTUAL com/examples/with/different/packagename/testcarver/ObjectWrapperSetTest._sw_prototype_original_init_sw_prototype_original_ ()V
    GOTO L3
   L1
   FRAME SAME1 java/lang/Throwable
    ASTORE 1
    LDC -2147483638
    ALOAD 0
    GETSTATIC org/evosuite/testcarver/capture/CaptureLog.RETURN_TYPE_VOID : Ljava/lang/Object;
    INVOKESTATIC org/evosuite/testcarver/capture/Capturer.enable (ILjava/lang/Object;Ljava/lang/Object;)V
    ALOAD 1
    ATHROW
   L3
   FRAME SAME
    LDC -2147483638
    ALOAD 0
    GETSTATIC org/evosuite/testcarver/capture/CaptureLog.RETURN_TYPE_VOID : Ljava/lang/Object;
    INVOKESTATIC org/evosuite/testcarver/capture/Capturer.enable (ILjava/lang/Object;Ljava/lang/Object;)V
    RETURN
    MAXSTACK = 5
    MAXLOCALS = 0

  // access flags 0x1
  public test01()V
  @Lorg/junit/Test;()
    TRYCATCHBLOCK L0 L1 L1 java/lang/Throwable
   L0
    LDC -2147483637
    ALOAD 0
    LDC "test01"
    LDC "()V"
    BIPUSH 0
    ANEWARRAY java/lang/Object
    INVOKESTATIC org/evosuite/testcarver/capture/Capturer.capture (ILjava/lang/Object;Ljava/lang/String;Ljava/lang/String;[Ljava/lang/Object;)V
    ALOAD 0
    INVOKEVIRTUAL com/examples/with/different/packagename/testcarver/ObjectWrapperSetTest._sw_prototype_original_test01 ()V
    GOTO L2
   L1
   FRAME SAME1 java/lang/Throwable
    ASTORE 1
    LDC -2147483637
    ALOAD 0
    GETSTATIC org/evosuite/testcarver/capture/CaptureLog.RETURN_TYPE_VOID : Ljava/lang/Object;
    INVOKESTATIC org/evosuite/testcarver/capture/Capturer.enable (ILjava/lang/Object;Ljava/lang/Object;)V
    ALOAD 1
    ATHROW
   L2
   FRAME SAME
    LDC -2147483637
    ALOAD 0
    GETSTATIC org/evosuite/testcarver/capture/CaptureLog.RETURN_TYPE_VOID : Ljava/lang/Object;
    INVOKESTATIC org/evosuite/testcarver/capture/Capturer.enable (ILjava/lang/Object;Ljava/lang/Object;)V
    RETURN
    MAXSTACK = 7
    MAXLOCALS = 0
}
INFO  org.evosuite.testcarver.extraction.CarvingClassLoader - Keeping class: com.examples.with.different.packagename.testcarver.ObjectWrapperSetTest
INFO  org.evosuite.testcarver.extraction.CarvingRunListener - Not yet reached maximum time to carve unit tests - executing test with carver
INFO  org.evosuite.testcarver.capture.Capturer - Starting Capturer...
INFO  org.evosuite.testcarver.capture.Capturer - Capturer has been started successfully
INFO  org.evosuite.testcarver.capture.Capturer - Stopping Capturer...
INFO  org.evosuite.testcarver.capture.Capturer - Capturer has been stopped successfully
INFO  evo_logger -  - Carving test com.examples.with.different.packagename.testcarver.ObjectWrapperSetTest.test01
INFO  org.evosuite.testcarver.extraction.CarvingRunListener - Carved test of length 13
INFO  org.evosuite.utils.generic.GenericTypeInference - Type map empty
INFO  org.evosuite.utils.generic.GenericTypeInference - Has types: java.util.HashSet<E>
INFO  org.evosuite.utils.generic.GenericTypeInference - Initial type map: {E=E, E=E}
INFO  org.evosuite.utils.generic.GenericTypeInference - Found relevant statement: boolean boolean0 = hashSet0.add((Object) long0)
INFO  org.evosuite.utils.generic.GenericTypeInference - Resulting map: {E=long}
INFO  org.evosuite.utils.generic.GenericTypeInference - Found relevant statement: boolean boolean0 = hashSet0.add((Object) long0)
INFO  org.evosuite.utils.generic.GenericTypeInference - Resulting map: {E=long}
INFO  org.evosuite.utils.generic.GenericTypeInference - Variable is in map: E
INFO  org.evosuite.utils.generic.GenericTypeInference - Setting types based on map: {E=null, E=null, E=long}
INFO  org.evosuite.utils.generic.GenericTypeInference - New type: java.util.HashSet()V
INFO  org.evosuite.utils.generic.GenericTypeInference - Updating callee of statement boolean boolean0 = hashSet0.add((Object) long0)
INFO  org.evosuite.utils.generic.GenericTypeInference - Result: boolean boolean0 = hashSet0.add((Long) long0)
INFO  org.evosuite.utils.generic.GenericTypeInference - Updating callee of statement boolean boolean0 = hashSet0.add((Object) long0)
INFO  org.evosuite.utils.generic.GenericTypeInference - Result: boolean boolean0 = hashSet0.add((Long) long0)
INFO  org.evosuite.utils.generic.GenericTypeInference - Type map empty
INFO  org.evosuite.testcarver.extraction.CarvingManager - Result: 0/1
INFO  org.evosuite.testcase.execution.TestCaseExecutor - No stalled threads
INFO  org.evosuite.testcarver.extraction.CarvingManager - Adding carved test without exception
INFO  org.evosuite.testcarver.extraction.CarvingManager - ObjectWrapper objectWrapper0 = new ObjectWrapper();
objectWrapper0.get();
long long0 = 48L;
long long1 = 47L;
HashSet<Long> hashSet0 = new HashSet<Long>();
hashSet0.add((Long) long0);
hashSet0.add((Long) long1);
objectWrapper0.set(hashSet0);
objectWrapper0.get();
ObjectWrapper objectWrapper1 = new ObjectWrapper();
objectWrapper1.set(long1);
objectWrapper0.get();
objectWrapper1.get();

INFO  evo_logger -  -> Carved 1 tests for class class com.examples.with.different.packagename.testcarver.ObjectWrapper from existing JUnit tests
INFO  evo_logger - * Using 1 carved tests from existing JUnit tests for seeding
INFO  org.evosuite.coverage.branch.BranchCoverageSuiteFitness - Total branch coverage goals: 3
INFO  org.evosuite.coverage.branch.BranchCoverageSuiteFitness - Total branches: 0
INFO  org.evosuite.coverage.branch.BranchCoverageSuiteFitness - Total branchless methods: 3
INFO  org.evosuite.coverage.branch.BranchCoverageSuiteFitness - Total methods: 3: [com.examples.with.different.packagename.testcarver.ObjectWrapper.get()Ljava/lang/Object;, com.examples.with.different.packagename.testcarver.ObjectWrapper.set(Ljava/lang/Object;)V, com.examples.with.different.packagename.testcarver.ObjectWrapper.<init>()V]
INFO  org.evosuite.coverage.branch.BranchCoverageSuiteFitness - (Methods) Best individual covers 0/0 branches and 3/3 methods
INFO  org.evosuite.coverage.branch.BranchCoverageSuiteFitness - Fitness: 0.0, size: 1, length: 13
INFO  org.evosuite.coverage.branch.BranchCoverageSuiteFitness - (Fitness) Best individual covers 0/0 branches and 3/3 methods
INFO  org.evosuite.coverage.branch.BranchCoverageSuiteFitness - Fitness: 0.0, size: 1, length: 13
INFO  org.evosuite.testcase.factories.JUnitTestCarvedChromosomeFactory - Cloning user test
INFO  org.evosuite.TestGenerationContext - *** Resetting context
INFO  org.evosuite.testcase.execution.TestCaseExecutor - TestCaseExecutor instance is non-null, but its actual executor is null
INFO  org.evosuite.TestGenerationContext - *** Resetting context
INFO  org.evosuite.testcase.execution.TestCaseExecutor - TestCaseExecutor instance is non-null, but its actual executor is null
INFO  org.evosuite.instrumentation.InstrumentingClassLoader - Seeing class for first time: com.examples.with.different.packagename.testcarver.DateConverter
INFO  org.evosuite.instrumentation.BytecodeInstrumentation - Starting transformation of com/examples/with/different/packagename/testcarver/DateConverter
INFO  org.evosuite.instrumentation.testability.StringTransformation - Current method: <init>
INFO  org.evosuite.instrumentation.testability.StringTransformation - Current method: <init>
INFO  org.evosuite.instrumentation.testability.StringTransformation - Current method: getDefaultType
INFO  org.evosuite.runtime.instrumentation.MethodCallReplacementClassAdapter - Adding mock interface to class com/examples/with/different/packagename/testcarver/DateConverter
INFO  org.evosuite.graphs.cfg.CFGClassAdapter - Analyzing CFG of com/examples/with/different/packagename/testcarver/DateConverter
INFO  org.evosuite.graphs.cfg.CFGMethodAdapter - Analyzing method <init>()V in class com.examples.with.different.packagename.testcarver.DateConverter
INFO  org.evosuite.graphs.cfg.CFGMethodAdapter - Generating CFG for method <init>()V
INFO  org.evosuite.graphs.cfg.RawControlFlowGraph - Creating new RawCFG for com.examples.with.different.packagename.testcarver.DateConverter.<init>()V: 0
INFO  org.evosuite.graphs.cfg.CFGMethodAdapter - Created CFG for method <init>()V
INFO  org.evosuite.graphs.cfg.CFGMethodAdapter - Instrumenting method <init>()V in class com.examples.with.different.packagename.testcarver.DateConverter
INFO  org.evosuite.graphs.cfg.CFGClassAdapter - Analyzing CFG of com/examples/with/different/packagename/testcarver/DateConverter
INFO  org.evosuite.graphs.cfg.CFGMethodAdapter - Analyzing method <init>(Ljava/lang/Object;)V in class com.examples.with.different.packagename.testcarver.DateConverter
INFO  org.evosuite.graphs.cfg.CFGMethodAdapter - Generating CFG for method <init>(Ljava/lang/Object;)V
INFO  org.evosuite.graphs.cfg.RawControlFlowGraph - Creating new RawCFG for com.examples.with.different.packagename.testcarver.DateConverter.<init>(Ljava/lang/Object;)V: 0
INFO  org.evosuite.graphs.cfg.CFGMethodAdapter - Created CFG for method <init>(Ljava/lang/Object;)V
INFO  org.evosuite.graphs.cfg.CFGMethodAdapter - Instrumenting method <init>(Ljava/lang/Object;)V in class com.examples.with.different.packagename.testcarver.DateConverter
INFO  org.evosuite.graphs.cfg.CFGClassAdapter - Analyzing CFG of com/examples/with/different/packagename/testcarver/DateConverter
INFO  org.evosuite.graphs.cfg.CFGMethodAdapter - Analyzing method getDefaultType()Ljava/lang/Class; in class com.examples.with.different.packagename.testcarver.DateConverter
INFO  org.evosuite.graphs.cfg.CFGMethodAdapter - Generating CFG for method getDefaultType()Ljava/lang/Class;
INFO  org.evosuite.graphs.cfg.RawControlFlowGraph - Creating new RawCFG for com.examples.with.different.packagename.testcarver.DateConverter.getDefaultType()Ljava/lang/Class;: 0
INFO  org.evosuite.graphs.cfg.CFGMethodAdapter - Created CFG for method getDefaultType()Ljava/lang/Class;
INFO  org.evosuite.graphs.cfg.CFGMethodAdapter - Instrumenting method getDefaultType()Ljava/lang/Class; in class com.examples.with.different.packagename.testcarver.DateConverter
INFO  org.evosuite.runtime.instrumentation.CreateClassResetClassAdapter - Creating brand-new static initializer in class com/examples/with/different/packagename/testcarver/DateConverter
INFO  org.evosuite.instrumentation.InstrumentingClassLoader - Seeing class for first time: com.examples.with.different.packagename.testcarver.DateTimeConverter
INFO  org.evosuite.instrumentation.BytecodeInstrumentation - Starting transformation of com/examples/with/different/packagename/testcarver/DateTimeConverter
INFO  org.evosuite.runtime.instrumentation.MethodCallReplacementClassAdapter - Adding mock interface to class com/examples/with/different/packagename/testcarver/DateTimeConverter
INFO  org.evosuite.runtime.instrumentation.CreateClassResetClassAdapter - Creating brand-new static initializer in class com/examples/with/different/packagename/testcarver/DateTimeConverter
INFO  org.evosuite.instrumentation.InstrumentingClassLoader - Seeing class for first time: com.examples.with.different.packagename.testcarver.AbstractConverter
INFO  org.evosuite.instrumentation.BytecodeInstrumentation - Starting transformation of com/examples/with/different/packagename/testcarver/AbstractConverter
INFO  org.evosuite.runtime.instrumentation.MethodCallReplacementClassAdapter - Adding mock interface to class com/examples/with/different/packagename/testcarver/AbstractConverter
INFO  org.evosuite.instrumentation.EndOfClassInitializerVisitor - Creating <clinit> in class com/examples/with/different/packagename/testcarver/AbstractConverter
INFO  org.evosuite.runtime.instrumentation.CreateClassResetClassAdapter - Found static initializer in class com/examples/with/different/packagename/testcarver/AbstractConverter
INFO  org.evosuite.instrumentation.InstrumentingClassLoader - Seeing class for first time: com.examples.with.different.packagename.testcarver.Converter
INFO  org.evosuite.instrumentation.BytecodeInstrumentation - Starting transformation of com/examples/with/different/packagename/testcarver/Converter
INFO  org.evosuite.instrumentation.InstrumentingClassLoader - Loaded class: com.examples.with.different.packagename.testcarver.Converter
INFO  org.evosuite.instrumentation.InstrumentingClassLoader - Loaded class: com.examples.with.different.packagename.testcarver.AbstractConverter
INFO  org.evosuite.instrumentation.InstrumentingClassLoader - Loaded class: com.examples.with.different.packagename.testcarver.DateTimeConverter
INFO  org.evosuite.instrumentation.InstrumentingClassLoader - Loaded class: com.examples.with.different.packagename.testcarver.DateConverter
INFO  evo_logger - * Executing tests from 1 test class for carving
INFO  org.evosuite.testcarver.extraction.CarvingClassLoader - Seeing class for first time: com.examples.with.different.packagename.testcarver.DateConverter
WARN  org.evosuite.testcarver.extraction.CarvingClassLoader - Instrumenting class 'com.examples.with.different.packagename.testcarver.DateConverter'.
INFO  org.evosuite.testcarver.instrument.Instrumenter - Checking package com.examples.with.different.packagename.testcarver for class com/examples/with/different/packagename/testcarver/DateConverter
// class version 52.0 (52)
// access flags 0x31
public final class com/examples/with/different/packagename/testcarver/DateConverter extends com/examples/with/different/packagename/testcarver/DateTimeConverter {

  // compiled from: DateConverter.java

  // access flags 0x2
  private _sw_prototype_original_init_sw_prototype_original_()V
    ALOAD 0
    INVOKESTATIC org/evosuite/testcarver/capture/FieldRegistry.register (Ljava/lang/Object;)V
   L0
    LINENUMBER 47 L0
    RETURN
   L1
    LOCALVARIABLE this Lcom/examples/with/different/packagename/testcarver/DateConverter; L2 L1 0
    MAXSTACK = 5
    MAXLOCALS = 1

  // access flags 0x2
  private _sw_prototype_original_init_sw_prototype_original_(Ljava/lang/Object;)V
    ALOAD 0
    INVOKESTATIC org/evosuite/testcarver/capture/FieldRegistry.register (Ljava/lang/Object;)V
   L0
    LINENUMBER 59 L0
    RETURN
   L1
    LOCALVARIABLE this Lcom/examples/with/different/packagename/testcarver/DateConverter; L2 L1 0
    LOCALVARIABLE defaultValue Ljava/lang/Object; L2 L1 1
    MAXSTACK = 6
    MAXLOCALS = 2

  // access flags 0x4
  protected getDefaultType()Ljava/lang/Class;
   L0
    LINENUMBER 67 L0
    LDC Ljava/util/Date;.class
    ARETURN
   L1
    LOCALVARIABLE this Lcom/examples/with/different/packagename/testcarver/DateConverter; L0 L1 0
    MAXSTACK = 1
    MAXLOCALS = 1

  // access flags 0x1
  public <init>()V
    TRYCATCHBLOCK L0 L1 L1 java/lang/Throwable
   L2
    LINENUMBER 46 L2
    ALOAD 0
    INVOKESPECIAL com/examples/with/different/packagename/testcarver/DateTimeConverter.<init> ()V
   L0
    LDC -2147483644
    ALOAD 0
    LDC "<init>"
    LDC "()V"
    BIPUSH 0
    ANEWARRAY java/lang/Object
    INVOKESTATIC org/evosuite/testcarver/capture/Capturer.capture (ILjava/lang/Object;Ljava/lang/String;Ljava/lang/String;[Ljava/lang/Object;)V
    ALOAD 0
    INVOKEVIRTUAL com/examples/with/different/packagename/testcarver/DateConverter._sw_prototype_original_init_sw_prototype_original_ ()V
    GOTO L3
   L1
   FRAME SAME1 java/lang/Throwable
    ASTORE 1
    LDC -2147483644
    ALOAD 0
    GETSTATIC org/evosuite/testcarver/capture/CaptureLog.RETURN_TYPE_VOID : Ljava/lang/Object;
    INVOKESTATIC org/evosuite/testcarver/capture/Capturer.enable (ILjava/lang/Object;Ljava/lang/Object;)V
    ALOAD 1
    ATHROW
   L3
   FRAME SAME
    LDC -2147483644
    ALOAD 0
    GETSTATIC org/evosuite/testcarver/capture/CaptureLog.RETURN_TYPE_VOID : Ljava/lang/Object;
    INVOKESTATIC org/evosuite/testcarver/capture/Capturer.enable (ILjava/lang/Object;Ljava/lang/Object;)V
    RETURN
    MAXSTACK = 5
    MAXLOCALS = 0

  // access flags 0x1
  public <init>(Ljava/lang/Object;)V
    TRYCATCHBLOCK L0 L1 L1 java/lang/Throwable
   L2
    LINENUMBER 58 L2
    ALOAD 0
    ALOAD 1
    INVOKESPECIAL com/examples/with/different/packagename/testcarver/DateTimeConverter.<init> (Ljava/lang/Object;)V
   L0
    LDC -2147483643
    ALOAD 0
    LDC "<init>"
    LDC "(Ljava/lang/Object;)V"
    BIPUSH 1
    ANEWARRAY java/lang/Object
    DUP
    BIPUSH 0
    ALOAD 1
    AASTORE
    INVOKESTATIC org/evosuite/testcarver/capture/Capturer.capture (ILjava/lang/Object;Ljava/lang/String;Ljava/lang/String;[Ljava/lang/Object;)V
    ALOAD 0
    ALOAD 1
    INVOKEVIRTUAL com/examples/with/different/packagename/testcarver/DateConverter._sw_prototype_original_init_sw_prototype_original_ (Ljava/lang/Object;)V
    GOTO L3
   L1
   FRAME SAME1 java/lang/Throwable
    ASTORE 2
    LDC -2147483643
    ALOAD 0
    GETSTATIC org/evosuite/testcarver/capture/CaptureLog.RETURN_TYPE_VOID : Ljava/lang/Object;
    INVOKESTATIC org/evosuite/testcarver/capture/Capturer.enable (ILjava/lang/Object;Ljava/lang/Object;)V
    ALOAD 2
    ATHROW
   L3
   FRAME SAME
    LDC -2147483643
    ALOAD 0
    GETSTATIC org/evosuite/testcarver/capture/CaptureLog.RETURN_TYPE_VOID : Ljava/lang/Object;
    INVOKESTATIC org/evosuite/testcarver/capture/Capturer.enable (ILjava/lang/Object;Ljava/lang/Object;)V
    RETURN
    MAXSTACK = 6
    MAXLOCALS = 0
}
INFO  org.evosuite.testcarver.extraction.CarvingClassLoader - Seeing class for first time: com.examples.with.different.packagename.testcarver.DateTimeConverter
WARN  org.evosuite.testcarver.extraction.CarvingClassLoader - Instrumenting class 'com.examples.with.different.packagename.testcarver.DateTimeConverter'.
INFO  org.evosuite.testcarver.instrument.Instrumenter - Checking package com.examples.with.different.packagename.testcarver for class com/examples/with/different/packagename/testcarver/DateTimeConverter
// class version 52.0 (52)
// access flags 0x421
public abstract class com/examples/with/different/packagename/testcarver/DateTimeConverter extends com/examples/with/different/packagename/testcarver/AbstractConverter {

  // compiled from: DateTimeConverter.java

  // access flags 0x2
  private [Ljava/lang/String; patterns

  // access flags 0x2
  private Ljava/lang/String; displayPatterns

  // access flags 0x2
  private Ljava/util/Locale; locale

  // access flags 0x2
  private Ljava/util/TimeZone; timeZone

  // access flags 0x2
  private Z useLocaleFormat

  // access flags 0x1
  public <init>()V
   L0
    LINENUMBER 99 L0
    ALOAD 0
    INVOKESPECIAL com/examples/with/different/packagename/testcarver/AbstractConverter.<init> ()V
   L1
    LINENUMBER 100 L1
    RETURN
   L2
    LOCALVARIABLE this Lcom/examples/with/different/packagename/testcarver/DateTimeConverter; L0 L2 0
    MAXSTACK = 1
    MAXLOCALS = 1

  // access flags 0x1
  public <init>(Ljava/lang/Object;)V
   L0
    LINENUMBER 111 L0
    ALOAD 0
    ALOAD 1
    INVOKESPECIAL com/examples/with/different/packagename/testcarver/AbstractConverter.<init> (Ljava/lang/Object;)V
   L1
    LINENUMBER 112 L1
    RETURN
   L2
    LOCALVARIABLE this Lcom/examples/with/different/packagename/testcarver/DateTimeConverter; L0 L2 0
    LOCALVARIABLE defaultValue Ljava/lang/Object; L0 L2 1
    MAXSTACK = 2
    MAXLOCALS = 2

  // access flags 0x2
  private _sw_prototype_original_setUseLocaleFormat(Z)V
   L0
    LINENUMBER 124 L0
    ALOAD 0
    ILOAD 1
    DUP2
    PUTFIELD com/examples/with/different/packagename/testcarver/DateTimeConverter.useLocaleFormat : Z
    POP
    LDC -2147483642
    LDC "com/examples/with/different/packagename/testcarver/DateTimeConverter"
    LDC "useLocaleFormat"
    LDC "Z"
    INVOKESTATIC org/evosuite/testcarver/capture/FieldRegistry.notifyModification (Ljava/lang/Object;ILjava/lang/String;Ljava/lang/String;Ljava/lang/String;)V
   L1
    LINENUMBER 125 L1
    RETURN
   L2
    LOCALVARIABLE this Lcom/examples/with/different/packagename/testcarver/DateTimeConverter; L0 L2 0
    LOCALVARIABLE useLocaleFormat Z L0 L2 1
    MAXSTACK = 6
    MAXLOCALS = 2

  // access flags 0x2
  private _sw_prototype_original_getTimeZone()Ljava/util/TimeZone;
   L0
    LINENUMBER 134 L0
    ALOAD 0
    DUP
    GETFIELD com/examples/with/different/packagename/testcarver/DateTimeConverter.timeZone : Ljava/util/TimeZone;
    SWAP
    LDC -2147483639
    LDC "com/examples/with/different/packagename/testcarver/DateTimeConverter"
    LDC "timeZone"
    LDC "Ljava/util/TimeZone;"
    INVOKESTATIC org/evosuite/testcarver/capture/FieldRegistry.notifyReadAccess (Ljava/lang/Object;ILjava/lang/String;Ljava/lang/String;Ljava/lang/String;)V
    ARETURN
   L1
    LOCALVARIABLE this Lcom/examples/with/different/packagename/testcarver/DateTimeConverter; L0 L1 0
    MAXSTACK = 5
    MAXLOCALS = 1

  // access flags 0x2
  private _sw_prototype_original_setTimeZone(Ljava/util/TimeZone;)V
   L0
    LINENUMBER 143 L0
    ALOAD 0
    ALOAD 1
    DUP2
    PUTFIELD com/examples/with/different/packagename/testcarver/DateTimeConverter.timeZone : Ljava/util/TimeZone;
    POP
    LDC -2147483637
    LDC "com/examples/with/different/packagename/testcarver/DateTimeConverter"
    LDC "timeZone"
    LDC "Ljava/util/TimeZone;"
    INVOKESTATIC org/evosuite/testcarver/capture/FieldRegistry.notifyModification (Ljava/lang/Object;ILjava/lang/String;Ljava/lang/String;Ljava/lang/String;)V
   L1
    LINENUMBER 144 L1
    RETURN
   L2
    LOCALVARIABLE this Lcom/examples/with/different/packagename/testcarver/DateTimeConverter; L0 L2 0
    LOCALVARIABLE timeZone Ljava/util/TimeZone; L0 L2 1
    MAXSTACK = 6
    MAXLOCALS = 2

  // access flags 0x2
  private _sw_prototype_original_getLocale()Ljava/util/Locale;
   L0
    LINENUMBER 153 L0
    ALOAD 0
    DUP
    GETFIELD com/examples/with/different/packagename/testcarver/DateTimeConverter.locale : Ljava/util/Locale;
    SWAP
    LDC -2147483634
    LDC "com/examples/with/different/packagename/testcarver/DateTimeConverter"
    LDC "locale"
    LDC "Ljava/util/Locale;"
    INVOKESTATIC org/evosuite/testcarver/capture/FieldRegistry.notifyReadAccess (Ljava/lang/Object;ILjava/lang/String;Ljava/lang/String;Ljava/lang/String;)V
    ARETURN
   L1
    LOCALVARIABLE this Lcom/examples/with/different/packagename/testcarver/DateTimeConverter; L0 L1 0
    MAXSTACK = 5
    MAXLOCALS = 1

  // access flags 0x2
  private _sw_prototype_original_setLocale(Ljava/util/Locale;)V
   L0
    LINENUMBER 162 L0
    ALOAD 0
    ALOAD 1
    DUP2
    PUTFIELD com/examples/with/different/packagename/testcarver/DateTimeConverter.locale : Ljava/util/Locale;
    POP
    LDC -2147483632
    LDC "com/examples/with/different/packagename/testcarver/DateTimeConverter"
    LDC "locale"
    LDC "Ljava/util/Locale;"
    INVOKESTATIC org/evosuite/testcarver/capture/FieldRegistry.notifyModification (Ljava/lang/Object;ILjava/lang/String;Ljava/lang/String;Ljava/lang/String;)V
   L1
    LINENUMBER 163 L1
    ALOAD 0
    ICONST_1
    INVOKEVIRTUAL com/examples/with/different/packagename/testcarver/DateTimeConverter.setUseLocaleFormat (Z)V
   L2
    LINENUMBER 164 L2
    RETURN
   L3
    LOCALVARIABLE this Lcom/examples/with/different/packagename/testcarver/DateTimeConverter; L0 L3 0
    LOCALVARIABLE locale Ljava/util/Locale; L0 L3 1
    MAXSTACK = 6
    MAXLOCALS = 2

  // access flags 0x2
  private _sw_prototype_original_setPattern(Ljava/lang/String;)V
   L0
    LINENUMBER 174 L0
    ALOAD 0
    ICONST_1
    ANEWARRAY java/lang/String
    DUP
    ICONST_0
    ALOAD 1
    AASTORE
    INVOKEVIRTUAL com/examples/with/different/packagename/testcarver/DateTimeConverter.setPatterns ([Ljava/lang/String;)V
   L1
    LINENUMBER 175 L1
    RETURN
   L2
    LOCALVARIABLE this Lcom/examples/with/different/packagename/testcarver/DateTimeConverter; L0 L2 0
    LOCALVARIABLE pattern Ljava/lang/String; L0 L2 1
    MAXSTACK = 9
    MAXLOCALS = 2

  // access flags 0x2
  private _sw_prototype_original_getPatterns()[Ljava/lang/String;
   L0
    LINENUMBER 186 L0
    ALOAD 0
    DUP
    GETFIELD com/examples/with/different/packagename/testcarver/DateTimeConverter.patterns : [Ljava/lang/String;
    SWAP
    LDC -2147483628
    LDC "com/examples/with/different/packagename/testcarver/DateTimeConverter"
    LDC "patterns"
    LDC "[Ljava/lang/String;"
    INVOKESTATIC org/evosuite/testcarver/capture/FieldRegistry.notifyReadAccess (Ljava/lang/Object;ILjava/lang/String;Ljava/lang/String;Ljava/lang/String;)V
    ARETURN
   L1
    LOCALVARIABLE this Lcom/examples/with/different/packagename/testcarver/DateTimeConverter; L0 L1 0
    MAXSTACK = 5
    MAXLOCALS = 1

  // access flags 0x2
  private _sw_prototype_original_setPatterns([Ljava/lang/String;)V
   L0
    LINENUMBER 197 L0
    ALOAD 0
    ALOAD 1
    DUP2
    PUTFIELD com/examples/with/different/packagename/testcarver/DateTimeConverter.patterns : [Ljava/lang/String;
    POP
    LDC -2147483626
    LDC "com/examples/with/different/packagename/testcarver/DateTimeConverter"
    LDC "patterns"
    LDC "[Ljava/lang/String;"
    INVOKESTATIC org/evosuite/testcarver/capture/FieldRegistry.notifyModification (Ljava/lang/Object;ILjava/lang/String;Ljava/lang/String;Ljava/lang/String;)V
   L1
    LINENUMBER 198 L1
    ALOAD 1
    IFNULL L2
    ALOAD 1
    ARRAYLENGTH
    ICONST_1
    IF_ICMPLE L2
   L3
    LINENUMBER 199 L3
    NEW java/lang/StringBuffer
    DUP
    INVOKESPECIAL java/lang/StringBuffer.<init> ()V
    ASTORE 2
   L4
    LINENUMBER 200 L4
    ICONST_0
    ISTORE 3
   L5
    ILOAD 3
    ALOAD 1
    ARRAYLENGTH
    IF_ICMPGE L6
   L7
    LINENUMBER 201 L7
    ILOAD 3
    IFLE L8
   L9
    LINENUMBER 202 L9
    ALOAD 2
    LDC ", "
    INVOKEVIRTUAL java/lang/StringBuffer.append (Ljava/lang/String;)Ljava/lang/StringBuffer;
    POP
   L8
    LINENUMBER 204 L8
    ALOAD 2
    ALOAD 1
    ILOAD 3
    AALOAD
    INVOKEVIRTUAL java/lang/StringBuffer.append (Ljava/lang/String;)Ljava/lang/StringBuffer;
    POP
   L10
    LINENUMBER 200 L10
    IINC 3 1
    GOTO L5
   L6
    LINENUMBER 206 L6
    ALOAD 0
    ALOAD 2
    INVOKEVIRTUAL java/lang/StringBuffer.toString ()Ljava/lang/String;
    DUP2
    PUTFIELD com/examples/with/different/packagename/testcarver/DateTimeConverter.displayPatterns : Ljava/lang/String;
    POP
    LDC -2147483624
    LDC "com/examples/with/different/packagename/testcarver/DateTimeConverter"
    LDC "displayPatterns"
    LDC "Ljava/lang/String;"
    INVOKESTATIC org/evosuite/testcarver/capture/FieldRegistry.notifyModification (Ljava/lang/Object;ILjava/lang/String;Ljava/lang/String;Ljava/lang/String;)V
   L2
    LINENUMBER 208 L2
    ALOAD 0
    ICONST_1
    INVOKEVIRTUAL com/examples/with/different/packagename/testcarver/DateTimeConverter.setUseLocaleFormat (Z)V
   L11
    LINENUMBER 209 L11
    RETURN
   L12
    LOCALVARIABLE i I L5 L6 3
    LOCALVARIABLE buffer Ljava/lang/StringBuffer; L4 L2 2
    LOCALVARIABLE this Lcom/examples/with/different/packagename/testcarver/DateTimeConverter; L0 L12 0
    LOCALVARIABLE patterns [Ljava/lang/String; L0 L12 1
    MAXSTACK = 7
    MAXLOCALS = 4

  // access flags 0x4
  protected convertToString(Ljava/lang/Object;)Ljava/lang/String; throws java/lang/Throwable
   L0
    LINENUMBER 228 L0
    ACONST_NULL
    ASTORE 2
   L1
    LINENUMBER 229 L1
    ALOAD 1
    INSTANCEOF java/util/Date
    IFEQ L2
   L3
    LINENUMBER 230 L3
    ALOAD 1
    CHECKCAST org/evosuite/testcarver/wrapper/java/util/Date
    ASTORE 2
    GOTO L4
   L2
    LINENUMBER 231 L2
    ALOAD 1
    INSTANCEOF java/util/Calendar
    IFEQ L5
   L6
    LINENUMBER 232 L6
    ALOAD 1
    CHECKCAST org/evosuite/testcarver/wrapper/java/util/Calendar
    INVOKESTATIC org/evosuite/testcarver/wrapper/java/util/Calendar.getTime (Ljava/util/Calendar;)Ljava/util/Date;
    ASTORE 2
    GOTO L4
   L5
    LINENUMBER 233 L5
    ALOAD 1
    INSTANCEOF java/lang/Long
    IFEQ L4
   L7
    LINENUMBER 234 L7
    NEW org/evosuite/testcarver/wrapper/java/util/Date
    DUP
    ALOAD 1
    CHECKCAST java/lang/Long
    INVOKEVIRTUAL java/lang/Long.longValue ()J
    INVOKESPECIAL org/evosuite/testcarver/wrapper/java/util/Date.<init> (J)V
    ASTORE 2
   L4
    LINENUMBER 237 L4
    ACONST_NULL
    ASTORE 3
   L8
    LINENUMBER 238 L8
    ALOAD 0
    GETFIELD com/examples/with/different/packagename/testcarver/DateTimeConverter.useLocaleFormat : Z
    IFEQ L9
    ALOAD 2
    IFNULL L9
   L10
    LINENUMBER 239 L10
    ACONST_NULL
    ASTORE 4
   L11
    LINENUMBER 240 L11
    ALOAD 0
    GETFIELD com/examples/with/different/packagename/testcarver/DateTimeConverter.patterns : [Ljava/lang/String;
    IFNULL L12
    ALOAD 0
    GETFIELD com/examples/with/different/packagename/testcarver/DateTimeConverter.patterns : [Ljava/lang/String;
    ARRAYLENGTH
    IFLE L12
   L13
    LINENUMBER 241 L13
    ALOAD 0
    ALOAD 0
    GETFIELD com/examples/with/different/packagename/testcarver/DateTimeConverter.patterns : [Ljava/lang/String;
    ICONST_0
    AALOAD
    INVOKESPECIAL com/examples/with/different/packagename/testcarver/DateTimeConverter.getFormat (Ljava/lang/String;)Ljava/text/DateFormat;
    ASTORE 4
    GOTO L14
   L12
    LINENUMBER 243 L12
    ALOAD 0
    ALOAD 0
    GETFIELD com/examples/with/different/packagename/testcarver/DateTimeConverter.locale : Ljava/util/Locale;
    ALOAD 0
    GETFIELD com/examples/with/different/packagename/testcarver/DateTimeConverter.timeZone : Ljava/util/TimeZone;
    INVOKEVIRTUAL com/examples/with/different/packagename/testcarver/DateTimeConverter.getFormat (Ljava/util/Locale;Ljava/util/TimeZone;)Ljava/text/DateFormat;
    ASTORE 4
   L14
    LINENUMBER 245 L14
    ALOAD 0
    LDC "Formatting"
    ALOAD 4
    INVOKESPECIAL com/examples/with/different/packagename/testcarver/DateTimeConverter.logFormat (Ljava/lang/String;Ljava/text/DateFormat;)V
   L15
    LINENUMBER 246 L15
    ALOAD 4
    ALOAD 2
    INVOKESTATIC org/evosuite/testcarver/wrapper/java/text/DateFormat.format (Ljava/text/DateFormat;Ljava/util/Date;)Ljava/lang/String;
    ASTORE 3
   L16
    LINENUMBER 247 L16
    GOTO L17
   L9
    LINENUMBER 248 L9
    ALOAD 1
    INVOKEVIRTUAL java/lang/Object.toString ()Ljava/lang/String;
    ASTORE 3
   L17
    LINENUMBER 250 L17
    ALOAD 3
    ARETURN
   L18
    LOCALVARIABLE format Ljava/text/DateFormat; L11 L16 4
    LOCALVARIABLE this Lcom/examples/with/different/packagename/testcarver/DateTimeConverter; L0 L18 0
    LOCALVARIABLE value Ljava/lang/Object; L0 L18 1
    LOCALVARIABLE date Ljava/util/Date; L1 L18 2
    LOCALVARIABLE result Ljava/lang/String; L8 L18 3
    MAXSTACK = 4
    MAXLOCALS = 5

  // access flags 0x4
  protected convertToType(Ljava/lang/Class;Ljava/lang/Object;)Ljava/lang/Object; throws java/lang/Exception
   L0
    LINENUMBER 284 L0
    ALOAD 2
    INVOKEVIRTUAL java/lang/Object.getClass ()Ljava/lang/Class;
    ASTORE 3
   L1
    LINENUMBER 287 L1
    ALOAD 2
    INSTANCEOF java/sql/Timestamp
    IFEQ L2
   L3
    LINENUMBER 293 L3
    ALOAD 2
    CHECKCAST java/sql/Timestamp
    ASTORE 4
   L4
    LINENUMBER 294 L4
    ALOAD 4
    INVOKEVIRTUAL java/sql/Timestamp.getTime ()J
    LDC 1000L
    LDIV
    LDC 1000L
    LMUL
    LSTORE 5
   L5
    LINENUMBER 295 L5
    LLOAD 5
    ALOAD 4
    INVOKEVIRTUAL java/sql/Timestamp.getNanos ()I
    LDC 1000000
    IDIV
    I2L
    LADD
    LSTORE 5
   L6
    LINENUMBER 297 L6
    ALOAD 0
    ALOAD 1
    LLOAD 5
    INVOKESPECIAL com/examples/with/different/packagename/testcarver/DateTimeConverter.toDate (Ljava/lang/Class;J)Ljava/lang/Object;
    ARETURN
   L2
    LINENUMBER 301 L2
    ALOAD 2
    INSTANCEOF java/util/Date
    IFEQ L7
   L8
    LINENUMBER 302 L8
    ALOAD 2
    CHECKCAST org/evosuite/testcarver/wrapper/java/util/Date
    ASTORE 4
   L9
    LINENUMBER 303 L9
    ALOAD 0
    ALOAD 1
    ALOAD 4
    INVOKEVIRTUAL java/util/Date.getTime ()J
    INVOKESPECIAL com/examples/with/different/packagename/testcarver/DateTimeConverter.toDate (Ljava/lang/Class;J)Ljava/lang/Object;
    ARETURN
   L7
    LINENUMBER 307 L7
    ALOAD 2
    INSTANCEOF java/util/Calendar
    IFEQ L10
   L11
    LINENUMBER 308 L11
    ALOAD 2
    CHECKCAST org/evosuite/testcarver/wrapper/java/util/Calendar
    ASTORE 4
   L12
    LINENUMBER 309 L12
    ALOAD 0
    ALOAD 1
    ALOAD 4
    INVOKESTATIC org/evosuite/testcarver/wrapper/java/util/Calendar.getTime (Ljava/util/Calendar;)Ljava/util/Date;
    INVOKEVIRTUAL java/util/Date.getTime ()J
    INVOKESPECIAL com/examples/with/different/packagename/testcarver/DateTimeConverter.toDate (Ljava/lang/Class;J)Ljava/lang/Object;
    ARETURN
   L10
    LINENUMBER 313 L10
    ALOAD 2
    INSTANCEOF java/lang/Long
    IFEQ L13
   L14
    LINENUMBER 314 L14
    ALOAD 2
    CHECKCAST java/lang/Long
    ASTORE 4
   L15
    LINENUMBER 315 L15
    ALOAD 0
    ALOAD 1
    ALOAD 4
    INVOKEVIRTUAL java/lang/Long.longValue ()J
    INVOKESPECIAL com/examples/with/different/packagename/testcarver/DateTimeConverter.toDate (Ljava/lang/Class;J)Ljava/lang/Object;
    ARETURN
   L13
    LINENUMBER 319 L13
    ALOAD 2
    INVOKEVIRTUAL java/lang/Object.toString ()Ljava/lang/String;
    INVOKEVIRTUAL java/lang/String.trim ()Ljava/lang/String;
    ASTORE 4
   L16
    LINENUMBER 320 L16
    ALOAD 4
    INVOKEVIRTUAL java/lang/String.length ()I
    IFNE L17
   L18
    LINENUMBER 321 L18
    ALOAD 0
    ALOAD 1
    INVOKEVIRTUAL com/examples/with/different/packagename/testcarver/DateTimeConverter.handleMissing (Ljava/lang/Class;)Ljava/lang/Object;
    ARETURN
   L17
    LINENUMBER 325 L17
    ALOAD 0
    GETFIELD com/examples/with/different/packagename/testcarver/DateTimeConverter.useLocaleFormat : Z
    IFEQ L19
   L20
    LINENUMBER 326 L20
    ACONST_NULL
    ASTORE 5
   L21
    LINENUMBER 327 L21
    ALOAD 0
    GETFIELD com/examples/with/different/packagename/testcarver/DateTimeConverter.patterns : [Ljava/lang/String;
    IFNULL L22
    ALOAD 0
    GETFIELD com/examples/with/different/packagename/testcarver/DateTimeConverter.patterns : [Ljava/lang/String;
    ARRAYLENGTH
    IFLE L22
   L23
    LINENUMBER 328 L23
    ALOAD 0
    ALOAD 3
    ALOAD 1
    ALOAD 4
    INVOKESPECIAL com/examples/with/different/packagename/testcarver/DateTimeConverter.parse (Ljava/lang/Class;Ljava/lang/Class;Ljava/lang/String;)Ljava/util/Calendar;
    ASTORE 5
    GOTO L24
   L22
    LINENUMBER 330 L22
    ALOAD 0
    ALOAD 0
    GETFIELD com/examples/with/different/packagename/testcarver/DateTimeConverter.locale : Ljava/util/Locale;
    ALOAD 0
    GETFIELD com/examples/with/different/packagename/testcarver/DateTimeConverter.timeZone : Ljava/util/TimeZone;
    INVOKEVIRTUAL com/examples/with/different/packagename/testcarver/DateTimeConverter.getFormat (Ljava/util/Locale;Ljava/util/TimeZone;)Ljava/text/DateFormat;
    ASTORE 6
   L25
    LINENUMBER 331 L25
    ALOAD 0
    ALOAD 3
    ALOAD 1
    ALOAD 4
    ALOAD 6
    INVOKESPECIAL com/examples/with/different/packagename/testcarver/DateTimeConverter.parse (Ljava/lang/Class;Ljava/lang/Class;Ljava/lang/String;Ljava/text/DateFormat;)Ljava/util/Calendar;
    ASTORE 5
   L24
    LINENUMBER 333 L24
    LDC Ljava/util/Calendar;.class
    ALOAD 1
    INVOKEVIRTUAL java/lang/Class.isAssignableFrom (Ljava/lang/Class;)Z
    IFEQ L26
   L27
    LINENUMBER 334 L27
    ALOAD 5
    ARETURN
   L26
    LINENUMBER 336 L26
    ALOAD 0
    ALOAD 1
    ALOAD 5
    INVOKESTATIC org/evosuite/testcarver/wrapper/java/util/Calendar.getTime (Ljava/util/Calendar;)Ljava/util/Date;
    INVOKEVIRTUAL java/util/Date.getTime ()J
    INVOKESPECIAL com/examples/with/different/packagename/testcarver/DateTimeConverter.toDate (Ljava/lang/Class;J)Ljava/lang/Object;
    ARETURN
   L19
    LINENUMBER 341 L19
    ALOAD 0
    ALOAD 1
    ALOAD 4
    INVOKESPECIAL com/examples/with/different/packagename/testcarver/DateTimeConverter.toDate (Ljava/lang/Class;Ljava/lang/String;)Ljava/lang/Object;
    ARETURN
   L28
    LOCALVARIABLE timestamp Ljava/sql/Timestamp; L4 L2 4
    LOCALVARIABLE timeInMillis J L5 L2 5
    LOCALVARIABLE date Ljava/util/Date; L9 L7 4
    LOCALVARIABLE calendar Ljava/util/Calendar; L12 L10 4
    LOCALVARIABLE longObj Ljava/lang/Long; L15 L13 4
    LOCALVARIABLE format Ljava/text/DateFormat; L25 L24 6
    LOCALVARIABLE calendar Ljava/util/Calendar; L21 L19 5
    LOCALVARIABLE this Lcom/examples/with/different/packagename/testcarver/DateTimeConverter; L0 L28 0
    LOCALVARIABLE targetType Ljava/lang/Class; L0 L28 1
    LOCALVARIABLE value Ljava/lang/Object; L0 L28 2
    LOCALVARIABLE sourceType Ljava/lang/Class; L1 L28 3
    LOCALVARIABLE stringValue Ljava/lang/String; L16 L28 4
    MAXSTACK = 5
    MAXLOCALS = 7

  // access flags 0x2
  private toDate(Ljava/lang/Class;J)Ljava/lang/Object;
   L0
    LINENUMBER 366 L0
    ALOAD 1
    LDC Ljava/util/Date;.class
    INVOKEVIRTUAL java/lang/Object.equals (Ljava/lang/Object;)Z
    IFEQ L1
   L2
    LINENUMBER 367 L2
    NEW org/evosuite/testcarver/wrapper/java/util/Date
    DUP
    LLOAD 2
    INVOKESPECIAL org/evosuite/testcarver/wrapper/java/util/Date.<init> (J)V
    ARETURN
   L1
    LINENUMBER 371 L1
    ALOAD 1
    LDC Ljava/sql/Date;.class
    INVOKEVIRTUAL java/lang/Object.equals (Ljava/lang/Object;)Z
    IFEQ L3
   L4
    LINENUMBER 372 L4
    NEW java/sql/Date
    DUP
    LLOAD 2
    INVOKESPECIAL java/sql/Date.<init> (J)V
    ARETURN
   L3
    LINENUMBER 376 L3
    ALOAD 1
    LDC Ljava/sql/Time;.class
    INVOKEVIRTUAL java/lang/Object.equals (Ljava/lang/Object;)Z
    IFEQ L5
   L6
    LINENUMBER 377 L6
    NEW java/sql/Time
    DUP
    LLOAD 2
    INVOKESPECIAL java/sql/Time.<init> (J)V
    ARETURN
   L5
    LINENUMBER 381 L5
    ALOAD 1
    LDC Ljava/sql/Timestamp;.class
    INVOKEVIRTUAL java/lang/Object.equals (Ljava/lang/Object;)Z
    IFEQ L7
   L8
    LINENUMBER 382 L8
    NEW java/sql/Timestamp
    DUP
    LLOAD 2
    INVOKESPECIAL java/sql/Timestamp.<init> (J)V
    ARETURN
   L7
    LINENUMBER 386 L7
    ALOAD 1
    LDC Ljava/util/Calendar;.class
    INVOKEVIRTUAL java/lang/Object.equals (Ljava/lang/Object;)Z
    IFEQ L9
   L10
    LINENUMBER 387 L10
    ACONST_NULL
    ASTORE 4
   L11
    LINENUMBER 388 L11
    ALOAD 0
    GETFIELD com/examples/with/different/packagename/testcarver/DateTimeConverter.locale : Ljava/util/Locale;
    IFNONNULL L12
    ALOAD 0
    GETFIELD com/examples/with/different/packagename/testcarver/DateTimeConverter.timeZone : Ljava/util/TimeZone;
    IFNONNULL L12
   L13
    LINENUMBER 389 L13
    INVOKESTATIC org/evosuite/testcarver/wrapper/java/util/Calendar.getInstance ()Ljava/util/Calendar;
    ASTORE 4
    GOTO L14
   L12
    LINENUMBER 390 L12
    ALOAD 0
    GETFIELD com/examples/with/different/packagename/testcarver/DateTimeConverter.locale : Ljava/util/Locale;
    IFNONNULL L15
   L16
    LINENUMBER 391 L16
    ALOAD 0
    GETFIELD com/examples/with/different/packagename/testcarver/DateTimeConverter.timeZone : Ljava/util/TimeZone;
    INVOKESTATIC org/evosuite/testcarver/wrapper/java/util/Calendar.getInstance (Ljava/util/TimeZone;)Ljava/util/Calendar;
    ASTORE 4
    GOTO L14
   L15
    LINENUMBER 392 L15
    ALOAD 0
    GETFIELD com/examples/with/different/packagename/testcarver/DateTimeConverter.timeZone : Ljava/util/TimeZone;
    IFNONNULL L17
   L18
    LINENUMBER 393 L18
    ALOAD 0
    GETFIELD com/examples/with/different/packagename/testcarver/DateTimeConverter.locale : Ljava/util/Locale;
    INVOKESTATIC org/evosuite/testcarver/wrapper/java/util/Calendar.getInstance (Ljava/util/Locale;)Ljava/util/Calendar;
    ASTORE 4
    GOTO L14
   L17
    LINENUMBER 395 L17
    ALOAD 0
    GETFIELD com/examples/with/different/packagename/testcarver/DateTimeConverter.timeZone : Ljava/util/TimeZone;
    ALOAD 0
    GETFIELD com/examples/with/different/packagename/testcarver/DateTimeConverter.locale : Ljava/util/Locale;
    INVOKESTATIC org/evosuite/testcarver/wrapper/java/util/Calendar.getInstance (Ljava/util/TimeZone;Ljava/util/Locale;)Ljava/util/Calendar;
    ASTORE 4
   L14
    LINENUMBER 397 L14
    ALOAD 4
    NEW org/evosuite/testcarver/wrapper/java/util/Date
    DUP
    LLOAD 2
    INVOKESPECIAL org/evosuite/testcarver/wrapper/java/util/Date.<init> (J)V
    INVOKESTATIC org/evosuite/testcarver/wrapper/java/util/Calendar.setTime (Ljava/util/Calendar;Ljava/util/Date;)V
   L19
    LINENUMBER 398 L19
    ALOAD 4
    ICONST_0
    INVOKEVIRTUAL java/util/Calendar.setLenient (Z)V
   L20
    LINENUMBER 399 L20
    ALOAD 4
    ARETURN
   L9
    LINENUMBER 402 L9
    NEW java/lang/StringBuilder
    DUP
    INVOKESPECIAL java/lang/StringBuilder.<init> ()V
    ALOAD 0
    ALOAD 0
    INVOKEVIRTUAL java/lang/Object.getClass ()Ljava/lang/Class;
    INVOKEVIRTUAL com/examples/with/different/packagename/testcarver/DateTimeConverter.toString (Ljava/lang/Class;)Ljava/lang/String;
    INVOKEVIRTUAL java/lang/StringBuilder.append (Ljava/lang/String;)Ljava/lang/StringBuilder;
    LDC " cannot handle conversion to '"
    INVOKEVIRTUAL java/lang/StringBuilder.append (Ljava/lang/String;)Ljava/lang/StringBuilder;
    ALOAD 0
    ALOAD 1
   L21
    LINENUMBER 403 L21
    INVOKEVIRTUAL com/examples/with/different/packagename/testcarver/DateTimeConverter.toString (Ljava/lang/Class;)Ljava/lang/String;
    INVOKEVIRTUAL java/lang/StringBuilder.append (Ljava/lang/String;)Ljava/lang/StringBuilder;
    LDC "'"
    INVOKEVIRTUAL java/lang/StringBuilder.append (Ljava/lang/String;)Ljava/lang/StringBuilder;
    INVOKEVIRTUAL java/lang/StringBuilder.toString ()Ljava/lang/String;
    ASTORE 4
   L22
    LINENUMBER 404 L22
    NEW com/examples/with/different/packagename/testcarver/ConversionException
    DUP
    ALOAD 4
    INVOKESPECIAL com/examples/with/different/packagename/testcarver/ConversionException.<init> (Ljava/lang/String;)V
    ATHROW
   L23
    LOCALVARIABLE calendar Ljava/util/Calendar; L11 L9 4
    LOCALVARIABLE this Lcom/examples/with/different/packagename/testcarver/DateTimeConverter; L0 L23 0
    LOCALVARIABLE type Ljava/lang/Class; L0 L23 1
    LOCALVARIABLE value J L0 L23 2
    LOCALVARIABLE msg Ljava/lang/String; L22 L23 4
    MAXSTACK = 5
    MAXLOCALS = 5

  // access flags 0x2
  private toDate(Ljava/lang/Class;Ljava/lang/String;)Ljava/lang/Object;
    TRYCATCHBLOCK L0 L1 L2 java/lang/IllegalArgumentException
    TRYCATCHBLOCK L3 L4 L5 java/lang/IllegalArgumentException
    TRYCATCHBLOCK L6 L7 L8 java/lang/IllegalArgumentException
   L9
    LINENUMBER 427 L9
    ALOAD 1
    LDC Ljava/sql/Date;.class
    INVOKEVIRTUAL java/lang/Object.equals (Ljava/lang/Object;)Z
    IFEQ L10
   L0
    LINENUMBER 429 L0
    ALOAD 2
    INVOKESTATIC java/sql/Date.valueOf (Ljava/lang/String;)Ljava/sql/Date;
   L1
    ARETURN
   L2
    LINENUMBER 430 L2
    ASTORE 3
   L11
    LINENUMBER 431 L11
    NEW com/examples/with/different/packagename/testcarver/ConversionException
    DUP
    LDC "String must be in JDBC format [yyyy-MM-dd] to create a java.sql.Date"
    INVOKESPECIAL com/examples/with/different/packagename/testcarver/ConversionException.<init> (Ljava/lang/String;)V
    ATHROW
   L10
    LINENUMBER 437 L10
    ALOAD 1
    LDC Ljava/sql/Time;.class
    INVOKEVIRTUAL java/lang/Object.equals (Ljava/lang/Object;)Z
    IFEQ L12
   L3
    LINENUMBER 439 L3
    ALOAD 2
    INVOKESTATIC java/sql/Time.valueOf (Ljava/lang/String;)Ljava/sql/Time;
   L4
    ARETURN
   L5
    LINENUMBER 440 L5
    ASTORE 3
   L13
    LINENUMBER 441 L13
    NEW com/examples/with/different/packagename/testcarver/ConversionException
    DUP
    LDC "String must be in JDBC format [HH:mm:ss] to create a java.sql.Time"
    INVOKESPECIAL com/examples/with/different/packagename/testcarver/ConversionException.<init> (Ljava/lang/String;)V
    ATHROW
   L12
    LINENUMBER 447 L12
    ALOAD 1
    LDC Ljava/sql/Timestamp;.class
    INVOKEVIRTUAL java/lang/Object.equals (Ljava/lang/Object;)Z
    IFEQ L14
   L6
    LINENUMBER 449 L6
    ALOAD 2
    INVOKESTATIC java/sql/Timestamp.valueOf (Ljava/lang/String;)Ljava/sql/Timestamp;
   L7
    ARETURN
   L8
    LINENUMBER 450 L8
    ASTORE 3
   L15
    LINENUMBER 451 L15
    NEW com/examples/with/different/packagename/testcarver/ConversionException
    DUP
    LDC "String must be in JDBC format [yyyy-MM-dd HH:mm:ss.fffffffff] to create a java.sql.Timestamp"
    INVOKESPECIAL com/examples/with/different/packagename/testcarver/ConversionException.<init> (Ljava/lang/String;)V
    ATHROW
   L14
    LINENUMBER 457 L14
    NEW java/lang/StringBuilder
    DUP
    INVOKESPECIAL java/lang/StringBuilder.<init> ()V
    ALOAD 0
    ALOAD 0
    INVOKEVIRTUAL java/lang/Object.getClass ()Ljava/lang/Class;
    INVOKEVIRTUAL com/examples/with/different/packagename/testcarver/DateTimeConverter.toString (Ljava/lang/Class;)Ljava/lang/String;
    INVOKEVIRTUAL java/lang/StringBuilder.append (Ljava/lang/String;)Ljava/lang/StringBuilder;
    LDC " does not support default String to '"
    INVOKEVIRTUAL java/lang/StringBuilder.append (Ljava/lang/String;)Ljava/lang/StringBuilder;
    ALOAD 0
    ALOAD 1
   L16
    LINENUMBER 458 L16
    INVOKEVIRTUAL com/examples/with/different/packagename/testcarver/DateTimeConverter.toString (Ljava/lang/Class;)Ljava/lang/String;
    INVOKEVIRTUAL java/lang/StringBuilder.append (Ljava/lang/String;)Ljava/lang/StringBuilder;
    LDC "' conversion."
    INVOKEVIRTUAL java/lang/StringBuilder.append (Ljava/lang/String;)Ljava/lang/StringBuilder;
    INVOKEVIRTUAL java/lang/StringBuilder.toString ()Ljava/lang/String;
    ASTORE 3
   L17
    LINENUMBER 459 L17
    NEW com/examples/with/different/packagename/testcarver/ConversionException
    DUP
    ALOAD 3
    INVOKESPECIAL com/examples/with/different/packagename/testcarver/ConversionException.<init> (Ljava/lang/String;)V
    ATHROW
   L18
    LOCALVARIABLE e Ljava/lang/IllegalArgumentException; L11 L10 3
    LOCALVARIABLE e Ljava/lang/IllegalArgumentException; L13 L12 3
    LOCALVARIABLE e Ljava/lang/IllegalArgumentException; L15 L14 3
    LOCALVARIABLE this Lcom/examples/with/different/packagename/testcarver/DateTimeConverter; L9 L18 0
    LOCALVARIABLE type Ljava/lang/Class; L9 L18 1
    LOCALVARIABLE value Ljava/lang/String; L9 L18 2
    LOCALVARIABLE msg Ljava/lang/String; L17 L18 3
    MAXSTACK = 3
    MAXLOCALS = 4

  // access flags 0x4
  protected getFormat(Ljava/util/Locale;Ljava/util/TimeZone;)Ljava/text/DateFormat;
   L0
    LINENUMBER 470 L0
    ACONST_NULL
    ASTORE 3
   L1
    LINENUMBER 471 L1
    ALOAD 1
    IFNONNULL L2
   L3
    LINENUMBER 472 L3
    ICONST_3
    INVOKESTATIC org/evosuite/testcarver/wrapper/java/text/DateFormat.getDateInstance_final (I)Ljava/text/DateFormat;
    ASTORE 3
    GOTO L4
   L2
    LINENUMBER 474 L2
    ICONST_3
    ALOAD 1
    INVOKESTATIC org/evosuite/testcarver/wrapper/java/text/DateFormat.getDateInstance_final (ILjava/util/Locale;)Ljava/text/DateFormat;
    ASTORE 3
   L4
    LINENUMBER 476 L4
    ALOAD 2
    IFNULL L5
   L6
    LINENUMBER 477 L6
    ALOAD 3
    ALOAD 2
    INVOKEVIRTUAL java/text/DateFormat.setTimeZone (Ljava/util/TimeZone;)V
   L5
    LINENUMBER 479 L5
    ALOAD 3
    ARETURN
   L7
    LOCALVARIABLE this Lcom/examples/with/different/packagename/testcarver/DateTimeConverter; L0 L7 0
    LOCALVARIABLE locale Ljava/util/Locale; L0 L7 1
    LOCALVARIABLE timeZone Ljava/util/TimeZone; L0 L7 2
    LOCALVARIABLE format Ljava/text/DateFormat; L1 L7 3
    MAXSTACK = 2
    MAXLOCALS = 4

  // access flags 0x2
  private getFormat(Ljava/lang/String;)Ljava/text/DateFormat;
   L0
    LINENUMBER 489 L0
    NEW org/evosuite/testcarver/wrapper/java/text/SimpleDateFormat
    DUP
    ALOAD 1
    INVOKESPECIAL org/evosuite/testcarver/wrapper/java/text/SimpleDateFormat.<init> (Ljava/lang/String;)V
    ASTORE 2
   L1
    LINENUMBER 490 L1
    ALOAD 0
    GETFIELD com/examples/with/different/packagename/testcarver/DateTimeConverter.timeZone : Ljava/util/TimeZone;
    IFNULL L2
   L3
    LINENUMBER 491 L3
    ALOAD 2
    ALOAD 0
    GETFIELD com/examples/with/different/packagename/testcarver/DateTimeConverter.timeZone : Ljava/util/TimeZone;
    INVOKEVIRTUAL java/text/DateFormat.setTimeZone (Ljava/util/TimeZone;)V
   L2
    LINENUMBER 493 L2
    ALOAD 2
    ARETURN
   L4
    LOCALVARIABLE this Lcom/examples/with/different/packagename/testcarver/DateTimeConverter; L0 L4 0
    LOCALVARIABLE pattern Ljava/lang/String; L0 L4 1
    LOCALVARIABLE format Ljava/text/DateFormat; L1 L4 2
    MAXSTACK = 3
    MAXLOCALS = 3

  // access flags 0x2
  private parse(Ljava/lang/Class;Ljava/lang/Class;Ljava/lang/String;)Ljava/util/Calendar; throws java/lang/Exception
    TRYCATCHBLOCK L0 L1 L2 java/lang/Exception
   L3
    LINENUMBER 506 L3
    ACONST_NULL
    ASTORE 4
   L4
    LINENUMBER 507 L4
    ICONST_0
    ISTORE 5
   L5
    ILOAD 5
    ALOAD 0
    GETFIELD com/examples/with/different/packagename/testcarver/DateTimeConverter.patterns : [Ljava/lang/String;
    ARRAYLENGTH
    IF_ICMPGE L6
   L0
    LINENUMBER 509 L0
    ALOAD 0
    ALOAD 0
    GETFIELD com/examples/with/different/packagename/testcarver/DateTimeConverter.patterns : [Ljava/lang/String;
    ILOAD 5
    AALOAD
    INVOKESPECIAL com/examples/with/different/packagename/testcarver/DateTimeConverter.getFormat (Ljava/lang/String;)Ljava/text/DateFormat;
    ASTORE 6
   L7
    LINENUMBER 510 L7
    ALOAD 0
    ALOAD 1
    ALOAD 2
    ALOAD 3
    ALOAD 6
    INVOKESPECIAL com/examples/with/different/packagename/testcarver/DateTimeConverter.parse (Ljava/lang/Class;Ljava/lang/Class;Ljava/lang/String;Ljava/text/DateFormat;)Ljava/util/Calendar;
    ASTORE 7
   L8
    LINENUMBER 511 L8
    ALOAD 7
   L1
    ARETURN
   L2
    LINENUMBER 512 L2
    ASTORE 6
   L9
    LINENUMBER 513 L9
    ALOAD 4
    IFNONNULL L10
   L11
    LINENUMBER 514 L11
    ALOAD 6
    ASTORE 4
   L10
    LINENUMBER 507 L10
    IINC 5 1
    GOTO L5
   L6
    LINENUMBER 518 L6
    ALOAD 0
    GETFIELD com/examples/with/different/packagename/testcarver/DateTimeConverter.patterns : [Ljava/lang/String;
    ARRAYLENGTH
    ICONST_1
    IF_ICMPLE L12
   L13
    LINENUMBER 519 L13
    NEW com/examples/with/different/packagename/testcarver/ConversionException
    DUP
    NEW java/lang/StringBuilder
    DUP
    INVOKESPECIAL java/lang/StringBuilder.<init> ()V
    LDC "Error converting '"
    INVOKEVIRTUAL java/lang/StringBuilder.append (Ljava/lang/String;)Ljava/lang/StringBuilder;
    ALOAD 0
    ALOAD 1
    INVOKEVIRTUAL com/examples/with/different/packagename/testcarver/DateTimeConverter.toString (Ljava/lang/Class;)Ljava/lang/String;
    INVOKEVIRTUAL java/lang/StringBuilder.append (Ljava/lang/String;)Ljava/lang/StringBuilder;
    LDC "' to '"
    INVOKEVIRTUAL java/lang/StringBuilder.append (Ljava/lang/String;)Ljava/lang/StringBuilder;
    ALOAD 0
    ALOAD 2
    INVOKEVIRTUAL com/examples/with/different/packagename/testcarver/DateTimeConverter.toString (Ljava/lang/Class;)Ljava/lang/String;
    INVOKEVIRTUAL java/lang/StringBuilder.append (Ljava/lang/String;)Ljava/lang/StringBuilder;
    LDC "' using  patterns '"
    INVOKEVIRTUAL java/lang/StringBuilder.append (Ljava/lang/String;)Ljava/lang/StringBuilder;
    ALOAD 0
    GETFIELD com/examples/with/different/packagename/testcarver/DateTimeConverter.displayPatterns : Ljava/lang/String;
    INVOKEVIRTUAL java/lang/StringBuilder.append (Ljava/lang/String;)Ljava/lang/StringBuilder;
    LDC "'"
    INVOKEVIRTUAL java/lang/StringBuilder.append (Ljava/lang/String;)Ljava/lang/StringBuilder;
    INVOKEVIRTUAL java/lang/StringBuilder.toString ()Ljava/lang/String;
    INVOKESPECIAL com/examples/with/different/packagename/testcarver/ConversionException.<init> (Ljava/lang/String;)V
    ATHROW
   L12
    LINENUMBER 522 L12
    ALOAD 4
    ATHROW
   L14
    LOCALVARIABLE format Ljava/text/DateFormat; L7 L2 6
    LOCALVARIABLE calendar Ljava/util/Calendar; L8 L2 7
    LOCALVARIABLE ex Ljava/lang/Exception; L9 L10 6
    LOCALVARIABLE i I L5 L6 5
    LOCALVARIABLE this Lcom/examples/with/different/packagename/testcarver/DateTimeConverter; L3 L14 0
    LOCALVARIABLE sourceType Ljava/lang/Class; L3 L14 1
    LOCALVARIABLE targetType Ljava/lang/Class; L3 L14 2
    LOCALVARIABLE value Ljava/lang/String; L3 L14 3
    LOCALVARIABLE firstEx Ljava/lang/Exception; L4 L14 4
    MAXSTACK = 5
    MAXLOCALS = 8

  // access flags 0x2
  private parse(Ljava/lang/Class;Ljava/lang/Class;Ljava/lang/String;Ljava/text/DateFormat;)Ljava/util/Calendar;
   L0
    LINENUMBER 538 L0
    ALOAD 0
    LDC "Parsing"
    ALOAD 4
    INVOKESPECIAL com/examples/with/different/packagename/testcarver/DateTimeConverter.logFormat (Ljava/lang/String;Ljava/text/DateFormat;)V
   L1
    LINENUMBER 539 L1
    ALOAD 4
    ICONST_0
    INVOKEVIRTUAL java/text/DateFormat.setLenient (Z)V
   L2
    LINENUMBER 540 L2
    NEW java/text/ParsePosition
    DUP
    ICONST_0
    INVOKESPECIAL java/text/ParsePosition.<init> (I)V
    ASTORE 5
   L3
    LINENUMBER 541 L3
    ALOAD 4
    ALOAD 3
    ALOAD 5
    INVOKEVIRTUAL java/text/DateFormat.parse (Ljava/lang/String;Ljava/text/ParsePosition;)Ljava/util/Date;
    ASTORE 6
   L4
    LINENUMBER 542 L4
    ALOAD 5
    INVOKEVIRTUAL java/text/ParsePosition.getErrorIndex ()I
    IFGE L5
    ALOAD 5
    INVOKEVIRTUAL java/text/ParsePosition.getIndex ()I
    ALOAD 3
    INVOKEVIRTUAL java/lang/String.length ()I
    IF_ICMPNE L5
    ALOAD 6
    IFNONNULL L6
   L5
    LINENUMBER 543 L5
    NEW java/lang/StringBuilder
    DUP
    INVOKESPECIAL java/lang/StringBuilder.<init> ()V
    LDC "Error converting '"
    INVOKEVIRTUAL java/lang/StringBuilder.append (Ljava/lang/String;)Ljava/lang/StringBuilder;
    ALOAD 0
    ALOAD 1
    INVOKEVIRTUAL com/examples/with/different/packagename/testcarver/DateTimeConverter.toString (Ljava/lang/Class;)Ljava/lang/String;
    INVOKEVIRTUAL java/lang/StringBuilder.append (Ljava/lang/String;)Ljava/lang/StringBuilder;
    LDC "' to '"
    INVOKEVIRTUAL java/lang/StringBuilder.append (Ljava/lang/String;)Ljava/lang/StringBuilder;
    ALOAD 0
    ALOAD 2
    INVOKEVIRTUAL com/examples/with/different/packagename/testcarver/DateTimeConverter.toString (Ljava/lang/Class;)Ljava/lang/String;
    INVOKEVIRTUAL java/lang/StringBuilder.append (Ljava/lang/String;)Ljava/lang/StringBuilder;
    LDC "'"
    INVOKEVIRTUAL java/lang/StringBuilder.append (Ljava/lang/String;)Ljava/lang/StringBuilder;
    INVOKEVIRTUAL java/lang/StringBuilder.toString ()Ljava/lang/String;
    ASTORE 7
   L7
    LINENUMBER 544 L7
    ALOAD 4
    INSTANCEOF java/text/SimpleDateFormat
    IFEQ L8
   L9
    LINENUMBER 545 L9
    NEW java/lang/StringBuilder
    DUP
    INVOKESPECIAL java/lang/StringBuilder.<init> ()V
    ALOAD 7
    INVOKEVIRTUAL java/lang/StringBuilder.append (Ljava/lang/String;)Ljava/lang/StringBuilder;
    LDC " using pattern '"
    INVOKEVIRTUAL java/lang/StringBuilder.append (Ljava/lang/String;)Ljava/lang/StringBuilder;
    ALOAD 4
    CHECKCAST org/evosuite/testcarver/wrapper/java/text/SimpleDateFormat
    INVOKEVIRTUAL java/text/SimpleDateFormat.toPattern ()Ljava/lang/String;
    INVOKEVIRTUAL java/lang/StringBuilder.append (Ljava/lang/String;)Ljava/lang/StringBuilder;
    LDC "'"
    INVOKEVIRTUAL java/lang/StringBuilder.append (Ljava/lang/String;)Ljava/lang/StringBuilder;
    INVOKEVIRTUAL java/lang/StringBuilder.toString ()Ljava/lang/String;
    ASTORE 7
   L8
    LINENUMBER 547 L8
    NEW com/examples/with/different/packagename/testcarver/ConversionException
    DUP
    ALOAD 7
    INVOKESPECIAL com/examples/with/different/packagename/testcarver/ConversionException.<init> (Ljava/lang/String;)V
    ATHROW
   L6
    LINENUMBER 549 L6
    ALOAD 4
    INVOKEVIRTUAL java/text/DateFormat.getCalendar ()Ljava/util/Calendar;
    ASTORE 7
   L10
    LINENUMBER 550 L10
    ALOAD 7
    ARETURN
   L11
    LOCALVARIABLE msg Ljava/lang/String; L7 L6 7
    LOCALVARIABLE this Lcom/examples/with/different/packagename/testcarver/DateTimeConverter; L0 L11 0
    LOCALVARIABLE sourceType Ljava/lang/Class; L0 L11 1
    LOCALVARIABLE targetType Ljava/lang/Class; L0 L11 2
    LOCALVARIABLE value Ljava/lang/String; L0 L11 3
    LOCALVARIABLE format Ljava/text/DateFormat; L0 L11 4
    LOCALVARIABLE pos Ljava/text/ParsePosition; L3 L11 5
    LOCALVARIABLE parsedDate Ljava/util/Date; L4 L11 6
    LOCALVARIABLE calendar Ljava/util/Calendar; L10 L11 7
    MAXSTACK = 3
    MAXLOCALS = 8

  // access flags 0x2
  private _sw_prototype_original_toString()Ljava/lang/String;
   L0
    LINENUMBER 559 L0
    NEW java/lang/StringBuffer
    DUP
    INVOKESPECIAL java/lang/StringBuffer.<init> ()V
    ASTORE 1
   L1
    LINENUMBER 560 L1
    ALOAD 1
    ALOAD 0
    ALOAD 0
    INVOKEVIRTUAL java/lang/Object.getClass ()Ljava/lang/Class;
    INVOKEVIRTUAL com/examples/with/different/packagename/testcarver/DateTimeConverter.toString (Ljava/lang/Class;)Ljava/lang/String;
    INVOKEVIRTUAL java/lang/StringBuffer.append (Ljava/lang/String;)Ljava/lang/StringBuffer;
    POP
   L2
    LINENUMBER 561 L2
    ALOAD 1
    LDC "[UseDefault="
    INVOKEVIRTUAL java/lang/StringBuffer.append (Ljava/lang/String;)Ljava/lang/StringBuffer;
    POP
   L3
    LINENUMBER 562 L3
    ALOAD 1
    ALOAD 0
    INVOKEVIRTUAL com/examples/with/different/packagename/testcarver/DateTimeConverter.isUseDefault ()Z
    INVOKEVIRTUAL java/lang/StringBuffer.append (Z)Ljava/lang/StringBuffer;
    POP
   L4
    LINENUMBER 563 L4
    ALOAD 1
    LDC ", UseLocaleFormat="
    INVOKEVIRTUAL java/lang/StringBuffer.append (Ljava/lang/String;)Ljava/lang/StringBuffer;
    POP
   L5
    LINENUMBER 564 L5
    ALOAD 1
    ALOAD 0
    DUP
    GETFIELD com/examples/with/different/packagename/testcarver/DateTimeConverter.useLocaleFormat : Z
    SWAP
    LDC -2147483621
    LDC "com/examples/with/different/packagename/testcarver/DateTimeConverter"
    LDC "useLocaleFormat"
    LDC "Z"
    INVOKESTATIC org/evosuite/testcarver/capture/FieldRegistry.notifyReadAccess (Ljava/lang/Object;ILjava/lang/String;Ljava/lang/String;Ljava/lang/String;)V
    INVOKEVIRTUAL java/lang/StringBuffer.append (Z)Ljava/lang/StringBuffer;
    POP
   L6
    LINENUMBER 565 L6
    ALOAD 0
    DUP
    GETFIELD com/examples/with/different/packagename/testcarver/DateTimeConverter.displayPatterns : Ljava/lang/String;
    SWAP
    LDC -2147483620
    LDC "com/examples/with/different/packagename/testcarver/DateTimeConverter"
    LDC "displayPatterns"
    LDC "Ljava/lang/String;"
    INVOKESTATIC org/evosuite/testcarver/capture/FieldRegistry.notifyReadAccess (Ljava/lang/Object;ILjava/lang/String;Ljava/lang/String;Ljava/lang/String;)V
    IFNULL L7
   L8
    LINENUMBER 566 L8
    ALOAD 1
    LDC ", Patterns={"
    INVOKEVIRTUAL java/lang/StringBuffer.append (Ljava/lang/String;)Ljava/lang/StringBuffer;
    POP
   L9
    LINENUMBER 567 L9
    ALOAD 1
    ALOAD 0
    DUP
    GETFIELD com/examples/with/different/packagename/testcarver/DateTimeConverter.displayPatterns : Ljava/lang/String;
    SWAP
    LDC -2147483619
    LDC "com/examples/with/different/packagename/testcarver/DateTimeConverter"
    LDC "displayPatterns"
    LDC "Ljava/lang/String;"
    INVOKESTATIC org/evosuite/testcarver/capture/FieldRegistry.notifyReadAccess (Ljava/lang/Object;ILjava/lang/String;Ljava/lang/String;Ljava/lang/String;)V
    INVOKEVIRTUAL java/lang/StringBuffer.append (Ljava/lang/String;)Ljava/lang/StringBuffer;
    POP
   L10
    LINENUMBER 568 L10
    ALOAD 1
    BIPUSH 125
    INVOKEVIRTUAL java/lang/StringBuffer.append (C)Ljava/lang/StringBuffer;
    POP
   L7
    LINENUMBER 570 L7
    ALOAD 0
    DUP
    GETFIELD com/examples/with/different/packagename/testcarver/DateTimeConverter.locale : Ljava/util/Locale;
    SWAP
    LDC -2147483618
    LDC "com/examples/with/different/packagename/testcarver/DateTimeConverter"
    LDC "locale"
    LDC "Ljava/util/Locale;"
    INVOKESTATIC org/evosuite/testcarver/capture/FieldRegistry.notifyReadAccess (Ljava/lang/Object;ILjava/lang/String;Ljava/lang/String;Ljava/lang/String;)V
    IFNULL L11
   L12
    LINENUMBER 571 L12
    ALOAD 1
    LDC ", Locale="
    INVOKEVIRTUAL java/lang/StringBuffer.append (Ljava/lang/String;)Ljava/lang/StringBuffer;
    POP
   L13
    LINENUMBER 572 L13
    ALOAD 1
    ALOAD 0
    DUP
    GETFIELD com/examples/with/different/packagename/testcarver/DateTimeConverter.locale : Ljava/util/Locale;
    SWAP
    LDC -2147483617
    LDC "com/examples/with/different/packagename/testcarver/DateTimeConverter"
    LDC "locale"
    LDC "Ljava/util/Locale;"
    INVOKESTATIC org/evosuite/testcarver/capture/FieldRegistry.notifyReadAccess (Ljava/lang/Object;ILjava/lang/String;Ljava/lang/String;Ljava/lang/String;)V
    INVOKEVIRTUAL java/lang/StringBuffer.append (Ljava/lang/Object;)Ljava/lang/StringBuffer;
    POP
   L11
    LINENUMBER 574 L11
    ALOAD 0
    DUP
    GETFIELD com/examples/with/different/packagename/testcarver/DateTimeConverter.timeZone : Ljava/util/TimeZone;
    SWAP
    LDC -2147483616
    LDC "com/examples/with/different/packagename/testcarver/DateTimeConverter"
    LDC "timeZone"
    LDC "Ljava/util/TimeZone;"
    INVOKESTATIC org/evosuite/testcarver/capture/FieldRegistry.notifyReadAccess (Ljava/lang/Object;ILjava/lang/String;Ljava/lang/String;Ljava/lang/String;)V
    IFNULL L14
   L15
    LINENUMBER 575 L15
    ALOAD 1
    LDC ", TimeZone="
    INVOKEVIRTUAL java/lang/StringBuffer.append (Ljava/lang/String;)Ljava/lang/StringBuffer;
    POP
   L16
    LINENUMBER 576 L16
    ALOAD 1
    ALOAD 0
    DUP
    GETFIELD com/examples/with/different/packagename/testcarver/DateTimeConverter.timeZone : Ljava/util/TimeZone;
    SWAP
    LDC -2147483615
    LDC "com/examples/with/different/packagename/testcarver/DateTimeConverter"
    LDC "timeZone"
    LDC "Ljava/util/TimeZone;"
    INVOKESTATIC org/evosuite/testcarver/capture/FieldRegistry.notifyReadAccess (Ljava/lang/Object;ILjava/lang/String;Ljava/lang/String;Ljava/lang/String;)V
    INVOKEVIRTUAL java/lang/StringBuffer.append (Ljava/lang/Object;)Ljava/lang/StringBuffer;
    POP
   L14
    LINENUMBER 578 L14
    ALOAD 1
    BIPUSH 93
    INVOKEVIRTUAL java/lang/StringBuffer.append (C)Ljava/lang/StringBuffer;
    POP
   L17
    LINENUMBER 579 L17
    ALOAD 1
    INVOKEVIRTUAL java/lang/StringBuffer.toString ()Ljava/lang/String;
    ARETURN
   L18
    LOCALVARIABLE this Lcom/examples/with/different/packagename/testcarver/DateTimeConverter; L0 L18 0
    LOCALVARIABLE buffer Ljava/lang/StringBuffer; L1 L18 1
    MAXSTACK = 7
    MAXLOCALS = 2

  // access flags 0x2
  private logFormat(Ljava/lang/String;Ljava/text/DateFormat;)V
   L0
    LINENUMBER 590 L0
    RETURN
   L1
    LOCALVARIABLE this Lcom/examples/with/different/packagename/testcarver/DateTimeConverter; L0 L1 0
    LOCALVARIABLE action Ljava/lang/String; L0 L1 1
    LOCALVARIABLE format Ljava/text/DateFormat; L0 L1 2
    MAXSTACK = 0
    MAXLOCALS = 3

  // access flags 0x1
  public setUseLocaleFormat(Z)V
    TRYCATCHBLOCK L0 L1 L1 java/lang/Throwable
   L0
    LDC -2147483640
    ALOAD 0
    LDC "setUseLocaleFormat"
    LDC "(Z)V"
    BIPUSH 1
    ANEWARRAY java/lang/Object
    DUP
    BIPUSH 0
    ILOAD 1
    INVOKESTATIC java/lang/Boolean.valueOf (Z)Ljava/lang/Boolean;
    AASTORE
    INVOKESTATIC org/evosuite/testcarver/capture/Capturer.capture (ILjava/lang/Object;Ljava/lang/String;Ljava/lang/String;[Ljava/lang/Object;)V
    ALOAD 0
    ILOAD 1
    INVOKEVIRTUAL com/examples/with/different/packagename/testcarver/DateTimeConverter._sw_prototype_original_setUseLocaleFormat (Z)V
    GOTO L2
   L1
   FRAME SAME1 java/lang/Throwable
    ASTORE 2
    LDC -2147483640
    ALOAD 0
    GETSTATIC org/evosuite/testcarver/capture/CaptureLog.RETURN_TYPE_VOID : Ljava/lang/Object;
    INVOKESTATIC org/evosuite/testcarver/capture/Capturer.enable (ILjava/lang/Object;Ljava/lang/Object;)V
    ALOAD 2
    ATHROW
   L2
   FRAME SAME
    LDC -2147483640
    ALOAD 0
    GETSTATIC org/evosuite/testcarver/capture/CaptureLog.RETURN_TYPE_VOID : Ljava/lang/Object;
    INVOKESTATIC org/evosuite/testcarver/capture/Capturer.enable (ILjava/lang/Object;Ljava/lang/Object;)V
    RETURN
    MAXSTACK = 6
    MAXLOCALS = 0

  // access flags 0x1
  public getTimeZone()Ljava/util/TimeZone;
    TRYCATCHBLOCK L0 L1 L2 java/lang/Throwable
    ACONST_NULL
    ASTORE 1
   L0
    LDC -2147483638
    ALOAD 0
    LDC "getTimeZone"
    LDC "()Ljava/util/TimeZone;"
    BIPUSH 0
    ANEWARRAY java/lang/Object
    INVOKESTATIC org/evosuite/testcarver/capture/Capturer.capture (ILjava/lang/Object;Ljava/lang/String;Ljava/lang/String;[Ljava/lang/Object;)V
    ALOAD 0
    INVOKEVIRTUAL com/examples/with/different/packagename/testcarver/DateTimeConverter._sw_prototype_original_getTimeZone ()Ljava/util/TimeZone;
    ASTORE 1
    ALOAD 1
    ASTORE 3
   L1
    LDC -2147483638
    ALOAD 0
    ALOAD 1
    INVOKESTATIC org/evosuite/testcarver/capture/Capturer.enable (ILjava/lang/Object;Ljava/lang/Object;)V
    ALOAD 3
    ARETURN
   L2
   FRAME FULL [com/examples/with/different/packagename/testcarver/DateTimeConverter java/util/TimeZone] [java/lang/Throwable]
    ASTORE 2
    LDC -2147483638
    ALOAD 0
    ALOAD 1
    INVOKESTATIC org/evosuite/testcarver/capture/Capturer.enable (ILjava/lang/Object;Ljava/lang/Object;)V
    ALOAD 2
    ATHROW
    MAXSTACK = 5
    MAXLOCALS = 0

  // access flags 0x1
  public setTimeZone(Ljava/util/TimeZone;)V
    TRYCATCHBLOCK L0 L1 L1 java/lang/Throwable
   L0
    LDC -2147483635
    ALOAD 0
    LDC "setTimeZone"
    LDC "(Ljava/util/TimeZone;)V"
    BIPUSH 1
    ANEWARRAY java/lang/Object
    DUP
    BIPUSH 0
    ALOAD 1
    AASTORE
    INVOKESTATIC org/evosuite/testcarver/capture/Capturer.capture (ILjava/lang/Object;Ljava/lang/String;Ljava/lang/String;[Ljava/lang/Object;)V
    ALOAD 0
    ALOAD 1
    INVOKEVIRTUAL com/examples/with/different/packagename/testcarver/DateTimeConverter._sw_prototype_original_setTimeZone (Ljava/util/TimeZone;)V
    GOTO L2
   L1
   FRAME SAME1 java/lang/Throwable
    ASTORE 2
    LDC -2147483635
    ALOAD 0
    GETSTATIC org/evosuite/testcarver/capture/CaptureLog.RETURN_TYPE_VOID : Ljava/lang/Object;
    INVOKESTATIC org/evosuite/testcarver/capture/Capturer.enable (ILjava/lang/Object;Ljava/lang/Object;)V
    ALOAD 2
    ATHROW
   L2
   FRAME SAME
    LDC -2147483635
    ALOAD 0
    GETSTATIC org/evosuite/testcarver/capture/CaptureLog.RETURN_TYPE_VOID : Ljava/lang/Object;
    INVOKESTATIC org/evosuite/testcarver/capture/Capturer.enable (ILjava/lang/Object;Ljava/lang/Object;)V
    RETURN
    MAXSTACK = 6
    MAXLOCALS = 0

  // access flags 0x1
  public getLocale()Ljava/util/Locale;
    TRYCATCHBLOCK L0 L1 L2 java/lang/Throwable
    ACONST_NULL
    ASTORE 1
   L0
    LDC -2147483633
    ALOAD 0
    LDC "getLocale"
    LDC "()Ljava/util/Locale;"
    BIPUSH 0
    ANEWARRAY java/lang/Object
    INVOKESTATIC org/evosuite/testcarver/capture/Capturer.capture (ILjava/lang/Object;Ljava/lang/String;Ljava/lang/String;[Ljava/lang/Object;)V
    ALOAD 0
    INVOKEVIRTUAL com/examples/with/different/packagename/testcarver/DateTimeConverter._sw_prototype_original_getLocale ()Ljava/util/Locale;
    ASTORE 1
    ALOAD 1
    ASTORE 3
   L1
    LDC -2147483633
    ALOAD 0
    ALOAD 1
    INVOKESTATIC org/evosuite/testcarver/capture/Capturer.enable (ILjava/lang/Object;Ljava/lang/Object;)V
    ALOAD 3
    ARETURN
   L2
   FRAME FULL [com/examples/with/different/packagename/testcarver/DateTimeConverter java/util/Locale] [java/lang/Throwable]
    ASTORE 2
    LDC -2147483633
    ALOAD 0
    ALOAD 1
    INVOKESTATIC org/evosuite/testcarver/capture/Capturer.enable (ILjava/lang/Object;Ljava/lang/Object;)V
    ALOAD 2
    ATHROW
    MAXSTACK = 5
    MAXLOCALS = 0

  // access flags 0x1
  public setLocale(Ljava/util/Locale;)V
    TRYCATCHBLOCK L0 L1 L1 java/lang/Throwable
   L0
    LDC -2147483630
    ALOAD 0
    LDC "setLocale"
    LDC "(Ljava/util/Locale;)V"
    BIPUSH 1
    ANEWARRAY java/lang/Object
    DUP
    BIPUSH 0
    ALOAD 1
    AASTORE
    INVOKESTATIC org/evosuite/testcarver/capture/Capturer.capture (ILjava/lang/Object;Ljava/lang/String;Ljava/lang/String;[Ljava/lang/Object;)V
    ALOAD 0
    ALOAD 1
    INVOKEVIRTUAL com/examples/with/different/packagename/testcarver/DateTimeConverter._sw_prototype_original_setLocale (Ljava/util/Locale;)V
    GOTO L2
   L1
   FRAME SAME1 java/lang/Throwable
    ASTORE 2
    LDC -2147483630
    ALOAD 0
    GETSTATIC org/evosuite/testcarver/capture/CaptureLog.RETURN_TYPE_VOID : Ljava/lang/Object;
    INVOKESTATIC org/evosuite/testcarver/capture/Capturer.enable (ILjava/lang/Object;Ljava/lang/Object;)V
    ALOAD 2
    ATHROW
   L2
   FRAME SAME
    LDC -2147483630
    ALOAD 0
    GETSTATIC org/evosuite/testcarver/capture/CaptureLog.RETURN_TYPE_VOID : Ljava/lang/Object;
    INVOKESTATIC org/evosuite/testcarver/capture/Capturer.enable (ILjava/lang/Object;Ljava/lang/Object;)V
    RETURN
    MAXSTACK = 6
    MAXLOCALS = 0

  // access flags 0x1
  public setPattern(Ljava/lang/String;)V
    TRYCATCHBLOCK L0 L1 L1 java/lang/Throwable
   L0
    LDC -2147483629
    ALOAD 0
    LDC "setPattern"
    LDC "(Ljava/lang/String;)V"
    BIPUSH 1
    ANEWARRAY java/lang/Object
    DUP
    BIPUSH 0
    ALOAD 1
    AASTORE
    INVOKESTATIC org/evosuite/testcarver/capture/Capturer.capture (ILjava/lang/Object;Ljava/lang/String;Ljava/lang/String;[Ljava/lang/Object;)V
    ALOAD 0
    ALOAD 1
    INVOKEVIRTUAL com/examples/with/different/packagename/testcarver/DateTimeConverter._sw_prototype_original_setPattern (Ljava/lang/String;)V
    GOTO L2
   L1
   FRAME SAME1 java/lang/Throwable
    ASTORE 2
    LDC -2147483629
    ALOAD 0
    GETSTATIC org/evosuite/testcarver/capture/CaptureLog.RETURN_TYPE_VOID : Ljava/lang/Object;
    INVOKESTATIC org/evosuite/testcarver/capture/Capturer.enable (ILjava/lang/Object;Ljava/lang/Object;)V
    ALOAD 2
    ATHROW
   L2
   FRAME SAME
    LDC -2147483629
    ALOAD 0
    GETSTATIC org/evosuite/testcarver/capture/CaptureLog.RETURN_TYPE_VOID : Ljava/lang/Object;
    INVOKESTATIC org/evosuite/testcarver/capture/Capturer.enable (ILjava/lang/Object;Ljava/lang/Object;)V
    RETURN
    MAXSTACK = 9
    MAXLOCALS = 0

  // access flags 0x1
  public getPatterns()[Ljava/lang/String;
    TRYCATCHBLOCK L0 L1 L2 java/lang/Throwable
    ACONST_NULL
    ASTORE 1
   L0
    LDC -2147483627
    ALOAD 0
    LDC "getPatterns"
    LDC "()[Ljava/lang/String;"
    BIPUSH 0
    ANEWARRAY java/lang/Object
    INVOKESTATIC org/evosuite/testcarver/capture/Capturer.capture (ILjava/lang/Object;Ljava/lang/String;Ljava/lang/String;[Ljava/lang/Object;)V
    ALOAD 0
    INVOKEVIRTUAL com/examples/with/different/packagename/testcarver/DateTimeConverter._sw_prototype_original_getPatterns ()[Ljava/lang/String;
    ASTORE 1
    ALOAD 1
    ASTORE 3
   L1
    LDC -2147483627
    ALOAD 0
    ALOAD 1
    INVOKESTATIC org/evosuite/testcarver/capture/Capturer.enable (ILjava/lang/Object;Ljava/lang/Object;)V
    ALOAD 3
    ARETURN
   L2
   FRAME FULL [com/examples/with/different/packagename/testcarver/DateTimeConverter [Ljava/lang/String;] [java/lang/Throwable]
    ASTORE 2
    LDC -2147483627
    ALOAD 0
    ALOAD 1
    INVOKESTATIC org/evosuite/testcarver/capture/Capturer.enable (ILjava/lang/Object;Ljava/lang/Object;)V
    ALOAD 2
    ATHROW
    MAXSTACK = 5
    MAXLOCALS = 0

  // access flags 0x1
  public setPatterns([Ljava/lang/String;)V
    TRYCATCHBLOCK L0 L1 L1 java/lang/Throwable
   L0
    LDC -2147483622
    ALOAD 0
    LDC "setPatterns"
    LDC "([Ljava/lang/String;)V"
    BIPUSH 1
    ANEWARRAY java/lang/Object
    DUP
    BIPUSH 0
    ALOAD 1
    AASTORE
    INVOKESTATIC org/evosuite/testcarver/capture/Capturer.capture (ILjava/lang/Object;Ljava/lang/String;Ljava/lang/String;[Ljava/lang/Object;)V
    ALOAD 0
    ALOAD 1
    INVOKEVIRTUAL com/examples/with/different/packagename/testcarver/DateTimeConverter._sw_prototype_original_setPatterns ([Ljava/lang/String;)V
    GOTO L2
   L1
   FRAME SAME1 java/lang/Throwable
    ASTORE 2
    LDC -2147483622
    ALOAD 0
    GETSTATIC org/evosuite/testcarver/capture/CaptureLog.RETURN_TYPE_VOID : Ljava/lang/Object;
    INVOKESTATIC org/evosuite/testcarver/capture/Capturer.enable (ILjava/lang/Object;Ljava/lang/Object;)V
    ALOAD 2
    ATHROW
   L2
   FRAME SAME
    LDC -2147483622
    ALOAD 0
    GETSTATIC org/evosuite/testcarver/capture/CaptureLog.RETURN_TYPE_VOID : Ljava/lang/Object;
    INVOKESTATIC org/evosuite/testcarver/capture/Capturer.enable (ILjava/lang/Object;Ljava/lang/Object;)V
    RETURN
    MAXSTACK = 7
    MAXLOCALS = 0

  // access flags 0x1
  public toString()Ljava/lang/String;
    TRYCATCHBLOCK L0 L1 L2 java/lang/Throwable
    ACONST_NULL
    ASTORE 1
   L0
    LDC -2147483614
    ALOAD 0
    LDC "toString"
    LDC "()Ljava/lang/String;"
    BIPUSH 0
    ANEWARRAY java/lang/Object
    INVOKESTATIC org/evosuite/testcarver/capture/Capturer.capture (ILjava/lang/Object;Ljava/lang/String;Ljava/lang/String;[Ljava/lang/Object;)V
    ALOAD 0
    INVOKEVIRTUAL com/examples/with/different/packagename/testcarver/DateTimeConverter._sw_prototype_original_toString ()Ljava/lang/String;
    ASTORE 1
    ALOAD 1
    ASTORE 3
   L1
    LDC -2147483614
    ALOAD 0
    ALOAD 1
    INVOKESTATIC org/evosuite/testcarver/capture/Capturer.enable (ILjava/lang/Object;Ljava/lang/Object;)V
    ALOAD 3
    ARETURN
   L2
   FRAME FULL [com/examples/with/different/packagename/testcarver/DateTimeConverter java/lang/String] [java/lang/Throwable]
    ASTORE 2
    LDC -2147483614
    ALOAD 0
    ALOAD 1
    INVOKESTATIC org/evosuite/testcarver/capture/Capturer.enable (ILjava/lang/Object;Ljava/lang/Object;)V
    ALOAD 2
    ATHROW
    MAXSTACK = 7
    MAXLOCALS = 0
}
INFO  org.evosuite.testcarver.extraction.CarvingClassLoader - Seeing class for first time: com.examples.with.different.packagename.testcarver.AbstractConverter
WARN  org.evosuite.testcarver.extraction.CarvingClassLoader - Instrumenting class 'com.examples.with.different.packagename.testcarver.AbstractConverter'.
INFO  org.evosuite.testcarver.instrument.Instrumenter - Checking package com.examples.with.different.packagename.testcarver for class com/examples/with/different/packagename/testcarver/AbstractConverter
// class version 52.0 (52)
// access flags 0x421
public abstract class com/examples/with/different/packagename/testcarver/AbstractConverter implements com/examples/with/different/packagename/testcarver/Converter {

  // compiled from: AbstractConverter.java

  // access flags 0x1A
  private final static Ljava/lang/String; DEFAULT_CONFIG_MSG = "(N.B. Converters can be configured to use default values to avoid throwing exceptions)"

  // access flags 0x1A
  private final static Ljava/lang/String; PACKAGE = "org.apache.commons.beanutils.converters."

  // access flags 0x2
  private Z useDefault

  // access flags 0x2
  private Ljava/lang/Object; defaultValue

  // access flags 0x1
  public <init>()V
   L0
    LINENUMBER 82 L0
    ALOAD 0
    INVOKESPECIAL java/lang/Object.<init> ()V
   L1
    LINENUMBER 69 L1
    ALOAD 0
    ICONST_0
    PUTFIELD com/examples/with/different/packagename/testcarver/AbstractConverter.useDefault : Z
   L2
    LINENUMBER 74 L2
    ALOAD 0
    ACONST_NULL
    PUTFIELD com/examples/with/different/packagename/testcarver/AbstractConverter.defaultValue : Ljava/lang/Object;
   L3
    LINENUMBER 83 L3
    RETURN
   L4
    LOCALVARIABLE this Lcom/examples/with/different/packagename/testcarver/AbstractConverter; L0 L4 0
    MAXSTACK = 2
    MAXLOCALS = 1

  // access flags 0x1
  public <init>(Ljava/lang/Object;)V
   L0
    LINENUMBER 93 L0
    ALOAD 0
    INVOKESPECIAL java/lang/Object.<init> ()V
   L1
    LINENUMBER 69 L1
    ALOAD 0
    ICONST_0
    PUTFIELD com/examples/with/different/packagename/testcarver/AbstractConverter.useDefault : Z
   L2
    LINENUMBER 74 L2
    ALOAD 0
    ACONST_NULL
    PUTFIELD com/examples/with/different/packagename/testcarver/AbstractConverter.defaultValue : Ljava/lang/Object;
   L3
    LINENUMBER 94 L3
    ALOAD 0
    ALOAD 1
    INVOKEVIRTUAL com/examples/with/different/packagename/testcarver/AbstractConverter.setDefaultValue (Ljava/lang/Object;)V
   L4
    LINENUMBER 95 L4
    RETURN
   L5
    LOCALVARIABLE this Lcom/examples/with/different/packagename/testcarver/AbstractConverter; L0 L5 0
    LOCALVARIABLE defaultValue Ljava/lang/Object; L0 L5 1
    MAXSTACK = 2
    MAXLOCALS = 2

  // access flags 0x2
  private _sw_prototype_original_isUseDefault()Z
   L0
    LINENUMBER 108 L0
    ALOAD 0
    DUP
    GETFIELD com/examples/with/different/packagename/testcarver/AbstractConverter.useDefault : Z
    SWAP
    LDC -2147483613
    LDC "com/examples/with/different/packagename/testcarver/AbstractConverter"
    LDC "useDefault"
    LDC "Z"
    INVOKESTATIC org/evosuite/testcarver/capture/FieldRegistry.notifyReadAccess (Ljava/lang/Object;ILjava/lang/String;Ljava/lang/String;Ljava/lang/String;)V
    IRETURN
   L1
    LOCALVARIABLE this Lcom/examples/with/different/packagename/testcarver/AbstractConverter; L0 L1 0
    MAXSTACK = 5
    MAXLOCALS = 1

  // access flags 0x2
  private _sw_prototype_original_convert(Ljava/lang/Class;Ljava/lang/Object;)Ljava/lang/Object;
    TRYCATCHBLOCK L0 L1 L2 java/lang/Throwable
    TRYCATCHBLOCK L3 L4 L2 java/lang/Throwable
    TRYCATCHBLOCK L5 L6 L2 java/lang/Throwable
   L7
    LINENUMBER 123 L7
    ALOAD 2
    IFNONNULL L8
    ACONST_NULL
    GOTO L9
   L8
    ALOAD 2
    INVOKEVIRTUAL java/lang/Object.getClass ()Ljava/lang/Class;
   L9
    ASTORE 3
   L10
    LINENUMBER 124 L10
    ALOAD 0
    ALOAD 1
    IFNONNULL L11
    ALOAD 0
    INVOKEVIRTUAL com/examples/with/different/packagename/testcarver/AbstractConverter.getDefaultType ()Ljava/lang/Class;
    GOTO L12
   L11
    ALOAD 1
   L12
    INVOKEVIRTUAL com/examples/with/different/packagename/testcarver/AbstractConverter.primitive (Ljava/lang/Class;)Ljava/lang/Class;
    ASTORE 4
   L13
    LINENUMBER 126 L13
    ALOAD 0
    ALOAD 2
    INVOKEVIRTUAL com/examples/with/different/packagename/testcarver/AbstractConverter.convertArray (Ljava/lang/Object;)Ljava/lang/Object;
    ASTORE 2
   L14
    LINENUMBER 129 L14
    ALOAD 2
    IFNONNULL L15
   L16
    LINENUMBER 130 L16
    ALOAD 0
    ALOAD 4
    INVOKEVIRTUAL com/examples/with/different/packagename/testcarver/AbstractConverter.handleMissing (Ljava/lang/Class;)Ljava/lang/Object;
    ARETURN
   L15
    LINENUMBER 133 L15
    ALOAD 2
    INVOKEVIRTUAL java/lang/Object.getClass ()Ljava/lang/Class;
    ASTORE 3
   L0
    LINENUMBER 137 L0
    ALOAD 4
    LDC Ljava/lang/String;.class
    INVOKEVIRTUAL java/lang/Object.equals (Ljava/lang/Object;)Z
    IFEQ L3
   L17
    LINENUMBER 138 L17
    ALOAD 0
    ALOAD 2
    INVOKEVIRTUAL com/examples/with/different/packagename/testcarver/AbstractConverter.convertToString (Ljava/lang/Object;)Ljava/lang/String;
   L1
    ARETURN
   L3
    LINENUMBER 141 L3
    ALOAD 4
    ALOAD 3
    INVOKEVIRTUAL java/lang/Object.equals (Ljava/lang/Object;)Z
    IFEQ L5
   L18
    LINENUMBER 142 L18
    ALOAD 2
   L4
    ARETURN
   L5
    LINENUMBER 146 L5
    ALOAD 0
    ALOAD 4
    ALOAD 2
    INVOKEVIRTUAL com/examples/with/different/packagename/testcarver/AbstractConverter.convertToType (Ljava/lang/Class;Ljava/lang/Object;)Ljava/lang/Object;
    ASTORE 5
   L19
    LINENUMBER 147 L19
    ALOAD 5
   L6
    ARETURN
   L2
    LINENUMBER 149 L2
    ASTORE 5
   L20
    LINENUMBER 150 L20
    ALOAD 0
    ALOAD 4
    ALOAD 2
    ALOAD 5
    INVOKEVIRTUAL com/examples/with/different/packagename/testcarver/AbstractConverter.handleError (Ljava/lang/Class;Ljava/lang/Object;Ljava/lang/Throwable;)Ljava/lang/Object;
    ARETURN
   L21
    LOCALVARIABLE result Ljava/lang/Object; L19 L2 5
    LOCALVARIABLE t Ljava/lang/Throwable; L20 L21 5
    LOCALVARIABLE this Lcom/examples/with/different/packagename/testcarver/AbstractConverter; L7 L21 0
    LOCALVARIABLE type Ljava/lang/Class; L7 L21 1
    LOCALVARIABLE value Ljava/lang/Object; L7 L21 2
    LOCALVARIABLE sourceType Ljava/lang/Class; L10 L21 3
    LOCALVARIABLE targetType Ljava/lang/Class; L13 L21 4
    MAXSTACK = 8
    MAXLOCALS = 6

  // access flags 0x4
  protected convertToString(Ljava/lang/Object;)Ljava/lang/String; throws java/lang/Throwable
   L0
    LINENUMBER 168 L0
    ALOAD 1
    INVOKEVIRTUAL java/lang/Object.toString ()Ljava/lang/String;
    ARETURN
   L1
    LOCALVARIABLE this Lcom/examples/with/different/packagename/testcarver/AbstractConverter; L0 L1 0
    LOCALVARIABLE value Ljava/lang/Object; L0 L1 1
    MAXSTACK = 1
    MAXLOCALS = 2

  // access flags 0x404
  protected abstract convertToType(Ljava/lang/Class;Ljava/lang/Object;)Ljava/lang/Object; throws java/lang/Throwable

  // access flags 0x4
  protected convertArray(Ljava/lang/Object;)Ljava/lang/Object;
   L0
    LINENUMBER 196 L0
    ALOAD 1
    IFNONNULL L1
   L2
    LINENUMBER 197 L2
    ACONST_NULL
    ARETURN
   L1
    LINENUMBER 199 L1
    ALOAD 1
    INVOKEVIRTUAL java/lang/Object.getClass ()Ljava/lang/Class;
    INVOKEVIRTUAL java/lang/Class.isArray ()Z
    IFEQ L3
   L4
    LINENUMBER 200 L4
    ALOAD 1
    INVOKESTATIC java/lang/reflect/Array.getLength (Ljava/lang/Object;)I
    IFLE L5
   L6
    LINENUMBER 201 L6
    ALOAD 1
    ICONST_0
    INVOKESTATIC java/lang/reflect/Array.get (Ljava/lang/Object;I)Ljava/lang/Object;
    ARETURN
   L5
    LINENUMBER 203 L5
    ACONST_NULL
    ARETURN
   L3
    LINENUMBER 206 L3
    ALOAD 1
    INSTANCEOF java/util/Collection
    IFEQ L7
   L8
    LINENUMBER 207 L8
    ALOAD 1
    CHECKCAST java/util/Collection
    ASTORE 2
   L9
    LINENUMBER 208 L9
    ALOAD 2
    INVOKEINTERFACE java/util/Collection.size ()I (itf)
    IFLE L10
   L11
    LINENUMBER 209 L11
    ALOAD 2
    INVOKEINTERFACE java/util/Collection.iterator ()Ljava/util/Iterator; (itf)
    INVOKEINTERFACE java/util/Iterator.next ()Ljava/lang/Object; (itf)
    ARETURN
   L10
    LINENUMBER 211 L10
    ACONST_NULL
    ARETURN
   L7
    LINENUMBER 214 L7
    ALOAD 1
    ARETURN
   L12
    LOCALVARIABLE collection Ljava/util/Collection; L9 L7 2
    LOCALVARIABLE this Lcom/examples/with/different/packagename/testcarver/AbstractConverter; L0 L12 0
    LOCALVARIABLE value Ljava/lang/Object; L0 L12 1
    MAXSTACK = 2
    MAXLOCALS = 3

  // access flags 0x4
  protected handleError(Ljava/lang/Class;Ljava/lang/Object;Ljava/lang/Throwable;)Ljava/lang/Object;
   L0
    LINENUMBER 231 L0
    ALOAD 0
    GETFIELD com/examples/with/different/packagename/testcarver/AbstractConverter.useDefault : Z
    IFEQ L1
   L2
    LINENUMBER 232 L2
    ALOAD 0
    ALOAD 1
    INVOKEVIRTUAL com/examples/with/different/packagename/testcarver/AbstractConverter.handleMissing (Ljava/lang/Class;)Ljava/lang/Object;
    ARETURN
   L1
    LINENUMBER 235 L1
    ACONST_NULL
    ASTORE 4
   L3
    LINENUMBER 236 L3
    ALOAD 3
    INSTANCEOF com/examples/with/different/packagename/testcarver/ConversionException
    IFEQ L4
   L5
    LINENUMBER 237 L5
    ALOAD 3
    CHECKCAST com/examples/with/different/packagename/testcarver/ConversionException
    ASTORE 4
    GOTO L6
   L4
    LINENUMBER 239 L4
    NEW java/lang/StringBuilder
    DUP
    INVOKESPECIAL java/lang/StringBuilder.<init> ()V
    LDC "Error converting from '"
    INVOKEVIRTUAL java/lang/StringBuilder.append (Ljava/lang/String;)Ljava/lang/StringBuilder;
    ALOAD 0
    ALOAD 2
    INVOKEVIRTUAL java/lang/Object.getClass ()Ljava/lang/Class;
    INVOKEVIRTUAL com/examples/with/different/packagename/testcarver/AbstractConverter.toString (Ljava/lang/Class;)Ljava/lang/String;
    INVOKEVIRTUAL java/lang/StringBuilder.append (Ljava/lang/String;)Ljava/lang/StringBuilder;
    LDC "' to '"
    INVOKEVIRTUAL java/lang/StringBuilder.append (Ljava/lang/String;)Ljava/lang/StringBuilder;
    ALOAD 0
    ALOAD 1
   L7
    LINENUMBER 240 L7
    INVOKEVIRTUAL com/examples/with/different/packagename/testcarver/AbstractConverter.toString (Ljava/lang/Class;)Ljava/lang/String;
    INVOKEVIRTUAL java/lang/StringBuilder.append (Ljava/lang/String;)Ljava/lang/StringBuilder;
    LDC "' "
    INVOKEVIRTUAL java/lang/StringBuilder.append (Ljava/lang/String;)Ljava/lang/StringBuilder;
    ALOAD 3
    INVOKEVIRTUAL java/lang/Throwable.getMessage ()Ljava/lang/String;
    INVOKEVIRTUAL java/lang/StringBuilder.append (Ljava/lang/String;)Ljava/lang/StringBuilder;
    INVOKEVIRTUAL java/lang/StringBuilder.toString ()Ljava/lang/String;
    ASTORE 5
   L8
    LINENUMBER 241 L8
    NEW com/examples/with/different/packagename/testcarver/ConversionException
    DUP
    ALOAD 5
    ALOAD 3
    INVOKESPECIAL com/examples/with/different/packagename/testcarver/ConversionException.<init> (Ljava/lang/String;Ljava/lang/Throwable;)V
    ASTORE 4
   L6
    LINENUMBER 245 L6
    ALOAD 4
    ATHROW
   L9
    LOCALVARIABLE msg Ljava/lang/String; L8 L6 5
    LOCALVARIABLE this Lcom/examples/with/different/packagename/testcarver/AbstractConverter; L0 L9 0
    LOCALVARIABLE type Ljava/lang/Class; L0 L9 1
    LOCALVARIABLE value Ljava/lang/Object; L0 L9 2
    LOCALVARIABLE cause Ljava/lang/Throwable; L0 L9 3
    LOCALVARIABLE cex Lcom/examples/with/different/packagename/testcarver/ConversionException; L3 L9 4
    MAXSTACK = 4
    MAXLOCALS = 6

  // access flags 0x4
  protected handleMissing(Ljava/lang/Class;)Ljava/lang/Object;
    TRYCATCHBLOCK L0 L1 L2 java/lang/Throwable
   L3
    LINENUMBER 262 L3
    ALOAD 0
    GETFIELD com/examples/with/different/packagename/testcarver/AbstractConverter.useDefault : Z
    IFNE L4
    ALOAD 1
    LDC Ljava/lang/String;.class
    INVOKEVIRTUAL java/lang/Object.equals (Ljava/lang/Object;)Z
    IFEQ L5
   L4
    LINENUMBER 263 L4
    ALOAD 0
    ALOAD 1
    INVOKEVIRTUAL com/examples/with/different/packagename/testcarver/AbstractConverter.getDefault (Ljava/lang/Class;)Ljava/lang/Object;
    ASTORE 2
   L6
    LINENUMBER 264 L6
    ALOAD 0
    GETFIELD com/examples/with/different/packagename/testcarver/AbstractConverter.useDefault : Z
    IFEQ L7
    ALOAD 2
    IFNULL L7
    ALOAD 1
    ALOAD 2
    INVOKEVIRTUAL java/lang/Object.getClass ()Ljava/lang/Class;
    INVOKEVIRTUAL java/lang/Object.equals (Ljava/lang/Object;)Z
    IFNE L7
   L0
    LINENUMBER 266 L0
    ALOAD 0
    ALOAD 1
    ALOAD 0
    GETFIELD com/examples/with/different/packagename/testcarver/AbstractConverter.defaultValue : Ljava/lang/Object;
    INVOKEVIRTUAL com/examples/with/different/packagename/testcarver/AbstractConverter.convertToType (Ljava/lang/Class;Ljava/lang/Object;)Ljava/lang/Object;
    ASTORE 2
   L1
    LINENUMBER 270 L1
    GOTO L7
   L2
    LINENUMBER 267 L2
    ASTORE 3
   L8
    LINENUMBER 268 L8
    GETSTATIC java/lang/System.err : Ljava/io/PrintStream;
    NEW java/lang/StringBuilder
    DUP
    INVOKESPECIAL java/lang/StringBuilder.<init> ()V
    LDC "    Default conversion to "
    INVOKEVIRTUAL java/lang/StringBuilder.append (Ljava/lang/String;)Ljava/lang/StringBuilder;
    ALOAD 0
    ALOAD 1
    INVOKEVIRTUAL com/examples/with/different/packagename/testcarver/AbstractConverter.toString (Ljava/lang/Class;)Ljava/lang/String;
    INVOKEVIRTUAL java/lang/StringBuilder.append (Ljava/lang/String;)Ljava/lang/StringBuilder;
    LDC "failed: "
    INVOKEVIRTUAL java/lang/StringBuilder.append (Ljava/lang/String;)Ljava/lang/StringBuilder;
    ALOAD 3
    INVOKEVIRTUAL java/lang/StringBuilder.append (Ljava/lang/Object;)Ljava/lang/StringBuilder;
    INVOKEVIRTUAL java/lang/StringBuilder.toString ()Ljava/lang/String;
    INVOKEVIRTUAL java/io/PrintStream.println (Ljava/lang/String;)V
   L7
    LINENUMBER 272 L7
    ALOAD 2
    ARETURN
   L5
    LINENUMBER 275 L5
    NEW com/examples/with/different/packagename/testcarver/ConversionException
    DUP
    NEW java/lang/StringBuilder
    DUP
    INVOKESPECIAL java/lang/StringBuilder.<init> ()V
    LDC "No value specified for '"
    INVOKEVIRTUAL java/lang/StringBuilder.append (Ljava/lang/String;)Ljava/lang/StringBuilder;
    ALOAD 0
    ALOAD 1
   L9
    LINENUMBER 276 L9
    INVOKEVIRTUAL com/examples/with/different/packagename/testcarver/AbstractConverter.toString (Ljava/lang/Class;)Ljava/lang/String;
    INVOKEVIRTUAL java/lang/StringBuilder.append (Ljava/lang/String;)Ljava/lang/StringBuilder;
    LDC "'"
    INVOKEVIRTUAL java/lang/StringBuilder.append (Ljava/lang/String;)Ljava/lang/StringBuilder;
    INVOKEVIRTUAL java/lang/StringBuilder.toString ()Ljava/lang/String;
    INVOKESPECIAL com/examples/with/different/packagename/testcarver/ConversionException.<init> (Ljava/lang/String;)V
    ASTORE 2
   L10
    LINENUMBER 277 L10
    ALOAD 2
    ATHROW
   L11
    LOCALVARIABLE t Ljava/lang/Throwable; L8 L7 3
    LOCALVARIABLE value Ljava/lang/Object; L6 L5 2
    LOCALVARIABLE this Lcom/examples/with/different/packagename/testcarver/AbstractConverter; L3 L11 0
    LOCALVARIABLE type Ljava/lang/Class; L3 L11 1
    LOCALVARIABLE cex Lcom/examples/with/different/packagename/testcarver/ConversionException; L10 L11 2
    MAXSTACK = 5
    MAXLOCALS = 4

  // access flags 0x4
  protected setDefaultValue(Ljava/lang/Object;)V
   L0
    LINENUMBER 295 L0
    ALOAD 0
    ICONST_0
    PUTFIELD com/examples/with/different/packagename/testcarver/AbstractConverter.useDefault : Z
   L1
    LINENUMBER 296 L1
    ALOAD 1
    IFNONNULL L2
   L3
    LINENUMBER 297 L3
    ALOAD 0
    ACONST_NULL
    PUTFIELD com/examples/with/different/packagename/testcarver/AbstractConverter.defaultValue : Ljava/lang/Object;
    GOTO L4
   L2
    LINENUMBER 299 L2
    ALOAD 0
    ALOAD 0
    ALOAD 0
    INVOKEVIRTUAL com/examples/with/different/packagename/testcarver/AbstractConverter.getDefaultType ()Ljava/lang/Class;
    ALOAD 1
    INVOKEVIRTUAL com/examples/with/different/packagename/testcarver/AbstractConverter.convert (Ljava/lang/Class;Ljava/lang/Object;)Ljava/lang/Object;
    PUTFIELD com/examples/with/different/packagename/testcarver/AbstractConverter.defaultValue : Ljava/lang/Object;
   L4
    LINENUMBER 301 L4
    ALOAD 0
    ICONST_1
    PUTFIELD com/examples/with/different/packagename/testcarver/AbstractConverter.useDefault : Z
   L5
    LINENUMBER 302 L5
    RETURN
   L6
    LOCALVARIABLE this Lcom/examples/with/different/packagename/testcarver/AbstractConverter; L0 L6 0
    LOCALVARIABLE defaultValue Ljava/lang/Object; L0 L6 1
    MAXSTACK = 4
    MAXLOCALS = 2

  // access flags 0x404
  protected abstract getDefaultType()Ljava/lang/Class;

  // access flags 0x4
  protected getDefault(Ljava/lang/Class;)Ljava/lang/Object;
   L0
    LINENUMBER 319 L0
    ALOAD 1
    LDC Ljava/lang/String;.class
    INVOKEVIRTUAL java/lang/Object.equals (Ljava/lang/Object;)Z
    IFEQ L1
   L2
    LINENUMBER 320 L2
    ACONST_NULL
    ARETURN
   L1
    LINENUMBER 322 L1
    ALOAD 0
    GETFIELD com/examples/with/different/packagename/testcarver/AbstractConverter.defaultValue : Ljava/lang/Object;
    ARETURN
   L3
    LOCALVARIABLE this Lcom/examples/with/different/packagename/testcarver/AbstractConverter; L0 L3 0
    LOCALVARIABLE type Ljava/lang/Class; L0 L3 1
    MAXSTACK = 2
    MAXLOCALS = 2

  // access flags 0x2
  private _sw_prototype_original_toString()Ljava/lang/String;
   L0
    LINENUMBER 332 L0
    NEW java/lang/StringBuilder
    DUP
    INVOKESPECIAL java/lang/StringBuilder.<init> ()V
    ALOAD 0
    ALOAD 0
    INVOKEVIRTUAL java/lang/Object.getClass ()Ljava/lang/Class;
    INVOKEVIRTUAL com/examples/with/different/packagename/testcarver/AbstractConverter.toString (Ljava/lang/Class;)Ljava/lang/String;
    INVOKEVIRTUAL java/lang/StringBuilder.append (Ljava/lang/String;)Ljava/lang/StringBuilder;
    LDC "[UseDefault="
    INVOKEVIRTUAL java/lang/StringBuilder.append (Ljava/lang/String;)Ljava/lang/StringBuilder;
    ALOAD 0
    DUP
    GETFIELD com/examples/with/different/packagename/testcarver/AbstractConverter.useDefault : Z
    SWAP
    LDC -2147483610
    LDC "com/examples/with/different/packagename/testcarver/AbstractConverter"
    LDC "useDefault"
    LDC "Z"
    INVOKESTATIC org/evosuite/testcarver/capture/FieldRegistry.notifyReadAccess (Ljava/lang/Object;ILjava/lang/String;Ljava/lang/String;Ljava/lang/String;)V
    INVOKEVIRTUAL java/lang/StringBuilder.append (Z)Ljava/lang/StringBuilder;
    LDC "]"
    INVOKEVIRTUAL java/lang/StringBuilder.append (Ljava/lang/String;)Ljava/lang/StringBuilder;
    INVOKEVIRTUAL java/lang/StringBuilder.toString ()Ljava/lang/String;
    ARETURN
   L1
    LOCALVARIABLE this Lcom/examples/with/different/packagename/testcarver/AbstractConverter; L0 L1 0
    MAXSTACK = 7
    MAXLOCALS = 1

  // access flags 0x0
  primitive(Ljava/lang/Class;)Ljava/lang/Class;
   L0
    LINENUMBER 344 L0
    ALOAD 1
    IFNULL L1
    ALOAD 1
    INVOKEVIRTUAL java/lang/Class.isPrimitive ()Z
    IFNE L2
   L1
    LINENUMBER 345 L1
    ALOAD 1
    ARETURN
   L2
    LINENUMBER 348 L2
    ALOAD 1
    GETSTATIC java/lang/Integer.TYPE : Ljava/lang/Class;
    IF_ACMPNE L3
   L4
    LINENUMBER 349 L4
    LDC Ljava/lang/Integer;.class
    ARETURN
   L3
    LINENUMBER 350 L3
    ALOAD 1
    GETSTATIC java/lang/Double.TYPE : Ljava/lang/Class;
    IF_ACMPNE L5
   L6
    LINENUMBER 351 L6
    LDC Ljava/lang/Double;.class
    ARETURN
   L5
    LINENUMBER 352 L5
    ALOAD 1
    GETSTATIC java/lang/Long.TYPE : Ljava/lang/Class;
    IF_ACMPNE L7
   L8
    LINENUMBER 353 L8
    LDC Ljava/lang/Long;.class
    ARETURN
   L7
    LINENUMBER 354 L7
    ALOAD 1
    GETSTATIC java/lang/Boolean.TYPE : Ljava/lang/Class;
    IF_ACMPNE L9
   L10
    LINENUMBER 355 L10
    LDC Ljava/lang/Boolean;.class
    ARETURN
   L9
    LINENUMBER 356 L9
    ALOAD 1
    GETSTATIC java/lang/Float.TYPE : Ljava/lang/Class;
    IF_ACMPNE L11
   L12
    LINENUMBER 357 L12
    LDC Ljava/lang/Float;.class
    ARETURN
   L11
    LINENUMBER 358 L11
    ALOAD 1
    GETSTATIC java/lang/Short.TYPE : Ljava/lang/Class;
    IF_ACMPNE L13
   L14
    LINENUMBER 359 L14
    LDC Ljava/lang/Short;.class
    ARETURN
   L13
    LINENUMBER 360 L13
    ALOAD 1
    GETSTATIC java/lang/Byte.TYPE : Ljava/lang/Class;
    IF_ACMPNE L15
   L16
    LINENUMBER 361 L16
    LDC Ljava/lang/Byte;.class
    ARETURN
   L15
    LINENUMBER 362 L15
    ALOAD 1
    GETSTATIC java/lang/Character.TYPE : Ljava/lang/Class;
    IF_ACMPNE L17
   L18
    LINENUMBER 363 L18
    LDC Ljava/lang/Character;.class
    ARETURN
   L17
    LINENUMBER 365 L17
    ALOAD 1
    ARETURN
   L19
    LOCALVARIABLE this Lcom/examples/with/different/packagename/testcarver/AbstractConverter; L0 L19 0
    LOCALVARIABLE type Ljava/lang/Class; L0 L19 1
    MAXSTACK = 2
    MAXLOCALS = 2

  // access flags 0x0
  toString(Ljava/lang/Class;)Ljava/lang/String;
   L0
    LINENUMBER 376 L0
    ACONST_NULL
    ASTORE 2
   L1
    LINENUMBER 377 L1
    ALOAD 1
    IFNONNULL L2
   L3
    LINENUMBER 378 L3
    LDC "null"
    ASTORE 2
    GOTO L4
   L2
    LINENUMBER 379 L2
    ALOAD 1
    INVOKEVIRTUAL java/lang/Class.isArray ()Z
    IFEQ L5
   L6
    LINENUMBER 380 L6
    ALOAD 1
    INVOKEVIRTUAL java/lang/Class.getComponentType ()Ljava/lang/Class;
    ASTORE 3
   L7
    LINENUMBER 381 L7
    ICONST_1
    ISTORE 4
   L8
    LINENUMBER 382 L8
    ALOAD 3
    INVOKEVIRTUAL java/lang/Class.isArray ()Z
    IFEQ L9
   L10
    LINENUMBER 383 L10
    ALOAD 3
    INVOKEVIRTUAL java/lang/Class.getComponentType ()Ljava/lang/Class;
    ASTORE 3
   L11
    LINENUMBER 384 L11
    IINC 4 1
    GOTO L8
   L9
    LINENUMBER 386 L9
    ALOAD 3
    INVOKEVIRTUAL java/lang/Class.getName ()Ljava/lang/String;
    ASTORE 2
   L12
    LINENUMBER 387 L12
    ICONST_0
    ISTORE 5
   L13
    ILOAD 5
    ILOAD 4
    IF_ICMPGE L14
   L15
    LINENUMBER 388 L15
    NEW java/lang/StringBuilder
    DUP
    INVOKESPECIAL java/lang/StringBuilder.<init> ()V
    ALOAD 2
    INVOKEVIRTUAL java/lang/StringBuilder.append (Ljava/lang/String;)Ljava/lang/StringBuilder;
    LDC "[]"
    INVOKEVIRTUAL java/lang/StringBuilder.append (Ljava/lang/String;)Ljava/lang/StringBuilder;
    INVOKEVIRTUAL java/lang/StringBuilder.toString ()Ljava/lang/String;
    ASTORE 2
   L16
    LINENUMBER 387 L16
    IINC 5 1
    GOTO L13
   L14
    LINENUMBER 390 L14
    GOTO L4
   L5
    LINENUMBER 391 L5
    ALOAD 1
    INVOKEVIRTUAL java/lang/Class.getName ()Ljava/lang/String;
    ASTORE 2
   L4
    LINENUMBER 393 L4
    ALOAD 2
    LDC "java.lang."
    INVOKEVIRTUAL java/lang/String.startsWith (Ljava/lang/String;)Z
    IFNE L17
    ALOAD 2
    LDC "java.util."
   L18
    LINENUMBER 394 L18
    INVOKEVIRTUAL java/lang/String.startsWith (Ljava/lang/String;)Z
    IFNE L17
    ALOAD 2
    LDC "java.math."
   L19
    LINENUMBER 395 L19
    INVOKEVIRTUAL java/lang/String.startsWith (Ljava/lang/String;)Z
    IFEQ L20
   L17
    LINENUMBER 396 L17
    ALOAD 2
    LDC "java.lang."
    INVOKEVIRTUAL java/lang/String.length ()I
    INVOKEVIRTUAL java/lang/String.substring (I)Ljava/lang/String;
    ASTORE 2
    GOTO L21
   L20
    LINENUMBER 397 L20
    ALOAD 2
    LDC "org.apache.commons.beanutils.converters."
    INVOKEVIRTUAL java/lang/String.startsWith (Ljava/lang/String;)Z
    IFEQ L21
   L22
    LINENUMBER 398 L22
    ALOAD 2
    LDC "org.apache.commons.beanutils.converters."
    INVOKEVIRTUAL java/lang/String.length ()I
    INVOKEVIRTUAL java/lang/String.substring (I)Ljava/lang/String;
    ASTORE 2
   L21
    LINENUMBER 400 L21
    ALOAD 2
    ARETURN
   L23
    LOCALVARIABLE i I L13 L14 5
    LOCALVARIABLE elementType Ljava/lang/Class; L7 L14 3
    LOCALVARIABLE count I L8 L14 4
    LOCALVARIABLE this Lcom/examples/with/different/packagename/testcarver/AbstractConverter; L0 L23 0
    LOCALVARIABLE type Ljava/lang/Class; L0 L23 1
    LOCALVARIABLE typeName Ljava/lang/String; L1 L23 2
    MAXSTACK = 2
    MAXLOCALS = 6

  // access flags 0x1
  public isUseDefault()Z
    TRYCATCHBLOCK L0 L1 L2 java/lang/Throwable
    ACONST_NULL
    ASTORE 1
   L0
    LDC -2147483612
    ALOAD 0
    LDC "isUseDefault"
    LDC "()Z"
    BIPUSH 0
    ANEWARRAY java/lang/Object
    INVOKESTATIC org/evosuite/testcarver/capture/Capturer.capture (ILjava/lang/Object;Ljava/lang/String;Ljava/lang/String;[Ljava/lang/Object;)V
    ALOAD 0
    INVOKEVIRTUAL com/examples/with/different/packagename/testcarver/AbstractConverter._sw_prototype_original_isUseDefault ()Z
    INVOKESTATIC java/lang/Boolean.valueOf (Z)Ljava/lang/Boolean;
    ASTORE 1
    ALOAD 1
    INVOKEVIRTUAL java/lang/Boolean.booleanValue ()Z
    ISTORE 3
   L1
    LDC -2147483612
    ALOAD 0
    ALOAD 1
    INVOKESTATIC org/evosuite/testcarver/capture/Capturer.enable (ILjava/lang/Object;Ljava/lang/Object;)V
    ILOAD 3
    IRETURN
   L2
   FRAME FULL [com/examples/with/different/packagename/testcarver/AbstractConverter java/lang/Boolean] [java/lang/Throwable]
    ASTORE 2
    LDC -2147483612
    ALOAD 0
    ALOAD 1
    INVOKESTATIC org/evosuite/testcarver/capture/Capturer.enable (ILjava/lang/Object;Ljava/lang/Object;)V
    ALOAD 2
    ATHROW
    MAXSTACK = 5
    MAXLOCALS = 0

  // access flags 0x1
  public convert(Ljava/lang/Class;Ljava/lang/Object;)Ljava/lang/Object;
    TRYCATCHBLOCK L0 L1 L2 java/lang/Throwable
    ACONST_NULL
    ASTORE 3
   L0
    LDC -2147483611
    ALOAD 0
    LDC "convert"
    LDC "(Ljava/lang/Class;Ljava/lang/Object;)Ljava/lang/Object;"
    BIPUSH 2
    ANEWARRAY java/lang/Object
    DUP
    BIPUSH 0
    ALOAD 1
    AASTORE
    DUP
    BIPUSH 1
    ALOAD 2
    AASTORE
    INVOKESTATIC org/evosuite/testcarver/capture/Capturer.capture (ILjava/lang/Object;Ljava/lang/String;Ljava/lang/String;[Ljava/lang/Object;)V
    ALOAD 0
    ALOAD 1
    ALOAD 2
    INVOKEVIRTUAL com/examples/with/different/packagename/testcarver/AbstractConverter._sw_prototype_original_convert (Ljava/lang/Class;Ljava/lang/Object;)Ljava/lang/Object;
    ASTORE 3
    ALOAD 3
    ASTORE 5
   L1
    LDC -2147483611
    ALOAD 0
    ALOAD 3
    INVOKESTATIC org/evosuite/testcarver/capture/Capturer.enable (ILjava/lang/Object;Ljava/lang/Object;)V
    ALOAD 5
    ARETURN
   L2
   FRAME FULL [com/examples/with/different/packagename/testcarver/AbstractConverter java/lang/Object] [java/lang/Throwable]
    ASTORE 4
    LDC -2147483611
    ALOAD 0
    ALOAD 3
    INVOKESTATIC org/evosuite/testcarver/capture/Capturer.enable (ILjava/lang/Object;Ljava/lang/Object;)V
    ALOAD 4
    ATHROW
    MAXSTACK = 8
    MAXLOCALS = 0

  // access flags 0x1
  public toString()Ljava/lang/String;
    TRYCATCHBLOCK L0 L1 L2 java/lang/Throwable
    ACONST_NULL
    ASTORE 1
   L0
    LDC -2147483609
    ALOAD 0
    LDC "toString"
    LDC "()Ljava/lang/String;"
    BIPUSH 0
    ANEWARRAY java/lang/Object
    INVOKESTATIC org/evosuite/testcarver/capture/Capturer.capture (ILjava/lang/Object;Ljava/lang/String;Ljava/lang/String;[Ljava/lang/Object;)V
    ALOAD 0
    INVOKEVIRTUAL com/examples/with/different/packagename/testcarver/AbstractConverter._sw_prototype_original_toString ()Ljava/lang/String;
    ASTORE 1
    ALOAD 1
    ASTORE 3
   L1
    LDC -2147483609
    ALOAD 0
    ALOAD 1
    INVOKESTATIC org/evosuite/testcarver/capture/Capturer.enable (ILjava/lang/Object;Ljava/lang/Object;)V
    ALOAD 3
    ARETURN
   L2
   FRAME FULL [com/examples/with/different/packagename/testcarver/AbstractConverter java/lang/String] [java/lang/Throwable]
    ASTORE 2
    LDC -2147483609
    ALOAD 0
    ALOAD 1
    INVOKESTATIC org/evosuite/testcarver/capture/Capturer.enable (ILjava/lang/Object;Ljava/lang/Object;)V
    ALOAD 2
    ATHROW
    MAXSTACK = 7
    MAXLOCALS = 0
}
INFO  org.evosuite.testcarver.extraction.CarvingClassLoader - Seeing class for first time: com.examples.with.different.packagename.testcarver.Converter
WARN  org.evosuite.testcarver.extraction.CarvingClassLoader - Instrumenting class 'com.examples.with.different.packagename.testcarver.Converter'.
INFO  org.evosuite.testcarver.extraction.CarvingClassLoader - Keeping class: com.examples.with.different.packagename.testcarver.Converter
INFO  org.evosuite.testcarver.extraction.CarvingClassLoader - Keeping class: com.examples.with.different.packagename.testcarver.AbstractConverter
INFO  org.evosuite.testcarver.extraction.CarvingClassLoader - Keeping class: com.examples.with.different.packagename.testcarver.DateTimeConverter
INFO  org.evosuite.testcarver.extraction.CarvingClassLoader - Keeping class: com.examples.with.different.packagename.testcarver.DateConverter
INFO  org.evosuite.testcarver.extraction.CarvingClassLoader - Seeing class for first time: com.examples.with.different.packagename.testcarver.DateConverterTest10
WARN  org.evosuite.testcarver.extraction.CarvingClassLoader - Instrumenting class 'com.examples.with.different.packagename.testcarver.DateConverterTest10'.
INFO  org.evosuite.testcarver.instrument.Instrumenter - Checking package com.examples.with.different.packagename.testcarver for class com/examples/with/different/packagename/testcarver/DateConverterTest10
// class version 52.0 (52)
// access flags 0x21
public class com/examples/with/different/packagename/testcarver/DateConverterTest10 {

  // compiled from: DateConverterTest10.java

  // access flags 0x2
  private _sw_prototype_original_init_sw_prototype_original_()V
    ALOAD 0
    INVOKESTATIC org/evosuite/testcarver/capture/FieldRegistry.register (Ljava/lang/Object;)V
    RETURN
   L0
    LOCALVARIABLE this Lcom/examples/with/different/packagename/testcarver/DateConverterTest10; L1 L0 0
    MAXSTACK = 5
    MAXLOCALS = 1

  // access flags 0x4
  protected makeConverter()Lcom/examples/with/different/packagename/testcarver/DateTimeConverter;
   L0
    LINENUMBER 41 L0
    NEW com/examples/with/different/packagename/testcarver/DateConverter
    DUP
    INVOKESPECIAL com/examples/with/different/packagename/testcarver/DateConverter.<init> ()V
    ARETURN
   L1
    LOCALVARIABLE this Lcom/examples/with/different/packagename/testcarver/DateConverterTest10; L0 L1 0
    MAXSTACK = 2
    MAXLOCALS = 1

  // access flags 0x4
  protected makeConverter(Ljava/lang/Object;)Lcom/examples/with/different/packagename/testcarver/DateTimeConverter;
   L0
    LINENUMBER 51 L0
    NEW com/examples/with/different/packagename/testcarver/DateConverter
    DUP
    ALOAD 1
    INVOKESPECIAL com/examples/with/different/packagename/testcarver/DateConverter.<init> (Ljava/lang/Object;)V
    ARETURN
   L1
    LOCALVARIABLE this Lcom/examples/with/different/packagename/testcarver/DateConverterTest10; L0 L1 0
    LOCALVARIABLE defaultValue Ljava/lang/Object; L0 L1 1
    MAXSTACK = 3
    MAXLOCALS = 2

  // access flags 0x4
  // signature ()Ljava/lang/Class<*>;
  // declaration: java.lang.Class<?> getExpectedType()
  protected getExpectedType()Ljava/lang/Class;
   L0
    LINENUMBER 60 L0
    LDC Ljava/util/Date;.class
    ARETURN
   L1
    LOCALVARIABLE this Lcom/examples/with/different/packagename/testcarver/DateConverterTest10; L0 L1 0
    MAXSTACK = 1
    MAXLOCALS = 1

  // access flags 0x0
  getTimeInMillis(Ljava/lang/Object;)J
   L0
    LINENUMBER 71 L0
    ALOAD 1
    INSTANCEOF java/sql/Timestamp
    IFEQ L1
   L2
    LINENUMBER 76 L2
    ALOAD 1
    CHECKCAST java/sql/Timestamp
    ASTORE 2
   L3
    LINENUMBER 77 L3
    ALOAD 2
    INVOKEVIRTUAL java/sql/Timestamp.getTime ()J
    LDC 1000L
    LDIV
    LDC 1000L
    LMUL
    LSTORE 3
   L4
    LINENUMBER 78 L4
    LLOAD 3
    ALOAD 2
    INVOKEVIRTUAL java/sql/Timestamp.getNanos ()I
    LDC 1000000
    IDIV
    I2L
    LADD
    LSTORE 3
   L5
    LINENUMBER 79 L5
    LLOAD 3
    LRETURN
   L1
    LINENUMBER 82 L1
    ALOAD 1
    INSTANCEOF java/util/Calendar
    IFEQ L6
   L7
    LINENUMBER 83 L7
    ALOAD 1
    CHECKCAST org/evosuite/testcarver/wrapper/java/util/Calendar
    INVOKESTATIC org/evosuite/testcarver/wrapper/java/util/Calendar.getTime (Ljava/util/Calendar;)Ljava/util/Date;
    INVOKEVIRTUAL java/util/Date.getTime ()J
    LRETURN
   L6
    LINENUMBER 85 L6
    ALOAD 1
    CHECKCAST org/evosuite/testcarver/wrapper/java/util/Date
    INVOKEVIRTUAL java/util/Date.getTime ()J
    LRETURN
   L8
    LOCALVARIABLE timestamp Ljava/sql/Timestamp; L3 L1 2
    LOCALVARIABLE timeInMillis J L4 L1 3
    LOCALVARIABLE this Lcom/examples/with/different/packagename/testcarver/DateConverterTest10; L0 L8 0
    LOCALVARIABLE date Ljava/lang/Object; L0 L8 1
    MAXSTACK = 4
    MAXLOCALS = 5

  // access flags 0x0
  validConversion(Lcom/examples/with/different/packagename/testcarver/Converter;Ljava/lang/Object;Ljava/lang/Object;)V
    TRYCATCHBLOCK L0 L1 L2 java/lang/Exception
   L3
    LINENUMBER 98 L3
    ALOAD 3
    IFNONNULL L4
    LDC "null"
    GOTO L5
   L4
    ALOAD 3
    INVOKEVIRTUAL java/lang/Object.getClass ()Ljava/lang/Class;
    INVOKEVIRTUAL java/lang/Class.getName ()Ljava/lang/String;
   L5
    ASTORE 4
   L6
    LINENUMBER 99 L6
    NEW java/lang/StringBuilder
    DUP
    INVOKESPECIAL java/lang/StringBuilder.<init> ()V
    LDC "Converting '"
    INVOKEVIRTUAL java/lang/StringBuilder.append (Ljava/lang/String;)Ljava/lang/StringBuilder;
    ALOAD 4
    INVOKEVIRTUAL java/lang/StringBuilder.append (Ljava/lang/String;)Ljava/lang/StringBuilder;
    LDC "' value '"
    INVOKEVIRTUAL java/lang/StringBuilder.append (Ljava/lang/String;)Ljava/lang/StringBuilder;
    ALOAD 3
    INVOKEVIRTUAL java/lang/StringBuilder.append (Ljava/lang/Object;)Ljava/lang/StringBuilder;
    LDC "'"
    INVOKEVIRTUAL java/lang/StringBuilder.append (Ljava/lang/String;)Ljava/lang/StringBuilder;
    INVOKEVIRTUAL java/lang/StringBuilder.toString ()Ljava/lang/String;
    ASTORE 5
   L0
    LINENUMBER 101 L0
    ALOAD 1
    ALOAD 0
    INVOKEVIRTUAL com/examples/with/different/packagename/testcarver/DateConverterTest10.getExpectedType ()Ljava/lang/Class;
    ALOAD 3
    INVOKEINTERFACE com/examples/with/different/packagename/testcarver/Converter.convert (Ljava/lang/Class;Ljava/lang/Object;)Ljava/lang/Object; (itf)
    ASTORE 6
   L7
    LINENUMBER 102 L7
    ALOAD 6
    IFNONNULL L8
    ACONST_NULL
    GOTO L9
   L8
    ALOAD 6
    INVOKEVIRTUAL java/lang/Object.getClass ()Ljava/lang/Class;
   L9
    ASTORE 7
   L10
    LINENUMBER 103 L10
    ALOAD 2
    IFNONNULL L11
    ACONST_NULL
    GOTO L12
   L11
    ALOAD 2
    INVOKEVIRTUAL java/lang/Object.getClass ()Ljava/lang/Class;
   L12
    ASTORE 8
   L13
    LINENUMBER 104 L13
    NEW java/lang/StringBuilder
    DUP
    INVOKESPECIAL java/lang/StringBuilder.<init> ()V
    LDC "TYPE "
    INVOKEVIRTUAL java/lang/StringBuilder.append (Ljava/lang/String;)Ljava/lang/StringBuilder;
    ALOAD 5
    INVOKEVIRTUAL java/lang/StringBuilder.append (Ljava/lang/String;)Ljava/lang/StringBuilder;
    INVOKEVIRTUAL java/lang/StringBuilder.toString ()Ljava/lang/String;
    ALOAD 8
    ALOAD 7
    INVOKESTATIC org/junit/Assert.assertEquals (Ljava/lang/String;Ljava/lang/Object;Ljava/lang/Object;)V
   L14
    LINENUMBER 105 L14
    NEW java/lang/StringBuilder
    DUP
    INVOKESPECIAL java/lang/StringBuilder.<init> ()V
    LDC "VALUE "
    INVOKEVIRTUAL java/lang/StringBuilder.append (Ljava/lang/String;)Ljava/lang/StringBuilder;
    ALOAD 5
    INVOKEVIRTUAL java/lang/StringBuilder.append (Ljava/lang/String;)Ljava/lang/StringBuilder;
    INVOKEVIRTUAL java/lang/StringBuilder.toString ()Ljava/lang/String;
    ALOAD 2
    ALOAD 6
    INVOKESTATIC org/junit/Assert.assertEquals (Ljava/lang/String;Ljava/lang/Object;Ljava/lang/Object;)V
   L1
    LINENUMBER 108 L1
    GOTO L15
   L2
    LINENUMBER 106 L2
    ASTORE 6
   L16
    LINENUMBER 107 L16
    NEW java/lang/StringBuilder
    DUP
    INVOKESPECIAL java/lang/StringBuilder.<init> ()V
    ALOAD 5
    INVOKEVIRTUAL java/lang/StringBuilder.append (Ljava/lang/String;)Ljava/lang/StringBuilder;
    LDC " threw "
    INVOKEVIRTUAL java/lang/StringBuilder.append (Ljava/lang/String;)Ljava/lang/StringBuilder;
    ALOAD 6
    INVOKEVIRTUAL java/lang/Exception.toString ()Ljava/lang/String;
    INVOKEVIRTUAL java/lang/StringBuilder.append (Ljava/lang/String;)Ljava/lang/StringBuilder;
    INVOKEVIRTUAL java/lang/StringBuilder.toString ()Ljava/lang/String;
    INVOKESTATIC org/junit/Assert.fail (Ljava/lang/String;)V
   L15
    LINENUMBER 109 L15
    RETURN
   L17
    LOCALVARIABLE result Ljava/lang/Object; L7 L1 6
    LOCALVARIABLE resultType Ljava/lang/Class; L10 L1 7
    // signature Ljava/lang/Class<*>;
    // declaration: resultType extends java.lang.Class<?>
    LOCALVARIABLE expectType Ljava/lang/Class; L13 L1 8
    // signature Ljava/lang/Class<*>;
    // declaration: expectType extends java.lang.Class<?>
    LOCALVARIABLE ex Ljava/lang/Exception; L16 L15 6
    LOCALVARIABLE this Lcom/examples/with/different/packagename/testcarver/DateConverterTest10; L3 L17 0
    LOCALVARIABLE converter Lcom/examples/with/different/packagename/testcarver/Converter; L3 L17 1
    LOCALVARIABLE expected Ljava/lang/Object; L3 L17 2
    LOCALVARIABLE value Ljava/lang/Object; L3 L17 3
    LOCALVARIABLE valueType Ljava/lang/String; L6 L17 4
    LOCALVARIABLE msg Ljava/lang/String; L0 L17 5
    MAXSTACK = 3
    MAXLOCALS = 9

  // access flags 0x0
  stringConversion(Lcom/examples/with/different/packagename/testcarver/Converter;Ljava/lang/String;Ljava/lang/Object;)V
    TRYCATCHBLOCK L0 L1 L2 java/lang/Exception
   L3
    LINENUMBER 119 L3
    ALOAD 3
    IFNONNULL L4
    LDC "null"
    GOTO L5
   L4
    ALOAD 3
    INVOKEVIRTUAL java/lang/Object.getClass ()Ljava/lang/Class;
    INVOKEVIRTUAL java/lang/Class.getName ()Ljava/lang/String;
   L5
    ASTORE 4
   L6
    LINENUMBER 120 L6
    NEW java/lang/StringBuilder
    DUP
    INVOKESPECIAL java/lang/StringBuilder.<init> ()V
    LDC "Converting '"
    INVOKEVIRTUAL java/lang/StringBuilder.append (Ljava/lang/String;)Ljava/lang/StringBuilder;
    ALOAD 4
    INVOKEVIRTUAL java/lang/StringBuilder.append (Ljava/lang/String;)Ljava/lang/StringBuilder;
    LDC "' value '"
    INVOKEVIRTUAL java/lang/StringBuilder.append (Ljava/lang/String;)Ljava/lang/StringBuilder;
    ALOAD 3
    INVOKEVIRTUAL java/lang/StringBuilder.append (Ljava/lang/Object;)Ljava/lang/StringBuilder;
    LDC "' to String"
    INVOKEVIRTUAL java/lang/StringBuilder.append (Ljava/lang/String;)Ljava/lang/StringBuilder;
    INVOKEVIRTUAL java/lang/StringBuilder.toString ()Ljava/lang/String;
    ASTORE 5
   L0
    LINENUMBER 122 L0
    ALOAD 1
    LDC Ljava/lang/String;.class
    ALOAD 3
    INVOKEINTERFACE com/examples/with/different/packagename/testcarver/Converter.convert (Ljava/lang/Class;Ljava/lang/Object;)Ljava/lang/Object; (itf)
    ASTORE 6
   L7
    LINENUMBER 123 L7
    ALOAD 6
    IFNONNULL L8
    ACONST_NULL
    GOTO L9
   L8
    ALOAD 6
    INVOKEVIRTUAL java/lang/Object.getClass ()Ljava/lang/Class;
   L9
    ASTORE 7
   L10
    LINENUMBER 124 L10
    ALOAD 2
    IFNONNULL L11
    ACONST_NULL
    GOTO L12
   L11
    ALOAD 2
    INVOKEVIRTUAL java/lang/Object.getClass ()Ljava/lang/Class;
   L12
    ASTORE 8
   L13
    LINENUMBER 125 L13
    NEW java/lang/StringBuilder
    DUP
    INVOKESPECIAL java/lang/StringBuilder.<init> ()V
    LDC "TYPE "
    INVOKEVIRTUAL java/lang/StringBuilder.append (Ljava/lang/String;)Ljava/lang/StringBuilder;
    ALOAD 5
    INVOKEVIRTUAL java/lang/StringBuilder.append (Ljava/lang/String;)Ljava/lang/StringBuilder;
    INVOKEVIRTUAL java/lang/StringBuilder.toString ()Ljava/lang/String;
    ALOAD 8
    ALOAD 7
    INVOKESTATIC org/junit/Assert.assertEquals (Ljava/lang/String;Ljava/lang/Object;Ljava/lang/Object;)V
   L14
    LINENUMBER 126 L14
    NEW java/lang/StringBuilder
    DUP
    INVOKESPECIAL java/lang/StringBuilder.<init> ()V
    LDC "VALUE "
    INVOKEVIRTUAL java/lang/StringBuilder.append (Ljava/lang/String;)Ljava/lang/StringBuilder;
    ALOAD 5
    INVOKEVIRTUAL java/lang/StringBuilder.append (Ljava/lang/String;)Ljava/lang/StringBuilder;
    INVOKEVIRTUAL java/lang/StringBuilder.toString ()Ljava/lang/String;
    ALOAD 2
    ALOAD 6
    INVOKESTATIC org/junit/Assert.assertEquals (Ljava/lang/String;Ljava/lang/Object;Ljava/lang/Object;)V
   L1
    LINENUMBER 129 L1
    GOTO L15
   L2
    LINENUMBER 127 L2
    ASTORE 6
   L16
    LINENUMBER 128 L16
    NEW java/lang/StringBuilder
    DUP
    INVOKESPECIAL java/lang/StringBuilder.<init> ()V
    ALOAD 5
    INVOKEVIRTUAL java/lang/StringBuilder.append (Ljava/lang/String;)Ljava/lang/StringBuilder;
    LDC " threw "
    INVOKEVIRTUAL java/lang/StringBuilder.append (Ljava/lang/String;)Ljava/lang/StringBuilder;
    ALOAD 6
    INVOKEVIRTUAL java/lang/Exception.toString ()Ljava/lang/String;
    INVOKEVIRTUAL java/lang/StringBuilder.append (Ljava/lang/String;)Ljava/lang/StringBuilder;
    INVOKEVIRTUAL java/lang/StringBuilder.toString ()Ljava/lang/String;
    INVOKESTATIC org/junit/Assert.fail (Ljava/lang/String;)V
   L15
    LINENUMBER 130 L15
    RETURN
   L17
    LOCALVARIABLE result Ljava/lang/Object; L7 L1 6
    LOCALVARIABLE resultType Ljava/lang/Class; L10 L1 7
    // signature Ljava/lang/Class<*>;
    // declaration: resultType extends java.lang.Class<?>
    LOCALVARIABLE expectType Ljava/lang/Class; L13 L1 8
    // signature Ljava/lang/Class<*>;
    // declaration: expectType extends java.lang.Class<?>
    LOCALVARIABLE ex Ljava/lang/Exception; L16 L15 6
    LOCALVARIABLE this Lcom/examples/with/different/packagename/testcarver/DateConverterTest10; L3 L17 0
    LOCALVARIABLE converter Lcom/examples/with/different/packagename/testcarver/Converter; L3 L17 1
    LOCALVARIABLE expected Ljava/lang/String; L3 L17 2
    LOCALVARIABLE value Ljava/lang/Object; L3 L17 3
    LOCALVARIABLE valueType Ljava/lang/String; L6 L17 4
    LOCALVARIABLE msg Ljava/lang/String; L0 L17 5
    MAXSTACK = 3
    MAXLOCALS = 9

  // access flags 0x0
  invalidConversion(Lcom/examples/with/different/packagename/testcarver/Converter;Ljava/lang/Object;)V
    TRYCATCHBLOCK L0 L1 L2 com/examples/with/different/packagename/testcarver/ConversionException
   L3
    LINENUMBER 139 L3
    ALOAD 2
    IFNONNULL L4
    LDC "null"
    GOTO L5
   L4
    ALOAD 2
    INVOKEVIRTUAL java/lang/Object.getClass ()Ljava/lang/Class;
    INVOKEVIRTUAL java/lang/Class.getName ()Ljava/lang/String;
   L5
    ASTORE 3
   L6
    LINENUMBER 140 L6
    NEW java/lang/StringBuilder
    DUP
    INVOKESPECIAL java/lang/StringBuilder.<init> ()V
    LDC "Converting '"
    INVOKEVIRTUAL java/lang/StringBuilder.append (Ljava/lang/String;)Ljava/lang/StringBuilder;
    ALOAD 3
    INVOKEVIRTUAL java/lang/StringBuilder.append (Ljava/lang/String;)Ljava/lang/StringBuilder;
    LDC "' value '"
    INVOKEVIRTUAL java/lang/StringBuilder.append (Ljava/lang/String;)Ljava/lang/StringBuilder;
    ALOAD 2
    INVOKEVIRTUAL java/lang/StringBuilder.append (Ljava/lang/Object;)Ljava/lang/StringBuilder;
    LDC "'"
    INVOKEVIRTUAL java/lang/StringBuilder.append (Ljava/lang/String;)Ljava/lang/StringBuilder;
    INVOKEVIRTUAL java/lang/StringBuilder.toString ()Ljava/lang/String;
    ASTORE 4
   L0
    LINENUMBER 142 L0
    ALOAD 1
    ALOAD 0
    INVOKEVIRTUAL com/examples/with/different/packagename/testcarver/DateConverterTest10.getExpectedType ()Ljava/lang/Class;
    ALOAD 2
    INVOKEINTERFACE com/examples/with/different/packagename/testcarver/Converter.convert (Ljava/lang/Class;Ljava/lang/Object;)Ljava/lang/Object; (itf)
    ASTORE 5
   L7
    LINENUMBER 143 L7
    NEW java/lang/StringBuilder
    DUP
    INVOKESPECIAL java/lang/StringBuilder.<init> ()V
    ALOAD 4
    INVOKEVIRTUAL java/lang/StringBuilder.append (Ljava/lang/String;)Ljava/lang/StringBuilder;
    LDC ", expected ConversionException, but result = '"
    INVOKEVIRTUAL java/lang/StringBuilder.append (Ljava/lang/String;)Ljava/lang/StringBuilder;
    ALOAD 5
    INVOKEVIRTUAL java/lang/StringBuilder.append (Ljava/lang/Object;)Ljava/lang/StringBuilder;
    LDC "'"
    INVOKEVIRTUAL java/lang/StringBuilder.append (Ljava/lang/String;)Ljava/lang/StringBuilder;
    INVOKEVIRTUAL java/lang/StringBuilder.toString ()Ljava/lang/String;
    INVOKESTATIC org/junit/Assert.fail (Ljava/lang/String;)V
   L1
    LINENUMBER 146 L1
    GOTO L8
   L2
    LINENUMBER 144 L2
    ASTORE 5
   L8
    LINENUMBER 147 L8
    RETURN
   L9
    LOCALVARIABLE result Ljava/lang/Object; L7 L1 5
    LOCALVARIABLE this Lcom/examples/with/different/packagename/testcarver/DateConverterTest10; L3 L9 0
    LOCALVARIABLE converter Lcom/examples/with/different/packagename/testcarver/Converter; L3 L9 1
    LOCALVARIABLE value Ljava/lang/Object; L3 L9 2
    LOCALVARIABLE valueType Ljava/lang/String; L6 L9 3
    LOCALVARIABLE msg Ljava/lang/String; L0 L9 4
    MAXSTACK = 3
    MAXLOCALS = 6

  // access flags 0x0
  toType(Ljava/lang/String;Ljava/lang/String;Ljava/util/Locale;)Ljava/lang/Object;
   L0
    LINENUMBER 158 L0
    ALOAD 0
    ALOAD 1
    ALOAD 2
    ALOAD 3
    INVOKEVIRTUAL com/examples/with/different/packagename/testcarver/DateConverterTest10.toCalendar (Ljava/lang/String;Ljava/lang/String;Ljava/util/Locale;)Ljava/util/Calendar;
    ASTORE 4
   L1
    LINENUMBER 159 L1
    ALOAD 0
    ALOAD 4
    INVOKEVIRTUAL com/examples/with/different/packagename/testcarver/DateConverterTest10.toType (Ljava/util/Calendar;)Ljava/lang/Object;
    ARETURN
   L2
    LOCALVARIABLE this Lcom/examples/with/different/packagename/testcarver/DateConverterTest10; L0 L2 0
    LOCALVARIABLE value Ljava/lang/String; L0 L2 1
    LOCALVARIABLE pattern Ljava/lang/String; L0 L2 2
    LOCALVARIABLE locale Ljava/util/Locale; L0 L2 3
    LOCALVARIABLE calendar Ljava/util/Calendar; L1 L2 4
    MAXSTACK = 4
    MAXLOCALS = 5

  // access flags 0x0
  toCalendar(Ljava/lang/String;Ljava/lang/String;Ljava/util/Locale;)Ljava/util/Calendar;
    TRYCATCHBLOCK L0 L1 L2 java/lang/Exception
   L3
    LINENUMBER 171 L3
    ACONST_NULL
    ASTORE 4
   L0
    LINENUMBER 173 L0
    ALOAD 3
    IFNONNULL L4
   L5
    LINENUMBER 174 L5
    NEW org/evosuite/testcarver/wrapper/java/text/SimpleDateFormat
    DUP
    ALOAD 2
    INVOKESPECIAL org/evosuite/testcarver/wrapper/java/text/SimpleDateFormat.<init> (Ljava/lang/String;)V
    GOTO L6
   L4
    LINENUMBER 175 L4
    NEW org/evosuite/testcarver/wrapper/java/text/SimpleDateFormat
    DUP
    ALOAD 2
    ALOAD 3
    INVOKESPECIAL org/evosuite/testcarver/wrapper/java/text/SimpleDateFormat.<init> (Ljava/lang/String;Ljava/util/Locale;)V
   L6
    ASTORE 5
   L7
    LINENUMBER 176 L7
    ALOAD 5
    ICONST_0
    INVOKEVIRTUAL java/text/DateFormat.setLenient (Z)V
   L8
    LINENUMBER 177 L8
    ALOAD 5
    ALOAD 1
    INVOKEVIRTUAL java/text/DateFormat.parse (Ljava/lang/String;)Ljava/util/Date;
    POP
   L9
    LINENUMBER 178 L9
    ALOAD 5
    INVOKEVIRTUAL java/text/DateFormat.getCalendar ()Ljava/util/Calendar;
    ASTORE 4
   L1
    LINENUMBER 182 L1
    GOTO L10
   L2
    LINENUMBER 179 L2
    ASTORE 5
   L11
    LINENUMBER 180 L11
    NEW java/lang/StringBuilder
    DUP
    INVOKESPECIAL java/lang/StringBuilder.<init> ()V
    LDC "Error creating Calendar value ='"
    INVOKEVIRTUAL java/lang/StringBuilder.append (Ljava/lang/String;)Ljava/lang/StringBuilder;
    ALOAD 1
    INVOKEVIRTUAL java/lang/StringBuilder.append (Ljava/lang/String;)Ljava/lang/StringBuilder;
    LDC ", pattern='"
    INVOKEVIRTUAL java/lang/StringBuilder.append (Ljava/lang/String;)Ljava/lang/StringBuilder;
    ALOAD 2
    INVOKEVIRTUAL java/lang/StringBuilder.append (Ljava/lang/String;)Ljava/lang/StringBuilder;
    LDC "' "
    INVOKEVIRTUAL java/lang/StringBuilder.append (Ljava/lang/String;)Ljava/lang/StringBuilder;
    ALOAD 5
   L12
    LINENUMBER 181 L12
    INVOKEVIRTUAL java/lang/Exception.toString ()Ljava/lang/String;
    INVOKEVIRTUAL java/lang/StringBuilder.append (Ljava/lang/String;)Ljava/lang/StringBuilder;
    INVOKEVIRTUAL java/lang/StringBuilder.toString ()Ljava/lang/String;
   L13
    LINENUMBER 180 L13
    INVOKESTATIC org/junit/Assert.fail (Ljava/lang/String;)V
   L10
    LINENUMBER 183 L10
    ALOAD 4
    ARETURN
   L14
    LOCALVARIABLE format Ljava/text/DateFormat; L7 L1 5
    LOCALVARIABLE e Ljava/lang/Exception; L11 L10 5
    LOCALVARIABLE this Lcom/examples/with/different/packagename/testcarver/DateConverterTest10; L3 L14 0
    LOCALVARIABLE value Ljava/lang/String; L3 L14 1
    LOCALVARIABLE pattern Ljava/lang/String; L3 L14 2
    LOCALVARIABLE locale Ljava/util/Locale; L3 L14 3
    LOCALVARIABLE calendar Ljava/util/Calendar; L0 L14 4
    MAXSTACK = 4
    MAXLOCALS = 6

  // access flags 0x0
  toDate(Ljava/util/Calendar;)Ljava/util/Date;
   L0
    LINENUMBER 193 L0
    ALOAD 1
    INVOKESTATIC org/evosuite/testcarver/wrapper/java/util/Calendar.getTime (Ljava/util/Calendar;)Ljava/util/Date;
    ARETURN
   L1
    LOCALVARIABLE this Lcom/examples/with/different/packagename/testcarver/DateConverterTest10; L0 L1 0
    LOCALVARIABLE calendar Ljava/util/Calendar; L0 L1 1
    MAXSTACK = 1
    MAXLOCALS = 2

  // access flags 0x0
  toSqlDate(Ljava/util/Calendar;)Ljava/sql/Date;
   L0
    LINENUMBER 203 L0
    NEW java/sql/Date
    DUP
    ALOAD 0
    ALOAD 1
    INVOKEVIRTUAL com/examples/with/different/packagename/testcarver/DateConverterTest10.getTimeInMillis (Ljava/lang/Object;)J
    INVOKESPECIAL java/sql/Date.<init> (J)V
    ARETURN
   L1
    LOCALVARIABLE this Lcom/examples/with/different/packagename/testcarver/DateConverterTest10; L0 L1 0
    LOCALVARIABLE calendar Ljava/util/Calendar; L0 L1 1
    MAXSTACK = 4
    MAXLOCALS = 2

  // access flags 0x0
  toSqlTime(Ljava/util/Calendar;)Ljava/sql/Time;
   L0
    LINENUMBER 213 L0
    NEW java/sql/Time
    DUP
    ALOAD 0
    ALOAD 1
    INVOKEVIRTUAL com/examples/with/different/packagename/testcarver/DateConverterTest10.getTimeInMillis (Ljava/lang/Object;)J
    INVOKESPECIAL java/sql/Time.<init> (J)V
    ARETURN
   L1
    LOCALVARIABLE this Lcom/examples/with/different/packagename/testcarver/DateConverterTest10; L0 L1 0
    LOCALVARIABLE calendar Ljava/util/Calendar; L0 L1 1
    MAXSTACK = 4
    MAXLOCALS = 2

  // access flags 0x0
  toSqlTimestamp(Ljava/util/Calendar;)Ljava/sql/Timestamp;
   L0
    LINENUMBER 223 L0
    NEW java/sql/Timestamp
    DUP
    ALOAD 0
    ALOAD 1
    INVOKEVIRTUAL com/examples/with/different/packagename/testcarver/DateConverterTest10.getTimeInMillis (Ljava/lang/Object;)J
    INVOKESPECIAL java/sql/Timestamp.<init> (J)V
    ARETURN
   L1
    LOCALVARIABLE this Lcom/examples/with/different/packagename/testcarver/DateConverterTest10; L0 L1 0
    LOCALVARIABLE calendar Ljava/util/Calendar; L0 L1 1
    MAXSTACK = 4
    MAXLOCALS = 2

  // access flags 0x4
  protected toType(Ljava/util/Calendar;)Ljava/lang/Object;
   L0
    LINENUMBER 233 L0
    ALOAD 1
    INVOKESTATIC org/evosuite/testcarver/wrapper/java/util/Calendar.getTime (Ljava/util/Calendar;)Ljava/util/Date;
    ARETURN
   L1
    LOCALVARIABLE this Lcom/examples/with/different/packagename/testcarver/DateConverterTest10; L0 L1 0
    LOCALVARIABLE value Ljava/util/Calendar; L0 L1 1
    MAXSTACK = 1
    MAXLOCALS = 2

  // access flags 0x2
  private _sw_prototype_original_testLocale()V
   L0
    LINENUMBER 243 L0
    INVOKESTATIC java/util/Locale.getDefault ()Ljava/util/Locale;
    ASTORE 1
   L1
    LINENUMBER 244 L1
    GETSTATIC java/util/Locale.US : Ljava/util/Locale;
    ACONST_NULL
    LDC -2147483607
    LDC "java/util/Locale"
    LDC "US"
    LDC "Ljava/util/Locale;"
    INVOKESTATIC org/evosuite/testcarver/capture/FieldRegistry.notifyReadAccess (Ljava/lang/Object;ILjava/lang/String;Ljava/lang/String;Ljava/lang/String;)V
    INVOKESTATIC java/util/Locale.setDefault (Ljava/util/Locale;)V
   L2
    LINENUMBER 246 L2
    LDC "M/d/yy"
    ASTORE 2
   L3
    LINENUMBER 249 L3
    ALOAD 0
    INVOKEVIRTUAL com/examples/with/different/packagename/testcarver/DateConverterTest10.makeConverter ()Lcom/examples/with/different/packagename/testcarver/DateTimeConverter;
    ASTORE 3
   L4
    LINENUMBER 250 L4
    ALOAD 3
    ICONST_1
    INVOKEVIRTUAL com/examples/with/different/packagename/testcarver/DateTimeConverter.setUseLocaleFormat (Z)V
   L5
    LINENUMBER 253 L5
    LDC "10/28/06"
    ASTORE 4
   L6
    LINENUMBER 254 L6
    ALOAD 0
    ALOAD 4
    ALOAD 2
    ACONST_NULL
    INVOKEVIRTUAL com/examples/with/different/packagename/testcarver/DateConverterTest10.toType (Ljava/lang/String;Ljava/lang/String;Ljava/util/Locale;)Ljava/lang/Object;
    ASTORE 5
   L7
    LINENUMBER 255 L7
    ALOAD 0
    ALOAD 3
    ALOAD 5
    ALOAD 4
    INVOKEVIRTUAL com/examples/with/different/packagename/testcarver/DateConverterTest10.validConversion (Lcom/examples/with/different/packagename/testcarver/Converter;Ljava/lang/Object;Ljava/lang/Object;)V
   L8
    LINENUMBER 258 L8
    ALOAD 0
    ALOAD 3
    ACONST_NULL
    INVOKEVIRTUAL com/examples/with/different/packagename/testcarver/DateConverterTest10.invalidConversion (Lcom/examples/with/different/packagename/testcarver/Converter;Ljava/lang/Object;)V
   L9
    LINENUMBER 259 L9
    ALOAD 0
    ALOAD 3
    LDC ""
    INVOKEVIRTUAL com/examples/with/different/packagename/testcarver/DateConverterTest10.invalidConversion (Lcom/examples/with/different/packagename/testcarver/Converter;Ljava/lang/Object;)V
   L10
    LINENUMBER 260 L10
    ALOAD 0
    ALOAD 3
    LDC "2006-10-2X"
    INVOKEVIRTUAL com/examples/with/different/packagename/testcarver/DateConverterTest10.invalidConversion (Lcom/examples/with/different/packagename/testcarver/Converter;Ljava/lang/Object;)V
   L11
    LINENUMBER 261 L11
    ALOAD 0
    ALOAD 3
    LDC "10.28.06"
    INVOKEVIRTUAL com/examples/with/different/packagename/testcarver/DateConverterTest10.invalidConversion (Lcom/examples/with/different/packagename/testcarver/Converter;Ljava/lang/Object;)V
   L12
    LINENUMBER 262 L12
    ALOAD 0
    ALOAD 3
    LDC "10-28-06"
    INVOKEVIRTUAL com/examples/with/different/packagename/testcarver/DateConverterTest10.invalidConversion (Lcom/examples/with/different/packagename/testcarver/Converter;Ljava/lang/Object;)V
   L13
    LINENUMBER 263 L13
    ALOAD 0
    ALOAD 3
    ICONST_2
    INVOKESTATIC java/lang/Integer.valueOf (I)Ljava/lang/Integer;
    INVOKEVIRTUAL com/examples/with/different/packagename/testcarver/DateConverterTest10.invalidConversion (Lcom/examples/with/different/packagename/testcarver/Converter;Ljava/lang/Object;)V
   L14
    LINENUMBER 266 L14
    ALOAD 1
    INVOKESTATIC java/util/Locale.setDefault (Ljava/util/Locale;)V
   L15
    LINENUMBER 268 L15
    RETURN
   L16
    LOCALVARIABLE this Lcom/examples/with/different/packagename/testcarver/DateConverterTest10; L0 L16 0
    LOCALVARIABLE defaultLocale Ljava/util/Locale; L1 L16 1
    LOCALVARIABLE pattern Ljava/lang/String; L3 L16 2
    LOCALVARIABLE converter Lcom/examples/with/different/packagename/testcarver/DateTimeConverter; L4 L16 3
    LOCALVARIABLE testString Ljava/lang/String; L6 L16 4
    LOCALVARIABLE expected Ljava/lang/Object; L7 L16 5
    MAXSTACK = 8
    MAXLOCALS = 6

  // access flags 0x1
  public <init>()V
    TRYCATCHBLOCK L0 L1 L1 java/lang/Throwable
   L2
    LINENUMBER 33 L2
    ALOAD 0
    INVOKESPECIAL java/lang/Object.<init> ()V
   L0
    LDC -2147483608
    ALOAD 0
    LDC "<init>"
    LDC "()V"
    BIPUSH 0
    ANEWARRAY java/lang/Object
    INVOKESTATIC org/evosuite/testcarver/capture/Capturer.capture (ILjava/lang/Object;Ljava/lang/String;Ljava/lang/String;[Ljava/lang/Object;)V
    ALOAD 0
    INVOKEVIRTUAL com/examples/with/different/packagename/testcarver/DateConverterTest10._sw_prototype_original_init_sw_prototype_original_ ()V
    GOTO L3
   L1
   FRAME SAME1 java/lang/Throwable
    ASTORE 1
    LDC -2147483608
    ALOAD 0
    GETSTATIC org/evosuite/testcarver/capture/CaptureLog.RETURN_TYPE_VOID : Ljava/lang/Object;
    INVOKESTATIC org/evosuite/testcarver/capture/Capturer.enable (ILjava/lang/Object;Ljava/lang/Object;)V
    ALOAD 1
    ATHROW
   L3
   FRAME SAME
    LDC -2147483608
    ALOAD 0
    GETSTATIC org/evosuite/testcarver/capture/CaptureLog.RETURN_TYPE_VOID : Ljava/lang/Object;
    INVOKESTATIC org/evosuite/testcarver/capture/Capturer.enable (ILjava/lang/Object;Ljava/lang/Object;)V
    RETURN
    MAXSTACK = 5
    MAXLOCALS = 0

  // access flags 0x1
  public testLocale()V
  @Lorg/junit/Test;()
    TRYCATCHBLOCK L0 L1 L1 java/lang/Throwable
   L0
    LDC -2147483606
    ALOAD 0
    LDC "testLocale"
    LDC "()V"
    BIPUSH 0
    ANEWARRAY java/lang/Object
    INVOKESTATIC org/evosuite/testcarver/capture/Capturer.capture (ILjava/lang/Object;Ljava/lang/String;Ljava/lang/String;[Ljava/lang/Object;)V
    ALOAD 0
    INVOKEVIRTUAL com/examples/with/different/packagename/testcarver/DateConverterTest10._sw_prototype_original_testLocale ()V
    GOTO L2
   L1
   FRAME SAME1 java/lang/Throwable
    ASTORE 1
    LDC -2147483606
    ALOAD 0
    GETSTATIC org/evosuite/testcarver/capture/CaptureLog.RETURN_TYPE_VOID : Ljava/lang/Object;
    INVOKESTATIC org/evosuite/testcarver/capture/Capturer.enable (ILjava/lang/Object;Ljava/lang/Object;)V
    ALOAD 1
    ATHROW
   L2
   FRAME SAME
    LDC -2147483606
    ALOAD 0
    GETSTATIC org/evosuite/testcarver/capture/CaptureLog.RETURN_TYPE_VOID : Ljava/lang/Object;
    INVOKESTATIC org/evosuite/testcarver/capture/Capturer.enable (ILjava/lang/Object;Ljava/lang/Object;)V
    RETURN
    MAXSTACK = 8
    MAXLOCALS = 0
}
INFO  org.evosuite.testcarver.extraction.CarvingClassLoader - Keeping class: com.examples.with.different.packagename.testcarver.DateConverterTest10
INFO  org.evosuite.testcarver.extraction.CarvingClassLoader - Seeing class for first time: com.examples.with.different.packagename.testcarver.ConversionException
WARN  org.evosuite.testcarver.extraction.CarvingClassLoader - Instrumenting class 'com.examples.with.different.packagename.testcarver.ConversionException'.
INFO  org.evosuite.testcarver.instrument.Instrumenter - Checking package com.examples.with.different.packagename.testcarver for class com/examples/with/different/packagename/testcarver/ConversionException
// class version 52.0 (52)
// access flags 0x21
public class com/examples/with/different/packagename/testcarver/ConversionException extends java/lang/RuntimeException {

  // compiled from: ConversionException.java

  // access flags 0x1A
  private final static J serialVersionUID = -3264207363344909775L

  // access flags 0x4
  protected Ljava/lang/Throwable; cause

  // access flags 0x2
  private _sw_prototype_original_init_sw_prototype_original_(Ljava/lang/String;)V
    ALOAD 0
    INVOKESTATIC org/evosuite/testcarver/capture/FieldRegistry.register (Ljava/lang/Object;)V
   L0
    LINENUMBER 85 L0
    ALOAD 0
    ACONST_NULL
    DUP2
    PUTFIELD com/examples/with/different/packagename/testcarver/ConversionException.cause : Ljava/lang/Throwable;
    POP
    LDC -2147483605
    LDC "com/examples/with/different/packagename/testcarver/ConversionException"
    LDC "cause"
    LDC "Ljava/lang/Throwable;"
    INVOKESTATIC org/evosuite/testcarver/capture/FieldRegistry.notifyModification (Ljava/lang/Object;ILjava/lang/String;Ljava/lang/String;Ljava/lang/String;)V
   L1
    LINENUMBER 48 L1
    RETURN
   L2
    LOCALVARIABLE this Lcom/examples/with/different/packagename/testcarver/ConversionException; L3 L2 0
    LOCALVARIABLE message Ljava/lang/String; L3 L2 1
    MAXSTACK = 6
    MAXLOCALS = 2

  // access flags 0x2
  private _sw_prototype_original_init_sw_prototype_original_(Ljava/lang/String;Ljava/lang/Throwable;)V
    ALOAD 0
    INVOKESTATIC org/evosuite/testcarver/capture/FieldRegistry.register (Ljava/lang/Object;)V
   L0
    LINENUMBER 85 L0
    ALOAD 0
    ACONST_NULL
    DUP2
    PUTFIELD com/examples/with/different/packagename/testcarver/ConversionException.cause : Ljava/lang/Throwable;
    POP
    LDC -2147483602
    LDC "com/examples/with/different/packagename/testcarver/ConversionException"
    LDC "cause"
    LDC "Ljava/lang/Throwable;"
    INVOKESTATIC org/evosuite/testcarver/capture/FieldRegistry.notifyModification (Ljava/lang/Object;ILjava/lang/String;Ljava/lang/String;Ljava/lang/String;)V
   L1
    LINENUMBER 60 L1
    ALOAD 0
    ALOAD 2
    DUP2
    PUTFIELD com/examples/with/different/packagename/testcarver/ConversionException.cause : Ljava/lang/Throwable;
    POP
    LDC -2147483600
    LDC "com/examples/with/different/packagename/testcarver/ConversionException"
    LDC "cause"
    LDC "Ljava/lang/Throwable;"
    INVOKESTATIC org/evosuite/testcarver/capture/FieldRegistry.notifyModification (Ljava/lang/Object;ILjava/lang/String;Ljava/lang/String;Ljava/lang/String;)V
   L2
    LINENUMBER 62 L2
    RETURN
   L3
    LOCALVARIABLE this Lcom/examples/with/different/packagename/testcarver/ConversionException; L4 L3 0
    LOCALVARIABLE message Ljava/lang/String; L4 L3 1
    LOCALVARIABLE cause Ljava/lang/Throwable; L4 L3 2
    MAXSTACK = 6
    MAXLOCALS = 3

  // access flags 0x2
  private _sw_prototype_original_init_sw_prototype_original_(Ljava/lang/Throwable;)V
    ALOAD 0
    INVOKESTATIC org/evosuite/testcarver/capture/FieldRegistry.register (Ljava/lang/Object;)V
   L0
    LINENUMBER 85 L0
    ALOAD 0
    ACONST_NULL
    DUP2
    PUTFIELD com/examples/with/different/packagename/testcarver/ConversionException.cause : Ljava/lang/Throwable;
    POP
    LDC -2147483597
    LDC "com/examples/with/different/packagename/testcarver/ConversionException"
    LDC "cause"
    LDC "Ljava/lang/Throwable;"
    INVOKESTATIC org/evosuite/testcarver/capture/FieldRegistry.notifyModification (Ljava/lang/Object;ILjava/lang/String;Ljava/lang/String;Ljava/lang/String;)V
   L1
    LINENUMBER 73 L1
    ALOAD 0
    ALOAD 1
    DUP2
    PUTFIELD com/examples/with/different/packagename/testcarver/ConversionException.cause : Ljava/lang/Throwable;
    POP
    LDC -2147483595
    LDC "com/examples/with/different/packagename/testcarver/ConversionException"
    LDC "cause"
    LDC "Ljava/lang/Throwable;"
    INVOKESTATIC org/evosuite/testcarver/capture/FieldRegistry.notifyModification (Ljava/lang/Object;ILjava/lang/String;Ljava/lang/String;Ljava/lang/String;)V
   L2
    LINENUMBER 75 L2
    RETURN
   L3
    LOCALVARIABLE this Lcom/examples/with/different/packagename/testcarver/ConversionException; L4 L3 0
    LOCALVARIABLE cause Ljava/lang/Throwable; L4 L3 1
    MAXSTACK = 6
    MAXLOCALS = 2

  // access flags 0x2
  private _sw_prototype_original_getCause()Ljava/lang/Throwable;
   L0
    LINENUMBER 93 L0
    ALOAD 0
    DUP
    GETFIELD com/examples/with/different/packagename/testcarver/ConversionException.cause : Ljava/lang/Throwable;
    SWAP
    LDC -2147483592
    LDC "com/examples/with/different/packagename/testcarver/ConversionException"
    LDC "cause"
    LDC "Ljava/lang/Throwable;"
    INVOKESTATIC org/evosuite/testcarver/capture/FieldRegistry.notifyReadAccess (Ljava/lang/Object;ILjava/lang/String;Ljava/lang/String;Ljava/lang/String;)V
    ARETURN
   L1
    LOCALVARIABLE this Lcom/examples/with/different/packagename/testcarver/ConversionException; L0 L1 0
    MAXSTACK = 5
    MAXLOCALS = 1

  // access flags 0x1
  public <init>(Ljava/lang/String;)V
    TRYCATCHBLOCK L0 L1 L1 java/lang/Throwable
   L2
    LINENUMBER 46 L2
    ALOAD 0
    ALOAD 1
    INVOKESPECIAL java/lang/RuntimeException.<init> (Ljava/lang/String;)V
   L0
    LDC -2147483603
    ALOAD 0
    LDC "<init>"
    LDC "(Ljava/lang/String;)V"
    BIPUSH 1
    ANEWARRAY java/lang/Object
    DUP
    BIPUSH 0
    ALOAD 1
    AASTORE
    INVOKESTATIC org/evosuite/testcarver/capture/Capturer.capture (ILjava/lang/Object;Ljava/lang/String;Ljava/lang/String;[Ljava/lang/Object;)V
    ALOAD 0
    ALOAD 1
    INVOKEVIRTUAL com/examples/with/different/packagename/testcarver/ConversionException._sw_prototype_original_init_sw_prototype_original_ (Ljava/lang/String;)V
    GOTO L3
   L1
   FRAME SAME1 java/lang/Throwable
    ASTORE 2
    LDC -2147483603
    ALOAD 0
    GETSTATIC org/evosuite/testcarver/capture/CaptureLog.RETURN_TYPE_VOID : Ljava/lang/Object;
    INVOKESTATIC org/evosuite/testcarver/capture/Capturer.enable (ILjava/lang/Object;Ljava/lang/Object;)V
    ALOAD 2
    ATHROW
   L3
   FRAME SAME
    LDC -2147483603
    ALOAD 0
    GETSTATIC org/evosuite/testcarver/capture/CaptureLog.RETURN_TYPE_VOID : Ljava/lang/Object;
    INVOKESTATIC org/evosuite/testcarver/capture/Capturer.enable (ILjava/lang/Object;Ljava/lang/Object;)V
    RETURN
    MAXSTACK = 6
    MAXLOCALS = 0

  // access flags 0x1
  public <init>(Ljava/lang/String;Ljava/lang/Throwable;)V
    TRYCATCHBLOCK L0 L1 L1 java/lang/Throwable
   L2
    LINENUMBER 59 L2
    ALOAD 0
    ALOAD 1
    INVOKESPECIAL java/lang/RuntimeException.<init> (Ljava/lang/String;)V
   L0
    LDC -2147483598
    ALOAD 0
    LDC "<init>"
    LDC "(Ljava/lang/String;Ljava/lang/Throwable;)V"
    BIPUSH 2
    ANEWARRAY java/lang/Object
    DUP
    BIPUSH 0
    ALOAD 1
    AASTORE
    DUP
    BIPUSH 1
    ALOAD 2
    AASTORE
    INVOKESTATIC org/evosuite/testcarver/capture/Capturer.capture (ILjava/lang/Object;Ljava/lang/String;Ljava/lang/String;[Ljava/lang/Object;)V
    ALOAD 0
    ALOAD 1
    ALOAD 2
    INVOKEVIRTUAL com/examples/with/different/packagename/testcarver/ConversionException._sw_prototype_original_init_sw_prototype_original_ (Ljava/lang/String;Ljava/lang/Throwable;)V
    GOTO L3
   L1
   FRAME SAME1 java/lang/Throwable
    ASTORE 3
    LDC -2147483598
    ALOAD 0
    GETSTATIC org/evosuite/testcarver/capture/CaptureLog.RETURN_TYPE_VOID : Ljava/lang/Object;
    INVOKESTATIC org/evosuite/testcarver/capture/Capturer.enable (ILjava/lang/Object;Ljava/lang/Object;)V
    ALOAD 3
    ATHROW
   L3
   FRAME SAME
    LDC -2147483598
    ALOAD 0
    GETSTATIC org/evosuite/testcarver/capture/CaptureLog.RETURN_TYPE_VOID : Ljava/lang/Object;
    INVOKESTATIC org/evosuite/testcarver/capture/Capturer.enable (ILjava/lang/Object;Ljava/lang/Object;)V
    RETURN
    MAXSTACK = 6
    MAXLOCALS = 0

  // access flags 0x1
  public <init>(Ljava/lang/Throwable;)V
    TRYCATCHBLOCK L0 L1 L1 java/lang/Throwable
   L2
    LINENUMBER 72 L2
    ALOAD 0
    ALOAD 1
    INVOKEVIRTUAL java/lang/Throwable.getMessage ()Ljava/lang/String;
    INVOKESPECIAL java/lang/RuntimeException.<init> (Ljava/lang/String;)V
   L0
    LDC -2147483593
    ALOAD 0
    LDC "<init>"
    LDC "(Ljava/lang/Throwable;)V"
    BIPUSH 1
    ANEWARRAY java/lang/Object
    DUP
    BIPUSH 0
    ALOAD 1
    AASTORE
    INVOKESTATIC org/evosuite/testcarver/capture/Capturer.capture (ILjava/lang/Object;Ljava/lang/String;Ljava/lang/String;[Ljava/lang/Object;)V
    ALOAD 0
    ALOAD 1
    INVOKEVIRTUAL com/examples/with/different/packagename/testcarver/ConversionException._sw_prototype_original_init_sw_prototype_original_ (Ljava/lang/Throwable;)V
    GOTO L3
   L1
   FRAME SAME1 java/lang/Throwable
    ASTORE 2
    LDC -2147483593
    ALOAD 0
    GETSTATIC org/evosuite/testcarver/capture/CaptureLog.RETURN_TYPE_VOID : Ljava/lang/Object;
    INVOKESTATIC org/evosuite/testcarver/capture/Capturer.enable (ILjava/lang/Object;Ljava/lang/Object;)V
    ALOAD 2
    ATHROW
   L3
   FRAME SAME
    LDC -2147483593
    ALOAD 0
    GETSTATIC org/evosuite/testcarver/capture/CaptureLog.RETURN_TYPE_VOID : Ljava/lang/Object;
    INVOKESTATIC org/evosuite/testcarver/capture/Capturer.enable (ILjava/lang/Object;Ljava/lang/Object;)V
    RETURN
    MAXSTACK = 6
    MAXLOCALS = 0

  // access flags 0x1
  public getCause()Ljava/lang/Throwable;
    TRYCATCHBLOCK L0 L1 L2 java/lang/Throwable
    ACONST_NULL
    ASTORE 1
   L0
    LDC -2147483591
    ALOAD 0
    LDC "getCause"
    LDC "()Ljava/lang/Throwable;"
    BIPUSH 0
    ANEWARRAY java/lang/Object
    INVOKESTATIC org/evosuite/testcarver/capture/Capturer.capture (ILjava/lang/Object;Ljava/lang/String;Ljava/lang/String;[Ljava/lang/Object;)V
    ALOAD 0
    INVOKEVIRTUAL com/examples/with/different/packagename/testcarver/ConversionException._sw_prototype_original_getCause ()Ljava/lang/Throwable;
    ASTORE 1
    ALOAD 1
    ASTORE 3
   L1
    LDC -2147483591
    ALOAD 0
    ALOAD 1
    INVOKESTATIC org/evosuite/testcarver/capture/Capturer.enable (ILjava/lang/Object;Ljava/lang/Object;)V
    ALOAD 3
    ARETURN
   L2
   FRAME FULL [com/examples/with/different/packagename/testcarver/ConversionException java/lang/Throwable] [java/lang/Throwable]
    ASTORE 2
    LDC -2147483591
    ALOAD 0
    ALOAD 1
    INVOKESTATIC org/evosuite/testcarver/capture/Capturer.enable (ILjava/lang/Object;Ljava/lang/Object;)V
    ALOAD 2
    ATHROW
    MAXSTACK = 5
    MAXLOCALS = 0
}
INFO  org.evosuite.testcarver.extraction.CarvingClassLoader - Keeping class: com.examples.with.different.packagename.testcarver.ConversionException
INFO  org.evosuite.testcarver.extraction.CarvingRunListener - Not yet reached maximum time to carve unit tests - executing test with carver
INFO  org.evosuite.testcarver.capture.Capturer - Starting Capturer...
INFO  org.evosuite.testcarver.capture.Capturer - Capturer has been started successfully
INFO  org.evosuite.testcarver.capture.CaptureLog - method getTime was called on object java.util.GregorianCalendar[time=1161993600000,areFieldsSet=true,areAllFieldsSet=false,lenient=false,zone=sun.util.calendar.ZoneInfo[id="Etc/UTC",offset=0,dstSavings=0,useDaylight=false,transitions=0,lastRule=null],firstDayOfWeek=1,minimalDaysInFirstWeek=1,ERA=?,YEAR=2006,MONTH=9,WEEK_OF_YEAR=?,WEEK_OF_MONTH=?,DAY_OF_MONTH=28,DAY_OF_YEAR=?,DAY_OF_WEEK=?,DAY_OF_WEEK_IN_MONTH=?,AM_PM=?,HOUR=?,HOUR_OF_DAY=?,MINUTE=?,SECOND=?,MILLISECOND=?,ZONE_OFFSET=?,DST_OFFSET=?] with oid 336927685 without foregoing (observed) init stmt --> creating unobserved init stmt
INFO  org.evosuite.testcarver.capture.Capturer - Stopping Capturer...
INFO  org.evosuite.testcarver.capture.Capturer - Capturer has been stopped successfully
INFO  evo_logger -  - Carving test com.examples.with.different.packagename.testcarver.DateConverterTest10.testLocale
INFO  org.evosuite.instrumentation.InstrumentingClassLoader - Seeing class for first time: com.examples.with.different.packagename.testcarver.ConversionException
INFO  org.evosuite.instrumentation.BytecodeInstrumentation - Starting transformation of com/examples/with/different/packagename/testcarver/ConversionException
INFO  org.evosuite.runtime.instrumentation.MethodCallReplacementClassAdapter - Adding mock interface to class com/examples/with/different/packagename/testcarver/ConversionException
INFO  org.evosuite.instrumentation.EndOfClassInitializerVisitor - Creating <clinit> in class com/examples/with/different/packagename/testcarver/ConversionException
INFO  org.evosuite.runtime.instrumentation.CreateClassResetClassAdapter - Found static initializer in class com/examples/with/different/packagename/testcarver/ConversionException
INFO  org.evosuite.instrumentation.InstrumentingClassLoader - Loaded class: com.examples.with.different.packagename.testcarver.ConversionException
INFO  org.evosuite.testcarver.extraction.CarvingRunListener - Carved test of length 18
INFO  org.evosuite.utils.generic.GenericTypeInference - Type map empty
INFO  org.evosuite.testcarver.extraction.CarvingManager - Result: 0/1
INFO  org.evosuite.testcase.execution.TestCaseExecutor - No stalled threads
INFO  org.evosuite.testcarver.extraction.CarvingManager - Exception thrown in carved test testLocale: {}
com.examples.with.different.packagename.testcarver.ConversionException: No value specified for 'Date'
	at com.examples.with.different.packagename.testcarver.AbstractConverter.handleMissing(AbstractConverter.java:276)
	at com.examples.with.different.packagename.testcarver.AbstractConverter.convert(AbstractConverter.java:130)
	at java.base/jdk.internal.reflect.DirectMethodHandleAccessor.invoke(DirectMethodHandleAccessor.java:103)
	at java.base/java.lang.reflect.Method.invoke(Method.java:580)
	at org.evosuite.testcase.statements.MethodStatement$1.execute(MethodStatement.java:256)
	at org.evosuite.testcase.statements.AbstractStatement.exceptionHandler(AbstractStatement.java:165)
	at org.evosuite.testcase.statements.MethodStatement.execute(MethodStatement.java:220)
	at org.evosuite.testcase.execution.TestRunnable.executeStatements(TestRunnable.java:287)
	at org.evosuite.testcase.execution.TestRunnable.call(TestRunnable.java:193)
	at org.evosuite.testcase.execution.TestRunnable.call(TestRunnable.java:49)
	at java.base/java.util.concurrent.FutureTask.run(FutureTask.java:317)
	at java.base/java.util.concurrent.ThreadPoolExecutor.runWorker(ThreadPoolExecutor.java:1144)
	at java.base/java.util.concurrent.ThreadPoolExecutor$Worker.run(ThreadPoolExecutor.java:642)
	at java.base/java.lang.Thread.run(Thread.java:1583)
INFO  org.evosuite.testcarver.extraction.CarvingManager - com.examples.with.different.packagename.testcarver.AbstractConverter.handleMissing(AbstractConverter.java:276)
INFO  org.evosuite.testcarver.extraction.CarvingManager - com.examples.with.different.packagename.testcarver.AbstractConverter.convert(AbstractConverter.java:130)
INFO  org.evosuite.testcarver.extraction.CarvingManager - java.base/jdk.internal.reflect.DirectMethodHandleAccessor.invoke(DirectMethodHandleAccessor.java:103)
INFO  org.evosuite.testcarver.extraction.CarvingManager - java.base/java.lang.reflect.Method.invoke(Method.java:580)
INFO  org.evosuite.testcarver.extraction.CarvingManager - org.evosuite.testcase.statements.MethodStatement$1.execute(MethodStatement.java:256)
INFO  org.evosuite.testcarver.extraction.CarvingManager - org.evosuite.testcase.statements.AbstractStatement.exceptionHandler(AbstractStatement.java:165)
INFO  org.evosuite.testcarver.extraction.CarvingManager - org.evosuite.testcase.statements.MethodStatement.execute(MethodStatement.java:220)
INFO  org.evosuite.testcarver.extraction.CarvingManager - org.evosuite.testcase.execution.TestRunnable.executeStatements(TestRunnable.java:287)
INFO  org.evosuite.testcarver.extraction.CarvingManager - org.evosuite.testcase.execution.TestRunnable.call(TestRunnable.java:193)
INFO  org.evosuite.testcarver.extraction.CarvingManager - org.evosuite.testcase.execution.TestRunnable.call(TestRunnable.java:49)
INFO  org.evosuite.testcarver.extraction.CarvingManager - java.base/java.util.concurrent.FutureTask.run(FutureTask.java:317)
INFO  org.evosuite.testcarver.extraction.CarvingManager - java.base/java.util.concurrent.ThreadPoolExecutor.runWorker(ThreadPoolExecutor.java:1144)
INFO  org.evosuite.testcarver.extraction.CarvingManager - java.base/java.util.concurrent.ThreadPoolExecutor$Worker.run(ThreadPoolExecutor.java:642)
INFO  org.evosuite.testcarver.extraction.CarvingManager - java.base/java.lang.Thread.run(Thread.java:1583)
INFO  org.evosuite.testcarver.extraction.CarvingManager - DateConverter dateConverter0 = new DateConverter();
boolean boolean0 = true;
dateConverter0.setUseLocaleFormat(boolean0);
Class<Date> class0 = Date.class;
String string0 = "10/28/06";
dateConverter0.convert(class0, string0);
Object object0 = null;
// Undeclared exception!
try {
  dateConverter0.convert(class0, object0);
  fail("Expecting exception: ConversionException");

} catch(ConversionException e) {
   //
   // No value specified for 'Date'
   //
   verifyException("com.examples.with.different.packagename.testcarver.AbstractConverter", e);
}

String string1 = "";
dateConverter0.convert(class0, string1);
String string2 = "2006-10-2X";
dateConverter0.convert(class0, string2);
String string3 = "10.28.06";
dateConverter0.convert(class0, string3);
String string4 = "10-28-06";
dateConverter0.convert(class0, string4);
int int0 = 2;
dateConverter0.convert(class0, int0);

INFO  org.evosuite.testcarver.extraction.CarvingManager - Chopping exception of carved test
INFO  evo_logger -  -> Carved 1 tests for class class com.examples.with.different.packagename.testcarver.DateConverter from existing JUnit tests
INFO  evo_logger - * Using 1 carved tests from existing JUnit tests for seeding
INFO  org.evosuite.coverage.branch.BranchCoverageSuiteFitness - Total branch coverage goals: 3
INFO  org.evosuite.coverage.branch.BranchCoverageSuiteFitness - Total branches: 0
INFO  org.evosuite.coverage.branch.BranchCoverageSuiteFitness - Total branchless methods: 3
INFO  org.evosuite.coverage.branch.BranchCoverageSuiteFitness - Total methods: 3: [com.examples.with.different.packagename.testcarver.DateConverter.getDefaultType()Ljava/lang/Class;, com.examples.with.different.packagename.testcarver.DateConverter.<init>(Ljava/lang/Object;)V, com.examples.with.different.packagename.testcarver.DateConverter.<init>()V]
INFO  org.evosuite.coverage.branch.BranchCoverageSuiteFitness - (Methods) Best individual covers 0/0 branches and 1/3 methods
INFO  org.evosuite.coverage.branch.BranchCoverageSuiteFitness - Fitness: 2.0, size: 1, length: 7
INFO  org.evosuite.coverage.branch.BranchCoverageSuiteFitness - (Fitness) Best individual covers 0/0 branches and 1/3 methods
INFO  org.evosuite.coverage.branch.BranchCoverageSuiteFitness - Fitness: 2.0, size: 1, length: 7
INFO  org.evosuite.testcase.factories.JUnitTestCarvedChromosomeFactory - Cloning user test
DateConverter dateConverter0 = new DateConverter();
boolean boolean0 = true;
dateConverter0.setUseLocaleFormat(boolean0);
Class<Date> class0 = Date.class;
String string0 = "10/28/06";
dateConverter0.convert(class0, string0);
Object object0 = null;

INFO  org.evosuite.TestGenerationContext - *** Resetting context
INFO  org.evosuite.testcase.execution.TestCaseExecutor - TestCaseExecutor instance is non-null, but its actual executor is null
INFO  org.evosuite.TestGenerationContext - *** Resetting context
INFO  org.evosuite.testcase.execution.TestCaseExecutor - TestCaseExecutor instance is non-null, but its actual executor is null
INFO  org.evosuite.instrumentation.InstrumentingClassLoader - Seeing class for first time: com.examples.with.different.packagename.testcarver.DateConverter
INFO  org.evosuite.instrumentation.BytecodeInstrumentation - Starting transformation of com/examples/with/different/packagename/testcarver/DateConverter
INFO  org.evosuite.instrumentation.testability.StringTransformation - Current method: <init>
INFO  org.evosuite.instrumentation.testability.StringTransformation - Current method: <init>
INFO  org.evosuite.instrumentation.testability.StringTransformation - Current method: getDefaultType
INFO  org.evosuite.runtime.instrumentation.MethodCallReplacementClassAdapter - Adding mock interface to class com/examples/with/different/packagename/testcarver/DateConverter
INFO  org.evosuite.graphs.cfg.CFGClassAdapter - Analyzing CFG of com/examples/with/different/packagename/testcarver/DateConverter
INFO  org.evosuite.graphs.cfg.CFGMethodAdapter - Analyzing method <init>()V in class com.examples.with.different.packagename.testcarver.DateConverter
INFO  org.evosuite.graphs.cfg.CFGMethodAdapter - Generating CFG for method <init>()V
INFO  org.evosuite.graphs.cfg.RawControlFlowGraph - Creating new RawCFG for com.examples.with.different.packagename.testcarver.DateConverter.<init>()V: 0
INFO  org.evosuite.graphs.cfg.CFGMethodAdapter - Created CFG for method <init>()V
INFO  org.evosuite.graphs.cfg.CFGMethodAdapter - Instrumenting method <init>()V in class com.examples.with.different.packagename.testcarver.DateConverter
INFO  org.evosuite.graphs.cfg.CFGClassAdapter - Analyzing CFG of com/examples/with/different/packagename/testcarver/DateConverter
INFO  org.evosuite.graphs.cfg.CFGMethodAdapter - Analyzing method <init>(Ljava/lang/Object;)V in class com.examples.with.different.packagename.testcarver.DateConverter
INFO  org.evosuite.graphs.cfg.CFGMethodAdapter - Generating CFG for method <init>(Ljava/lang/Object;)V
INFO  org.evosuite.graphs.cfg.RawControlFlowGraph - Creating new RawCFG for com.examples.with.different.packagename.testcarver.DateConverter.<init>(Ljava/lang/Object;)V: 0
INFO  org.evosuite.graphs.cfg.CFGMethodAdapter - Created CFG for method <init>(Ljava/lang/Object;)V
INFO  org.evosuite.graphs.cfg.CFGMethodAdapter - Instrumenting method <init>(Ljava/lang/Object;)V in class com.examples.with.different.packagename.testcarver.DateConverter
INFO  org.evosuite.graphs.cfg.CFGClassAdapter - Analyzing CFG of com/examples/with/different/packagename/testcarver/DateConverter
INFO  org.evosuite.graphs.cfg.CFGMethodAdapter - Analyzing method getDefaultType()Ljava/lang/Class; in class com.examples.with.different.packagename.testcarver.DateConverter
INFO  org.evosuite.graphs.cfg.CFGMethodAdapter - Generating CFG for method getDefaultType()Ljava/lang/Class;
INFO  org.evosuite.graphs.cfg.RawControlFlowGraph - Creating new RawCFG for com.examples.with.different.packagename.testcarver.DateConverter.getDefaultType()Ljava/lang/Class;: 0
INFO  org.evosuite.graphs.cfg.CFGMethodAdapter - Created CFG for method getDefaultType()Ljava/lang/Class;
INFO  org.evosuite.graphs.cfg.CFGMethodAdapter - Instrumenting method getDefaultType()Ljava/lang/Class; in class com.examples.with.different.packagename.testcarver.DateConverter
INFO  org.evosuite.runtime.instrumentation.CreateClassResetClassAdapter - Creating brand-new static initializer in class com/examples/with/different/packagename/testcarver/DateConverter
INFO  org.evosuite.instrumentation.InstrumentingClassLoader - Seeing class for first time: com.examples.with.different.packagename.testcarver.DateTimeConverter
INFO  org.evosuite.instrumentation.BytecodeInstrumentation - Starting transformation of com/examples/with/different/packagename/testcarver/DateTimeConverter
INFO  org.evosuite.runtime.instrumentation.MethodCallReplacementClassAdapter - Adding mock interface to class com/examples/with/different/packagename/testcarver/DateTimeConverter
INFO  org.evosuite.runtime.instrumentation.CreateClassResetClassAdapter - Creating brand-new static initializer in class com/examples/with/different/packagename/testcarver/DateTimeConverter
INFO  org.evosuite.instrumentation.InstrumentingClassLoader - Seeing class for first time: com.examples.with.different.packagename.testcarver.AbstractConverter
INFO  org.evosuite.instrumentation.BytecodeInstrumentation - Starting transformation of com/examples/with/different/packagename/testcarver/AbstractConverter
INFO  org.evosuite.runtime.instrumentation.MethodCallReplacementClassAdapter - Adding mock interface to class com/examples/with/different/packagename/testcarver/AbstractConverter
INFO  org.evosuite.instrumentation.EndOfClassInitializerVisitor - Creating <clinit> in class com/examples/with/different/packagename/testcarver/AbstractConverter
INFO  org.evosuite.runtime.instrumentation.CreateClassResetClassAdapter - Found static initializer in class com/examples/with/different/packagename/testcarver/AbstractConverter
INFO  org.evosuite.instrumentation.InstrumentingClassLoader - Seeing class for first time: com.examples.with.different.packagename.testcarver.Converter
INFO  org.evosuite.instrumentation.BytecodeInstrumentation - Starting transformation of com/examples/with/different/packagename/testcarver/Converter
INFO  org.evosuite.instrumentation.InstrumentingClassLoader - Loaded class: com.examples.with.different.packagename.testcarver.Converter
INFO  org.evosuite.instrumentation.InstrumentingClassLoader - Loaded class: com.examples.with.different.packagename.testcarver.AbstractConverter
INFO  org.evosuite.instrumentation.InstrumentingClassLoader - Loaded class: com.examples.with.different.packagename.testcarver.DateTimeConverter
INFO  org.evosuite.instrumentation.InstrumentingClassLoader - Loaded class: com.examples.with.different.packagename.testcarver.DateConverter
INFO  evo_logger - * Executing tests from 1 test class for carving
INFO  org.evosuite.testcarver.extraction.CarvingClassLoader - Seeing class for first time: com.examples.with.different.packagename.testcarver.DateConverter
WARN  org.evosuite.testcarver.extraction.CarvingClassLoader - Instrumenting class 'com.examples.with.different.packagename.testcarver.DateConverter'.
INFO  org.evosuite.testcarver.instrument.Instrumenter - Checking package com.examples.with.different.packagename.testcarver for class com/examples/with/different/packagename/testcarver/DateConverter
// class version 52.0 (52)
// access flags 0x31
public final class com/examples/with/different/packagename/testcarver/DateConverter extends com/examples/with/different/packagename/testcarver/DateTimeConverter {

  // compiled from: DateConverter.java

  // access flags 0x2
  private _sw_prototype_original_init_sw_prototype_original_()V
    ALOAD 0
    INVOKESTATIC org/evosuite/testcarver/capture/FieldRegistry.register (Ljava/lang/Object;)V
   L0
    LINENUMBER 47 L0
    RETURN
   L1
    LOCALVARIABLE this Lcom/examples/with/different/packagename/testcarver/DateConverter; L2 L1 0
    MAXSTACK = 5
    MAXLOCALS = 1

  // access flags 0x2
  private _sw_prototype_original_init_sw_prototype_original_(Ljava/lang/Object;)V
    ALOAD 0
    INVOKESTATIC org/evosuite/testcarver/capture/FieldRegistry.register (Ljava/lang/Object;)V
   L0
    LINENUMBER 59 L0
    RETURN
   L1
    LOCALVARIABLE this Lcom/examples/with/different/packagename/testcarver/DateConverter; L2 L1 0
    LOCALVARIABLE defaultValue Ljava/lang/Object; L2 L1 1
    MAXSTACK = 6
    MAXLOCALS = 2

  // access flags 0x4
  protected getDefaultType()Ljava/lang/Class;
   L0
    LINENUMBER 67 L0
    LDC Ljava/util/Date;.class
    ARETURN
   L1
    LOCALVARIABLE this Lcom/examples/with/different/packagename/testcarver/DateConverter; L0 L1 0
    MAXSTACK = 1
    MAXLOCALS = 1

  // access flags 0x1
  public <init>()V
    TRYCATCHBLOCK L0 L1 L1 java/lang/Throwable
   L2
    LINENUMBER 46 L2
    ALOAD 0
    INVOKESPECIAL com/examples/with/different/packagename/testcarver/DateTimeConverter.<init> ()V
   L0
    LDC -2147483644
    ALOAD 0
    LDC "<init>"
    LDC "()V"
    BIPUSH 0
    ANEWARRAY java/lang/Object
    INVOKESTATIC org/evosuite/testcarver/capture/Capturer.capture (ILjava/lang/Object;Ljava/lang/String;Ljava/lang/String;[Ljava/lang/Object;)V
    ALOAD 0
    INVOKEVIRTUAL com/examples/with/different/packagename/testcarver/DateConverter._sw_prototype_original_init_sw_prototype_original_ ()V
    GOTO L3
   L1
   FRAME SAME1 java/lang/Throwable
    ASTORE 1
    LDC -2147483644
    ALOAD 0
    GETSTATIC org/evosuite/testcarver/capture/CaptureLog.RETURN_TYPE_VOID : Ljava/lang/Object;
    INVOKESTATIC org/evosuite/testcarver/capture/Capturer.enable (ILjava/lang/Object;Ljava/lang/Object;)V
    ALOAD 1
    ATHROW
   L3
   FRAME SAME
    LDC -2147483644
    ALOAD 0
    GETSTATIC org/evosuite/testcarver/capture/CaptureLog.RETURN_TYPE_VOID : Ljava/lang/Object;
    INVOKESTATIC org/evosuite/testcarver/capture/Capturer.enable (ILjava/lang/Object;Ljava/lang/Object;)V
    RETURN
    MAXSTACK = 5
    MAXLOCALS = 0

  // access flags 0x1
  public <init>(Ljava/lang/Object;)V
    TRYCATCHBLOCK L0 L1 L1 java/lang/Throwable
   L2
    LINENUMBER 58 L2
    ALOAD 0
    ALOAD 1
    INVOKESPECIAL com/examples/with/different/packagename/testcarver/DateTimeConverter.<init> (Ljava/lang/Object;)V
   L0
    LDC -2147483643
    ALOAD 0
    LDC "<init>"
    LDC "(Ljava/lang/Object;)V"
    BIPUSH 1
    ANEWARRAY java/lang/Object
    DUP
    BIPUSH 0
    ALOAD 1
    AASTORE
    INVOKESTATIC org/evosuite/testcarver/capture/Capturer.capture (ILjava/lang/Object;Ljava/lang/String;Ljava/lang/String;[Ljava/lang/Object;)V
    ALOAD 0
    ALOAD 1
    INVOKEVIRTUAL com/examples/with/different/packagename/testcarver/DateConverter._sw_prototype_original_init_sw_prototype_original_ (Ljava/lang/Object;)V
    GOTO L3
   L1
   FRAME SAME1 java/lang/Throwable
    ASTORE 2
    LDC -2147483643
    ALOAD 0
    GETSTATIC org/evosuite/testcarver/capture/CaptureLog.RETURN_TYPE_VOID : Ljava/lang/Object;
    INVOKESTATIC org/evosuite/testcarver/capture/Capturer.enable (ILjava/lang/Object;Ljava/lang/Object;)V
    ALOAD 2
    ATHROW
   L3
   FRAME SAME
    LDC -2147483643
    ALOAD 0
    GETSTATIC org/evosuite/testcarver/capture/CaptureLog.RETURN_TYPE_VOID : Ljava/lang/Object;
    INVOKESTATIC org/evosuite/testcarver/capture/Capturer.enable (ILjava/lang/Object;Ljava/lang/Object;)V
    RETURN
    MAXSTACK = 6
    MAXLOCALS = 0
}
INFO  org.evosuite.testcarver.extraction.CarvingClassLoader - Seeing class for first time: com.examples.with.different.packagename.testcarver.DateTimeConverter
WARN  org.evosuite.testcarver.extraction.CarvingClassLoader - Instrumenting class 'com.examples.with.different.packagename.testcarver.DateTimeConverter'.
INFO  org.evosuite.testcarver.instrument.Instrumenter - Checking package com.examples.with.different.packagename.testcarver for class com/examples/with/different/packagename/testcarver/DateTimeConverter
// class version 52.0 (52)
// access flags 0x421
public abstract class com/examples/with/different/packagename/testcarver/DateTimeConverter extends com/examples/with/different/packagename/testcarver/AbstractConverter {

  // compiled from: DateTimeConverter.java

  // access flags 0x2
  private [Ljava/lang/String; patterns

  // access flags 0x2
  private Ljava/lang/String; displayPatterns

  // access flags 0x2
  private Ljava/util/Locale; locale

  // access flags 0x2
  private Ljava/util/TimeZone; timeZone

  // access flags 0x2
  private Z useLocaleFormat

  // access flags 0x1
  public <init>()V
   L0
    LINENUMBER 99 L0
    ALOAD 0
    INVOKESPECIAL com/examples/with/different/packagename/testcarver/AbstractConverter.<init> ()V
   L1
    LINENUMBER 100 L1
    RETURN
   L2
    LOCALVARIABLE this Lcom/examples/with/different/packagename/testcarver/DateTimeConverter; L0 L2 0
    MAXSTACK = 1
    MAXLOCALS = 1

  // access flags 0x1
  public <init>(Ljava/lang/Object;)V
   L0
    LINENUMBER 111 L0
    ALOAD 0
    ALOAD 1
    INVOKESPECIAL com/examples/with/different/packagename/testcarver/AbstractConverter.<init> (Ljava/lang/Object;)V
   L1
    LINENUMBER 112 L1
    RETURN
   L2
    LOCALVARIABLE this Lcom/examples/with/different/packagename/testcarver/DateTimeConverter; L0 L2 0
    LOCALVARIABLE defaultValue Ljava/lang/Object; L0 L2 1
    MAXSTACK = 2
    MAXLOCALS = 2

  // access flags 0x2
  private _sw_prototype_original_setUseLocaleFormat(Z)V
   L0
    LINENUMBER 124 L0
    ALOAD 0
    ILOAD 1
    DUP2
    PUTFIELD com/examples/with/different/packagename/testcarver/DateTimeConverter.useLocaleFormat : Z
    POP
    LDC -2147483642
    LDC "com/examples/with/different/packagename/testcarver/DateTimeConverter"
    LDC "useLocaleFormat"
    LDC "Z"
    INVOKESTATIC org/evosuite/testcarver/capture/FieldRegistry.notifyModification (Ljava/lang/Object;ILjava/lang/String;Ljava/lang/String;Ljava/lang/String;)V
   L1
    LINENUMBER 125 L1
    RETURN
   L2
    LOCALVARIABLE this Lcom/examples/with/different/packagename/testcarver/DateTimeConverter; L0 L2 0
    LOCALVARIABLE useLocaleFormat Z L0 L2 1
    MAXSTACK = 6
    MAXLOCALS = 2

  // access flags 0x2
  private _sw_prototype_original_getTimeZone()Ljava/util/TimeZone;
   L0
    LINENUMBER 134 L0
    ALOAD 0
    DUP
    GETFIELD com/examples/with/different/packagename/testcarver/DateTimeConverter.timeZone : Ljava/util/TimeZone;
    SWAP
    LDC -2147483639
    LDC "com/examples/with/different/packagename/testcarver/DateTimeConverter"
    LDC "timeZone"
    LDC "Ljava/util/TimeZone;"
    INVOKESTATIC org/evosuite/testcarver/capture/FieldRegistry.notifyReadAccess (Ljava/lang/Object;ILjava/lang/String;Ljava/lang/String;Ljava/lang/String;)V
    ARETURN
   L1
    LOCALVARIABLE this Lcom/examples/with/different/packagename/testcarver/DateTimeConverter; L0 L1 0
    MAXSTACK = 5
    MAXLOCALS = 1

  // access flags 0x2
  private _sw_prototype_original_setTimeZone(Ljava/util/TimeZone;)V
   L0
    LINENUMBER 143 L0
    ALOAD 0
    ALOAD 1
    DUP2
    PUTFIELD com/examples/with/different/packagename/testcarver/DateTimeConverter.timeZone : Ljava/util/TimeZone;
    POP
    LDC -2147483637
    LDC "com/examples/with/different/packagename/testcarver/DateTimeConverter"
    LDC "timeZone"
    LDC "Ljava/util/TimeZone;"
    INVOKESTATIC org/evosuite/testcarver/capture/FieldRegistry.notifyModification (Ljava/lang/Object;ILjava/lang/String;Ljava/lang/String;Ljava/lang/String;)V
   L1
    LINENUMBER 144 L1
    RETURN
   L2
    LOCALVARIABLE this Lcom/examples/with/different/packagename/testcarver/DateTimeConverter; L0 L2 0
    LOCALVARIABLE timeZone Ljava/util/TimeZone; L0 L2 1
    MAXSTACK = 6
    MAXLOCALS = 2

  // access flags 0x2
  private _sw_prototype_original_getLocale()Ljava/util/Locale;
   L0
    LINENUMBER 153 L0
    ALOAD 0
    DUP
    GETFIELD com/examples/with/different/packagename/testcarver/DateTimeConverter.locale : Ljava/util/Locale;
    SWAP
    LDC -2147483634
    LDC "com/examples/with/different/packagename/testcarver/DateTimeConverter"
    LDC "locale"
    LDC "Ljava/util/Locale;"
    INVOKESTATIC org/evosuite/testcarver/capture/FieldRegistry.notifyReadAccess (Ljava/lang/Object;ILjava/lang/String;Ljava/lang/String;Ljava/lang/String;)V
    ARETURN
   L1
    LOCALVARIABLE this Lcom/examples/with/different/packagename/testcarver/DateTimeConverter; L0 L1 0
    MAXSTACK = 5
    MAXLOCALS = 1

  // access flags 0x2
  private _sw_prototype_original_setLocale(Ljava/util/Locale;)V
   L0
    LINENUMBER 162 L0
    ALOAD 0
    ALOAD 1
    DUP2
    PUTFIELD com/examples/with/different/packagename/testcarver/DateTimeConverter.locale : Ljava/util/Locale;
    POP
    LDC -2147483632
    LDC "com/examples/with/different/packagename/testcarver/DateTimeConverter"
    LDC "locale"
    LDC "Ljava/util/Locale;"
    INVOKESTATIC org/evosuite/testcarver/capture/FieldRegistry.notifyModification (Ljava/lang/Object;ILjava/lang/String;Ljava/lang/String;Ljava/lang/String;)V
   L1
    LINENUMBER 163 L1
    ALOAD 0
    ICONST_1
    INVOKEVIRTUAL com/examples/with/different/packagename/testcarver/DateTimeConverter.setUseLocaleFormat (Z)V
   L2
    LINENUMBER 164 L2
    RETURN
   L3
    LOCALVARIABLE this Lcom/examples/with/different/packagename/testcarver/DateTimeConverter; L0 L3 0
    LOCALVARIABLE locale Ljava/util/Locale; L0 L3 1
    MAXSTACK = 6
    MAXLOCALS = 2

  // access flags 0x2
  private _sw_prototype_original_setPattern(Ljava/lang/String;)V
   L0
    LINENUMBER 174 L0
    ALOAD 0
    ICONST_1
    ANEWARRAY java/lang/String
    DUP
    ICONST_0
    ALOAD 1
    AASTORE
    INVOKEVIRTUAL com/examples/with/different/packagename/testcarver/DateTimeConverter.setPatterns ([Ljava/lang/String;)V
   L1
    LINENUMBER 175 L1
    RETURN
   L2
    LOCALVARIABLE this Lcom/examples/with/different/packagename/testcarver/DateTimeConverter; L0 L2 0
    LOCALVARIABLE pattern Ljava/lang/String; L0 L2 1
    MAXSTACK = 9
    MAXLOCALS = 2

  // access flags 0x2
  private _sw_prototype_original_getPatterns()[Ljava/lang/String;
   L0
    LINENUMBER 186 L0
    ALOAD 0
    DUP
    GETFIELD com/examples/with/different/packagename/testcarver/DateTimeConverter.patterns : [Ljava/lang/String;
    SWAP
    LDC -2147483628
    LDC "com/examples/with/different/packagename/testcarver/DateTimeConverter"
    LDC "patterns"
    LDC "[Ljava/lang/String;"
    INVOKESTATIC org/evosuite/testcarver/capture/FieldRegistry.notifyReadAccess (Ljava/lang/Object;ILjava/lang/String;Ljava/lang/String;Ljava/lang/String;)V
    ARETURN
   L1
    LOCALVARIABLE this Lcom/examples/with/different/packagename/testcarver/DateTimeConverter; L0 L1 0
    MAXSTACK = 5
    MAXLOCALS = 1

  // access flags 0x2
  private _sw_prototype_original_setPatterns([Ljava/lang/String;)V
   L0
    LINENUMBER 197 L0
    ALOAD 0
    ALOAD 1
    DUP2
    PUTFIELD com/examples/with/different/packagename/testcarver/DateTimeConverter.patterns : [Ljava/lang/String;
    POP
    LDC -2147483626
    LDC "com/examples/with/different/packagename/testcarver/DateTimeConverter"
    LDC "patterns"
    LDC "[Ljava/lang/String;"
    INVOKESTATIC org/evosuite/testcarver/capture/FieldRegistry.notifyModification (Ljava/lang/Object;ILjava/lang/String;Ljava/lang/String;Ljava/lang/String;)V
   L1
    LINENUMBER 198 L1
    ALOAD 1
    IFNULL L2
    ALOAD 1
    ARRAYLENGTH
    ICONST_1
    IF_ICMPLE L2
   L3
    LINENUMBER 199 L3
    NEW java/lang/StringBuffer
    DUP
    INVOKESPECIAL java/lang/StringBuffer.<init> ()V
    ASTORE 2
   L4
    LINENUMBER 200 L4
    ICONST_0
    ISTORE 3
   L5
    ILOAD 3
    ALOAD 1
    ARRAYLENGTH
    IF_ICMPGE L6
   L7
    LINENUMBER 201 L7
    ILOAD 3
    IFLE L8
   L9
    LINENUMBER 202 L9
    ALOAD 2
    LDC ", "
    INVOKEVIRTUAL java/lang/StringBuffer.append (Ljava/lang/String;)Ljava/lang/StringBuffer;
    POP
   L8
    LINENUMBER 204 L8
    ALOAD 2
    ALOAD 1
    ILOAD 3
    AALOAD
    INVOKEVIRTUAL java/lang/StringBuffer.append (Ljava/lang/String;)Ljava/lang/StringBuffer;
    POP
   L10
    LINENUMBER 200 L10
    IINC 3 1
    GOTO L5
   L6
    LINENUMBER 206 L6
    ALOAD 0
    ALOAD 2
    INVOKEVIRTUAL java/lang/StringBuffer.toString ()Ljava/lang/String;
    DUP2
    PUTFIELD com/examples/with/different/packagename/testcarver/DateTimeConverter.displayPatterns : Ljava/lang/String;
    POP
    LDC -2147483624
    LDC "com/examples/with/different/packagename/testcarver/DateTimeConverter"
    LDC "displayPatterns"
    LDC "Ljava/lang/String;"
    INVOKESTATIC org/evosuite/testcarver/capture/FieldRegistry.notifyModification (Ljava/lang/Object;ILjava/lang/String;Ljava/lang/String;Ljava/lang/String;)V
   L2
    LINENUMBER 208 L2
    ALOAD 0
    ICONST_1
    INVOKEVIRTUAL com/examples/with/different/packagename/testcarver/DateTimeConverter.setUseLocaleFormat (Z)V
   L11
    LINENUMBER 209 L11
    RETURN
   L12
    LOCALVARIABLE i I L5 L6 3
    LOCALVARIABLE buffer Ljava/lang/StringBuffer; L4 L2 2
    LOCALVARIABLE this Lcom/examples/with/different/packagename/testcarver/DateTimeConverter; L0 L12 0
    LOCALVARIABLE patterns [Ljava/lang/String; L0 L12 1
    MAXSTACK = 7
    MAXLOCALS = 4

  // access flags 0x4
  protected convertToString(Ljava/lang/Object;)Ljava/lang/String; throws java/lang/Throwable
   L0
    LINENUMBER 228 L0
    ACONST_NULL
    ASTORE 2
   L1
    LINENUMBER 229 L1
    ALOAD 1
    INSTANCEOF java/util/Date
    IFEQ L2
   L3
    LINENUMBER 230 L3
    ALOAD 1
    CHECKCAST org/evosuite/testcarver/wrapper/java/util/Date
    ASTORE 2
    GOTO L4
   L2
    LINENUMBER 231 L2
    ALOAD 1
    INSTANCEOF java/util/Calendar
    IFEQ L5
   L6
    LINENUMBER 232 L6
    ALOAD 1
    CHECKCAST org/evosuite/testcarver/wrapper/java/util/Calendar
    INVOKESTATIC org/evosuite/testcarver/wrapper/java/util/Calendar.getTime (Ljava/util/Calendar;)Ljava/util/Date;
    ASTORE 2
    GOTO L4
   L5
    LINENUMBER 233 L5
    ALOAD 1
    INSTANCEOF java/lang/Long
    IFEQ L4
   L7
    LINENUMBER 234 L7
    NEW org/evosuite/testcarver/wrapper/java/util/Date
    DUP
    ALOAD 1
    CHECKCAST java/lang/Long
    INVOKEVIRTUAL java/lang/Long.longValue ()J
    INVOKESPECIAL org/evosuite/testcarver/wrapper/java/util/Date.<init> (J)V
    ASTORE 2
   L4
    LINENUMBER 237 L4
    ACONST_NULL
    ASTORE 3
   L8
    LINENUMBER 238 L8
    ALOAD 0
    GETFIELD com/examples/with/different/packagename/testcarver/DateTimeConverter.useLocaleFormat : Z
    IFEQ L9
    ALOAD 2
    IFNULL L9
   L10
    LINENUMBER 239 L10
    ACONST_NULL
    ASTORE 4
   L11
    LINENUMBER 240 L11
    ALOAD 0
    GETFIELD com/examples/with/different/packagename/testcarver/DateTimeConverter.patterns : [Ljava/lang/String;
    IFNULL L12
    ALOAD 0
    GETFIELD com/examples/with/different/packagename/testcarver/DateTimeConverter.patterns : [Ljava/lang/String;
    ARRAYLENGTH
    IFLE L12
   L13
    LINENUMBER 241 L13
    ALOAD 0
    ALOAD 0
    GETFIELD com/examples/with/different/packagename/testcarver/DateTimeConverter.patterns : [Ljava/lang/String;
    ICONST_0
    AALOAD
    INVOKESPECIAL com/examples/with/different/packagename/testcarver/DateTimeConverter.getFormat (Ljava/lang/String;)Ljava/text/DateFormat;
    ASTORE 4
    GOTO L14
   L12
    LINENUMBER 243 L12
    ALOAD 0
    ALOAD 0
    GETFIELD com/examples/with/different/packagename/testcarver/DateTimeConverter.locale : Ljava/util/Locale;
    ALOAD 0
    GETFIELD com/examples/with/different/packagename/testcarver/DateTimeConverter.timeZone : Ljava/util/TimeZone;
    INVOKEVIRTUAL com/examples/with/different/packagename/testcarver/DateTimeConverter.getFormat (Ljava/util/Locale;Ljava/util/TimeZone;)Ljava/text/DateFormat;
    ASTORE 4
   L14
    LINENUMBER 245 L14
    ALOAD 0
    LDC "Formatting"
    ALOAD 4
    INVOKESPECIAL com/examples/with/different/packagename/testcarver/DateTimeConverter.logFormat (Ljava/lang/String;Ljava/text/DateFormat;)V
   L15
    LINENUMBER 246 L15
    ALOAD 4
    ALOAD 2
    INVOKESTATIC org/evosuite/testcarver/wrapper/java/text/DateFormat.format (Ljava/text/DateFormat;Ljava/util/Date;)Ljava/lang/String;
    ASTORE 3
   L16
    LINENUMBER 247 L16
    GOTO L17
   L9
    LINENUMBER 248 L9
    ALOAD 1
    INVOKEVIRTUAL java/lang/Object.toString ()Ljava/lang/String;
    ASTORE 3
   L17
    LINENUMBER 250 L17
    ALOAD 3
    ARETURN
   L18
    LOCALVARIABLE format Ljava/text/DateFormat; L11 L16 4
    LOCALVARIABLE this Lcom/examples/with/different/packagename/testcarver/DateTimeConverter; L0 L18 0
    LOCALVARIABLE value Ljava/lang/Object; L0 L18 1
    LOCALVARIABLE date Ljava/util/Date; L1 L18 2
    LOCALVARIABLE result Ljava/lang/String; L8 L18 3
    MAXSTACK = 4
    MAXLOCALS = 5

  // access flags 0x4
  protected convertToType(Ljava/lang/Class;Ljava/lang/Object;)Ljava/lang/Object; throws java/lang/Exception
   L0
    LINENUMBER 284 L0
    ALOAD 2
    INVOKEVIRTUAL java/lang/Object.getClass ()Ljava/lang/Class;
    ASTORE 3
   L1
    LINENUMBER 287 L1
    ALOAD 2
    INSTANCEOF java/sql/Timestamp
    IFEQ L2
   L3
    LINENUMBER 293 L3
    ALOAD 2
    CHECKCAST java/sql/Timestamp
    ASTORE 4
   L4
    LINENUMBER 294 L4
    ALOAD 4
    INVOKEVIRTUAL java/sql/Timestamp.getTime ()J
    LDC 1000L
    LDIV
    LDC 1000L
    LMUL
    LSTORE 5
   L5
    LINENUMBER 295 L5
    LLOAD 5
    ALOAD 4
    INVOKEVIRTUAL java/sql/Timestamp.getNanos ()I
    LDC 1000000
    IDIV
    I2L
    LADD
    LSTORE 5
   L6
    LINENUMBER 297 L6
    ALOAD 0
    ALOAD 1
    LLOAD 5
    INVOKESPECIAL com/examples/with/different/packagename/testcarver/DateTimeConverter.toDate (Ljava/lang/Class;J)Ljava/lang/Object;
    ARETURN
   L2
    LINENUMBER 301 L2
    ALOAD 2
    INSTANCEOF java/util/Date
    IFEQ L7
   L8
    LINENUMBER 302 L8
    ALOAD 2
    CHECKCAST org/evosuite/testcarver/wrapper/java/util/Date
    ASTORE 4
   L9
    LINENUMBER 303 L9
    ALOAD 0
    ALOAD 1
    ALOAD 4
    INVOKEVIRTUAL java/util/Date.getTime ()J
    INVOKESPECIAL com/examples/with/different/packagename/testcarver/DateTimeConverter.toDate (Ljava/lang/Class;J)Ljava/lang/Object;
    ARETURN
   L7
    LINENUMBER 307 L7
    ALOAD 2
    INSTANCEOF java/util/Calendar
    IFEQ L10
   L11
    LINENUMBER 308 L11
    ALOAD 2
    CHECKCAST org/evosuite/testcarver/wrapper/java/util/Calendar
    ASTORE 4
   L12
    LINENUMBER 309 L12
    ALOAD 0
    ALOAD 1
    ALOAD 4
    INVOKESTATIC org/evosuite/testcarver/wrapper/java/util/Calendar.getTime (Ljava/util/Calendar;)Ljava/util/Date;
    INVOKEVIRTUAL java/util/Date.getTime ()J
    INVOKESPECIAL com/examples/with/different/packagename/testcarver/DateTimeConverter.toDate (Ljava/lang/Class;J)Ljava/lang/Object;
    ARETURN
   L10
    LINENUMBER 313 L10
    ALOAD 2
    INSTANCEOF java/lang/Long
    IFEQ L13
   L14
    LINENUMBER 314 L14
    ALOAD 2
    CHECKCAST java/lang/Long
    ASTORE 4
   L15
    LINENUMBER 315 L15
    ALOAD 0
    ALOAD 1
    ALOAD 4
    INVOKEVIRTUAL java/lang/Long.longValue ()J
    INVOKESPECIAL com/examples/with/different/packagename/testcarver/DateTimeConverter.toDate (Ljava/lang/Class;J)Ljava/lang/Object;
    ARETURN
   L13
    LINENUMBER 319 L13
    ALOAD 2
    INVOKEVIRTUAL java/lang/Object.toString ()Ljava/lang/String;
    INVOKEVIRTUAL java/lang/String.trim ()Ljava/lang/String;
    ASTORE 4
   L16
    LINENUMBER 320 L16
    ALOAD 4
    INVOKEVIRTUAL java/lang/String.length ()I
    IFNE L17
   L18
    LINENUMBER 321 L18
    ALOAD 0
    ALOAD 1
    INVOKEVIRTUAL com/examples/with/different/packagename/testcarver/DateTimeConverter.handleMissing (Ljava/lang/Class;)Ljava/lang/Object;
    ARETURN
   L17
    LINENUMBER 325 L17
    ALOAD 0
    GETFIELD com/examples/with/different/packagename/testcarver/DateTimeConverter.useLocaleFormat : Z
    IFEQ L19
   L20
    LINENUMBER 326 L20
    ACONST_NULL
    ASTORE 5
   L21
    LINENUMBER 327 L21
    ALOAD 0
    GETFIELD com/examples/with/different/packagename/testcarver/DateTimeConverter.patterns : [Ljava/lang/String;
    IFNULL L22
    ALOAD 0
    GETFIELD com/examples/with/different/packagename/testcarver/DateTimeConverter.patterns : [Ljava/lang/String;
    ARRAYLENGTH
    IFLE L22
   L23
    LINENUMBER 328 L23
    ALOAD 0
    ALOAD 3
    ALOAD 1
    ALOAD 4
    INVOKESPECIAL com/examples/with/different/packagename/testcarver/DateTimeConverter.parse (Ljava/lang/Class;Ljava/lang/Class;Ljava/lang/String;)Ljava/util/Calendar;
    ASTORE 5
    GOTO L24
   L22
    LINENUMBER 330 L22
    ALOAD 0
    ALOAD 0
    GETFIELD com/examples/with/different/packagename/testcarver/DateTimeConverter.locale : Ljava/util/Locale;
    ALOAD 0
    GETFIELD com/examples/with/different/packagename/testcarver/DateTimeConverter.timeZone : Ljava/util/TimeZone;
    INVOKEVIRTUAL com/examples/with/different/packagename/testcarver/DateTimeConverter.getFormat (Ljava/util/Locale;Ljava/util/TimeZone;)Ljava/text/DateFormat;
    ASTORE 6
   L25
    LINENUMBER 331 L25
    ALOAD 0
    ALOAD 3
    ALOAD 1
    ALOAD 4
    ALOAD 6
    INVOKESPECIAL com/examples/with/different/packagename/testcarver/DateTimeConverter.parse (Ljava/lang/Class;Ljava/lang/Class;Ljava/lang/String;Ljava/text/DateFormat;)Ljava/util/Calendar;
    ASTORE 5
   L24
    LINENUMBER 333 L24
    LDC Ljava/util/Calendar;.class
    ALOAD 1
    INVOKEVIRTUAL java/lang/Class.isAssignableFrom (Ljava/lang/Class;)Z
    IFEQ L26
   L27
    LINENUMBER 334 L27
    ALOAD 5
    ARETURN
   L26
    LINENUMBER 336 L26
    ALOAD 0
    ALOAD 1
    ALOAD 5
    INVOKESTATIC org/evosuite/testcarver/wrapper/java/util/Calendar.getTime (Ljava/util/Calendar;)Ljava/util/Date;
    INVOKEVIRTUAL java/util/Date.getTime ()J
    INVOKESPECIAL com/examples/with/different/packagename/testcarver/DateTimeConverter.toDate (Ljava/lang/Class;J)Ljava/lang/Object;
    ARETURN
   L19
    LINENUMBER 341 L19
    ALOAD 0
    ALOAD 1
    ALOAD 4
    INVOKESPECIAL com/examples/with/different/packagename/testcarver/DateTimeConverter.toDate (Ljava/lang/Class;Ljava/lang/String;)Ljava/lang/Object;
    ARETURN
   L28
    LOCALVARIABLE timestamp Ljava/sql/Timestamp; L4 L2 4
    LOCALVARIABLE timeInMillis J L5 L2 5
    LOCALVARIABLE date Ljava/util/Date; L9 L7 4
    LOCALVARIABLE calendar Ljava/util/Calendar; L12 L10 4
    LOCALVARIABLE longObj Ljava/lang/Long; L15 L13 4
    LOCALVARIABLE format Ljava/text/DateFormat; L25 L24 6
    LOCALVARIABLE calendar Ljava/util/Calendar; L21 L19 5
    LOCALVARIABLE this Lcom/examples/with/different/packagename/testcarver/DateTimeConverter; L0 L28 0
    LOCALVARIABLE targetType Ljava/lang/Class; L0 L28 1
    LOCALVARIABLE value Ljava/lang/Object; L0 L28 2
    LOCALVARIABLE sourceType Ljava/lang/Class; L1 L28 3
    LOCALVARIABLE stringValue Ljava/lang/String; L16 L28 4
    MAXSTACK = 5
    MAXLOCALS = 7

  // access flags 0x2
  private toDate(Ljava/lang/Class;J)Ljava/lang/Object;
   L0
    LINENUMBER 366 L0
    ALOAD 1
    LDC Ljava/util/Date;.class
    INVOKEVIRTUAL java/lang/Object.equals (Ljava/lang/Object;)Z
    IFEQ L1
   L2
    LINENUMBER 367 L2
    NEW org/evosuite/testcarver/wrapper/java/util/Date
    DUP
    LLOAD 2
    INVOKESPECIAL org/evosuite/testcarver/wrapper/java/util/Date.<init> (J)V
    ARETURN
   L1
    LINENUMBER 371 L1
    ALOAD 1
    LDC Ljava/sql/Date;.class
    INVOKEVIRTUAL java/lang/Object.equals (Ljava/lang/Object;)Z
    IFEQ L3
   L4
    LINENUMBER 372 L4
    NEW java/sql/Date
    DUP
    LLOAD 2
    INVOKESPECIAL java/sql/Date.<init> (J)V
    ARETURN
   L3
    LINENUMBER 376 L3
    ALOAD 1
    LDC Ljava/sql/Time;.class
    INVOKEVIRTUAL java/lang/Object.equals (Ljava/lang/Object;)Z
    IFEQ L5
   L6
    LINENUMBER 377 L6
    NEW java/sql/Time
    DUP
    LLOAD 2
    INVOKESPECIAL java/sql/Time.<init> (J)V
    ARETURN
   L5
    LINENUMBER 381 L5
    ALOAD 1
    LDC Ljava/sql/Timestamp;.class
    INVOKEVIRTUAL java/lang/Object.equals (Ljava/lang/Object;)Z
    IFEQ L7
   L8
    LINENUMBER 382 L8
    NEW java/sql/Timestamp
    DUP
    LLOAD 2
    INVOKESPECIAL java/sql/Timestamp.<init> (J)V
    ARETURN
   L7
    LINENUMBER 386 L7
    ALOAD 1
    LDC Ljava/util/Calendar;.class
    INVOKEVIRTUAL java/lang/Object.equals (Ljava/lang/Object;)Z
    IFEQ L9
   L10
    LINENUMBER 387 L10
    ACONST_NULL
    ASTORE 4
   L11
    LINENUMBER 388 L11
    ALOAD 0
    GETFIELD com/examples/with/different/packagename/testcarver/DateTimeConverter.locale : Ljava/util/Locale;
    IFNONNULL L12
    ALOAD 0
    GETFIELD com/examples/with/different/packagename/testcarver/DateTimeConverter.timeZone : Ljava/util/TimeZone;
    IFNONNULL L12
   L13
    LINENUMBER 389 L13
    INVOKESTATIC org/evosuite/testcarver/wrapper/java/util/Calendar.getInstance ()Ljava/util/Calendar;
    ASTORE 4
    GOTO L14
   L12
    LINENUMBER 390 L12
    ALOAD 0
    GETFIELD com/examples/with/different/packagename/testcarver/DateTimeConverter.locale : Ljava/util/Locale;
    IFNONNULL L15
   L16
    LINENUMBER 391 L16
    ALOAD 0
    GETFIELD com/examples/with/different/packagename/testcarver/DateTimeConverter.timeZone : Ljava/util/TimeZone;
    INVOKESTATIC org/evosuite/testcarver/wrapper/java/util/Calendar.getInstance (Ljava/util/TimeZone;)Ljava/util/Calendar;
    ASTORE 4
    GOTO L14
   L15
    LINENUMBER 392 L15
    ALOAD 0
    GETFIELD com/examples/with/different/packagename/testcarver/DateTimeConverter.timeZone : Ljava/util/TimeZone;
    IFNONNULL L17
   L18
    LINENUMBER 393 L18
    ALOAD 0
    GETFIELD com/examples/with/different/packagename/testcarver/DateTimeConverter.locale : Ljava/util/Locale;
    INVOKESTATIC org/evosuite/testcarver/wrapper/java/util/Calendar.getInstance (Ljava/util/Locale;)Ljava/util/Calendar;
    ASTORE 4
    GOTO L14
   L17
    LINENUMBER 395 L17
    ALOAD 0
    GETFIELD com/examples/with/different/packagename/testcarver/DateTimeConverter.timeZone : Ljava/util/TimeZone;
    ALOAD 0
    GETFIELD com/examples/with/different/packagename/testcarver/DateTimeConverter.locale : Ljava/util/Locale;
    INVOKESTATIC org/evosuite/testcarver/wrapper/java/util/Calendar.getInstance (Ljava/util/TimeZone;Ljava/util/Locale;)Ljava/util/Calendar;
    ASTORE 4
   L14
    LINENUMBER 397 L14
    ALOAD 4
    NEW org/evosuite/testcarver/wrapper/java/util/Date
    DUP
    LLOAD 2
    INVOKESPECIAL org/evosuite/testcarver/wrapper/java/util/Date.<init> (J)V
    INVOKESTATIC org/evosuite/testcarver/wrapper/java/util/Calendar.setTime (Ljava/util/Calendar;Ljava/util/Date;)V
   L19
    LINENUMBER 398 L19
    ALOAD 4
    ICONST_0
    INVOKEVIRTUAL java/util/Calendar.setLenient (Z)V
   L20
    LINENUMBER 399 L20
    ALOAD 4
    ARETURN
   L9
    LINENUMBER 402 L9
    NEW java/lang/StringBuilder
    DUP
    INVOKESPECIAL java/lang/StringBuilder.<init> ()V
    ALOAD 0
    ALOAD 0
    INVOKEVIRTUAL java/lang/Object.getClass ()Ljava/lang/Class;
    INVOKEVIRTUAL com/examples/with/different/packagename/testcarver/DateTimeConverter.toString (Ljava/lang/Class;)Ljava/lang/String;
    INVOKEVIRTUAL java/lang/StringBuilder.append (Ljava/lang/String;)Ljava/lang/StringBuilder;
    LDC " cannot handle conversion to '"
    INVOKEVIRTUAL java/lang/StringBuilder.append (Ljava/lang/String;)Ljava/lang/StringBuilder;
    ALOAD 0
    ALOAD 1
   L21
    LINENUMBER 403 L21
    INVOKEVIRTUAL com/examples/with/different/packagename/testcarver/DateTimeConverter.toString (Ljava/lang/Class;)Ljava/lang/String;
    INVOKEVIRTUAL java/lang/StringBuilder.append (Ljava/lang/String;)Ljava/lang/StringBuilder;
    LDC "'"
    INVOKEVIRTUAL java/lang/StringBuilder.append (Ljava/lang/String;)Ljava/lang/StringBuilder;
    INVOKEVIRTUAL java/lang/StringBuilder.toString ()Ljava/lang/String;
    ASTORE 4
   L22
    LINENUMBER 404 L22
    NEW com/examples/with/different/packagename/testcarver/ConversionException
    DUP
    ALOAD 4
    INVOKESPECIAL com/examples/with/different/packagename/testcarver/ConversionException.<init> (Ljava/lang/String;)V
    ATHROW
   L23
    LOCALVARIABLE calendar Ljava/util/Calendar; L11 L9 4
    LOCALVARIABLE this Lcom/examples/with/different/packagename/testcarver/DateTimeConverter; L0 L23 0
    LOCALVARIABLE type Ljava/lang/Class; L0 L23 1
    LOCALVARIABLE value J L0 L23 2
    LOCALVARIABLE msg Ljava/lang/String; L22 L23 4
    MAXSTACK = 5
    MAXLOCALS = 5

  // access flags 0x2
  private toDate(Ljava/lang/Class;Ljava/lang/String;)Ljava/lang/Object;
    TRYCATCHBLOCK L0 L1 L2 java/lang/IllegalArgumentException
    TRYCATCHBLOCK L3 L4 L5 java/lang/IllegalArgumentException
    TRYCATCHBLOCK L6 L7 L8 java/lang/IllegalArgumentException
   L9
    LINENUMBER 427 L9
    ALOAD 1
    LDC Ljava/sql/Date;.class
    INVOKEVIRTUAL java/lang/Object.equals (Ljava/lang/Object;)Z
    IFEQ L10
   L0
    LINENUMBER 429 L0
    ALOAD 2
    INVOKESTATIC java/sql/Date.valueOf (Ljava/lang/String;)Ljava/sql/Date;
   L1
    ARETURN
   L2
    LINENUMBER 430 L2
    ASTORE 3
   L11
    LINENUMBER 431 L11
    NEW com/examples/with/different/packagename/testcarver/ConversionException
    DUP
    LDC "String must be in JDBC format [yyyy-MM-dd] to create a java.sql.Date"
    INVOKESPECIAL com/examples/with/different/packagename/testcarver/ConversionException.<init> (Ljava/lang/String;)V
    ATHROW
   L10
    LINENUMBER 437 L10
    ALOAD 1
    LDC Ljava/sql/Time;.class
    INVOKEVIRTUAL java/lang/Object.equals (Ljava/lang/Object;)Z
    IFEQ L12
   L3
    LINENUMBER 439 L3
    ALOAD 2
    INVOKESTATIC java/sql/Time.valueOf (Ljava/lang/String;)Ljava/sql/Time;
   L4
    ARETURN
   L5
    LINENUMBER 440 L5
    ASTORE 3
   L13
    LINENUMBER 441 L13
    NEW com/examples/with/different/packagename/testcarver/ConversionException
    DUP
    LDC "String must be in JDBC format [HH:mm:ss] to create a java.sql.Time"
    INVOKESPECIAL com/examples/with/different/packagename/testcarver/ConversionException.<init> (Ljava/lang/String;)V
    ATHROW
   L12
    LINENUMBER 447 L12
    ALOAD 1
    LDC Ljava/sql/Timestamp;.class
    INVOKEVIRTUAL java/lang/Object.equals (Ljava/lang/Object;)Z
    IFEQ L14
   L6
    LINENUMBER 449 L6
    ALOAD 2
    INVOKESTATIC java/sql/Timestamp.valueOf (Ljava/lang/String;)Ljava/sql/Timestamp;
   L7
    ARETURN
   L8
    LINENUMBER 450 L8
    ASTORE 3
   L15
    LINENUMBER 451 L15
    NEW com/examples/with/different/packagename/testcarver/ConversionException
    DUP
    LDC "String must be in JDBC format [yyyy-MM-dd HH:mm:ss.fffffffff] to create a java.sql.Timestamp"
    INVOKESPECIAL com/examples/with/different/packagename/testcarver/ConversionException.<init> (Ljava/lang/String;)V
    ATHROW
   L14
    LINENUMBER 457 L14
    NEW java/lang/StringBuilder
    DUP
    INVOKESPECIAL java/lang/StringBuilder.<init> ()V
    ALOAD 0
    ALOAD 0
    INVOKEVIRTUAL java/lang/Object.getClass ()Ljava/lang/Class;
    INVOKEVIRTUAL com/examples/with/different/packagename/testcarver/DateTimeConverter.toString (Ljava/lang/Class;)Ljava/lang/String;
    INVOKEVIRTUAL java/lang/StringBuilder.append (Ljava/lang/String;)Ljava/lang/StringBuilder;
    LDC " does not support default String to '"
    INVOKEVIRTUAL java/lang/StringBuilder.append (Ljava/lang/String;)Ljava/lang/StringBuilder;
    ALOAD 0
    ALOAD 1
   L16
    LINENUMBER 458 L16
    INVOKEVIRTUAL com/examples/with/different/packagename/testcarver/DateTimeConverter.toString (Ljava/lang/Class;)Ljava/lang/String;
    INVOKEVIRTUAL java/lang/StringBuilder.append (Ljava/lang/String;)Ljava/lang/StringBuilder;
    LDC "' conversion."
    INVOKEVIRTUAL java/lang/StringBuilder.append (Ljava/lang/String;)Ljava/lang/StringBuilder;
    INVOKEVIRTUAL java/lang/StringBuilder.toString ()Ljava/lang/String;
    ASTORE 3
   L17
    LINENUMBER 459 L17
    NEW com/examples/with/different/packagename/testcarver/ConversionException
    DUP
    ALOAD 3
    INVOKESPECIAL com/examples/with/different/packagename/testcarver/ConversionException.<init> (Ljava/lang/String;)V
    ATHROW
   L18
    LOCALVARIABLE e Ljava/lang/IllegalArgumentException; L11 L10 3
    LOCALVARIABLE e Ljava/lang/IllegalArgumentException; L13 L12 3
    LOCALVARIABLE e Ljava/lang/IllegalArgumentException; L15 L14 3
    LOCALVARIABLE this Lcom/examples/with/different/packagename/testcarver/DateTimeConverter; L9 L18 0
    LOCALVARIABLE type Ljava/lang/Class; L9 L18 1
    LOCALVARIABLE value Ljava/lang/String; L9 L18 2
    LOCALVARIABLE msg Ljava/lang/String; L17 L18 3
    MAXSTACK = 3
    MAXLOCALS = 4

  // access flags 0x4
  protected getFormat(Ljava/util/Locale;Ljava/util/TimeZone;)Ljava/text/DateFormat;
   L0
    LINENUMBER 470 L0
    ACONST_NULL
    ASTORE 3
   L1
    LINENUMBER 471 L1
    ALOAD 1
    IFNONNULL L2
   L3
    LINENUMBER 472 L3
    ICONST_3
    INVOKESTATIC org/evosuite/testcarver/wrapper/java/text/DateFormat.getDateInstance_final (I)Ljava/text/DateFormat;
    ASTORE 3
    GOTO L4
   L2
    LINENUMBER 474 L2
    ICONST_3
    ALOAD 1
    INVOKESTATIC org/evosuite/testcarver/wrapper/java/text/DateFormat.getDateInstance_final (ILjava/util/Locale;)Ljava/text/DateFormat;
    ASTORE 3
   L4
    LINENUMBER 476 L4
    ALOAD 2
    IFNULL L5
   L6
    LINENUMBER 477 L6
    ALOAD 3
    ALOAD 2
    INVOKEVIRTUAL java/text/DateFormat.setTimeZone (Ljava/util/TimeZone;)V
   L5
    LINENUMBER 479 L5
    ALOAD 3
    ARETURN
   L7
    LOCALVARIABLE this Lcom/examples/with/different/packagename/testcarver/DateTimeConverter; L0 L7 0
    LOCALVARIABLE locale Ljava/util/Locale; L0 L7 1
    LOCALVARIABLE timeZone Ljava/util/TimeZone; L0 L7 2
    LOCALVARIABLE format Ljava/text/DateFormat; L1 L7 3
    MAXSTACK = 2
    MAXLOCALS = 4

  // access flags 0x2
  private getFormat(Ljava/lang/String;)Ljava/text/DateFormat;
   L0
    LINENUMBER 489 L0
    NEW org/evosuite/testcarver/wrapper/java/text/SimpleDateFormat
    DUP
    ALOAD 1
    INVOKESPECIAL org/evosuite/testcarver/wrapper/java/text/SimpleDateFormat.<init> (Ljava/lang/String;)V
    ASTORE 2
   L1
    LINENUMBER 490 L1
    ALOAD 0
    GETFIELD com/examples/with/different/packagename/testcarver/DateTimeConverter.timeZone : Ljava/util/TimeZone;
    IFNULL L2
   L3
    LINENUMBER 491 L3
    ALOAD 2
    ALOAD 0
    GETFIELD com/examples/with/different/packagename/testcarver/DateTimeConverter.timeZone : Ljava/util/TimeZone;
    INVOKEVIRTUAL java/text/DateFormat.setTimeZone (Ljava/util/TimeZone;)V
   L2
    LINENUMBER 493 L2
    ALOAD 2
    ARETURN
   L4
    LOCALVARIABLE this Lcom/examples/with/different/packagename/testcarver/DateTimeConverter; L0 L4 0
    LOCALVARIABLE pattern Ljava/lang/String; L0 L4 1
    LOCALVARIABLE format Ljava/text/DateFormat; L1 L4 2
    MAXSTACK = 3
    MAXLOCALS = 3

  // access flags 0x2
  private parse(Ljava/lang/Class;Ljava/lang/Class;Ljava/lang/String;)Ljava/util/Calendar; throws java/lang/Exception
    TRYCATCHBLOCK L0 L1 L2 java/lang/Exception
   L3
    LINENUMBER 506 L3
    ACONST_NULL
    ASTORE 4
   L4
    LINENUMBER 507 L4
    ICONST_0
    ISTORE 5
   L5
    ILOAD 5
    ALOAD 0
    GETFIELD com/examples/with/different/packagename/testcarver/DateTimeConverter.patterns : [Ljava/lang/String;
    ARRAYLENGTH
    IF_ICMPGE L6
   L0
    LINENUMBER 509 L0
    ALOAD 0
    ALOAD 0
    GETFIELD com/examples/with/different/packagename/testcarver/DateTimeConverter.patterns : [Ljava/lang/String;
    ILOAD 5
    AALOAD
    INVOKESPECIAL com/examples/with/different/packagename/testcarver/DateTimeConverter.getFormat (Ljava/lang/String;)Ljava/text/DateFormat;
    ASTORE 6
   L7
    LINENUMBER 510 L7
    ALOAD 0
    ALOAD 1
    ALOAD 2
    ALOAD 3
    ALOAD 6
    INVOKESPECIAL com/examples/with/different/packagename/testcarver/DateTimeConverter.parse (Ljava/lang/Class;Ljava/lang/Class;Ljava/lang/String;Ljava/text/DateFormat;)Ljava/util/Calendar;
    ASTORE 7
   L8
    LINENUMBER 511 L8
    ALOAD 7
   L1
    ARETURN
   L2
    LINENUMBER 512 L2
    ASTORE 6
   L9
    LINENUMBER 513 L9
    ALOAD 4
    IFNONNULL L10
   L11
    LINENUMBER 514 L11
    ALOAD 6
    ASTORE 4
   L10
    LINENUMBER 507 L10
    IINC 5 1
    GOTO L5
   L6
    LINENUMBER 518 L6
    ALOAD 0
    GETFIELD com/examples/with/different/packagename/testcarver/DateTimeConverter.patterns : [Ljava/lang/String;
    ARRAYLENGTH
    ICONST_1
    IF_ICMPLE L12
   L13
    LINENUMBER 519 L13
    NEW com/examples/with/different/packagename/testcarver/ConversionException
    DUP
    NEW java/lang/StringBuilder
    DUP
    INVOKESPECIAL java/lang/StringBuilder.<init> ()V
    LDC "Error converting '"
    INVOKEVIRTUAL java/lang/StringBuilder.append (Ljava/lang/String;)Ljava/lang/StringBuilder;
    ALOAD 0
    ALOAD 1
    INVOKEVIRTUAL com/examples/with/different/packagename/testcarver/DateTimeConverter.toString (Ljava/lang/Class;)Ljava/lang/String;
    INVOKEVIRTUAL java/lang/StringBuilder.append (Ljava/lang/String;)Ljava/lang/StringBuilder;
    LDC "' to '"
    INVOKEVIRTUAL java/lang/StringBuilder.append (Ljava/lang/String;)Ljava/lang/StringBuilder;
    ALOAD 0
    ALOAD 2
    INVOKEVIRTUAL com/examples/with/different/packagename/testcarver/DateTimeConverter.toString (Ljava/lang/Class;)Ljava/lang/String;
    INVOKEVIRTUAL java/lang/StringBuilder.append (Ljava/lang/String;)Ljava/lang/StringBuilder;
    LDC "' using  patterns '"
    INVOKEVIRTUAL java/lang/StringBuilder.append (Ljava/lang/String;)Ljava/lang/StringBuilder;
    ALOAD 0
    GETFIELD com/examples/with/different/packagename/testcarver/DateTimeConverter.displayPatterns : Ljava/lang/String;
    INVOKEVIRTUAL java/lang/StringBuilder.append (Ljava/lang/String;)Ljava/lang/StringBuilder;
    LDC "'"
    INVOKEVIRTUAL java/lang/StringBuilder.append (Ljava/lang/String;)Ljava/lang/StringBuilder;
    INVOKEVIRTUAL java/lang/StringBuilder.toString ()Ljava/lang/String;
    INVOKESPECIAL com/examples/with/different/packagename/testcarver/ConversionException.<init> (Ljava/lang/String;)V
    ATHROW
   L12
    LINENUMBER 522 L12
    ALOAD 4
    ATHROW
   L14
    LOCALVARIABLE format Ljava/text/DateFormat; L7 L2 6
    LOCALVARIABLE calendar Ljava/util/Calendar; L8 L2 7
    LOCALVARIABLE ex Ljava/lang/Exception; L9 L10 6
    LOCALVARIABLE i I L5 L6 5
    LOCALVARIABLE this Lcom/examples/with/different/packagename/testcarver/DateTimeConverter; L3 L14 0
    LOCALVARIABLE sourceType Ljava/lang/Class; L3 L14 1
    LOCALVARIABLE targetType Ljava/lang/Class; L3 L14 2
    LOCALVARIABLE value Ljava/lang/String; L3 L14 3
    LOCALVARIABLE firstEx Ljava/lang/Exception; L4 L14 4
    MAXSTACK = 5
    MAXLOCALS = 8

  // access flags 0x2
  private parse(Ljava/lang/Class;Ljava/lang/Class;Ljava/lang/String;Ljava/text/DateFormat;)Ljava/util/Calendar;
   L0
    LINENUMBER 538 L0
    ALOAD 0
    LDC "Parsing"
    ALOAD 4
    INVOKESPECIAL com/examples/with/different/packagename/testcarver/DateTimeConverter.logFormat (Ljava/lang/String;Ljava/text/DateFormat;)V
   L1
    LINENUMBER 539 L1
    ALOAD 4
    ICONST_0
    INVOKEVIRTUAL java/text/DateFormat.setLenient (Z)V
   L2
    LINENUMBER 540 L2
    NEW java/text/ParsePosition
    DUP
    ICONST_0
    INVOKESPECIAL java/text/ParsePosition.<init> (I)V
    ASTORE 5
   L3
    LINENUMBER 541 L3
    ALOAD 4
    ALOAD 3
    ALOAD 5
    INVOKEVIRTUAL java/text/DateFormat.parse (Ljava/lang/String;Ljava/text/ParsePosition;)Ljava/util/Date;
    ASTORE 6
   L4
    LINENUMBER 542 L4
    ALOAD 5
    INVOKEVIRTUAL java/text/ParsePosition.getErrorIndex ()I
    IFGE L5
    ALOAD 5
    INVOKEVIRTUAL java/text/ParsePosition.getIndex ()I
    ALOAD 3
    INVOKEVIRTUAL java/lang/String.length ()I
    IF_ICMPNE L5
    ALOAD 6
    IFNONNULL L6
   L5
    LINENUMBER 543 L5
    NEW java/lang/StringBuilder
    DUP
    INVOKESPECIAL java/lang/StringBuilder.<init> ()V
    LDC "Error converting '"
    INVOKEVIRTUAL java/lang/StringBuilder.append (Ljava/lang/String;)Ljava/lang/StringBuilder;
    ALOAD 0
    ALOAD 1
    INVOKEVIRTUAL com/examples/with/different/packagename/testcarver/DateTimeConverter.toString (Ljava/lang/Class;)Ljava/lang/String;
    INVOKEVIRTUAL java/lang/StringBuilder.append (Ljava/lang/String;)Ljava/lang/StringBuilder;
    LDC "' to '"
    INVOKEVIRTUAL java/lang/StringBuilder.append (Ljava/lang/String;)Ljava/lang/StringBuilder;
    ALOAD 0
    ALOAD 2
    INVOKEVIRTUAL com/examples/with/different/packagename/testcarver/DateTimeConverter.toString (Ljava/lang/Class;)Ljava/lang/String;
    INVOKEVIRTUAL java/lang/StringBuilder.append (Ljava/lang/String;)Ljava/lang/StringBuilder;
    LDC "'"
    INVOKEVIRTUAL java/lang/StringBuilder.append (Ljava/lang/String;)Ljava/lang/StringBuilder;
    INVOKEVIRTUAL java/lang/StringBuilder.toString ()Ljava/lang/String;
    ASTORE 7
   L7
    LINENUMBER 544 L7
    ALOAD 4
    INSTANCEOF java/text/SimpleDateFormat
    IFEQ L8
   L9
    LINENUMBER 545 L9
    NEW java/lang/StringBuilder
    DUP
    INVOKESPECIAL java/lang/StringBuilder.<init> ()V
    ALOAD 7
    INVOKEVIRTUAL java/lang/StringBuilder.append (Ljava/lang/String;)Ljava/lang/StringBuilder;
    LDC " using pattern '"
    INVOKEVIRTUAL java/lang/StringBuilder.append (Ljava/lang/String;)Ljava/lang/StringBuilder;
    ALOAD 4
    CHECKCAST org/evosuite/testcarver/wrapper/java/text/SimpleDateFormat
    INVOKEVIRTUAL java/text/SimpleDateFormat.toPattern ()Ljava/lang/String;
    INVOKEVIRTUAL java/lang/StringBuilder.append (Ljava/lang/String;)Ljava/lang/StringBuilder;
    LDC "'"
    INVOKEVIRTUAL java/lang/StringBuilder.append (Ljava/lang/String;)Ljava/lang/StringBuilder;
    INVOKEVIRTUAL java/lang/StringBuilder.toString ()Ljava/lang/String;
    ASTORE 7
   L8
    LINENUMBER 547 L8
    NEW com/examples/with/different/packagename/testcarver/ConversionException
    DUP
    ALOAD 7
    INVOKESPECIAL com/examples/with/different/packagename/testcarver/ConversionException.<init> (Ljava/lang/String;)V
    ATHROW
   L6
    LINENUMBER 549 L6
    ALOAD 4
    INVOKEVIRTUAL java/text/DateFormat.getCalendar ()Ljava/util/Calendar;
    ASTORE 7
   L10
    LINENUMBER 550 L10
    ALOAD 7
    ARETURN
   L11
    LOCALVARIABLE msg Ljava/lang/String; L7 L6 7
    LOCALVARIABLE this Lcom/examples/with/different/packagename/testcarver/DateTimeConverter; L0 L11 0
    LOCALVARIABLE sourceType Ljava/lang/Class; L0 L11 1
    LOCALVARIABLE targetType Ljava/lang/Class; L0 L11 2
    LOCALVARIABLE value Ljava/lang/String; L0 L11 3
    LOCALVARIABLE format Ljava/text/DateFormat; L0 L11 4
    LOCALVARIABLE pos Ljava/text/ParsePosition; L3 L11 5
    LOCALVARIABLE parsedDate Ljava/util/Date; L4 L11 6
    LOCALVARIABLE calendar Ljava/util/Calendar; L10 L11 7
    MAXSTACK = 3
    MAXLOCALS = 8

  // access flags 0x2
  private _sw_prototype_original_toString()Ljava/lang/String;
   L0
    LINENUMBER 559 L0
    NEW java/lang/StringBuffer
    DUP
    INVOKESPECIAL java/lang/StringBuffer.<init> ()V
    ASTORE 1
   L1
    LINENUMBER 560 L1
    ALOAD 1
    ALOAD 0
    ALOAD 0
    INVOKEVIRTUAL java/lang/Object.getClass ()Ljava/lang/Class;
    INVOKEVIRTUAL com/examples/with/different/packagename/testcarver/DateTimeConverter.toString (Ljava/lang/Class;)Ljava/lang/String;
    INVOKEVIRTUAL java/lang/StringBuffer.append (Ljava/lang/String;)Ljava/lang/StringBuffer;
    POP
   L2
    LINENUMBER 561 L2
    ALOAD 1
    LDC "[UseDefault="
    INVOKEVIRTUAL java/lang/StringBuffer.append (Ljava/lang/String;)Ljava/lang/StringBuffer;
    POP
   L3
    LINENUMBER 562 L3
    ALOAD 1
    ALOAD 0
    INVOKEVIRTUAL com/examples/with/different/packagename/testcarver/DateTimeConverter.isUseDefault ()Z
    INVOKEVIRTUAL java/lang/StringBuffer.append (Z)Ljava/lang/StringBuffer;
    POP
   L4
    LINENUMBER 563 L4
    ALOAD 1
    LDC ", UseLocaleFormat="
    INVOKEVIRTUAL java/lang/StringBuffer.append (Ljava/lang/String;)Ljava/lang/StringBuffer;
    POP
   L5
    LINENUMBER 564 L5
    ALOAD 1
    ALOAD 0
    DUP
    GETFIELD com/examples/with/different/packagename/testcarver/DateTimeConverter.useLocaleFormat : Z
    SWAP
    LDC -2147483621
    LDC "com/examples/with/different/packagename/testcarver/DateTimeConverter"
    LDC "useLocaleFormat"
    LDC "Z"
    INVOKESTATIC org/evosuite/testcarver/capture/FieldRegistry.notifyReadAccess (Ljava/lang/Object;ILjava/lang/String;Ljava/lang/String;Ljava/lang/String;)V
    INVOKEVIRTUAL java/lang/StringBuffer.append (Z)Ljava/lang/StringBuffer;
    POP
   L6
    LINENUMBER 565 L6
    ALOAD 0
    DUP
    GETFIELD com/examples/with/different/packagename/testcarver/DateTimeConverter.displayPatterns : Ljava/lang/String;
    SWAP
    LDC -2147483620
    LDC "com/examples/with/different/packagename/testcarver/DateTimeConverter"
    LDC "displayPatterns"
    LDC "Ljava/lang/String;"
    INVOKESTATIC org/evosuite/testcarver/capture/FieldRegistry.notifyReadAccess (Ljava/lang/Object;ILjava/lang/String;Ljava/lang/String;Ljava/lang/String;)V
    IFNULL L7
   L8
    LINENUMBER 566 L8
    ALOAD 1
    LDC ", Patterns={"
    INVOKEVIRTUAL java/lang/StringBuffer.append (Ljava/lang/String;)Ljava/lang/StringBuffer;
    POP
   L9
    LINENUMBER 567 L9
    ALOAD 1
    ALOAD 0
    DUP
    GETFIELD com/examples/with/different/packagename/testcarver/DateTimeConverter.displayPatterns : Ljava/lang/String;
    SWAP
    LDC -2147483619
    LDC "com/examples/with/different/packagename/testcarver/DateTimeConverter"
    LDC "displayPatterns"
    LDC "Ljava/lang/String;"
    INVOKESTATIC org/evosuite/testcarver/capture/FieldRegistry.notifyReadAccess (Ljava/lang/Object;ILjava/lang/String;Ljava/lang/String;Ljava/lang/String;)V
    INVOKEVIRTUAL java/lang/StringBuffer.append (Ljava/lang/String;)Ljava/lang/StringBuffer;
    POP
   L10
    LINENUMBER 568 L10
    ALOAD 1
    BIPUSH 125
    INVOKEVIRTUAL java/lang/StringBuffer.append (C)Ljava/lang/StringBuffer;
    POP
   L7
    LINENUMBER 570 L7
    ALOAD 0
    DUP
    GETFIELD com/examples/with/different/packagename/testcarver/DateTimeConverter.locale : Ljava/util/Locale;
    SWAP
    LDC -2147483618
    LDC "com/examples/with/different/packagename/testcarver/DateTimeConverter"
    LDC "locale"
    LDC "Ljava/util/Locale;"
    INVOKESTATIC org/evosuite/testcarver/capture/FieldRegistry.notifyReadAccess (Ljava/lang/Object;ILjava/lang/String;Ljava/lang/String;Ljava/lang/String;)V
    IFNULL L11
   L12
    LINENUMBER 571 L12
    ALOAD 1
    LDC ", Locale="
    INVOKEVIRTUAL java/lang/StringBuffer.append (Ljava/lang/String;)Ljava/lang/StringBuffer;
    POP
   L13
    LINENUMBER 572 L13
    ALOAD 1
    ALOAD 0
    DUP
    GETFIELD com/examples/with/different/packagename/testcarver/DateTimeConverter.locale : Ljava/util/Locale;
    SWAP
    LDC -2147483617
    LDC "com/examples/with/different/packagename/testcarver/DateTimeConverter"
    LDC "locale"
    LDC "Ljava/util/Locale;"
    INVOKESTATIC org/evosuite/testcarver/capture/FieldRegistry.notifyReadAccess (Ljava/lang/Object;ILjava/lang/String;Ljava/lang/String;Ljava/lang/String;)V
    INVOKEVIRTUAL java/lang/StringBuffer.append (Ljava/lang/Object;)Ljava/lang/StringBuffer;
    POP
   L11
    LINENUMBER 574 L11
    ALOAD 0
    DUP
    GETFIELD com/examples/with/different/packagename/testcarver/DateTimeConverter.timeZone : Ljava/util/TimeZone;
    SWAP
    LDC -2147483616
    LDC "com/examples/with/different/packagename/testcarver/DateTimeConverter"
    LDC "timeZone"
    LDC "Ljava/util/TimeZone;"
    INVOKESTATIC org/evosuite/testcarver/capture/FieldRegistry.notifyReadAccess (Ljava/lang/Object;ILjava/lang/String;Ljava/lang/String;Ljava/lang/String;)V
    IFNULL L14
   L15
    LINENUMBER 575 L15
    ALOAD 1
    LDC ", TimeZone="
    INVOKEVIRTUAL java/lang/StringBuffer.append (Ljava/lang/String;)Ljava/lang/StringBuffer;
    POP
   L16
    LINENUMBER 576 L16
    ALOAD 1
    ALOAD 0
    DUP
    GETFIELD com/examples/with/different/packagename/testcarver/DateTimeConverter.timeZone : Ljava/util/TimeZone;
    SWAP
    LDC -2147483615
    LDC "com/examples/with/different/packagename/testcarver/DateTimeConverter"
    LDC "timeZone"
    LDC "Ljava/util/TimeZone;"
    INVOKESTATIC org/evosuite/testcarver/capture/FieldRegistry.notifyReadAccess (Ljava/lang/Object;ILjava/lang/String;Ljava/lang/String;Ljava/lang/String;)V
    INVOKEVIRTUAL java/lang/StringBuffer.append (Ljava/lang/Object;)Ljava/lang/StringBuffer;
    POP
   L14
    LINENUMBER 578 L14
    ALOAD 1
    BIPUSH 93
    INVOKEVIRTUAL java/lang/StringBuffer.append (C)Ljava/lang/StringBuffer;
    POP
   L17
    LINENUMBER 579 L17
    ALOAD 1
    INVOKEVIRTUAL java/lang/StringBuffer.toString ()Ljava/lang/String;
    ARETURN
   L18
    LOCALVARIABLE this Lcom/examples/with/different/packagename/testcarver/DateTimeConverter; L0 L18 0
    LOCALVARIABLE buffer Ljava/lang/StringBuffer; L1 L18 1
    MAXSTACK = 7
    MAXLOCALS = 2

  // access flags 0x2
  private logFormat(Ljava/lang/String;Ljava/text/DateFormat;)V
   L0
    LINENUMBER 590 L0
    RETURN
   L1
    LOCALVARIABLE this Lcom/examples/with/different/packagename/testcarver/DateTimeConverter; L0 L1 0
    LOCALVARIABLE action Ljava/lang/String; L0 L1 1
    LOCALVARIABLE format Ljava/text/DateFormat; L0 L1 2
    MAXSTACK = 0
    MAXLOCALS = 3

  // access flags 0x1
  public setUseLocaleFormat(Z)V
    TRYCATCHBLOCK L0 L1 L1 java/lang/Throwable
   L0
    LDC -2147483640
    ALOAD 0
    LDC "setUseLocaleFormat"
    LDC "(Z)V"
    BIPUSH 1
    ANEWARRAY java/lang/Object
    DUP
    BIPUSH 0
    ILOAD 1
    INVOKESTATIC java/lang/Boolean.valueOf (Z)Ljava/lang/Boolean;
    AASTORE
    INVOKESTATIC org/evosuite/testcarver/capture/Capturer.capture (ILjava/lang/Object;Ljava/lang/String;Ljava/lang/String;[Ljava/lang/Object;)V
    ALOAD 0
    ILOAD 1
    INVOKEVIRTUAL com/examples/with/different/packagename/testcarver/DateTimeConverter._sw_prototype_original_setUseLocaleFormat (Z)V
    GOTO L2
   L1
   FRAME SAME1 java/lang/Throwable
    ASTORE 2
    LDC -2147483640
    ALOAD 0
    GETSTATIC org/evosuite/testcarver/capture/CaptureLog.RETURN_TYPE_VOID : Ljava/lang/Object;
    INVOKESTATIC org/evosuite/testcarver/capture/Capturer.enable (ILjava/lang/Object;Ljava/lang/Object;)V
    ALOAD 2
    ATHROW
   L2
   FRAME SAME
    LDC -2147483640
    ALOAD 0
    GETSTATIC org/evosuite/testcarver/capture/CaptureLog.RETURN_TYPE_VOID : Ljava/lang/Object;
    INVOKESTATIC org/evosuite/testcarver/capture/Capturer.enable (ILjava/lang/Object;Ljava/lang/Object;)V
    RETURN
    MAXSTACK = 6
    MAXLOCALS = 0

  // access flags 0x1
  public getTimeZone()Ljava/util/TimeZone;
    TRYCATCHBLOCK L0 L1 L2 java/lang/Throwable
    ACONST_NULL
    ASTORE 1
   L0
    LDC -2147483638
    ALOAD 0
    LDC "getTimeZone"
    LDC "()Ljava/util/TimeZone;"
    BIPUSH 0
    ANEWARRAY java/lang/Object
    INVOKESTATIC org/evosuite/testcarver/capture/Capturer.capture (ILjava/lang/Object;Ljava/lang/String;Ljava/lang/String;[Ljava/lang/Object;)V
    ALOAD 0
    INVOKEVIRTUAL com/examples/with/different/packagename/testcarver/DateTimeConverter._sw_prototype_original_getTimeZone ()Ljava/util/TimeZone;
    ASTORE 1
    ALOAD 1
    ASTORE 3
   L1
    LDC -2147483638
    ALOAD 0
    ALOAD 1
    INVOKESTATIC org/evosuite/testcarver/capture/Capturer.enable (ILjava/lang/Object;Ljava/lang/Object;)V
    ALOAD 3
    ARETURN
   L2
   FRAME FULL [com/examples/with/different/packagename/testcarver/DateTimeConverter java/util/TimeZone] [java/lang/Throwable]
    ASTORE 2
    LDC -2147483638
    ALOAD 0
    ALOAD 1
    INVOKESTATIC org/evosuite/testcarver/capture/Capturer.enable (ILjava/lang/Object;Ljava/lang/Object;)V
    ALOAD 2
    ATHROW
    MAXSTACK = 5
    MAXLOCALS = 0

  // access flags 0x1
  public setTimeZone(Ljava/util/TimeZone;)V
    TRYCATCHBLOCK L0 L1 L1 java/lang/Throwable
   L0
    LDC -2147483635
    ALOAD 0
    LDC "setTimeZone"
    LDC "(Ljava/util/TimeZone;)V"
    BIPUSH 1
    ANEWARRAY java/lang/Object
    DUP
    BIPUSH 0
    ALOAD 1
    AASTORE
    INVOKESTATIC org/evosuite/testcarver/capture/Capturer.capture (ILjava/lang/Object;Ljava/lang/String;Ljava/lang/String;[Ljava/lang/Object;)V
    ALOAD 0
    ALOAD 1
    INVOKEVIRTUAL com/examples/with/different/packagename/testcarver/DateTimeConverter._sw_prototype_original_setTimeZone (Ljava/util/TimeZone;)V
    GOTO L2
   L1
   FRAME SAME1 java/lang/Throwable
    ASTORE 2
    LDC -2147483635
    ALOAD 0
    GETSTATIC org/evosuite/testcarver/capture/CaptureLog.RETURN_TYPE_VOID : Ljava/lang/Object;
    INVOKESTATIC org/evosuite/testcarver/capture/Capturer.enable (ILjava/lang/Object;Ljava/lang/Object;)V
    ALOAD 2
    ATHROW
   L2
   FRAME SAME
    LDC -2147483635
    ALOAD 0
    GETSTATIC org/evosuite/testcarver/capture/CaptureLog.RETURN_TYPE_VOID : Ljava/lang/Object;
    INVOKESTATIC org/evosuite/testcarver/capture/Capturer.enable (ILjava/lang/Object;Ljava/lang/Object;)V
    RETURN
    MAXSTACK = 6
    MAXLOCALS = 0

  // access flags 0x1
  public getLocale()Ljava/util/Locale;
    TRYCATCHBLOCK L0 L1 L2 java/lang/Throwable
    ACONST_NULL
    ASTORE 1
   L0
    LDC -2147483633
    ALOAD 0
    LDC "getLocale"
    LDC "()Ljava/util/Locale;"
    BIPUSH 0
    ANEWARRAY java/lang/Object
    INVOKESTATIC org/evosuite/testcarver/capture/Capturer.capture (ILjava/lang/Object;Ljava/lang/String;Ljava/lang/String;[Ljava/lang/Object;)V
    ALOAD 0
    INVOKEVIRTUAL com/examples/with/different/packagename/testcarver/DateTimeConverter._sw_prototype_original_getLocale ()Ljava/util/Locale;
    ASTORE 1
    ALOAD 1
    ASTORE 3
   L1
    LDC -2147483633
    ALOAD 0
    ALOAD 1
    INVOKESTATIC org/evosuite/testcarver/capture/Capturer.enable (ILjava/lang/Object;Ljava/lang/Object;)V
    ALOAD 3
    ARETURN
   L2
   FRAME FULL [com/examples/with/different/packagename/testcarver/DateTimeConverter java/util/Locale] [java/lang/Throwable]
    ASTORE 2
    LDC -2147483633
    ALOAD 0
    ALOAD 1
    INVOKESTATIC org/evosuite/testcarver/capture/Capturer.enable (ILjava/lang/Object;Ljava/lang/Object;)V
    ALOAD 2
    ATHROW
    MAXSTACK = 5
    MAXLOCALS = 0

  // access flags 0x1
  public setLocale(Ljava/util/Locale;)V
    TRYCATCHBLOCK L0 L1 L1 java/lang/Throwable
   L0
    LDC -2147483630
    ALOAD 0
    LDC "setLocale"
    LDC "(Ljava/util/Locale;)V"
    BIPUSH 1
    ANEWARRAY java/lang/Object
    DUP
    BIPUSH 0
    ALOAD 1
    AASTORE
    INVOKESTATIC org/evosuite/testcarver/capture/Capturer.capture (ILjava/lang/Object;Ljava/lang/String;Ljava/lang/String;[Ljava/lang/Object;)V
    ALOAD 0
    ALOAD 1
    INVOKEVIRTUAL com/examples/with/different/packagename/testcarver/DateTimeConverter._sw_prototype_original_setLocale (Ljava/util/Locale;)V
    GOTO L2
   L1
   FRAME SAME1 java/lang/Throwable
    ASTORE 2
    LDC -2147483630
    ALOAD 0
    GETSTATIC org/evosuite/testcarver/capture/CaptureLog.RETURN_TYPE_VOID : Ljava/lang/Object;
    INVOKESTATIC org/evosuite/testcarver/capture/Capturer.enable (ILjava/lang/Object;Ljava/lang/Object;)V
    ALOAD 2
    ATHROW
   L2
   FRAME SAME
    LDC -2147483630
    ALOAD 0
    GETSTATIC org/evosuite/testcarver/capture/CaptureLog.RETURN_TYPE_VOID : Ljava/lang/Object;
    INVOKESTATIC org/evosuite/testcarver/capture/Capturer.enable (ILjava/lang/Object;Ljava/lang/Object;)V
    RETURN
    MAXSTACK = 6
    MAXLOCALS = 0

  // access flags 0x1
  public setPattern(Ljava/lang/String;)V
    TRYCATCHBLOCK L0 L1 L1 java/lang/Throwable
   L0
    LDC -2147483629
    ALOAD 0
    LDC "setPattern"
    LDC "(Ljava/lang/String;)V"
    BIPUSH 1
    ANEWARRAY java/lang/Object
    DUP
    BIPUSH 0
    ALOAD 1
    AASTORE
    INVOKESTATIC org/evosuite/testcarver/capture/Capturer.capture (ILjava/lang/Object;Ljava/lang/String;Ljava/lang/String;[Ljava/lang/Object;)V
    ALOAD 0
    ALOAD 1
    INVOKEVIRTUAL com/examples/with/different/packagename/testcarver/DateTimeConverter._sw_prototype_original_setPattern (Ljava/lang/String;)V
    GOTO L2
   L1
   FRAME SAME1 java/lang/Throwable
    ASTORE 2
    LDC -2147483629
    ALOAD 0
    GETSTATIC org/evosuite/testcarver/capture/CaptureLog.RETURN_TYPE_VOID : Ljava/lang/Object;
    INVOKESTATIC org/evosuite/testcarver/capture/Capturer.enable (ILjava/lang/Object;Ljava/lang/Object;)V
    ALOAD 2
    ATHROW
   L2
   FRAME SAME
    LDC -2147483629
    ALOAD 0
    GETSTATIC org/evosuite/testcarver/capture/CaptureLog.RETURN_TYPE_VOID : Ljava/lang/Object;
    INVOKESTATIC org/evosuite/testcarver/capture/Capturer.enable (ILjava/lang/Object;Ljava/lang/Object;)V
    RETURN
    MAXSTACK = 9
    MAXLOCALS = 0

  // access flags 0x1
  public getPatterns()[Ljava/lang/String;
    TRYCATCHBLOCK L0 L1 L2 java/lang/Throwable
    ACONST_NULL
    ASTORE 1
   L0
    LDC -2147483627
    ALOAD 0
    LDC "getPatterns"
    LDC "()[Ljava/lang/String;"
    BIPUSH 0
    ANEWARRAY java/lang/Object
    INVOKESTATIC org/evosuite/testcarver/capture/Capturer.capture (ILjava/lang/Object;Ljava/lang/String;Ljava/lang/String;[Ljava/lang/Object;)V
    ALOAD 0
    INVOKEVIRTUAL com/examples/with/different/packagename/testcarver/DateTimeConverter._sw_prototype_original_getPatterns ()[Ljava/lang/String;
    ASTORE 1
    ALOAD 1
    ASTORE 3
   L1
    LDC -2147483627
    ALOAD 0
    ALOAD 1
    INVOKESTATIC org/evosuite/testcarver/capture/Capturer.enable (ILjava/lang/Object;Ljava/lang/Object;)V
    ALOAD 3
    ARETURN
   L2
   FRAME FULL [com/examples/with/different/packagename/testcarver/DateTimeConverter [Ljava/lang/String;] [java/lang/Throwable]
    ASTORE 2
    LDC -2147483627
    ALOAD 0
    ALOAD 1
    INVOKESTATIC org/evosuite/testcarver/capture/Capturer.enable (ILjava/lang/Object;Ljava/lang/Object;)V
    ALOAD 2
    ATHROW
    MAXSTACK = 5
    MAXLOCALS = 0

  // access flags 0x1
  public setPatterns([Ljava/lang/String;)V
    TRYCATCHBLOCK L0 L1 L1 java/lang/Throwable
   L0
    LDC -2147483622
    ALOAD 0
    LDC "setPatterns"
    LDC "([Ljava/lang/String;)V"
    BIPUSH 1
    ANEWARRAY java/lang/Object
    DUP
    BIPUSH 0
    ALOAD 1
    AASTORE
    INVOKESTATIC org/evosuite/testcarver/capture/Capturer.capture (ILjava/lang/Object;Ljava/lang/String;Ljava/lang/String;[Ljava/lang/Object;)V
    ALOAD 0
    ALOAD 1
    INVOKEVIRTUAL com/examples/with/different/packagename/testcarver/DateTimeConverter._sw_prototype_original_setPatterns ([Ljava/lang/String;)V
    GOTO L2
   L1
   FRAME SAME1 java/lang/Throwable
    ASTORE 2
    LDC -2147483622
    ALOAD 0
    GETSTATIC org/evosuite/testcarver/capture/CaptureLog.RETURN_TYPE_VOID : Ljava/lang/Object;
    INVOKESTATIC org/evosuite/testcarver/capture/Capturer.enable (ILjava/lang/Object;Ljava/lang/Object;)V
    ALOAD 2
    ATHROW
   L2
   FRAME SAME
    LDC -2147483622
    ALOAD 0
    GETSTATIC org/evosuite/testcarver/capture/CaptureLog.RETURN_TYPE_VOID : Ljava/lang/Object;
    INVOKESTATIC org/evosuite/testcarver/capture/Capturer.enable (ILjava/lang/Object;Ljava/lang/Object;)V
    RETURN
    MAXSTACK = 7
    MAXLOCALS = 0

  // access flags 0x1
  public toString()Ljava/lang/String;
    TRYCATCHBLOCK L0 L1 L2 java/lang/Throwable
    ACONST_NULL
    ASTORE 1
   L0
    LDC -2147483614
    ALOAD 0
    LDC "toString"
    LDC "()Ljava/lang/String;"
    BIPUSH 0
    ANEWARRAY java/lang/Object
    INVOKESTATIC org/evosuite/testcarver/capture/Capturer.capture (ILjava/lang/Object;Ljava/lang/String;Ljava/lang/String;[Ljava/lang/Object;)V
    ALOAD 0
    INVOKEVIRTUAL com/examples/with/different/packagename/testcarver/DateTimeConverter._sw_prototype_original_toString ()Ljava/lang/String;
    ASTORE 1
    ALOAD 1
    ASTORE 3
   L1
    LDC -2147483614
    ALOAD 0
    ALOAD 1
    INVOKESTATIC org/evosuite/testcarver/capture/Capturer.enable (ILjava/lang/Object;Ljava/lang/Object;)V
    ALOAD 3
    ARETURN
   L2
   FRAME FULL [com/examples/with/different/packagename/testcarver/DateTimeConverter java/lang/String] [java/lang/Throwable]
    ASTORE 2
    LDC -2147483614
    ALOAD 0
    ALOAD 1
    INVOKESTATIC org/evosuite/testcarver/capture/Capturer.enable (ILjava/lang/Object;Ljava/lang/Object;)V
    ALOAD 2
    ATHROW
    MAXSTACK = 7
    MAXLOCALS = 0
}
INFO  org.evosuite.testcarver.extraction.CarvingClassLoader - Seeing class for first time: com.examples.with.different.packagename.testcarver.AbstractConverter
WARN  org.evosuite.testcarver.extraction.CarvingClassLoader - Instrumenting class 'com.examples.with.different.packagename.testcarver.AbstractConverter'.
INFO  org.evosuite.testcarver.instrument.Instrumenter - Checking package com.examples.with.different.packagename.testcarver for class com/examples/with/different/packagename/testcarver/AbstractConverter
// class version 52.0 (52)
// access flags 0x421
public abstract class com/examples/with/different/packagename/testcarver/AbstractConverter implements com/examples/with/different/packagename/testcarver/Converter {

  // compiled from: AbstractConverter.java

  // access flags 0x1A
  private final static Ljava/lang/String; DEFAULT_CONFIG_MSG = "(N.B. Converters can be configured to use default values to avoid throwing exceptions)"

  // access flags 0x1A
  private final static Ljava/lang/String; PACKAGE = "org.apache.commons.beanutils.converters."

  // access flags 0x2
  private Z useDefault

  // access flags 0x2
  private Ljava/lang/Object; defaultValue

  // access flags 0x1
  public <init>()V
   L0
    LINENUMBER 82 L0
    ALOAD 0
    INVOKESPECIAL java/lang/Object.<init> ()V
   L1
    LINENUMBER 69 L1
    ALOAD 0
    ICONST_0
    PUTFIELD com/examples/with/different/packagename/testcarver/AbstractConverter.useDefault : Z
   L2
    LINENUMBER 74 L2
    ALOAD 0
    ACONST_NULL
    PUTFIELD com/examples/with/different/packagename/testcarver/AbstractConverter.defaultValue : Ljava/lang/Object;
   L3
    LINENUMBER 83 L3
    RETURN
   L4
    LOCALVARIABLE this Lcom/examples/with/different/packagename/testcarver/AbstractConverter; L0 L4 0
    MAXSTACK = 2
    MAXLOCALS = 1

  // access flags 0x1
  public <init>(Ljava/lang/Object;)V
   L0
    LINENUMBER 93 L0
    ALOAD 0
    INVOKESPECIAL java/lang/Object.<init> ()V
   L1
    LINENUMBER 69 L1
    ALOAD 0
    ICONST_0
    PUTFIELD com/examples/with/different/packagename/testcarver/AbstractConverter.useDefault : Z
   L2
    LINENUMBER 74 L2
    ALOAD 0
    ACONST_NULL
    PUTFIELD com/examples/with/different/packagename/testcarver/AbstractConverter.defaultValue : Ljava/lang/Object;
   L3
    LINENUMBER 94 L3
    ALOAD 0
    ALOAD 1
    INVOKEVIRTUAL com/examples/with/different/packagename/testcarver/AbstractConverter.setDefaultValue (Ljava/lang/Object;)V
   L4
    LINENUMBER 95 L4
    RETURN
   L5
    LOCALVARIABLE this Lcom/examples/with/different/packagename/testcarver/AbstractConverter; L0 L5 0
    LOCALVARIABLE defaultValue Ljava/lang/Object; L0 L5 1
    MAXSTACK = 2
    MAXLOCALS = 2

  // access flags 0x2
  private _sw_prototype_original_isUseDefault()Z
   L0
    LINENUMBER 108 L0
    ALOAD 0
    DUP
    GETFIELD com/examples/with/different/packagename/testcarver/AbstractConverter.useDefault : Z
    SWAP
    LDC -2147483613
    LDC "com/examples/with/different/packagename/testcarver/AbstractConverter"
    LDC "useDefault"
    LDC "Z"
    INVOKESTATIC org/evosuite/testcarver/capture/FieldRegistry.notifyReadAccess (Ljava/lang/Object;ILjava/lang/String;Ljava/lang/String;Ljava/lang/String;)V
    IRETURN
   L1
    LOCALVARIABLE this Lcom/examples/with/different/packagename/testcarver/AbstractConverter; L0 L1 0
    MAXSTACK = 5
    MAXLOCALS = 1

  // access flags 0x2
  private _sw_prototype_original_convert(Ljava/lang/Class;Ljava/lang/Object;)Ljava/lang/Object;
    TRYCATCHBLOCK L0 L1 L2 java/lang/Throwable
    TRYCATCHBLOCK L3 L4 L2 java/lang/Throwable
    TRYCATCHBLOCK L5 L6 L2 java/lang/Throwable
   L7
    LINENUMBER 123 L7
    ALOAD 2
    IFNONNULL L8
    ACONST_NULL
    GOTO L9
   L8
    ALOAD 2
    INVOKEVIRTUAL java/lang/Object.getClass ()Ljava/lang/Class;
   L9
    ASTORE 3
   L10
    LINENUMBER 124 L10
    ALOAD 0
    ALOAD 1
    IFNONNULL L11
    ALOAD 0
    INVOKEVIRTUAL com/examples/with/different/packagename/testcarver/AbstractConverter.getDefaultType ()Ljava/lang/Class;
    GOTO L12
   L11
    ALOAD 1
   L12
    INVOKEVIRTUAL com/examples/with/different/packagename/testcarver/AbstractConverter.primitive (Ljava/lang/Class;)Ljava/lang/Class;
    ASTORE 4
   L13
    LINENUMBER 126 L13
    ALOAD 0
    ALOAD 2
    INVOKEVIRTUAL com/examples/with/different/packagename/testcarver/AbstractConverter.convertArray (Ljava/lang/Object;)Ljava/lang/Object;
    ASTORE 2
   L14
    LINENUMBER 129 L14
    ALOAD 2
    IFNONNULL L15
   L16
    LINENUMBER 130 L16
    ALOAD 0
    ALOAD 4
    INVOKEVIRTUAL com/examples/with/different/packagename/testcarver/AbstractConverter.handleMissing (Ljava/lang/Class;)Ljava/lang/Object;
    ARETURN
   L15
    LINENUMBER 133 L15
    ALOAD 2
    INVOKEVIRTUAL java/lang/Object.getClass ()Ljava/lang/Class;
    ASTORE 3
   L0
    LINENUMBER 137 L0
    ALOAD 4
    LDC Ljava/lang/String;.class
    INVOKEVIRTUAL java/lang/Object.equals (Ljava/lang/Object;)Z
    IFEQ L3
   L17
    LINENUMBER 138 L17
    ALOAD 0
    ALOAD 2
    INVOKEVIRTUAL com/examples/with/different/packagename/testcarver/AbstractConverter.convertToString (Ljava/lang/Object;)Ljava/lang/String;
   L1
    ARETURN
   L3
    LINENUMBER 141 L3
    ALOAD 4
    ALOAD 3
    INVOKEVIRTUAL java/lang/Object.equals (Ljava/lang/Object;)Z
    IFEQ L5
   L18
    LINENUMBER 142 L18
    ALOAD 2
   L4
    ARETURN
   L5
    LINENUMBER 146 L5
    ALOAD 0
    ALOAD 4
    ALOAD 2
    INVOKEVIRTUAL com/examples/with/different/packagename/testcarver/AbstractConverter.convertToType (Ljava/lang/Class;Ljava/lang/Object;)Ljava/lang/Object;
    ASTORE 5
   L19
    LINENUMBER 147 L19
    ALOAD 5
   L6
    ARETURN
   L2
    LINENUMBER 149 L2
    ASTORE 5
   L20
    LINENUMBER 150 L20
    ALOAD 0
    ALOAD 4
    ALOAD 2
    ALOAD 5
    INVOKEVIRTUAL com/examples/with/different/packagename/testcarver/AbstractConverter.handleError (Ljava/lang/Class;Ljava/lang/Object;Ljava/lang/Throwable;)Ljava/lang/Object;
    ARETURN
   L21
    LOCALVARIABLE result Ljava/lang/Object; L19 L2 5
    LOCALVARIABLE t Ljava/lang/Throwable; L20 L21 5
    LOCALVARIABLE this Lcom/examples/with/different/packagename/testcarver/AbstractConverter; L7 L21 0
    LOCALVARIABLE type Ljava/lang/Class; L7 L21 1
    LOCALVARIABLE value Ljava/lang/Object; L7 L21 2
    LOCALVARIABLE sourceType Ljava/lang/Class; L10 L21 3
    LOCALVARIABLE targetType Ljava/lang/Class; L13 L21 4
    MAXSTACK = 8
    MAXLOCALS = 6

  // access flags 0x4
  protected convertToString(Ljava/lang/Object;)Ljava/lang/String; throws java/lang/Throwable
   L0
    LINENUMBER 168 L0
    ALOAD 1
    INVOKEVIRTUAL java/lang/Object.toString ()Ljava/lang/String;
    ARETURN
   L1
    LOCALVARIABLE this Lcom/examples/with/different/packagename/testcarver/AbstractConverter; L0 L1 0
    LOCALVARIABLE value Ljava/lang/Object; L0 L1 1
    MAXSTACK = 1
    MAXLOCALS = 2

  // access flags 0x404
  protected abstract convertToType(Ljava/lang/Class;Ljava/lang/Object;)Ljava/lang/Object; throws java/lang/Throwable

  // access flags 0x4
  protected convertArray(Ljava/lang/Object;)Ljava/lang/Object;
   L0
    LINENUMBER 196 L0
    ALOAD 1
    IFNONNULL L1
   L2
    LINENUMBER 197 L2
    ACONST_NULL
    ARETURN
   L1
    LINENUMBER 199 L1
    ALOAD 1
    INVOKEVIRTUAL java/lang/Object.getClass ()Ljava/lang/Class;
    INVOKEVIRTUAL java/lang/Class.isArray ()Z
    IFEQ L3
   L4
    LINENUMBER 200 L4
    ALOAD 1
    INVOKESTATIC java/lang/reflect/Array.getLength (Ljava/lang/Object;)I
    IFLE L5
   L6
    LINENUMBER 201 L6
    ALOAD 1
    ICONST_0
    INVOKESTATIC java/lang/reflect/Array.get (Ljava/lang/Object;I)Ljava/lang/Object;
    ARETURN
   L5
    LINENUMBER 203 L5
    ACONST_NULL
    ARETURN
   L3
    LINENUMBER 206 L3
    ALOAD 1
    INSTANCEOF java/util/Collection
    IFEQ L7
   L8
    LINENUMBER 207 L8
    ALOAD 1
    CHECKCAST java/util/Collection
    ASTORE 2
   L9
    LINENUMBER 208 L9
    ALOAD 2
    INVOKEINTERFACE java/util/Collection.size ()I (itf)
    IFLE L10
   L11
    LINENUMBER 209 L11
    ALOAD 2
    INVOKEINTERFACE java/util/Collection.iterator ()Ljava/util/Iterator; (itf)
    INVOKEINTERFACE java/util/Iterator.next ()Ljava/lang/Object; (itf)
    ARETURN
   L10
    LINENUMBER 211 L10
    ACONST_NULL
    ARETURN
   L7
    LINENUMBER 214 L7
    ALOAD 1
    ARETURN
   L12
    LOCALVARIABLE collection Ljava/util/Collection; L9 L7 2
    LOCALVARIABLE this Lcom/examples/with/different/packagename/testcarver/AbstractConverter; L0 L12 0
    LOCALVARIABLE value Ljava/lang/Object; L0 L12 1
    MAXSTACK = 2
    MAXLOCALS = 3

  // access flags 0x4
  protected handleError(Ljava/lang/Class;Ljava/lang/Object;Ljava/lang/Throwable;)Ljava/lang/Object;
   L0
    LINENUMBER 231 L0
    ALOAD 0
    GETFIELD com/examples/with/different/packagename/testcarver/AbstractConverter.useDefault : Z
    IFEQ L1
   L2
    LINENUMBER 232 L2
    ALOAD 0
    ALOAD 1
    INVOKEVIRTUAL com/examples/with/different/packagename/testcarver/AbstractConverter.handleMissing (Ljava/lang/Class;)Ljava/lang/Object;
    ARETURN
   L1
    LINENUMBER 235 L1
    ACONST_NULL
    ASTORE 4
   L3
    LINENUMBER 236 L3
    ALOAD 3
    INSTANCEOF com/examples/with/different/packagename/testcarver/ConversionException
    IFEQ L4
   L5
    LINENUMBER 237 L5
    ALOAD 3
    CHECKCAST com/examples/with/different/packagename/testcarver/ConversionException
    ASTORE 4
    GOTO L6
   L4
    LINENUMBER 239 L4
    NEW java/lang/StringBuilder
    DUP
    INVOKESPECIAL java/lang/StringBuilder.<init> ()V
    LDC "Error converting from '"
    INVOKEVIRTUAL java/lang/StringBuilder.append (Ljava/lang/String;)Ljava/lang/StringBuilder;
    ALOAD 0
    ALOAD 2
    INVOKEVIRTUAL java/lang/Object.getClass ()Ljava/lang/Class;
    INVOKEVIRTUAL com/examples/with/different/packagename/testcarver/AbstractConverter.toString (Ljava/lang/Class;)Ljava/lang/String;
    INVOKEVIRTUAL java/lang/StringBuilder.append (Ljava/lang/String;)Ljava/lang/StringBuilder;
    LDC "' to '"
    INVOKEVIRTUAL java/lang/StringBuilder.append (Ljava/lang/String;)Ljava/lang/StringBuilder;
    ALOAD 0
    ALOAD 1
   L7
    LINENUMBER 240 L7
    INVOKEVIRTUAL com/examples/with/different/packagename/testcarver/AbstractConverter.toString (Ljava/lang/Class;)Ljava/lang/String;
    INVOKEVIRTUAL java/lang/StringBuilder.append (Ljava/lang/String;)Ljava/lang/StringBuilder;
    LDC "' "
    INVOKEVIRTUAL java/lang/StringBuilder.append (Ljava/lang/String;)Ljava/lang/StringBuilder;
    ALOAD 3
    INVOKEVIRTUAL java/lang/Throwable.getMessage ()Ljava/lang/String;
    INVOKEVIRTUAL java/lang/StringBuilder.append (Ljava/lang/String;)Ljava/lang/StringBuilder;
    INVOKEVIRTUAL java/lang/StringBuilder.toString ()Ljava/lang/String;
    ASTORE 5
   L8
    LINENUMBER 241 L8
    NEW com/examples/with/different/packagename/testcarver/ConversionException
    DUP
    ALOAD 5
    ALOAD 3
    INVOKESPECIAL com/examples/with/different/packagename/testcarver/ConversionException.<init> (Ljava/lang/String;Ljava/lang/Throwable;)V
    ASTORE 4
   L6
    LINENUMBER 245 L6
    ALOAD 4
    ATHROW
   L9
    LOCALVARIABLE msg Ljava/lang/String; L8 L6 5
    LOCALVARIABLE this Lcom/examples/with/different/packagename/testcarver/AbstractConverter; L0 L9 0
    LOCALVARIABLE type Ljava/lang/Class; L0 L9 1
    LOCALVARIABLE value Ljava/lang/Object; L0 L9 2
    LOCALVARIABLE cause Ljava/lang/Throwable; L0 L9 3
    LOCALVARIABLE cex Lcom/examples/with/different/packagename/testcarver/ConversionException; L3 L9 4
    MAXSTACK = 4
    MAXLOCALS = 6

  // access flags 0x4
  protected handleMissing(Ljava/lang/Class;)Ljava/lang/Object;
    TRYCATCHBLOCK L0 L1 L2 java/lang/Throwable
   L3
    LINENUMBER 262 L3
    ALOAD 0
    GETFIELD com/examples/with/different/packagename/testcarver/AbstractConverter.useDefault : Z
    IFNE L4
    ALOAD 1
    LDC Ljava/lang/String;.class
    INVOKEVIRTUAL java/lang/Object.equals (Ljava/lang/Object;)Z
    IFEQ L5
   L4
    LINENUMBER 263 L4
    ALOAD 0
    ALOAD 1
    INVOKEVIRTUAL com/examples/with/different/packagename/testcarver/AbstractConverter.getDefault (Ljava/lang/Class;)Ljava/lang/Object;
    ASTORE 2
   L6
    LINENUMBER 264 L6
    ALOAD 0
    GETFIELD com/examples/with/different/packagename/testcarver/AbstractConverter.useDefault : Z
    IFEQ L7
    ALOAD 2
    IFNULL L7
    ALOAD 1
    ALOAD 2
    INVOKEVIRTUAL java/lang/Object.getClass ()Ljava/lang/Class;
    INVOKEVIRTUAL java/lang/Object.equals (Ljava/lang/Object;)Z
    IFNE L7
   L0
    LINENUMBER 266 L0
    ALOAD 0
    ALOAD 1
    ALOAD 0
    GETFIELD com/examples/with/different/packagename/testcarver/AbstractConverter.defaultValue : Ljava/lang/Object;
    INVOKEVIRTUAL com/examples/with/different/packagename/testcarver/AbstractConverter.convertToType (Ljava/lang/Class;Ljava/lang/Object;)Ljava/lang/Object;
    ASTORE 2
   L1
    LINENUMBER 270 L1
    GOTO L7
   L2
    LINENUMBER 267 L2
    ASTORE 3
   L8
    LINENUMBER 268 L8
    GETSTATIC java/lang/System.err : Ljava/io/PrintStream;
    NEW java/lang/StringBuilder
    DUP
    INVOKESPECIAL java/lang/StringBuilder.<init> ()V
    LDC "    Default conversion to "
    INVOKEVIRTUAL java/lang/StringBuilder.append (Ljava/lang/String;)Ljava/lang/StringBuilder;
    ALOAD 0
    ALOAD 1
    INVOKEVIRTUAL com/examples/with/different/packagename/testcarver/AbstractConverter.toString (Ljava/lang/Class;)Ljava/lang/String;
    INVOKEVIRTUAL java/lang/StringBuilder.append (Ljava/lang/String;)Ljava/lang/StringBuilder;
    LDC "failed: "
    INVOKEVIRTUAL java/lang/StringBuilder.append (Ljava/lang/String;)Ljava/lang/StringBuilder;
    ALOAD 3
    INVOKEVIRTUAL java/lang/StringBuilder.append (Ljava/lang/Object;)Ljava/lang/StringBuilder;
    INVOKEVIRTUAL java/lang/StringBuilder.toString ()Ljava/lang/String;
    INVOKEVIRTUAL java/io/PrintStream.println (Ljava/lang/String;)V
   L7
    LINENUMBER 272 L7
    ALOAD 2
    ARETURN
   L5
    LINENUMBER 275 L5
    NEW com/examples/with/different/packagename/testcarver/ConversionException
    DUP
    NEW java/lang/StringBuilder
    DUP
    INVOKESPECIAL java/lang/StringBuilder.<init> ()V
    LDC "No value specified for '"
    INVOKEVIRTUAL java/lang/StringBuilder.append (Ljava/lang/String;)Ljava/lang/StringBuilder;
    ALOAD 0
    ALOAD 1
   L9
    LINENUMBER 276 L9
    INVOKEVIRTUAL com/examples/with/different/packagename/testcarver/AbstractConverter.toString (Ljava/lang/Class;)Ljava/lang/String;
    INVOKEVIRTUAL java/lang/StringBuilder.append (Ljava/lang/String;)Ljava/lang/StringBuilder;
    LDC "'"
    INVOKEVIRTUAL java/lang/StringBuilder.append (Ljava/lang/String;)Ljava/lang/StringBuilder;
    INVOKEVIRTUAL java/lang/StringBuilder.toString ()Ljava/lang/String;
    INVOKESPECIAL com/examples/with/different/packagename/testcarver/ConversionException.<init> (Ljava/lang/String;)V
    ASTORE 2
   L10
    LINENUMBER 277 L10
    ALOAD 2
    ATHROW
   L11
    LOCALVARIABLE t Ljava/lang/Throwable; L8 L7 3
    LOCALVARIABLE value Ljava/lang/Object; L6 L5 2
    LOCALVARIABLE this Lcom/examples/with/different/packagename/testcarver/AbstractConverter; L3 L11 0
    LOCALVARIABLE type Ljava/lang/Class; L3 L11 1
    LOCALVARIABLE cex Lcom/examples/with/different/packagename/testcarver/ConversionException; L10 L11 2
    MAXSTACK = 5
    MAXLOCALS = 4

  // access flags 0x4
  protected setDefaultValue(Ljava/lang/Object;)V
   L0
    LINENUMBER 295 L0
    ALOAD 0
    ICONST_0
    PUTFIELD com/examples/with/different/packagename/testcarver/AbstractConverter.useDefault : Z
   L1
    LINENUMBER 296 L1
    ALOAD 1
    IFNONNULL L2
   L3
    LINENUMBER 297 L3
    ALOAD 0
    ACONST_NULL
    PUTFIELD com/examples/with/different/packagename/testcarver/AbstractConverter.defaultValue : Ljava/lang/Object;
    GOTO L4
   L2
    LINENUMBER 299 L2
    ALOAD 0
    ALOAD 0
    ALOAD 0
    INVOKEVIRTUAL com/examples/with/different/packagename/testcarver/AbstractConverter.getDefaultType ()Ljava/lang/Class;
    ALOAD 1
    INVOKEVIRTUAL com/examples/with/different/packagename/testcarver/AbstractConverter.convert (Ljava/lang/Class;Ljava/lang/Object;)Ljava/lang/Object;
    PUTFIELD com/examples/with/different/packagename/testcarver/AbstractConverter.defaultValue : Ljava/lang/Object;
   L4
    LINENUMBER 301 L4
    ALOAD 0
    ICONST_1
    PUTFIELD com/examples/with/different/packagename/testcarver/AbstractConverter.useDefault : Z
   L5
    LINENUMBER 302 L5
    RETURN
   L6
    LOCALVARIABLE this Lcom/examples/with/different/packagename/testcarver/AbstractConverter; L0 L6 0
    LOCALVARIABLE defaultValue Ljava/lang/Object; L0 L6 1
    MAXSTACK = 4
    MAXLOCALS = 2

  // access flags 0x404
  protected abstract getDefaultType()Ljava/lang/Class;

  // access flags 0x4
  protected getDefault(Ljava/lang/Class;)Ljava/lang/Object;
   L0
    LINENUMBER 319 L0
    ALOAD 1
    LDC Ljava/lang/String;.class
    INVOKEVIRTUAL java/lang/Object.equals (Ljava/lang/Object;)Z
    IFEQ L1
   L2
    LINENUMBER 320 L2
    ACONST_NULL
    ARETURN
   L1
    LINENUMBER 322 L1
    ALOAD 0
    GETFIELD com/examples/with/different/packagename/testcarver/AbstractConverter.defaultValue : Ljava/lang/Object;
    ARETURN
   L3
    LOCALVARIABLE this Lcom/examples/with/different/packagename/testcarver/AbstractConverter; L0 L3 0
    LOCALVARIABLE type Ljava/lang/Class; L0 L3 1
    MAXSTACK = 2
    MAXLOCALS = 2

  // access flags 0x2
  private _sw_prototype_original_toString()Ljava/lang/String;
   L0
    LINENUMBER 332 L0
    NEW java/lang/StringBuilder
    DUP
    INVOKESPECIAL java/lang/StringBuilder.<init> ()V
    ALOAD 0
    ALOAD 0
    INVOKEVIRTUAL java/lang/Object.getClass ()Ljava/lang/Class;
    INVOKEVIRTUAL com/examples/with/different/packagename/testcarver/AbstractConverter.toString (Ljava/lang/Class;)Ljava/lang/String;
    INVOKEVIRTUAL java/lang/StringBuilder.append (Ljava/lang/String;)Ljava/lang/StringBuilder;
    LDC "[UseDefault="
    INVOKEVIRTUAL java/lang/StringBuilder.append (Ljava/lang/String;)Ljava/lang/StringBuilder;
    ALOAD 0
    DUP
    GETFIELD com/examples/with/different/packagename/testcarver/AbstractConverter.useDefault : Z
    SWAP
    LDC -2147483610
    LDC "com/examples/with/different/packagename/testcarver/AbstractConverter"
    LDC "useDefault"
    LDC "Z"
    INVOKESTATIC org/evosuite/testcarver/capture/FieldRegistry.notifyReadAccess (Ljava/lang/Object;ILjava/lang/String;Ljava/lang/String;Ljava/lang/String;)V
    INVOKEVIRTUAL java/lang/StringBuilder.append (Z)Ljava/lang/StringBuilder;
    LDC "]"
    INVOKEVIRTUAL java/lang/StringBuilder.append (Ljava/lang/String;)Ljava/lang/StringBuilder;
    INVOKEVIRTUAL java/lang/StringBuilder.toString ()Ljava/lang/String;
    ARETURN
   L1
    LOCALVARIABLE this Lcom/examples/with/different/packagename/testcarver/AbstractConverter; L0 L1 0
    MAXSTACK = 7
    MAXLOCALS = 1

  // access flags 0x0
  primitive(Ljava/lang/Class;)Ljava/lang/Class;
   L0
    LINENUMBER 344 L0
    ALOAD 1
    IFNULL L1
    ALOAD 1
    INVOKEVIRTUAL java/lang/Class.isPrimitive ()Z
    IFNE L2
   L1
    LINENUMBER 345 L1
    ALOAD 1
    ARETURN
   L2
    LINENUMBER 348 L2
    ALOAD 1
    GETSTATIC java/lang/Integer.TYPE : Ljava/lang/Class;
    IF_ACMPNE L3
   L4
    LINENUMBER 349 L4
    LDC Ljava/lang/Integer;.class
    ARETURN
   L3
    LINENUMBER 350 L3
    ALOAD 1
    GETSTATIC java/lang/Double.TYPE : Ljava/lang/Class;
    IF_ACMPNE L5
   L6
    LINENUMBER 351 L6
    LDC Ljava/lang/Double;.class
    ARETURN
   L5
    LINENUMBER 352 L5
    ALOAD 1
    GETSTATIC java/lang/Long.TYPE : Ljava/lang/Class;
    IF_ACMPNE L7
   L8
    LINENUMBER 353 L8
    LDC Ljava/lang/Long;.class
    ARETURN
   L7
    LINENUMBER 354 L7
    ALOAD 1
    GETSTATIC java/lang/Boolean.TYPE : Ljava/lang/Class;
    IF_ACMPNE L9
   L10
    LINENUMBER 355 L10
    LDC Ljava/lang/Boolean;.class
    ARETURN
   L9
    LINENUMBER 356 L9
    ALOAD 1
    GETSTATIC java/lang/Float.TYPE : Ljava/lang/Class;
    IF_ACMPNE L11
   L12
    LINENUMBER 357 L12
    LDC Ljava/lang/Float;.class
    ARETURN
   L11
    LINENUMBER 358 L11
    ALOAD 1
    GETSTATIC java/lang/Short.TYPE : Ljava/lang/Class;
    IF_ACMPNE L13
   L14
    LINENUMBER 359 L14
    LDC Ljava/lang/Short;.class
    ARETURN
   L13
    LINENUMBER 360 L13
    ALOAD 1
    GETSTATIC java/lang/Byte.TYPE : Ljava/lang/Class;
    IF_ACMPNE L15
   L16
    LINENUMBER 361 L16
    LDC Ljava/lang/Byte;.class
    ARETURN
   L15
    LINENUMBER 362 L15
    ALOAD 1
    GETSTATIC java/lang/Character.TYPE : Ljava/lang/Class;
    IF_ACMPNE L17
   L18
    LINENUMBER 363 L18
    LDC Ljava/lang/Character;.class
    ARETURN
   L17
    LINENUMBER 365 L17
    ALOAD 1
    ARETURN
   L19
    LOCALVARIABLE this Lcom/examples/with/different/packagename/testcarver/AbstractConverter; L0 L19 0
    LOCALVARIABLE type Ljava/lang/Class; L0 L19 1
    MAXSTACK = 2
    MAXLOCALS = 2

  // access flags 0x0
  toString(Ljava/lang/Class;)Ljava/lang/String;
   L0
    LINENUMBER 376 L0
    ACONST_NULL
    ASTORE 2
   L1
    LINENUMBER 377 L1
    ALOAD 1
    IFNONNULL L2
   L3
    LINENUMBER 378 L3
    LDC "null"
    ASTORE 2
    GOTO L4
   L2
    LINENUMBER 379 L2
    ALOAD 1
    INVOKEVIRTUAL java/lang/Class.isArray ()Z
    IFEQ L5
   L6
    LINENUMBER 380 L6
    ALOAD 1
    INVOKEVIRTUAL java/lang/Class.getComponentType ()Ljava/lang/Class;
    ASTORE 3
   L7
    LINENUMBER 381 L7
    ICONST_1
    ISTORE 4
   L8
    LINENUMBER 382 L8
    ALOAD 3
    INVOKEVIRTUAL java/lang/Class.isArray ()Z
    IFEQ L9
   L10
    LINENUMBER 383 L10
    ALOAD 3
    INVOKEVIRTUAL java/lang/Class.getComponentType ()Ljava/lang/Class;
    ASTORE 3
   L11
    LINENUMBER 384 L11
    IINC 4 1
    GOTO L8
   L9
    LINENUMBER 386 L9
    ALOAD 3
    INVOKEVIRTUAL java/lang/Class.getName ()Ljava/lang/String;
    ASTORE 2
   L12
    LINENUMBER 387 L12
    ICONST_0
    ISTORE 5
   L13
    ILOAD 5
    ILOAD 4
    IF_ICMPGE L14
   L15
    LINENUMBER 388 L15
    NEW java/lang/StringBuilder
    DUP
    INVOKESPECIAL java/lang/StringBuilder.<init> ()V
    ALOAD 2
    INVOKEVIRTUAL java/lang/StringBuilder.append (Ljava/lang/String;)Ljava/lang/StringBuilder;
    LDC "[]"
    INVOKEVIRTUAL java/lang/StringBuilder.append (Ljava/lang/String;)Ljava/lang/StringBuilder;
    INVOKEVIRTUAL java/lang/StringBuilder.toString ()Ljava/lang/String;
    ASTORE 2
   L16
    LINENUMBER 387 L16
    IINC 5 1
    GOTO L13
   L14
    LINENUMBER 390 L14
    GOTO L4
   L5
    LINENUMBER 391 L5
    ALOAD 1
    INVOKEVIRTUAL java/lang/Class.getName ()Ljava/lang/String;
    ASTORE 2
   L4
    LINENUMBER 393 L4
    ALOAD 2
    LDC "java.lang."
    INVOKEVIRTUAL java/lang/String.startsWith (Ljava/lang/String;)Z
    IFNE L17
    ALOAD 2
    LDC "java.util."
   L18
    LINENUMBER 394 L18
    INVOKEVIRTUAL java/lang/String.startsWith (Ljava/lang/String;)Z
    IFNE L17
    ALOAD 2
    LDC "java.math."
   L19
    LINENUMBER 395 L19
    INVOKEVIRTUAL java/lang/String.startsWith (Ljava/lang/String;)Z
    IFEQ L20
   L17
    LINENUMBER 396 L17
    ALOAD 2
    LDC "java.lang."
    INVOKEVIRTUAL java/lang/String.length ()I
    INVOKEVIRTUAL java/lang/String.substring (I)Ljava/lang/String;
    ASTORE 2
    GOTO L21
   L20
    LINENUMBER 397 L20
    ALOAD 2
    LDC "org.apache.commons.beanutils.converters."
    INVOKEVIRTUAL java/lang/String.startsWith (Ljava/lang/String;)Z
    IFEQ L21
   L22
    LINENUMBER 398 L22
    ALOAD 2
    LDC "org.apache.commons.beanutils.converters."
    INVOKEVIRTUAL java/lang/String.length ()I
    INVOKEVIRTUAL java/lang/String.substring (I)Ljava/lang/String;
    ASTORE 2
   L21
    LINENUMBER 400 L21
    ALOAD 2
    ARETURN
   L23
    LOCALVARIABLE i I L13 L14 5
    LOCALVARIABLE elementType Ljava/lang/Class; L7 L14 3
    LOCALVARIABLE count I L8 L14 4
    LOCALVARIABLE this Lcom/examples/with/different/packagename/testcarver/AbstractConverter; L0 L23 0
    LOCALVARIABLE type Ljava/lang/Class; L0 L23 1
    LOCALVARIABLE typeName Ljava/lang/String; L1 L23 2
    MAXSTACK = 2
    MAXLOCALS = 6

  // access flags 0x1
  public isUseDefault()Z
    TRYCATCHBLOCK L0 L1 L2 java/lang/Throwable
    ACONST_NULL
    ASTORE 1
   L0
    LDC -2147483612
    ALOAD 0
    LDC "isUseDefault"
    LDC "()Z"
    BIPUSH 0
    ANEWARRAY java/lang/Object
    INVOKESTATIC org/evosuite/testcarver/capture/Capturer.capture (ILjava/lang/Object;Ljava/lang/String;Ljava/lang/String;[Ljava/lang/Object;)V
    ALOAD 0
    INVOKEVIRTUAL com/examples/with/different/packagename/testcarver/AbstractConverter._sw_prototype_original_isUseDefault ()Z
    INVOKESTATIC java/lang/Boolean.valueOf (Z)Ljava/lang/Boolean;
    ASTORE 1
    ALOAD 1
    INVOKEVIRTUAL java/lang/Boolean.booleanValue ()Z
    ISTORE 3
   L1
    LDC -2147483612
    ALOAD 0
    ALOAD 1
    INVOKESTATIC org/evosuite/testcarver/capture/Capturer.enable (ILjava/lang/Object;Ljava/lang/Object;)V
    ILOAD 3
    IRETURN
   L2
   FRAME FULL [com/examples/with/different/packagename/testcarver/AbstractConverter java/lang/Boolean] [java/lang/Throwable]
    ASTORE 2
    LDC -2147483612
    ALOAD 0
    ALOAD 1
    INVOKESTATIC org/evosuite/testcarver/capture/Capturer.enable (ILjava/lang/Object;Ljava/lang/Object;)V
    ALOAD 2
    ATHROW
    MAXSTACK = 5
    MAXLOCALS = 0

  // access flags 0x1
  public convert(Ljava/lang/Class;Ljava/lang/Object;)Ljava/lang/Object;
    TRYCATCHBLOCK L0 L1 L2 java/lang/Throwable
    ACONST_NULL
    ASTORE 3
   L0
    LDC -2147483611
    ALOAD 0
    LDC "convert"
    LDC "(Ljava/lang/Class;Ljava/lang/Object;)Ljava/lang/Object;"
    BIPUSH 2
    ANEWARRAY java/lang/Object
    DUP
    BIPUSH 0
    ALOAD 1
    AASTORE
    DUP
    BIPUSH 1
    ALOAD 2
    AASTORE
    INVOKESTATIC org/evosuite/testcarver/capture/Capturer.capture (ILjava/lang/Object;Ljava/lang/String;Ljava/lang/String;[Ljava/lang/Object;)V
    ALOAD 0
    ALOAD 1
    ALOAD 2
    INVOKEVIRTUAL com/examples/with/different/packagename/testcarver/AbstractConverter._sw_prototype_original_convert (Ljava/lang/Class;Ljava/lang/Object;)Ljava/lang/Object;
    ASTORE 3
    ALOAD 3
    ASTORE 5
   L1
    LDC -2147483611
    ALOAD 0
    ALOAD 3
    INVOKESTATIC org/evosuite/testcarver/capture/Capturer.enable (ILjava/lang/Object;Ljava/lang/Object;)V
    ALOAD 5
    ARETURN
   L2
   FRAME FULL [com/examples/with/different/packagename/testcarver/AbstractConverter java/lang/Object] [java/lang/Throwable]
    ASTORE 4
    LDC -2147483611
    ALOAD 0
    ALOAD 3
    INVOKESTATIC org/evosuite/testcarver/capture/Capturer.enable (ILjava/lang/Object;Ljava/lang/Object;)V
    ALOAD 4
    ATHROW
    MAXSTACK = 8
    MAXLOCALS = 0

  // access flags 0x1
  public toString()Ljava/lang/String;
    TRYCATCHBLOCK L0 L1 L2 java/lang/Throwable
    ACONST_NULL
    ASTORE 1
   L0
    LDC -2147483609
    ALOAD 0
    LDC "toString"
    LDC "()Ljava/lang/String;"
    BIPUSH 0
    ANEWARRAY java/lang/Object
    INVOKESTATIC org/evosuite/testcarver/capture/Capturer.capture (ILjava/lang/Object;Ljava/lang/String;Ljava/lang/String;[Ljava/lang/Object;)V
    ALOAD 0
    INVOKEVIRTUAL com/examples/with/different/packagename/testcarver/AbstractConverter._sw_prototype_original_toString ()Ljava/lang/String;
    ASTORE 1
    ALOAD 1
    ASTORE 3
   L1
    LDC -2147483609
    ALOAD 0
    ALOAD 1
    INVOKESTATIC org/evosuite/testcarver/capture/Capturer.enable (ILjava/lang/Object;Ljava/lang/Object;)V
    ALOAD 3
    ARETURN
   L2
   FRAME FULL [com/examples/with/different/packagename/testcarver/AbstractConverter java/lang/String] [java/lang/Throwable]
    ASTORE 2
    LDC -2147483609
    ALOAD 0
    ALOAD 1
    INVOKESTATIC org/evosuite/testcarver/capture/Capturer.enable (ILjava/lang/Object;Ljava/lang/Object;)V
    ALOAD 2
    ATHROW
    MAXSTACK = 7
    MAXLOCALS = 0
}
INFO  org.evosuite.testcarver.extraction.CarvingClassLoader - Seeing class for first time: com.examples.with.different.packagename.testcarver.Converter
WARN  org.evosuite.testcarver.extraction.CarvingClassLoader - Instrumenting class 'com.examples.with.different.packagename.testcarver.Converter'.
INFO  org.evosuite.testcarver.extraction.CarvingClassLoader - Keeping class: com.examples.with.different.packagename.testcarver.Converter
INFO  org.evosuite.testcarver.extraction.CarvingClassLoader - Keeping class: com.examples.with.different.packagename.testcarver.AbstractConverter
INFO  org.evosuite.testcarver.extraction.CarvingClassLoader - Keeping class: com.examples.with.different.packagename.testcarver.DateTimeConverter
INFO  org.evosuite.testcarver.extraction.CarvingClassLoader - Keeping class: com.examples.with.different.packagename.testcarver.DateConverter
INFO  org.evosuite.testcarver.extraction.CarvingClassLoader - Seeing class for first time: com.examples.with.different.packagename.testcarver.DateConverterTest11
WARN  org.evosuite.testcarver.extraction.CarvingClassLoader - Instrumenting class 'com.examples.with.different.packagename.testcarver.DateConverterTest11'.
INFO  org.evosuite.testcarver.instrument.Instrumenter - Checking package com.examples.with.different.packagename.testcarver for class com/examples/with/different/packagename/testcarver/DateConverterTest11
// class version 52.0 (52)
// access flags 0x21
public class com/examples/with/different/packagename/testcarver/DateConverterTest11 {

  // compiled from: DateConverterTest11.java

  // access flags 0x2
  private _sw_prototype_original_init_sw_prototype_original_()V
    ALOAD 0
    INVOKESTATIC org/evosuite/testcarver/capture/FieldRegistry.register (Ljava/lang/Object;)V
    RETURN
   L0
    LOCALVARIABLE this Lcom/examples/with/different/packagename/testcarver/DateConverterTest11; L1 L0 0
    MAXSTACK = 5
    MAXLOCALS = 1

  // access flags 0x4
  protected makeConverter()Lcom/examples/with/different/packagename/testcarver/DateTimeConverter;
   L0
    LINENUMBER 41 L0
    NEW com/examples/with/different/packagename/testcarver/DateConverter
    DUP
    INVOKESPECIAL com/examples/with/different/packagename/testcarver/DateConverter.<init> ()V
    ARETURN
   L1
    LOCALVARIABLE this Lcom/examples/with/different/packagename/testcarver/DateConverterTest11; L0 L1 0
    MAXSTACK = 2
    MAXLOCALS = 1

  // access flags 0x4
  protected makeConverter(Ljava/lang/Object;)Lcom/examples/with/different/packagename/testcarver/DateTimeConverter;
   L0
    LINENUMBER 51 L0
    NEW com/examples/with/different/packagename/testcarver/DateConverter
    DUP
    ALOAD 1
    INVOKESPECIAL com/examples/with/different/packagename/testcarver/DateConverter.<init> (Ljava/lang/Object;)V
    ARETURN
   L1
    LOCALVARIABLE this Lcom/examples/with/different/packagename/testcarver/DateConverterTest11; L0 L1 0
    LOCALVARIABLE defaultValue Ljava/lang/Object; L0 L1 1
    MAXSTACK = 3
    MAXLOCALS = 2

  // access flags 0x4
  // signature ()Ljava/lang/Class<*>;
  // declaration: java.lang.Class<?> getExpectedType()
  protected getExpectedType()Ljava/lang/Class;
   L0
    LINENUMBER 60 L0
    LDC Ljava/util/Date;.class
    ARETURN
   L1
    LOCALVARIABLE this Lcom/examples/with/different/packagename/testcarver/DateConverterTest11; L0 L1 0
    MAXSTACK = 1
    MAXLOCALS = 1

  // access flags 0x0
  getTimeInMillis(Ljava/lang/Object;)J
   L0
    LINENUMBER 71 L0
    ALOAD 1
    INSTANCEOF java/sql/Timestamp
    IFEQ L1
   L2
    LINENUMBER 76 L2
    ALOAD 1
    CHECKCAST java/sql/Timestamp
    ASTORE 2
   L3
    LINENUMBER 77 L3
    ALOAD 2
    INVOKEVIRTUAL java/sql/Timestamp.getTime ()J
    LDC 1000L
    LDIV
    LDC 1000L
    LMUL
    LSTORE 3
   L4
    LINENUMBER 78 L4
    LLOAD 3
    ALOAD 2
    INVOKEVIRTUAL java/sql/Timestamp.getNanos ()I
    LDC 1000000
    IDIV
    I2L
    LADD
    LSTORE 3
   L5
    LINENUMBER 79 L5
    LLOAD 3
    LRETURN
   L1
    LINENUMBER 82 L1
    ALOAD 1
    INSTANCEOF java/util/Calendar
    IFEQ L6
   L7
    LINENUMBER 83 L7
    ALOAD 1
    CHECKCAST org/evosuite/testcarver/wrapper/java/util/Calendar
    INVOKESTATIC org/evosuite/testcarver/wrapper/java/util/Calendar.getTime (Ljava/util/Calendar;)Ljava/util/Date;
    INVOKEVIRTUAL java/util/Date.getTime ()J
    LRETURN
   L6
    LINENUMBER 85 L6
    ALOAD 1
    CHECKCAST org/evosuite/testcarver/wrapper/java/util/Date
    INVOKEVIRTUAL java/util/Date.getTime ()J
    LRETURN
   L8
    LOCALVARIABLE timestamp Ljava/sql/Timestamp; L3 L1 2
    LOCALVARIABLE timeInMillis J L4 L1 3
    LOCALVARIABLE this Lcom/examples/with/different/packagename/testcarver/DateConverterTest11; L0 L8 0
    LOCALVARIABLE date Ljava/lang/Object; L0 L8 1
    MAXSTACK = 4
    MAXLOCALS = 5

  // access flags 0x0
  validConversion(Lcom/examples/with/different/packagename/testcarver/Converter;Ljava/lang/Object;Ljava/lang/Object;)V
    TRYCATCHBLOCK L0 L1 L2 java/lang/Exception
   L3
    LINENUMBER 98 L3
    ALOAD 3
    IFNONNULL L4
    LDC "null"
    GOTO L5
   L4
    ALOAD 3
    INVOKEVIRTUAL java/lang/Object.getClass ()Ljava/lang/Class;
    INVOKEVIRTUAL java/lang/Class.getName ()Ljava/lang/String;
   L5
    ASTORE 4
   L6
    LINENUMBER 99 L6
    NEW java/lang/StringBuilder
    DUP
    INVOKESPECIAL java/lang/StringBuilder.<init> ()V
    LDC "Converting '"
    INVOKEVIRTUAL java/lang/StringBuilder.append (Ljava/lang/String;)Ljava/lang/StringBuilder;
    ALOAD 4
    INVOKEVIRTUAL java/lang/StringBuilder.append (Ljava/lang/String;)Ljava/lang/StringBuilder;
    LDC "' value '"
    INVOKEVIRTUAL java/lang/StringBuilder.append (Ljava/lang/String;)Ljava/lang/StringBuilder;
    ALOAD 3
    INVOKEVIRTUAL java/lang/StringBuilder.append (Ljava/lang/Object;)Ljava/lang/StringBuilder;
    LDC "'"
    INVOKEVIRTUAL java/lang/StringBuilder.append (Ljava/lang/String;)Ljava/lang/StringBuilder;
    INVOKEVIRTUAL java/lang/StringBuilder.toString ()Ljava/lang/String;
    ASTORE 5
   L0
    LINENUMBER 101 L0
    ALOAD 1
    ALOAD 0
    INVOKEVIRTUAL com/examples/with/different/packagename/testcarver/DateConverterTest11.getExpectedType ()Ljava/lang/Class;
    ALOAD 3
    INVOKEINTERFACE com/examples/with/different/packagename/testcarver/Converter.convert (Ljava/lang/Class;Ljava/lang/Object;)Ljava/lang/Object; (itf)
    ASTORE 6
   L7
    LINENUMBER 102 L7
    ALOAD 6
    IFNONNULL L8
    ACONST_NULL
    GOTO L9
   L8
    ALOAD 6
    INVOKEVIRTUAL java/lang/Object.getClass ()Ljava/lang/Class;
   L9
    ASTORE 7
   L10
    LINENUMBER 103 L10
    ALOAD 2
    IFNONNULL L11
    ACONST_NULL
    GOTO L12
   L11
    ALOAD 2
    INVOKEVIRTUAL java/lang/Object.getClass ()Ljava/lang/Class;
   L12
    ASTORE 8
   L13
    LINENUMBER 104 L13
    NEW java/lang/StringBuilder
    DUP
    INVOKESPECIAL java/lang/StringBuilder.<init> ()V
    LDC "TYPE "
    INVOKEVIRTUAL java/lang/StringBuilder.append (Ljava/lang/String;)Ljava/lang/StringBuilder;
    ALOAD 5
    INVOKEVIRTUAL java/lang/StringBuilder.append (Ljava/lang/String;)Ljava/lang/StringBuilder;
    INVOKEVIRTUAL java/lang/StringBuilder.toString ()Ljava/lang/String;
    ALOAD 8
    ALOAD 7
    INVOKESTATIC org/junit/Assert.assertEquals (Ljava/lang/String;Ljava/lang/Object;Ljava/lang/Object;)V
   L14
    LINENUMBER 105 L14
    NEW java/lang/StringBuilder
    DUP
    INVOKESPECIAL java/lang/StringBuilder.<init> ()V
    LDC "VALUE "
    INVOKEVIRTUAL java/lang/StringBuilder.append (Ljava/lang/String;)Ljava/lang/StringBuilder;
    ALOAD 5
    INVOKEVIRTUAL java/lang/StringBuilder.append (Ljava/lang/String;)Ljava/lang/StringBuilder;
    INVOKEVIRTUAL java/lang/StringBuilder.toString ()Ljava/lang/String;
    ALOAD 2
    ALOAD 6
    INVOKESTATIC org/junit/Assert.assertEquals (Ljava/lang/String;Ljava/lang/Object;Ljava/lang/Object;)V
   L1
    LINENUMBER 108 L1
    GOTO L15
   L2
    LINENUMBER 106 L2
    ASTORE 6
   L16
    LINENUMBER 107 L16
    NEW java/lang/StringBuilder
    DUP
    INVOKESPECIAL java/lang/StringBuilder.<init> ()V
    ALOAD 5
    INVOKEVIRTUAL java/lang/StringBuilder.append (Ljava/lang/String;)Ljava/lang/StringBuilder;
    LDC " threw "
    INVOKEVIRTUAL java/lang/StringBuilder.append (Ljava/lang/String;)Ljava/lang/StringBuilder;
    ALOAD 6
    INVOKEVIRTUAL java/lang/Exception.toString ()Ljava/lang/String;
    INVOKEVIRTUAL java/lang/StringBuilder.append (Ljava/lang/String;)Ljava/lang/StringBuilder;
    INVOKEVIRTUAL java/lang/StringBuilder.toString ()Ljava/lang/String;
    INVOKESTATIC org/junit/Assert.fail (Ljava/lang/String;)V
   L15
    LINENUMBER 109 L15
    RETURN
   L17
    LOCALVARIABLE result Ljava/lang/Object; L7 L1 6
    LOCALVARIABLE resultType Ljava/lang/Class; L10 L1 7
    // signature Ljava/lang/Class<*>;
    // declaration: resultType extends java.lang.Class<?>
    LOCALVARIABLE expectType Ljava/lang/Class; L13 L1 8
    // signature Ljava/lang/Class<*>;
    // declaration: expectType extends java.lang.Class<?>
    LOCALVARIABLE ex Ljava/lang/Exception; L16 L15 6
    LOCALVARIABLE this Lcom/examples/with/different/packagename/testcarver/DateConverterTest11; L3 L17 0
    LOCALVARIABLE converter Lcom/examples/with/different/packagename/testcarver/Converter; L3 L17 1
    LOCALVARIABLE expected Ljava/lang/Object; L3 L17 2
    LOCALVARIABLE value Ljava/lang/Object; L3 L17 3
    LOCALVARIABLE valueType Ljava/lang/String; L6 L17 4
    LOCALVARIABLE msg Ljava/lang/String; L0 L17 5
    MAXSTACK = 3
    MAXLOCALS = 9

  // access flags 0x0
  stringConversion(Lcom/examples/with/different/packagename/testcarver/Converter;Ljava/lang/String;Ljava/lang/Object;)V
    TRYCATCHBLOCK L0 L1 L2 java/lang/Exception
   L3
    LINENUMBER 119 L3
    ALOAD 3
    IFNONNULL L4
    LDC "null"
    GOTO L5
   L4
    ALOAD 3
    INVOKEVIRTUAL java/lang/Object.getClass ()Ljava/lang/Class;
    INVOKEVIRTUAL java/lang/Class.getName ()Ljava/lang/String;
   L5
    ASTORE 4
   L6
    LINENUMBER 120 L6
    NEW java/lang/StringBuilder
    DUP
    INVOKESPECIAL java/lang/StringBuilder.<init> ()V
    LDC "Converting '"
    INVOKEVIRTUAL java/lang/StringBuilder.append (Ljava/lang/String;)Ljava/lang/StringBuilder;
    ALOAD 4
    INVOKEVIRTUAL java/lang/StringBuilder.append (Ljava/lang/String;)Ljava/lang/StringBuilder;
    LDC "' value '"
    INVOKEVIRTUAL java/lang/StringBuilder.append (Ljava/lang/String;)Ljava/lang/StringBuilder;
    ALOAD 3
    INVOKEVIRTUAL java/lang/StringBuilder.append (Ljava/lang/Object;)Ljava/lang/StringBuilder;
    LDC "' to String"
    INVOKEVIRTUAL java/lang/StringBuilder.append (Ljava/lang/String;)Ljava/lang/StringBuilder;
    INVOKEVIRTUAL java/lang/StringBuilder.toString ()Ljava/lang/String;
    ASTORE 5
   L0
    LINENUMBER 122 L0
    ALOAD 1
    LDC Ljava/lang/String;.class
    ALOAD 3
    INVOKEINTERFACE com/examples/with/different/packagename/testcarver/Converter.convert (Ljava/lang/Class;Ljava/lang/Object;)Ljava/lang/Object; (itf)
    ASTORE 6
   L7
    LINENUMBER 123 L7
    ALOAD 6
    IFNONNULL L8
    ACONST_NULL
    GOTO L9
   L8
    ALOAD 6
    INVOKEVIRTUAL java/lang/Object.getClass ()Ljava/lang/Class;
   L9
    ASTORE 7
   L10
    LINENUMBER 124 L10
    ALOAD 2
    IFNONNULL L11
    ACONST_NULL
    GOTO L12
   L11
    ALOAD 2
    INVOKEVIRTUAL java/lang/Object.getClass ()Ljava/lang/Class;
   L12
    ASTORE 8
   L13
    LINENUMBER 125 L13
    NEW java/lang/StringBuilder
    DUP
    INVOKESPECIAL java/lang/StringBuilder.<init> ()V
    LDC "TYPE "
    INVOKEVIRTUAL java/lang/StringBuilder.append (Ljava/lang/String;)Ljava/lang/StringBuilder;
    ALOAD 5
    INVOKEVIRTUAL java/lang/StringBuilder.append (Ljava/lang/String;)Ljava/lang/StringBuilder;
    INVOKEVIRTUAL java/lang/StringBuilder.toString ()Ljava/lang/String;
    ALOAD 8
    ALOAD 7
    INVOKESTATIC org/junit/Assert.assertEquals (Ljava/lang/String;Ljava/lang/Object;Ljava/lang/Object;)V
   L14
    LINENUMBER 126 L14
    NEW java/lang/StringBuilder
    DUP
    INVOKESPECIAL java/lang/StringBuilder.<init> ()V
    LDC "VALUE "
    INVOKEVIRTUAL java/lang/StringBuilder.append (Ljava/lang/String;)Ljava/lang/StringBuilder;
    ALOAD 5
    INVOKEVIRTUAL java/lang/StringBuilder.append (Ljava/lang/String;)Ljava/lang/StringBuilder;
    INVOKEVIRTUAL java/lang/StringBuilder.toString ()Ljava/lang/String;
    ALOAD 2
    ALOAD 6
    INVOKESTATIC org/junit/Assert.assertEquals (Ljava/lang/String;Ljava/lang/Object;Ljava/lang/Object;)V
   L1
    LINENUMBER 129 L1
    GOTO L15
   L2
    LINENUMBER 127 L2
    ASTORE 6
   L16
    LINENUMBER 128 L16
    NEW java/lang/StringBuilder
    DUP
    INVOKESPECIAL java/lang/StringBuilder.<init> ()V
    ALOAD 5
    INVOKEVIRTUAL java/lang/StringBuilder.append (Ljava/lang/String;)Ljava/lang/StringBuilder;
    LDC " threw "
    INVOKEVIRTUAL java/lang/StringBuilder.append (Ljava/lang/String;)Ljava/lang/StringBuilder;
    ALOAD 6
    INVOKEVIRTUAL java/lang/Exception.toString ()Ljava/lang/String;
    INVOKEVIRTUAL java/lang/StringBuilder.append (Ljava/lang/String;)Ljava/lang/StringBuilder;
    INVOKEVIRTUAL java/lang/StringBuilder.toString ()Ljava/lang/String;
    INVOKESTATIC org/junit/Assert.fail (Ljava/lang/String;)V
   L15
    LINENUMBER 130 L15
    RETURN
   L17
    LOCALVARIABLE result Ljava/lang/Object; L7 L1 6
    LOCALVARIABLE resultType Ljava/lang/Class; L10 L1 7
    // signature Ljava/lang/Class<*>;
    // declaration: resultType extends java.lang.Class<?>
    LOCALVARIABLE expectType Ljava/lang/Class; L13 L1 8
    // signature Ljava/lang/Class<*>;
    // declaration: expectType extends java.lang.Class<?>
    LOCALVARIABLE ex Ljava/lang/Exception; L16 L15 6
    LOCALVARIABLE this Lcom/examples/with/different/packagename/testcarver/DateConverterTest11; L3 L17 0
    LOCALVARIABLE converter Lcom/examples/with/different/packagename/testcarver/Converter; L3 L17 1
    LOCALVARIABLE expected Ljava/lang/String; L3 L17 2
    LOCALVARIABLE value Ljava/lang/Object; L3 L17 3
    LOCALVARIABLE valueType Ljava/lang/String; L6 L17 4
    LOCALVARIABLE msg Ljava/lang/String; L0 L17 5
    MAXSTACK = 3
    MAXLOCALS = 9

  // access flags 0x0
  invalidConversion(Lcom/examples/with/different/packagename/testcarver/Converter;Ljava/lang/Object;)V
    TRYCATCHBLOCK L0 L1 L2 com/examples/with/different/packagename/testcarver/ConversionException
   L3
    LINENUMBER 139 L3
    ALOAD 2
    IFNONNULL L4
    LDC "null"
    GOTO L5
   L4
    ALOAD 2
    INVOKEVIRTUAL java/lang/Object.getClass ()Ljava/lang/Class;
    INVOKEVIRTUAL java/lang/Class.getName ()Ljava/lang/String;
   L5
    ASTORE 3
   L6
    LINENUMBER 140 L6
    NEW java/lang/StringBuilder
    DUP
    INVOKESPECIAL java/lang/StringBuilder.<init> ()V
    LDC "Converting '"
    INVOKEVIRTUAL java/lang/StringBuilder.append (Ljava/lang/String;)Ljava/lang/StringBuilder;
    ALOAD 3
    INVOKEVIRTUAL java/lang/StringBuilder.append (Ljava/lang/String;)Ljava/lang/StringBuilder;
    LDC "' value '"
    INVOKEVIRTUAL java/lang/StringBuilder.append (Ljava/lang/String;)Ljava/lang/StringBuilder;
    ALOAD 2
    INVOKEVIRTUAL java/lang/StringBuilder.append (Ljava/lang/Object;)Ljava/lang/StringBuilder;
    LDC "'"
    INVOKEVIRTUAL java/lang/StringBuilder.append (Ljava/lang/String;)Ljava/lang/StringBuilder;
    INVOKEVIRTUAL java/lang/StringBuilder.toString ()Ljava/lang/String;
    ASTORE 4
   L0
    LINENUMBER 142 L0
    ALOAD 1
    ALOAD 0
    INVOKEVIRTUAL com/examples/with/different/packagename/testcarver/DateConverterTest11.getExpectedType ()Ljava/lang/Class;
    ALOAD 2
    INVOKEINTERFACE com/examples/with/different/packagename/testcarver/Converter.convert (Ljava/lang/Class;Ljava/lang/Object;)Ljava/lang/Object; (itf)
    ASTORE 5
   L7
    LINENUMBER 143 L7
    NEW java/lang/StringBuilder
    DUP
    INVOKESPECIAL java/lang/StringBuilder.<init> ()V
    ALOAD 4
    INVOKEVIRTUAL java/lang/StringBuilder.append (Ljava/lang/String;)Ljava/lang/StringBuilder;
    LDC ", expected ConversionException, but result = '"
    INVOKEVIRTUAL java/lang/StringBuilder.append (Ljava/lang/String;)Ljava/lang/StringBuilder;
    ALOAD 5
    INVOKEVIRTUAL java/lang/StringBuilder.append (Ljava/lang/Object;)Ljava/lang/StringBuilder;
    LDC "'"
    INVOKEVIRTUAL java/lang/StringBuilder.append (Ljava/lang/String;)Ljava/lang/StringBuilder;
    INVOKEVIRTUAL java/lang/StringBuilder.toString ()Ljava/lang/String;
    INVOKESTATIC org/junit/Assert.fail (Ljava/lang/String;)V
   L1
    LINENUMBER 146 L1
    GOTO L8
   L2
    LINENUMBER 144 L2
    ASTORE 5
   L8
    LINENUMBER 147 L8
    RETURN
   L9
    LOCALVARIABLE result Ljava/lang/Object; L7 L1 5
    LOCALVARIABLE this Lcom/examples/with/different/packagename/testcarver/DateConverterTest11; L3 L9 0
    LOCALVARIABLE converter Lcom/examples/with/different/packagename/testcarver/Converter; L3 L9 1
    LOCALVARIABLE value Ljava/lang/Object; L3 L9 2
    LOCALVARIABLE valueType Ljava/lang/String; L6 L9 3
    LOCALVARIABLE msg Ljava/lang/String; L0 L9 4
    MAXSTACK = 3
    MAXLOCALS = 6

  // access flags 0x0
  toType(Ljava/lang/String;Ljava/lang/String;Ljava/util/Locale;)Ljava/lang/Object;
   L0
    LINENUMBER 158 L0
    ALOAD 0
    ALOAD 1
    ALOAD 2
    ALOAD 3
    INVOKEVIRTUAL com/examples/with/different/packagename/testcarver/DateConverterTest11.toCalendar (Ljava/lang/String;Ljava/lang/String;Ljava/util/Locale;)Ljava/util/Calendar;
    ASTORE 4
   L1
    LINENUMBER 159 L1
    ALOAD 0
    ALOAD 4
    INVOKEVIRTUAL com/examples/with/different/packagename/testcarver/DateConverterTest11.toType (Ljava/util/Calendar;)Ljava/lang/Object;
    ARETURN
   L2
    LOCALVARIABLE this Lcom/examples/with/different/packagename/testcarver/DateConverterTest11; L0 L2 0
    LOCALVARIABLE value Ljava/lang/String; L0 L2 1
    LOCALVARIABLE pattern Ljava/lang/String; L0 L2 2
    LOCALVARIABLE locale Ljava/util/Locale; L0 L2 3
    LOCALVARIABLE calendar Ljava/util/Calendar; L1 L2 4
    MAXSTACK = 4
    MAXLOCALS = 5

  // access flags 0x0
  toCalendar(Ljava/lang/String;Ljava/lang/String;Ljava/util/Locale;)Ljava/util/Calendar;
    TRYCATCHBLOCK L0 L1 L2 java/lang/Exception
   L3
    LINENUMBER 171 L3
    ACONST_NULL
    ASTORE 4
   L0
    LINENUMBER 173 L0
    ALOAD 3
    IFNONNULL L4
   L5
    LINENUMBER 174 L5
    NEW org/evosuite/testcarver/wrapper/java/text/SimpleDateFormat
    DUP
    ALOAD 2
    INVOKESPECIAL org/evosuite/testcarver/wrapper/java/text/SimpleDateFormat.<init> (Ljava/lang/String;)V
    GOTO L6
   L4
    LINENUMBER 175 L4
    NEW org/evosuite/testcarver/wrapper/java/text/SimpleDateFormat
    DUP
    ALOAD 2
    ALOAD 3
    INVOKESPECIAL org/evosuite/testcarver/wrapper/java/text/SimpleDateFormat.<init> (Ljava/lang/String;Ljava/util/Locale;)V
   L6
    ASTORE 5
   L7
    LINENUMBER 176 L7
    ALOAD 5
    ICONST_0
    INVOKEVIRTUAL java/text/DateFormat.setLenient (Z)V
   L8
    LINENUMBER 177 L8
    ALOAD 5
    ALOAD 1
    INVOKEVIRTUAL java/text/DateFormat.parse (Ljava/lang/String;)Ljava/util/Date;
    POP
   L9
    LINENUMBER 178 L9
    ALOAD 5
    INVOKEVIRTUAL java/text/DateFormat.getCalendar ()Ljava/util/Calendar;
    ASTORE 4
   L1
    LINENUMBER 182 L1
    GOTO L10
   L2
    LINENUMBER 179 L2
    ASTORE 5
   L11
    LINENUMBER 180 L11
    NEW java/lang/StringBuilder
    DUP
    INVOKESPECIAL java/lang/StringBuilder.<init> ()V
    LDC "Error creating Calendar value ='"
    INVOKEVIRTUAL java/lang/StringBuilder.append (Ljava/lang/String;)Ljava/lang/StringBuilder;
    ALOAD 1
    INVOKEVIRTUAL java/lang/StringBuilder.append (Ljava/lang/String;)Ljava/lang/StringBuilder;
    LDC ", pattern='"
    INVOKEVIRTUAL java/lang/StringBuilder.append (Ljava/lang/String;)Ljava/lang/StringBuilder;
    ALOAD 2
    INVOKEVIRTUAL java/lang/StringBuilder.append (Ljava/lang/String;)Ljava/lang/StringBuilder;
    LDC "' "
    INVOKEVIRTUAL java/lang/StringBuilder.append (Ljava/lang/String;)Ljava/lang/StringBuilder;
    ALOAD 5
   L12
    LINENUMBER 181 L12
    INVOKEVIRTUAL java/lang/Exception.toString ()Ljava/lang/String;
    INVOKEVIRTUAL java/lang/StringBuilder.append (Ljava/lang/String;)Ljava/lang/StringBuilder;
    INVOKEVIRTUAL java/lang/StringBuilder.toString ()Ljava/lang/String;
   L13
    LINENUMBER 180 L13
    INVOKESTATIC org/junit/Assert.fail (Ljava/lang/String;)V
   L10
    LINENUMBER 183 L10
    ALOAD 4
    ARETURN
   L14
    LOCALVARIABLE format Ljava/text/DateFormat; L7 L1 5
    LOCALVARIABLE e Ljava/lang/Exception; L11 L10 5
    LOCALVARIABLE this Lcom/examples/with/different/packagename/testcarver/DateConverterTest11; L3 L14 0
    LOCALVARIABLE value Ljava/lang/String; L3 L14 1
    LOCALVARIABLE pattern Ljava/lang/String; L3 L14 2
    LOCALVARIABLE locale Ljava/util/Locale; L3 L14 3
    LOCALVARIABLE calendar Ljava/util/Calendar; L0 L14 4
    MAXSTACK = 4
    MAXLOCALS = 6

  // access flags 0x0
  toDate(Ljava/util/Calendar;)Ljava/util/Date;
   L0
    LINENUMBER 193 L0
    ALOAD 1
    INVOKESTATIC org/evosuite/testcarver/wrapper/java/util/Calendar.getTime (Ljava/util/Calendar;)Ljava/util/Date;
    ARETURN
   L1
    LOCALVARIABLE this Lcom/examples/with/different/packagename/testcarver/DateConverterTest11; L0 L1 0
    LOCALVARIABLE calendar Ljava/util/Calendar; L0 L1 1
    MAXSTACK = 1
    MAXLOCALS = 2

  // access flags 0x0
  toSqlDate(Ljava/util/Calendar;)Ljava/sql/Date;
   L0
    LINENUMBER 203 L0
    NEW java/sql/Date
    DUP
    ALOAD 0
    ALOAD 1
    INVOKEVIRTUAL com/examples/with/different/packagename/testcarver/DateConverterTest11.getTimeInMillis (Ljava/lang/Object;)J
    INVOKESPECIAL java/sql/Date.<init> (J)V
    ARETURN
   L1
    LOCALVARIABLE this Lcom/examples/with/different/packagename/testcarver/DateConverterTest11; L0 L1 0
    LOCALVARIABLE calendar Ljava/util/Calendar; L0 L1 1
    MAXSTACK = 4
    MAXLOCALS = 2

  // access flags 0x0
  toSqlTime(Ljava/util/Calendar;)Ljava/sql/Time;
   L0
    LINENUMBER 213 L0
    NEW java/sql/Time
    DUP
    ALOAD 0
    ALOAD 1
    INVOKEVIRTUAL com/examples/with/different/packagename/testcarver/DateConverterTest11.getTimeInMillis (Ljava/lang/Object;)J
    INVOKESPECIAL java/sql/Time.<init> (J)V
    ARETURN
   L1
    LOCALVARIABLE this Lcom/examples/with/different/packagename/testcarver/DateConverterTest11; L0 L1 0
    LOCALVARIABLE calendar Ljava/util/Calendar; L0 L1 1
    MAXSTACK = 4
    MAXLOCALS = 2

  // access flags 0x0
  toSqlTimestamp(Ljava/util/Calendar;)Ljava/sql/Timestamp;
   L0
    LINENUMBER 223 L0
    NEW java/sql/Timestamp
    DUP
    ALOAD 0
    ALOAD 1
    INVOKEVIRTUAL com/examples/with/different/packagename/testcarver/DateConverterTest11.getTimeInMillis (Ljava/lang/Object;)J
    INVOKESPECIAL java/sql/Timestamp.<init> (J)V
    ARETURN
   L1
    LOCALVARIABLE this Lcom/examples/with/different/packagename/testcarver/DateConverterTest11; L0 L1 0
    LOCALVARIABLE calendar Ljava/util/Calendar; L0 L1 1
    MAXSTACK = 4
    MAXLOCALS = 2

  // access flags 0x4
  protected toType(Ljava/util/Calendar;)Ljava/lang/Object;
   L0
    LINENUMBER 233 L0
    ALOAD 1
    INVOKESTATIC org/evosuite/testcarver/wrapper/java/util/Calendar.getTime (Ljava/util/Calendar;)Ljava/util/Date;
    ARETURN
   L1
    LOCALVARIABLE this Lcom/examples/with/different/packagename/testcarver/DateConverterTest11; L0 L1 0
    LOCALVARIABLE value Ljava/util/Calendar; L0 L1 1
    MAXSTACK = 1
    MAXLOCALS = 2

  // access flags 0x2
  private _sw_prototype_original_testInvalidType()V
    TRYCATCHBLOCK L0 L1 L2 com/examples/with/different/packagename/testcarver/ConversionException
   L3
    LINENUMBER 243 L3
    ALOAD 0
    INVOKEVIRTUAL com/examples/with/different/packagename/testcarver/DateConverterTest11.makeConverter ()Lcom/examples/with/different/packagename/testcarver/DateTimeConverter;
    ASTORE 1
   L0
    LINENUMBER 247 L0
    ALOAD 1
    LDC Ljava/lang/Character;.class
    NEW org/evosuite/testcarver/wrapper/java/util/Date
    DUP
    INVOKESPECIAL org/evosuite/testcarver/wrapper/java/util/Date.<init> ()V
    INVOKEVIRTUAL com/examples/with/different/packagename/testcarver/DateTimeConverter.convert (Ljava/lang/Class;Ljava/lang/Object;)Ljava/lang/Object;
    POP
   L4
    LINENUMBER 248 L4
    LDC "Requested Character.class conversion, expected ConversionException"
    INVOKESTATIC org/junit/Assert.fail (Ljava/lang/String;)V
   L1
    LINENUMBER 251 L1
    GOTO L5
   L2
    LINENUMBER 249 L2
    ASTORE 2
   L5
    LINENUMBER 252 L5
    RETURN
   L6
    LOCALVARIABLE this Lcom/examples/with/different/packagename/testcarver/DateConverterTest11; L3 L6 0
    LOCALVARIABLE converter Lcom/examples/with/different/packagename/testcarver/DateTimeConverter; L0 L6 1
    MAXSTACK = 8
    MAXLOCALS = 3

  // access flags 0x1
  public <init>()V
    TRYCATCHBLOCK L0 L1 L1 java/lang/Throwable
   L2
    LINENUMBER 33 L2
    ALOAD 0
    INVOKESPECIAL java/lang/Object.<init> ()V
   L0
    LDC -2147483608
    ALOAD 0
    LDC "<init>"
    LDC "()V"
    BIPUSH 0
    ANEWARRAY java/lang/Object
    INVOKESTATIC org/evosuite/testcarver/capture/Capturer.capture (ILjava/lang/Object;Ljava/lang/String;Ljava/lang/String;[Ljava/lang/Object;)V
    ALOAD 0
    INVOKEVIRTUAL com/examples/with/different/packagename/testcarver/DateConverterTest11._sw_prototype_original_init_sw_prototype_original_ ()V
    GOTO L3
   L1
   FRAME SAME1 java/lang/Throwable
    ASTORE 1
    LDC -2147483608
    ALOAD 0
    GETSTATIC org/evosuite/testcarver/capture/CaptureLog.RETURN_TYPE_VOID : Ljava/lang/Object;
    INVOKESTATIC org/evosuite/testcarver/capture/Capturer.enable (ILjava/lang/Object;Ljava/lang/Object;)V
    ALOAD 1
    ATHROW
   L3
   FRAME SAME
    LDC -2147483608
    ALOAD 0
    GETSTATIC org/evosuite/testcarver/capture/CaptureLog.RETURN_TYPE_VOID : Ljava/lang/Object;
    INVOKESTATIC org/evosuite/testcarver/capture/Capturer.enable (ILjava/lang/Object;Ljava/lang/Object;)V
    RETURN
    MAXSTACK = 5
    MAXLOCALS = 0

  // access flags 0x1
  public testInvalidType()V
  @Lorg/junit/Test;()
    TRYCATCHBLOCK L0 L1 L1 java/lang/Throwable
   L0
    LDC -2147483607
    ALOAD 0
    LDC "testInvalidType"
    LDC "()V"
    BIPUSH 0
    ANEWARRAY java/lang/Object
    INVOKESTATIC org/evosuite/testcarver/capture/Capturer.capture (ILjava/lang/Object;Ljava/lang/String;Ljava/lang/String;[Ljava/lang/Object;)V
    ALOAD 0
    INVOKEVIRTUAL com/examples/with/different/packagename/testcarver/DateConverterTest11._sw_prototype_original_testInvalidType ()V
    GOTO L2
   L1
   FRAME SAME1 java/lang/Throwable
    ASTORE 1
    LDC -2147483607
    ALOAD 0
    GETSTATIC org/evosuite/testcarver/capture/CaptureLog.RETURN_TYPE_VOID : Ljava/lang/Object;
    INVOKESTATIC org/evosuite/testcarver/capture/Capturer.enable (ILjava/lang/Object;Ljava/lang/Object;)V
    ALOAD 1
    ATHROW
   L2
   FRAME SAME
    LDC -2147483607
    ALOAD 0
    GETSTATIC org/evosuite/testcarver/capture/CaptureLog.RETURN_TYPE_VOID : Ljava/lang/Object;
    INVOKESTATIC org/evosuite/testcarver/capture/Capturer.enable (ILjava/lang/Object;Ljava/lang/Object;)V
    RETURN
    MAXSTACK = 8
    MAXLOCALS = 0
}
INFO  org.evosuite.testcarver.extraction.CarvingClassLoader - Keeping class: com.examples.with.different.packagename.testcarver.DateConverterTest11
INFO  org.evosuite.testcarver.extraction.CarvingClassLoader - Seeing class for first time: com.examples.with.different.packagename.testcarver.ConversionException
WARN  org.evosuite.testcarver.extraction.CarvingClassLoader - Instrumenting class 'com.examples.with.different.packagename.testcarver.ConversionException'.
INFO  org.evosuite.testcarver.instrument.Instrumenter - Checking package com.examples.with.different.packagename.testcarver for class com/examples/with/different/packagename/testcarver/ConversionException
// class version 52.0 (52)
// access flags 0x21
public class com/examples/with/different/packagename/testcarver/ConversionException extends java/lang/RuntimeException {

  // compiled from: ConversionException.java

  // access flags 0x1A
  private final static J serialVersionUID = -3264207363344909775L

  // access flags 0x4
  protected Ljava/lang/Throwable; cause

  // access flags 0x2
  private _sw_prototype_original_init_sw_prototype_original_(Ljava/lang/String;)V
    ALOAD 0
    INVOKESTATIC org/evosuite/testcarver/capture/FieldRegistry.register (Ljava/lang/Object;)V
   L0
    LINENUMBER 85 L0
    ALOAD 0
    ACONST_NULL
    DUP2
    PUTFIELD com/examples/with/different/packagename/testcarver/ConversionException.cause : Ljava/lang/Throwable;
    POP
    LDC -2147483606
    LDC "com/examples/with/different/packagename/testcarver/ConversionException"
    LDC "cause"
    LDC "Ljava/lang/Throwable;"
    INVOKESTATIC org/evosuite/testcarver/capture/FieldRegistry.notifyModification (Ljava/lang/Object;ILjava/lang/String;Ljava/lang/String;Ljava/lang/String;)V
   L1
    LINENUMBER 48 L1
    RETURN
   L2
    LOCALVARIABLE this Lcom/examples/with/different/packagename/testcarver/ConversionException; L3 L2 0
    LOCALVARIABLE message Ljava/lang/String; L3 L2 1
    MAXSTACK = 6
    MAXLOCALS = 2

  // access flags 0x2
  private _sw_prototype_original_init_sw_prototype_original_(Ljava/lang/String;Ljava/lang/Throwable;)V
    ALOAD 0
    INVOKESTATIC org/evosuite/testcarver/capture/FieldRegistry.register (Ljava/lang/Object;)V
   L0
    LINENUMBER 85 L0
    ALOAD 0
    ACONST_NULL
    DUP2
    PUTFIELD com/examples/with/different/packagename/testcarver/ConversionException.cause : Ljava/lang/Throwable;
    POP
    LDC -2147483603
    LDC "com/examples/with/different/packagename/testcarver/ConversionException"
    LDC "cause"
    LDC "Ljava/lang/Throwable;"
    INVOKESTATIC org/evosuite/testcarver/capture/FieldRegistry.notifyModification (Ljava/lang/Object;ILjava/lang/String;Ljava/lang/String;Ljava/lang/String;)V
   L1
    LINENUMBER 60 L1
    ALOAD 0
    ALOAD 2
    DUP2
    PUTFIELD com/examples/with/different/packagename/testcarver/ConversionException.cause : Ljava/lang/Throwable;
    POP
    LDC -2147483601
    LDC "com/examples/with/different/packagename/testcarver/ConversionException"
    LDC "cause"
    LDC "Ljava/lang/Throwable;"
    INVOKESTATIC org/evosuite/testcarver/capture/FieldRegistry.notifyModification (Ljava/lang/Object;ILjava/lang/String;Ljava/lang/String;Ljava/lang/String;)V
   L2
    LINENUMBER 62 L2
    RETURN
   L3
    LOCALVARIABLE this Lcom/examples/with/different/packagename/testcarver/ConversionException; L4 L3 0
    LOCALVARIABLE message Ljava/lang/String; L4 L3 1
    LOCALVARIABLE cause Ljava/lang/Throwable; L4 L3 2
    MAXSTACK = 6
    MAXLOCALS = 3

  // access flags 0x2
  private _sw_prototype_original_init_sw_prototype_original_(Ljava/lang/Throwable;)V
    ALOAD 0
    INVOKESTATIC org/evosuite/testcarver/capture/FieldRegistry.register (Ljava/lang/Object;)V
   L0
    LINENUMBER 85 L0
    ALOAD 0
    ACONST_NULL
    DUP2
    PUTFIELD com/examples/with/different/packagename/testcarver/ConversionException.cause : Ljava/lang/Throwable;
    POP
    LDC -2147483598
    LDC "com/examples/with/different/packagename/testcarver/ConversionException"
    LDC "cause"
    LDC "Ljava/lang/Throwable;"
    INVOKESTATIC org/evosuite/testcarver/capture/FieldRegistry.notifyModification (Ljava/lang/Object;ILjava/lang/String;Ljava/lang/String;Ljava/lang/String;)V
   L1
    LINENUMBER 73 L1
    ALOAD 0
    ALOAD 1
    DUP2
    PUTFIELD com/examples/with/different/packagename/testcarver/ConversionException.cause : Ljava/lang/Throwable;
    POP
    LDC -2147483596
    LDC "com/examples/with/different/packagename/testcarver/ConversionException"
    LDC "cause"
    LDC "Ljava/lang/Throwable;"
    INVOKESTATIC org/evosuite/testcarver/capture/FieldRegistry.notifyModification (Ljava/lang/Object;ILjava/lang/String;Ljava/lang/String;Ljava/lang/String;)V
   L2
    LINENUMBER 75 L2
    RETURN
   L3
    LOCALVARIABLE this Lcom/examples/with/different/packagename/testcarver/ConversionException; L4 L3 0
    LOCALVARIABLE cause Ljava/lang/Throwable; L4 L3 1
    MAXSTACK = 6
    MAXLOCALS = 2

  // access flags 0x2
  private _sw_prototype_original_getCause()Ljava/lang/Throwable;
   L0
    LINENUMBER 93 L0
    ALOAD 0
    DUP
    GETFIELD com/examples/with/different/packagename/testcarver/ConversionException.cause : Ljava/lang/Throwable;
    SWAP
    LDC -2147483593
    LDC "com/examples/with/different/packagename/testcarver/ConversionException"
    LDC "cause"
    LDC "Ljava/lang/Throwable;"
    INVOKESTATIC org/evosuite/testcarver/capture/FieldRegistry.notifyReadAccess (Ljava/lang/Object;ILjava/lang/String;Ljava/lang/String;Ljava/lang/String;)V
    ARETURN
   L1
    LOCALVARIABLE this Lcom/examples/with/different/packagename/testcarver/ConversionException; L0 L1 0
    MAXSTACK = 5
    MAXLOCALS = 1

  // access flags 0x1
  public <init>(Ljava/lang/String;)V
    TRYCATCHBLOCK L0 L1 L1 java/lang/Throwable
   L2
    LINENUMBER 46 L2
    ALOAD 0
    ALOAD 1
    INVOKESPECIAL java/lang/RuntimeException.<init> (Ljava/lang/String;)V
   L0
    LDC -2147483604
    ALOAD 0
    LDC "<init>"
    LDC "(Ljava/lang/String;)V"
    BIPUSH 1
    ANEWARRAY java/lang/Object
    DUP
    BIPUSH 0
    ALOAD 1
    AASTORE
    INVOKESTATIC org/evosuite/testcarver/capture/Capturer.capture (ILjava/lang/Object;Ljava/lang/String;Ljava/lang/String;[Ljava/lang/Object;)V
    ALOAD 0
    ALOAD 1
    INVOKEVIRTUAL com/examples/with/different/packagename/testcarver/ConversionException._sw_prototype_original_init_sw_prototype_original_ (Ljava/lang/String;)V
    GOTO L3
   L1
   FRAME SAME1 java/lang/Throwable
    ASTORE 2
    LDC -2147483604
    ALOAD 0
    GETSTATIC org/evosuite/testcarver/capture/CaptureLog.RETURN_TYPE_VOID : Ljava/lang/Object;
    INVOKESTATIC org/evosuite/testcarver/capture/Capturer.enable (ILjava/lang/Object;Ljava/lang/Object;)V
    ALOAD 2
    ATHROW
   L3
   FRAME SAME
    LDC -2147483604
    ALOAD 0
    GETSTATIC org/evosuite/testcarver/capture/CaptureLog.RETURN_TYPE_VOID : Ljava/lang/Object;
    INVOKESTATIC org/evosuite/testcarver/capture/Capturer.enable (ILjava/lang/Object;Ljava/lang/Object;)V
    RETURN
    MAXSTACK = 6
    MAXLOCALS = 0

  // access flags 0x1
  public <init>(Ljava/lang/String;Ljava/lang/Throwable;)V
    TRYCATCHBLOCK L0 L1 L1 java/lang/Throwable
   L2
    LINENUMBER 59 L2
    ALOAD 0
    ALOAD 1
    INVOKESPECIAL java/lang/RuntimeException.<init> (Ljava/lang/String;)V
   L0
    LDC -2147483599
    ALOAD 0
    LDC "<init>"
    LDC "(Ljava/lang/String;Ljava/lang/Throwable;)V"
    BIPUSH 2
    ANEWARRAY java/lang/Object
    DUP
    BIPUSH 0
    ALOAD 1
    AASTORE
    DUP
    BIPUSH 1
    ALOAD 2
    AASTORE
    INVOKESTATIC org/evosuite/testcarver/capture/Capturer.capture (ILjava/lang/Object;Ljava/lang/String;Ljava/lang/String;[Ljava/lang/Object;)V
    ALOAD 0
    ALOAD 1
    ALOAD 2
    INVOKEVIRTUAL com/examples/with/different/packagename/testcarver/ConversionException._sw_prototype_original_init_sw_prototype_original_ (Ljava/lang/String;Ljava/lang/Throwable;)V
    GOTO L3
   L1
   FRAME SAME1 java/lang/Throwable
    ASTORE 3
    LDC -2147483599
    ALOAD 0
    GETSTATIC org/evosuite/testcarver/capture/CaptureLog.RETURN_TYPE_VOID : Ljava/lang/Object;
    INVOKESTATIC org/evosuite/testcarver/capture/Capturer.enable (ILjava/lang/Object;Ljava/lang/Object;)V
    ALOAD 3
    ATHROW
   L3
   FRAME SAME
    LDC -2147483599
    ALOAD 0
    GETSTATIC org/evosuite/testcarver/capture/CaptureLog.RETURN_TYPE_VOID : Ljava/lang/Object;
    INVOKESTATIC org/evosuite/testcarver/capture/Capturer.enable (ILjava/lang/Object;Ljava/lang/Object;)V
    RETURN
    MAXSTACK = 6
    MAXLOCALS = 0

  // access flags 0x1
  public <init>(Ljava/lang/Throwable;)V
    TRYCATCHBLOCK L0 L1 L1 java/lang/Throwable
   L2
    LINENUMBER 72 L2
    ALOAD 0
    ALOAD 1
    INVOKEVIRTUAL java/lang/Throwable.getMessage ()Ljava/lang/String;
    INVOKESPECIAL java/lang/RuntimeException.<init> (Ljava/lang/String;)V
   L0
    LDC -2147483594
    ALOAD 0
    LDC "<init>"
    LDC "(Ljava/lang/Throwable;)V"
    BIPUSH 1
    ANEWARRAY java/lang/Object
    DUP
    BIPUSH 0
    ALOAD 1
    AASTORE
    INVOKESTATIC org/evosuite/testcarver/capture/Capturer.capture (ILjava/lang/Object;Ljava/lang/String;Ljava/lang/String;[Ljava/lang/Object;)V
    ALOAD 0
    ALOAD 1
    INVOKEVIRTUAL com/examples/with/different/packagename/testcarver/ConversionException._sw_prototype_original_init_sw_prototype_original_ (Ljava/lang/Throwable;)V
    GOTO L3
   L1
   FRAME SAME1 java/lang/Throwable
    ASTORE 2
    LDC -2147483594
    ALOAD 0
    GETSTATIC org/evosuite/testcarver/capture/CaptureLog.RETURN_TYPE_VOID : Ljava/lang/Object;
    INVOKESTATIC org/evosuite/testcarver/capture/Capturer.enable (ILjava/lang/Object;Ljava/lang/Object;)V
    ALOAD 2
    ATHROW
   L3
   FRAME SAME
    LDC -2147483594
    ALOAD 0
    GETSTATIC org/evosuite/testcarver/capture/CaptureLog.RETURN_TYPE_VOID : Ljava/lang/Object;
    INVOKESTATIC org/evosuite/testcarver/capture/Capturer.enable (ILjava/lang/Object;Ljava/lang/Object;)V
    RETURN
    MAXSTACK = 6
    MAXLOCALS = 0

  // access flags 0x1
  public getCause()Ljava/lang/Throwable;
    TRYCATCHBLOCK L0 L1 L2 java/lang/Throwable
    ACONST_NULL
    ASTORE 1
   L0
    LDC -2147483592
    ALOAD 0
    LDC "getCause"
    LDC "()Ljava/lang/Throwable;"
    BIPUSH 0
    ANEWARRAY java/lang/Object
    INVOKESTATIC org/evosuite/testcarver/capture/Capturer.capture (ILjava/lang/Object;Ljava/lang/String;Ljava/lang/String;[Ljava/lang/Object;)V
    ALOAD 0
    INVOKEVIRTUAL com/examples/with/different/packagename/testcarver/ConversionException._sw_prototype_original_getCause ()Ljava/lang/Throwable;
    ASTORE 1
    ALOAD 1
    ASTORE 3
   L1
    LDC -2147483592
    ALOAD 0
    ALOAD 1
    INVOKESTATIC org/evosuite/testcarver/capture/Capturer.enable (ILjava/lang/Object;Ljava/lang/Object;)V
    ALOAD 3
    ARETURN
   L2
   FRAME FULL [com/examples/with/different/packagename/testcarver/ConversionException java/lang/Throwable] [java/lang/Throwable]
    ASTORE 2
    LDC -2147483592
    ALOAD 0
    ALOAD 1
    INVOKESTATIC org/evosuite/testcarver/capture/Capturer.enable (ILjava/lang/Object;Ljava/lang/Object;)V
    ALOAD 2
    ATHROW
    MAXSTACK = 5
    MAXLOCALS = 0
}
INFO  org.evosuite.testcarver.extraction.CarvingClassLoader - Keeping class: com.examples.with.different.packagename.testcarver.ConversionException
INFO  org.evosuite.testcarver.extraction.CarvingRunListener - Not yet reached maximum time to carve unit tests - executing test with carver
INFO  org.evosuite.testcarver.capture.Capturer - Starting Capturer...
INFO  org.evosuite.testcarver.capture.Capturer - Capturer has been started successfully
INFO  org.evosuite.testcarver.capture.Capturer - Stopping Capturer...
INFO  org.evosuite.testcarver.capture.Capturer - Capturer has been stopped successfully
INFO  evo_logger -  - Carving test com.examples.with.different.packagename.testcarver.DateConverterTest11.testInvalidType
INFO  org.evosuite.instrumentation.InstrumentingClassLoader - Seeing class for first time: com.examples.with.different.packagename.testcarver.ConversionException
INFO  org.evosuite.instrumentation.BytecodeInstrumentation - Starting transformation of com/examples/with/different/packagename/testcarver/ConversionException
INFO  org.evosuite.runtime.instrumentation.MethodCallReplacementClassAdapter - Adding mock interface to class com/examples/with/different/packagename/testcarver/ConversionException
INFO  org.evosuite.instrumentation.EndOfClassInitializerVisitor - Creating <clinit> in class com/examples/with/different/packagename/testcarver/ConversionException
INFO  org.evosuite.runtime.instrumentation.CreateClassResetClassAdapter - Found static initializer in class com/examples/with/different/packagename/testcarver/ConversionException
INFO  org.evosuite.instrumentation.InstrumentingClassLoader - Loaded class: com.examples.with.different.packagename.testcarver.ConversionException
INFO  org.evosuite.testcarver.extraction.CarvingRunListener - Carved test of length 4
INFO  org.evosuite.utils.generic.GenericTypeInference - Type map empty
INFO  org.evosuite.utils.generic.GenericTypeInference - Type map empty
INFO  org.evosuite.testcarver.extraction.CarvingManager - Result: 0/1
INFO  org.evosuite.testcase.execution.TestCaseExecutor - No stalled threads
INFO  org.evosuite.testcarver.extraction.CarvingManager - Exception thrown in carved test testInvalidType: {}
com.examples.with.different.packagename.testcarver.ConversionException: com.examples.with.different.packagename.testcarver.DateConverter cannot handle conversion to 'Character'
	at com.examples.with.different.packagename.testcarver.DateTimeConverter.toDate(DateTimeConverter.java:404)
	at com.examples.with.different.packagename.testcarver.DateTimeConverter.convertToType(DateTimeConverter.java:303)
	at com.examples.with.different.packagename.testcarver.AbstractConverter.convert(AbstractConverter.java:146)
	at java.base/jdk.internal.reflect.DirectMethodHandleAccessor.invoke(DirectMethodHandleAccessor.java:103)
	at java.base/java.lang.reflect.Method.invoke(Method.java:580)
	at org.evosuite.testcase.statements.MethodStatement$1.execute(MethodStatement.java:256)
	at org.evosuite.testcase.statements.AbstractStatement.exceptionHandler(AbstractStatement.java:165)
	at org.evosuite.testcase.statements.MethodStatement.execute(MethodStatement.java:220)
	at org.evosuite.testcase.execution.TestRunnable.executeStatements(TestRunnable.java:287)
	at org.evosuite.testcase.execution.TestRunnable.call(TestRunnable.java:193)
	at org.evosuite.testcase.execution.TestRunnable.call(TestRunnable.java:49)
	at java.base/java.util.concurrent.FutureTask.run(FutureTask.java:317)
	at java.base/java.util.concurrent.ThreadPoolExecutor.runWorker(ThreadPoolExecutor.java:1144)
	at java.base/java.util.concurrent.ThreadPoolExecutor$Worker.run(ThreadPoolExecutor.java:642)
	at java.base/java.lang.Thread.run(Thread.java:1583)
INFO  org.evosuite.testcarver.extraction.CarvingManager - com.examples.with.different.packagename.testcarver.DateTimeConverter.toDate(DateTimeConverter.java:404)
INFO  org.evosuite.testcarver.extraction.CarvingManager - com.examples.with.different.packagename.testcarver.DateTimeConverter.convertToType(DateTimeConverter.java:303)
INFO  org.evosuite.testcarver.extraction.CarvingManager - com.examples.with.different.packagename.testcarver.AbstractConverter.convert(AbstractConverter.java:146)
INFO  org.evosuite.testcarver.extraction.CarvingManager - java.base/jdk.internal.reflect.DirectMethodHandleAccessor.invoke(DirectMethodHandleAccessor.java:103)
INFO  org.evosuite.testcarver.extraction.CarvingManager - java.base/java.lang.reflect.Method.invoke(Method.java:580)
INFO  org.evosuite.testcarver.extraction.CarvingManager - org.evosuite.testcase.statements.MethodStatement$1.execute(MethodStatement.java:256)
INFO  org.evosuite.testcarver.extraction.CarvingManager - org.evosuite.testcase.statements.AbstractStatement.exceptionHandler(AbstractStatement.java:165)
INFO  org.evosuite.testcarver.extraction.CarvingManager - org.evosuite.testcase.statements.MethodStatement.execute(MethodStatement.java:220)
INFO  org.evosuite.testcarver.extraction.CarvingManager - org.evosuite.testcase.execution.TestRunnable.executeStatements(TestRunnable.java:287)
INFO  org.evosuite.testcarver.extraction.CarvingManager - org.evosuite.testcase.execution.TestRunnable.call(TestRunnable.java:193)
INFO  org.evosuite.testcarver.extraction.CarvingManager - org.evosuite.testcase.execution.TestRunnable.call(TestRunnable.java:49)
INFO  org.evosuite.testcarver.extraction.CarvingManager - java.base/java.util.concurrent.FutureTask.run(FutureTask.java:317)
INFO  org.evosuite.testcarver.extraction.CarvingManager - java.base/java.util.concurrent.ThreadPoolExecutor.runWorker(ThreadPoolExecutor.java:1144)
INFO  org.evosuite.testcarver.extraction.CarvingManager - java.base/java.util.concurrent.ThreadPoolExecutor$Worker.run(ThreadPoolExecutor.java:642)
INFO  org.evosuite.testcarver.extraction.CarvingManager - java.base/java.lang.Thread.run(Thread.java:1583)
INFO  org.evosuite.testcarver.extraction.CarvingManager - DateConverter dateConverter0 = new DateConverter();
Class<char> class0 = Character.class;
Date date0 = new Date();
// Undeclared exception!
try {
  dateConverter0.convert(class0, date0);
  fail("Expecting exception: ConversionException");

} catch(ConversionException e) {
   //
   // com.examples.with.different.packagename.testcarver.DateConverter cannot handle conversion to 'Character'
   //
   verifyException("com.examples.with.different.packagename.testcarver.DateTimeConverter", e);
}


INFO  org.evosuite.testcarver.extraction.CarvingManager - Chopping exception of carved test
INFO  evo_logger -  -> Carved 1 tests for class class com.examples.with.different.packagename.testcarver.DateConverter from existing JUnit tests
INFO  evo_logger - * Using 1 carved tests from existing JUnit tests for seeding
INFO  org.evosuite.coverage.branch.BranchCoverageSuiteFitness - Total branch coverage goals: 3
INFO  org.evosuite.coverage.branch.BranchCoverageSuiteFitness - Total branches: 0
INFO  org.evosuite.coverage.branch.BranchCoverageSuiteFitness - Total branchless methods: 3
INFO  org.evosuite.coverage.branch.BranchCoverageSuiteFitness - Total methods: 3: [com.examples.with.different.packagename.testcarver.DateConverter.getDefaultType()Ljava/lang/Class;, com.examples.with.different.packagename.testcarver.DateConverter.<init>(Ljava/lang/Object;)V, com.examples.with.different.packagename.testcarver.DateConverter.<init>()V]
INFO  org.evosuite.coverage.branch.BranchCoverageSuiteFitness - (Methods) Best individual covers 0/0 branches and 1/3 methods
INFO  org.evosuite.coverage.branch.BranchCoverageSuiteFitness - Fitness: 2.0, size: 1, length: 3
INFO  org.evosuite.coverage.branch.BranchCoverageSuiteFitness - (Fitness) Best individual covers 0/0 branches and 1/3 methods
INFO  org.evosuite.coverage.branch.BranchCoverageSuiteFitness - Fitness: 2.0, size: 1, length: 3
INFO  org.evosuite.testcase.factories.JUnitTestCarvedChromosomeFactory - Cloning user test
DateConverter dateConverter0 = new DateConverter();
Class<char> class0 = Character.class;
Date date0 = new Date();

INFO  org.evosuite.TestGenerationContext - *** Resetting context
INFO  org.evosuite.testcase.execution.TestCaseExecutor - TestCaseExecutor instance is non-null, but its actual executor is null
INFO  org.evosuite.TestGenerationContext - *** Resetting context
INFO  org.evosuite.testcase.execution.TestCaseExecutor - TestCaseExecutor instance is non-null, but its actual executor is null
INFO  org.evosuite.instrumentation.InstrumentingClassLoader - Seeing class for first time: com.examples.with.different.packagename.testcarver.ObjectWrapper
INFO  org.evosuite.instrumentation.BytecodeInstrumentation - Starting transformation of com/examples/with/different/packagename/testcarver/ObjectWrapper
INFO  org.evosuite.instrumentation.testability.StringTransformation - Current method: <init>
INFO  org.evosuite.instrumentation.testability.StringTransformation - Current method: set
INFO  org.evosuite.instrumentation.testability.StringTransformation - Current method: get
INFO  org.evosuite.runtime.instrumentation.MethodCallReplacementClassAdapter - Adding mock interface to class com/examples/with/different/packagename/testcarver/ObjectWrapper
INFO  org.evosuite.graphs.cfg.CFGClassAdapter - Analyzing CFG of com/examples/with/different/packagename/testcarver/ObjectWrapper
INFO  org.evosuite.graphs.cfg.CFGMethodAdapter - Analyzing method <init>()V in class com.examples.with.different.packagename.testcarver.ObjectWrapper
INFO  org.evosuite.graphs.cfg.CFGMethodAdapter - Generating CFG for method <init>()V
INFO  org.evosuite.graphs.cfg.RawControlFlowGraph - Creating new RawCFG for com.examples.with.different.packagename.testcarver.ObjectWrapper.<init>()V: 0
INFO  org.evosuite.graphs.cfg.CFGMethodAdapter - Created CFG for method <init>()V
INFO  org.evosuite.graphs.cfg.CFGMethodAdapter - Instrumenting method <init>()V in class com.examples.with.different.packagename.testcarver.ObjectWrapper
INFO  org.evosuite.graphs.cfg.CFGClassAdapter - Analyzing CFG of com/examples/with/different/packagename/testcarver/ObjectWrapper
INFO  org.evosuite.graphs.cfg.CFGMethodAdapter - Analyzing method set(Ljava/lang/Object;)V in class com.examples.with.different.packagename.testcarver.ObjectWrapper
INFO  org.evosuite.graphs.cfg.CFGMethodAdapter - Generating CFG for method set(Ljava/lang/Object;)V
INFO  org.evosuite.graphs.cfg.RawControlFlowGraph - Creating new RawCFG for com.examples.with.different.packagename.testcarver.ObjectWrapper.set(Ljava/lang/Object;)V: 0
INFO  org.evosuite.graphs.cfg.CFGMethodAdapter - Created CFG for method set(Ljava/lang/Object;)V
INFO  org.evosuite.graphs.cfg.CFGMethodAdapter - Instrumenting method set(Ljava/lang/Object;)V in class com.examples.with.different.packagename.testcarver.ObjectWrapper
INFO  org.evosuite.graphs.cfg.CFGClassAdapter - Analyzing CFG of com/examples/with/different/packagename/testcarver/ObjectWrapper
INFO  org.evosuite.graphs.cfg.CFGMethodAdapter - Analyzing method get()Ljava/lang/Object; in class com.examples.with.different.packagename.testcarver.ObjectWrapper
INFO  org.evosuite.graphs.cfg.CFGMethodAdapter - Generating CFG for method get()Ljava/lang/Object;
INFO  org.evosuite.graphs.cfg.RawControlFlowGraph - Creating new RawCFG for com.examples.with.different.packagename.testcarver.ObjectWrapper.get()Ljava/lang/Object;: 0
INFO  org.evosuite.graphs.cfg.CFGMethodAdapter - Created CFG for method get()Ljava/lang/Object;
INFO  org.evosuite.graphs.cfg.CFGMethodAdapter - Instrumenting method get()Ljava/lang/Object; in class com.examples.with.different.packagename.testcarver.ObjectWrapper
INFO  org.evosuite.runtime.instrumentation.CreateClassResetClassAdapter - Creating brand-new static initializer in class com/examples/with/different/packagename/testcarver/ObjectWrapper
INFO  org.evosuite.instrumentation.InstrumentingClassLoader - Loaded class: com.examples.with.different.packagename.testcarver.ObjectWrapper
INFO  evo_logger - * Executing tests from 1 test class for carving
INFO  org.evosuite.testcarver.extraction.CarvingClassLoader - Seeing class for first time: com.examples.with.different.packagename.testcarver.ObjectWrapper
WARN  org.evosuite.testcarver.extraction.CarvingClassLoader - Instrumenting class 'com.examples.with.different.packagename.testcarver.ObjectWrapper'.
INFO  org.evosuite.testcarver.instrument.Instrumenter - Checking package com.examples.with.different.packagename.testcarver for class com/examples/with/different/packagename/testcarver/ObjectWrapper
// class version 52.0 (52)
// access flags 0x21
public class com/examples/with/different/packagename/testcarver/ObjectWrapper {

  // compiled from: ObjectWrapper.java

  // access flags 0x2
  private Ljava/lang/Object; obj

  // access flags 0x2
  private _sw_prototype_original_init_sw_prototype_original_()V
    ALOAD 0
    INVOKESTATIC org/evosuite/testcarver/capture/FieldRegistry.register (Ljava/lang/Object;)V
    RETURN
   L0
    LOCALVARIABLE this Lcom/examples/with/different/packagename/testcarver/ObjectWrapper; L1 L0 0
    MAXSTACK = 5
    MAXLOCALS = 1

  // access flags 0x2
  private _sw_prototype_original_set(Ljava/lang/Object;)V
   L0
    LINENUMBER 27 L0
    ALOAD 0
    ALOAD 1
    DUP2
    PUTFIELD com/examples/with/different/packagename/testcarver/ObjectWrapper.obj : Ljava/lang/Object;
    POP
    LDC -2147483643
    LDC "com/examples/with/different/packagename/testcarver/ObjectWrapper"
    LDC "obj"
    LDC "Ljava/lang/Object;"
    INVOKESTATIC org/evosuite/testcarver/capture/FieldRegistry.notifyModification (Ljava/lang/Object;ILjava/lang/String;Ljava/lang/String;Ljava/lang/String;)V
   L1
    LINENUMBER 28 L1
    RETURN
   L2
    LOCALVARIABLE this Lcom/examples/with/different/packagename/testcarver/ObjectWrapper; L0 L2 0
    LOCALVARIABLE obj Ljava/lang/Object; L0 L2 1
    MAXSTACK = 6
    MAXLOCALS = 2

  // access flags 0x2
  private _sw_prototype_original_get()Ljava/lang/Object;
   L0
    LINENUMBER 31 L0
    ALOAD 0
    DUP
    GETFIELD com/examples/with/different/packagename/testcarver/ObjectWrapper.obj : Ljava/lang/Object;
    SWAP
    LDC -2147483640
    LDC "com/examples/with/different/packagename/testcarver/ObjectWrapper"
    LDC "obj"
    LDC "Ljava/lang/Object;"
    INVOKESTATIC org/evosuite/testcarver/capture/FieldRegistry.notifyReadAccess (Ljava/lang/Object;ILjava/lang/String;Ljava/lang/String;Ljava/lang/String;)V
    ARETURN
   L1
    LOCALVARIABLE this Lcom/examples/with/different/packagename/testcarver/ObjectWrapper; L0 L1 0
    MAXSTACK = 5
    MAXLOCALS = 1

  // access flags 0x1
  public <init>()V
    TRYCATCHBLOCK L0 L1 L1 java/lang/Throwable
   L2
    LINENUMBER 22 L2
    ALOAD 0
    INVOKESPECIAL java/lang/Object.<init> ()V
   L0
    LDC -2147483644
    ALOAD 0
    LDC "<init>"
    LDC "()V"
    BIPUSH 0
    ANEWARRAY java/lang/Object
    INVOKESTATIC org/evosuite/testcarver/capture/Capturer.capture (ILjava/lang/Object;Ljava/lang/String;Ljava/lang/String;[Ljava/lang/Object;)V
    ALOAD 0
    INVOKEVIRTUAL com/examples/with/different/packagename/testcarver/ObjectWrapper._sw_prototype_original_init_sw_prototype_original_ ()V
    GOTO L3
   L1
   FRAME SAME1 java/lang/Throwable
    ASTORE 1
    LDC -2147483644
    ALOAD 0
    GETSTATIC org/evosuite/testcarver/capture/CaptureLog.RETURN_TYPE_VOID : Ljava/lang/Object;
    INVOKESTATIC org/evosuite/testcarver/capture/Capturer.enable (ILjava/lang/Object;Ljava/lang/Object;)V
    ALOAD 1
    ATHROW
   L3
   FRAME SAME
    LDC -2147483644
    ALOAD 0
    GETSTATIC org/evosuite/testcarver/capture/CaptureLog.RETURN_TYPE_VOID : Ljava/lang/Object;
    INVOKESTATIC org/evosuite/testcarver/capture/Capturer.enable (ILjava/lang/Object;Ljava/lang/Object;)V
    RETURN
    MAXSTACK = 5
    MAXLOCALS = 0

  // access flags 0x1
  public set(Ljava/lang/Object;)V
    TRYCATCHBLOCK L0 L1 L1 java/lang/Throwable
   L0
    LDC -2147483641
    ALOAD 0
    LDC "set"
    LDC "(Ljava/lang/Object;)V"
    BIPUSH 1
    ANEWARRAY java/lang/Object
    DUP
    BIPUSH 0
    ALOAD 1
    AASTORE
    INVOKESTATIC org/evosuite/testcarver/capture/Capturer.capture (ILjava/lang/Object;Ljava/lang/String;Ljava/lang/String;[Ljava/lang/Object;)V
    ALOAD 0
    ALOAD 1
    INVOKEVIRTUAL com/examples/with/different/packagename/testcarver/ObjectWrapper._sw_prototype_original_set (Ljava/lang/Object;)V
    GOTO L2
   L1
   FRAME SAME1 java/lang/Throwable
    ASTORE 2
    LDC -2147483641
    ALOAD 0
    GETSTATIC org/evosuite/testcarver/capture/CaptureLog.RETURN_TYPE_VOID : Ljava/lang/Object;
    INVOKESTATIC org/evosuite/testcarver/capture/Capturer.enable (ILjava/lang/Object;Ljava/lang/Object;)V
    ALOAD 2
    ATHROW
   L2
   FRAME SAME
    LDC -2147483641
    ALOAD 0
    GETSTATIC org/evosuite/testcarver/capture/CaptureLog.RETURN_TYPE_VOID : Ljava/lang/Object;
    INVOKESTATIC org/evosuite/testcarver/capture/Capturer.enable (ILjava/lang/Object;Ljava/lang/Object;)V
    RETURN
    MAXSTACK = 6
    MAXLOCALS = 0

  // access flags 0x1
  public get()Ljava/lang/Object;
    TRYCATCHBLOCK L0 L1 L2 java/lang/Throwable
    ACONST_NULL
    ASTORE 1
   L0
    LDC -2147483639
    ALOAD 0
    LDC "get"
    LDC "()Ljava/lang/Object;"
    BIPUSH 0
    ANEWARRAY java/lang/Object
    INVOKESTATIC org/evosuite/testcarver/capture/Capturer.capture (ILjava/lang/Object;Ljava/lang/String;Ljava/lang/String;[Ljava/lang/Object;)V
    ALOAD 0
    INVOKEVIRTUAL com/examples/with/different/packagename/testcarver/ObjectWrapper._sw_prototype_original_get ()Ljava/lang/Object;
    ASTORE 1
    ALOAD 1
    ASTORE 3
   L1
    LDC -2147483639
    ALOAD 0
    ALOAD 1
    INVOKESTATIC org/evosuite/testcarver/capture/Capturer.enable (ILjava/lang/Object;Ljava/lang/Object;)V
    ALOAD 3
    ARETURN
   L2
   FRAME FULL [com/examples/with/different/packagename/testcarver/ObjectWrapper java/lang/Object] [java/lang/Throwable]
    ASTORE 2
    LDC -2147483639
    ALOAD 0
    ALOAD 1
    INVOKESTATIC org/evosuite/testcarver/capture/Capturer.enable (ILjava/lang/Object;Ljava/lang/Object;)V
    ALOAD 2
    ATHROW
    MAXSTACK = 5
    MAXLOCALS = 0
}
INFO  org.evosuite.testcarver.extraction.CarvingClassLoader - Keeping class: com.examples.with.different.packagename.testcarver.ObjectWrapper
INFO  org.evosuite.testcarver.extraction.CarvingClassLoader - Seeing class for first time: com.examples.with.different.packagename.testcarver.PrimitivesTest
WARN  org.evosuite.testcarver.extraction.CarvingClassLoader - Instrumenting class 'com.examples.with.different.packagename.testcarver.PrimitivesTest'.
INFO  org.evosuite.testcarver.instrument.Instrumenter - Checking package com.examples.with.different.packagename.testcarver for class com/examples/with/different/packagename/testcarver/PrimitivesTest
// class version 52.0 (52)
// access flags 0x21
public class com/examples/with/different/packagename/testcarver/PrimitivesTest {

  // compiled from: PrimitivesTest.java

  // access flags 0x2
  private _sw_prototype_original_init_sw_prototype_original_()V
    ALOAD 0
    INVOKESTATIC org/evosuite/testcarver/capture/FieldRegistry.register (Ljava/lang/Object;)V
    RETURN
   L0
    LOCALVARIABLE this Lcom/examples/with/different/packagename/testcarver/PrimitivesTest; L1 L0 0
    MAXSTACK = 5
    MAXLOCALS = 1

  // access flags 0x2
  private _sw_prototype_original_test()V
   L0
    LINENUMBER 28 L0
    NEW com/examples/with/different/packagename/testcarver/ObjectWrapper
    DUP
    INVOKESPECIAL com/examples/with/different/packagename/testcarver/ObjectWrapper.<init> ()V
    ASTORE 1
   L1
    LINENUMBER 30 L1
    ICONST_0
    ISTORE 2
   L2
    LINENUMBER 31 L2
    ICONST_1
    INVOKESTATIC java/lang/Integer.valueOf (I)Ljava/lang/Integer;
    ASTORE 3
   L3
    LINENUMBER 32 L3
    BIPUSH 50
    ISTORE 4
   L4
    LINENUMBER 33 L4
    LDC 3.0F
    FSTORE 5
   L5
    LINENUMBER 34 L5
    LDC 4.0D
    DSTORE 6
   L6
    LINENUMBER 35 L6
    LDC 5L
    LSTORE 8
   L7
    LINENUMBER 36 L7
    BIPUSH 6
    ISTORE 10
   L8
    LINENUMBER 37 L8
    LDC "7"
    ASTORE 11
   L9
    LINENUMBER 39 L9
    NEW java/lang/StringBuilder
    DUP
    INVOKESPECIAL java/lang/StringBuilder.<init> ()V
    LDC ""
    INVOKEVIRTUAL java/lang/StringBuilder.append (Ljava/lang/String;)Ljava/lang/StringBuilder;
    ILOAD 2
    INVOKEVIRTUAL java/lang/StringBuilder.append (I)Ljava/lang/StringBuilder;
    ALOAD 3
    INVOKEVIRTUAL java/lang/StringBuilder.append (Ljava/lang/Object;)Ljava/lang/StringBuilder;
    ILOAD 4
    INVOKEVIRTUAL java/lang/StringBuilder.append (C)Ljava/lang/StringBuilder;
    FLOAD 5
    INVOKEVIRTUAL java/lang/StringBuilder.append (F)Ljava/lang/StringBuilder;
    DLOAD 6
    INVOKEVIRTUAL java/lang/StringBuilder.append (D)Ljava/lang/StringBuilder;
    LLOAD 8
    INVOKEVIRTUAL java/lang/StringBuilder.append (J)Ljava/lang/StringBuilder;
    ILOAD 10
    INVOKEVIRTUAL java/lang/StringBuilder.append (I)Ljava/lang/StringBuilder;
    ALOAD 11
    INVOKEVIRTUAL java/lang/StringBuilder.append (Ljava/lang/String;)Ljava/lang/StringBuilder;
    INVOKEVIRTUAL java/lang/StringBuilder.toString ()Ljava/lang/String;
    ASTORE 12
   L10
    LINENUMBER 41 L10
    ALOAD 1
    ALOAD 12
    INVOKEVIRTUAL com/examples/with/different/packagename/testcarver/ObjectWrapper.set (Ljava/lang/Object;)V
   L11
    LINENUMBER 42 L11
    ALOAD 1
    ILOAD 2
    INVOKESTATIC java/lang/Integer.valueOf (I)Ljava/lang/Integer;
    INVOKEVIRTUAL com/examples/with/different/packagename/testcarver/ObjectWrapper.set (Ljava/lang/Object;)V
   L12
    LINENUMBER 43 L12
    ALOAD 1
    ALOAD 3
    INVOKEVIRTUAL com/examples/with/different/packagename/testcarver/ObjectWrapper.set (Ljava/lang/Object;)V
   L13
    LINENUMBER 44 L13
    ALOAD 1
    ILOAD 4
    INVOKESTATIC java/lang/Character.valueOf (C)Ljava/lang/Character;
    INVOKEVIRTUAL com/examples/with/different/packagename/testcarver/ObjectWrapper.set (Ljava/lang/Object;)V
   L14
    LINENUMBER 45 L14
    ALOAD 1
    FLOAD 5
    INVOKESTATIC java/lang/Float.valueOf (F)Ljava/lang/Float;
    INVOKEVIRTUAL com/examples/with/different/packagename/testcarver/ObjectWrapper.set (Ljava/lang/Object;)V
   L15
    LINENUMBER 46 L15
    ALOAD 1
    DLOAD 6
    INVOKESTATIC java/lang/Double.valueOf (D)Ljava/lang/Double;
    INVOKEVIRTUAL com/examples/with/different/packagename/testcarver/ObjectWrapper.set (Ljava/lang/Object;)V
   L16
    LINENUMBER 47 L16
    ALOAD 1
    LLOAD 8
    INVOKESTATIC java/lang/Long.valueOf (J)Ljava/lang/Long;
    INVOKEVIRTUAL com/examples/with/different/packagename/testcarver/ObjectWrapper.set (Ljava/lang/Object;)V
   L17
    LINENUMBER 48 L17
    ALOAD 1
    ILOAD 10
    INVOKESTATIC java/lang/Byte.valueOf (B)Ljava/lang/Byte;
    INVOKEVIRTUAL com/examples/with/different/packagename/testcarver/ObjectWrapper.set (Ljava/lang/Object;)V
   L18
    LINENUMBER 49 L18
    ALOAD 1
    ALOAD 11
    INVOKEVIRTUAL com/examples/with/different/packagename/testcarver/ObjectWrapper.set (Ljava/lang/Object;)V
   L19
    LINENUMBER 50 L19
    RETURN
   L20
    LOCALVARIABLE this Lcom/examples/with/different/packagename/testcarver/PrimitivesTest; L0 L20 0
    LOCALVARIABLE wrapper Lcom/examples/with/different/packagename/testcarver/ObjectWrapper; L1 L20 1
    LOCALVARIABLE zero I L2 L20 2
    LOCALVARIABLE one Ljava/lang/Integer; L3 L20 3
    LOCALVARIABLE two C L4 L20 4
    LOCALVARIABLE three F L5 L20 5
    LOCALVARIABLE four D L6 L20 6
    LOCALVARIABLE five J L7 L20 8
    LOCALVARIABLE six B L8 L20 10
    LOCALVARIABLE seven Ljava/lang/String; L9 L20 11
    LOCALVARIABLE s Ljava/lang/String; L10 L20 12
    MAXSTACK = 7
    MAXLOCALS = 13

  // access flags 0x1
  public <init>()V
    TRYCATCHBLOCK L0 L1 L1 java/lang/Throwable
   L2
    LINENUMBER 24 L2
    ALOAD 0
    INVOKESPECIAL java/lang/Object.<init> ()V
   L0
    LDC -2147483638
    ALOAD 0
    LDC "<init>"
    LDC "()V"
    BIPUSH 0
    ANEWARRAY java/lang/Object
    INVOKESTATIC org/evosuite/testcarver/capture/Capturer.capture (ILjava/lang/Object;Ljava/lang/String;Ljava/lang/String;[Ljava/lang/Object;)V
    ALOAD 0
    INVOKEVIRTUAL com/examples/with/different/packagename/testcarver/PrimitivesTest._sw_prototype_original_init_sw_prototype_original_ ()V
    GOTO L3
   L1
   FRAME SAME1 java/lang/Throwable
    ASTORE 1
    LDC -2147483638
    ALOAD 0
    GETSTATIC org/evosuite/testcarver/capture/CaptureLog.RETURN_TYPE_VOID : Ljava/lang/Object;
    INVOKESTATIC org/evosuite/testcarver/capture/Capturer.enable (ILjava/lang/Object;Ljava/lang/Object;)V
    ALOAD 1
    ATHROW
   L3
   FRAME SAME
    LDC -2147483638
    ALOAD 0
    GETSTATIC org/evosuite/testcarver/capture/CaptureLog.RETURN_TYPE_VOID : Ljava/lang/Object;
    INVOKESTATIC org/evosuite/testcarver/capture/Capturer.enable (ILjava/lang/Object;Ljava/lang/Object;)V
    RETURN
    MAXSTACK = 5
    MAXLOCALS = 0

  // access flags 0x1
  public test()V
  @Lorg/junit/Test;()
    TRYCATCHBLOCK L0 L1 L1 java/lang/Throwable
   L0
    LDC -2147483637
    ALOAD 0
    LDC "test"
    LDC "()V"
    BIPUSH 0
    ANEWARRAY java/lang/Object
    INVOKESTATIC org/evosuite/testcarver/capture/Capturer.capture (ILjava/lang/Object;Ljava/lang/String;Ljava/lang/String;[Ljava/lang/Object;)V
    ALOAD 0
    INVOKEVIRTUAL com/examples/with/different/packagename/testcarver/PrimitivesTest._sw_prototype_original_test ()V
    GOTO L2
   L1
   FRAME SAME1 java/lang/Throwable
    ASTORE 1
    LDC -2147483637
    ALOAD 0
    GETSTATIC org/evosuite/testcarver/capture/CaptureLog.RETURN_TYPE_VOID : Ljava/lang/Object;
    INVOKESTATIC org/evosuite/testcarver/capture/Capturer.enable (ILjava/lang/Object;Ljava/lang/Object;)V
    ALOAD 1
    ATHROW
   L2
   FRAME SAME
    LDC -2147483637
    ALOAD 0
    GETSTATIC org/evosuite/testcarver/capture/CaptureLog.RETURN_TYPE_VOID : Ljava/lang/Object;
    INVOKESTATIC org/evosuite/testcarver/capture/Capturer.enable (ILjava/lang/Object;Ljava/lang/Object;)V
    RETURN
    MAXSTACK = 7
    MAXLOCALS = 0
}
INFO  org.evosuite.testcarver.extraction.CarvingClassLoader - Keeping class: com.examples.with.different.packagename.testcarver.PrimitivesTest
INFO  org.evosuite.testcarver.extraction.CarvingRunListener - Not yet reached maximum time to carve unit tests - executing test with carver
INFO  org.evosuite.testcarver.capture.Capturer - Starting Capturer...
INFO  org.evosuite.testcarver.capture.Capturer - Capturer has been started successfully
INFO  org.evosuite.testcarver.capture.Capturer - Stopping Capturer...
INFO  org.evosuite.testcarver.capture.Capturer - Capturer has been stopped successfully
INFO  evo_logger -  - Carving test com.examples.with.different.packagename.testcarver.PrimitivesTest.test
INFO  org.evosuite.testcarver.extraction.CarvingRunListener - Carved test of length 19
INFO  org.evosuite.utils.generic.GenericTypeInference - Type map empty
INFO  org.evosuite.testcarver.extraction.CarvingManager - Result: 0/1
INFO  org.evosuite.testcase.execution.TestCaseExecutor - No stalled threads
INFO  org.evosuite.testcarver.extraction.CarvingManager - Adding carved test without exception
INFO  org.evosuite.testcarver.extraction.CarvingManager - ObjectWrapper objectWrapper0 = new ObjectWrapper();
String string0 = "0123.04.0567";
objectWrapper0.set(string0);
int int0 = 0;
objectWrapper0.set(int0);
int int1 = 1;
objectWrapper0.set(int1);
char char0 = '2';
objectWrapper0.set(char0);
float float0 = 3.0F;
objectWrapper0.set(float0);
double double0 = 4.0;
objectWrapper0.set(double0);
long long0 = 5L;
objectWrapper0.set(long0);
byte byte0 = (byte)6;
objectWrapper0.set(byte0);
String string1 = "7";
objectWrapper0.set(string1);

INFO  evo_logger -  -> Carved 1 tests for class class com.examples.with.different.packagename.testcarver.ObjectWrapper from existing JUnit tests
INFO  evo_logger - * Using 1 carved tests from existing JUnit tests for seeding
INFO  org.evosuite.coverage.branch.BranchCoverageSuiteFitness - Total branch coverage goals: 3
INFO  org.evosuite.coverage.branch.BranchCoverageSuiteFitness - Total branches: 0
INFO  org.evosuite.coverage.branch.BranchCoverageSuiteFitness - Total branchless methods: 3
INFO  org.evosuite.coverage.branch.BranchCoverageSuiteFitness - Total methods: 3: [com.examples.with.different.packagename.testcarver.ObjectWrapper.get()Ljava/lang/Object;, com.examples.with.different.packagename.testcarver.ObjectWrapper.set(Ljava/lang/Object;)V, com.examples.with.different.packagename.testcarver.ObjectWrapper.<init>()V]
INFO  org.evosuite.coverage.branch.BranchCoverageSuiteFitness - (Methods) Best individual covers 0/0 branches and 2/3 methods
INFO  org.evosuite.coverage.branch.BranchCoverageSuiteFitness - Fitness: 1.0, size: 1, length: 19
INFO  org.evosuite.coverage.branch.BranchCoverageSuiteFitness - (Fitness) Best individual covers 0/0 branches and 2/3 methods
INFO  org.evosuite.coverage.branch.BranchCoverageSuiteFitness - Fitness: 1.0, size: 1, length: 19
INFO  org.evosuite.testcase.factories.JUnitTestCarvedChromosomeFactory - Cloning user test
INFO  org.evosuite.TestGenerationContext - *** Resetting context
INFO  org.evosuite.testcase.execution.TestCaseExecutor - TestCaseExecutor instance is non-null, but its actual executor is null
INFO  org.evosuite.TestGenerationContext - *** Resetting context
INFO  org.evosuite.testcase.execution.TestCaseExecutor - TestCaseExecutor instance is non-null, but its actual executor is null
INFO  org.evosuite.instrumentation.InstrumentingClassLoader - Seeing class for first time: com.examples.with.different.packagename.testcarver.ClassWithPublicField
INFO  org.evosuite.instrumentation.BytecodeInstrumentation - Starting transformation of com/examples/with/different/packagename/testcarver/ClassWithPublicField
INFO  org.evosuite.instrumentation.testability.StringTransformation - Current method: <init>
INFO  org.evosuite.instrumentation.testability.StringTransformation - Current method: testMe
INFO  org.evosuite.runtime.instrumentation.MethodCallReplacementClassAdapter - Adding mock interface to class com/examples/with/different/packagename/testcarver/ClassWithPublicField
INFO  org.evosuite.graphs.cfg.CFGClassAdapter - Analyzing CFG of com/examples/with/different/packagename/testcarver/ClassWithPublicField
INFO  org.evosuite.graphs.cfg.CFGMethodAdapter - Analyzing method <init>()V in class com.examples.with.different.packagename.testcarver.ClassWithPublicField
INFO  org.evosuite.graphs.cfg.CFGMethodAdapter - Generating CFG for method <init>()V
INFO  org.evosuite.graphs.cfg.RawControlFlowGraph - Creating new RawCFG for com.examples.with.different.packagename.testcarver.ClassWithPublicField.<init>()V: 0
INFO  org.evosuite.graphs.cfg.CFGMethodAdapter - Created CFG for method <init>()V
INFO  org.evosuite.graphs.cfg.CFGMethodAdapter - Instrumenting method <init>()V in class com.examples.with.different.packagename.testcarver.ClassWithPublicField
INFO  org.evosuite.graphs.cfg.CFGClassAdapter - Analyzing CFG of com/examples/with/different/packagename/testcarver/ClassWithPublicField
INFO  org.evosuite.graphs.cfg.CFGMethodAdapter - Analyzing method testMe(Ljava/util/Locale;)Z in class com.examples.with.different.packagename.testcarver.ClassWithPublicField
INFO  org.evosuite.graphs.cfg.CFGMethodAdapter - Generating CFG for method testMe(Ljava/util/Locale;)Z
INFO  org.evosuite.graphs.cfg.RawControlFlowGraph - Creating new RawCFG for com.examples.with.different.packagename.testcarver.ClassWithPublicField.testMe(Ljava/util/Locale;)Z: 0
INFO  org.evosuite.coverage.branch.BranchPool - Adding to map the branch I6 Branch 1 IFEQ L29
INFO  org.evosuite.coverage.branch.BranchPool - Branch 1 at line 29
INFO  org.evosuite.graphs.cfg.CFGMethodAdapter - Created CFG for method testMe(Ljava/util/Locale;)Z
INFO  org.evosuite.graphs.cfg.CFGMethodAdapter - Instrumenting method testMe(Ljava/util/Locale;)Z in class com.examples.with.different.packagename.testcarver.ClassWithPublicField
INFO  org.evosuite.runtime.instrumentation.CreateClassResetClassAdapter - Creating brand-new static initializer in class com/examples/with/different/packagename/testcarver/ClassWithPublicField
INFO  org.evosuite.instrumentation.InstrumentingClassLoader - Loaded class: com.examples.with.different.packagename.testcarver.ClassWithPublicField
INFO  evo_logger - * Executing tests from 1 test class for carving
INFO  org.evosuite.testcarver.extraction.CarvingClassLoader - Seeing class for first time: com.examples.with.different.packagename.testcarver.ClassWithPublicField
WARN  org.evosuite.testcarver.extraction.CarvingClassLoader - Instrumenting class 'com.examples.with.different.packagename.testcarver.ClassWithPublicField'.
INFO  org.evosuite.testcarver.instrument.Instrumenter - Checking package com.examples.with.different.packagename.testcarver for class com/examples/with/different/packagename/testcarver/ClassWithPublicField
// class version 52.0 (52)
// access flags 0x21
public class com/examples/with/different/packagename/testcarver/ClassWithPublicField {

  // compiled from: ClassWithPublicField.java

  // access flags 0x1
  public Ljava/util/Locale; x

  // access flags 0x2
  private _sw_prototype_original_init_sw_prototype_original_()V
    ALOAD 0
    INVOKESTATIC org/evosuite/testcarver/capture/FieldRegistry.register (Ljava/lang/Object;)V
   L0
    LINENUMBER 26 L0
    ALOAD 0
    GETSTATIC java/util/Locale.CHINESE : Ljava/util/Locale;
    ACONST_NULL
    LDC -2147483642
    LDC "java/util/Locale"
    LDC "CHINESE"
    LDC "Ljava/util/Locale;"
    INVOKESTATIC org/evosuite/testcarver/capture/FieldRegistry.notifyReadAccess (Ljava/lang/Object;ILjava/lang/String;Ljava/lang/String;Ljava/lang/String;)V
    DUP2
    PUTFIELD com/examples/with/different/packagename/testcarver/ClassWithPublicField.x : Ljava/util/Locale;
    POP
    LDC -2147483644
    LDC "com/examples/with/different/packagename/testcarver/ClassWithPublicField"
    LDC "x"
    LDC "Ljava/util/Locale;"
    INVOKESTATIC org/evosuite/testcarver/capture/FieldRegistry.notifyModification (Ljava/lang/Object;ILjava/lang/String;Ljava/lang/String;Ljava/lang/String;)V
    RETURN
   L1
    LOCALVARIABLE this Lcom/examples/with/different/packagename/testcarver/ClassWithPublicField; L2 L1 0
    MAXSTACK = 6
    MAXLOCALS = 1

  // access flags 0x2
  private _sw_prototype_original_testMe(Ljava/util/Locale;)Z
   L0
    LINENUMBER 29 L0
    ALOAD 1
    ALOAD 0
    DUP
    GETFIELD com/examples/with/different/packagename/testcarver/ClassWithPublicField.x : Ljava/util/Locale;
    SWAP
    LDC -2147483640
    LDC "com/examples/with/different/packagename/testcarver/ClassWithPublicField"
    LDC "x"
    LDC "Ljava/util/Locale;"
    INVOKESTATIC org/evosuite/testcarver/capture/FieldRegistry.notifyReadAccess (Ljava/lang/Object;ILjava/lang/String;Ljava/lang/String;Ljava/lang/String;)V
    INVOKEVIRTUAL java/util/Locale.equals (Ljava/lang/Object;)Z
    IFEQ L1
   L2
    LINENUMBER 30 L2
    ICONST_1
    IRETURN
   L1
    LINENUMBER 32 L1
    ICONST_0
    IRETURN
   L3
    LOCALVARIABLE this Lcom/examples/with/different/packagename/testcarver/ClassWithPublicField; L0 L3 0
    LOCALVARIABLE other Ljava/util/Locale; L0 L3 1
    MAXSTACK = 6
    MAXLOCALS = 2

  // access flags 0x1
  public <init>()V
    TRYCATCHBLOCK L0 L1 L1 java/lang/Throwable
   L2
    LINENUMBER 24 L2
    ALOAD 0
    INVOKESPECIAL java/lang/Object.<init> ()V
   L0
    LDC -2147483641
    ALOAD 0
    LDC "<init>"
    LDC "()V"
    BIPUSH 0
    ANEWARRAY java/lang/Object
    INVOKESTATIC org/evosuite/testcarver/capture/Capturer.capture (ILjava/lang/Object;Ljava/lang/String;Ljava/lang/String;[Ljava/lang/Object;)V
    ALOAD 0
    INVOKEVIRTUAL com/examples/with/different/packagename/testcarver/ClassWithPublicField._sw_prototype_original_init_sw_prototype_original_ ()V
    GOTO L3
   L1
   FRAME SAME1 java/lang/Throwable
    ASTORE 1
    LDC -2147483641
    ALOAD 0
    GETSTATIC org/evosuite/testcarver/capture/CaptureLog.RETURN_TYPE_VOID : Ljava/lang/Object;
    INVOKESTATIC org/evosuite/testcarver/capture/Capturer.enable (ILjava/lang/Object;Ljava/lang/Object;)V
    ALOAD 1
    ATHROW
   L3
   FRAME SAME
    LDC -2147483641
    ALOAD 0
    GETSTATIC org/evosuite/testcarver/capture/CaptureLog.RETURN_TYPE_VOID : Ljava/lang/Object;
    INVOKESTATIC org/evosuite/testcarver/capture/Capturer.enable (ILjava/lang/Object;Ljava/lang/Object;)V
    RETURN
    MAXSTACK = 6
    MAXLOCALS = 0

  // access flags 0x1
  public testMe(Ljava/util/Locale;)Z
    TRYCATCHBLOCK L0 L1 L2 java/lang/Throwable
    ACONST_NULL
    ASTORE 2
   L0
    LDC -2147483639
    ALOAD 0
    LDC "testMe"
    LDC "(Ljava/util/Locale;)Z"
    BIPUSH 1
    ANEWARRAY java/lang/Object
    DUP
    BIPUSH 0
    ALOAD 1
    AASTORE
    INVOKESTATIC org/evosuite/testcarver/capture/Capturer.capture (ILjava/lang/Object;Ljava/lang/String;Ljava/lang/String;[Ljava/lang/Object;)V
    ALOAD 0
    ALOAD 1
    INVOKEVIRTUAL com/examples/with/different/packagename/testcarver/ClassWithPublicField._sw_prototype_original_testMe (Ljava/util/Locale;)Z
    INVOKESTATIC java/lang/Boolean.valueOf (Z)Ljava/lang/Boolean;
    ASTORE 2
    ALOAD 2
    INVOKEVIRTUAL java/lang/Boolean.booleanValue ()Z
    ISTORE 4
   L1
    LDC -2147483639
    ALOAD 0
    ALOAD 2
    INVOKESTATIC org/evosuite/testcarver/capture/Capturer.enable (ILjava/lang/Object;Ljava/lang/Object;)V
    ILOAD 4
    IRETURN
   L2
   FRAME FULL [com/examples/with/different/packagename/testcarver/ClassWithPublicField java/lang/Boolean] [java/lang/Throwable]
    ASTORE 3
    LDC -2147483639
    ALOAD 0
    ALOAD 2
    INVOKESTATIC org/evosuite/testcarver/capture/Capturer.enable (ILjava/lang/Object;Ljava/lang/Object;)V
    ALOAD 3
    ATHROW
    MAXSTACK = 6
    MAXLOCALS = 0
}
INFO  org.evosuite.testcarver.extraction.CarvingClassLoader - Keeping class: com.examples.with.different.packagename.testcarver.ClassWithPublicField
INFO  org.evosuite.testcarver.extraction.CarvingClassLoader - Seeing class for first time: com.examples.with.different.packagename.testcarver.ClassWithPublicFieldReadingTestCase
WARN  org.evosuite.testcarver.extraction.CarvingClassLoader - Instrumenting class 'com.examples.with.different.packagename.testcarver.ClassWithPublicFieldReadingTestCase'.
INFO  org.evosuite.testcarver.instrument.Instrumenter - Checking package com.examples.with.different.packagename.testcarver for class com/examples/with/different/packagename/testcarver/ClassWithPublicFieldReadingTestCase
// class version 52.0 (52)
// access flags 0x21
public class com/examples/with/different/packagename/testcarver/ClassWithPublicFieldReadingTestCase {

  // compiled from: ClassWithPublicFieldReadingTestCase.java

  // access flags 0x2
  private _sw_prototype_original_init_sw_prototype_original_()V
    ALOAD 0
    INVOKESTATIC org/evosuite/testcarver/capture/FieldRegistry.register (Ljava/lang/Object;)V
    RETURN
   L0
    LOCALVARIABLE this Lcom/examples/with/different/packagename/testcarver/ClassWithPublicFieldReadingTestCase; L1 L0 0
    MAXSTACK = 5
    MAXLOCALS = 1

  // access flags 0x2
  private _sw_prototype_original_test2()V
   L0
    LINENUMBER 32 L0
    NEW com/examples/with/different/packagename/testcarver/ClassWithPublicField
    DUP
    INVOKESPECIAL com/examples/with/different/packagename/testcarver/ClassWithPublicField.<init> ()V
    ASTORE 1
   L1
    LINENUMBER 33 L1
    ALOAD 1
    DUP
    GETFIELD com/examples/with/different/packagename/testcarver/ClassWithPublicField.x : Ljava/util/Locale;
    SWAP
    LDC -2147483637
    LDC "com/examples/with/different/packagename/testcarver/ClassWithPublicField"
    LDC "x"
    LDC "Ljava/util/Locale;"
    INVOKESTATIC org/evosuite/testcarver/capture/FieldRegistry.notifyReadAccess (Ljava/lang/Object;ILjava/lang/String;Ljava/lang/String;Ljava/lang/String;)V
    ASTORE 2
   L2
    LINENUMBER 34 L2
    ALOAD 1
    ALOAD 2
    INVOKEVIRTUAL com/examples/with/different/packagename/testcarver/ClassWithPublicField.testMe (Ljava/util/Locale;)Z
    INVOKESTATIC org/junit/Assert.assertTrue (Z)V
   L3
    LINENUMBER 35 L3
    RETURN
   L4
    LOCALVARIABLE this Lcom/examples/with/different/packagename/testcarver/ClassWithPublicFieldReadingTestCase; L0 L4 0
    LOCALVARIABLE x Lcom/examples/with/different/packagename/testcarver/ClassWithPublicField; L1 L4 1
    LOCALVARIABLE y Ljava/util/Locale; L2 L4 2
    MAXSTACK = 6
    MAXLOCALS = 3

  // access flags 0x1
  public <init>()V
    TRYCATCHBLOCK L0 L1 L1 java/lang/Throwable
   L2
    LINENUMBER 27 L2
    ALOAD 0
    INVOKESPECIAL java/lang/Object.<init> ()V
   L0
    LDC -2147483638
    ALOAD 0
    LDC "<init>"
    LDC "()V"
    BIPUSH 0
    ANEWARRAY java/lang/Object
    INVOKESTATIC org/evosuite/testcarver/capture/Capturer.capture (ILjava/lang/Object;Ljava/lang/String;Ljava/lang/String;[Ljava/lang/Object;)V
    ALOAD 0
    INVOKEVIRTUAL com/examples/with/different/packagename/testcarver/ClassWithPublicFieldReadingTestCase._sw_prototype_original_init_sw_prototype_original_ ()V
    GOTO L3
   L1
   FRAME SAME1 java/lang/Throwable
    ASTORE 1
    LDC -2147483638
    ALOAD 0
    GETSTATIC org/evosuite/testcarver/capture/CaptureLog.RETURN_TYPE_VOID : Ljava/lang/Object;
    INVOKESTATIC org/evosuite/testcarver/capture/Capturer.enable (ILjava/lang/Object;Ljava/lang/Object;)V
    ALOAD 1
    ATHROW
   L3
   FRAME SAME
    LDC -2147483638
    ALOAD 0
    GETSTATIC org/evosuite/testcarver/capture/CaptureLog.RETURN_TYPE_VOID : Ljava/lang/Object;
    INVOKESTATIC org/evosuite/testcarver/capture/Capturer.enable (ILjava/lang/Object;Ljava/lang/Object;)V
    RETURN
    MAXSTACK = 5
    MAXLOCALS = 0

  // access flags 0x1
  public test2()V
  @Lorg/junit/Test;()
    TRYCATCHBLOCK L0 L1 L1 java/lang/Throwable
   L0
    LDC -2147483636
    ALOAD 0
    LDC "test2"
    LDC "()V"
    BIPUSH 0
    ANEWARRAY java/lang/Object
    INVOKESTATIC org/evosuite/testcarver/capture/Capturer.capture (ILjava/lang/Object;Ljava/lang/String;Ljava/lang/String;[Ljava/lang/Object;)V
    ALOAD 0
    INVOKEVIRTUAL com/examples/with/different/packagename/testcarver/ClassWithPublicFieldReadingTestCase._sw_prototype_original_test2 ()V
    GOTO L2
   L1
   FRAME SAME1 java/lang/Throwable
    ASTORE 1
    LDC -2147483636
    ALOAD 0
    GETSTATIC org/evosuite/testcarver/capture/CaptureLog.RETURN_TYPE_VOID : Ljava/lang/Object;
    INVOKESTATIC org/evosuite/testcarver/capture/Capturer.enable (ILjava/lang/Object;Ljava/lang/Object;)V
    ALOAD 1
    ATHROW
   L2
   FRAME SAME
    LDC -2147483636
    ALOAD 0
    GETSTATIC org/evosuite/testcarver/capture/CaptureLog.RETURN_TYPE_VOID : Ljava/lang/Object;
    INVOKESTATIC org/evosuite/testcarver/capture/Capturer.enable (ILjava/lang/Object;Ljava/lang/Object;)V
    RETURN
    MAXSTACK = 6
    MAXLOCALS = 0
}
INFO  org.evosuite.testcarver.extraction.CarvingClassLoader - Keeping class: com.examples.with.different.packagename.testcarver.ClassWithPublicFieldReadingTestCase
INFO  org.evosuite.testcarver.extraction.CarvingRunListener - Not yet reached maximum time to carve unit tests - executing test with carver
INFO  org.evosuite.testcarver.capture.Capturer - Starting Capturer...
INFO  org.evosuite.testcarver.capture.Capturer - Capturer has been started successfully
INFO  org.evosuite.testcarver.capture.Capturer - Stopping Capturer...
INFO  org.evosuite.testcarver.capture.Capturer - Capturer has been stopped successfully
INFO  evo_logger -  - Carving test com.examples.with.different.packagename.testcarver.ClassWithPublicFieldReadingTestCase.test2
INFO  org.evosuite.testcarver.extraction.CarvingRunListener - Carved test of length 3
INFO  org.evosuite.utils.generic.GenericTypeInference - Type map empty
INFO  org.evosuite.testcarver.extraction.CarvingManager - Result: 0/1
INFO  org.evosuite.testcase.execution.TestCaseExecutor - No stalled threads
INFO  org.evosuite.testcarver.extraction.CarvingManager - Adding carved test without exception
INFO  org.evosuite.testcarver.extraction.CarvingManager - ClassWithPublicField classWithPublicField0 = new ClassWithPublicField();
Locale locale0 = Locale.CHINESE;
classWithPublicField0.testMe(locale0);

INFO  evo_logger -  -> Carved 1 tests for class class com.examples.with.different.packagename.testcarver.ClassWithPublicField from existing JUnit tests
INFO  evo_logger - * Using 1 carved tests from existing JUnit tests for seeding
INFO  org.evosuite.coverage.branch.BranchPool - Found matching class for branch count: com.examples.with.different.packagename.testcarver.ClassWithPublicField/com.examples.with.different.packagename.testcarver.ClassWithPublicField
INFO  org.evosuite.coverage.branch.BranchCoverageSuiteFitness - Total branch coverage goals: 3
INFO  org.evosuite.coverage.branch.BranchCoverageSuiteFitness - Total branches: 1
INFO  org.evosuite.coverage.branch.BranchCoverageSuiteFitness - Total branchless methods: 1
INFO  org.evosuite.coverage.branch.BranchCoverageSuiteFitness - Total methods: 2: [com.examples.with.different.packagename.testcarver.ClassWithPublicField.testMe(Ljava/util/Locale;)Z, com.examples.with.different.packagename.testcarver.ClassWithPublicField.<init>()V]
INFO  org.evosuite.coverage.branch.BranchCoverageSuiteFitness - (Branches) Best individual covers 1/2 branches and 2/2 methods
INFO  org.evosuite.coverage.branch.BranchCoverageSuiteFitness - Fitness: 1.0, size: 1, length: 3
INFO  org.evosuite.coverage.branch.BranchCoverageSuiteFitness - (Methods) Best individual covers 1/2 branches and 2/2 methods
INFO  org.evosuite.coverage.branch.BranchCoverageSuiteFitness - Fitness: 1.0, size: 1, length: 3
INFO  org.evosuite.coverage.branch.BranchCoverageSuiteFitness - (Fitness) Best individual covers 1/2 branches and 2/2 methods
INFO  org.evosuite.coverage.branch.BranchCoverageSuiteFitness - Fitness: 1.0, size: 1, length: 3
INFO  org.evosuite.testcase.factories.JUnitTestCarvedChromosomeFactory - Cloning user test
ClassWithPublicField classWithPublicField0 = new ClassWithPublicField();
Locale locale0 = Locale.CHINESE;
classWithPublicField0.testMe(locale0);

INFO  org.evosuite.TestGenerationContext - *** Resetting context
INFO  org.evosuite.testcase.execution.TestCaseExecutor - TestCaseExecutor instance is non-null, but its actual executor is null
INFO  org.evosuite.TestGenerationContext - *** Resetting context
INFO  org.evosuite.testcase.execution.TestCaseExecutor - TestCaseExecutor instance is non-null, but its actual executor is null
INFO  org.evosuite.instrumentation.InstrumentingClassLoader - Seeing class for first time: com.examples.with.different.packagename.testcarver.DateConverter
INFO  org.evosuite.instrumentation.BytecodeInstrumentation - Starting transformation of com/examples/with/different/packagename/testcarver/DateConverter
INFO  org.evosuite.instrumentation.testability.StringTransformation - Current method: <init>
INFO  org.evosuite.instrumentation.testability.StringTransformation - Current method: <init>
INFO  org.evosuite.instrumentation.testability.StringTransformation - Current method: getDefaultType
INFO  org.evosuite.runtime.instrumentation.MethodCallReplacementClassAdapter - Adding mock interface to class com/examples/with/different/packagename/testcarver/DateConverter
INFO  org.evosuite.graphs.cfg.CFGClassAdapter - Analyzing CFG of com/examples/with/different/packagename/testcarver/DateConverter
INFO  org.evosuite.graphs.cfg.CFGMethodAdapter - Analyzing method <init>()V in class com.examples.with.different.packagename.testcarver.DateConverter
INFO  org.evosuite.graphs.cfg.CFGMethodAdapter - Generating CFG for method <init>()V
INFO  org.evosuite.graphs.cfg.RawControlFlowGraph - Creating new RawCFG for com.examples.with.different.packagename.testcarver.DateConverter.<init>()V: 0
INFO  org.evosuite.graphs.cfg.CFGMethodAdapter - Created CFG for method <init>()V
INFO  org.evosuite.graphs.cfg.CFGMethodAdapter - Instrumenting method <init>()V in class com.examples.with.different.packagename.testcarver.DateConverter
INFO  org.evosuite.graphs.cfg.CFGClassAdapter - Analyzing CFG of com/examples/with/different/packagename/testcarver/DateConverter
INFO  org.evosuite.graphs.cfg.CFGMethodAdapter - Analyzing method <init>(Ljava/lang/Object;)V in class com.examples.with.different.packagename.testcarver.DateConverter
INFO  org.evosuite.graphs.cfg.CFGMethodAdapter - Generating CFG for method <init>(Ljava/lang/Object;)V
INFO  org.evosuite.graphs.cfg.RawControlFlowGraph - Creating new RawCFG for com.examples.with.different.packagename.testcarver.DateConverter.<init>(Ljava/lang/Object;)V: 0
INFO  org.evosuite.graphs.cfg.CFGMethodAdapter - Created CFG for method <init>(Ljava/lang/Object;)V
INFO  org.evosuite.graphs.cfg.CFGMethodAdapter - Instrumenting method <init>(Ljava/lang/Object;)V in class com.examples.with.different.packagename.testcarver.DateConverter
INFO  org.evosuite.graphs.cfg.CFGClassAdapter - Analyzing CFG of com/examples/with/different/packagename/testcarver/DateConverter
INFO  org.evosuite.graphs.cfg.CFGMethodAdapter - Analyzing method getDefaultType()Ljava/lang/Class; in class com.examples.with.different.packagename.testcarver.DateConverter
INFO  org.evosuite.graphs.cfg.CFGMethodAdapter - Generating CFG for method getDefaultType()Ljava/lang/Class;
INFO  org.evosuite.graphs.cfg.RawControlFlowGraph - Creating new RawCFG for com.examples.with.different.packagename.testcarver.DateConverter.getDefaultType()Ljava/lang/Class;: 0
INFO  org.evosuite.graphs.cfg.CFGMethodAdapter - Created CFG for method getDefaultType()Ljava/lang/Class;
INFO  org.evosuite.graphs.cfg.CFGMethodAdapter - Instrumenting method getDefaultType()Ljava/lang/Class; in class com.examples.with.different.packagename.testcarver.DateConverter
INFO  org.evosuite.runtime.instrumentation.CreateClassResetClassAdapter - Creating brand-new static initializer in class com/examples/with/different/packagename/testcarver/DateConverter
INFO  org.evosuite.instrumentation.InstrumentingClassLoader - Seeing class for first time: com.examples.with.different.packagename.testcarver.DateTimeConverter
INFO  org.evosuite.instrumentation.BytecodeInstrumentation - Starting transformation of com/examples/with/different/packagename/testcarver/DateTimeConverter
INFO  org.evosuite.runtime.instrumentation.MethodCallReplacementClassAdapter - Adding mock interface to class com/examples/with/different/packagename/testcarver/DateTimeConverter
INFO  org.evosuite.runtime.instrumentation.CreateClassResetClassAdapter - Creating brand-new static initializer in class com/examples/with/different/packagename/testcarver/DateTimeConverter
INFO  org.evosuite.instrumentation.InstrumentingClassLoader - Seeing class for first time: com.examples.with.different.packagename.testcarver.AbstractConverter
INFO  org.evosuite.instrumentation.BytecodeInstrumentation - Starting transformation of com/examples/with/different/packagename/testcarver/AbstractConverter
INFO  org.evosuite.runtime.instrumentation.MethodCallReplacementClassAdapter - Adding mock interface to class com/examples/with/different/packagename/testcarver/AbstractConverter
INFO  org.evosuite.instrumentation.EndOfClassInitializerVisitor - Creating <clinit> in class com/examples/with/different/packagename/testcarver/AbstractConverter
INFO  org.evosuite.runtime.instrumentation.CreateClassResetClassAdapter - Found static initializer in class com/examples/with/different/packagename/testcarver/AbstractConverter
INFO  org.evosuite.instrumentation.InstrumentingClassLoader - Seeing class for first time: com.examples.with.different.packagename.testcarver.Converter
INFO  org.evosuite.instrumentation.BytecodeInstrumentation - Starting transformation of com/examples/with/different/packagename/testcarver/Converter
INFO  org.evosuite.instrumentation.InstrumentingClassLoader - Loaded class: com.examples.with.different.packagename.testcarver.Converter
INFO  org.evosuite.instrumentation.InstrumentingClassLoader - Loaded class: com.examples.with.different.packagename.testcarver.AbstractConverter
INFO  org.evosuite.instrumentation.InstrumentingClassLoader - Loaded class: com.examples.with.different.packagename.testcarver.DateTimeConverter
INFO  org.evosuite.instrumentation.InstrumentingClassLoader - Loaded class: com.examples.with.different.packagename.testcarver.DateConverter
INFO  evo_logger - * Executing tests from 1 test class for carving
INFO  org.evosuite.testcarver.extraction.CarvingClassLoader - Seeing class for first time: com.examples.with.different.packagename.testcarver.DateConverter
WARN  org.evosuite.testcarver.extraction.CarvingClassLoader - Instrumenting class 'com.examples.with.different.packagename.testcarver.DateConverter'.
INFO  org.evosuite.testcarver.instrument.Instrumenter - Checking package com.examples.with.different.packagename.testcarver for class com/examples/with/different/packagename/testcarver/DateConverter
// class version 52.0 (52)
// access flags 0x31
public final class com/examples/with/different/packagename/testcarver/DateConverter extends com/examples/with/different/packagename/testcarver/DateTimeConverter {

  // compiled from: DateConverter.java

  // access flags 0x2
  private _sw_prototype_original_init_sw_prototype_original_()V
    ALOAD 0
    INVOKESTATIC org/evosuite/testcarver/capture/FieldRegistry.register (Ljava/lang/Object;)V
   L0
    LINENUMBER 47 L0
    RETURN
   L1
    LOCALVARIABLE this Lcom/examples/with/different/packagename/testcarver/DateConverter; L2 L1 0
    MAXSTACK = 5
    MAXLOCALS = 1

  // access flags 0x2
  private _sw_prototype_original_init_sw_prototype_original_(Ljava/lang/Object;)V
    ALOAD 0
    INVOKESTATIC org/evosuite/testcarver/capture/FieldRegistry.register (Ljava/lang/Object;)V
   L0
    LINENUMBER 59 L0
    RETURN
   L1
    LOCALVARIABLE this Lcom/examples/with/different/packagename/testcarver/DateConverter; L2 L1 0
    LOCALVARIABLE defaultValue Ljava/lang/Object; L2 L1 1
    MAXSTACK = 6
    MAXLOCALS = 2

  // access flags 0x4
  protected getDefaultType()Ljava/lang/Class;
   L0
    LINENUMBER 67 L0
    LDC Ljava/util/Date;.class
    ARETURN
   L1
    LOCALVARIABLE this Lcom/examples/with/different/packagename/testcarver/DateConverter; L0 L1 0
    MAXSTACK = 1
    MAXLOCALS = 1

  // access flags 0x1
  public <init>()V
    TRYCATCHBLOCK L0 L1 L1 java/lang/Throwable
   L2
    LINENUMBER 46 L2
    ALOAD 0
    INVOKESPECIAL com/examples/with/different/packagename/testcarver/DateTimeConverter.<init> ()V
   L0
    LDC -2147483644
    ALOAD 0
    LDC "<init>"
    LDC "()V"
    BIPUSH 0
    ANEWARRAY java/lang/Object
    INVOKESTATIC org/evosuite/testcarver/capture/Capturer.capture (ILjava/lang/Object;Ljava/lang/String;Ljava/lang/String;[Ljava/lang/Object;)V
    ALOAD 0
    INVOKEVIRTUAL com/examples/with/different/packagename/testcarver/DateConverter._sw_prototype_original_init_sw_prototype_original_ ()V
    GOTO L3
   L1
   FRAME SAME1 java/lang/Throwable
    ASTORE 1
    LDC -2147483644
    ALOAD 0
    GETSTATIC org/evosuite/testcarver/capture/CaptureLog.RETURN_TYPE_VOID : Ljava/lang/Object;
    INVOKESTATIC org/evosuite/testcarver/capture/Capturer.enable (ILjava/lang/Object;Ljava/lang/Object;)V
    ALOAD 1
    ATHROW
   L3
   FRAME SAME
    LDC -2147483644
    ALOAD 0
    GETSTATIC org/evosuite/testcarver/capture/CaptureLog.RETURN_TYPE_VOID : Ljava/lang/Object;
    INVOKESTATIC org/evosuite/testcarver/capture/Capturer.enable (ILjava/lang/Object;Ljava/lang/Object;)V
    RETURN
    MAXSTACK = 5
    MAXLOCALS = 0

  // access flags 0x1
  public <init>(Ljava/lang/Object;)V
    TRYCATCHBLOCK L0 L1 L1 java/lang/Throwable
   L2
    LINENUMBER 58 L2
    ALOAD 0
    ALOAD 1
    INVOKESPECIAL com/examples/with/different/packagename/testcarver/DateTimeConverter.<init> (Ljava/lang/Object;)V
   L0
    LDC -2147483643
    ALOAD 0
    LDC "<init>"
    LDC "(Ljava/lang/Object;)V"
    BIPUSH 1
    ANEWARRAY java/lang/Object
    DUP
    BIPUSH 0
    ALOAD 1
    AASTORE
    INVOKESTATIC org/evosuite/testcarver/capture/Capturer.capture (ILjava/lang/Object;Ljava/lang/String;Ljava/lang/String;[Ljava/lang/Object;)V
    ALOAD 0
    ALOAD 1
    INVOKEVIRTUAL com/examples/with/different/packagename/testcarver/DateConverter._sw_prototype_original_init_sw_prototype_original_ (Ljava/lang/Object;)V
    GOTO L3
   L1
   FRAME SAME1 java/lang/Throwable
    ASTORE 2
    LDC -2147483643
    ALOAD 0
    GETSTATIC org/evosuite/testcarver/capture/CaptureLog.RETURN_TYPE_VOID : Ljava/lang/Object;
    INVOKESTATIC org/evosuite/testcarver/capture/Capturer.enable (ILjava/lang/Object;Ljava/lang/Object;)V
    ALOAD 2
    ATHROW
   L3
   FRAME SAME
    LDC -2147483643
    ALOAD 0
    GETSTATIC org/evosuite/testcarver/capture/CaptureLog.RETURN_TYPE_VOID : Ljava/lang/Object;
    INVOKESTATIC org/evosuite/testcarver/capture/Capturer.enable (ILjava/lang/Object;Ljava/lang/Object;)V
    RETURN
    MAXSTACK = 6
    MAXLOCALS = 0
}
INFO  org.evosuite.testcarver.extraction.CarvingClassLoader - Seeing class for first time: com.examples.with.different.packagename.testcarver.DateTimeConverter
WARN  org.evosuite.testcarver.extraction.CarvingClassLoader - Instrumenting class 'com.examples.with.different.packagename.testcarver.DateTimeConverter'.
INFO  org.evosuite.testcarver.instrument.Instrumenter - Checking package com.examples.with.different.packagename.testcarver for class com/examples/with/different/packagename/testcarver/DateTimeConverter
// class version 52.0 (52)
// access flags 0x421
public abstract class com/examples/with/different/packagename/testcarver/DateTimeConverter extends com/examples/with/different/packagename/testcarver/AbstractConverter {

  // compiled from: DateTimeConverter.java

  // access flags 0x2
  private [Ljava/lang/String; patterns

  // access flags 0x2
  private Ljava/lang/String; displayPatterns

  // access flags 0x2
  private Ljava/util/Locale; locale

  // access flags 0x2
  private Ljava/util/TimeZone; timeZone

  // access flags 0x2
  private Z useLocaleFormat

  // access flags 0x1
  public <init>()V
   L0
    LINENUMBER 99 L0
    ALOAD 0
    INVOKESPECIAL com/examples/with/different/packagename/testcarver/AbstractConverter.<init> ()V
   L1
    LINENUMBER 100 L1
    RETURN
   L2
    LOCALVARIABLE this Lcom/examples/with/different/packagename/testcarver/DateTimeConverter; L0 L2 0
    MAXSTACK = 1
    MAXLOCALS = 1

  // access flags 0x1
  public <init>(Ljava/lang/Object;)V
   L0
    LINENUMBER 111 L0
    ALOAD 0
    ALOAD 1
    INVOKESPECIAL com/examples/with/different/packagename/testcarver/AbstractConverter.<init> (Ljava/lang/Object;)V
   L1
    LINENUMBER 112 L1
    RETURN
   L2
    LOCALVARIABLE this Lcom/examples/with/different/packagename/testcarver/DateTimeConverter; L0 L2 0
    LOCALVARIABLE defaultValue Ljava/lang/Object; L0 L2 1
    MAXSTACK = 2
    MAXLOCALS = 2

  // access flags 0x2
  private _sw_prototype_original_setUseLocaleFormat(Z)V
   L0
    LINENUMBER 124 L0
    ALOAD 0
    ILOAD 1
    DUP2
    PUTFIELD com/examples/with/different/packagename/testcarver/DateTimeConverter.useLocaleFormat : Z
    POP
    LDC -2147483642
    LDC "com/examples/with/different/packagename/testcarver/DateTimeConverter"
    LDC "useLocaleFormat"
    LDC "Z"
    INVOKESTATIC org/evosuite/testcarver/capture/FieldRegistry.notifyModification (Ljava/lang/Object;ILjava/lang/String;Ljava/lang/String;Ljava/lang/String;)V
   L1
    LINENUMBER 125 L1
    RETURN
   L2
    LOCALVARIABLE this Lcom/examples/with/different/packagename/testcarver/DateTimeConverter; L0 L2 0
    LOCALVARIABLE useLocaleFormat Z L0 L2 1
    MAXSTACK = 6
    MAXLOCALS = 2

  // access flags 0x2
  private _sw_prototype_original_getTimeZone()Ljava/util/TimeZone;
   L0
    LINENUMBER 134 L0
    ALOAD 0
    DUP
    GETFIELD com/examples/with/different/packagename/testcarver/DateTimeConverter.timeZone : Ljava/util/TimeZone;
    SWAP
    LDC -2147483639
    LDC "com/examples/with/different/packagename/testcarver/DateTimeConverter"
    LDC "timeZone"
    LDC "Ljava/util/TimeZone;"
    INVOKESTATIC org/evosuite/testcarver/capture/FieldRegistry.notifyReadAccess (Ljava/lang/Object;ILjava/lang/String;Ljava/lang/String;Ljava/lang/String;)V
    ARETURN
   L1
    LOCALVARIABLE this Lcom/examples/with/different/packagename/testcarver/DateTimeConverter; L0 L1 0
    MAXSTACK = 5
    MAXLOCALS = 1

  // access flags 0x2
  private _sw_prototype_original_setTimeZone(Ljava/util/TimeZone;)V
   L0
    LINENUMBER 143 L0
    ALOAD 0
    ALOAD 1
    DUP2
    PUTFIELD com/examples/with/different/packagename/testcarver/DateTimeConverter.timeZone : Ljava/util/TimeZone;
    POP
    LDC -2147483637
    LDC "com/examples/with/different/packagename/testcarver/DateTimeConverter"
    LDC "timeZone"
    LDC "Ljava/util/TimeZone;"
    INVOKESTATIC org/evosuite/testcarver/capture/FieldRegistry.notifyModification (Ljava/lang/Object;ILjava/lang/String;Ljava/lang/String;Ljava/lang/String;)V
   L1
    LINENUMBER 144 L1
    RETURN
   L2
    LOCALVARIABLE this Lcom/examples/with/different/packagename/testcarver/DateTimeConverter; L0 L2 0
    LOCALVARIABLE timeZone Ljava/util/TimeZone; L0 L2 1
    MAXSTACK = 6
    MAXLOCALS = 2

  // access flags 0x2
  private _sw_prototype_original_getLocale()Ljava/util/Locale;
   L0
    LINENUMBER 153 L0
    ALOAD 0
    DUP
    GETFIELD com/examples/with/different/packagename/testcarver/DateTimeConverter.locale : Ljava/util/Locale;
    SWAP
    LDC -2147483634
    LDC "com/examples/with/different/packagename/testcarver/DateTimeConverter"
    LDC "locale"
    LDC "Ljava/util/Locale;"
    INVOKESTATIC org/evosuite/testcarver/capture/FieldRegistry.notifyReadAccess (Ljava/lang/Object;ILjava/lang/String;Ljava/lang/String;Ljava/lang/String;)V
    ARETURN
   L1
    LOCALVARIABLE this Lcom/examples/with/different/packagename/testcarver/DateTimeConverter; L0 L1 0
    MAXSTACK = 5
    MAXLOCALS = 1

  // access flags 0x2
  private _sw_prototype_original_setLocale(Ljava/util/Locale;)V
   L0
    LINENUMBER 162 L0
    ALOAD 0
    ALOAD 1
    DUP2
    PUTFIELD com/examples/with/different/packagename/testcarver/DateTimeConverter.locale : Ljava/util/Locale;
    POP
    LDC -2147483632
    LDC "com/examples/with/different/packagename/testcarver/DateTimeConverter"
    LDC "locale"
    LDC "Ljava/util/Locale;"
    INVOKESTATIC org/evosuite/testcarver/capture/FieldRegistry.notifyModification (Ljava/lang/Object;ILjava/lang/String;Ljava/lang/String;Ljava/lang/String;)V
   L1
    LINENUMBER 163 L1
    ALOAD 0
    ICONST_1
    INVOKEVIRTUAL com/examples/with/different/packagename/testcarver/DateTimeConverter.setUseLocaleFormat (Z)V
   L2
    LINENUMBER 164 L2
    RETURN
   L3
    LOCALVARIABLE this Lcom/examples/with/different/packagename/testcarver/DateTimeConverter; L0 L3 0
    LOCALVARIABLE locale Ljava/util/Locale; L0 L3 1
    MAXSTACK = 6
    MAXLOCALS = 2

  // access flags 0x2
  private _sw_prototype_original_setPattern(Ljava/lang/String;)V
   L0
    LINENUMBER 174 L0
    ALOAD 0
    ICONST_1
    ANEWARRAY java/lang/String
    DUP
    ICONST_0
    ALOAD 1
    AASTORE
    INVOKEVIRTUAL com/examples/with/different/packagename/testcarver/DateTimeConverter.setPatterns ([Ljava/lang/String;)V
   L1
    LINENUMBER 175 L1
    RETURN
   L2
    LOCALVARIABLE this Lcom/examples/with/different/packagename/testcarver/DateTimeConverter; L0 L2 0
    LOCALVARIABLE pattern Ljava/lang/String; L0 L2 1
    MAXSTACK = 9
    MAXLOCALS = 2

  // access flags 0x2
  private _sw_prototype_original_getPatterns()[Ljava/lang/String;
   L0
    LINENUMBER 186 L0
    ALOAD 0
    DUP
    GETFIELD com/examples/with/different/packagename/testcarver/DateTimeConverter.patterns : [Ljava/lang/String;
    SWAP
    LDC -2147483628
    LDC "com/examples/with/different/packagename/testcarver/DateTimeConverter"
    LDC "patterns"
    LDC "[Ljava/lang/String;"
    INVOKESTATIC org/evosuite/testcarver/capture/FieldRegistry.notifyReadAccess (Ljava/lang/Object;ILjava/lang/String;Ljava/lang/String;Ljava/lang/String;)V
    ARETURN
   L1
    LOCALVARIABLE this Lcom/examples/with/different/packagename/testcarver/DateTimeConverter; L0 L1 0
    MAXSTACK = 5
    MAXLOCALS = 1

  // access flags 0x2
  private _sw_prototype_original_setPatterns([Ljava/lang/String;)V
   L0
    LINENUMBER 197 L0
    ALOAD 0
    ALOAD 1
    DUP2
    PUTFIELD com/examples/with/different/packagename/testcarver/DateTimeConverter.patterns : [Ljava/lang/String;
    POP
    LDC -2147483626
    LDC "com/examples/with/different/packagename/testcarver/DateTimeConverter"
    LDC "patterns"
    LDC "[Ljava/lang/String;"
    INVOKESTATIC org/evosuite/testcarver/capture/FieldRegistry.notifyModification (Ljava/lang/Object;ILjava/lang/String;Ljava/lang/String;Ljava/lang/String;)V
   L1
    LINENUMBER 198 L1
    ALOAD 1
    IFNULL L2
    ALOAD 1
    ARRAYLENGTH
    ICONST_1
    IF_ICMPLE L2
   L3
    LINENUMBER 199 L3
    NEW java/lang/StringBuffer
    DUP
    INVOKESPECIAL java/lang/StringBuffer.<init> ()V
    ASTORE 2
   L4
    LINENUMBER 200 L4
    ICONST_0
    ISTORE 3
   L5
    ILOAD 3
    ALOAD 1
    ARRAYLENGTH
    IF_ICMPGE L6
   L7
    LINENUMBER 201 L7
    ILOAD 3
    IFLE L8
   L9
    LINENUMBER 202 L9
    ALOAD 2
    LDC ", "
    INVOKEVIRTUAL java/lang/StringBuffer.append (Ljava/lang/String;)Ljava/lang/StringBuffer;
    POP
   L8
    LINENUMBER 204 L8
    ALOAD 2
    ALOAD 1
    ILOAD 3
    AALOAD
    INVOKEVIRTUAL java/lang/StringBuffer.append (Ljava/lang/String;)Ljava/lang/StringBuffer;
    POP
   L10
    LINENUMBER 200 L10
    IINC 3 1
    GOTO L5
   L6
    LINENUMBER 206 L6
    ALOAD 0
    ALOAD 2
    INVOKEVIRTUAL java/lang/StringBuffer.toString ()Ljava/lang/String;
    DUP2
    PUTFIELD com/examples/with/different/packagename/testcarver/DateTimeConverter.displayPatterns : Ljava/lang/String;
    POP
    LDC -2147483624
    LDC "com/examples/with/different/packagename/testcarver/DateTimeConverter"
    LDC "displayPatterns"
    LDC "Ljava/lang/String;"
    INVOKESTATIC org/evosuite/testcarver/capture/FieldRegistry.notifyModification (Ljava/lang/Object;ILjava/lang/String;Ljava/lang/String;Ljava/lang/String;)V
   L2
    LINENUMBER 208 L2
    ALOAD 0
    ICONST_1
    INVOKEVIRTUAL com/examples/with/different/packagename/testcarver/DateTimeConverter.setUseLocaleFormat (Z)V
   L11
    LINENUMBER 209 L11
    RETURN
   L12
    LOCALVARIABLE i I L5 L6 3
    LOCALVARIABLE buffer Ljava/lang/StringBuffer; L4 L2 2
    LOCALVARIABLE this Lcom/examples/with/different/packagename/testcarver/DateTimeConverter; L0 L12 0
    LOCALVARIABLE patterns [Ljava/lang/String; L0 L12 1
    MAXSTACK = 7
    MAXLOCALS = 4

  // access flags 0x4
  protected convertToString(Ljava/lang/Object;)Ljava/lang/String; throws java/lang/Throwable
   L0
    LINENUMBER 228 L0
    ACONST_NULL
    ASTORE 2
   L1
    LINENUMBER 229 L1
    ALOAD 1
    INSTANCEOF java/util/Date
    IFEQ L2
   L3
    LINENUMBER 230 L3
    ALOAD 1
    CHECKCAST org/evosuite/testcarver/wrapper/java/util/Date
    ASTORE 2
    GOTO L4
   L2
    LINENUMBER 231 L2
    ALOAD 1
    INSTANCEOF java/util/Calendar
    IFEQ L5
   L6
    LINENUMBER 232 L6
    ALOAD 1
    CHECKCAST org/evosuite/testcarver/wrapper/java/util/Calendar
    INVOKESTATIC org/evosuite/testcarver/wrapper/java/util/Calendar.getTime (Ljava/util/Calendar;)Ljava/util/Date;
    ASTORE 2
    GOTO L4
   L5
    LINENUMBER 233 L5
    ALOAD 1
    INSTANCEOF java/lang/Long
    IFEQ L4
   L7
    LINENUMBER 234 L7
    NEW org/evosuite/testcarver/wrapper/java/util/Date
    DUP
    ALOAD 1
    CHECKCAST java/lang/Long
    INVOKEVIRTUAL java/lang/Long.longValue ()J
    INVOKESPECIAL org/evosuite/testcarver/wrapper/java/util/Date.<init> (J)V
    ASTORE 2
   L4
    LINENUMBER 237 L4
    ACONST_NULL
    ASTORE 3
   L8
    LINENUMBER 238 L8
    ALOAD 0
    GETFIELD com/examples/with/different/packagename/testcarver/DateTimeConverter.useLocaleFormat : Z
    IFEQ L9
    ALOAD 2
    IFNULL L9
   L10
    LINENUMBER 239 L10
    ACONST_NULL
    ASTORE 4
   L11
    LINENUMBER 240 L11
    ALOAD 0
    GETFIELD com/examples/with/different/packagename/testcarver/DateTimeConverter.patterns : [Ljava/lang/String;
    IFNULL L12
    ALOAD 0
    GETFIELD com/examples/with/different/packagename/testcarver/DateTimeConverter.patterns : [Ljava/lang/String;
    ARRAYLENGTH
    IFLE L12
   L13
    LINENUMBER 241 L13
    ALOAD 0
    ALOAD 0
    GETFIELD com/examples/with/different/packagename/testcarver/DateTimeConverter.patterns : [Ljava/lang/String;
    ICONST_0
    AALOAD
    INVOKESPECIAL com/examples/with/different/packagename/testcarver/DateTimeConverter.getFormat (Ljava/lang/String;)Ljava/text/DateFormat;
    ASTORE 4
    GOTO L14
   L12
    LINENUMBER 243 L12
    ALOAD 0
    ALOAD 0
    GETFIELD com/examples/with/different/packagename/testcarver/DateTimeConverter.locale : Ljava/util/Locale;
    ALOAD 0
    GETFIELD com/examples/with/different/packagename/testcarver/DateTimeConverter.timeZone : Ljava/util/TimeZone;
    INVOKEVIRTUAL com/examples/with/different/packagename/testcarver/DateTimeConverter.getFormat (Ljava/util/Locale;Ljava/util/TimeZone;)Ljava/text/DateFormat;
    ASTORE 4
   L14
    LINENUMBER 245 L14
    ALOAD 0
    LDC "Formatting"
    ALOAD 4
    INVOKESPECIAL com/examples/with/different/packagename/testcarver/DateTimeConverter.logFormat (Ljava/lang/String;Ljava/text/DateFormat;)V
   L15
    LINENUMBER 246 L15
    ALOAD 4
    ALOAD 2
    INVOKESTATIC org/evosuite/testcarver/wrapper/java/text/DateFormat.format (Ljava/text/DateFormat;Ljava/util/Date;)Ljava/lang/String;
    ASTORE 3
   L16
    LINENUMBER 247 L16
    GOTO L17
   L9
    LINENUMBER 248 L9
    ALOAD 1
    INVOKEVIRTUAL java/lang/Object.toString ()Ljava/lang/String;
    ASTORE 3
   L17
    LINENUMBER 250 L17
    ALOAD 3
    ARETURN
   L18
    LOCALVARIABLE format Ljava/text/DateFormat; L11 L16 4
    LOCALVARIABLE this Lcom/examples/with/different/packagename/testcarver/DateTimeConverter; L0 L18 0
    LOCALVARIABLE value Ljava/lang/Object; L0 L18 1
    LOCALVARIABLE date Ljava/util/Date; L1 L18 2
    LOCALVARIABLE result Ljava/lang/String; L8 L18 3
    MAXSTACK = 4
    MAXLOCALS = 5

  // access flags 0x4
  protected convertToType(Ljava/lang/Class;Ljava/lang/Object;)Ljava/lang/Object; throws java/lang/Exception
   L0
    LINENUMBER 284 L0
    ALOAD 2
    INVOKEVIRTUAL java/lang/Object.getClass ()Ljava/lang/Class;
    ASTORE 3
   L1
    LINENUMBER 287 L1
    ALOAD 2
    INSTANCEOF java/sql/Timestamp
    IFEQ L2
   L3
    LINENUMBER 293 L3
    ALOAD 2
    CHECKCAST java/sql/Timestamp
    ASTORE 4
   L4
    LINENUMBER 294 L4
    ALOAD 4
    INVOKEVIRTUAL java/sql/Timestamp.getTime ()J
    LDC 1000L
    LDIV
    LDC 1000L
    LMUL
    LSTORE 5
   L5
    LINENUMBER 295 L5
    LLOAD 5
    ALOAD 4
    INVOKEVIRTUAL java/sql/Timestamp.getNanos ()I
    LDC 1000000
    IDIV
    I2L
    LADD
    LSTORE 5
   L6
    LINENUMBER 297 L6
    ALOAD 0
    ALOAD 1
    LLOAD 5
    INVOKESPECIAL com/examples/with/different/packagename/testcarver/DateTimeConverter.toDate (Ljava/lang/Class;J)Ljava/lang/Object;
    ARETURN
   L2
    LINENUMBER 301 L2
    ALOAD 2
    INSTANCEOF java/util/Date
    IFEQ L7
   L8
    LINENUMBER 302 L8
    ALOAD 2
    CHECKCAST org/evosuite/testcarver/wrapper/java/util/Date
    ASTORE 4
   L9
    LINENUMBER 303 L9
    ALOAD 0
    ALOAD 1
    ALOAD 4
    INVOKEVIRTUAL java/util/Date.getTime ()J
    INVOKESPECIAL com/examples/with/different/packagename/testcarver/DateTimeConverter.toDate (Ljava/lang/Class;J)Ljava/lang/Object;
    ARETURN
   L7
    LINENUMBER 307 L7
    ALOAD 2
    INSTANCEOF java/util/Calendar
    IFEQ L10
   L11
    LINENUMBER 308 L11
    ALOAD 2
    CHECKCAST org/evosuite/testcarver/wrapper/java/util/Calendar
    ASTORE 4
   L12
    LINENUMBER 309 L12
    ALOAD 0
    ALOAD 1
    ALOAD 4
    INVOKESTATIC org/evosuite/testcarver/wrapper/java/util/Calendar.getTime (Ljava/util/Calendar;)Ljava/util/Date;
    INVOKEVIRTUAL java/util/Date.getTime ()J
    INVOKESPECIAL com/examples/with/different/packagename/testcarver/DateTimeConverter.toDate (Ljava/lang/Class;J)Ljava/lang/Object;
    ARETURN
   L10
    LINENUMBER 313 L10
    ALOAD 2
    INSTANCEOF java/lang/Long
    IFEQ L13
   L14
    LINENUMBER 314 L14
    ALOAD 2
    CHECKCAST java/lang/Long
    ASTORE 4
   L15
    LINENUMBER 315 L15
    ALOAD 0
    ALOAD 1
    ALOAD 4
    INVOKEVIRTUAL java/lang/Long.longValue ()J
    INVOKESPECIAL com/examples/with/different/packagename/testcarver/DateTimeConverter.toDate (Ljava/lang/Class;J)Ljava/lang/Object;
    ARETURN
   L13
    LINENUMBER 319 L13
    ALOAD 2
    INVOKEVIRTUAL java/lang/Object.toString ()Ljava/lang/String;
    INVOKEVIRTUAL java/lang/String.trim ()Ljava/lang/String;
    ASTORE 4
   L16
    LINENUMBER 320 L16
    ALOAD 4
    INVOKEVIRTUAL java/lang/String.length ()I
    IFNE L17
   L18
    LINENUMBER 321 L18
    ALOAD 0
    ALOAD 1
    INVOKEVIRTUAL com/examples/with/different/packagename/testcarver/DateTimeConverter.handleMissing (Ljava/lang/Class;)Ljava/lang/Object;
    ARETURN
   L17
    LINENUMBER 325 L17
    ALOAD 0
    GETFIELD com/examples/with/different/packagename/testcarver/DateTimeConverter.useLocaleFormat : Z
    IFEQ L19
   L20
    LINENUMBER 326 L20
    ACONST_NULL
    ASTORE 5
   L21
    LINENUMBER 327 L21
    ALOAD 0
    GETFIELD com/examples/with/different/packagename/testcarver/DateTimeConverter.patterns : [Ljava/lang/String;
    IFNULL L22
    ALOAD 0
    GETFIELD com/examples/with/different/packagename/testcarver/DateTimeConverter.patterns : [Ljava/lang/String;
    ARRAYLENGTH
    IFLE L22
   L23
    LINENUMBER 328 L23
    ALOAD 0
    ALOAD 3
    ALOAD 1
    ALOAD 4
    INVOKESPECIAL com/examples/with/different/packagename/testcarver/DateTimeConverter.parse (Ljava/lang/Class;Ljava/lang/Class;Ljava/lang/String;)Ljava/util/Calendar;
    ASTORE 5
    GOTO L24
   L22
    LINENUMBER 330 L22
    ALOAD 0
    ALOAD 0
    GETFIELD com/examples/with/different/packagename/testcarver/DateTimeConverter.locale : Ljava/util/Locale;
    ALOAD 0
    GETFIELD com/examples/with/different/packagename/testcarver/DateTimeConverter.timeZone : Ljava/util/TimeZone;
    INVOKEVIRTUAL com/examples/with/different/packagename/testcarver/DateTimeConverter.getFormat (Ljava/util/Locale;Ljava/util/TimeZone;)Ljava/text/DateFormat;
    ASTORE 6
   L25
    LINENUMBER 331 L25
    ALOAD 0
    ALOAD 3
    ALOAD 1
    ALOAD 4
    ALOAD 6
    INVOKESPECIAL com/examples/with/different/packagename/testcarver/DateTimeConverter.parse (Ljava/lang/Class;Ljava/lang/Class;Ljava/lang/String;Ljava/text/DateFormat;)Ljava/util/Calendar;
    ASTORE 5
   L24
    LINENUMBER 333 L24
    LDC Ljava/util/Calendar;.class
    ALOAD 1
    INVOKEVIRTUAL java/lang/Class.isAssignableFrom (Ljava/lang/Class;)Z
    IFEQ L26
   L27
    LINENUMBER 334 L27
    ALOAD 5
    ARETURN
   L26
    LINENUMBER 336 L26
    ALOAD 0
    ALOAD 1
    ALOAD 5
    INVOKESTATIC org/evosuite/testcarver/wrapper/java/util/Calendar.getTime (Ljava/util/Calendar;)Ljava/util/Date;
    INVOKEVIRTUAL java/util/Date.getTime ()J
    INVOKESPECIAL com/examples/with/different/packagename/testcarver/DateTimeConverter.toDate (Ljava/lang/Class;J)Ljava/lang/Object;
    ARETURN
   L19
    LINENUMBER 341 L19
    ALOAD 0
    ALOAD 1
    ALOAD 4
    INVOKESPECIAL com/examples/with/different/packagename/testcarver/DateTimeConverter.toDate (Ljava/lang/Class;Ljava/lang/String;)Ljava/lang/Object;
    ARETURN
   L28
    LOCALVARIABLE timestamp Ljava/sql/Timestamp; L4 L2 4
    LOCALVARIABLE timeInMillis J L5 L2 5
    LOCALVARIABLE date Ljava/util/Date; L9 L7 4
    LOCALVARIABLE calendar Ljava/util/Calendar; L12 L10 4
    LOCALVARIABLE longObj Ljava/lang/Long; L15 L13 4
    LOCALVARIABLE format Ljava/text/DateFormat; L25 L24 6
    LOCALVARIABLE calendar Ljava/util/Calendar; L21 L19 5
    LOCALVARIABLE this Lcom/examples/with/different/packagename/testcarver/DateTimeConverter; L0 L28 0
    LOCALVARIABLE targetType Ljava/lang/Class; L0 L28 1
    LOCALVARIABLE value Ljava/lang/Object; L0 L28 2
    LOCALVARIABLE sourceType Ljava/lang/Class; L1 L28 3
    LOCALVARIABLE stringValue Ljava/lang/String; L16 L28 4
    MAXSTACK = 5
    MAXLOCALS = 7

  // access flags 0x2
  private toDate(Ljava/lang/Class;J)Ljava/lang/Object;
   L0
    LINENUMBER 366 L0
    ALOAD 1
    LDC Ljava/util/Date;.class
    INVOKEVIRTUAL java/lang/Object.equals (Ljava/lang/Object;)Z
    IFEQ L1
   L2
    LINENUMBER 367 L2
    NEW org/evosuite/testcarver/wrapper/java/util/Date
    DUP
    LLOAD 2
    INVOKESPECIAL org/evosuite/testcarver/wrapper/java/util/Date.<init> (J)V
    ARETURN
   L1
    LINENUMBER 371 L1
    ALOAD 1
    LDC Ljava/sql/Date;.class
    INVOKEVIRTUAL java/lang/Object.equals (Ljava/lang/Object;)Z
    IFEQ L3
   L4
    LINENUMBER 372 L4
    NEW java/sql/Date
    DUP
    LLOAD 2
    INVOKESPECIAL java/sql/Date.<init> (J)V
    ARETURN
   L3
    LINENUMBER 376 L3
    ALOAD 1
    LDC Ljava/sql/Time;.class
    INVOKEVIRTUAL java/lang/Object.equals (Ljava/lang/Object;)Z
    IFEQ L5
   L6
    LINENUMBER 377 L6
    NEW java/sql/Time
    DUP
    LLOAD 2
    INVOKESPECIAL java/sql/Time.<init> (J)V
    ARETURN
   L5
    LINENUMBER 381 L5
    ALOAD 1
    LDC Ljava/sql/Timestamp;.class
    INVOKEVIRTUAL java/lang/Object.equals (Ljava/lang/Object;)Z
    IFEQ L7
   L8
    LINENUMBER 382 L8
    NEW java/sql/Timestamp
    DUP
    LLOAD 2
    INVOKESPECIAL java/sql/Timestamp.<init> (J)V
    ARETURN
   L7
    LINENUMBER 386 L7
    ALOAD 1
    LDC Ljava/util/Calendar;.class
    INVOKEVIRTUAL java/lang/Object.equals (Ljava/lang/Object;)Z
    IFEQ L9
   L10
    LINENUMBER 387 L10
    ACONST_NULL
    ASTORE 4
   L11
    LINENUMBER 388 L11
    ALOAD 0
    GETFIELD com/examples/with/different/packagename/testcarver/DateTimeConverter.locale : Ljava/util/Locale;
    IFNONNULL L12
    ALOAD 0
    GETFIELD com/examples/with/different/packagename/testcarver/DateTimeConverter.timeZone : Ljava/util/TimeZone;
    IFNONNULL L12
   L13
    LINENUMBER 389 L13
    INVOKESTATIC org/evosuite/testcarver/wrapper/java/util/Calendar.getInstance ()Ljava/util/Calendar;
    ASTORE 4
    GOTO L14
   L12
    LINENUMBER 390 L12
    ALOAD 0
    GETFIELD com/examples/with/different/packagename/testcarver/DateTimeConverter.locale : Ljava/util/Locale;
    IFNONNULL L15
   L16
    LINENUMBER 391 L16
    ALOAD 0
    GETFIELD com/examples/with/different/packagename/testcarver/DateTimeConverter.timeZone : Ljava/util/TimeZone;
    INVOKESTATIC org/evosuite/testcarver/wrapper/java/util/Calendar.getInstance (Ljava/util/TimeZone;)Ljava/util/Calendar;
    ASTORE 4
    GOTO L14
   L15
    LINENUMBER 392 L15
    ALOAD 0
    GETFIELD com/examples/with/different/packagename/testcarver/DateTimeConverter.timeZone : Ljava/util/TimeZone;
    IFNONNULL L17
   L18
    LINENUMBER 393 L18
    ALOAD 0
    GETFIELD com/examples/with/different/packagename/testcarver/DateTimeConverter.locale : Ljava/util/Locale;
    INVOKESTATIC org/evosuite/testcarver/wrapper/java/util/Calendar.getInstance (Ljava/util/Locale;)Ljava/util/Calendar;
    ASTORE 4
    GOTO L14
   L17
    LINENUMBER 395 L17
    ALOAD 0
    GETFIELD com/examples/with/different/packagename/testcarver/DateTimeConverter.timeZone : Ljava/util/TimeZone;
    ALOAD 0
    GETFIELD com/examples/with/different/packagename/testcarver/DateTimeConverter.locale : Ljava/util/Locale;
    INVOKESTATIC org/evosuite/testcarver/wrapper/java/util/Calendar.getInstance (Ljava/util/TimeZone;Ljava/util/Locale;)Ljava/util/Calendar;
    ASTORE 4
   L14
    LINENUMBER 397 L14
    ALOAD 4
    NEW org/evosuite/testcarver/wrapper/java/util/Date
    DUP
    LLOAD 2
    INVOKESPECIAL org/evosuite/testcarver/wrapper/java/util/Date.<init> (J)V
    INVOKESTATIC org/evosuite/testcarver/wrapper/java/util/Calendar.setTime (Ljava/util/Calendar;Ljava/util/Date;)V
   L19
    LINENUMBER 398 L19
    ALOAD 4
    ICONST_0
    INVOKEVIRTUAL java/util/Calendar.setLenient (Z)V
   L20
    LINENUMBER 399 L20
    ALOAD 4
    ARETURN
   L9
    LINENUMBER 402 L9
    NEW java/lang/StringBuilder
    DUP
    INVOKESPECIAL java/lang/StringBuilder.<init> ()V
    ALOAD 0
    ALOAD 0
    INVOKEVIRTUAL java/lang/Object.getClass ()Ljava/lang/Class;
    INVOKEVIRTUAL com/examples/with/different/packagename/testcarver/DateTimeConverter.toString (Ljava/lang/Class;)Ljava/lang/String;
    INVOKEVIRTUAL java/lang/StringBuilder.append (Ljava/lang/String;)Ljava/lang/StringBuilder;
    LDC " cannot handle conversion to '"
    INVOKEVIRTUAL java/lang/StringBuilder.append (Ljava/lang/String;)Ljava/lang/StringBuilder;
    ALOAD 0
    ALOAD 1
   L21
    LINENUMBER 403 L21
    INVOKEVIRTUAL com/examples/with/different/packagename/testcarver/DateTimeConverter.toString (Ljava/lang/Class;)Ljava/lang/String;
    INVOKEVIRTUAL java/lang/StringBuilder.append (Ljava/lang/String;)Ljava/lang/StringBuilder;
    LDC "'"
    INVOKEVIRTUAL java/lang/StringBuilder.append (Ljava/lang/String;)Ljava/lang/StringBuilder;
    INVOKEVIRTUAL java/lang/StringBuilder.toString ()Ljava/lang/String;
    ASTORE 4
   L22
    LINENUMBER 404 L22
    NEW com/examples/with/different/packagename/testcarver/ConversionException
    DUP
    ALOAD 4
    INVOKESPECIAL com/examples/with/different/packagename/testcarver/ConversionException.<init> (Ljava/lang/String;)V
    ATHROW
   L23
    LOCALVARIABLE calendar Ljava/util/Calendar; L11 L9 4
    LOCALVARIABLE this Lcom/examples/with/different/packagename/testcarver/DateTimeConverter; L0 L23 0
    LOCALVARIABLE type Ljava/lang/Class; L0 L23 1
    LOCALVARIABLE value J L0 L23 2
    LOCALVARIABLE msg Ljava/lang/String; L22 L23 4
    MAXSTACK = 5
    MAXLOCALS = 5

  // access flags 0x2
  private toDate(Ljava/lang/Class;Ljava/lang/String;)Ljava/lang/Object;
    TRYCATCHBLOCK L0 L1 L2 java/lang/IllegalArgumentException
    TRYCATCHBLOCK L3 L4 L5 java/lang/IllegalArgumentException
    TRYCATCHBLOCK L6 L7 L8 java/lang/IllegalArgumentException
   L9
    LINENUMBER 427 L9
    ALOAD 1
    LDC Ljava/sql/Date;.class
    INVOKEVIRTUAL java/lang/Object.equals (Ljava/lang/Object;)Z
    IFEQ L10
   L0
    LINENUMBER 429 L0
    ALOAD 2
    INVOKESTATIC java/sql/Date.valueOf (Ljava/lang/String;)Ljava/sql/Date;
   L1
    ARETURN
   L2
    LINENUMBER 430 L2
    ASTORE 3
   L11
    LINENUMBER 431 L11
    NEW com/examples/with/different/packagename/testcarver/ConversionException
    DUP
    LDC "String must be in JDBC format [yyyy-MM-dd] to create a java.sql.Date"
    INVOKESPECIAL com/examples/with/different/packagename/testcarver/ConversionException.<init> (Ljava/lang/String;)V
    ATHROW
   L10
    LINENUMBER 437 L10
    ALOAD 1
    LDC Ljava/sql/Time;.class
    INVOKEVIRTUAL java/lang/Object.equals (Ljava/lang/Object;)Z
    IFEQ L12
   L3
    LINENUMBER 439 L3
    ALOAD 2
    INVOKESTATIC java/sql/Time.valueOf (Ljava/lang/String;)Ljava/sql/Time;
   L4
    ARETURN
   L5
    LINENUMBER 440 L5
    ASTORE 3
   L13
    LINENUMBER 441 L13
    NEW com/examples/with/different/packagename/testcarver/ConversionException
    DUP
    LDC "String must be in JDBC format [HH:mm:ss] to create a java.sql.Time"
    INVOKESPECIAL com/examples/with/different/packagename/testcarver/ConversionException.<init> (Ljava/lang/String;)V
    ATHROW
   L12
    LINENUMBER 447 L12
    ALOAD 1
    LDC Ljava/sql/Timestamp;.class
    INVOKEVIRTUAL java/lang/Object.equals (Ljava/lang/Object;)Z
    IFEQ L14
   L6
    LINENUMBER 449 L6
    ALOAD 2
    INVOKESTATIC java/sql/Timestamp.valueOf (Ljava/lang/String;)Ljava/sql/Timestamp;
   L7
    ARETURN
   L8
    LINENUMBER 450 L8
    ASTORE 3
   L15
    LINENUMBER 451 L15
    NEW com/examples/with/different/packagename/testcarver/ConversionException
    DUP
    LDC "String must be in JDBC format [yyyy-MM-dd HH:mm:ss.fffffffff] to create a java.sql.Timestamp"
    INVOKESPECIAL com/examples/with/different/packagename/testcarver/ConversionException.<init> (Ljava/lang/String;)V
    ATHROW
   L14
    LINENUMBER 457 L14
    NEW java/lang/StringBuilder
    DUP
    INVOKESPECIAL java/lang/StringBuilder.<init> ()V
    ALOAD 0
    ALOAD 0
    INVOKEVIRTUAL java/lang/Object.getClass ()Ljava/lang/Class;
    INVOKEVIRTUAL com/examples/with/different/packagename/testcarver/DateTimeConverter.toString (Ljava/lang/Class;)Ljava/lang/String;
    INVOKEVIRTUAL java/lang/StringBuilder.append (Ljava/lang/String;)Ljava/lang/StringBuilder;
    LDC " does not support default String to '"
    INVOKEVIRTUAL java/lang/StringBuilder.append (Ljava/lang/String;)Ljava/lang/StringBuilder;
    ALOAD 0
    ALOAD 1
   L16
    LINENUMBER 458 L16
    INVOKEVIRTUAL com/examples/with/different/packagename/testcarver/DateTimeConverter.toString (Ljava/lang/Class;)Ljava/lang/String;
    INVOKEVIRTUAL java/lang/StringBuilder.append (Ljava/lang/String;)Ljava/lang/StringBuilder;
    LDC "' conversion."
    INVOKEVIRTUAL java/lang/StringBuilder.append (Ljava/lang/String;)Ljava/lang/StringBuilder;
    INVOKEVIRTUAL java/lang/StringBuilder.toString ()Ljava/lang/String;
    ASTORE 3
   L17
    LINENUMBER 459 L17
    NEW com/examples/with/different/packagename/testcarver/ConversionException
    DUP
    ALOAD 3
    INVOKESPECIAL com/examples/with/different/packagename/testcarver/ConversionException.<init> (Ljava/lang/String;)V
    ATHROW
   L18
    LOCALVARIABLE e Ljava/lang/IllegalArgumentException; L11 L10 3
    LOCALVARIABLE e Ljava/lang/IllegalArgumentException; L13 L12 3
    LOCALVARIABLE e Ljava/lang/IllegalArgumentException; L15 L14 3
    LOCALVARIABLE this Lcom/examples/with/different/packagename/testcarver/DateTimeConverter; L9 L18 0
    LOCALVARIABLE type Ljava/lang/Class; L9 L18 1
    LOCALVARIABLE value Ljava/lang/String; L9 L18 2
    LOCALVARIABLE msg Ljava/lang/String; L17 L18 3
    MAXSTACK = 3
    MAXLOCALS = 4

  // access flags 0x4
  protected getFormat(Ljava/util/Locale;Ljava/util/TimeZone;)Ljava/text/DateFormat;
   L0
    LINENUMBER 470 L0
    ACONST_NULL
    ASTORE 3
   L1
    LINENUMBER 471 L1
    ALOAD 1
    IFNONNULL L2
   L3
    LINENUMBER 472 L3
    ICONST_3
    INVOKESTATIC org/evosuite/testcarver/wrapper/java/text/DateFormat.getDateInstance_final (I)Ljava/text/DateFormat;
    ASTORE 3
    GOTO L4
   L2
    LINENUMBER 474 L2
    ICONST_3
    ALOAD 1
    INVOKESTATIC org/evosuite/testcarver/wrapper/java/text/DateFormat.getDateInstance_final (ILjava/util/Locale;)Ljava/text/DateFormat;
    ASTORE 3
   L4
    LINENUMBER 476 L4
    ALOAD 2
    IFNULL L5
   L6
    LINENUMBER 477 L6
    ALOAD 3
    ALOAD 2
    INVOKEVIRTUAL java/text/DateFormat.setTimeZone (Ljava/util/TimeZone;)V
   L5
    LINENUMBER 479 L5
    ALOAD 3
    ARETURN
   L7
    LOCALVARIABLE this Lcom/examples/with/different/packagename/testcarver/DateTimeConverter; L0 L7 0
    LOCALVARIABLE locale Ljava/util/Locale; L0 L7 1
    LOCALVARIABLE timeZone Ljava/util/TimeZone; L0 L7 2
    LOCALVARIABLE format Ljava/text/DateFormat; L1 L7 3
    MAXSTACK = 2
    MAXLOCALS = 4

  // access flags 0x2
  private getFormat(Ljava/lang/String;)Ljava/text/DateFormat;
   L0
    LINENUMBER 489 L0
    NEW org/evosuite/testcarver/wrapper/java/text/SimpleDateFormat
    DUP
    ALOAD 1
    INVOKESPECIAL org/evosuite/testcarver/wrapper/java/text/SimpleDateFormat.<init> (Ljava/lang/String;)V
    ASTORE 2
   L1
    LINENUMBER 490 L1
    ALOAD 0
    GETFIELD com/examples/with/different/packagename/testcarver/DateTimeConverter.timeZone : Ljava/util/TimeZone;
    IFNULL L2
   L3
    LINENUMBER 491 L3
    ALOAD 2
    ALOAD 0
    GETFIELD com/examples/with/different/packagename/testcarver/DateTimeConverter.timeZone : Ljava/util/TimeZone;
    INVOKEVIRTUAL java/text/DateFormat.setTimeZone (Ljava/util/TimeZone;)V
   L2
    LINENUMBER 493 L2
    ALOAD 2
    ARETURN
   L4
    LOCALVARIABLE this Lcom/examples/with/different/packagename/testcarver/DateTimeConverter; L0 L4 0
    LOCALVARIABLE pattern Ljava/lang/String; L0 L4 1
    LOCALVARIABLE format Ljava/text/DateFormat; L1 L4 2
    MAXSTACK = 3
    MAXLOCALS = 3

  // access flags 0x2
  private parse(Ljava/lang/Class;Ljava/lang/Class;Ljava/lang/String;)Ljava/util/Calendar; throws java/lang/Exception
    TRYCATCHBLOCK L0 L1 L2 java/lang/Exception
   L3
    LINENUMBER 506 L3
    ACONST_NULL
    ASTORE 4
   L4
    LINENUMBER 507 L4
    ICONST_0
    ISTORE 5
   L5
    ILOAD 5
    ALOAD 0
    GETFIELD com/examples/with/different/packagename/testcarver/DateTimeConverter.patterns : [Ljava/lang/String;
    ARRAYLENGTH
    IF_ICMPGE L6
   L0
    LINENUMBER 509 L0
    ALOAD 0
    ALOAD 0
    GETFIELD com/examples/with/different/packagename/testcarver/DateTimeConverter.patterns : [Ljava/lang/String;
    ILOAD 5
    AALOAD
    INVOKESPECIAL com/examples/with/different/packagename/testcarver/DateTimeConverter.getFormat (Ljava/lang/String;)Ljava/text/DateFormat;
    ASTORE 6
   L7
    LINENUMBER 510 L7
    ALOAD 0
    ALOAD 1
    ALOAD 2
    ALOAD 3
    ALOAD 6
    INVOKESPECIAL com/examples/with/different/packagename/testcarver/DateTimeConverter.parse (Ljava/lang/Class;Ljava/lang/Class;Ljava/lang/String;Ljava/text/DateFormat;)Ljava/util/Calendar;
    ASTORE 7
   L8
    LINENUMBER 511 L8
    ALOAD 7
   L1
    ARETURN
   L2
    LINENUMBER 512 L2
    ASTORE 6
   L9
    LINENUMBER 513 L9
    ALOAD 4
    IFNONNULL L10
   L11
    LINENUMBER 514 L11
    ALOAD 6
    ASTORE 4
   L10
    LINENUMBER 507 L10
    IINC 5 1
    GOTO L5
   L6
    LINENUMBER 518 L6
    ALOAD 0
    GETFIELD com/examples/with/different/packagename/testcarver/DateTimeConverter.patterns : [Ljava/lang/String;
    ARRAYLENGTH
    ICONST_1
    IF_ICMPLE L12
   L13
    LINENUMBER 519 L13
    NEW com/examples/with/different/packagename/testcarver/ConversionException
    DUP
    NEW java/lang/StringBuilder
    DUP
    INVOKESPECIAL java/lang/StringBuilder.<init> ()V
    LDC "Error converting '"
    INVOKEVIRTUAL java/lang/StringBuilder.append (Ljava/lang/String;)Ljava/lang/StringBuilder;
    ALOAD 0
    ALOAD 1
    INVOKEVIRTUAL com/examples/with/different/packagename/testcarver/DateTimeConverter.toString (Ljava/lang/Class;)Ljava/lang/String;
    INVOKEVIRTUAL java/lang/StringBuilder.append (Ljava/lang/String;)Ljava/lang/StringBuilder;
    LDC "' to '"
    INVOKEVIRTUAL java/lang/StringBuilder.append (Ljava/lang/String;)Ljava/lang/StringBuilder;
    ALOAD 0
    ALOAD 2
    INVOKEVIRTUAL com/examples/with/different/packagename/testcarver/DateTimeConverter.toString (Ljava/lang/Class;)Ljava/lang/String;
    INVOKEVIRTUAL java/lang/StringBuilder.append (Ljava/lang/String;)Ljava/lang/StringBuilder;
    LDC "' using  patterns '"
    INVOKEVIRTUAL java/lang/StringBuilder.append (Ljava/lang/String;)Ljava/lang/StringBuilder;
    ALOAD 0
    GETFIELD com/examples/with/different/packagename/testcarver/DateTimeConverter.displayPatterns : Ljava/lang/String;
    INVOKEVIRTUAL java/lang/StringBuilder.append (Ljava/lang/String;)Ljava/lang/StringBuilder;
    LDC "'"
    INVOKEVIRTUAL java/lang/StringBuilder.append (Ljava/lang/String;)Ljava/lang/StringBuilder;
    INVOKEVIRTUAL java/lang/StringBuilder.toString ()Ljava/lang/String;
    INVOKESPECIAL com/examples/with/different/packagename/testcarver/ConversionException.<init> (Ljava/lang/String;)V
    ATHROW
   L12
    LINENUMBER 522 L12
    ALOAD 4
    ATHROW
   L14
    LOCALVARIABLE format Ljava/text/DateFormat; L7 L2 6
    LOCALVARIABLE calendar Ljava/util/Calendar; L8 L2 7
    LOCALVARIABLE ex Ljava/lang/Exception; L9 L10 6
    LOCALVARIABLE i I L5 L6 5
    LOCALVARIABLE this Lcom/examples/with/different/packagename/testcarver/DateTimeConverter; L3 L14 0
    LOCALVARIABLE sourceType Ljava/lang/Class; L3 L14 1
    LOCALVARIABLE targetType Ljava/lang/Class; L3 L14 2
    LOCALVARIABLE value Ljava/lang/String; L3 L14 3
    LOCALVARIABLE firstEx Ljava/lang/Exception; L4 L14 4
    MAXSTACK = 5
    MAXLOCALS = 8

  // access flags 0x2
  private parse(Ljava/lang/Class;Ljava/lang/Class;Ljava/lang/String;Ljava/text/DateFormat;)Ljava/util/Calendar;
   L0
    LINENUMBER 538 L0
    ALOAD 0
    LDC "Parsing"
    ALOAD 4
    INVOKESPECIAL com/examples/with/different/packagename/testcarver/DateTimeConverter.logFormat (Ljava/lang/String;Ljava/text/DateFormat;)V
   L1
    LINENUMBER 539 L1
    ALOAD 4
    ICONST_0
    INVOKEVIRTUAL java/text/DateFormat.setLenient (Z)V
   L2
    LINENUMBER 540 L2
    NEW java/text/ParsePosition
    DUP
    ICONST_0
    INVOKESPECIAL java/text/ParsePosition.<init> (I)V
    ASTORE 5
   L3
    LINENUMBER 541 L3
    ALOAD 4
    ALOAD 3
    ALOAD 5
    INVOKEVIRTUAL java/text/DateFormat.parse (Ljava/lang/String;Ljava/text/ParsePosition;)Ljava/util/Date;
    ASTORE 6
   L4
    LINENUMBER 542 L4
    ALOAD 5
    INVOKEVIRTUAL java/text/ParsePosition.getErrorIndex ()I
    IFGE L5
    ALOAD 5
    INVOKEVIRTUAL java/text/ParsePosition.getIndex ()I
    ALOAD 3
    INVOKEVIRTUAL java/lang/String.length ()I
    IF_ICMPNE L5
    ALOAD 6
    IFNONNULL L6
   L5
    LINENUMBER 543 L5
    NEW java/lang/StringBuilder
    DUP
    INVOKESPECIAL java/lang/StringBuilder.<init> ()V
    LDC "Error converting '"
    INVOKEVIRTUAL java/lang/StringBuilder.append (Ljava/lang/String;)Ljava/lang/StringBuilder;
    ALOAD 0
    ALOAD 1
    INVOKEVIRTUAL com/examples/with/different/packagename/testcarver/DateTimeConverter.toString (Ljava/lang/Class;)Ljava/lang/String;
    INVOKEVIRTUAL java/lang/StringBuilder.append (Ljava/lang/String;)Ljava/lang/StringBuilder;
    LDC "' to '"
    INVOKEVIRTUAL java/lang/StringBuilder.append (Ljava/lang/String;)Ljava/lang/StringBuilder;
    ALOAD 0
    ALOAD 2
    INVOKEVIRTUAL com/examples/with/different/packagename/testcarver/DateTimeConverter.toString (Ljava/lang/Class;)Ljava/lang/String;
    INVOKEVIRTUAL java/lang/StringBuilder.append (Ljava/lang/String;)Ljava/lang/StringBuilder;
    LDC "'"
    INVOKEVIRTUAL java/lang/StringBuilder.append (Ljava/lang/String;)Ljava/lang/StringBuilder;
    INVOKEVIRTUAL java/lang/StringBuilder.toString ()Ljava/lang/String;
    ASTORE 7
   L7
    LINENUMBER 544 L7
    ALOAD 4
    INSTANCEOF java/text/SimpleDateFormat
    IFEQ L8
   L9
    LINENUMBER 545 L9
    NEW java/lang/StringBuilder
    DUP
    INVOKESPECIAL java/lang/StringBuilder.<init> ()V
    ALOAD 7
    INVOKEVIRTUAL java/lang/StringBuilder.append (Ljava/lang/String;)Ljava/lang/StringBuilder;
    LDC " using pattern '"
    INVOKEVIRTUAL java/lang/StringBuilder.append (Ljava/lang/String;)Ljava/lang/StringBuilder;
    ALOAD 4
    CHECKCAST org/evosuite/testcarver/wrapper/java/text/SimpleDateFormat
    INVOKEVIRTUAL java/text/SimpleDateFormat.toPattern ()Ljava/lang/String;
    INVOKEVIRTUAL java/lang/StringBuilder.append (Ljava/lang/String;)Ljava/lang/StringBuilder;
    LDC "'"
    INVOKEVIRTUAL java/lang/StringBuilder.append (Ljava/lang/String;)Ljava/lang/StringBuilder;
    INVOKEVIRTUAL java/lang/StringBuilder.toString ()Ljava/lang/String;
    ASTORE 7
   L8
    LINENUMBER 547 L8
    NEW com/examples/with/different/packagename/testcarver/ConversionException
    DUP
    ALOAD 7
    INVOKESPECIAL com/examples/with/different/packagename/testcarver/ConversionException.<init> (Ljava/lang/String;)V
    ATHROW
   L6
    LINENUMBER 549 L6
    ALOAD 4
    INVOKEVIRTUAL java/text/DateFormat.getCalendar ()Ljava/util/Calendar;
    ASTORE 7
   L10
    LINENUMBER 550 L10
    ALOAD 7
    ARETURN
   L11
    LOCALVARIABLE msg Ljava/lang/String; L7 L6 7
    LOCALVARIABLE this Lcom/examples/with/different/packagename/testcarver/DateTimeConverter; L0 L11 0
    LOCALVARIABLE sourceType Ljava/lang/Class; L0 L11 1
    LOCALVARIABLE targetType Ljava/lang/Class; L0 L11 2
    LOCALVARIABLE value Ljava/lang/String; L0 L11 3
    LOCALVARIABLE format Ljava/text/DateFormat; L0 L11 4
    LOCALVARIABLE pos Ljava/text/ParsePosition; L3 L11 5
    LOCALVARIABLE parsedDate Ljava/util/Date; L4 L11 6
    LOCALVARIABLE calendar Ljava/util/Calendar; L10 L11 7
    MAXSTACK = 3
    MAXLOCALS = 8

  // access flags 0x2
  private _sw_prototype_original_toString()Ljava/lang/String;
   L0
    LINENUMBER 559 L0
    NEW java/lang/StringBuffer
    DUP
    INVOKESPECIAL java/lang/StringBuffer.<init> ()V
    ASTORE 1
   L1
    LINENUMBER 560 L1
    ALOAD 1
    ALOAD 0
    ALOAD 0
    INVOKEVIRTUAL java/lang/Object.getClass ()Ljava/lang/Class;
    INVOKEVIRTUAL com/examples/with/different/packagename/testcarver/DateTimeConverter.toString (Ljava/lang/Class;)Ljava/lang/String;
    INVOKEVIRTUAL java/lang/StringBuffer.append (Ljava/lang/String;)Ljava/lang/StringBuffer;
    POP
   L2
    LINENUMBER 561 L2
    ALOAD 1
    LDC "[UseDefault="
    INVOKEVIRTUAL java/lang/StringBuffer.append (Ljava/lang/String;)Ljava/lang/StringBuffer;
    POP
   L3
    LINENUMBER 562 L3
    ALOAD 1
    ALOAD 0
    INVOKEVIRTUAL com/examples/with/different/packagename/testcarver/DateTimeConverter.isUseDefault ()Z
    INVOKEVIRTUAL java/lang/StringBuffer.append (Z)Ljava/lang/StringBuffer;
    POP
   L4
    LINENUMBER 563 L4
    ALOAD 1
    LDC ", UseLocaleFormat="
    INVOKEVIRTUAL java/lang/StringBuffer.append (Ljava/lang/String;)Ljava/lang/StringBuffer;
    POP
   L5
    LINENUMBER 564 L5
    ALOAD 1
    ALOAD 0
    DUP
    GETFIELD com/examples/with/different/packagename/testcarver/DateTimeConverter.useLocaleFormat : Z
    SWAP
    LDC -2147483621
    LDC "com/examples/with/different/packagename/testcarver/DateTimeConverter"
    LDC "useLocaleFormat"
    LDC "Z"
    INVOKESTATIC org/evosuite/testcarver/capture/FieldRegistry.notifyReadAccess (Ljava/lang/Object;ILjava/lang/String;Ljava/lang/String;Ljava/lang/String;)V
    INVOKEVIRTUAL java/lang/StringBuffer.append (Z)Ljava/lang/StringBuffer;
    POP
   L6
    LINENUMBER 565 L6
    ALOAD 0
    DUP
    GETFIELD com/examples/with/different/packagename/testcarver/DateTimeConverter.displayPatterns : Ljava/lang/String;
    SWAP
    LDC -2147483620
    LDC "com/examples/with/different/packagename/testcarver/DateTimeConverter"
    LDC "displayPatterns"
    LDC "Ljava/lang/String;"
    INVOKESTATIC org/evosuite/testcarver/capture/FieldRegistry.notifyReadAccess (Ljava/lang/Object;ILjava/lang/String;Ljava/lang/String;Ljava/lang/String;)V
    IFNULL L7
   L8
    LINENUMBER 566 L8
    ALOAD 1
    LDC ", Patterns={"
    INVOKEVIRTUAL java/lang/StringBuffer.append (Ljava/lang/String;)Ljava/lang/StringBuffer;
    POP
   L9
    LINENUMBER 567 L9
    ALOAD 1
    ALOAD 0
    DUP
    GETFIELD com/examples/with/different/packagename/testcarver/DateTimeConverter.displayPatterns : Ljava/lang/String;
    SWAP
    LDC -2147483619
    LDC "com/examples/with/different/packagename/testcarver/DateTimeConverter"
    LDC "displayPatterns"
    LDC "Ljava/lang/String;"
    INVOKESTATIC org/evosuite/testcarver/capture/FieldRegistry.notifyReadAccess (Ljava/lang/Object;ILjava/lang/String;Ljava/lang/String;Ljava/lang/String;)V
    INVOKEVIRTUAL java/lang/StringBuffer.append (Ljava/lang/String;)Ljava/lang/StringBuffer;
    POP
   L10
    LINENUMBER 568 L10
    ALOAD 1
    BIPUSH 125
    INVOKEVIRTUAL java/lang/StringBuffer.append (C)Ljava/lang/StringBuffer;
    POP
   L7
    LINENUMBER 570 L7
    ALOAD 0
    DUP
    GETFIELD com/examples/with/different/packagename/testcarver/DateTimeConverter.locale : Ljava/util/Locale;
    SWAP
    LDC -2147483618
    LDC "com/examples/with/different/packagename/testcarver/DateTimeConverter"
    LDC "locale"
    LDC "Ljava/util/Locale;"
    INVOKESTATIC org/evosuite/testcarver/capture/FieldRegistry.notifyReadAccess (Ljava/lang/Object;ILjava/lang/String;Ljava/lang/String;Ljava/lang/String;)V
    IFNULL L11
   L12
    LINENUMBER 571 L12
    ALOAD 1
    LDC ", Locale="
    INVOKEVIRTUAL java/lang/StringBuffer.append (Ljava/lang/String;)Ljava/lang/StringBuffer;
    POP
   L13
    LINENUMBER 572 L13
    ALOAD 1
    ALOAD 0
    DUP
    GETFIELD com/examples/with/different/packagename/testcarver/DateTimeConverter.locale : Ljava/util/Locale;
    SWAP
    LDC -2147483617
    LDC "com/examples/with/different/packagename/testcarver/DateTimeConverter"
    LDC "locale"
    LDC "Ljava/util/Locale;"
    INVOKESTATIC org/evosuite/testcarver/capture/FieldRegistry.notifyReadAccess (Ljava/lang/Object;ILjava/lang/String;Ljava/lang/String;Ljava/lang/String;)V
    INVOKEVIRTUAL java/lang/StringBuffer.append (Ljava/lang/Object;)Ljava/lang/StringBuffer;
    POP
   L11
    LINENUMBER 574 L11
    ALOAD 0
    DUP
    GETFIELD com/examples/with/different/packagename/testcarver/DateTimeConverter.timeZone : Ljava/util/TimeZone;
    SWAP
    LDC -2147483616
    LDC "com/examples/with/different/packagename/testcarver/DateTimeConverter"
    LDC "timeZone"
    LDC "Ljava/util/TimeZone;"
    INVOKESTATIC org/evosuite/testcarver/capture/FieldRegistry.notifyReadAccess (Ljava/lang/Object;ILjava/lang/String;Ljava/lang/String;Ljava/lang/String;)V
    IFNULL L14
   L15
    LINENUMBER 575 L15
    ALOAD 1
    LDC ", TimeZone="
    INVOKEVIRTUAL java/lang/StringBuffer.append (Ljava/lang/String;)Ljava/lang/StringBuffer;
    POP
   L16
    LINENUMBER 576 L16
    ALOAD 1
    ALOAD 0
    DUP
    GETFIELD com/examples/with/different/packagename/testcarver/DateTimeConverter.timeZone : Ljava/util/TimeZone;
    SWAP
    LDC -2147483615
    LDC "com/examples/with/different/packagename/testcarver/DateTimeConverter"
    LDC "timeZone"
    LDC "Ljava/util/TimeZone;"
    INVOKESTATIC org/evosuite/testcarver/capture/FieldRegistry.notifyReadAccess (Ljava/lang/Object;ILjava/lang/String;Ljava/lang/String;Ljava/lang/String;)V
    INVOKEVIRTUAL java/lang/StringBuffer.append (Ljava/lang/Object;)Ljava/lang/StringBuffer;
    POP
   L14
    LINENUMBER 578 L14
    ALOAD 1
    BIPUSH 93
    INVOKEVIRTUAL java/lang/StringBuffer.append (C)Ljava/lang/StringBuffer;
    POP
   L17
    LINENUMBER 579 L17
    ALOAD 1
    INVOKEVIRTUAL java/lang/StringBuffer.toString ()Ljava/lang/String;
    ARETURN
   L18
    LOCALVARIABLE this Lcom/examples/with/different/packagename/testcarver/DateTimeConverter; L0 L18 0
    LOCALVARIABLE buffer Ljava/lang/StringBuffer; L1 L18 1
    MAXSTACK = 7
    MAXLOCALS = 2

  // access flags 0x2
  private logFormat(Ljava/lang/String;Ljava/text/DateFormat;)V
   L0
    LINENUMBER 590 L0
    RETURN
   L1
    LOCALVARIABLE this Lcom/examples/with/different/packagename/testcarver/DateTimeConverter; L0 L1 0
    LOCALVARIABLE action Ljava/lang/String; L0 L1 1
    LOCALVARIABLE format Ljava/text/DateFormat; L0 L1 2
    MAXSTACK = 0
    MAXLOCALS = 3

  // access flags 0x1
  public setUseLocaleFormat(Z)V
    TRYCATCHBLOCK L0 L1 L1 java/lang/Throwable
   L0
    LDC -2147483640
    ALOAD 0
    LDC "setUseLocaleFormat"
    LDC "(Z)V"
    BIPUSH 1
    ANEWARRAY java/lang/Object
    DUP
    BIPUSH 0
    ILOAD 1
    INVOKESTATIC java/lang/Boolean.valueOf (Z)Ljava/lang/Boolean;
    AASTORE
    INVOKESTATIC org/evosuite/testcarver/capture/Capturer.capture (ILjava/lang/Object;Ljava/lang/String;Ljava/lang/String;[Ljava/lang/Object;)V
    ALOAD 0
    ILOAD 1
    INVOKEVIRTUAL com/examples/with/different/packagename/testcarver/DateTimeConverter._sw_prototype_original_setUseLocaleFormat (Z)V
    GOTO L2
   L1
   FRAME SAME1 java/lang/Throwable
    ASTORE 2
    LDC -2147483640
    ALOAD 0
    GETSTATIC org/evosuite/testcarver/capture/CaptureLog.RETURN_TYPE_VOID : Ljava/lang/Object;
    INVOKESTATIC org/evosuite/testcarver/capture/Capturer.enable (ILjava/lang/Object;Ljava/lang/Object;)V
    ALOAD 2
    ATHROW
   L2
   FRAME SAME
    LDC -2147483640
    ALOAD 0
    GETSTATIC org/evosuite/testcarver/capture/CaptureLog.RETURN_TYPE_VOID : Ljava/lang/Object;
    INVOKESTATIC org/evosuite/testcarver/capture/Capturer.enable (ILjava/lang/Object;Ljava/lang/Object;)V
    RETURN
    MAXSTACK = 6
    MAXLOCALS = 0

  // access flags 0x1
  public getTimeZone()Ljava/util/TimeZone;
    TRYCATCHBLOCK L0 L1 L2 java/lang/Throwable
    ACONST_NULL
    ASTORE 1
   L0
    LDC -2147483638
    ALOAD 0
    LDC "getTimeZone"
    LDC "()Ljava/util/TimeZone;"
    BIPUSH 0
    ANEWARRAY java/lang/Object
    INVOKESTATIC org/evosuite/testcarver/capture/Capturer.capture (ILjava/lang/Object;Ljava/lang/String;Ljava/lang/String;[Ljava/lang/Object;)V
    ALOAD 0
    INVOKEVIRTUAL com/examples/with/different/packagename/testcarver/DateTimeConverter._sw_prototype_original_getTimeZone ()Ljava/util/TimeZone;
    ASTORE 1
    ALOAD 1
    ASTORE 3
   L1
    LDC -2147483638
    ALOAD 0
    ALOAD 1
    INVOKESTATIC org/evosuite/testcarver/capture/Capturer.enable (ILjava/lang/Object;Ljava/lang/Object;)V
    ALOAD 3
    ARETURN
   L2
   FRAME FULL [com/examples/with/different/packagename/testcarver/DateTimeConverter java/util/TimeZone] [java/lang/Throwable]
    ASTORE 2
    LDC -2147483638
    ALOAD 0
    ALOAD 1
    INVOKESTATIC org/evosuite/testcarver/capture/Capturer.enable (ILjava/lang/Object;Ljava/lang/Object;)V
    ALOAD 2
    ATHROW
    MAXSTACK = 5
    MAXLOCALS = 0

  // access flags 0x1
  public setTimeZone(Ljava/util/TimeZone;)V
    TRYCATCHBLOCK L0 L1 L1 java/lang/Throwable
   L0
    LDC -2147483635
    ALOAD 0
    LDC "setTimeZone"
    LDC "(Ljava/util/TimeZone;)V"
    BIPUSH 1
    ANEWARRAY java/lang/Object
    DUP
    BIPUSH 0
    ALOAD 1
    AASTORE
    INVOKESTATIC org/evosuite/testcarver/capture/Capturer.capture (ILjava/lang/Object;Ljava/lang/String;Ljava/lang/String;[Ljava/lang/Object;)V
    ALOAD 0
    ALOAD 1
    INVOKEVIRTUAL com/examples/with/different/packagename/testcarver/DateTimeConverter._sw_prototype_original_setTimeZone (Ljava/util/TimeZone;)V
    GOTO L2
   L1
   FRAME SAME1 java/lang/Throwable
    ASTORE 2
    LDC -2147483635
    ALOAD 0
    GETSTATIC org/evosuite/testcarver/capture/CaptureLog.RETURN_TYPE_VOID : Ljava/lang/Object;
    INVOKESTATIC org/evosuite/testcarver/capture/Capturer.enable (ILjava/lang/Object;Ljava/lang/Object;)V
    ALOAD 2
    ATHROW
   L2
   FRAME SAME
    LDC -2147483635
    ALOAD 0
    GETSTATIC org/evosuite/testcarver/capture/CaptureLog.RETURN_TYPE_VOID : Ljava/lang/Object;
    INVOKESTATIC org/evosuite/testcarver/capture/Capturer.enable (ILjava/lang/Object;Ljava/lang/Object;)V
    RETURN
    MAXSTACK = 6
    MAXLOCALS = 0

  // access flags 0x1
  public getLocale()Ljava/util/Locale;
    TRYCATCHBLOCK L0 L1 L2 java/lang/Throwable
    ACONST_NULL
    ASTORE 1
   L0
    LDC -2147483633
    ALOAD 0
    LDC "getLocale"
    LDC "()Ljava/util/Locale;"
    BIPUSH 0
    ANEWARRAY java/lang/Object
    INVOKESTATIC org/evosuite/testcarver/capture/Capturer.capture (ILjava/lang/Object;Ljava/lang/String;Ljava/lang/String;[Ljava/lang/Object;)V
    ALOAD 0
    INVOKEVIRTUAL com/examples/with/different/packagename/testcarver/DateTimeConverter._sw_prototype_original_getLocale ()Ljava/util/Locale;
    ASTORE 1
    ALOAD 1
    ASTORE 3
   L1
    LDC -2147483633
    ALOAD 0
    ALOAD 1
    INVOKESTATIC org/evosuite/testcarver/capture/Capturer.enable (ILjava/lang/Object;Ljava/lang/Object;)V
    ALOAD 3
    ARETURN
   L2
   FRAME FULL [com/examples/with/different/packagename/testcarver/DateTimeConverter java/util/Locale] [java/lang/Throwable]
    ASTORE 2
    LDC -2147483633
    ALOAD 0
    ALOAD 1
    INVOKESTATIC org/evosuite/testcarver/capture/Capturer.enable (ILjava/lang/Object;Ljava/lang/Object;)V
    ALOAD 2
    ATHROW
    MAXSTACK = 5
    MAXLOCALS = 0

  // access flags 0x1
  public setLocale(Ljava/util/Locale;)V
    TRYCATCHBLOCK L0 L1 L1 java/lang/Throwable
   L0
    LDC -2147483630
    ALOAD 0
    LDC "setLocale"
    LDC "(Ljava/util/Locale;)V"
    BIPUSH 1
    ANEWARRAY java/lang/Object
    DUP
    BIPUSH 0
    ALOAD 1
    AASTORE
    INVOKESTATIC org/evosuite/testcarver/capture/Capturer.capture (ILjava/lang/Object;Ljava/lang/String;Ljava/lang/String;[Ljava/lang/Object;)V
    ALOAD 0
    ALOAD 1
    INVOKEVIRTUAL com/examples/with/different/packagename/testcarver/DateTimeConverter._sw_prototype_original_setLocale (Ljava/util/Locale;)V
    GOTO L2
   L1
   FRAME SAME1 java/lang/Throwable
    ASTORE 2
    LDC -2147483630
    ALOAD 0
    GETSTATIC org/evosuite/testcarver/capture/CaptureLog.RETURN_TYPE_VOID : Ljava/lang/Object;
    INVOKESTATIC org/evosuite/testcarver/capture/Capturer.enable (ILjava/lang/Object;Ljava/lang/Object;)V
    ALOAD 2
    ATHROW
   L2
   FRAME SAME
    LDC -2147483630
    ALOAD 0
    GETSTATIC org/evosuite/testcarver/capture/CaptureLog.RETURN_TYPE_VOID : Ljava/lang/Object;
    INVOKESTATIC org/evosuite/testcarver/capture/Capturer.enable (ILjava/lang/Object;Ljava/lang/Object;)V
    RETURN
    MAXSTACK = 6
    MAXLOCALS = 0

  // access flags 0x1
  public setPattern(Ljava/lang/String;)V
    TRYCATCHBLOCK L0 L1 L1 java/lang/Throwable
   L0
    LDC -2147483629
    ALOAD 0
    LDC "setPattern"
    LDC "(Ljava/lang/String;)V"
    BIPUSH 1
    ANEWARRAY java/lang/Object
    DUP
    BIPUSH 0
    ALOAD 1
    AASTORE
    INVOKESTATIC org/evosuite/testcarver/capture/Capturer.capture (ILjava/lang/Object;Ljava/lang/String;Ljava/lang/String;[Ljava/lang/Object;)V
    ALOAD 0
    ALOAD 1
    INVOKEVIRTUAL com/examples/with/different/packagename/testcarver/DateTimeConverter._sw_prototype_original_setPattern (Ljava/lang/String;)V
    GOTO L2
   L1
   FRAME SAME1 java/lang/Throwable
    ASTORE 2
    LDC -2147483629
    ALOAD 0
    GETSTATIC org/evosuite/testcarver/capture/CaptureLog.RETURN_TYPE_VOID : Ljava/lang/Object;
    INVOKESTATIC org/evosuite/testcarver/capture/Capturer.enable (ILjava/lang/Object;Ljava/lang/Object;)V
    ALOAD 2
    ATHROW
   L2
   FRAME SAME
    LDC -2147483629
    ALOAD 0
    GETSTATIC org/evosuite/testcarver/capture/CaptureLog.RETURN_TYPE_VOID : Ljava/lang/Object;
    INVOKESTATIC org/evosuite/testcarver/capture/Capturer.enable (ILjava/lang/Object;Ljava/lang/Object;)V
    RETURN
    MAXSTACK = 9
    MAXLOCALS = 0

  // access flags 0x1
  public getPatterns()[Ljava/lang/String;
    TRYCATCHBLOCK L0 L1 L2 java/lang/Throwable
    ACONST_NULL
    ASTORE 1
   L0
    LDC -2147483627
    ALOAD 0
    LDC "getPatterns"
    LDC "()[Ljava/lang/String;"
    BIPUSH 0
    ANEWARRAY java/lang/Object
    INVOKESTATIC org/evosuite/testcarver/capture/Capturer.capture (ILjava/lang/Object;Ljava/lang/String;Ljava/lang/String;[Ljava/lang/Object;)V
    ALOAD 0
    INVOKEVIRTUAL com/examples/with/different/packagename/testcarver/DateTimeConverter._sw_prototype_original_getPatterns ()[Ljava/lang/String;
    ASTORE 1
    ALOAD 1
    ASTORE 3
   L1
    LDC -2147483627
    ALOAD 0
    ALOAD 1
    INVOKESTATIC org/evosuite/testcarver/capture/Capturer.enable (ILjava/lang/Object;Ljava/lang/Object;)V
    ALOAD 3
    ARETURN
   L2
   FRAME FULL [com/examples/with/different/packagename/testcarver/DateTimeConverter [Ljava/lang/String;] [java/lang/Throwable]
    ASTORE 2
    LDC -2147483627
    ALOAD 0
    ALOAD 1
    INVOKESTATIC org/evosuite/testcarver/capture/Capturer.enable (ILjava/lang/Object;Ljava/lang/Object;)V
    ALOAD 2
    ATHROW
    MAXSTACK = 5
    MAXLOCALS = 0

  // access flags 0x1
  public setPatterns([Ljava/lang/String;)V
    TRYCATCHBLOCK L0 L1 L1 java/lang/Throwable
   L0
    LDC -2147483622
    ALOAD 0
    LDC "setPatterns"
    LDC "([Ljava/lang/String;)V"
    BIPUSH 1
    ANEWARRAY java/lang/Object
    DUP
    BIPUSH 0
    ALOAD 1
    AASTORE
    INVOKESTATIC org/evosuite/testcarver/capture/Capturer.capture (ILjava/lang/Object;Ljava/lang/String;Ljava/lang/String;[Ljava/lang/Object;)V
    ALOAD 0
    ALOAD 1
    INVOKEVIRTUAL com/examples/with/different/packagename/testcarver/DateTimeConverter._sw_prototype_original_setPatterns ([Ljava/lang/String;)V
    GOTO L2
   L1
   FRAME SAME1 java/lang/Throwable
    ASTORE 2
    LDC -2147483622
    ALOAD 0
    GETSTATIC org/evosuite/testcarver/capture/CaptureLog.RETURN_TYPE_VOID : Ljava/lang/Object;
    INVOKESTATIC org/evosuite/testcarver/capture/Capturer.enable (ILjava/lang/Object;Ljava/lang/Object;)V
    ALOAD 2
    ATHROW
   L2
   FRAME SAME
    LDC -2147483622
    ALOAD 0
    GETSTATIC org/evosuite/testcarver/capture/CaptureLog.RETURN_TYPE_VOID : Ljava/lang/Object;
    INVOKESTATIC org/evosuite/testcarver/capture/Capturer.enable (ILjava/lang/Object;Ljava/lang/Object;)V
    RETURN
    MAXSTACK = 7
    MAXLOCALS = 0

  // access flags 0x1
  public toString()Ljava/lang/String;
    TRYCATCHBLOCK L0 L1 L2 java/lang/Throwable
    ACONST_NULL
    ASTORE 1
   L0
    LDC -2147483614
    ALOAD 0
    LDC "toString"
    LDC "()Ljava/lang/String;"
    BIPUSH 0
    ANEWARRAY java/lang/Object
    INVOKESTATIC org/evosuite/testcarver/capture/Capturer.capture (ILjava/lang/Object;Ljava/lang/String;Ljava/lang/String;[Ljava/lang/Object;)V
    ALOAD 0
    INVOKEVIRTUAL com/examples/with/different/packagename/testcarver/DateTimeConverter._sw_prototype_original_toString ()Ljava/lang/String;
    ASTORE 1
    ALOAD 1
    ASTORE 3
   L1
    LDC -2147483614
    ALOAD 0
    ALOAD 1
    INVOKESTATIC org/evosuite/testcarver/capture/Capturer.enable (ILjava/lang/Object;Ljava/lang/Object;)V
    ALOAD 3
    ARETURN
   L2
   FRAME FULL [com/examples/with/different/packagename/testcarver/DateTimeConverter java/lang/String] [java/lang/Throwable]
    ASTORE 2
    LDC -2147483614
    ALOAD 0
    ALOAD 1
    INVOKESTATIC org/evosuite/testcarver/capture/Capturer.enable (ILjava/lang/Object;Ljava/lang/Object;)V
    ALOAD 2
    ATHROW
    MAXSTACK = 7
    MAXLOCALS = 0
}
INFO  org.evosuite.testcarver.extraction.CarvingClassLoader - Seeing class for first time: com.examples.with.different.packagename.testcarver.AbstractConverter
WARN  org.evosuite.testcarver.extraction.CarvingClassLoader - Instrumenting class 'com.examples.with.different.packagename.testcarver.AbstractConverter'.
INFO  org.evosuite.testcarver.instrument.Instrumenter - Checking package com.examples.with.different.packagename.testcarver for class com/examples/with/different/packagename/testcarver/AbstractConverter
// class version 52.0 (52)
// access flags 0x421
public abstract class com/examples/with/different/packagename/testcarver/AbstractConverter implements com/examples/with/different/packagename/testcarver/Converter {

  // compiled from: AbstractConverter.java

  // access flags 0x1A
  private final static Ljava/lang/String; DEFAULT_CONFIG_MSG = "(N.B. Converters can be configured to use default values to avoid throwing exceptions)"

  // access flags 0x1A
  private final static Ljava/lang/String; PACKAGE = "org.apache.commons.beanutils.converters."

  // access flags 0x2
  private Z useDefault

  // access flags 0x2
  private Ljava/lang/Object; defaultValue

  // access flags 0x1
  public <init>()V
   L0
    LINENUMBER 82 L0
    ALOAD 0
    INVOKESPECIAL java/lang/Object.<init> ()V
   L1
    LINENUMBER 69 L1
    ALOAD 0
    ICONST_0
    PUTFIELD com/examples/with/different/packagename/testcarver/AbstractConverter.useDefault : Z
   L2
    LINENUMBER 74 L2
    ALOAD 0
    ACONST_NULL
    PUTFIELD com/examples/with/different/packagename/testcarver/AbstractConverter.defaultValue : Ljava/lang/Object;
   L3
    LINENUMBER 83 L3
    RETURN
   L4
    LOCALVARIABLE this Lcom/examples/with/different/packagename/testcarver/AbstractConverter; L0 L4 0
    MAXSTACK = 2
    MAXLOCALS = 1

  // access flags 0x1
  public <init>(Ljava/lang/Object;)V
   L0
    LINENUMBER 93 L0
    ALOAD 0
    INVOKESPECIAL java/lang/Object.<init> ()V
   L1
    LINENUMBER 69 L1
    ALOAD 0
    ICONST_0
    PUTFIELD com/examples/with/different/packagename/testcarver/AbstractConverter.useDefault : Z
   L2
    LINENUMBER 74 L2
    ALOAD 0
    ACONST_NULL
    PUTFIELD com/examples/with/different/packagename/testcarver/AbstractConverter.defaultValue : Ljava/lang/Object;
   L3
    LINENUMBER 94 L3
    ALOAD 0
    ALOAD 1
    INVOKEVIRTUAL com/examples/with/different/packagename/testcarver/AbstractConverter.setDefaultValue (Ljava/lang/Object;)V
   L4
    LINENUMBER 95 L4
    RETURN
   L5
    LOCALVARIABLE this Lcom/examples/with/different/packagename/testcarver/AbstractConverter; L0 L5 0
    LOCALVARIABLE defaultValue Ljava/lang/Object; L0 L5 1
    MAXSTACK = 2
    MAXLOCALS = 2

  // access flags 0x2
  private _sw_prototype_original_isUseDefault()Z
   L0
    LINENUMBER 108 L0
    ALOAD 0
    DUP
    GETFIELD com/examples/with/different/packagename/testcarver/AbstractConverter.useDefault : Z
    SWAP
    LDC -2147483613
    LDC "com/examples/with/different/packagename/testcarver/AbstractConverter"
    LDC "useDefault"
    LDC "Z"
    INVOKESTATIC org/evosuite/testcarver/capture/FieldRegistry.notifyReadAccess (Ljava/lang/Object;ILjava/lang/String;Ljava/lang/String;Ljava/lang/String;)V
    IRETURN
   L1
    LOCALVARIABLE this Lcom/examples/with/different/packagename/testcarver/AbstractConverter; L0 L1 0
    MAXSTACK = 5
    MAXLOCALS = 1

  // access flags 0x2
  private _sw_prototype_original_convert(Ljava/lang/Class;Ljava/lang/Object;)Ljava/lang/Object;
    TRYCATCHBLOCK L0 L1 L2 java/lang/Throwable
    TRYCATCHBLOCK L3 L4 L2 java/lang/Throwable
    TRYCATCHBLOCK L5 L6 L2 java/lang/Throwable
   L7
    LINENUMBER 123 L7
    ALOAD 2
    IFNONNULL L8
    ACONST_NULL
    GOTO L9
   L8
    ALOAD 2
    INVOKEVIRTUAL java/lang/Object.getClass ()Ljava/lang/Class;
   L9
    ASTORE 3
   L10
    LINENUMBER 124 L10
    ALOAD 0
    ALOAD 1
    IFNONNULL L11
    ALOAD 0
    INVOKEVIRTUAL com/examples/with/different/packagename/testcarver/AbstractConverter.getDefaultType ()Ljava/lang/Class;
    GOTO L12
   L11
    ALOAD 1
   L12
    INVOKEVIRTUAL com/examples/with/different/packagename/testcarver/AbstractConverter.primitive (Ljava/lang/Class;)Ljava/lang/Class;
    ASTORE 4
   L13
    LINENUMBER 126 L13
    ALOAD 0
    ALOAD 2
    INVOKEVIRTUAL com/examples/with/different/packagename/testcarver/AbstractConverter.convertArray (Ljava/lang/Object;)Ljava/lang/Object;
    ASTORE 2
   L14
    LINENUMBER 129 L14
    ALOAD 2
    IFNONNULL L15
   L16
    LINENUMBER 130 L16
    ALOAD 0
    ALOAD 4
    INVOKEVIRTUAL com/examples/with/different/packagename/testcarver/AbstractConverter.handleMissing (Ljava/lang/Class;)Ljava/lang/Object;
    ARETURN
   L15
    LINENUMBER 133 L15
    ALOAD 2
    INVOKEVIRTUAL java/lang/Object.getClass ()Ljava/lang/Class;
    ASTORE 3
   L0
    LINENUMBER 137 L0
    ALOAD 4
    LDC Ljava/lang/String;.class
    INVOKEVIRTUAL java/lang/Object.equals (Ljava/lang/Object;)Z
    IFEQ L3
   L17
    LINENUMBER 138 L17
    ALOAD 0
    ALOAD 2
    INVOKEVIRTUAL com/examples/with/different/packagename/testcarver/AbstractConverter.convertToString (Ljava/lang/Object;)Ljava/lang/String;
   L1
    ARETURN
   L3
    LINENUMBER 141 L3
    ALOAD 4
    ALOAD 3
    INVOKEVIRTUAL java/lang/Object.equals (Ljava/lang/Object;)Z
    IFEQ L5
   L18
    LINENUMBER 142 L18
    ALOAD 2
   L4
    ARETURN
   L5
    LINENUMBER 146 L5
    ALOAD 0
    ALOAD 4
    ALOAD 2
    INVOKEVIRTUAL com/examples/with/different/packagename/testcarver/AbstractConverter.convertToType (Ljava/lang/Class;Ljava/lang/Object;)Ljava/lang/Object;
    ASTORE 5
   L19
    LINENUMBER 147 L19
    ALOAD 5
   L6
    ARETURN
   L2
    LINENUMBER 149 L2
    ASTORE 5
   L20
    LINENUMBER 150 L20
    ALOAD 0
    ALOAD 4
    ALOAD 2
    ALOAD 5
    INVOKEVIRTUAL com/examples/with/different/packagename/testcarver/AbstractConverter.handleError (Ljava/lang/Class;Ljava/lang/Object;Ljava/lang/Throwable;)Ljava/lang/Object;
    ARETURN
   L21
    LOCALVARIABLE result Ljava/lang/Object; L19 L2 5
    LOCALVARIABLE t Ljava/lang/Throwable; L20 L21 5
    LOCALVARIABLE this Lcom/examples/with/different/packagename/testcarver/AbstractConverter; L7 L21 0
    LOCALVARIABLE type Ljava/lang/Class; L7 L21 1
    LOCALVARIABLE value Ljava/lang/Object; L7 L21 2
    LOCALVARIABLE sourceType Ljava/lang/Class; L10 L21 3
    LOCALVARIABLE targetType Ljava/lang/Class; L13 L21 4
    MAXSTACK = 8
    MAXLOCALS = 6

  // access flags 0x4
  protected convertToString(Ljava/lang/Object;)Ljava/lang/String; throws java/lang/Throwable
   L0
    LINENUMBER 168 L0
    ALOAD 1
    INVOKEVIRTUAL java/lang/Object.toString ()Ljava/lang/String;
    ARETURN
   L1
    LOCALVARIABLE this Lcom/examples/with/different/packagename/testcarver/AbstractConverter; L0 L1 0
    LOCALVARIABLE value Ljava/lang/Object; L0 L1 1
    MAXSTACK = 1
    MAXLOCALS = 2

  // access flags 0x404
  protected abstract convertToType(Ljava/lang/Class;Ljava/lang/Object;)Ljava/lang/Object; throws java/lang/Throwable

  // access flags 0x4
  protected convertArray(Ljava/lang/Object;)Ljava/lang/Object;
   L0
    LINENUMBER 196 L0
    ALOAD 1
    IFNONNULL L1
   L2
    LINENUMBER 197 L2
    ACONST_NULL
    ARETURN
   L1
    LINENUMBER 199 L1
    ALOAD 1
    INVOKEVIRTUAL java/lang/Object.getClass ()Ljava/lang/Class;
    INVOKEVIRTUAL java/lang/Class.isArray ()Z
    IFEQ L3
   L4
    LINENUMBER 200 L4
    ALOAD 1
    INVOKESTATIC java/lang/reflect/Array.getLength (Ljava/lang/Object;)I
    IFLE L5
   L6
    LINENUMBER 201 L6
    ALOAD 1
    ICONST_0
    INVOKESTATIC java/lang/reflect/Array.get (Ljava/lang/Object;I)Ljava/lang/Object;
    ARETURN
   L5
    LINENUMBER 203 L5
    ACONST_NULL
    ARETURN
   L3
    LINENUMBER 206 L3
    ALOAD 1
    INSTANCEOF java/util/Collection
    IFEQ L7
   L8
    LINENUMBER 207 L8
    ALOAD 1
    CHECKCAST java/util/Collection
    ASTORE 2
   L9
    LINENUMBER 208 L9
    ALOAD 2
    INVOKEINTERFACE java/util/Collection.size ()I (itf)
    IFLE L10
   L11
    LINENUMBER 209 L11
    ALOAD 2
    INVOKEINTERFACE java/util/Collection.iterator ()Ljava/util/Iterator; (itf)
    INVOKEINTERFACE java/util/Iterator.next ()Ljava/lang/Object; (itf)
    ARETURN
   L10
    LINENUMBER 211 L10
    ACONST_NULL
    ARETURN
   L7
    LINENUMBER 214 L7
    ALOAD 1
    ARETURN
   L12
    LOCALVARIABLE collection Ljava/util/Collection; L9 L7 2
    LOCALVARIABLE this Lcom/examples/with/different/packagename/testcarver/AbstractConverter; L0 L12 0
    LOCALVARIABLE value Ljava/lang/Object; L0 L12 1
    MAXSTACK = 2
    MAXLOCALS = 3

  // access flags 0x4
  protected handleError(Ljava/lang/Class;Ljava/lang/Object;Ljava/lang/Throwable;)Ljava/lang/Object;
   L0
    LINENUMBER 231 L0
    ALOAD 0
    GETFIELD com/examples/with/different/packagename/testcarver/AbstractConverter.useDefault : Z
    IFEQ L1
   L2
    LINENUMBER 232 L2
    ALOAD 0
    ALOAD 1
    INVOKEVIRTUAL com/examples/with/different/packagename/testcarver/AbstractConverter.handleMissing (Ljava/lang/Class;)Ljava/lang/Object;
    ARETURN
   L1
    LINENUMBER 235 L1
    ACONST_NULL
    ASTORE 4
   L3
    LINENUMBER 236 L3
    ALOAD 3
    INSTANCEOF com/examples/with/different/packagename/testcarver/ConversionException
    IFEQ L4
   L5
    LINENUMBER 237 L5
    ALOAD 3
    CHECKCAST com/examples/with/different/packagename/testcarver/ConversionException
    ASTORE 4
    GOTO L6
   L4
    LINENUMBER 239 L4
    NEW java/lang/StringBuilder
    DUP
    INVOKESPECIAL java/lang/StringBuilder.<init> ()V
    LDC "Error converting from '"
    INVOKEVIRTUAL java/lang/StringBuilder.append (Ljava/lang/String;)Ljava/lang/StringBuilder;
    ALOAD 0
    ALOAD 2
    INVOKEVIRTUAL java/lang/Object.getClass ()Ljava/lang/Class;
    INVOKEVIRTUAL com/examples/with/different/packagename/testcarver/AbstractConverter.toString (Ljava/lang/Class;)Ljava/lang/String;
    INVOKEVIRTUAL java/lang/StringBuilder.append (Ljava/lang/String;)Ljava/lang/StringBuilder;
    LDC "' to '"
    INVOKEVIRTUAL java/lang/StringBuilder.append (Ljava/lang/String;)Ljava/lang/StringBuilder;
    ALOAD 0
    ALOAD 1
   L7
    LINENUMBER 240 L7
    INVOKEVIRTUAL com/examples/with/different/packagename/testcarver/AbstractConverter.toString (Ljava/lang/Class;)Ljava/lang/String;
    INVOKEVIRTUAL java/lang/StringBuilder.append (Ljava/lang/String;)Ljava/lang/StringBuilder;
    LDC "' "
    INVOKEVIRTUAL java/lang/StringBuilder.append (Ljava/lang/String;)Ljava/lang/StringBuilder;
    ALOAD 3
    INVOKEVIRTUAL java/lang/Throwable.getMessage ()Ljava/lang/String;
    INVOKEVIRTUAL java/lang/StringBuilder.append (Ljava/lang/String;)Ljava/lang/StringBuilder;
    INVOKEVIRTUAL java/lang/StringBuilder.toString ()Ljava/lang/String;
    ASTORE 5
   L8
    LINENUMBER 241 L8
    NEW com/examples/with/different/packagename/testcarver/ConversionException
    DUP
    ALOAD 5
    ALOAD 3
    INVOKESPECIAL com/examples/with/different/packagename/testcarver/ConversionException.<init> (Ljava/lang/String;Ljava/lang/Throwable;)V
    ASTORE 4
   L6
    LINENUMBER 245 L6
    ALOAD 4
    ATHROW
   L9
    LOCALVARIABLE msg Ljava/lang/String; L8 L6 5
    LOCALVARIABLE this Lcom/examples/with/different/packagename/testcarver/AbstractConverter; L0 L9 0
    LOCALVARIABLE type Ljava/lang/Class; L0 L9 1
    LOCALVARIABLE value Ljava/lang/Object; L0 L9 2
    LOCALVARIABLE cause Ljava/lang/Throwable; L0 L9 3
    LOCALVARIABLE cex Lcom/examples/with/different/packagename/testcarver/ConversionException; L3 L9 4
    MAXSTACK = 4
    MAXLOCALS = 6

  // access flags 0x4
  protected handleMissing(Ljava/lang/Class;)Ljava/lang/Object;
    TRYCATCHBLOCK L0 L1 L2 java/lang/Throwable
   L3
    LINENUMBER 262 L3
    ALOAD 0
    GETFIELD com/examples/with/different/packagename/testcarver/AbstractConverter.useDefault : Z
    IFNE L4
    ALOAD 1
    LDC Ljava/lang/String;.class
    INVOKEVIRTUAL java/lang/Object.equals (Ljava/lang/Object;)Z
    IFEQ L5
   L4
    LINENUMBER 263 L4
    ALOAD 0
    ALOAD 1
    INVOKEVIRTUAL com/examples/with/different/packagename/testcarver/AbstractConverter.getDefault (Ljava/lang/Class;)Ljava/lang/Object;
    ASTORE 2
   L6
    LINENUMBER 264 L6
    ALOAD 0
    GETFIELD com/examples/with/different/packagename/testcarver/AbstractConverter.useDefault : Z
    IFEQ L7
    ALOAD 2
    IFNULL L7
    ALOAD 1
    ALOAD 2
    INVOKEVIRTUAL java/lang/Object.getClass ()Ljava/lang/Class;
    INVOKEVIRTUAL java/lang/Object.equals (Ljava/lang/Object;)Z
    IFNE L7
   L0
    LINENUMBER 266 L0
    ALOAD 0
    ALOAD 1
    ALOAD 0
    GETFIELD com/examples/with/different/packagename/testcarver/AbstractConverter.defaultValue : Ljava/lang/Object;
    INVOKEVIRTUAL com/examples/with/different/packagename/testcarver/AbstractConverter.convertToType (Ljava/lang/Class;Ljava/lang/Object;)Ljava/lang/Object;
    ASTORE 2
   L1
    LINENUMBER 270 L1
    GOTO L7
   L2
    LINENUMBER 267 L2
    ASTORE 3
   L8
    LINENUMBER 268 L8
    GETSTATIC java/lang/System.err : Ljava/io/PrintStream;
    NEW java/lang/StringBuilder
    DUP
    INVOKESPECIAL java/lang/StringBuilder.<init> ()V
    LDC "    Default conversion to "
    INVOKEVIRTUAL java/lang/StringBuilder.append (Ljava/lang/String;)Ljava/lang/StringBuilder;
    ALOAD 0
    ALOAD 1
    INVOKEVIRTUAL com/examples/with/different/packagename/testcarver/AbstractConverter.toString (Ljava/lang/Class;)Ljava/lang/String;
    INVOKEVIRTUAL java/lang/StringBuilder.append (Ljava/lang/String;)Ljava/lang/StringBuilder;
    LDC "failed: "
    INVOKEVIRTUAL java/lang/StringBuilder.append (Ljava/lang/String;)Ljava/lang/StringBuilder;
    ALOAD 3
    INVOKEVIRTUAL java/lang/StringBuilder.append (Ljava/lang/Object;)Ljava/lang/StringBuilder;
    INVOKEVIRTUAL java/lang/StringBuilder.toString ()Ljava/lang/String;
    INVOKEVIRTUAL java/io/PrintStream.println (Ljava/lang/String;)V
   L7
    LINENUMBER 272 L7
    ALOAD 2
    ARETURN
   L5
    LINENUMBER 275 L5
    NEW com/examples/with/different/packagename/testcarver/ConversionException
    DUP
    NEW java/lang/StringBuilder
    DUP
    INVOKESPECIAL java/lang/StringBuilder.<init> ()V
    LDC "No value specified for '"
    INVOKEVIRTUAL java/lang/StringBuilder.append (Ljava/lang/String;)Ljava/lang/StringBuilder;
    ALOAD 0
    ALOAD 1
   L9
    LINENUMBER 276 L9
    INVOKEVIRTUAL com/examples/with/different/packagename/testcarver/AbstractConverter.toString (Ljava/lang/Class;)Ljava/lang/String;
    INVOKEVIRTUAL java/lang/StringBuilder.append (Ljava/lang/String;)Ljava/lang/StringBuilder;
    LDC "'"
    INVOKEVIRTUAL java/lang/StringBuilder.append (Ljava/lang/String;)Ljava/lang/StringBuilder;
    INVOKEVIRTUAL java/lang/StringBuilder.toString ()Ljava/lang/String;
    INVOKESPECIAL com/examples/with/different/packagename/testcarver/ConversionException.<init> (Ljava/lang/String;)V
    ASTORE 2
   L10
    LINENUMBER 277 L10
    ALOAD 2
    ATHROW
   L11
    LOCALVARIABLE t Ljava/lang/Throwable; L8 L7 3
    LOCALVARIABLE value Ljava/lang/Object; L6 L5 2
    LOCALVARIABLE this Lcom/examples/with/different/packagename/testcarver/AbstractConverter; L3 L11 0
    LOCALVARIABLE type Ljava/lang/Class; L3 L11 1
    LOCALVARIABLE cex Lcom/examples/with/different/packagename/testcarver/ConversionException; L10 L11 2
    MAXSTACK = 5
    MAXLOCALS = 4

  // access flags 0x4
  protected setDefaultValue(Ljava/lang/Object;)V
   L0
    LINENUMBER 295 L0
    ALOAD 0
    ICONST_0
    PUTFIELD com/examples/with/different/packagename/testcarver/AbstractConverter.useDefault : Z
   L1
    LINENUMBER 296 L1
    ALOAD 1
    IFNONNULL L2
   L3
    LINENUMBER 297 L3
    ALOAD 0
    ACONST_NULL
    PUTFIELD com/examples/with/different/packagename/testcarver/AbstractConverter.defaultValue : Ljava/lang/Object;
    GOTO L4
   L2
    LINENUMBER 299 L2
    ALOAD 0
    ALOAD 0
    ALOAD 0
    INVOKEVIRTUAL com/examples/with/different/packagename/testcarver/AbstractConverter.getDefaultType ()Ljava/lang/Class;
    ALOAD 1
    INVOKEVIRTUAL com/examples/with/different/packagename/testcarver/AbstractConverter.convert (Ljava/lang/Class;Ljava/lang/Object;)Ljava/lang/Object;
    PUTFIELD com/examples/with/different/packagename/testcarver/AbstractConverter.defaultValue : Ljava/lang/Object;
   L4
    LINENUMBER 301 L4
    ALOAD 0
    ICONST_1
    PUTFIELD com/examples/with/different/packagename/testcarver/AbstractConverter.useDefault : Z
   L5
    LINENUMBER 302 L5
    RETURN
   L6
    LOCALVARIABLE this Lcom/examples/with/different/packagename/testcarver/AbstractConverter; L0 L6 0
    LOCALVARIABLE defaultValue Ljava/lang/Object; L0 L6 1
    MAXSTACK = 4
    MAXLOCALS = 2

  // access flags 0x404
  protected abstract getDefaultType()Ljava/lang/Class;

  // access flags 0x4
  protected getDefault(Ljava/lang/Class;)Ljava/lang/Object;
   L0
    LINENUMBER 319 L0
    ALOAD 1
    LDC Ljava/lang/String;.class
    INVOKEVIRTUAL java/lang/Object.equals (Ljava/lang/Object;)Z
    IFEQ L1
   L2
    LINENUMBER 320 L2
    ACONST_NULL
    ARETURN
   L1
    LINENUMBER 322 L1
    ALOAD 0
    GETFIELD com/examples/with/different/packagename/testcarver/AbstractConverter.defaultValue : Ljava/lang/Object;
    ARETURN
   L3
    LOCALVARIABLE this Lcom/examples/with/different/packagename/testcarver/AbstractConverter; L0 L3 0
    LOCALVARIABLE type Ljava/lang/Class; L0 L3 1
    MAXSTACK = 2
    MAXLOCALS = 2

  // access flags 0x2
  private _sw_prototype_original_toString()Ljava/lang/String;
   L0
    LINENUMBER 332 L0
    NEW java/lang/StringBuilder
    DUP
    INVOKESPECIAL java/lang/StringBuilder.<init> ()V
    ALOAD 0
    ALOAD 0
    INVOKEVIRTUAL java/lang/Object.getClass ()Ljava/lang/Class;
    INVOKEVIRTUAL com/examples/with/different/packagename/testcarver/AbstractConverter.toString (Ljava/lang/Class;)Ljava/lang/String;
    INVOKEVIRTUAL java/lang/StringBuilder.append (Ljava/lang/String;)Ljava/lang/StringBuilder;
    LDC "[UseDefault="
    INVOKEVIRTUAL java/lang/StringBuilder.append (Ljava/lang/String;)Ljava/lang/StringBuilder;
    ALOAD 0
    DUP
    GETFIELD com/examples/with/different/packagename/testcarver/AbstractConverter.useDefault : Z
    SWAP
    LDC -2147483610
    LDC "com/examples/with/different/packagename/testcarver/AbstractConverter"
    LDC "useDefault"
    LDC "Z"
    INVOKESTATIC org/evosuite/testcarver/capture/FieldRegistry.notifyReadAccess (Ljava/lang/Object;ILjava/lang/String;Ljava/lang/String;Ljava/lang/String;)V
    INVOKEVIRTUAL java/lang/StringBuilder.append (Z)Ljava/lang/StringBuilder;
    LDC "]"
    INVOKEVIRTUAL java/lang/StringBuilder.append (Ljava/lang/String;)Ljava/lang/StringBuilder;
    INVOKEVIRTUAL java/lang/StringBuilder.toString ()Ljava/lang/String;
    ARETURN
   L1
    LOCALVARIABLE this Lcom/examples/with/different/packagename/testcarver/AbstractConverter; L0 L1 0
    MAXSTACK = 7
    MAXLOCALS = 1

  // access flags 0x0
  primitive(Ljava/lang/Class;)Ljava/lang/Class;
   L0
    LINENUMBER 344 L0
    ALOAD 1
    IFNULL L1
    ALOAD 1
    INVOKEVIRTUAL java/lang/Class.isPrimitive ()Z
    IFNE L2
   L1
    LINENUMBER 345 L1
    ALOAD 1
    ARETURN
   L2
    LINENUMBER 348 L2
    ALOAD 1
    GETSTATIC java/lang/Integer.TYPE : Ljava/lang/Class;
    IF_ACMPNE L3
   L4
    LINENUMBER 349 L4
    LDC Ljava/lang/Integer;.class
    ARETURN
   L3
    LINENUMBER 350 L3
    ALOAD 1
    GETSTATIC java/lang/Double.TYPE : Ljava/lang/Class;
    IF_ACMPNE L5
   L6
    LINENUMBER 351 L6
    LDC Ljava/lang/Double;.class
    ARETURN
   L5
    LINENUMBER 352 L5
    ALOAD 1
    GETSTATIC java/lang/Long.TYPE : Ljava/lang/Class;
    IF_ACMPNE L7
   L8
    LINENUMBER 353 L8
    LDC Ljava/lang/Long;.class
    ARETURN
   L7
    LINENUMBER 354 L7
    ALOAD 1
    GETSTATIC java/lang/Boolean.TYPE : Ljava/lang/Class;
    IF_ACMPNE L9
   L10
    LINENUMBER 355 L10
    LDC Ljava/lang/Boolean;.class
    ARETURN
   L9
    LINENUMBER 356 L9
    ALOAD 1
    GETSTATIC java/lang/Float.TYPE : Ljava/lang/Class;
    IF_ACMPNE L11
   L12
    LINENUMBER 357 L12
    LDC Ljava/lang/Float;.class
    ARETURN
   L11
    LINENUMBER 358 L11
    ALOAD 1
    GETSTATIC java/lang/Short.TYPE : Ljava/lang/Class;
    IF_ACMPNE L13
   L14
    LINENUMBER 359 L14
    LDC Ljava/lang/Short;.class
    ARETURN
   L13
    LINENUMBER 360 L13
    ALOAD 1
    GETSTATIC java/lang/Byte.TYPE : Ljava/lang/Class;
    IF_ACMPNE L15
   L16
    LINENUMBER 361 L16
    LDC Ljava/lang/Byte;.class
    ARETURN
   L15
    LINENUMBER 362 L15
    ALOAD 1
    GETSTATIC java/lang/Character.TYPE : Ljava/lang/Class;
    IF_ACMPNE L17
   L18
    LINENUMBER 363 L18
    LDC Ljava/lang/Character;.class
    ARETURN
   L17
    LINENUMBER 365 L17
    ALOAD 1
    ARETURN
   L19
    LOCALVARIABLE this Lcom/examples/with/different/packagename/testcarver/AbstractConverter; L0 L19 0
    LOCALVARIABLE type Ljava/lang/Class; L0 L19 1
    MAXSTACK = 2
    MAXLOCALS = 2

  // access flags 0x0
  toString(Ljava/lang/Class;)Ljava/lang/String;
   L0
    LINENUMBER 376 L0
    ACONST_NULL
    ASTORE 2
   L1
    LINENUMBER 377 L1
    ALOAD 1
    IFNONNULL L2
   L3
    LINENUMBER 378 L3
    LDC "null"
    ASTORE 2
    GOTO L4
   L2
    LINENUMBER 379 L2
    ALOAD 1
    INVOKEVIRTUAL java/lang/Class.isArray ()Z
    IFEQ L5
   L6
    LINENUMBER 380 L6
    ALOAD 1
    INVOKEVIRTUAL java/lang/Class.getComponentType ()Ljava/lang/Class;
    ASTORE 3
   L7
    LINENUMBER 381 L7
    ICONST_1
    ISTORE 4
   L8
    LINENUMBER 382 L8
    ALOAD 3
    INVOKEVIRTUAL java/lang/Class.isArray ()Z
    IFEQ L9
   L10
    LINENUMBER 383 L10
    ALOAD 3
    INVOKEVIRTUAL java/lang/Class.getComponentType ()Ljava/lang/Class;
    ASTORE 3
   L11
    LINENUMBER 384 L11
    IINC 4 1
    GOTO L8
   L9
    LINENUMBER 386 L9
    ALOAD 3
    INVOKEVIRTUAL java/lang/Class.getName ()Ljava/lang/String;
    ASTORE 2
   L12
    LINENUMBER 387 L12
    ICONST_0
    ISTORE 5
   L13
    ILOAD 5
    ILOAD 4
    IF_ICMPGE L14
   L15
    LINENUMBER 388 L15
    NEW java/lang/StringBuilder
    DUP
    INVOKESPECIAL java/lang/StringBuilder.<init> ()V
    ALOAD 2
    INVOKEVIRTUAL java/lang/StringBuilder.append (Ljava/lang/String;)Ljava/lang/StringBuilder;
    LDC "[]"
    INVOKEVIRTUAL java/lang/StringBuilder.append (Ljava/lang/String;)Ljava/lang/StringBuilder;
    INVOKEVIRTUAL java/lang/StringBuilder.toString ()Ljava/lang/String;
    ASTORE 2
   L16
    LINENUMBER 387 L16
    IINC 5 1
    GOTO L13
   L14
    LINENUMBER 390 L14
    GOTO L4
   L5
    LINENUMBER 391 L5
    ALOAD 1
    INVOKEVIRTUAL java/lang/Class.getName ()Ljava/lang/String;
    ASTORE 2
   L4
    LINENUMBER 393 L4
    ALOAD 2
    LDC "java.lang."
    INVOKEVIRTUAL java/lang/String.startsWith (Ljava/lang/String;)Z
    IFNE L17
    ALOAD 2
    LDC "java.util."
   L18
    LINENUMBER 394 L18
    INVOKEVIRTUAL java/lang/String.startsWith (Ljava/lang/String;)Z
    IFNE L17
    ALOAD 2
    LDC "java.math."
   L19
    LINENUMBER 395 L19
    INVOKEVIRTUAL java/lang/String.startsWith (Ljava/lang/String;)Z
    IFEQ L20
   L17
    LINENUMBER 396 L17
    ALOAD 2
    LDC "java.lang."
    INVOKEVIRTUAL java/lang/String.length ()I
    INVOKEVIRTUAL java/lang/String.substring (I)Ljava/lang/String;
    ASTORE 2
    GOTO L21
   L20
    LINENUMBER 397 L20
    ALOAD 2
    LDC "org.apache.commons.beanutils.converters."
    INVOKEVIRTUAL java/lang/String.startsWith (Ljava/lang/String;)Z
    IFEQ L21
   L22
    LINENUMBER 398 L22
    ALOAD 2
    LDC "org.apache.commons.beanutils.converters."
    INVOKEVIRTUAL java/lang/String.length ()I
    INVOKEVIRTUAL java/lang/String.substring (I)Ljava/lang/String;
    ASTORE 2
   L21
    LINENUMBER 400 L21
    ALOAD 2
    ARETURN
   L23
    LOCALVARIABLE i I L13 L14 5
    LOCALVARIABLE elementType Ljava/lang/Class; L7 L14 3
    LOCALVARIABLE count I L8 L14 4
    LOCALVARIABLE this Lcom/examples/with/different/packagename/testcarver/AbstractConverter; L0 L23 0
    LOCALVARIABLE type Ljava/lang/Class; L0 L23 1
    LOCALVARIABLE typeName Ljava/lang/String; L1 L23 2
    MAXSTACK = 2
    MAXLOCALS = 6

  // access flags 0x1
  public isUseDefault()Z
    TRYCATCHBLOCK L0 L1 L2 java/lang/Throwable
    ACONST_NULL
    ASTORE 1
   L0
    LDC -2147483612
    ALOAD 0
    LDC "isUseDefault"
    LDC "()Z"
    BIPUSH 0
    ANEWARRAY java/lang/Object
    INVOKESTATIC org/evosuite/testcarver/capture/Capturer.capture (ILjava/lang/Object;Ljava/lang/String;Ljava/lang/String;[Ljava/lang/Object;)V
    ALOAD 0
    INVOKEVIRTUAL com/examples/with/different/packagename/testcarver/AbstractConverter._sw_prototype_original_isUseDefault ()Z
    INVOKESTATIC java/lang/Boolean.valueOf (Z)Ljava/lang/Boolean;
    ASTORE 1
    ALOAD 1
    INVOKEVIRTUAL java/lang/Boolean.booleanValue ()Z
    ISTORE 3
   L1
    LDC -2147483612
    ALOAD 0
    ALOAD 1
    INVOKESTATIC org/evosuite/testcarver/capture/Capturer.enable (ILjava/lang/Object;Ljava/lang/Object;)V
    ILOAD 3
    IRETURN
   L2
   FRAME FULL [com/examples/with/different/packagename/testcarver/AbstractConverter java/lang/Boolean] [java/lang/Throwable]
    ASTORE 2
    LDC -2147483612
    ALOAD 0
    ALOAD 1
    INVOKESTATIC org/evosuite/testcarver/capture/Capturer.enable (ILjava/lang/Object;Ljava/lang/Object;)V
    ALOAD 2
    ATHROW
    MAXSTACK = 5
    MAXLOCALS = 0

  // access flags 0x1
  public convert(Ljava/lang/Class;Ljava/lang/Object;)Ljava/lang/Object;
    TRYCATCHBLOCK L0 L1 L2 java/lang/Throwable
    ACONST_NULL
    ASTORE 3
   L0
    LDC -2147483611
    ALOAD 0
    LDC "convert"
    LDC "(Ljava/lang/Class;Ljava/lang/Object;)Ljava/lang/Object;"
    BIPUSH 2
    ANEWARRAY java/lang/Object
    DUP
    BIPUSH 0
    ALOAD 1
    AASTORE
    DUP
    BIPUSH 1
    ALOAD 2
    AASTORE
    INVOKESTATIC org/evosuite/testcarver/capture/Capturer.capture (ILjava/lang/Object;Ljava/lang/String;Ljava/lang/String;[Ljava/lang/Object;)V
    ALOAD 0
    ALOAD 1
    ALOAD 2
    INVOKEVIRTUAL com/examples/with/different/packagename/testcarver/AbstractConverter._sw_prototype_original_convert (Ljava/lang/Class;Ljava/lang/Object;)Ljava/lang/Object;
    ASTORE 3
    ALOAD 3
    ASTORE 5
   L1
    LDC -2147483611
    ALOAD 0
    ALOAD 3
    INVOKESTATIC org/evosuite/testcarver/capture/Capturer.enable (ILjava/lang/Object;Ljava/lang/Object;)V
    ALOAD 5
    ARETURN
   L2
   FRAME FULL [com/examples/with/different/packagename/testcarver/AbstractConverter java/lang/Object] [java/lang/Throwable]
    ASTORE 4
    LDC -2147483611
    ALOAD 0
    ALOAD 3
    INVOKESTATIC org/evosuite/testcarver/capture/Capturer.enable (ILjava/lang/Object;Ljava/lang/Object;)V
    ALOAD 4
    ATHROW
    MAXSTACK = 8
    MAXLOCALS = 0

  // access flags 0x1
  public toString()Ljava/lang/String;
    TRYCATCHBLOCK L0 L1 L2 java/lang/Throwable
    ACONST_NULL
    ASTORE 1
   L0
    LDC -2147483609
    ALOAD 0
    LDC "toString"
    LDC "()Ljava/lang/String;"
    BIPUSH 0
    ANEWARRAY java/lang/Object
    INVOKESTATIC org/evosuite/testcarver/capture/Capturer.capture (ILjava/lang/Object;Ljava/lang/String;Ljava/lang/String;[Ljava/lang/Object;)V
    ALOAD 0
    INVOKEVIRTUAL com/examples/with/different/packagename/testcarver/AbstractConverter._sw_prototype_original_toString ()Ljava/lang/String;
    ASTORE 1
    ALOAD 1
    ASTORE 3
   L1
    LDC -2147483609
    ALOAD 0
    ALOAD 1
    INVOKESTATIC org/evosuite/testcarver/capture/Capturer.enable (ILjava/lang/Object;Ljava/lang/Object;)V
    ALOAD 3
    ARETURN
   L2
   FRAME FULL [com/examples/with/different/packagename/testcarver/AbstractConverter java/lang/String] [java/lang/Throwable]
    ASTORE 2
    LDC -2147483609
    ALOAD 0
    ALOAD 1
    INVOKESTATIC org/evosuite/testcarver/capture/Capturer.enable (ILjava/lang/Object;Ljava/lang/Object;)V
    ALOAD 2
    ATHROW
    MAXSTACK = 7
    MAXLOCALS = 0
}
INFO  org.evosuite.testcarver.extraction.CarvingClassLoader - Seeing class for first time: com.examples.with.different.packagename.testcarver.Converter
WARN  org.evosuite.testcarver.extraction.CarvingClassLoader - Instrumenting class 'com.examples.with.different.packagename.testcarver.Converter'.
INFO  org.evosuite.testcarver.extraction.CarvingClassLoader - Keeping class: com.examples.with.different.packagename.testcarver.Converter
INFO  org.evosuite.testcarver.extraction.CarvingClassLoader - Keeping class: com.examples.with.different.packagename.testcarver.AbstractConverter
INFO  org.evosuite.testcarver.extraction.CarvingClassLoader - Keeping class: com.examples.with.different.packagename.testcarver.DateTimeConverter
INFO  org.evosuite.testcarver.extraction.CarvingClassLoader - Keeping class: com.examples.with.different.packagename.testcarver.DateConverter
INFO  org.evosuite.testcarver.extraction.CarvingClassLoader - Seeing class for first time: com.examples.with.different.packagename.testcarver.DateConverterTestCase
WARN  org.evosuite.testcarver.extraction.CarvingClassLoader - Instrumenting class 'com.examples.with.different.packagename.testcarver.DateConverterTestCase'.
INFO  org.evosuite.testcarver.instrument.Instrumenter - Checking package com.examples.with.different.packagename.testcarver for class com/examples/with/different/packagename/testcarver/DateConverterTestCase
// class version 52.0 (52)
// access flags 0x21
public class com/examples/with/different/packagename/testcarver/DateConverterTestCase extends com/examples/with/different/packagename/testcarver/DateConverterTestBase {

  // compiled from: DateConverterTestCase.java

  // access flags 0x2
  private _sw_prototype_original_init_sw_prototype_original_(Ljava/lang/String;)V
    ALOAD 0
    INVOKESTATIC org/evosuite/testcarver/capture/FieldRegistry.register (Ljava/lang/Object;)V
   L0
    LINENUMBER 41 L0
    RETURN
   L1
    LOCALVARIABLE this Lcom/examples/with/different/packagename/testcarver/DateConverterTestCase; L2 L1 0
    LOCALVARIABLE name Ljava/lang/String; L2 L1 1
    MAXSTACK = 6
    MAXLOCALS = 2

  // access flags 0xA
  private static _sw_prototype_original_suite()Ljunit/framework/TestSuite;
   L0
    LINENUMBER 51 L0
    NEW junit/framework/TestSuite
    DUP
    LDC Lcom/examples/with/different/packagename/testcarver/DateConverterTestCase;.class
    INVOKESPECIAL junit/framework/TestSuite.<init> (Ljava/lang/Class;)V
    ARETURN
    MAXSTACK = 7
    MAXLOCALS = 0

  // access flags 0x2
  private _sw_prototype_original_setUp()V throws java/lang/Exception
   L0
    LINENUMBER 58 L0
    RETURN
   L1
    LOCALVARIABLE this Lcom/examples/with/different/packagename/testcarver/DateConverterTestCase; L0 L1 0
    MAXSTACK = 4
    MAXLOCALS = 1

  // access flags 0x2
  private _sw_prototype_original_tearDown()V throws java/lang/Exception
   L0
    LINENUMBER 64 L0
    RETURN
   L1
    LOCALVARIABLE this Lcom/examples/with/different/packagename/testcarver/DateConverterTestCase; L0 L1 0
    MAXSTACK = 4
    MAXLOCALS = 1

  // access flags 0x4
  protected makeConverter()Lcom/examples/with/different/packagename/testcarver/DateTimeConverter;
   L0
    LINENUMBER 74 L0
    NEW com/examples/with/different/packagename/testcarver/DateConverter
    DUP
    INVOKESPECIAL com/examples/with/different/packagename/testcarver/DateConverter.<init> ()V
    ARETURN
   L1
    LOCALVARIABLE this Lcom/examples/with/different/packagename/testcarver/DateConverterTestCase; L0 L1 0
    MAXSTACK = 2
    MAXLOCALS = 1

  // access flags 0x4
  protected makeConverter(Ljava/lang/Object;)Lcom/examples/with/different/packagename/testcarver/DateTimeConverter;
   L0
    LINENUMBER 84 L0
    NEW com/examples/with/different/packagename/testcarver/DateConverter
    DUP
    ALOAD 1
    INVOKESPECIAL com/examples/with/different/packagename/testcarver/DateConverter.<init> (Ljava/lang/Object;)V
    ARETURN
   L1
    LOCALVARIABLE this Lcom/examples/with/different/packagename/testcarver/DateConverterTestCase; L0 L1 0
    LOCALVARIABLE defaultValue Ljava/lang/Object; L0 L1 1
    MAXSTACK = 3
    MAXLOCALS = 2

  // access flags 0x4
  protected getExpectedType()Ljava/lang/Class;
   L0
    LINENUMBER 93 L0
    LDC Ljava/util/Date;.class
    ARETURN
   L1
    LOCALVARIABLE this Lcom/examples/with/different/packagename/testcarver/DateConverterTestCase; L0 L1 0
    MAXSTACK = 1
    MAXLOCALS = 1

  // access flags 0x4
  protected toType(Ljava/util/Calendar;)Ljava/lang/Object;
   L0
    LINENUMBER 103 L0
    ALOAD 1
    INVOKESTATIC org/evosuite/testcarver/wrapper/java/util/Calendar.getTime (Ljava/util/Calendar;)Ljava/util/Date;
    ARETURN
   L1
    LOCALVARIABLE this Lcom/examples/with/different/packagename/testcarver/DateConverterTestCase; L0 L1 0
    LOCALVARIABLE value Ljava/util/Calendar; L0 L1 1
    MAXSTACK = 1
    MAXLOCALS = 2

  // access flags 0x1
  public <init>(Ljava/lang/String;)V
    TRYCATCHBLOCK L0 L1 L1 java/lang/Throwable
   L2
    LINENUMBER 40 L2
    ALOAD 0
    ALOAD 1
    INVOKESPECIAL com/examples/with/different/packagename/testcarver/DateConverterTestBase.<init> (Ljava/lang/String;)V
   L0
    LDC -2147483608
    ALOAD 0
    LDC "<init>"
    LDC "(Ljava/lang/String;)V"
    BIPUSH 1
    ANEWARRAY java/lang/Object
    DUP
    BIPUSH 0
    ALOAD 1
    AASTORE
    INVOKESTATIC org/evosuite/testcarver/capture/Capturer.capture (ILjava/lang/Object;Ljava/lang/String;Ljava/lang/String;[Ljava/lang/Object;)V
    ALOAD 0
    ALOAD 1
    INVOKEVIRTUAL com/examples/with/different/packagename/testcarver/DateConverterTestCase._sw_prototype_original_init_sw_prototype_original_ (Ljava/lang/String;)V
    GOTO L3
   L1
   FRAME SAME1 java/lang/Throwable
    ASTORE 2
    LDC -2147483608
    ALOAD 0
    GETSTATIC org/evosuite/testcarver/capture/CaptureLog.RETURN_TYPE_VOID : Ljava/lang/Object;
    INVOKESTATIC org/evosuite/testcarver/capture/Capturer.enable (ILjava/lang/Object;Ljava/lang/Object;)V
    ALOAD 2
    ATHROW
   L3
   FRAME SAME
    LDC -2147483608
    ALOAD 0
    GETSTATIC org/evosuite/testcarver/capture/CaptureLog.RETURN_TYPE_VOID : Ljava/lang/Object;
    INVOKESTATIC org/evosuite/testcarver/capture/Capturer.enable (ILjava/lang/Object;Ljava/lang/Object;)V
    RETURN
    MAXSTACK = 6
    MAXLOCALS = 0

  // access flags 0x9
  public static suite()Ljunit/framework/TestSuite;
    TRYCATCHBLOCK L0 L1 L2 java/lang/Throwable
    ACONST_NULL
    ASTORE 0
   L0
    LDC -2147483607
    LDC "com/examples/with/different/packagename/testcarver/DateConverterTestCase"
    INVOKESTATIC org/evosuite/testcarver/capture/CaptureUtil.loadClass (Ljava/lang/String;)Ljava/lang/Class;
    LDC "suite"
    LDC "()Ljunit/framework/TestSuite;"
    BIPUSH 0
    ANEWARRAY java/lang/Object
    INVOKESTATIC org/evosuite/testcarver/capture/Capturer.capture (ILjava/lang/Object;Ljava/lang/String;Ljava/lang/String;[Ljava/lang/Object;)V
    INVOKESTATIC com/examples/with/different/packagename/testcarver/DateConverterTestCase._sw_prototype_original_suite ()Ljunit/framework/TestSuite;
    ASTORE 0
    ALOAD 0
    ASTORE 2
   L1
    LDC -2147483607
    LDC "com/examples/with/different/packagename/testcarver/DateConverterTestCase"
    INVOKESTATIC org/evosuite/testcarver/capture/CaptureUtil.loadClass (Ljava/lang/String;)Ljava/lang/Class;
    ALOAD 0
    INVOKESTATIC org/evosuite/testcarver/capture/Capturer.enable (ILjava/lang/Object;Ljava/lang/Object;)V
    ALOAD 2
    ARETURN
   L2
   FRAME FULL [com/examples/with/different/packagename/testcarver/DateConverterTestCase junit/framework/TestSuite] [java/lang/Throwable]
    ASTORE 1
    LDC -2147483607
    LDC "com/examples/with/different/packagename/testcarver/DateConverterTestCase"
    INVOKESTATIC org/evosuite/testcarver/capture/CaptureUtil.loadClass (Ljava/lang/String;)Ljava/lang/Class;
    ALOAD 0
    INVOKESTATIC org/evosuite/testcarver/capture/Capturer.enable (ILjava/lang/Object;Ljava/lang/Object;)V
    ALOAD 1
    ATHROW
    MAXSTACK = 7
    MAXLOCALS = 0

  // access flags 0x1
  public setUp()V throws java/lang/Exception
    TRYCATCHBLOCK L0 L1 L1 java/lang/Throwable
   L0
    LDC -2147483606
    ALOAD 0
    LDC "setUp"
    LDC "()V"
    BIPUSH 0
    ANEWARRAY java/lang/Object
    INVOKESTATIC org/evosuite/testcarver/capture/Capturer.capture (ILjava/lang/Object;Ljava/lang/String;Ljava/lang/String;[Ljava/lang/Object;)V
    ALOAD 0
    INVOKEVIRTUAL com/examples/with/different/packagename/testcarver/DateConverterTestCase._sw_prototype_original_setUp ()V
    GOTO L2
   L1
   FRAME SAME1 java/lang/Throwable
    ASTORE 1
    LDC -2147483606
    ALOAD 0
    GETSTATIC org/evosuite/testcarver/capture/CaptureLog.RETURN_TYPE_VOID : Ljava/lang/Object;
    INVOKESTATIC org/evosuite/testcarver/capture/Capturer.enable (ILjava/lang/Object;Ljava/lang/Object;)V
    ALOAD 1
    ATHROW
   L2
   FRAME SAME
    LDC -2147483606
    ALOAD 0
    GETSTATIC org/evosuite/testcarver/capture/CaptureLog.RETURN_TYPE_VOID : Ljava/lang/Object;
    INVOKESTATIC org/evosuite/testcarver/capture/Capturer.enable (ILjava/lang/Object;Ljava/lang/Object;)V
    RETURN
    MAXSTACK = 4
    MAXLOCALS = 0

  // access flags 0x1
  public tearDown()V throws java/lang/Exception
    TRYCATCHBLOCK L0 L1 L1 java/lang/Throwable
   L0
    LDC -2147483605
    ALOAD 0
    LDC "tearDown"
    LDC "()V"
    BIPUSH 0
    ANEWARRAY java/lang/Object
    INVOKESTATIC org/evosuite/testcarver/capture/Capturer.capture (ILjava/lang/Object;Ljava/lang/String;Ljava/lang/String;[Ljava/lang/Object;)V
    ALOAD 0
    INVOKEVIRTUAL com/examples/with/different/packagename/testcarver/DateConverterTestCase._sw_prototype_original_tearDown ()V
    GOTO L2
   L1
   FRAME SAME1 java/lang/Throwable
    ASTORE 1
    LDC -2147483605
    ALOAD 0
    GETSTATIC org/evosuite/testcarver/capture/CaptureLog.RETURN_TYPE_VOID : Ljava/lang/Object;
    INVOKESTATIC org/evosuite/testcarver/capture/Capturer.enable (ILjava/lang/Object;Ljava/lang/Object;)V
    ALOAD 1
    ATHROW
   L2
   FRAME SAME
    LDC -2147483605
    ALOAD 0
    GETSTATIC org/evosuite/testcarver/capture/CaptureLog.RETURN_TYPE_VOID : Ljava/lang/Object;
    INVOKESTATIC org/evosuite/testcarver/capture/Capturer.enable (ILjava/lang/Object;Ljava/lang/Object;)V
    RETURN
    MAXSTACK = 4
    MAXLOCALS = 0
}
INFO  org.evosuite.testcarver.extraction.CarvingClassLoader - Seeing class for first time: com.examples.with.different.packagename.testcarver.DateConverterTestBase
WARN  org.evosuite.testcarver.extraction.CarvingClassLoader - Instrumenting class 'com.examples.with.different.packagename.testcarver.DateConverterTestBase'.
INFO  org.evosuite.testcarver.instrument.Instrumenter - Checking package com.examples.with.different.packagename.testcarver for class com/examples/with/different/packagename/testcarver/DateConverterTestBase
// class version 52.0 (52)
// access flags 0x421
public abstract class com/examples/with/different/packagename/testcarver/DateConverterTestBase extends junit/framework/TestCase {

  // compiled from: DateConverterTestBase.java

  // access flags 0x1
  public <init>(Ljava/lang/String;)V
   L0
    LINENUMBER 49 L0
    ALOAD 0
    ALOAD 1
    INVOKESPECIAL junit/framework/TestCase.<init> (Ljava/lang/String;)V
   L1
    LINENUMBER 50 L1
    RETURN
   L2
    LOCALVARIABLE this Lcom/examples/with/different/packagename/testcarver/DateConverterTestBase; L0 L2 0
    LOCALVARIABLE name Ljava/lang/String; L0 L2 1
    MAXSTACK = 2
    MAXLOCALS = 2

  // access flags 0x404
  protected abstract makeConverter()Lcom/examples/with/different/packagename/testcarver/DateTimeConverter;

  // access flags 0x404
  protected abstract makeConverter(Ljava/lang/Object;)Lcom/examples/with/different/packagename/testcarver/DateTimeConverter;

  // access flags 0x404
  protected abstract getExpectedType()Ljava/lang/Class;

  // access flags 0x404
  protected abstract toType(Ljava/util/Calendar;)Ljava/lang/Object;

  // access flags 0x2
  private _sw_prototype_original_testConvertNull()V
    TRYCATCHBLOCK L0 L1 L2 com/examples/with/different/packagename/testcarver/ConversionException
   L0
    LINENUMBER 91 L0
    ALOAD 0
    INVOKEVIRTUAL com/examples/with/different/packagename/testcarver/DateConverterTestBase.makeConverter ()Lcom/examples/with/different/packagename/testcarver/DateTimeConverter;
    ALOAD 0
    INVOKEVIRTUAL com/examples/with/different/packagename/testcarver/DateConverterTestBase.getExpectedType ()Ljava/lang/Class;
    ACONST_NULL
    INVOKEVIRTUAL com/examples/with/different/packagename/testcarver/DateTimeConverter.convert (Ljava/lang/Class;Ljava/lang/Object;)Ljava/lang/Object;
    POP
   L3
    LINENUMBER 92 L3
    LDC "Expected ConversionException"
    INVOKESTATIC com/examples/with/different/packagename/testcarver/DateConverterTestBase.fail (Ljava/lang/String;)V
   L1
    LINENUMBER 95 L1
    GOTO L4
   L2
    LINENUMBER 93 L2
    ASTORE 1
   L4
    LINENUMBER 96 L4
    RETURN
   L5
    LOCALVARIABLE this Lcom/examples/with/different/packagename/testcarver/DateConverterTestBase; L0 L5 0
    MAXSTACK = 7
    MAXLOCALS = 2

  // access flags 0x2
  private _sw_prototype_original_testConvertDate()V
   L0
    LINENUMBER 103 L0
    ICONST_5
    ANEWARRAY java/lang/String
    DUP
    ICONST_0
    LDC "from Date"
    AASTORE
    DUP
    ICONST_1
    LDC "from Calendar"
    AASTORE
    DUP
    ICONST_2
    LDC "from SQL Date"
    AASTORE
    DUP
    ICONST_3
    LDC "from SQL Time"
    AASTORE
    DUP
    ICONST_4
    LDC "from SQL Timestamp"
    AASTORE
    ASTORE 1
   L1
    LINENUMBER 111 L1
    INVOKESTATIC java/lang/System.currentTimeMillis ()J
    LSTORE 2
   L2
    LINENUMBER 113 L2
    ICONST_5
    ANEWARRAY java/lang/Object
    DUP
    ICONST_0
    NEW org/evosuite/testcarver/wrapper/java/util/Date
    DUP
    LLOAD 2
    INVOKESPECIAL org/evosuite/testcarver/wrapper/java/util/Date.<init> (J)V
    AASTORE
    DUP
    ICONST_1
    NEW java/util/GregorianCalendar
    DUP
    INVOKESPECIAL java/util/GregorianCalendar.<init> ()V
    AASTORE
    DUP
    ICONST_2
    NEW java/sql/Date
    DUP
    LLOAD 2
    INVOKESPECIAL java/sql/Date.<init> (J)V
    AASTORE
    DUP
    ICONST_3
    NEW java/sql/Time
    DUP
    LLOAD 2
    INVOKESPECIAL java/sql/Time.<init> (J)V
    AASTORE
    DUP
    ICONST_4
    NEW java/sql/Timestamp
    DUP
    LLOAD 2
    INVOKESPECIAL java/sql/Timestamp.<init> (J)V
    AASTORE
    ASTORE 4
   L3
    LINENUMBER 122 L3
    ALOAD 4
    ICONST_1
    AALOAD
    CHECKCAST java/util/GregorianCalendar
    NEW org/evosuite/testcarver/wrapper/java/util/Date
    DUP
    LLOAD 2
    INVOKESPECIAL org/evosuite/testcarver/wrapper/java/util/Date.<init> (J)V
    INVOKEVIRTUAL java/util/GregorianCalendar.setTime (Ljava/util/Date;)V
   L4
    LINENUMBER 124 L4
    ICONST_0
    ISTORE 5
   L5
    ILOAD 5
    ALOAD 4
    ARRAYLENGTH
    IF_ICMPGE L6
   L7
    LINENUMBER 125 L7
    ALOAD 0
    INVOKEVIRTUAL com/examples/with/different/packagename/testcarver/DateConverterTestBase.makeConverter ()Lcom/examples/with/different/packagename/testcarver/DateTimeConverter;
    ALOAD 0
    INVOKEVIRTUAL com/examples/with/different/packagename/testcarver/DateConverterTestBase.getExpectedType ()Ljava/lang/Class;
    ALOAD 4
    ILOAD 5
    AALOAD
    INVOKEVIRTUAL com/examples/with/different/packagename/testcarver/DateTimeConverter.convert (Ljava/lang/Class;Ljava/lang/Object;)Ljava/lang/Object;
    ASTORE 6
   L8
    LINENUMBER 126 L8
    NEW java/lang/StringBuilder
    DUP
    INVOKESPECIAL java/lang/StringBuilder.<init> ()V
    LDC "Convert "
    INVOKEVIRTUAL java/lang/StringBuilder.append (Ljava/lang/String;)Ljava/lang/StringBuilder;
    ALOAD 1
    ILOAD 5
    AALOAD
    INVOKEVIRTUAL java/lang/StringBuilder.append (Ljava/lang/String;)Ljava/lang/StringBuilder;
    LDC " should not be null"
    INVOKEVIRTUAL java/lang/StringBuilder.append (Ljava/lang/String;)Ljava/lang/StringBuilder;
    INVOKEVIRTUAL java/lang/StringBuilder.toString ()Ljava/lang/String;
    ALOAD 6
    INVOKESTATIC com/examples/with/different/packagename/testcarver/DateConverterTestBase.assertNotNull (Ljava/lang/String;Ljava/lang/Object;)V
   L9
    LINENUMBER 127 L9
    NEW java/lang/StringBuilder
    DUP
    INVOKESPECIAL java/lang/StringBuilder.<init> ()V
    LDC "Convert "
    INVOKEVIRTUAL java/lang/StringBuilder.append (Ljava/lang/String;)Ljava/lang/StringBuilder;
    ALOAD 1
    ILOAD 5
    AALOAD
    INVOKEVIRTUAL java/lang/StringBuilder.append (Ljava/lang/String;)Ljava/lang/StringBuilder;
    LDC " should return a "
    INVOKEVIRTUAL java/lang/StringBuilder.append (Ljava/lang/String;)Ljava/lang/StringBuilder;
    ALOAD 0
    INVOKEVIRTUAL com/examples/with/different/packagename/testcarver/DateConverterTestBase.getExpectedType ()Ljava/lang/Class;
    INVOKEVIRTUAL java/lang/Class.getName ()Ljava/lang/String;
    INVOKEVIRTUAL java/lang/StringBuilder.append (Ljava/lang/String;)Ljava/lang/StringBuilder;
    INVOKEVIRTUAL java/lang/StringBuilder.toString ()Ljava/lang/String;
    ALOAD 0
   L10
    LINENUMBER 128 L10
    INVOKEVIRTUAL com/examples/with/different/packagename/testcarver/DateConverterTestBase.getExpectedType ()Ljava/lang/Class;
    ALOAD 6
    INVOKEVIRTUAL java/lang/Class.isInstance (Ljava/lang/Object;)Z
   L11
    LINENUMBER 127 L11
    INVOKESTATIC com/examples/with/different/packagename/testcarver/DateConverterTestBase.assertTrue (Ljava/lang/String;Z)V
   L12
    LINENUMBER 129 L12
    NEW java/lang/StringBuilder
    DUP
    INVOKESPECIAL java/lang/StringBuilder.<init> ()V
    LDC "Convert "
    INVOKEVIRTUAL java/lang/StringBuilder.append (Ljava/lang/String;)Ljava/lang/StringBuilder;
    ALOAD 1
    ILOAD 5
    AALOAD
    INVOKEVIRTUAL java/lang/StringBuilder.append (Ljava/lang/String;)Ljava/lang/StringBuilder;
    LDC " should return a "
    INVOKEVIRTUAL java/lang/StringBuilder.append (Ljava/lang/String;)Ljava/lang/StringBuilder;
    ALOAD 4
    ICONST_0
    AALOAD
    INVOKEVIRTUAL java/lang/StringBuilder.append (Ljava/lang/Object;)Ljava/lang/StringBuilder;
    INVOKEVIRTUAL java/lang/StringBuilder.toString ()Ljava/lang/String;
    LLOAD 2
    ALOAD 0
    ALOAD 6
   L13
    LINENUMBER 130 L13
    INVOKEVIRTUAL com/examples/with/different/packagename/testcarver/DateConverterTestBase.getTimeInMillis (Ljava/lang/Object;)J
   L14
    LINENUMBER 129 L14
    INVOKESTATIC com/examples/with/different/packagename/testcarver/DateConverterTestBase.assertEquals (Ljava/lang/String;JJ)V
   L15
    LINENUMBER 124 L15
    IINC 5 1
    GOTO L5
   L6
    LINENUMBER 132 L6
    RETURN
   L16
    LOCALVARIABLE val Ljava/lang/Object; L8 L15 6
    LOCALVARIABLE i I L5 L6 5
    LOCALVARIABLE this Lcom/examples/with/different/packagename/testcarver/DateConverterTestBase; L0 L16 0
    LOCALVARIABLE message [Ljava/lang/String; L1 L16 1
    LOCALVARIABLE now J L2 L16 2
    LOCALVARIABLE date [Ljava/lang/Object; L3 L16 4
    MAXSTACK = 11
    MAXLOCALS = 7

  // access flags 0x2
  private _sw_prototype_original_testDefaultType()V
   L0
    LINENUMBER 138 L0
    LDC "yyyy-MM-dd"
    ASTORE 1
   L1
    LINENUMBER 141 L1
    ALOAD 0
    INVOKEVIRTUAL com/examples/with/different/packagename/testcarver/DateConverterTestBase.makeConverter ()Lcom/examples/with/different/packagename/testcarver/DateTimeConverter;
    ASTORE 2
   L2
    LINENUMBER 142 L2
    ALOAD 2
    ALOAD 1
    INVOKEVIRTUAL com/examples/with/different/packagename/testcarver/DateTimeConverter.setPattern (Ljava/lang/String;)V
   L3
    LINENUMBER 145 L3
    LDC "2006-10-29"
    ASTORE 3
   L4
    LINENUMBER 146 L4
    ALOAD 0
    ALOAD 3
    ALOAD 1
    ACONST_NULL
    INVOKEVIRTUAL com/examples/with/different/packagename/testcarver/DateConverterTestBase.toCalendar (Ljava/lang/String;Ljava/lang/String;Ljava/util/Locale;)Ljava/util/Calendar;
    ASTORE 4
   L5
    LINENUMBER 147 L5
    ALOAD 0
    ALOAD 4
    INVOKEVIRTUAL com/examples/with/different/packagename/testcarver/DateConverterTestBase.toType (Ljava/util/Calendar;)Ljava/lang/Object;
    ASTORE 5
   L6
    LINENUMBER 149 L6
    ALOAD 2
    ACONST_NULL
    ALOAD 3
    INVOKEVIRTUAL com/examples/with/different/packagename/testcarver/DateTimeConverter.convert (Ljava/lang/Class;Ljava/lang/Object;)Ljava/lang/Object;
    ASTORE 6
   L7
    LINENUMBER 150 L7
    ALOAD 0
    INVOKEVIRTUAL com/examples/with/different/packagename/testcarver/DateConverterTestBase.getExpectedType ()Ljava/lang/Class;
    LDC Ljava/util/Calendar;.class
    INVOKEVIRTUAL java/lang/Object.equals (Ljava/lang/Object;)Z
    IFEQ L8
   L9
    LINENUMBER 151 L9
    LDC "TYPE "
    ALOAD 0
    INVOKEVIRTUAL com/examples/with/different/packagename/testcarver/DateConverterTestBase.getExpectedType ()Ljava/lang/Class;
    ALOAD 6
    INVOKEVIRTUAL java/lang/Object.getClass ()Ljava/lang/Class;
    INVOKEVIRTUAL java/lang/Class.isAssignableFrom (Ljava/lang/Class;)Z
    INVOKESTATIC com/examples/with/different/packagename/testcarver/DateConverterTestBase.assertTrue (Ljava/lang/String;Z)V
    GOTO L10
   L8
    LINENUMBER 153 L8
    LDC "TYPE "
    ALOAD 0
    INVOKEVIRTUAL com/examples/with/different/packagename/testcarver/DateConverterTestBase.getExpectedType ()Ljava/lang/Class;
    ALOAD 6
    INVOKEVIRTUAL java/lang/Object.getClass ()Ljava/lang/Class;
    INVOKESTATIC com/examples/with/different/packagename/testcarver/DateConverterTestBase.assertEquals (Ljava/lang/String;Ljava/lang/Object;Ljava/lang/Object;)V
   L10
    LINENUMBER 155 L10
    LDC "VALUE "
    ALOAD 5
    ALOAD 6
    INVOKESTATIC com/examples/with/different/packagename/testcarver/DateConverterTestBase.assertEquals (Ljava/lang/String;Ljava/lang/Object;Ljava/lang/Object;)V
   L11
    LINENUMBER 156 L11
    RETURN
   L12
    LOCALVARIABLE this Lcom/examples/with/different/packagename/testcarver/DateConverterTestBase; L0 L12 0
    LOCALVARIABLE pattern Ljava/lang/String; L1 L12 1
    LOCALVARIABLE converter Lcom/examples/with/different/packagename/testcarver/DateTimeConverter; L2 L12 2
    LOCALVARIABLE testString Ljava/lang/String; L4 L12 3
    LOCALVARIABLE calendar Ljava/util/Calendar; L5 L12 4
    LOCALVARIABLE expected Ljava/lang/Object; L6 L12 5
    LOCALVARIABLE result Ljava/lang/Object; L7 L12 6
    MAXSTACK = 8
    MAXLOCALS = 7

  // access flags 0x2
  private _sw_prototype_original_testDefaultStringToTypeConvert()V
    TRYCATCHBLOCK L0 L1 L2 com/examples/with/different/packagename/testcarver/ConversionException
   L3
    LINENUMBER 167 L3
    ALOAD 0
    INVOKEVIRTUAL com/examples/with/different/packagename/testcarver/DateConverterTestBase.makeConverter ()Lcom/examples/with/different/packagename/testcarver/DateTimeConverter;
    ASTORE 1
   L4
    LINENUMBER 168 L4
    ALOAD 1
    ICONST_0
    INVOKEVIRTUAL com/examples/with/different/packagename/testcarver/DateTimeConverter.setUseLocaleFormat (Z)V
   L0
    LINENUMBER 170 L0
    ALOAD 1
    ALOAD 0
    INVOKEVIRTUAL com/examples/with/different/packagename/testcarver/DateConverterTestBase.getExpectedType ()Ljava/lang/Class;
    LDC "2006-10-23"
    INVOKEVIRTUAL com/examples/with/different/packagename/testcarver/DateTimeConverter.convert (Ljava/lang/Class;Ljava/lang/Object;)Ljava/lang/Object;
    POP
   L5
    LINENUMBER 171 L5
    LDC "Expected Conversion exception"
    INVOKESTATIC com/examples/with/different/packagename/testcarver/DateConverterTestBase.fail (Ljava/lang/String;)V
   L1
    LINENUMBER 174 L1
    GOTO L6
   L2
    LINENUMBER 172 L2
    ASTORE 2
   L6
    LINENUMBER 176 L6
    RETURN
   L7
    LOCALVARIABLE this Lcom/examples/with/different/packagename/testcarver/DateConverterTestBase; L3 L7 0
    LOCALVARIABLE converter Lcom/examples/with/different/packagename/testcarver/DateTimeConverter; L4 L7 1
    MAXSTACK = 7
    MAXLOCALS = 3

  // access flags 0x2
  private _sw_prototype_original_testStringConversion()V
   L0
    LINENUMBER 183 L0
    LDC "yyyy-MM-dd"
    ASTORE 1
   L1
    LINENUMBER 186 L1
    ALOAD 0
    INVOKEVIRTUAL com/examples/with/different/packagename/testcarver/DateConverterTestBase.makeConverter ()Lcom/examples/with/different/packagename/testcarver/DateTimeConverter;
    ASTORE 2
   L2
    LINENUMBER 187 L2
    ALOAD 2
    ALOAD 1
    INVOKEVIRTUAL com/examples/with/different/packagename/testcarver/DateTimeConverter.setPattern (Ljava/lang/String;)V
   L3
    LINENUMBER 190 L3
    LDC "2006-10-29"
    ASTORE 3
   L4
    LINENUMBER 191 L4
    ALOAD 0
    ALOAD 3
    ALOAD 1
    ACONST_NULL
    INVOKEVIRTUAL com/examples/with/different/packagename/testcarver/DateConverterTestBase.toCalendar (Ljava/lang/String;Ljava/lang/String;Ljava/util/Locale;)Ljava/util/Calendar;
    ASTORE 4
   L5
    LINENUMBER 194 L5
    ALOAD 0
    ALOAD 2
    ALOAD 3
    ALOAD 0
    ALOAD 4
    INVOKEVIRTUAL com/examples/with/different/packagename/testcarver/DateConverterTestBase.toType (Ljava/util/Calendar;)Ljava/lang/Object;
    INVOKEVIRTUAL com/examples/with/different/packagename/testcarver/DateConverterTestBase.stringConversion (Lcom/examples/with/different/packagename/testcarver/Converter;Ljava/lang/String;Ljava/lang/Object;)V
   L6
    LINENUMBER 197 L6
    ALOAD 0
    ALOAD 2
    ALOAD 3
    ALOAD 4
    INVOKEVIRTUAL com/examples/with/different/packagename/testcarver/DateConverterTestBase.stringConversion (Lcom/examples/with/different/packagename/testcarver/Converter;Ljava/lang/String;Ljava/lang/Object;)V
   L7
    LINENUMBER 200 L7
    ALOAD 0
    ALOAD 2
    ALOAD 3
    ALOAD 0
    ALOAD 4
    INVOKEVIRTUAL com/examples/with/different/packagename/testcarver/DateConverterTestBase.toDate (Ljava/util/Calendar;)Ljava/util/Date;
    INVOKEVIRTUAL com/examples/with/different/packagename/testcarver/DateConverterTestBase.stringConversion (Lcom/examples/with/different/packagename/testcarver/Converter;Ljava/lang/String;Ljava/lang/Object;)V
   L8
    LINENUMBER 203 L8
    ALOAD 0
    ALOAD 2
    ALOAD 3
    ALOAD 0
    ALOAD 4
    INVOKEVIRTUAL com/examples/with/different/packagename/testcarver/DateConverterTestBase.toSqlDate (Ljava/util/Calendar;)Ljava/sql/Date;
    INVOKEVIRTUAL com/examples/with/different/packagename/testcarver/DateConverterTestBase.stringConversion (Lcom/examples/with/different/packagename/testcarver/Converter;Ljava/lang/String;Ljava/lang/Object;)V
   L9
    LINENUMBER 206 L9
    ALOAD 0
    ALOAD 2
    ALOAD 3
    ALOAD 0
    ALOAD 4
    INVOKEVIRTUAL com/examples/with/different/packagename/testcarver/DateConverterTestBase.toSqlTimestamp (Ljava/util/Calendar;)Ljava/sql/Timestamp;
    INVOKEVIRTUAL com/examples/with/different/packagename/testcarver/DateConverterTestBase.stringConversion (Lcom/examples/with/different/packagename/testcarver/Converter;Ljava/lang/String;Ljava/lang/Object;)V
   L10
    LINENUMBER 209 L10
    ALOAD 0
    ALOAD 2
    ALOAD 3
    ALOAD 0
    ALOAD 4
    INVOKEVIRTUAL com/examples/with/different/packagename/testcarver/DateConverterTestBase.toSqlTime (Ljava/util/Calendar;)Ljava/sql/Time;
    INVOKEVIRTUAL com/examples/with/different/packagename/testcarver/DateConverterTestBase.stringConversion (Lcom/examples/with/different/packagename/testcarver/Converter;Ljava/lang/String;Ljava/lang/Object;)V
   L11
    LINENUMBER 211 L11
    ALOAD 0
    ALOAD 2
    ACONST_NULL
    ACONST_NULL
    INVOKEVIRTUAL com/examples/with/different/packagename/testcarver/DateConverterTestBase.stringConversion (Lcom/examples/with/different/packagename/testcarver/Converter;Ljava/lang/String;Ljava/lang/Object;)V
   L12
    LINENUMBER 212 L12
    ALOAD 0
    ALOAD 2
    LDC ""
    LDC ""
    INVOKEVIRTUAL com/examples/with/different/packagename/testcarver/DateConverterTestBase.stringConversion (Lcom/examples/with/different/packagename/testcarver/Converter;Ljava/lang/String;Ljava/lang/Object;)V
   L13
    LINENUMBER 214 L13
    RETURN
   L14
    LOCALVARIABLE this Lcom/examples/with/different/packagename/testcarver/DateConverterTestBase; L0 L14 0
    LOCALVARIABLE pattern Ljava/lang/String; L1 L14 1
    LOCALVARIABLE converter Lcom/examples/with/different/packagename/testcarver/DateTimeConverter; L2 L14 2
    LOCALVARIABLE expected Ljava/lang/String; L4 L14 3
    LOCALVARIABLE calendar Ljava/util/Calendar; L5 L14 4
    MAXSTACK = 9
    MAXLOCALS = 5

  // access flags 0x2
  private _sw_prototype_original_testPatternNoDefault()V
   L0
    LINENUMBER 221 L0
    LDC "yyyy-MM-dd"
    ASTORE 1
   L1
    LINENUMBER 224 L1
    ALOAD 0
    INVOKEVIRTUAL com/examples/with/different/packagename/testcarver/DateConverterTestBase.makeConverter ()Lcom/examples/with/different/packagename/testcarver/DateTimeConverter;
    ASTORE 2
   L2
    LINENUMBER 225 L2
    ALOAD 2
    ALOAD 1
    INVOKEVIRTUAL com/examples/with/different/packagename/testcarver/DateTimeConverter.setPattern (Ljava/lang/String;)V
   L3
    LINENUMBER 228 L3
    LDC "2006-10-29"
    ASTORE 3
   L4
    LINENUMBER 229 L4
    ALOAD 0
    ALOAD 3
    ALOAD 1
    ACONST_NULL
    INVOKEVIRTUAL com/examples/with/different/packagename/testcarver/DateConverterTestBase.toCalendar (Ljava/lang/String;Ljava/lang/String;Ljava/util/Locale;)Ljava/util/Calendar;
    ASTORE 4
   L5
    LINENUMBER 230 L5
    ALOAD 0
    ALOAD 4
    INVOKEVIRTUAL com/examples/with/different/packagename/testcarver/DateConverterTestBase.toType (Ljava/util/Calendar;)Ljava/lang/Object;
    ASTORE 5
   L6
    LINENUMBER 231 L6
    ALOAD 0
    ALOAD 2
    ALOAD 5
    ALOAD 3
    INVOKEVIRTUAL com/examples/with/different/packagename/testcarver/DateConverterTestBase.validConversion (Lcom/examples/with/different/packagename/testcarver/Converter;Ljava/lang/Object;Ljava/lang/Object;)V
   L7
    LINENUMBER 234 L7
    ALOAD 0
    ALOAD 2
    ALOAD 5
    ALOAD 4
    INVOKEVIRTUAL com/examples/with/different/packagename/testcarver/DateConverterTestBase.validConversion (Lcom/examples/with/different/packagename/testcarver/Converter;Ljava/lang/Object;Ljava/lang/Object;)V
   L8
    LINENUMBER 237 L8
    ALOAD 0
    ALOAD 2
    ALOAD 5
    ALOAD 0
    ALOAD 4
    INVOKEVIRTUAL com/examples/with/different/packagename/testcarver/DateConverterTestBase.toDate (Ljava/util/Calendar;)Ljava/util/Date;
    INVOKEVIRTUAL com/examples/with/different/packagename/testcarver/DateConverterTestBase.validConversion (Lcom/examples/with/different/packagename/testcarver/Converter;Ljava/lang/Object;Ljava/lang/Object;)V
   L9
    LINENUMBER 240 L9
    ALOAD 0
    ALOAD 2
    ALOAD 5
    ALOAD 0
    ALOAD 4
    INVOKEVIRTUAL com/examples/with/different/packagename/testcarver/DateConverterTestBase.toSqlDate (Ljava/util/Calendar;)Ljava/sql/Date;
    INVOKEVIRTUAL com/examples/with/different/packagename/testcarver/DateConverterTestBase.validConversion (Lcom/examples/with/different/packagename/testcarver/Converter;Ljava/lang/Object;Ljava/lang/Object;)V
   L10
    LINENUMBER 243 L10
    ALOAD 0
    ALOAD 2
    ALOAD 5
    ALOAD 0
    ALOAD 4
    INVOKEVIRTUAL com/examples/with/different/packagename/testcarver/DateConverterTestBase.toSqlTimestamp (Ljava/util/Calendar;)Ljava/sql/Timestamp;
    INVOKEVIRTUAL com/examples/with/different/packagename/testcarver/DateConverterTestBase.validConversion (Lcom/examples/with/different/packagename/testcarver/Converter;Ljava/lang/Object;Ljava/lang/Object;)V
   L11
    LINENUMBER 246 L11
    ALOAD 0
    ALOAD 2
    ALOAD 5
    ALOAD 0
    ALOAD 4
    INVOKEVIRTUAL com/examples/with/different/packagename/testcarver/DateConverterTestBase.toSqlTime (Ljava/util/Calendar;)Ljava/sql/Time;
    INVOKEVIRTUAL com/examples/with/different/packagename/testcarver/DateConverterTestBase.validConversion (Lcom/examples/with/different/packagename/testcarver/Converter;Ljava/lang/Object;Ljava/lang/Object;)V
   L12
    LINENUMBER 249 L12
    ALOAD 0
    ALOAD 2
    ACONST_NULL
    INVOKEVIRTUAL com/examples/with/different/packagename/testcarver/DateConverterTestBase.invalidConversion (Lcom/examples/with/different/packagename/testcarver/Converter;Ljava/lang/Object;)V
   L13
    LINENUMBER 250 L13
    ALOAD 0
    ALOAD 2
    LDC ""
    INVOKEVIRTUAL com/examples/with/different/packagename/testcarver/DateConverterTestBase.invalidConversion (Lcom/examples/with/different/packagename/testcarver/Converter;Ljava/lang/Object;)V
   L14
    LINENUMBER 251 L14
    ALOAD 0
    ALOAD 2
    LDC "2006-10-2X"
    INVOKEVIRTUAL com/examples/with/different/packagename/testcarver/DateConverterTestBase.invalidConversion (Lcom/examples/with/different/packagename/testcarver/Converter;Ljava/lang/Object;)V
   L15
    LINENUMBER 252 L15
    ALOAD 0
    ALOAD 2
    LDC "2006/10/01"
    INVOKEVIRTUAL com/examples/with/different/packagename/testcarver/DateConverterTestBase.invalidConversion (Lcom/examples/with/different/packagename/testcarver/Converter;Ljava/lang/Object;)V
   L16
    LINENUMBER 253 L16
    ALOAD 0
    ALOAD 2
    LDC "02/10/2006"
    INVOKEVIRTUAL com/examples/with/different/packagename/testcarver/DateConverterTestBase.invalidConversion (Lcom/examples/with/different/packagename/testcarver/Converter;Ljava/lang/Object;)V
   L17
    LINENUMBER 254 L17
    ALOAD 0
    ALOAD 2
    LDC "02/10/06"
    INVOKEVIRTUAL com/examples/with/different/packagename/testcarver/DateConverterTestBase.invalidConversion (Lcom/examples/with/different/packagename/testcarver/Converter;Ljava/lang/Object;)V
   L18
    LINENUMBER 255 L18
    ALOAD 0
    ALOAD 2
    ICONST_2
    INVOKESTATIC java/lang/Integer.valueOf (I)Ljava/lang/Integer;
    INVOKEVIRTUAL com/examples/with/different/packagename/testcarver/DateConverterTestBase.invalidConversion (Lcom/examples/with/different/packagename/testcarver/Converter;Ljava/lang/Object;)V
   L19
    LINENUMBER 257 L19
    RETURN
   L20
    LOCALVARIABLE this Lcom/examples/with/different/packagename/testcarver/DateConverterTestBase; L0 L20 0
    LOCALVARIABLE pattern Ljava/lang/String; L1 L20 1
    LOCALVARIABLE converter Lcom/examples/with/different/packagename/testcarver/DateTimeConverter; L2 L20 2
    LOCALVARIABLE testString Ljava/lang/String; L4 L20 3
    LOCALVARIABLE calendar Ljava/util/Calendar; L5 L20 4
    LOCALVARIABLE expected Ljava/lang/Object; L6 L20 5
    MAXSTACK = 9
    MAXLOCALS = 6

  // access flags 0x2
  private _sw_prototype_original_testPatternDefault()V
   L0
    LINENUMBER 264 L0
    LDC "yyyy-MM-dd"
    ASTORE 1
   L1
    LINENUMBER 267 L1
    ALOAD 0
    LDC "2000-01-01"
    ALOAD 1
    ACONST_NULL
    INVOKEVIRTUAL com/examples/with/different/packagename/testcarver/DateConverterTestBase.toType (Ljava/lang/String;Ljava/lang/String;Ljava/util/Locale;)Ljava/lang/Object;
    ASTORE 2
   L2
    LINENUMBER 268 L2
    LDC "Check default date"
    ALOAD 2
    INVOKESTATIC com/examples/with/different/packagename/testcarver/DateConverterTestBase.assertNotNull (Ljava/lang/String;Ljava/lang/Object;)V
   L3
    LINENUMBER 269 L3
    ALOAD 0
    ALOAD 2
    INVOKEVIRTUAL com/examples/with/different/packagename/testcarver/DateConverterTestBase.makeConverter (Ljava/lang/Object;)Lcom/examples/with/different/packagename/testcarver/DateTimeConverter;
    ASTORE 3
   L4
    LINENUMBER 270 L4
    ALOAD 3
    ALOAD 1
    INVOKEVIRTUAL com/examples/with/different/packagename/testcarver/DateTimeConverter.setPattern (Ljava/lang/String;)V
   L5
    LINENUMBER 273 L5
    LDC "2006-10-29"
    ASTORE 4
   L6
    LINENUMBER 274 L6
    ALOAD 0
    ALOAD 4
    ALOAD 1
    ACONST_NULL
    INVOKEVIRTUAL com/examples/with/different/packagename/testcarver/DateConverterTestBase.toType (Ljava/lang/String;Ljava/lang/String;Ljava/util/Locale;)Ljava/lang/Object;
    ASTORE 5
   L7
    LINENUMBER 275 L7
    ALOAD 0
    ALOAD 3
    ALOAD 5
    ALOAD 4
    INVOKEVIRTUAL com/examples/with/different/packagename/testcarver/DateConverterTestBase.validConversion (Lcom/examples/with/different/packagename/testcarver/Converter;Ljava/lang/Object;Ljava/lang/Object;)V
   L8
    LINENUMBER 278 L8
    ALOAD 0
    ALOAD 3
    ALOAD 2
    ACONST_NULL
    INVOKEVIRTUAL com/examples/with/different/packagename/testcarver/DateConverterTestBase.validConversion (Lcom/examples/with/different/packagename/testcarver/Converter;Ljava/lang/Object;Ljava/lang/Object;)V
   L9
    LINENUMBER 279 L9
    ALOAD 0
    ALOAD 3
    ALOAD 2
    LDC ""
    INVOKEVIRTUAL com/examples/with/different/packagename/testcarver/DateConverterTestBase.validConversion (Lcom/examples/with/different/packagename/testcarver/Converter;Ljava/lang/Object;Ljava/lang/Object;)V
   L10
    LINENUMBER 280 L10
    ALOAD 0
    ALOAD 3
    ALOAD 2
    LDC "2006-10-2X"
    INVOKEVIRTUAL com/examples/with/different/packagename/testcarver/DateConverterTestBase.validConversion (Lcom/examples/with/different/packagename/testcarver/Converter;Ljava/lang/Object;Ljava/lang/Object;)V
   L11
    LINENUMBER 281 L11
    ALOAD 0
    ALOAD 3
    ALOAD 2
    LDC "2006/10/01"
    INVOKEVIRTUAL com/examples/with/different/packagename/testcarver/DateConverterTestBase.validConversion (Lcom/examples/with/different/packagename/testcarver/Converter;Ljava/lang/Object;Ljava/lang/Object;)V
   L12
    LINENUMBER 282 L12
    ALOAD 0
    ALOAD 3
    ALOAD 2
    LDC "02/10/06"
    INVOKEVIRTUAL com/examples/with/different/packagename/testcarver/DateConverterTestBase.validConversion (Lcom/examples/with/different/packagename/testcarver/Converter;Ljava/lang/Object;Ljava/lang/Object;)V
   L13
    LINENUMBER 283 L13
    ALOAD 0
    ALOAD 3
    ALOAD 2
    ICONST_2
    INVOKESTATIC java/lang/Integer.valueOf (I)Ljava/lang/Integer;
    INVOKEVIRTUAL com/examples/with/different/packagename/testcarver/DateConverterTestBase.validConversion (Lcom/examples/with/different/packagename/testcarver/Converter;Ljava/lang/Object;Ljava/lang/Object;)V
   L14
    LINENUMBER 285 L14
    RETURN
   L15
    LOCALVARIABLE this Lcom/examples/with/different/packagename/testcarver/DateConverterTestBase; L0 L15 0
    LOCALVARIABLE pattern Ljava/lang/String; L1 L15 1
    LOCALVARIABLE defaultValue Ljava/lang/Object; L2 L15 2
    LOCALVARIABLE converter Lcom/examples/with/different/packagename/testcarver/DateTimeConverter; L4 L15 3
    LOCALVARIABLE testString Ljava/lang/String; L6 L15 4
    LOCALVARIABLE expected Ljava/lang/Object; L7 L15 5
    MAXSTACK = 8
    MAXLOCALS = 6

  // access flags 0x2
  private _sw_prototype_original_testPatternNullDefault()V
   L0
    LINENUMBER 292 L0
    LDC "yyyy-MM-dd"
    ASTORE 1
   L1
    LINENUMBER 295 L1
    ACONST_NULL
    ASTORE 2
   L2
    LINENUMBER 296 L2
    ALOAD 0
    ALOAD 2
    INVOKEVIRTUAL com/examples/with/different/packagename/testcarver/DateConverterTestBase.makeConverter (Ljava/lang/Object;)Lcom/examples/with/different/packagename/testcarver/DateTimeConverter;
    ASTORE 3
   L3
    LINENUMBER 297 L3
    ALOAD 3
    ALOAD 1
    INVOKEVIRTUAL com/examples/with/different/packagename/testcarver/DateTimeConverter.setPattern (Ljava/lang/String;)V
   L4
    LINENUMBER 300 L4
    LDC "2006-10-29"
    ASTORE 4
   L5
    LINENUMBER 301 L5
    ALOAD 0
    ALOAD 4
    ALOAD 1
    ACONST_NULL
    INVOKEVIRTUAL com/examples/with/different/packagename/testcarver/DateConverterTestBase.toType (Ljava/lang/String;Ljava/lang/String;Ljava/util/Locale;)Ljava/lang/Object;
    ASTORE 5
   L6
    LINENUMBER 302 L6
    ALOAD 0
    ALOAD 3
    ALOAD 5
    ALOAD 4
    INVOKEVIRTUAL com/examples/with/different/packagename/testcarver/DateConverterTestBase.validConversion (Lcom/examples/with/different/packagename/testcarver/Converter;Ljava/lang/Object;Ljava/lang/Object;)V
   L7
    LINENUMBER 305 L7
    ALOAD 0
    ALOAD 3
    ALOAD 2
    ACONST_NULL
    INVOKEVIRTUAL com/examples/with/different/packagename/testcarver/DateConverterTestBase.validConversion (Lcom/examples/with/different/packagename/testcarver/Converter;Ljava/lang/Object;Ljava/lang/Object;)V
   L8
    LINENUMBER 306 L8
    ALOAD 0
    ALOAD 3
    ALOAD 2
    LDC ""
    INVOKEVIRTUAL com/examples/with/different/packagename/testcarver/DateConverterTestBase.validConversion (Lcom/examples/with/different/packagename/testcarver/Converter;Ljava/lang/Object;Ljava/lang/Object;)V
   L9
    LINENUMBER 307 L9
    ALOAD 0
    ALOAD 3
    ALOAD 2
    LDC "2006-10-2X"
    INVOKEVIRTUAL com/examples/with/different/packagename/testcarver/DateConverterTestBase.validConversion (Lcom/examples/with/different/packagename/testcarver/Converter;Ljava/lang/Object;Ljava/lang/Object;)V
   L10
    LINENUMBER 308 L10
    ALOAD 0
    ALOAD 3
    ALOAD 2
    LDC "2006/10/01"
    INVOKEVIRTUAL com/examples/with/different/packagename/testcarver/DateConverterTestBase.validConversion (Lcom/examples/with/different/packagename/testcarver/Converter;Ljava/lang/Object;Ljava/lang/Object;)V
   L11
    LINENUMBER 309 L11
    ALOAD 0
    ALOAD 3
    ALOAD 2
    LDC "02/10/06"
    INVOKEVIRTUAL com/examples/with/different/packagename/testcarver/DateConverterTestBase.validConversion (Lcom/examples/with/different/packagename/testcarver/Converter;Ljava/lang/Object;Ljava/lang/Object;)V
   L12
    LINENUMBER 310 L12
    ALOAD 0
    ALOAD 3
    ALOAD 2
    ICONST_2
    INVOKESTATIC java/lang/Integer.valueOf (I)Ljava/lang/Integer;
    INVOKEVIRTUAL com/examples/with/different/packagename/testcarver/DateConverterTestBase.validConversion (Lcom/examples/with/different/packagename/testcarver/Converter;Ljava/lang/Object;Ljava/lang/Object;)V
   L13
    LINENUMBER 312 L13
    RETURN
   L14
    LOCALVARIABLE this Lcom/examples/with/different/packagename/testcarver/DateConverterTestBase; L0 L14 0
    LOCALVARIABLE pattern Ljava/lang/String; L1 L14 1
    LOCALVARIABLE defaultValue Ljava/lang/Object; L2 L14 2
    LOCALVARIABLE converter Lcom/examples/with/different/packagename/testcarver/DateTimeConverter; L3 L14 3
    LOCALVARIABLE testString Ljava/lang/String; L5 L14 4
    LOCALVARIABLE expected Ljava/lang/Object; L6 L14 5
    MAXSTACK = 8
    MAXLOCALS = 6

  // access flags 0x2
  private _sw_prototype_original_testMultiplePatterns()V
   L0
    LINENUMBER 318 L0
    ACONST_NULL
    ASTORE 1
   L1
    LINENUMBER 319 L1
    ACONST_NULL
    ASTORE 2
   L2
    LINENUMBER 322 L2
    ICONST_2
    ANEWARRAY java/lang/String
    DUP
    ICONST_0
    LDC "yyyy-MM-dd"
    AASTORE
    DUP
    ICONST_1
    LDC "yyyy/MM/dd"
    AASTORE
    ASTORE 3
   L3
    LINENUMBER 323 L3
    ALOAD 0
    INVOKEVIRTUAL com/examples/with/different/packagename/testcarver/DateConverterTestBase.makeConverter ()Lcom/examples/with/different/packagename/testcarver/DateTimeConverter;
    ASTORE 4
   L4
    LINENUMBER 324 L4
    ALOAD 4
    ALOAD 3
    INVOKEVIRTUAL com/examples/with/different/packagename/testcarver/DateTimeConverter.setPatterns ([Ljava/lang/String;)V
   L5
    LINENUMBER 327 L5
    LDC "2006-10-28"
    ASTORE 1
   L6
    LINENUMBER 328 L6
    ALOAD 0
    ALOAD 1
    ALOAD 3
    ICONST_0
    AALOAD
    ACONST_NULL
    INVOKEVIRTUAL com/examples/with/different/packagename/testcarver/DateConverterTestBase.toType (Ljava/lang/String;Ljava/lang/String;Ljava/util/Locale;)Ljava/lang/Object;
    ASTORE 2
   L7
    LINENUMBER 329 L7
    ALOAD 0
    ALOAD 4
    ALOAD 2
    ALOAD 1
    INVOKEVIRTUAL com/examples/with/different/packagename/testcarver/DateConverterTestBase.validConversion (Lcom/examples/with/different/packagename/testcarver/Converter;Ljava/lang/Object;Ljava/lang/Object;)V
   L8
    LINENUMBER 332 L8
    LDC "2006/10/18"
    ASTORE 1
   L9
    LINENUMBER 333 L9
    ALOAD 0
    ALOAD 1
    ALOAD 3
    ICONST_1
    AALOAD
    ACONST_NULL
    INVOKEVIRTUAL com/examples/with/different/packagename/testcarver/DateConverterTestBase.toType (Ljava/lang/String;Ljava/lang/String;Ljava/util/Locale;)Ljava/lang/Object;
    ASTORE 2
   L10
    LINENUMBER 334 L10
    ALOAD 0
    ALOAD 4
    ALOAD 2
    ALOAD 1
    INVOKEVIRTUAL com/examples/with/different/packagename/testcarver/DateConverterTestBase.validConversion (Lcom/examples/with/different/packagename/testcarver/Converter;Ljava/lang/Object;Ljava/lang/Object;)V
   L11
    LINENUMBER 337 L11
    ALOAD 0
    ALOAD 4
    LDC "17/03/2006"
    INVOKEVIRTUAL com/examples/with/different/packagename/testcarver/DateConverterTestBase.invalidConversion (Lcom/examples/with/different/packagename/testcarver/Converter;Ljava/lang/Object;)V
   L12
    LINENUMBER 338 L12
    ALOAD 0
    ALOAD 4
    LDC "17.03.2006"
    INVOKEVIRTUAL com/examples/with/different/packagename/testcarver/DateConverterTestBase.invalidConversion (Lcom/examples/with/different/packagename/testcarver/Converter;Ljava/lang/Object;)V
   L13
    LINENUMBER 340 L13
    RETURN
   L14
    LOCALVARIABLE this Lcom/examples/with/different/packagename/testcarver/DateConverterTestBase; L0 L14 0
    LOCALVARIABLE testString Ljava/lang/String; L1 L14 1
    LOCALVARIABLE expected Ljava/lang/Object; L2 L14 2
    LOCALVARIABLE patterns [Ljava/lang/String; L3 L14 3
    LOCALVARIABLE converter Lcom/examples/with/different/packagename/testcarver/DateTimeConverter; L4 L14 4
    MAXSTACK = 8
    MAXLOCALS = 5

  // access flags 0x2
  private _sw_prototype_original_testLocale()V
   L0
    LINENUMBER 348 L0
    INVOKESTATIC java/util/Locale.getDefault ()Ljava/util/Locale;
    ASTORE 1
   L1
    LINENUMBER 349 L1
    GETSTATIC java/util/Locale.US : Ljava/util/Locale;
    ACONST_NULL
    LDC -2147483595
    LDC "java/util/Locale"
    LDC "US"
    LDC "Ljava/util/Locale;"
    INVOKESTATIC org/evosuite/testcarver/capture/FieldRegistry.notifyReadAccess (Ljava/lang/Object;ILjava/lang/String;Ljava/lang/String;Ljava/lang/String;)V
    INVOKESTATIC java/util/Locale.setDefault (Ljava/util/Locale;)V
   L2
    LINENUMBER 351 L2
    LDC "M/d/yy"
    ASTORE 2
   L3
    LINENUMBER 354 L3
    ALOAD 0
    INVOKEVIRTUAL com/examples/with/different/packagename/testcarver/DateConverterTestBase.makeConverter ()Lcom/examples/with/different/packagename/testcarver/DateTimeConverter;
    ASTORE 3
   L4
    LINENUMBER 355 L4
    ALOAD 3
    ICONST_1
    INVOKEVIRTUAL com/examples/with/different/packagename/testcarver/DateTimeConverter.setUseLocaleFormat (Z)V
   L5
    LINENUMBER 358 L5
    LDC "10/28/06"
    ASTORE 4
   L6
    LINENUMBER 359 L6
    ALOAD 0
    ALOAD 4
    ALOAD 2
    ACONST_NULL
    INVOKEVIRTUAL com/examples/with/different/packagename/testcarver/DateConverterTestBase.toType (Ljava/lang/String;Ljava/lang/String;Ljava/util/Locale;)Ljava/lang/Object;
    ASTORE 5
   L7
    LINENUMBER 360 L7
    ALOAD 0
    ALOAD 3
    ALOAD 5
    ALOAD 4
    INVOKEVIRTUAL com/examples/with/different/packagename/testcarver/DateConverterTestBase.validConversion (Lcom/examples/with/different/packagename/testcarver/Converter;Ljava/lang/Object;Ljava/lang/Object;)V
   L8
    LINENUMBER 363 L8
    ALOAD 0
    ALOAD 3
    ACONST_NULL
    INVOKEVIRTUAL com/examples/with/different/packagename/testcarver/DateConverterTestBase.invalidConversion (Lcom/examples/with/different/packagename/testcarver/Converter;Ljava/lang/Object;)V
   L9
    LINENUMBER 364 L9
    ALOAD 0
    ALOAD 3
    LDC ""
    INVOKEVIRTUAL com/examples/with/different/packagename/testcarver/DateConverterTestBase.invalidConversion (Lcom/examples/with/different/packagename/testcarver/Converter;Ljava/lang/Object;)V
   L10
    LINENUMBER 365 L10
    ALOAD 0
    ALOAD 3
    LDC "2006-10-2X"
    INVOKEVIRTUAL com/examples/with/different/packagename/testcarver/DateConverterTestBase.invalidConversion (Lcom/examples/with/different/packagename/testcarver/Converter;Ljava/lang/Object;)V
   L11
    LINENUMBER 366 L11
    ALOAD 0
    ALOAD 3
    LDC "10.28.06"
    INVOKEVIRTUAL com/examples/with/different/packagename/testcarver/DateConverterTestBase.invalidConversion (Lcom/examples/with/different/packagename/testcarver/Converter;Ljava/lang/Object;)V
   L12
    LINENUMBER 367 L12
    ALOAD 0
    ALOAD 3
    LDC "10-28-06"
    INVOKEVIRTUAL com/examples/with/different/packagename/testcarver/DateConverterTestBase.invalidConversion (Lcom/examples/with/different/packagename/testcarver/Converter;Ljava/lang/Object;)V
   L13
    LINENUMBER 368 L13
    ALOAD 0
    ALOAD 3
    ICONST_2
    INVOKESTATIC java/lang/Integer.valueOf (I)Ljava/lang/Integer;
    INVOKEVIRTUAL com/examples/with/different/packagename/testcarver/DateConverterTestBase.invalidConversion (Lcom/examples/with/different/packagename/testcarver/Converter;Ljava/lang/Object;)V
   L14
    LINENUMBER 371 L14
    ALOAD 1
    INVOKESTATIC java/util/Locale.setDefault (Ljava/util/Locale;)V
   L15
    LINENUMBER 373 L15
    RETURN
   L16
    LOCALVARIABLE this Lcom/examples/with/different/packagename/testcarver/DateConverterTestBase; L0 L16 0
    LOCALVARIABLE defaultLocale Ljava/util/Locale; L1 L16 1
    LOCALVARIABLE pattern Ljava/lang/String; L3 L16 2
    LOCALVARIABLE converter Lcom/examples/with/different/packagename/testcarver/DateTimeConverter; L4 L16 3
    LOCALVARIABLE testString Ljava/lang/String; L6 L16 4
    LOCALVARIABLE expected Ljava/lang/Object; L7 L16 5
    MAXSTACK = 8
    MAXLOCALS = 6

  // access flags 0x2
  private _sw_prototype_original_testInvalidType()V
    TRYCATCHBLOCK L0 L1 L2 com/examples/with/different/packagename/testcarver/ConversionException
   L3
    LINENUMBER 381 L3
    ALOAD 0
    INVOKEVIRTUAL com/examples/with/different/packagename/testcarver/DateConverterTestBase.makeConverter ()Lcom/examples/with/different/packagename/testcarver/DateTimeConverter;
    ASTORE 1
   L0
    LINENUMBER 385 L0
    ALOAD 1
    LDC Ljava/lang/Character;.class
    NEW org/evosuite/testcarver/wrapper/java/util/Date
    DUP
    INVOKESPECIAL org/evosuite/testcarver/wrapper/java/util/Date.<init> ()V
    INVOKEVIRTUAL com/examples/with/different/packagename/testcarver/DateTimeConverter.convert (Ljava/lang/Class;Ljava/lang/Object;)Ljava/lang/Object;
    POP
   L4
    LINENUMBER 386 L4
    LDC "Requested Character.class conversion, expected ConversionException"
    INVOKESTATIC com/examples/with/different/packagename/testcarver/DateConverterTestBase.fail (Ljava/lang/String;)V
   L1
    LINENUMBER 389 L1
    GOTO L5
   L2
    LINENUMBER 387 L2
    ASTORE 2
   L5
    LINENUMBER 390 L5
    RETURN
   L6
    LOCALVARIABLE this Lcom/examples/with/different/packagename/testcarver/DateConverterTestBase; L3 L6 0
    LOCALVARIABLE converter Lcom/examples/with/different/packagename/testcarver/DateTimeConverter; L0 L6 1
    MAXSTACK = 8
    MAXLOCALS = 3

  // access flags 0x0
  validConversion(Lcom/examples/with/different/packagename/testcarver/Converter;Ljava/lang/Object;Ljava/lang/Object;)V
    TRYCATCHBLOCK L0 L1 L2 java/lang/Exception
   L3
    LINENUMBER 400 L3
    ALOAD 3
    IFNONNULL L4
    LDC "null"
    GOTO L5
   L4
    ALOAD 3
    INVOKEVIRTUAL java/lang/Object.getClass ()Ljava/lang/Class;
    INVOKEVIRTUAL java/lang/Class.getName ()Ljava/lang/String;
   L5
    ASTORE 4
   L6
    LINENUMBER 401 L6
    NEW java/lang/StringBuilder
    DUP
    INVOKESPECIAL java/lang/StringBuilder.<init> ()V
    LDC "Converting '"
    INVOKEVIRTUAL java/lang/StringBuilder.append (Ljava/lang/String;)Ljava/lang/StringBuilder;
    ALOAD 4
    INVOKEVIRTUAL java/lang/StringBuilder.append (Ljava/lang/String;)Ljava/lang/StringBuilder;
    LDC "' value '"
    INVOKEVIRTUAL java/lang/StringBuilder.append (Ljava/lang/String;)Ljava/lang/StringBuilder;
    ALOAD 3
    INVOKEVIRTUAL java/lang/StringBuilder.append (Ljava/lang/Object;)Ljava/lang/StringBuilder;
    LDC "'"
    INVOKEVIRTUAL java/lang/StringBuilder.append (Ljava/lang/String;)Ljava/lang/StringBuilder;
    INVOKEVIRTUAL java/lang/StringBuilder.toString ()Ljava/lang/String;
    ASTORE 5
   L0
    LINENUMBER 403 L0
    ALOAD 1
    ALOAD 0
    INVOKEVIRTUAL com/examples/with/different/packagename/testcarver/DateConverterTestBase.getExpectedType ()Ljava/lang/Class;
    ALOAD 3
    INVOKEINTERFACE com/examples/with/different/packagename/testcarver/Converter.convert (Ljava/lang/Class;Ljava/lang/Object;)Ljava/lang/Object; (itf)
    ASTORE 6
   L7
    LINENUMBER 404 L7
    ALOAD 6
    IFNONNULL L8
    ACONST_NULL
    GOTO L9
   L8
    ALOAD 6
    INVOKEVIRTUAL java/lang/Object.getClass ()Ljava/lang/Class;
   L9
    ASTORE 7
   L10
    LINENUMBER 405 L10
    ALOAD 2
    IFNONNULL L11
    ACONST_NULL
    GOTO L12
   L11
    ALOAD 2
    INVOKEVIRTUAL java/lang/Object.getClass ()Ljava/lang/Class;
   L12
    ASTORE 8
   L13
    LINENUMBER 406 L13
    NEW java/lang/StringBuilder
    DUP
    INVOKESPECIAL java/lang/StringBuilder.<init> ()V
    LDC "TYPE "
    INVOKEVIRTUAL java/lang/StringBuilder.append (Ljava/lang/String;)Ljava/lang/StringBuilder;
    ALOAD 5
    INVOKEVIRTUAL java/lang/StringBuilder.append (Ljava/lang/String;)Ljava/lang/StringBuilder;
    INVOKEVIRTUAL java/lang/StringBuilder.toString ()Ljava/lang/String;
    ALOAD 8
    ALOAD 7
    INVOKESTATIC com/examples/with/different/packagename/testcarver/DateConverterTestBase.assertEquals (Ljava/lang/String;Ljava/lang/Object;Ljava/lang/Object;)V
   L14
    LINENUMBER 407 L14
    NEW java/lang/StringBuilder
    DUP
    INVOKESPECIAL java/lang/StringBuilder.<init> ()V
    LDC "VALUE "
    INVOKEVIRTUAL java/lang/StringBuilder.append (Ljava/lang/String;)Ljava/lang/StringBuilder;
    ALOAD 5
    INVOKEVIRTUAL java/lang/StringBuilder.append (Ljava/lang/String;)Ljava/lang/StringBuilder;
    INVOKEVIRTUAL java/lang/StringBuilder.toString ()Ljava/lang/String;
    ALOAD 2
    ALOAD 6
    INVOKESTATIC com/examples/with/different/packagename/testcarver/DateConverterTestBase.assertEquals (Ljava/lang/String;Ljava/lang/Object;Ljava/lang/Object;)V
   L1
    LINENUMBER 410 L1
    GOTO L15
   L2
    LINENUMBER 408 L2
    ASTORE 6
   L16
    LINENUMBER 409 L16
    NEW java/lang/StringBuilder
    DUP
    INVOKESPECIAL java/lang/StringBuilder.<init> ()V
    ALOAD 5
    INVOKEVIRTUAL java/lang/StringBuilder.append (Ljava/lang/String;)Ljava/lang/StringBuilder;
    LDC " threw "
    INVOKEVIRTUAL java/lang/StringBuilder.append (Ljava/lang/String;)Ljava/lang/StringBuilder;
    ALOAD 6
    INVOKEVIRTUAL java/lang/Exception.toString ()Ljava/lang/String;
    INVOKEVIRTUAL java/lang/StringBuilder.append (Ljava/lang/String;)Ljava/lang/StringBuilder;
    INVOKEVIRTUAL java/lang/StringBuilder.toString ()Ljava/lang/String;
    INVOKESTATIC com/examples/with/different/packagename/testcarver/DateConverterTestBase.fail (Ljava/lang/String;)V
   L15
    LINENUMBER 411 L15
    RETURN
   L17
    LOCALVARIABLE result Ljava/lang/Object; L7 L1 6
    LOCALVARIABLE resultType Ljava/lang/Class; L10 L1 7
    LOCALVARIABLE expectType Ljava/lang/Class; L13 L1 8
    LOCALVARIABLE ex Ljava/lang/Exception; L16 L15 6
    LOCALVARIABLE this Lcom/examples/with/different/packagename/testcarver/DateConverterTestBase; L3 L17 0
    LOCALVARIABLE converter Lcom/examples/with/different/packagename/testcarver/Converter; L3 L17 1
    LOCALVARIABLE expected Ljava/lang/Object; L3 L17 2
    LOCALVARIABLE value Ljava/lang/Object; L3 L17 3
    LOCALVARIABLE valueType Ljava/lang/String; L6 L17 4
    LOCALVARIABLE msg Ljava/lang/String; L0 L17 5
    MAXSTACK = 3
    MAXLOCALS = 9

  // access flags 0x0
  stringConversion(Lcom/examples/with/different/packagename/testcarver/Converter;Ljava/lang/String;Ljava/lang/Object;)V
    TRYCATCHBLOCK L0 L1 L2 java/lang/Exception
   L3
    LINENUMBER 421 L3
    ALOAD 3
    IFNONNULL L4
    LDC "null"
    GOTO L5
   L4
    ALOAD 3
    INVOKEVIRTUAL java/lang/Object.getClass ()Ljava/lang/Class;
    INVOKEVIRTUAL java/lang/Class.getName ()Ljava/lang/String;
   L5
    ASTORE 4
   L6
    LINENUMBER 422 L6
    NEW java/lang/StringBuilder
    DUP
    INVOKESPECIAL java/lang/StringBuilder.<init> ()V
    LDC "Converting '"
    INVOKEVIRTUAL java/lang/StringBuilder.append (Ljava/lang/String;)Ljava/lang/StringBuilder;
    ALOAD 4
    INVOKEVIRTUAL java/lang/StringBuilder.append (Ljava/lang/String;)Ljava/lang/StringBuilder;
    LDC "' value '"
    INVOKEVIRTUAL java/lang/StringBuilder.append (Ljava/lang/String;)Ljava/lang/StringBuilder;
    ALOAD 3
    INVOKEVIRTUAL java/lang/StringBuilder.append (Ljava/lang/Object;)Ljava/lang/StringBuilder;
    LDC "' to String"
    INVOKEVIRTUAL java/lang/StringBuilder.append (Ljava/lang/String;)Ljava/lang/StringBuilder;
    INVOKEVIRTUAL java/lang/StringBuilder.toString ()Ljava/lang/String;
    ASTORE 5
   L0
    LINENUMBER 424 L0
    ALOAD 1
    LDC Ljava/lang/String;.class
    ALOAD 3
    INVOKEINTERFACE com/examples/with/different/packagename/testcarver/Converter.convert (Ljava/lang/Class;Ljava/lang/Object;)Ljava/lang/Object; (itf)
    ASTORE 6
   L7
    LINENUMBER 425 L7
    ALOAD 6
    IFNONNULL L8
    ACONST_NULL
    GOTO L9
   L8
    ALOAD 6
    INVOKEVIRTUAL java/lang/Object.getClass ()Ljava/lang/Class;
   L9
    ASTORE 7
   L10
    LINENUMBER 426 L10
    ALOAD 2
    IFNONNULL L11
    ACONST_NULL
    GOTO L12
   L11
    ALOAD 2
    INVOKEVIRTUAL java/lang/Object.getClass ()Ljava/lang/Class;
   L12
    ASTORE 8
   L13
    LINENUMBER 427 L13
    NEW java/lang/StringBuilder
    DUP
    INVOKESPECIAL java/lang/StringBuilder.<init> ()V
    LDC "TYPE "
    INVOKEVIRTUAL java/lang/StringBuilder.append (Ljava/lang/String;)Ljava/lang/StringBuilder;
    ALOAD 5
    INVOKEVIRTUAL java/lang/StringBuilder.append (Ljava/lang/String;)Ljava/lang/StringBuilder;
    INVOKEVIRTUAL java/lang/StringBuilder.toString ()Ljava/lang/String;
    ALOAD 8
    ALOAD 7
    INVOKESTATIC com/examples/with/different/packagename/testcarver/DateConverterTestBase.assertEquals (Ljava/lang/String;Ljava/lang/Object;Ljava/lang/Object;)V
   L14
    LINENUMBER 428 L14
    NEW java/lang/StringBuilder
    DUP
    INVOKESPECIAL java/lang/StringBuilder.<init> ()V
    LDC "VALUE "
    INVOKEVIRTUAL java/lang/StringBuilder.append (Ljava/lang/String;)Ljava/lang/StringBuilder;
    ALOAD 5
    INVOKEVIRTUAL java/lang/StringBuilder.append (Ljava/lang/String;)Ljava/lang/StringBuilder;
    INVOKEVIRTUAL java/lang/StringBuilder.toString ()Ljava/lang/String;
    ALOAD 2
    ALOAD 6
    INVOKESTATIC com/examples/with/different/packagename/testcarver/DateConverterTestBase.assertEquals (Ljava/lang/String;Ljava/lang/Object;Ljava/lang/Object;)V
   L1
    LINENUMBER 431 L1
    GOTO L15
   L2
    LINENUMBER 429 L2
    ASTORE 6
   L16
    LINENUMBER 430 L16
    NEW java/lang/StringBuilder
    DUP
    INVOKESPECIAL java/lang/StringBuilder.<init> ()V
    ALOAD 5
    INVOKEVIRTUAL java/lang/StringBuilder.append (Ljava/lang/String;)Ljava/lang/StringBuilder;
    LDC " threw "
    INVOKEVIRTUAL java/lang/StringBuilder.append (Ljava/lang/String;)Ljava/lang/StringBuilder;
    ALOAD 6
    INVOKEVIRTUAL java/lang/Exception.toString ()Ljava/lang/String;
    INVOKEVIRTUAL java/lang/StringBuilder.append (Ljava/lang/String;)Ljava/lang/StringBuilder;
    INVOKEVIRTUAL java/lang/StringBuilder.toString ()Ljava/lang/String;
    INVOKESTATIC com/examples/with/different/packagename/testcarver/DateConverterTestBase.fail (Ljava/lang/String;)V
   L15
    LINENUMBER 432 L15
    RETURN
   L17
    LOCALVARIABLE result Ljava/lang/Object; L7 L1 6
    LOCALVARIABLE resultType Ljava/lang/Class; L10 L1 7
    LOCALVARIABLE expectType Ljava/lang/Class; L13 L1 8
    LOCALVARIABLE ex Ljava/lang/Exception; L16 L15 6
    LOCALVARIABLE this Lcom/examples/with/different/packagename/testcarver/DateConverterTestBase; L3 L17 0
    LOCALVARIABLE converter Lcom/examples/with/different/packagename/testcarver/Converter; L3 L17 1
    LOCALVARIABLE expected Ljava/lang/String; L3 L17 2
    LOCALVARIABLE value Ljava/lang/Object; L3 L17 3
    LOCALVARIABLE valueType Ljava/lang/String; L6 L17 4
    LOCALVARIABLE msg Ljava/lang/String; L0 L17 5
    MAXSTACK = 3
    MAXLOCALS = 9

  // access flags 0x0
  invalidConversion(Lcom/examples/with/different/packagename/testcarver/Converter;Ljava/lang/Object;)V
    TRYCATCHBLOCK L0 L1 L2 com/examples/with/different/packagename/testcarver/ConversionException
   L3
    LINENUMBER 441 L3
    ALOAD 2
    IFNONNULL L4
    LDC "null"
    GOTO L5
   L4
    ALOAD 2
    INVOKEVIRTUAL java/lang/Object.getClass ()Ljava/lang/Class;
    INVOKEVIRTUAL java/lang/Class.getName ()Ljava/lang/String;
   L5
    ASTORE 3
   L6
    LINENUMBER 442 L6
    NEW java/lang/StringBuilder
    DUP
    INVOKESPECIAL java/lang/StringBuilder.<init> ()V
    LDC "Converting '"
    INVOKEVIRTUAL java/lang/StringBuilder.append (Ljava/lang/String;)Ljava/lang/StringBuilder;
    ALOAD 3
    INVOKEVIRTUAL java/lang/StringBuilder.append (Ljava/lang/String;)Ljava/lang/StringBuilder;
    LDC "' value '"
    INVOKEVIRTUAL java/lang/StringBuilder.append (Ljava/lang/String;)Ljava/lang/StringBuilder;
    ALOAD 2
    INVOKEVIRTUAL java/lang/StringBuilder.append (Ljava/lang/Object;)Ljava/lang/StringBuilder;
    LDC "'"
    INVOKEVIRTUAL java/lang/StringBuilder.append (Ljava/lang/String;)Ljava/lang/StringBuilder;
    INVOKEVIRTUAL java/lang/StringBuilder.toString ()Ljava/lang/String;
    ASTORE 4
   L0
    LINENUMBER 444 L0
    ALOAD 1
    ALOAD 0
    INVOKEVIRTUAL com/examples/with/different/packagename/testcarver/DateConverterTestBase.getExpectedType ()Ljava/lang/Class;
    ALOAD 2
    INVOKEINTERFACE com/examples/with/different/packagename/testcarver/Converter.convert (Ljava/lang/Class;Ljava/lang/Object;)Ljava/lang/Object; (itf)
    ASTORE 5
   L7
    LINENUMBER 445 L7
    NEW java/lang/StringBuilder
    DUP
    INVOKESPECIAL java/lang/StringBuilder.<init> ()V
    ALOAD 4
    INVOKEVIRTUAL java/lang/StringBuilder.append (Ljava/lang/String;)Ljava/lang/StringBuilder;
    LDC ", expected ConversionException, but result = '"
    INVOKEVIRTUAL java/lang/StringBuilder.append (Ljava/lang/String;)Ljava/lang/StringBuilder;
    ALOAD 5
    INVOKEVIRTUAL java/lang/StringBuilder.append (Ljava/lang/Object;)Ljava/lang/StringBuilder;
    LDC "'"
    INVOKEVIRTUAL java/lang/StringBuilder.append (Ljava/lang/String;)Ljava/lang/StringBuilder;
    INVOKEVIRTUAL java/lang/StringBuilder.toString ()Ljava/lang/String;
    INVOKESTATIC com/examples/with/different/packagename/testcarver/DateConverterTestBase.fail (Ljava/lang/String;)V
   L1
    LINENUMBER 448 L1
    GOTO L8
   L2
    LINENUMBER 446 L2
    ASTORE 5
   L8
    LINENUMBER 449 L8
    RETURN
   L9
    LOCALVARIABLE result Ljava/lang/Object; L7 L1 5
    LOCALVARIABLE this Lcom/examples/with/different/packagename/testcarver/DateConverterTestBase; L3 L9 0
    LOCALVARIABLE converter Lcom/examples/with/different/packagename/testcarver/Converter; L3 L9 1
    LOCALVARIABLE value Ljava/lang/Object; L3 L9 2
    LOCALVARIABLE valueType Ljava/lang/String; L6 L9 3
    LOCALVARIABLE msg Ljava/lang/String; L0 L9 4
    MAXSTACK = 3
    MAXLOCALS = 6

  // access flags 0x0
  toType(Ljava/lang/String;Ljava/lang/String;Ljava/util/Locale;)Ljava/lang/Object;
   L0
    LINENUMBER 460 L0
    ALOAD 0
    ALOAD 1
    ALOAD 2
    ALOAD 3
    INVOKEVIRTUAL com/examples/with/different/packagename/testcarver/DateConverterTestBase.toCalendar (Ljava/lang/String;Ljava/lang/String;Ljava/util/Locale;)Ljava/util/Calendar;
    ASTORE 4
   L1
    LINENUMBER 461 L1
    ALOAD 0
    ALOAD 4
    INVOKEVIRTUAL com/examples/with/different/packagename/testcarver/DateConverterTestBase.toType (Ljava/util/Calendar;)Ljava/lang/Object;
    ARETURN
   L2
    LOCALVARIABLE this Lcom/examples/with/different/packagename/testcarver/DateConverterTestBase; L0 L2 0
    LOCALVARIABLE value Ljava/lang/String; L0 L2 1
    LOCALVARIABLE pattern Ljava/lang/String; L0 L2 2
    LOCALVARIABLE locale Ljava/util/Locale; L0 L2 3
    LOCALVARIABLE calendar Ljava/util/Calendar; L1 L2 4
    MAXSTACK = 4
    MAXLOCALS = 5

  // access flags 0x0
  toCalendar(Ljava/lang/String;Ljava/lang/String;Ljava/util/Locale;)Ljava/util/Calendar;
    TRYCATCHBLOCK L0 L1 L2 java/lang/Exception
   L3
    LINENUMBER 473 L3
    ACONST_NULL
    ASTORE 4
   L0
    LINENUMBER 475 L0
    ALOAD 3
    IFNONNULL L4
   L5
    LINENUMBER 476 L5
    NEW org/evosuite/testcarver/wrapper/java/text/SimpleDateFormat
    DUP
    ALOAD 2
    INVOKESPECIAL org/evosuite/testcarver/wrapper/java/text/SimpleDateFormat.<init> (Ljava/lang/String;)V
    GOTO L6
   L4
    LINENUMBER 477 L4
    NEW org/evosuite/testcarver/wrapper/java/text/SimpleDateFormat
    DUP
    ALOAD 2
    ALOAD 3
    INVOKESPECIAL org/evosuite/testcarver/wrapper/java/text/SimpleDateFormat.<init> (Ljava/lang/String;Ljava/util/Locale;)V
   L6
    ASTORE 5
   L7
    LINENUMBER 478 L7
    ALOAD 5
    ICONST_0
    INVOKEVIRTUAL java/text/DateFormat.setLenient (Z)V
   L8
    LINENUMBER 479 L8
    ALOAD 5
    ALOAD 1
    INVOKEVIRTUAL java/text/DateFormat.parse (Ljava/lang/String;)Ljava/util/Date;
    POP
   L9
    LINENUMBER 480 L9
    ALOAD 5
    INVOKEVIRTUAL java/text/DateFormat.getCalendar ()Ljava/util/Calendar;
    ASTORE 4
   L1
    LINENUMBER 484 L1
    GOTO L10
   L2
    LINENUMBER 481 L2
    ASTORE 5
   L11
    LINENUMBER 482 L11
    NEW java/lang/StringBuilder
    DUP
    INVOKESPECIAL java/lang/StringBuilder.<init> ()V
    LDC "Error creating Calendar value ='"
    INVOKEVIRTUAL java/lang/StringBuilder.append (Ljava/lang/String;)Ljava/lang/StringBuilder;
    ALOAD 1
    INVOKEVIRTUAL java/lang/StringBuilder.append (Ljava/lang/String;)Ljava/lang/StringBuilder;
    LDC ", pattern='"
    INVOKEVIRTUAL java/lang/StringBuilder.append (Ljava/lang/String;)Ljava/lang/StringBuilder;
    ALOAD 2
    INVOKEVIRTUAL java/lang/StringBuilder.append (Ljava/lang/String;)Ljava/lang/StringBuilder;
    LDC "' "
    INVOKEVIRTUAL java/lang/StringBuilder.append (Ljava/lang/String;)Ljava/lang/StringBuilder;
    ALOAD 5
   L12
    LINENUMBER 483 L12
    INVOKEVIRTUAL java/lang/Exception.toString ()Ljava/lang/String;
    INVOKEVIRTUAL java/lang/StringBuilder.append (Ljava/lang/String;)Ljava/lang/StringBuilder;
    INVOKEVIRTUAL java/lang/StringBuilder.toString ()Ljava/lang/String;
   L13
    LINENUMBER 482 L13
    INVOKESTATIC com/examples/with/different/packagename/testcarver/DateConverterTestBase.fail (Ljava/lang/String;)V
   L10
    LINENUMBER 485 L10
    ALOAD 4
    ARETURN
   L14
    LOCALVARIABLE format Ljava/text/DateFormat; L7 L1 5
    LOCALVARIABLE e Ljava/lang/Exception; L11 L10 5
    LOCALVARIABLE this Lcom/examples/with/different/packagename/testcarver/DateConverterTestBase; L3 L14 0
    LOCALVARIABLE value Ljava/lang/String; L3 L14 1
    LOCALVARIABLE pattern Ljava/lang/String; L3 L14 2
    LOCALVARIABLE locale Ljava/util/Locale; L3 L14 3
    LOCALVARIABLE calendar Ljava/util/Calendar; L0 L14 4
    MAXSTACK = 4
    MAXLOCALS = 6

  // access flags 0x0
  toDate(Ljava/util/Calendar;)Ljava/util/Date;
   L0
    LINENUMBER 495 L0
    ALOAD 1
    INVOKESTATIC org/evosuite/testcarver/wrapper/java/util/Calendar.getTime (Ljava/util/Calendar;)Ljava/util/Date;
    ARETURN
   L1
    LOCALVARIABLE this Lcom/examples/with/different/packagename/testcarver/DateConverterTestBase; L0 L1 0
    LOCALVARIABLE calendar Ljava/util/Calendar; L0 L1 1
    MAXSTACK = 1
    MAXLOCALS = 2

  // access flags 0x0
  toSqlDate(Ljava/util/Calendar;)Ljava/sql/Date;
   L0
    LINENUMBER 505 L0
    NEW java/sql/Date
    DUP
    ALOAD 0
    ALOAD 1
    INVOKEVIRTUAL com/examples/with/different/packagename/testcarver/DateConverterTestBase.getTimeInMillis (Ljava/lang/Object;)J
    INVOKESPECIAL java/sql/Date.<init> (J)V
    ARETURN
   L1
    LOCALVARIABLE this Lcom/examples/with/different/packagename/testcarver/DateConverterTestBase; L0 L1 0
    LOCALVARIABLE calendar Ljava/util/Calendar; L0 L1 1
    MAXSTACK = 4
    MAXLOCALS = 2

  // access flags 0x0
  toSqlTime(Ljava/util/Calendar;)Ljava/sql/Time;
   L0
    LINENUMBER 515 L0
    NEW java/sql/Time
    DUP
    ALOAD 0
    ALOAD 1
    INVOKEVIRTUAL com/examples/with/different/packagename/testcarver/DateConverterTestBase.getTimeInMillis (Ljava/lang/Object;)J
    INVOKESPECIAL java/sql/Time.<init> (J)V
    ARETURN
   L1
    LOCALVARIABLE this Lcom/examples/with/different/packagename/testcarver/DateConverterTestBase; L0 L1 0
    LOCALVARIABLE calendar Ljava/util/Calendar; L0 L1 1
    MAXSTACK = 4
    MAXLOCALS = 2

  // access flags 0x0
  toSqlTimestamp(Ljava/util/Calendar;)Ljava/sql/Timestamp;
   L0
    LINENUMBER 525 L0
    NEW java/sql/Timestamp
    DUP
    ALOAD 0
    ALOAD 1
    INVOKEVIRTUAL com/examples/with/different/packagename/testcarver/DateConverterTestBase.getTimeInMillis (Ljava/lang/Object;)J
    INVOKESPECIAL java/sql/Timestamp.<init> (J)V
    ARETURN
   L1
    LOCALVARIABLE this Lcom/examples/with/different/packagename/testcarver/DateConverterTestBase; L0 L1 0
    LOCALVARIABLE calendar Ljava/util/Calendar; L0 L1 1
    MAXSTACK = 4
    MAXLOCALS = 2

  // access flags 0x0
  getTimeInMillis(Ljava/lang/Object;)J
   L0
    LINENUMBER 536 L0
    ALOAD 1
    INSTANCEOF java/sql/Timestamp
    IFEQ L1
   L2
    LINENUMBER 541 L2
    ALOAD 1
    CHECKCAST java/sql/Timestamp
    ASTORE 2
   L3
    LINENUMBER 542 L3
    ALOAD 2
    INVOKEVIRTUAL java/sql/Timestamp.getTime ()J
    LDC 1000L
    LDIV
    LDC 1000L
    LMUL
    LSTORE 3
   L4
    LINENUMBER 543 L4
    LLOAD 3
    ALOAD 2
    INVOKEVIRTUAL java/sql/Timestamp.getNanos ()I
    LDC 1000000
    IDIV
    I2L
    LADD
    LSTORE 3
   L5
    LINENUMBER 544 L5
    LLOAD 3
    LRETURN
   L1
    LINENUMBER 547 L1
    ALOAD 1
    INSTANCEOF java/util/Calendar
    IFEQ L6
   L7
    LINENUMBER 548 L7
    ALOAD 1
    CHECKCAST org/evosuite/testcarver/wrapper/java/util/Calendar
    INVOKESTATIC org/evosuite/testcarver/wrapper/java/util/Calendar.getTime (Ljava/util/Calendar;)Ljava/util/Date;
    INVOKEVIRTUAL java/util/Date.getTime ()J
    LRETURN
   L6
    LINENUMBER 550 L6
    ALOAD 1
    CHECKCAST org/evosuite/testcarver/wrapper/java/util/Date
    INVOKEVIRTUAL java/util/Date.getTime ()J
    LRETURN
   L8
    LOCALVARIABLE timestamp Ljava/sql/Timestamp; L3 L1 2
    LOCALVARIABLE timeInMillis J L4 L1 3
    LOCALVARIABLE this Lcom/examples/with/different/packagename/testcarver/DateConverterTestBase; L0 L8 0
    LOCALVARIABLE date Ljava/lang/Object; L0 L8 1
    MAXSTACK = 4
    MAXLOCALS = 5

  // access flags 0x1
  public testConvertNull()V
    TRYCATCHBLOCK L0 L1 L1 java/lang/Throwable
   L0
    LDC -2147483604
    ALOAD 0
    LDC "testConvertNull"
    LDC "()V"
    BIPUSH 0
    ANEWARRAY java/lang/Object
    INVOKESTATIC org/evosuite/testcarver/capture/Capturer.capture (ILjava/lang/Object;Ljava/lang/String;Ljava/lang/String;[Ljava/lang/Object;)V
    ALOAD 0
    INVOKEVIRTUAL com/examples/with/different/packagename/testcarver/DateConverterTestBase._sw_prototype_original_testConvertNull ()V
    GOTO L2
   L1
   FRAME SAME1 java/lang/Throwable
    ASTORE 1
    LDC -2147483604
    ALOAD 0
    GETSTATIC org/evosuite/testcarver/capture/CaptureLog.RETURN_TYPE_VOID : Ljava/lang/Object;
    INVOKESTATIC org/evosuite/testcarver/capture/Capturer.enable (ILjava/lang/Object;Ljava/lang/Object;)V
    ALOAD 1
    ATHROW
   L2
   FRAME SAME
    LDC -2147483604
    ALOAD 0
    GETSTATIC org/evosuite/testcarver/capture/CaptureLog.RETURN_TYPE_VOID : Ljava/lang/Object;
    INVOKESTATIC org/evosuite/testcarver/capture/Capturer.enable (ILjava/lang/Object;Ljava/lang/Object;)V
    RETURN
    MAXSTACK = 7
    MAXLOCALS = 0

  // access flags 0x1
  public testConvertDate()V
    TRYCATCHBLOCK L0 L1 L1 java/lang/Throwable
   L0
    LDC -2147483603
    ALOAD 0
    LDC "testConvertDate"
    LDC "()V"
    BIPUSH 0
    ANEWARRAY java/lang/Object
    INVOKESTATIC org/evosuite/testcarver/capture/Capturer.capture (ILjava/lang/Object;Ljava/lang/String;Ljava/lang/String;[Ljava/lang/Object;)V
    ALOAD 0
    INVOKEVIRTUAL com/examples/with/different/packagename/testcarver/DateConverterTestBase._sw_prototype_original_testConvertDate ()V
    GOTO L2
   L1
   FRAME SAME1 java/lang/Throwable
    ASTORE 1
    LDC -2147483603
    ALOAD 0
    GETSTATIC org/evosuite/testcarver/capture/CaptureLog.RETURN_TYPE_VOID : Ljava/lang/Object;
    INVOKESTATIC org/evosuite/testcarver/capture/Capturer.enable (ILjava/lang/Object;Ljava/lang/Object;)V
    ALOAD 1
    ATHROW
   L2
   FRAME SAME
    LDC -2147483603
    ALOAD 0
    GETSTATIC org/evosuite/testcarver/capture/CaptureLog.RETURN_TYPE_VOID : Ljava/lang/Object;
    INVOKESTATIC org/evosuite/testcarver/capture/Capturer.enable (ILjava/lang/Object;Ljava/lang/Object;)V
    RETURN
    MAXSTACK = 11
    MAXLOCALS = 0

  // access flags 0x1
  public testDefaultType()V
    TRYCATCHBLOCK L0 L1 L1 java/lang/Throwable
   L0
    LDC -2147483602
    ALOAD 0
    LDC "testDefaultType"
    LDC "()V"
    BIPUSH 0
    ANEWARRAY java/lang/Object
    INVOKESTATIC org/evosuite/testcarver/capture/Capturer.capture (ILjava/lang/Object;Ljava/lang/String;Ljava/lang/String;[Ljava/lang/Object;)V
    ALOAD 0
    INVOKEVIRTUAL com/examples/with/different/packagename/testcarver/DateConverterTestBase._sw_prototype_original_testDefaultType ()V
    GOTO L2
   L1
   FRAME SAME1 java/lang/Throwable
    ASTORE 1
    LDC -2147483602
    ALOAD 0
    GETSTATIC org/evosuite/testcarver/capture/CaptureLog.RETURN_TYPE_VOID : Ljava/lang/Object;
    INVOKESTATIC org/evosuite/testcarver/capture/Capturer.enable (ILjava/lang/Object;Ljava/lang/Object;)V
    ALOAD 1
    ATHROW
   L2
   FRAME SAME
    LDC -2147483602
    ALOAD 0
    GETSTATIC org/evosuite/testcarver/capture/CaptureLog.RETURN_TYPE_VOID : Ljava/lang/Object;
    INVOKESTATIC org/evosuite/testcarver/capture/Capturer.enable (ILjava/lang/Object;Ljava/lang/Object;)V
    RETURN
    MAXSTACK = 8
    MAXLOCALS = 0

  // access flags 0x1
  public testDefaultStringToTypeConvert()V
    TRYCATCHBLOCK L0 L1 L1 java/lang/Throwable
   L0
    LDC -2147483601
    ALOAD 0
    LDC "testDefaultStringToTypeConvert"
    LDC "()V"
    BIPUSH 0
    ANEWARRAY java/lang/Object
    INVOKESTATIC org/evosuite/testcarver/capture/Capturer.capture (ILjava/lang/Object;Ljava/lang/String;Ljava/lang/String;[Ljava/lang/Object;)V
    ALOAD 0
    INVOKEVIRTUAL com/examples/with/different/packagename/testcarver/DateConverterTestBase._sw_prototype_original_testDefaultStringToTypeConvert ()V
    GOTO L2
   L1
   FRAME SAME1 java/lang/Throwable
    ASTORE 1
    LDC -2147483601
    ALOAD 0
    GETSTATIC org/evosuite/testcarver/capture/CaptureLog.RETURN_TYPE_VOID : Ljava/lang/Object;
    INVOKESTATIC org/evosuite/testcarver/capture/Capturer.enable (ILjava/lang/Object;Ljava/lang/Object;)V
    ALOAD 1
    ATHROW
   L2
   FRAME SAME
    LDC -2147483601
    ALOAD 0
    GETSTATIC org/evosuite/testcarver/capture/CaptureLog.RETURN_TYPE_VOID : Ljava/lang/Object;
    INVOKESTATIC org/evosuite/testcarver/capture/Capturer.enable (ILjava/lang/Object;Ljava/lang/Object;)V
    RETURN
    MAXSTACK = 7
    MAXLOCALS = 0

  // access flags 0x1
  public testStringConversion()V
    TRYCATCHBLOCK L0 L1 L1 java/lang/Throwable
   L0
    LDC -2147483600
    ALOAD 0
    LDC "testStringConversion"
    LDC "()V"
    BIPUSH 0
    ANEWARRAY java/lang/Object
    INVOKESTATIC org/evosuite/testcarver/capture/Capturer.capture (ILjava/lang/Object;Ljava/lang/String;Ljava/lang/String;[Ljava/lang/Object;)V
    ALOAD 0
    INVOKEVIRTUAL com/examples/with/different/packagename/testcarver/DateConverterTestBase._sw_prototype_original_testStringConversion ()V
    GOTO L2
   L1
   FRAME SAME1 java/lang/Throwable
    ASTORE 1
    LDC -2147483600
    ALOAD 0
    GETSTATIC org/evosuite/testcarver/capture/CaptureLog.RETURN_TYPE_VOID : Ljava/lang/Object;
    INVOKESTATIC org/evosuite/testcarver/capture/Capturer.enable (ILjava/lang/Object;Ljava/lang/Object;)V
    ALOAD 1
    ATHROW
   L2
   FRAME SAME
    LDC -2147483600
    ALOAD 0
    GETSTATIC org/evosuite/testcarver/capture/CaptureLog.RETURN_TYPE_VOID : Ljava/lang/Object;
    INVOKESTATIC org/evosuite/testcarver/capture/Capturer.enable (ILjava/lang/Object;Ljava/lang/Object;)V
    RETURN
    MAXSTACK = 9
    MAXLOCALS = 0

  // access flags 0x1
  public testPatternNoDefault()V
    TRYCATCHBLOCK L0 L1 L1 java/lang/Throwable
   L0
    LDC -2147483599
    ALOAD 0
    LDC "testPatternNoDefault"
    LDC "()V"
    BIPUSH 0
    ANEWARRAY java/lang/Object
    INVOKESTATIC org/evosuite/testcarver/capture/Capturer.capture (ILjava/lang/Object;Ljava/lang/String;Ljava/lang/String;[Ljava/lang/Object;)V
    ALOAD 0
    INVOKEVIRTUAL com/examples/with/different/packagename/testcarver/DateConverterTestBase._sw_prototype_original_testPatternNoDefault ()V
    GOTO L2
   L1
   FRAME SAME1 java/lang/Throwable
    ASTORE 1
    LDC -2147483599
    ALOAD 0
    GETSTATIC org/evosuite/testcarver/capture/CaptureLog.RETURN_TYPE_VOID : Ljava/lang/Object;
    INVOKESTATIC org/evosuite/testcarver/capture/Capturer.enable (ILjava/lang/Object;Ljava/lang/Object;)V
    ALOAD 1
    ATHROW
   L2
   FRAME SAME
    LDC -2147483599
    ALOAD 0
    GETSTATIC org/evosuite/testcarver/capture/CaptureLog.RETURN_TYPE_VOID : Ljava/lang/Object;
    INVOKESTATIC org/evosuite/testcarver/capture/Capturer.enable (ILjava/lang/Object;Ljava/lang/Object;)V
    RETURN
    MAXSTACK = 9
    MAXLOCALS = 0

  // access flags 0x1
  public testPatternDefault()V
    TRYCATCHBLOCK L0 L1 L1 java/lang/Throwable
   L0
    LDC -2147483598
    ALOAD 0
    LDC "testPatternDefault"
    LDC "()V"
    BIPUSH 0
    ANEWARRAY java/lang/Object
    INVOKESTATIC org/evosuite/testcarver/capture/Capturer.capture (ILjava/lang/Object;Ljava/lang/String;Ljava/lang/String;[Ljava/lang/Object;)V
    ALOAD 0
    INVOKEVIRTUAL com/examples/with/different/packagename/testcarver/DateConverterTestBase._sw_prototype_original_testPatternDefault ()V
    GOTO L2
   L1
   FRAME SAME1 java/lang/Throwable
    ASTORE 1
    LDC -2147483598
    ALOAD 0
    GETSTATIC org/evosuite/testcarver/capture/CaptureLog.RETURN_TYPE_VOID : Ljava/lang/Object;
    INVOKESTATIC org/evosuite/testcarver/capture/Capturer.enable (ILjava/lang/Object;Ljava/lang/Object;)V
    ALOAD 1
    ATHROW
   L2
   FRAME SAME
    LDC -2147483598
    ALOAD 0
    GETSTATIC org/evosuite/testcarver/capture/CaptureLog.RETURN_TYPE_VOID : Ljava/lang/Object;
    INVOKESTATIC org/evosuite/testcarver/capture/Capturer.enable (ILjava/lang/Object;Ljava/lang/Object;)V
    RETURN
    MAXSTACK = 8
    MAXLOCALS = 0

  // access flags 0x1
  public testPatternNullDefault()V
    TRYCATCHBLOCK L0 L1 L1 java/lang/Throwable
   L0
    LDC -2147483597
    ALOAD 0
    LDC "testPatternNullDefault"
    LDC "()V"
    BIPUSH 0
    ANEWARRAY java/lang/Object
    INVOKESTATIC org/evosuite/testcarver/capture/Capturer.capture (ILjava/lang/Object;Ljava/lang/String;Ljava/lang/String;[Ljava/lang/Object;)V
    ALOAD 0
    INVOKEVIRTUAL com/examples/with/different/packagename/testcarver/DateConverterTestBase._sw_prototype_original_testPatternNullDefault ()V
    GOTO L2
   L1
   FRAME SAME1 java/lang/Throwable
    ASTORE 1
    LDC -2147483597
    ALOAD 0
    GETSTATIC org/evosuite/testcarver/capture/CaptureLog.RETURN_TYPE_VOID : Ljava/lang/Object;
    INVOKESTATIC org/evosuite/testcarver/capture/Capturer.enable (ILjava/lang/Object;Ljava/lang/Object;)V
    ALOAD 1
    ATHROW
   L2
   FRAME SAME
    LDC -2147483597
    ALOAD 0
    GETSTATIC org/evosuite/testcarver/capture/CaptureLog.RETURN_TYPE_VOID : Ljava/lang/Object;
    INVOKESTATIC org/evosuite/testcarver/capture/Capturer.enable (ILjava/lang/Object;Ljava/lang/Object;)V
    RETURN
    MAXSTACK = 8
    MAXLOCALS = 0

  // access flags 0x1
  public testMultiplePatterns()V
    TRYCATCHBLOCK L0 L1 L1 java/lang/Throwable
   L0
    LDC -2147483596
    ALOAD 0
    LDC "testMultiplePatterns"
    LDC "()V"
    BIPUSH 0
    ANEWARRAY java/lang/Object
    INVOKESTATIC org/evosuite/testcarver/capture/Capturer.capture (ILjava/lang/Object;Ljava/lang/String;Ljava/lang/String;[Ljava/lang/Object;)V
    ALOAD 0
    INVOKEVIRTUAL com/examples/with/different/packagename/testcarver/DateConverterTestBase._sw_prototype_original_testMultiplePatterns ()V
    GOTO L2
   L1
   FRAME SAME1 java/lang/Throwable
    ASTORE 1
    LDC -2147483596
    ALOAD 0
    GETSTATIC org/evosuite/testcarver/capture/CaptureLog.RETURN_TYPE_VOID : Ljava/lang/Object;
    INVOKESTATIC org/evosuite/testcarver/capture/Capturer.enable (ILjava/lang/Object;Ljava/lang/Object;)V
    ALOAD 1
    ATHROW
   L2
   FRAME SAME
    LDC -2147483596
    ALOAD 0
    GETSTATIC org/evosuite/testcarver/capture/CaptureLog.RETURN_TYPE_VOID : Ljava/lang/Object;
    INVOKESTATIC org/evosuite/testcarver/capture/Capturer.enable (ILjava/lang/Object;Ljava/lang/Object;)V
    RETURN
    MAXSTACK = 8
    MAXLOCALS = 0

  // access flags 0x1
  public testLocale()V
    TRYCATCHBLOCK L0 L1 L1 java/lang/Throwable
   L0
    LDC -2147483594
    ALOAD 0
    LDC "testLocale"
    LDC "()V"
    BIPUSH 0
    ANEWARRAY java/lang/Object
    INVOKESTATIC org/evosuite/testcarver/capture/Capturer.capture (ILjava/lang/Object;Ljava/lang/String;Ljava/lang/String;[Ljava/lang/Object;)V
    ALOAD 0
    INVOKEVIRTUAL com/examples/with/different/packagename/testcarver/DateConverterTestBase._sw_prototype_original_testLocale ()V
    GOTO L2
   L1
   FRAME SAME1 java/lang/Throwable
    ASTORE 1
    LDC -2147483594
    ALOAD 0
    GETSTATIC org/evosuite/testcarver/capture/CaptureLog.RETURN_TYPE_VOID : Ljava/lang/Object;
    INVOKESTATIC org/evosuite/testcarver/capture/Capturer.enable (ILjava/lang/Object;Ljava/lang/Object;)V
    ALOAD 1
    ATHROW
   L2
   FRAME SAME
    LDC -2147483594
    ALOAD 0
    GETSTATIC org/evosuite/testcarver/capture/CaptureLog.RETURN_TYPE_VOID : Ljava/lang/Object;
    INVOKESTATIC org/evosuite/testcarver/capture/Capturer.enable (ILjava/lang/Object;Ljava/lang/Object;)V
    RETURN
    MAXSTACK = 8
    MAXLOCALS = 0

  // access flags 0x1
  public testInvalidType()V
    TRYCATCHBLOCK L0 L1 L1 java/lang/Throwable
   L0
    LDC -2147483593
    ALOAD 0
    LDC "testInvalidType"
    LDC "()V"
    BIPUSH 0
    ANEWARRAY java/lang/Object
    INVOKESTATIC org/evosuite/testcarver/capture/Capturer.capture (ILjava/lang/Object;Ljava/lang/String;Ljava/lang/String;[Ljava/lang/Object;)V
    ALOAD 0
    INVOKEVIRTUAL com/examples/with/different/packagename/testcarver/DateConverterTestBase._sw_prototype_original_testInvalidType ()V
    GOTO L2
   L1
   FRAME SAME1 java/lang/Throwable
    ASTORE 1
    LDC -2147483593
    ALOAD 0
    GETSTATIC org/evosuite/testcarver/capture/CaptureLog.RETURN_TYPE_VOID : Ljava/lang/Object;
    INVOKESTATIC org/evosuite/testcarver/capture/Capturer.enable (ILjava/lang/Object;Ljava/lang/Object;)V
    ALOAD 1
    ATHROW
   L2
   FRAME SAME
    LDC -2147483593
    ALOAD 0
    GETSTATIC org/evosuite/testcarver/capture/CaptureLog.RETURN_TYPE_VOID : Ljava/lang/Object;
    INVOKESTATIC org/evosuite/testcarver/capture/Capturer.enable (ILjava/lang/Object;Ljava/lang/Object;)V
    RETURN
    MAXSTACK = 8
    MAXLOCALS = 0
}
INFO  org.evosuite.testcarver.extraction.CarvingClassLoader - Keeping class: com.examples.with.different.packagename.testcarver.DateConverterTestBase
INFO  org.evosuite.testcarver.extraction.CarvingClassLoader - Keeping class: com.examples.with.different.packagename.testcarver.DateConverterTestCase
INFO  org.evosuite.testcarver.extraction.CarvingClassLoader - Seeing class for first time: com.examples.with.different.packagename.testcarver.ConversionException
WARN  org.evosuite.testcarver.extraction.CarvingClassLoader - Instrumenting class 'com.examples.with.different.packagename.testcarver.ConversionException'.
INFO  org.evosuite.testcarver.instrument.Instrumenter - Checking package com.examples.with.different.packagename.testcarver for class com/examples/with/different/packagename/testcarver/ConversionException
// class version 52.0 (52)
// access flags 0x21
public class com/examples/with/different/packagename/testcarver/ConversionException extends java/lang/RuntimeException {

  // compiled from: ConversionException.java

  // access flags 0x1A
  private final static J serialVersionUID = -3264207363344909775L

  // access flags 0x4
  protected Ljava/lang/Throwable; cause

  // access flags 0x2
  private _sw_prototype_original_init_sw_prototype_original_(Ljava/lang/String;)V
    ALOAD 0
    INVOKESTATIC org/evosuite/testcarver/capture/FieldRegistry.register (Ljava/lang/Object;)V
   L0
    LINENUMBER 85 L0
    ALOAD 0
    ACONST_NULL
    DUP2
    PUTFIELD com/examples/with/different/packagename/testcarver/ConversionException.cause : Ljava/lang/Throwable;
    POP
    LDC -2147483592
    LDC "com/examples/with/different/packagename/testcarver/ConversionException"
    LDC "cause"
    LDC "Ljava/lang/Throwable;"
    INVOKESTATIC org/evosuite/testcarver/capture/FieldRegistry.notifyModification (Ljava/lang/Object;ILjava/lang/String;Ljava/lang/String;Ljava/lang/String;)V
   L1
    LINENUMBER 48 L1
    RETURN
   L2
    LOCALVARIABLE this Lcom/examples/with/different/packagename/testcarver/ConversionException; L3 L2 0
    LOCALVARIABLE message Ljava/lang/String; L3 L2 1
    MAXSTACK = 6
    MAXLOCALS = 2

  // access flags 0x2
  private _sw_prototype_original_init_sw_prototype_original_(Ljava/lang/String;Ljava/lang/Throwable;)V
    ALOAD 0
    INVOKESTATIC org/evosuite/testcarver/capture/FieldRegistry.register (Ljava/lang/Object;)V
   L0
    LINENUMBER 85 L0
    ALOAD 0
    ACONST_NULL
    DUP2
    PUTFIELD com/examples/with/different/packagename/testcarver/ConversionException.cause : Ljava/lang/Throwable;
    POP
    LDC -2147483589
    LDC "com/examples/with/different/packagename/testcarver/ConversionException"
    LDC "cause"
    LDC "Ljava/lang/Throwable;"
    INVOKESTATIC org/evosuite/testcarver/capture/FieldRegistry.notifyModification (Ljava/lang/Object;ILjava/lang/String;Ljava/lang/String;Ljava/lang/String;)V
   L1
    LINENUMBER 60 L1
    ALOAD 0
    ALOAD 2
    DUP2
    PUTFIELD com/examples/with/different/packagename/testcarver/ConversionException.cause : Ljava/lang/Throwable;
    POP
    LDC -2147483587
    LDC "com/examples/with/different/packagename/testcarver/ConversionException"
    LDC "cause"
    LDC "Ljava/lang/Throwable;"
    INVOKESTATIC org/evosuite/testcarver/capture/FieldRegistry.notifyModification (Ljava/lang/Object;ILjava/lang/String;Ljava/lang/String;Ljava/lang/String;)V
   L2
    LINENUMBER 62 L2
    RETURN
   L3
    LOCALVARIABLE this Lcom/examples/with/different/packagename/testcarver/ConversionException; L4 L3 0
    LOCALVARIABLE message Ljava/lang/String; L4 L3 1
    LOCALVARIABLE cause Ljava/lang/Throwable; L4 L3 2
    MAXSTACK = 6
    MAXLOCALS = 3

  // access flags 0x2
  private _sw_prototype_original_init_sw_prototype_original_(Ljava/lang/Throwable;)V
    ALOAD 0
    INVOKESTATIC org/evosuite/testcarver/capture/FieldRegistry.register (Ljava/lang/Object;)V
   L0
    LINENUMBER 85 L0
    ALOAD 0
    ACONST_NULL
    DUP2
    PUTFIELD com/examples/with/different/packagename/testcarver/ConversionException.cause : Ljava/lang/Throwable;
    POP
    LDC -2147483584
    LDC "com/examples/with/different/packagename/testcarver/ConversionException"
    LDC "cause"
    LDC "Ljava/lang/Throwable;"
    INVOKESTATIC org/evosuite/testcarver/capture/FieldRegistry.notifyModification (Ljava/lang/Object;ILjava/lang/String;Ljava/lang/String;Ljava/lang/String;)V
   L1
    LINENUMBER 73 L1
    ALOAD 0
    ALOAD 1
    DUP2
    PUTFIELD com/examples/with/different/packagename/testcarver/ConversionException.cause : Ljava/lang/Throwable;
    POP
    LDC -2147483582
    LDC "com/examples/with/different/packagename/testcarver/ConversionException"
    LDC "cause"
    LDC "Ljava/lang/Throwable;"
    INVOKESTATIC org/evosuite/testcarver/capture/FieldRegistry.notifyModification (Ljava/lang/Object;ILjava/lang/String;Ljava/lang/String;Ljava/lang/String;)V
   L2
    LINENUMBER 75 L2
    RETURN
   L3
    LOCALVARIABLE this Lcom/examples/with/different/packagename/testcarver/ConversionException; L4 L3 0
    LOCALVARIABLE cause Ljava/lang/Throwable; L4 L3 1
    MAXSTACK = 6
    MAXLOCALS = 2

  // access flags 0x2
  private _sw_prototype_original_getCause()Ljava/lang/Throwable;
   L0
    LINENUMBER 93 L0
    ALOAD 0
    DUP
    GETFIELD com/examples/with/different/packagename/testcarver/ConversionException.cause : Ljava/lang/Throwable;
    SWAP
    LDC -2147483579
    LDC "com/examples/with/different/packagename/testcarver/ConversionException"
    LDC "cause"
    LDC "Ljava/lang/Throwable;"
    INVOKESTATIC org/evosuite/testcarver/capture/FieldRegistry.notifyReadAccess (Ljava/lang/Object;ILjava/lang/String;Ljava/lang/String;Ljava/lang/String;)V
    ARETURN
   L1
    LOCALVARIABLE this Lcom/examples/with/different/packagename/testcarver/ConversionException; L0 L1 0
    MAXSTACK = 5
    MAXLOCALS = 1

  // access flags 0x1
  public <init>(Ljava/lang/String;)V
    TRYCATCHBLOCK L0 L1 L1 java/lang/Throwable
   L2
    LINENUMBER 46 L2
    ALOAD 0
    ALOAD 1
    INVOKESPECIAL java/lang/RuntimeException.<init> (Ljava/lang/String;)V
   L0
    LDC -2147483590
    ALOAD 0
    LDC "<init>"
    LDC "(Ljava/lang/String;)V"
    BIPUSH 1
    ANEWARRAY java/lang/Object
    DUP
    BIPUSH 0
    ALOAD 1
    AASTORE
    INVOKESTATIC org/evosuite/testcarver/capture/Capturer.capture (ILjava/lang/Object;Ljava/lang/String;Ljava/lang/String;[Ljava/lang/Object;)V
    ALOAD 0
    ALOAD 1
    INVOKEVIRTUAL com/examples/with/different/packagename/testcarver/ConversionException._sw_prototype_original_init_sw_prototype_original_ (Ljava/lang/String;)V
    GOTO L3
   L1
   FRAME SAME1 java/lang/Throwable
    ASTORE 2
    LDC -2147483590
    ALOAD 0
    GETSTATIC org/evosuite/testcarver/capture/CaptureLog.RETURN_TYPE_VOID : Ljava/lang/Object;
    INVOKESTATIC org/evosuite/testcarver/capture/Capturer.enable (ILjava/lang/Object;Ljava/lang/Object;)V
    ALOAD 2
    ATHROW
   L3
   FRAME SAME
    LDC -2147483590
    ALOAD 0
    GETSTATIC org/evosuite/testcarver/capture/CaptureLog.RETURN_TYPE_VOID : Ljava/lang/Object;
    INVOKESTATIC org/evosuite/testcarver/capture/Capturer.enable (ILjava/lang/Object;Ljava/lang/Object;)V
    RETURN
    MAXSTACK = 6
    MAXLOCALS = 0

  // access flags 0x1
  public <init>(Ljava/lang/String;Ljava/lang/Throwable;)V
    TRYCATCHBLOCK L0 L1 L1 java/lang/Throwable
   L2
    LINENUMBER 59 L2
    ALOAD 0
    ALOAD 1
    INVOKESPECIAL java/lang/RuntimeException.<init> (Ljava/lang/String;)V
   L0
    LDC -2147483585
    ALOAD 0
    LDC "<init>"
    LDC "(Ljava/lang/String;Ljava/lang/Throwable;)V"
    BIPUSH 2
    ANEWARRAY java/lang/Object
    DUP
    BIPUSH 0
    ALOAD 1
    AASTORE
    DUP
    BIPUSH 1
    ALOAD 2
    AASTORE
    INVOKESTATIC org/evosuite/testcarver/capture/Capturer.capture (ILjava/lang/Object;Ljava/lang/String;Ljava/lang/String;[Ljava/lang/Object;)V
    ALOAD 0
    ALOAD 1
    ALOAD 2
    INVOKEVIRTUAL com/examples/with/different/packagename/testcarver/ConversionException._sw_prototype_original_init_sw_prototype_original_ (Ljava/lang/String;Ljava/lang/Throwable;)V
    GOTO L3
   L1
   FRAME SAME1 java/lang/Throwable
    ASTORE 3
    LDC -2147483585
    ALOAD 0
    GETSTATIC org/evosuite/testcarver/capture/CaptureLog.RETURN_TYPE_VOID : Ljava/lang/Object;
    INVOKESTATIC org/evosuite/testcarver/capture/Capturer.enable (ILjava/lang/Object;Ljava/lang/Object;)V
    ALOAD 3
    ATHROW
   L3
   FRAME SAME
    LDC -2147483585
    ALOAD 0
    GETSTATIC org/evosuite/testcarver/capture/CaptureLog.RETURN_TYPE_VOID : Ljava/lang/Object;
    INVOKESTATIC org/evosuite/testcarver/capture/Capturer.enable (ILjava/lang/Object;Ljava/lang/Object;)V
    RETURN
    MAXSTACK = 6
    MAXLOCALS = 0

  // access flags 0x1
  public <init>(Ljava/lang/Throwable;)V
    TRYCATCHBLOCK L0 L1 L1 java/lang/Throwable
   L2
    LINENUMBER 72 L2
    ALOAD 0
    ALOAD 1
    INVOKEVIRTUAL java/lang/Throwable.getMessage ()Ljava/lang/String;
    INVOKESPECIAL java/lang/RuntimeException.<init> (Ljava/lang/String;)V
   L0
    LDC -2147483580
    ALOAD 0
    LDC "<init>"
    LDC "(Ljava/lang/Throwable;)V"
    BIPUSH 1
    ANEWARRAY java/lang/Object
    DUP
    BIPUSH 0
    ALOAD 1
    AASTORE
    INVOKESTATIC org/evosuite/testcarver/capture/Capturer.capture (ILjava/lang/Object;Ljava/lang/String;Ljava/lang/String;[Ljava/lang/Object;)V
    ALOAD 0
    ALOAD 1
    INVOKEVIRTUAL com/examples/with/different/packagename/testcarver/ConversionException._sw_prototype_original_init_sw_prototype_original_ (Ljava/lang/Throwable;)V
    GOTO L3
   L1
   FRAME SAME1 java/lang/Throwable
    ASTORE 2
    LDC -2147483580
    ALOAD 0
    GETSTATIC org/evosuite/testcarver/capture/CaptureLog.RETURN_TYPE_VOID : Ljava/lang/Object;
    INVOKESTATIC org/evosuite/testcarver/capture/Capturer.enable (ILjava/lang/Object;Ljava/lang/Object;)V
    ALOAD 2
    ATHROW
   L3
   FRAME SAME
    LDC -2147483580
    ALOAD 0
    GETSTATIC org/evosuite/testcarver/capture/CaptureLog.RETURN_TYPE_VOID : Ljava/lang/Object;
    INVOKESTATIC org/evosuite/testcarver/capture/Capturer.enable (ILjava/lang/Object;Ljava/lang/Object;)V
    RETURN
    MAXSTACK = 6
    MAXLOCALS = 0

  // access flags 0x1
  public getCause()Ljava/lang/Throwable;
    TRYCATCHBLOCK L0 L1 L2 java/lang/Throwable
    ACONST_NULL
    ASTORE 1
   L0
    LDC -2147483578
    ALOAD 0
    LDC "getCause"
    LDC "()Ljava/lang/Throwable;"
    BIPUSH 0
    ANEWARRAY java/lang/Object
    INVOKESTATIC org/evosuite/testcarver/capture/Capturer.capture (ILjava/lang/Object;Ljava/lang/String;Ljava/lang/String;[Ljava/lang/Object;)V
    ALOAD 0
    INVOKEVIRTUAL com/examples/with/different/packagename/testcarver/ConversionException._sw_prototype_original_getCause ()Ljava/lang/Throwable;
    ASTORE 1
    ALOAD 1
    ASTORE 3
   L1
    LDC -2147483578
    ALOAD 0
    ALOAD 1
    INVOKESTATIC org/evosuite/testcarver/capture/Capturer.enable (ILjava/lang/Object;Ljava/lang/Object;)V
    ALOAD 3
    ARETURN
   L2
   FRAME FULL [com/examples/with/different/packagename/testcarver/ConversionException java/lang/Throwable] [java/lang/Throwable]
    ASTORE 2
    LDC -2147483578
    ALOAD 0
    ALOAD 1
    INVOKESTATIC org/evosuite/testcarver/capture/Capturer.enable (ILjava/lang/Object;Ljava/lang/Object;)V
    ALOAD 2
    ATHROW
    MAXSTACK = 5
    MAXLOCALS = 0
}
INFO  org.evosuite.testcarver.extraction.CarvingClassLoader - Keeping class: com.examples.with.different.packagename.testcarver.ConversionException
INFO  org.evosuite.testcarver.extraction.CarvingRunListener - Not yet reached maximum time to carve unit tests - executing test with carver
INFO  org.evosuite.testcarver.capture.Capturer - Starting Capturer...
INFO  org.evosuite.testcarver.capture.Capturer - Capturer has been started successfully
INFO  org.evosuite.testcarver.capture.CaptureLog - method setUp was called on object testConvertDate(com.examples.with.different.packagename.testcarver.DateConverterTestCase) with oid 2095710480 without foregoing (observed) init stmt --> creating unobserved init stmt
INFO  org.evosuite.testcarver.capture.Capturer - Stopping Capturer...
INFO  org.evosuite.testcarver.capture.Capturer - Capturer has been stopped successfully
INFO  evo_logger -  - Carving test com.examples.with.different.packagename.testcarver.DateConverterTestCase.testConvertDate
INFO  org.evosuite.instrumentation.InstrumentingClassLoader - Seeing class for first time: com.examples.with.different.packagename.testcarver.ConversionException
INFO  org.evosuite.instrumentation.BytecodeInstrumentation - Starting transformation of com/examples/with/different/packagename/testcarver/ConversionException
INFO  org.evosuite.runtime.instrumentation.MethodCallReplacementClassAdapter - Adding mock interface to class com/examples/with/different/packagename/testcarver/ConversionException
INFO  org.evosuite.instrumentation.EndOfClassInitializerVisitor - Creating <clinit> in class com/examples/with/different/packagename/testcarver/ConversionException
INFO  org.evosuite.runtime.instrumentation.CreateClassResetClassAdapter - Found static initializer in class com/examples/with/different/packagename/testcarver/ConversionException
INFO  org.evosuite.instrumentation.InstrumentingClassLoader - Loaded class: com.examples.with.different.packagename.testcarver.ConversionException
INFO  org.evosuite.testcarver.extraction.CarvingRunListener - Carved test of length 9
INFO  org.evosuite.utils.generic.GenericTypeInference - Type map empty
INFO  org.evosuite.utils.generic.GenericTypeInference - Type map empty
INFO  org.evosuite.utils.generic.GenericTypeInference - Type map empty
INFO  org.evosuite.testcarver.extraction.CarvingRunListener - Not yet reached maximum time to carve unit tests - executing test with carver
INFO  org.evosuite.testcarver.capture.Capturer - Starting Capturer...
INFO  org.evosuite.testcarver.capture.Capturer - Capturer has been started successfully
INFO  org.evosuite.testcarver.capture.CaptureLog - method setUp was called on object testConvertNull(com.examples.with.different.packagename.testcarver.DateConverterTestCase) with oid 698437724 without foregoing (observed) init stmt --> creating unobserved init stmt
INFO  org.evosuite.testcarver.capture.Capturer - Stopping Capturer...
INFO  org.evosuite.testcarver.capture.Capturer - Capturer has been stopped successfully
INFO  evo_logger -  - Carving test com.examples.with.different.packagename.testcarver.DateConverterTestCase.testConvertNull
INFO  org.evosuite.testcarver.extraction.CarvingRunListener - Carved test of length 4
INFO  org.evosuite.utils.generic.GenericTypeInference - Type map empty
INFO  org.evosuite.testcarver.extraction.CarvingRunListener - Not yet reached maximum time to carve unit tests - executing test with carver
INFO  org.evosuite.testcarver.capture.Capturer - Starting Capturer...
INFO  org.evosuite.testcarver.capture.Capturer - Capturer has been started successfully
INFO  org.evosuite.testcarver.capture.CaptureLog - method setUp was called on object testInvalidType(com.examples.with.different.packagename.testcarver.DateConverterTestCase) with oid 1152488702 without foregoing (observed) init stmt --> creating unobserved init stmt
INFO  org.evosuite.testcarver.capture.Capturer - Stopping Capturer...
INFO  org.evosuite.testcarver.capture.Capturer - Capturer has been stopped successfully
INFO  evo_logger -  - Carving test com.examples.with.different.packagename.testcarver.DateConverterTestCase.testInvalidType
INFO  org.evosuite.testcarver.extraction.CarvingRunListener - Carved test of length 4
INFO  org.evosuite.utils.generic.GenericTypeInference - Type map empty
INFO  org.evosuite.utils.generic.GenericTypeInference - Type map empty
INFO  org.evosuite.testcarver.extraction.CarvingRunListener - Not yet reached maximum time to carve unit tests - executing test with carver
INFO  org.evosuite.testcarver.capture.Capturer - Starting Capturer...
INFO  org.evosuite.testcarver.capture.Capturer - Capturer has been started successfully
INFO  org.evosuite.testcarver.capture.CaptureLog - method setUp was called on object testPatternDefault(com.examples.with.different.packagename.testcarver.DateConverterTestCase) with oid 1753746465 without foregoing (observed) init stmt --> creating unobserved init stmt
INFO  org.evosuite.testcarver.capture.CaptureLog - method convert was called on object com.examples.with.different.packagename.testcarver.DateConverter[UseDefault=false, UseLocaleFormat=false] with oid 1323235180 without foregoing (observed) init stmt --> creating unobserved init stmt
INFO  org.evosuite.testcarver.capture.Capturer - Stopping Capturer...
INFO  org.evosuite.testcarver.capture.Capturer - Capturer has been stopped successfully
INFO  evo_logger -  - Carving test com.examples.with.different.packagename.testcarver.DateConverterTestCase.testPatternDefault
INFO  org.evosuite.testcarver.extraction.CarvingRunListener - Carved test of length 21
INFO  org.evosuite.utils.generic.GenericTypeInference - Type map empty
INFO  org.evosuite.utils.generic.GenericTypeInference - Type map empty
INFO  org.evosuite.testcarver.extraction.CarvingRunListener - Not yet reached maximum time to carve unit tests - executing test with carver
INFO  org.evosuite.testcarver.capture.Capturer - Starting Capturer...
INFO  org.evosuite.testcarver.capture.Capturer - Capturer has been started successfully
INFO  org.evosuite.testcarver.capture.CaptureLog - method setUp was called on object testDefaultStringToTypeConvert(com.examples.with.different.packagename.testcarver.DateConverterTestCase) with oid 265939934 without foregoing (observed) init stmt --> creating unobserved init stmt
INFO  org.evosuite.testcarver.capture.Capturer - Stopping Capturer...
INFO  org.evosuite.testcarver.capture.Capturer - Capturer has been stopped successfully
INFO  evo_logger -  - Carving test com.examples.with.different.packagename.testcarver.DateConverterTestCase.testDefaultStringToTypeConvert
INFO  org.evosuite.testcarver.extraction.CarvingRunListener - Carved test of length 6
INFO  org.evosuite.utils.generic.GenericTypeInference - Type map empty
INFO  org.evosuite.testcarver.extraction.CarvingRunListener - Not yet reached maximum time to carve unit tests - executing test with carver
INFO  org.evosuite.testcarver.capture.Capturer - Starting Capturer...
INFO  org.evosuite.testcarver.capture.Capturer - Capturer has been started successfully
INFO  org.evosuite.testcarver.capture.CaptureLog - method setUp was called on object testDefaultType(com.examples.with.different.packagename.testcarver.DateConverterTestCase) with oid 332998175 without foregoing (observed) init stmt --> creating unobserved init stmt
INFO  org.evosuite.testcarver.capture.Capturer - Stopping Capturer...
INFO  org.evosuite.testcarver.capture.Capturer - Capturer has been stopped successfully
INFO  evo_logger -  - Carving test com.examples.with.different.packagename.testcarver.DateConverterTestCase.testDefaultType
INFO  org.evosuite.testcarver.extraction.CarvingRunListener - Carved test of length 6
INFO  org.evosuite.utils.generic.GenericTypeInference - Type map empty
INFO  org.evosuite.testcarver.extraction.CarvingRunListener - Not yet reached maximum time to carve unit tests - executing test with carver
INFO  org.evosuite.testcarver.capture.Capturer - Starting Capturer...
INFO  org.evosuite.testcarver.capture.Capturer - Capturer has been started successfully
INFO  org.evosuite.testcarver.capture.CaptureLog - method setUp was called on object testPatternNullDefault(com.examples.with.different.packagename.testcarver.DateConverterTestCase) with oid 1390430007 without foregoing (observed) init stmt --> creating unobserved init stmt
INFO  org.evosuite.testcarver.capture.Capturer - Stopping Capturer...
INFO  org.evosuite.testcarver.capture.Capturer - Capturer has been stopped successfully
INFO  evo_logger -  - Carving test com.examples.with.different.packagename.testcarver.DateConverterTestCase.testPatternNullDefault
INFO  org.evosuite.testcarver.extraction.CarvingRunListener - Carved test of length 19
INFO  org.evosuite.utils.generic.GenericTypeInference - Type map empty
INFO  org.evosuite.testcarver.extraction.CarvingRunListener - Not yet reached maximum time to carve unit tests - executing test with carver
INFO  org.evosuite.testcarver.capture.Capturer - Starting Capturer...
INFO  org.evosuite.testcarver.capture.Capturer - Capturer has been started successfully
INFO  org.evosuite.testcarver.capture.CaptureLog - method setUp was called on object testPatternNoDefault(com.examples.with.different.packagename.testcarver.DateConverterTestCase) with oid 901852282 without foregoing (observed) init stmt --> creating unobserved init stmt
INFO  org.evosuite.testcarver.capture.Capturer - Stopping Capturer...
INFO  org.evosuite.testcarver.capture.Capturer - Capturer has been stopped successfully
INFO  evo_logger -  - Carving test com.examples.with.different.packagename.testcarver.DateConverterTestCase.testPatternNoDefault
INFO  org.evosuite.testcarver.extraction.CarvingRunListener - Carved test of length 21
INFO  org.evosuite.utils.generic.GenericTypeInference - Type map empty
INFO  org.evosuite.utils.generic.GenericTypeInference - Type map empty
INFO  org.evosuite.utils.generic.GenericTypeInference - Type map empty
INFO  org.evosuite.testcarver.extraction.CarvingRunListener - Not yet reached maximum time to carve unit tests - executing test with carver
INFO  org.evosuite.testcarver.capture.Capturer - Starting Capturer...
INFO  org.evosuite.testcarver.capture.Capturer - Capturer has been started successfully
INFO  org.evosuite.testcarver.capture.CaptureLog - method setUp was called on object testLocale(com.examples.with.different.packagename.testcarver.DateConverterTestCase) with oid 2076462312 without foregoing (observed) init stmt --> creating unobserved init stmt
INFO  org.evosuite.testcarver.capture.CaptureLog - method getTime was called on object java.util.GregorianCalendar[time=1161993600000,areFieldsSet=true,areAllFieldsSet=false,lenient=false,zone=sun.util.calendar.ZoneInfo[id="Etc/UTC",offset=0,dstSavings=0,useDaylight=false,transitions=0,lastRule=null],firstDayOfWeek=1,minimalDaysInFirstWeek=1,ERA=?,YEAR=2006,MONTH=9,WEEK_OF_YEAR=?,WEEK_OF_MONTH=?,DAY_OF_MONTH=28,DAY_OF_YEAR=?,DAY_OF_WEEK=?,DAY_OF_WEEK_IN_MONTH=?,AM_PM=?,HOUR=?,HOUR_OF_DAY=?,MINUTE=?,SECOND=?,MILLISECOND=?,ZONE_OFFSET=?,DST_OFFSET=?] with oid 1828676092 without foregoing (observed) init stmt --> creating unobserved init stmt
INFO  org.evosuite.testcarver.capture.Capturer - Stopping Capturer...
INFO  org.evosuite.testcarver.capture.Capturer - Capturer has been stopped successfully
INFO  evo_logger -  - Carving test com.examples.with.different.packagename.testcarver.DateConverterTestCase.testLocale
INFO  org.evosuite.testcarver.extraction.CarvingRunListener - Carved test of length 18
INFO  org.evosuite.utils.generic.GenericTypeInference - Type map empty
INFO  org.evosuite.testcarver.extraction.CarvingRunListener - Not yet reached maximum time to carve unit tests - executing test with carver
INFO  org.evosuite.testcarver.capture.Capturer - Starting Capturer...
INFO  org.evosuite.testcarver.capture.Capturer - Capturer has been started successfully
INFO  org.evosuite.testcarver.capture.CaptureLog - method setUp was called on object testStringConversion(com.examples.with.different.packagename.testcarver.DateConverterTestCase) with oid 1058984040 without foregoing (observed) init stmt --> creating unobserved init stmt
INFO  org.evosuite.testcarver.capture.Capturer - Stopping Capturer...
INFO  org.evosuite.testcarver.capture.Capturer - Capturer has been stopped successfully
INFO  evo_logger -  - Carving test com.examples.with.different.packagename.testcarver.DateConverterTestCase.testStringConversion
INFO  org.evosuite.testcarver.extraction.CarvingRunListener - Carved test of length 8
INFO  org.evosuite.utils.generic.GenericTypeInference - Type map empty
INFO  org.evosuite.utils.generic.GenericTypeInference - Type map empty
INFO  org.evosuite.testcarver.extraction.CarvingRunListener - Not yet reached maximum time to carve unit tests - executing test with carver
INFO  org.evosuite.testcarver.capture.Capturer - Starting Capturer...
INFO  org.evosuite.testcarver.capture.Capturer - Capturer has been started successfully
INFO  org.evosuite.testcarver.capture.CaptureLog - method setUp was called on object testMultiplePatterns(com.examples.with.different.packagename.testcarver.DateConverterTestCase) with oid 1894338251 without foregoing (observed) init stmt --> creating unobserved init stmt
INFO  org.evosuite.testcarver.capture.Capturer - Stopping Capturer...
INFO  org.evosuite.testcarver.capture.Capturer - Capturer has been stopped successfully
INFO  evo_logger -  - Carving test com.examples.with.different.packagename.testcarver.DateConverterTestCase.testMultiplePatterns
INFO  org.evosuite.testcarver.extraction.CarvingRunListener - Carved test of length 16
INFO  org.evosuite.utils.generic.GenericTypeInference - Type map empty
INFO  org.evosuite.testcarver.extraction.CarvingManager - Result: 4/11
INFO  org.evosuite.testcarver.extraction.CarvingManager - Failure: Error converting from 'GregorianCalendar' to 'Date' class java.util.GregorianCalendar cannot be cast to class org.evosuite.testcarver.wrapper.java.util.Calendar (java.util.GregorianCalendar is in module java.base of loader 'bootstrap'; org.evosuite.testcarver.wrapper.java.util.Calendar is in unnamed module of loader 'app')
INFO  org.evosuite.testcarver.extraction.CarvingManager - Exception: {}
com.examples.with.different.packagename.testcarver.ConversionException: Error converting from 'GregorianCalendar' to 'Date' class java.util.GregorianCalendar cannot be cast to class org.evosuite.testcarver.wrapper.java.util.Calendar (java.util.GregorianCalendar is in module java.base of loader 'bootstrap'; org.evosuite.testcarver.wrapper.java.util.Calendar is in unnamed module of loader 'app')
	at com.examples.with.different.packagename.testcarver.AbstractConverter.handleError(AbstractConverter.java:241)
	at com.examples.with.different.packagename.testcarver.AbstractConverter._sw_prototype_original_convert(AbstractConverter.java:150)
	at com.examples.with.different.packagename.testcarver.AbstractConverter.convert(AbstractConverter.java)
	at com.examples.with.different.packagename.testcarver.DateConverterTestBase._sw_prototype_original_testConvertDate(DateConverterTestBase.java:125)
	at com.examples.with.different.packagename.testcarver.DateConverterTestBase.testConvertDate(DateConverterTestBase.java)
	at java.base/jdk.internal.reflect.DirectMethodHandleAccessor.invoke(DirectMethodHandleAccessor.java:103)
	at java.base/java.lang.reflect.Method.invoke(Method.java:580)
	at junit.framework.TestCase.runTest(TestCase.java:177)
	at junit.framework.TestCase.runBare(TestCase.java:142)
	at junit.framework.TestResult$1.protect(TestResult.java:122)
	at junit.framework.TestResult.runProtected(TestResult.java:142)
	at junit.framework.TestResult.run(TestResult.java:125)
	at junit.framework.TestCase.run(TestCase.java:130)
	at junit.framework.TestSuite.runTest(TestSuite.java:241)
	at junit.framework.TestSuite.run(TestSuite.java:236)
	at org.junit.internal.runners.JUnit38ClassRunner.run(JUnit38ClassRunner.java:90)
	at org.junit.runners.Suite.runChild(Suite.java:128)
	at org.junit.runners.Suite.runChild(Suite.java:27)
	at org.junit.runners.ParentRunner$4.run(ParentRunner.java:331)
	at org.junit.runners.ParentRunner$1.schedule(ParentRunner.java:79)
	at org.junit.runners.ParentRunner.runChildren(ParentRunner.java:329)
	at org.junit.runners.ParentRunner.access$100(ParentRunner.java:66)
	at org.junit.runners.ParentRunner$2.evaluate(ParentRunner.java:293)
	at org.junit.runners.ParentRunner$3.evaluate(ParentRunner.java:306)
	at org.junit.runners.ParentRunner.run(ParentRunner.java:413)
	at org.junit.runner.JUnitCore.run(JUnitCore.java:137)
	at org.junit.runner.JUnitCore.run(JUnitCore.java:115)
	at org.junit.runner.JUnitCore.run(JUnitCore.java:105)
	at org.junit.runner.JUnitCore.run(JUnitCore.java:94)
	at org.evosuite.testcarver.extraction.CarvingManager.readTestCases(CarvingManager.java:129)
	at org.evosuite.testcarver.extraction.CarvingManager.getTestsForClass(CarvingManager.java:216)
	at org.evosuite.testcase.factories.JUnitTestCarvedChromosomeFactory.readTestCases(JUnitTestCarvedChromosomeFactory.java:75)
	at org.evosuite.testcase.factories.JUnitTestCarvedChromosomeFactory.<init>(JUnitTestCarvedChromosomeFactory.java:68)
	at org.evosuite.testcase.JUnitTestCarvedChromosomeFactorySystemTest.testBeanDateConverterUtils(JUnitTestCarvedChromosomeFactorySystemTest.java:458)
	at java.base/jdk.internal.reflect.DirectMethodHandleAccessor.invoke(DirectMethodHandleAccessor.java:103)
	at java.base/java.lang.reflect.Method.invoke(Method.java:580)
	at org.junit.runners.model.FrameworkMethod$1.runReflectiveCall(FrameworkMethod.java:59)
	at org.junit.internal.runners.model.ReflectiveCallable.run(ReflectiveCallable.java:12)
	at org.junit.runners.model.FrameworkMethod.invokeExplosively(FrameworkMethod.java:56)
	at org.junit.internal.runners.statements.InvokeMethod.evaluate(InvokeMethod.java:17)
	at org.junit.internal.runners.statements.RunBefores.evaluate(RunBefores.java:26)
	at org.junit.internal.runners.statements.RunAfters.evaluate(RunAfters.java:27)
	at org.junit.rules.TestWatcher$1.evaluate(TestWatcher.java:61)
	at org.junit.runners.ParentRunner$3.evaluate(ParentRunner.java:306)
	at org.junit.runners.BlockJUnit4ClassRunner$1.evaluate(BlockJUnit4ClassRunner.java:100)
	at org.junit.runners.ParentRunner.runLeaf(ParentRunner.java:366)
	at org.junit.runners.BlockJUnit4ClassRunner.runChild(BlockJUnit4ClassRunner.java:103)
	at org.junit.runners.BlockJUnit4ClassRunner.runChild(BlockJUnit4ClassRunner.java:63)
	at org.junit.runners.ParentRunner$4.run(ParentRunner.java:331)
	at org.junit.runners.ParentRunner$1.schedule(ParentRunner.java:79)
	at org.junit.runners.ParentRunner.runChildren(ParentRunner.java:329)
	at org.junit.runners.ParentRunner.access$100(ParentRunner.java:66)
	at org.junit.runners.ParentRunner$2.evaluate(ParentRunner.java:293)
	at org.junit.runners.ParentRunner$3.evaluate(ParentRunner.java:306)
	at org.junit.runners.ParentRunner.run(ParentRunner.java:413)
	at org.apache.maven.surefire.junit4.JUnit4Provider.execute(JUnit4Provider.java:316)
	at org.apache.maven.surefire.junit4.JUnit4Provider.executeWithRerun(JUnit4Provider.java:240)
	at org.apache.maven.surefire.junit4.JUnit4Provider.executeTestSet(JUnit4Provider.java:214)
	at org.apache.maven.surefire.junit4.JUnit4Provider.invoke(JUnit4Provider.java:155)
	at org.apache.maven.surefire.booter.ForkedBooter.runSuitesInProcess(ForkedBooter.java:385)
	at org.apache.maven.surefire.booter.ForkedBooter.execute(ForkedBooter.java:162)
	at org.apache.maven.surefire.booter.ForkedBooter.run(ForkedBooter.java:507)
	at org.apache.maven.surefire.booter.ForkedBooter.main(ForkedBooter.java:495)
Caused by: java.lang.ClassCastException: class java.util.GregorianCalendar cannot be cast to class org.evosuite.testcarver.wrapper.java.util.Calendar (java.util.GregorianCalendar is in module java.base of loader 'bootstrap'; org.evosuite.testcarver.wrapper.java.util.Calendar is in unnamed module of loader 'app')
	at com.examples.with.different.packagename.testcarver.DateTimeConverter.convertToType(DateTimeConverter.java:308)
	at com.examples.with.different.packagename.testcarver.AbstractConverter._sw_prototype_original_convert(AbstractConverter.java:146)
	... 61 common frames omitted
INFO  org.evosuite.testcarver.extraction.CarvingManager - Failure: TYPE  expected:<class java.util.Date> but was:<class org.evosuite.testcarver.wrapper.java.util.Date>
INFO  org.evosuite.testcarver.extraction.CarvingManager - Exception: {}
junit.framework.AssertionFailedError: TYPE  expected:<class java.util.Date> but was:<class org.evosuite.testcarver.wrapper.java.util.Date>
	at junit.framework.Assert.fail(Assert.java:57)
	at junit.framework.Assert.failNotEquals(Assert.java:329)
	at junit.framework.Assert.assertEquals(Assert.java:78)
	at junit.framework.TestCase.assertEquals(TestCase.java:238)
	at com.examples.with.different.packagename.testcarver.DateConverterTestBase._sw_prototype_original_testDefaultType(DateConverterTestBase.java:153)
	at com.examples.with.different.packagename.testcarver.DateConverterTestBase.testDefaultType(DateConverterTestBase.java)
	at java.base/jdk.internal.reflect.DirectMethodHandleAccessor.invoke(DirectMethodHandleAccessor.java:103)
	at java.base/java.lang.reflect.Method.invoke(Method.java:580)
	at junit.framework.TestCase.runTest(TestCase.java:177)
	at junit.framework.TestCase.runBare(TestCase.java:142)
	at junit.framework.TestResult$1.protect(TestResult.java:122)
	at junit.framework.TestResult.runProtected(TestResult.java:142)
	at junit.framework.TestResult.run(TestResult.java:125)
	at junit.framework.TestCase.run(TestCase.java:130)
	at junit.framework.TestSuite.runTest(TestSuite.java:241)
	at junit.framework.TestSuite.run(TestSuite.java:236)
	at org.junit.internal.runners.JUnit38ClassRunner.run(JUnit38ClassRunner.java:90)
	at org.junit.runners.Suite.runChild(Suite.java:128)
	at org.junit.runners.Suite.runChild(Suite.java:27)
	at org.junit.runners.ParentRunner$4.run(ParentRunner.java:331)
	at org.junit.runners.ParentRunner$1.schedule(ParentRunner.java:79)
	at org.junit.runners.ParentRunner.runChildren(ParentRunner.java:329)
	at org.junit.runners.ParentRunner.access$100(ParentRunner.java:66)
	at org.junit.runners.ParentRunner$2.evaluate(ParentRunner.java:293)
	at org.junit.runners.ParentRunner$3.evaluate(ParentRunner.java:306)
	at org.junit.runners.ParentRunner.run(ParentRunner.java:413)
	at org.junit.runner.JUnitCore.run(JUnitCore.java:137)
	at org.junit.runner.JUnitCore.run(JUnitCore.java:115)
	at org.junit.runner.JUnitCore.run(JUnitCore.java:105)
	at org.junit.runner.JUnitCore.run(JUnitCore.java:94)
	at org.evosuite.testcarver.extraction.CarvingManager.readTestCases(CarvingManager.java:129)
	at org.evosuite.testcarver.extraction.CarvingManager.getTestsForClass(CarvingManager.java:216)
	at org.evosuite.testcase.factories.JUnitTestCarvedChromosomeFactory.readTestCases(JUnitTestCarvedChromosomeFactory.java:75)
	at org.evosuite.testcase.factories.JUnitTestCarvedChromosomeFactory.<init>(JUnitTestCarvedChromosomeFactory.java:68)
	at org.evosuite.testcase.JUnitTestCarvedChromosomeFactorySystemTest.testBeanDateConverterUtils(JUnitTestCarvedChromosomeFactorySystemTest.java:458)
	at java.base/jdk.internal.reflect.DirectMethodHandleAccessor.invoke(DirectMethodHandleAccessor.java:103)
	at java.base/java.lang.reflect.Method.invoke(Method.java:580)
	at org.junit.runners.model.FrameworkMethod$1.runReflectiveCall(FrameworkMethod.java:59)
	at org.junit.internal.runners.model.ReflectiveCallable.run(ReflectiveCallable.java:12)
	at org.junit.runners.model.FrameworkMethod.invokeExplosively(FrameworkMethod.java:56)
	at org.junit.internal.runners.statements.InvokeMethod.evaluate(InvokeMethod.java:17)
	at org.junit.internal.runners.statements.RunBefores.evaluate(RunBefores.java:26)
	at org.junit.internal.runners.statements.RunAfters.evaluate(RunAfters.java:27)
	at org.junit.rules.TestWatcher$1.evaluate(TestWatcher.java:61)
	at org.junit.runners.ParentRunner$3.evaluate(ParentRunner.java:306)
	at org.junit.runners.BlockJUnit4ClassRunner$1.evaluate(BlockJUnit4ClassRunner.java:100)
	at org.junit.runners.ParentRunner.runLeaf(ParentRunner.java:366)
	at org.junit.runners.BlockJUnit4ClassRunner.runChild(BlockJUnit4ClassRunner.java:103)
	at org.junit.runners.BlockJUnit4ClassRunner.runChild(BlockJUnit4ClassRunner.java:63)
	at org.junit.runners.ParentRunner$4.run(ParentRunner.java:331)
	at org.junit.runners.ParentRunner$1.schedule(ParentRunner.java:79)
	at org.junit.runners.ParentRunner.runChildren(ParentRunner.java:329)
	at org.junit.runners.ParentRunner.access$100(ParentRunner.java:66)
	at org.junit.runners.ParentRunner$2.evaluate(ParentRunner.java:293)
	at org.junit.runners.ParentRunner$3.evaluate(ParentRunner.java:306)
	at org.junit.runners.ParentRunner.run(ParentRunner.java:413)
	at org.apache.maven.surefire.junit4.JUnit4Provider.execute(JUnit4Provider.java:316)
	at org.apache.maven.surefire.junit4.JUnit4Provider.executeWithRerun(JUnit4Provider.java:240)
	at org.apache.maven.surefire.junit4.JUnit4Provider.executeTestSet(JUnit4Provider.java:214)
	at org.apache.maven.surefire.junit4.JUnit4Provider.invoke(JUnit4Provider.java:155)
	at org.apache.maven.surefire.booter.ForkedBooter.runSuitesInProcess(ForkedBooter.java:385)
	at org.apache.maven.surefire.booter.ForkedBooter.execute(ForkedBooter.java:162)
	at org.apache.maven.surefire.booter.ForkedBooter.run(ForkedBooter.java:507)
	at org.apache.maven.surefire.booter.ForkedBooter.main(ForkedBooter.java:495)
INFO  org.evosuite.testcarver.extraction.CarvingManager - Failure: Converting 'java.sql.Date' value '2006-10-29' threw com.examples.with.different.packagename.testcarver.ConversionException: Error converting from 'java.sql.Date' to 'Date' class java.sql.Date cannot be cast to class org.evosuite.testcarver.wrapper.java.util.Date (java.sql.Date is in module java.sql of loader 'platform'; org.evosuite.testcarver.wrapper.java.util.Date is in unnamed module of loader 'app')
INFO  org.evosuite.testcarver.extraction.CarvingManager - Exception: {}
junit.framework.AssertionFailedError: Converting 'java.sql.Date' value '2006-10-29' threw com.examples.with.different.packagename.testcarver.ConversionException: Error converting from 'java.sql.Date' to 'Date' class java.sql.Date cannot be cast to class org.evosuite.testcarver.wrapper.java.util.Date (java.sql.Date is in module java.sql of loader 'platform'; org.evosuite.testcarver.wrapper.java.util.Date is in unnamed module of loader 'app')
	at junit.framework.Assert.fail(Assert.java:57)
	at junit.framework.TestCase.fail(TestCase.java:223)
	at com.examples.with.different.packagename.testcarver.DateConverterTestBase.validConversion(DateConverterTestBase.java:409)
	at com.examples.with.different.packagename.testcarver.DateConverterTestBase._sw_prototype_original_testPatternNoDefault(DateConverterTestBase.java:240)
	at com.examples.with.different.packagename.testcarver.DateConverterTestBase.testPatternNoDefault(DateConverterTestBase.java)
	at java.base/jdk.internal.reflect.DirectMethodHandleAccessor.invoke(DirectMethodHandleAccessor.java:103)
	at java.base/java.lang.reflect.Method.invoke(Method.java:580)
	at junit.framework.TestCase.runTest(TestCase.java:177)
	at junit.framework.TestCase.runBare(TestCase.java:142)
	at junit.framework.TestResult$1.protect(TestResult.java:122)
	at junit.framework.TestResult.runProtected(TestResult.java:142)
	at junit.framework.TestResult.run(TestResult.java:125)
	at junit.framework.TestCase.run(TestCase.java:130)
	at junit.framework.TestSuite.runTest(TestSuite.java:241)
	at junit.framework.TestSuite.run(TestSuite.java:236)
	at org.junit.internal.runners.JUnit38ClassRunner.run(JUnit38ClassRunner.java:90)
	at org.junit.runners.Suite.runChild(Suite.java:128)
	at org.junit.runners.Suite.runChild(Suite.java:27)
	at org.junit.runners.ParentRunner$4.run(ParentRunner.java:331)
	at org.junit.runners.ParentRunner$1.schedule(ParentRunner.java:79)
	at org.junit.runners.ParentRunner.runChildren(ParentRunner.java:329)
	at org.junit.runners.ParentRunner.access$100(ParentRunner.java:66)
	at org.junit.runners.ParentRunner$2.evaluate(ParentRunner.java:293)
	at org.junit.runners.ParentRunner$3.evaluate(ParentRunner.java:306)
	at org.junit.runners.ParentRunner.run(ParentRunner.java:413)
	at org.junit.runner.JUnitCore.run(JUnitCore.java:137)
	at org.junit.runner.JUnitCore.run(JUnitCore.java:115)
	at org.junit.runner.JUnitCore.run(JUnitCore.java:105)
	at org.junit.runner.JUnitCore.run(JUnitCore.java:94)
	at org.evosuite.testcarver.extraction.CarvingManager.readTestCases(CarvingManager.java:129)
	at org.evosuite.testcarver.extraction.CarvingManager.getTestsForClass(CarvingManager.java:216)
	at org.evosuite.testcase.factories.JUnitTestCarvedChromosomeFactory.readTestCases(JUnitTestCarvedChromosomeFactory.java:75)
	at org.evosuite.testcase.factories.JUnitTestCarvedChromosomeFactory.<init>(JUnitTestCarvedChromosomeFactory.java:68)
	at org.evosuite.testcase.JUnitTestCarvedChromosomeFactorySystemTest.testBeanDateConverterUtils(JUnitTestCarvedChromosomeFactorySystemTest.java:458)
	at java.base/jdk.internal.reflect.DirectMethodHandleAccessor.invoke(DirectMethodHandleAccessor.java:103)
	at java.base/java.lang.reflect.Method.invoke(Method.java:580)
	at org.junit.runners.model.FrameworkMethod$1.runReflectiveCall(FrameworkMethod.java:59)
	at org.junit.internal.runners.model.ReflectiveCallable.run(ReflectiveCallable.java:12)
	at org.junit.runners.model.FrameworkMethod.invokeExplosively(FrameworkMethod.java:56)
	at org.junit.internal.runners.statements.InvokeMethod.evaluate(InvokeMethod.java:17)
	at org.junit.internal.runners.statements.RunBefores.evaluate(RunBefores.java:26)
	at org.junit.internal.runners.statements.RunAfters.evaluate(RunAfters.java:27)
	at org.junit.rules.TestWatcher$1.evaluate(TestWatcher.java:61)
	at org.junit.runners.ParentRunner$3.evaluate(ParentRunner.java:306)
	at org.junit.runners.BlockJUnit4ClassRunner$1.evaluate(BlockJUnit4ClassRunner.java:100)
	at org.junit.runners.ParentRunner.runLeaf(ParentRunner.java:366)
	at org.junit.runners.BlockJUnit4ClassRunner.runChild(BlockJUnit4ClassRunner.java:103)
	at org.junit.runners.BlockJUnit4ClassRunner.runChild(BlockJUnit4ClassRunner.java:63)
	at org.junit.runners.ParentRunner$4.run(ParentRunner.java:331)
	at org.junit.runners.ParentRunner$1.schedule(ParentRunner.java:79)
	at org.junit.runners.ParentRunner.runChildren(ParentRunner.java:329)
	at org.junit.runners.ParentRunner.access$100(ParentRunner.java:66)
	at org.junit.runners.ParentRunner$2.evaluate(ParentRunner.java:293)
	at org.junit.runners.ParentRunner$3.evaluate(ParentRunner.java:306)
	at org.junit.runners.ParentRunner.run(ParentRunner.java:413)
	at org.apache.maven.surefire.junit4.JUnit4Provider.execute(JUnit4Provider.java:316)
	at org.apache.maven.surefire.junit4.JUnit4Provider.executeWithRerun(JUnit4Provider.java:240)
	at org.apache.maven.surefire.junit4.JUnit4Provider.executeTestSet(JUnit4Provider.java:214)
	at org.apache.maven.surefire.junit4.JUnit4Provider.invoke(JUnit4Provider.java:155)
	at org.apache.maven.surefire.booter.ForkedBooter.runSuitesInProcess(ForkedBooter.java:385)
	at org.apache.maven.surefire.booter.ForkedBooter.execute(ForkedBooter.java:162)
	at org.apache.maven.surefire.booter.ForkedBooter.run(ForkedBooter.java:507)
	at org.apache.maven.surefire.booter.ForkedBooter.main(ForkedBooter.java:495)
INFO  org.evosuite.testcarver.extraction.CarvingManager - Failure: Converting 'org.evosuite.testcarver.wrapper.java.util.Date' value 'Sun Oct 29 00:00:00 UTC 2006' to String threw com.examples.with.different.packagename.testcarver.ConversionException: Error converting from 'org.evosuite.testcarver.wrapper.java.util.Date' to 'String' 'java.lang.String org.evosuite.testcarver.wrapper.java.text.DateFormat.format(java.text.DateFormat, java.util.Date)'
INFO  org.evosuite.testcarver.extraction.CarvingManager - Exception: {}
junit.framework.AssertionFailedError: Converting 'org.evosuite.testcarver.wrapper.java.util.Date' value 'Sun Oct 29 00:00:00 UTC 2006' to String threw com.examples.with.different.packagename.testcarver.ConversionException: Error converting from 'org.evosuite.testcarver.wrapper.java.util.Date' to 'String' 'java.lang.String org.evosuite.testcarver.wrapper.java.text.DateFormat.format(java.text.DateFormat, java.util.Date)'
	at junit.framework.Assert.fail(Assert.java:57)
	at junit.framework.TestCase.fail(TestCase.java:223)
	at com.examples.with.different.packagename.testcarver.DateConverterTestBase.stringConversion(DateConverterTestBase.java:430)
	at com.examples.with.different.packagename.testcarver.DateConverterTestBase._sw_prototype_original_testStringConversion(DateConverterTestBase.java:194)
	at com.examples.with.different.packagename.testcarver.DateConverterTestBase.testStringConversion(DateConverterTestBase.java)
	at java.base/jdk.internal.reflect.DirectMethodHandleAccessor.invoke(DirectMethodHandleAccessor.java:103)
	at java.base/java.lang.reflect.Method.invoke(Method.java:580)
	at junit.framework.TestCase.runTest(TestCase.java:177)
	at junit.framework.TestCase.runBare(TestCase.java:142)
	at junit.framework.TestResult$1.protect(TestResult.java:122)
	at junit.framework.TestResult.runProtected(TestResult.java:142)
	at junit.framework.TestResult.run(TestResult.java:125)
	at junit.framework.TestCase.run(TestCase.java:130)
	at junit.framework.TestSuite.runTest(TestSuite.java:241)
	at junit.framework.TestSuite.run(TestSuite.java:236)
	at org.junit.internal.runners.JUnit38ClassRunner.run(JUnit38ClassRunner.java:90)
	at org.junit.runners.Suite.runChild(Suite.java:128)
	at org.junit.runners.Suite.runChild(Suite.java:27)
	at org.junit.runners.ParentRunner$4.run(ParentRunner.java:331)
	at org.junit.runners.ParentRunner$1.schedule(ParentRunner.java:79)
	at org.junit.runners.ParentRunner.runChildren(ParentRunner.java:329)
	at org.junit.runners.ParentRunner.access$100(ParentRunner.java:66)
	at org.junit.runners.ParentRunner$2.evaluate(ParentRunner.java:293)
	at org.junit.runners.ParentRunner$3.evaluate(ParentRunner.java:306)
	at org.junit.runners.ParentRunner.run(ParentRunner.java:413)
	at org.junit.runner.JUnitCore.run(JUnitCore.java:137)
	at org.junit.runner.JUnitCore.run(JUnitCore.java:115)
	at org.junit.runner.JUnitCore.run(JUnitCore.java:105)
	at org.junit.runner.JUnitCore.run(JUnitCore.java:94)
	at org.evosuite.testcarver.extraction.CarvingManager.readTestCases(CarvingManager.java:129)
	at org.evosuite.testcarver.extraction.CarvingManager.getTestsForClass(CarvingManager.java:216)
	at org.evosuite.testcase.factories.JUnitTestCarvedChromosomeFactory.readTestCases(JUnitTestCarvedChromosomeFactory.java:75)
	at org.evosuite.testcase.factories.JUnitTestCarvedChromosomeFactory.<init>(JUnitTestCarvedChromosomeFactory.java:68)
	at org.evosuite.testcase.JUnitTestCarvedChromosomeFactorySystemTest.testBeanDateConverterUtils(JUnitTestCarvedChromosomeFactorySystemTest.java:458)
	at java.base/jdk.internal.reflect.DirectMethodHandleAccessor.invoke(DirectMethodHandleAccessor.java:103)
	at java.base/java.lang.reflect.Method.invoke(Method.java:580)
	at org.junit.runners.model.FrameworkMethod$1.runReflectiveCall(FrameworkMethod.java:59)
	at org.junit.internal.runners.model.ReflectiveCallable.run(ReflectiveCallable.java:12)
	at org.junit.runners.model.FrameworkMethod.invokeExplosively(FrameworkMethod.java:56)
	at org.junit.internal.runners.statements.InvokeMethod.evaluate(InvokeMethod.java:17)
	at org.junit.internal.runners.statements.RunBefores.evaluate(RunBefores.java:26)
	at org.junit.internal.runners.statements.RunAfters.evaluate(RunAfters.java:27)
	at org.junit.rules.TestWatcher$1.evaluate(TestWatcher.java:61)
	at org.junit.runners.ParentRunner$3.evaluate(ParentRunner.java:306)
	at org.junit.runners.BlockJUnit4ClassRunner$1.evaluate(BlockJUnit4ClassRunner.java:100)
	at org.junit.runners.ParentRunner.runLeaf(ParentRunner.java:366)
	at org.junit.runners.BlockJUnit4ClassRunner.runChild(BlockJUnit4ClassRunner.java:103)
	at org.junit.runners.BlockJUnit4ClassRunner.runChild(BlockJUnit4ClassRunner.java:63)
	at org.junit.runners.ParentRunner$4.run(ParentRunner.java:331)
	at org.junit.runners.ParentRunner$1.schedule(ParentRunner.java:79)
	at org.junit.runners.ParentRunner.runChildren(ParentRunner.java:329)
	at org.junit.runners.ParentRunner.access$100(ParentRunner.java:66)
	at org.junit.runners.ParentRunner$2.evaluate(ParentRunner.java:293)
	at org.junit.runners.ParentRunner$3.evaluate(ParentRunner.java:306)
	at org.junit.runners.ParentRunner.run(ParentRunner.java:413)
	at org.apache.maven.surefire.junit4.JUnit4Provider.execute(JUnit4Provider.java:316)
	at org.apache.maven.surefire.junit4.JUnit4Provider.executeWithRerun(JUnit4Provider.java:240)
	at org.apache.maven.surefire.junit4.JUnit4Provider.executeTestSet(JUnit4Provider.java:214)
	at org.apache.maven.surefire.junit4.JUnit4Provider.invoke(JUnit4Provider.java:155)
	at org.apache.maven.surefire.booter.ForkedBooter.runSuitesInProcess(ForkedBooter.java:385)
	at org.apache.maven.surefire.booter.ForkedBooter.execute(ForkedBooter.java:162)
	at org.apache.maven.surefire.booter.ForkedBooter.run(ForkedBooter.java:507)
	at org.apache.maven.surefire.booter.ForkedBooter.main(ForkedBooter.java:495)
INFO  org.evosuite.testcase.execution.TestCaseExecutor - No stalled threads
INFO  org.evosuite.testcarver.extraction.CarvingManager - Adding carved test without exception
INFO  org.evosuite.testcarver.extraction.CarvingManager - DateConverter dateConverter0 = new DateConverter();
Class<Date> class0 = Date.class;
long long0 = 1770296880803L;
Date date0 = new Date(long0);
dateConverter0.convert(class0, date0);
DateConverter dateConverter1 = new DateConverter();
String string0 = "<gregorian-calendar>\n  <time>1770296880803</time>\n  <timezone>Etc/UTC</timezone>\n</gregorian-calendar>";
GregorianCalendar gregorianCalendar0 = (GregorianCalendar)EvoSuiteXStream.fromString(string0);
dateConverter1.convert(class0, gregorianCalendar0);

INFO  org.evosuite.testcarver.extraction.CarvingManager - Exception thrown in carved test testConvertNull: {}
com.examples.with.different.packagename.testcarver.ConversionException: No value specified for 'Date'
	at com.examples.with.different.packagename.testcarver.AbstractConverter.handleMissing(AbstractConverter.java:276)
	at com.examples.with.different.packagename.testcarver.AbstractConverter.convert(AbstractConverter.java:130)
	at java.base/jdk.internal.reflect.DirectMethodHandleAccessor.invoke(DirectMethodHandleAccessor.java:103)
	at java.base/java.lang.reflect.Method.invoke(Method.java:580)
	at org.evosuite.testcase.statements.MethodStatement$1.execute(MethodStatement.java:256)
	at org.evosuite.testcase.statements.AbstractStatement.exceptionHandler(AbstractStatement.java:165)
	at org.evosuite.testcase.statements.MethodStatement.execute(MethodStatement.java:220)
	at org.evosuite.testcase.execution.TestRunnable.executeStatements(TestRunnable.java:287)
	at org.evosuite.testcase.execution.TestRunnable.call(TestRunnable.java:193)
	at org.evosuite.testcase.execution.TestRunnable.call(TestRunnable.java:49)
	at java.base/java.util.concurrent.FutureTask.run(FutureTask.java:317)
	at java.base/java.util.concurrent.ThreadPoolExecutor.runWorker(ThreadPoolExecutor.java:1144)
	at java.base/java.util.concurrent.ThreadPoolExecutor$Worker.run(ThreadPoolExecutor.java:642)
	at java.base/java.lang.Thread.run(Thread.java:1583)
INFO  org.evosuite.testcarver.extraction.CarvingManager - com.examples.with.different.packagename.testcarver.AbstractConverter.handleMissing(AbstractConverter.java:276)
INFO  org.evosuite.testcarver.extraction.CarvingManager - com.examples.with.different.packagename.testcarver.AbstractConverter.convert(AbstractConverter.java:130)
INFO  org.evosuite.testcarver.extraction.CarvingManager - java.base/jdk.internal.reflect.DirectMethodHandleAccessor.invoke(DirectMethodHandleAccessor.java:103)
INFO  org.evosuite.testcarver.extraction.CarvingManager - java.base/java.lang.reflect.Method.invoke(Method.java:580)
INFO  org.evosuite.testcarver.extraction.CarvingManager - org.evosuite.testcase.statements.MethodStatement$1.execute(MethodStatement.java:256)
INFO  org.evosuite.testcarver.extraction.CarvingManager - org.evosuite.testcase.statements.AbstractStatement.exceptionHandler(AbstractStatement.java:165)
INFO  org.evosuite.testcarver.extraction.CarvingManager - org.evosuite.testcase.statements.MethodStatement.execute(MethodStatement.java:220)
INFO  org.evosuite.testcarver.extraction.CarvingManager - org.evosuite.testcase.execution.TestRunnable.executeStatements(TestRunnable.java:287)
INFO  org.evosuite.testcarver.extraction.CarvingManager - org.evosuite.testcase.execution.TestRunnable.call(TestRunnable.java:193)
INFO  org.evosuite.testcarver.extraction.CarvingManager - org.evosuite.testcase.execution.TestRunnable.call(TestRunnable.java:49)
INFO  org.evosuite.testcarver.extraction.CarvingManager - java.base/java.util.concurrent.FutureTask.run(FutureTask.java:317)
INFO  org.evosuite.testcarver.extraction.CarvingManager - java.base/java.util.concurrent.ThreadPoolExecutor.runWorker(ThreadPoolExecutor.java:1144)
INFO  org.evosuite.testcarver.extraction.CarvingManager - java.base/java.util.concurrent.ThreadPoolExecutor$Worker.run(ThreadPoolExecutor.java:642)
INFO  org.evosuite.testcarver.extraction.CarvingManager - java.base/java.lang.Thread.run(Thread.java:1583)
INFO  org.evosuite.testcarver.extraction.CarvingManager - DateConverter dateConverter0 = new DateConverter();
Class<Date> class0 = Date.class;
Object object0 = null;
// Undeclared exception!
try {
  dateConverter0.convert(class0, object0);
  fail("Expecting exception: ConversionException");

} catch(ConversionException e) {
   //
   // No value specified for 'Date'
   //
   verifyException("com.examples.with.different.packagename.testcarver.AbstractConverter", e);
}


INFO  org.evosuite.testcarver.extraction.CarvingManager - Chopping exception of carved test
INFO  org.evosuite.testcarver.extraction.CarvingManager - Exception thrown in carved test testInvalidType: {}
com.examples.with.different.packagename.testcarver.ConversionException: com.examples.with.different.packagename.testcarver.DateConverter cannot handle conversion to 'Character'
	at com.examples.with.different.packagename.testcarver.DateTimeConverter.toDate(DateTimeConverter.java:404)
	at com.examples.with.different.packagename.testcarver.DateTimeConverter.convertToType(DateTimeConverter.java:303)
	at com.examples.with.different.packagename.testcarver.AbstractConverter.convert(AbstractConverter.java:146)
	at java.base/jdk.internal.reflect.DirectMethodHandleAccessor.invoke(DirectMethodHandleAccessor.java:103)
	at java.base/java.lang.reflect.Method.invoke(Method.java:580)
	at org.evosuite.testcase.statements.MethodStatement$1.execute(MethodStatement.java:256)
	at org.evosuite.testcase.statements.AbstractStatement.exceptionHandler(AbstractStatement.java:165)
	at org.evosuite.testcase.statements.MethodStatement.execute(MethodStatement.java:220)
	at org.evosuite.testcase.execution.TestRunnable.executeStatements(TestRunnable.java:287)
	at org.evosuite.testcase.execution.TestRunnable.call(TestRunnable.java:193)
	at org.evosuite.testcase.execution.TestRunnable.call(TestRunnable.java:49)
	at java.base/java.util.concurrent.FutureTask.run(FutureTask.java:317)
	at java.base/java.util.concurrent.ThreadPoolExecutor.runWorker(ThreadPoolExecutor.java:1144)
	at java.base/java.util.concurrent.ThreadPoolExecutor$Worker.run(ThreadPoolExecutor.java:642)
	at java.base/java.lang.Thread.run(Thread.java:1583)
INFO  org.evosuite.testcarver.extraction.CarvingManager - com.examples.with.different.packagename.testcarver.DateTimeConverter.toDate(DateTimeConverter.java:404)
INFO  org.evosuite.testcarver.extraction.CarvingManager - com.examples.with.different.packagename.testcarver.DateTimeConverter.convertToType(DateTimeConverter.java:303)
INFO  org.evosuite.testcarver.extraction.CarvingManager - com.examples.with.different.packagename.testcarver.AbstractConverter.convert(AbstractConverter.java:146)
INFO  org.evosuite.testcarver.extraction.CarvingManager - java.base/jdk.internal.reflect.DirectMethodHandleAccessor.invoke(DirectMethodHandleAccessor.java:103)
INFO  org.evosuite.testcarver.extraction.CarvingManager - java.base/java.lang.reflect.Method.invoke(Method.java:580)
INFO  org.evosuite.testcarver.extraction.CarvingManager - org.evosuite.testcase.statements.MethodStatement$1.execute(MethodStatement.java:256)
INFO  org.evosuite.testcarver.extraction.CarvingManager - org.evosuite.testcase.statements.AbstractStatement.exceptionHandler(AbstractStatement.java:165)
INFO  org.evosuite.testcarver.extraction.CarvingManager - org.evosuite.testcase.statements.MethodStatement.execute(MethodStatement.java:220)
INFO  org.evosuite.testcarver.extraction.CarvingManager - org.evosuite.testcase.execution.TestRunnable.executeStatements(TestRunnable.java:287)
INFO  org.evosuite.testcarver.extraction.CarvingManager - org.evosuite.testcase.execution.TestRunnable.call(TestRunnable.java:193)
INFO  org.evosuite.testcarver.extraction.CarvingManager - org.evosuite.testcase.execution.TestRunnable.call(TestRunnable.java:49)
INFO  org.evosuite.testcarver.extraction.CarvingManager - java.base/java.util.concurrent.FutureTask.run(FutureTask.java:317)
INFO  org.evosuite.testcarver.extraction.CarvingManager - java.base/java.util.concurrent.ThreadPoolExecutor.runWorker(ThreadPoolExecutor.java:1144)
INFO  org.evosuite.testcarver.extraction.CarvingManager - java.base/java.util.concurrent.ThreadPoolExecutor$Worker.run(ThreadPoolExecutor.java:642)
INFO  org.evosuite.testcarver.extraction.CarvingManager - java.base/java.lang.Thread.run(Thread.java:1583)
INFO  org.evosuite.testcarver.extraction.CarvingManager - DateConverter dateConverter0 = new DateConverter();
Class<char> class0 = Character.class;
Date date0 = new Date();
// Undeclared exception!
try {
  dateConverter0.convert(class0, date0);
  fail("Expecting exception: ConversionException");

} catch(ConversionException e) {
   //
   // com.examples.with.different.packagename.testcarver.DateConverter cannot handle conversion to 'Character'
   //
   verifyException("com.examples.with.different.packagename.testcarver.DateTimeConverter", e);
}


INFO  org.evosuite.testcarver.extraction.CarvingManager - Chopping exception of carved test
INFO  org.evosuite.testcarver.extraction.CarvingManager - Adding carved test without exception
INFO  org.evosuite.testcarver.extraction.CarvingManager - long long0 = 946684800000L;
Date date0 = new Date(long0);
date0.getTime();
DateConverter dateConverter0 = new DateConverter(date0);
String string0 = "yyyy-MM-dd";
dateConverter0.setPattern(string0);
Class<Date> class0 = Date.class;
String string1 = "2006-10-29";
dateConverter0.convert(class0, string1);
Object object0 = null;
dateConverter0.convert(class0, object0);
String string2 = "";
dateConverter0.convert(class0, string2);
String string3 = "2006-10-2X";
dateConverter0.convert(class0, string3);
String string4 = "2006/10/01";
dateConverter0.convert(class0, string4);
String string5 = "02/10/06";
dateConverter0.convert(class0, string5);
int int0 = 2;
dateConverter0.convert(class0, int0);

INFO  org.evosuite.testcarver.extraction.CarvingManager - Exception thrown in carved test testDefaultStringToTypeConvert: {}
com.examples.with.different.packagename.testcarver.ConversionException: com.examples.with.different.packagename.testcarver.DateConverter does not support default String to 'Date' conversion.
	at com.examples.with.different.packagename.testcarver.DateTimeConverter.toDate(DateTimeConverter.java:459)
	at com.examples.with.different.packagename.testcarver.DateTimeConverter.convertToType(DateTimeConverter.java:341)
	at com.examples.with.different.packagename.testcarver.AbstractConverter.convert(AbstractConverter.java:146)
	at java.base/jdk.internal.reflect.DirectMethodHandleAccessor.invoke(DirectMethodHandleAccessor.java:103)
	at java.base/java.lang.reflect.Method.invoke(Method.java:580)
	at org.evosuite.testcase.statements.MethodStatement$1.execute(MethodStatement.java:256)
	at org.evosuite.testcase.statements.AbstractStatement.exceptionHandler(AbstractStatement.java:165)
	at org.evosuite.testcase.statements.MethodStatement.execute(MethodStatement.java:220)
	at org.evosuite.testcase.execution.TestRunnable.executeStatements(TestRunnable.java:287)
	at org.evosuite.testcase.execution.TestRunnable.call(TestRunnable.java:193)
	at org.evosuite.testcase.execution.TestRunnable.call(TestRunnable.java:49)
	at java.base/java.util.concurrent.FutureTask.run(FutureTask.java:317)
	at java.base/java.util.concurrent.ThreadPoolExecutor.runWorker(ThreadPoolExecutor.java:1144)
	at java.base/java.util.concurrent.ThreadPoolExecutor$Worker.run(ThreadPoolExecutor.java:642)
	at java.base/java.lang.Thread.run(Thread.java:1583)
INFO  org.evosuite.testcarver.extraction.CarvingManager - com.examples.with.different.packagename.testcarver.DateTimeConverter.toDate(DateTimeConverter.java:459)
INFO  org.evosuite.testcarver.extraction.CarvingManager - com.examples.with.different.packagename.testcarver.DateTimeConverter.convertToType(DateTimeConverter.java:341)
INFO  org.evosuite.testcarver.extraction.CarvingManager - com.examples.with.different.packagename.testcarver.AbstractConverter.convert(AbstractConverter.java:146)
INFO  org.evosuite.testcarver.extraction.CarvingManager - java.base/jdk.internal.reflect.DirectMethodHandleAccessor.invoke(DirectMethodHandleAccessor.java:103)
INFO  org.evosuite.testcarver.extraction.CarvingManager - java.base/java.lang.reflect.Method.invoke(Method.java:580)
INFO  org.evosuite.testcarver.extraction.CarvingManager - org.evosuite.testcase.statements.MethodStatement$1.execute(MethodStatement.java:256)
INFO  org.evosuite.testcarver.extraction.CarvingManager - org.evosuite.testcase.statements.AbstractStatement.exceptionHandler(AbstractStatement.java:165)
INFO  org.evosuite.testcarver.extraction.CarvingManager - org.evosuite.testcase.statements.MethodStatement.execute(MethodStatement.java:220)
INFO  org.evosuite.testcarver.extraction.CarvingManager - org.evosuite.testcase.execution.TestRunnable.executeStatements(TestRunnable.java:287)
INFO  org.evosuite.testcarver.extraction.CarvingManager - org.evosuite.testcase.execution.TestRunnable.call(TestRunnable.java:193)
INFO  org.evosuite.testcarver.extraction.CarvingManager - org.evosuite.testcase.execution.TestRunnable.call(TestRunnable.java:49)
INFO  org.evosuite.testcarver.extraction.CarvingManager - java.base/java.util.concurrent.FutureTask.run(FutureTask.java:317)
INFO  org.evosuite.testcarver.extraction.CarvingManager - java.base/java.util.concurrent.ThreadPoolExecutor.runWorker(ThreadPoolExecutor.java:1144)
INFO  org.evosuite.testcarver.extraction.CarvingManager - java.base/java.util.concurrent.ThreadPoolExecutor$Worker.run(ThreadPoolExecutor.java:642)
INFO  org.evosuite.testcarver.extraction.CarvingManager - java.base/java.lang.Thread.run(Thread.java:1583)
INFO  org.evosuite.testcarver.extraction.CarvingManager - DateConverter dateConverter0 = new DateConverter();
boolean boolean0 = false;
dateConverter0.setUseLocaleFormat(boolean0);
Class<Date> class0 = Date.class;
String string0 = "2006-10-23";
// Undeclared exception!
try {
  dateConverter0.convert(class0, string0);
  fail("Expecting exception: ConversionException");

} catch(ConversionException e) {
   //
   // com.examples.with.different.packagename.testcarver.DateConverter does not support default String to 'Date' conversion.
   //
   verifyException("com.examples.with.different.packagename.testcarver.DateTimeConverter", e);
}


INFO  org.evosuite.testcarver.extraction.CarvingManager - Chopping exception of carved test
INFO  org.evosuite.testcarver.extraction.CarvingManager - Adding carved test without exception
INFO  org.evosuite.testcarver.extraction.CarvingManager - DateConverter dateConverter0 = new DateConverter();
String string0 = "yyyy-MM-dd";
dateConverter0.setPattern(string0);
String string1 = "2006-10-29";
Class class0 = null;
dateConverter0.convert(class0, string1);

INFO  org.evosuite.testcarver.extraction.CarvingManager - Adding carved test without exception
INFO  org.evosuite.testcarver.extraction.CarvingManager - Object object0 = null;
DateConverter dateConverter0 = new DateConverter(object0);
String string0 = "yyyy-MM-dd";
dateConverter0.setPattern(string0);
Class<Date> class0 = Date.class;
String string1 = "2006-10-29";
dateConverter0.convert(class0, string1);
Object object1 = null;
dateConverter0.convert(class0, object1);
String string2 = "";
dateConverter0.convert(class0, string2);
String string3 = "2006-10-2X";
dateConverter0.convert(class0, string3);
String string4 = "2006/10/01";
dateConverter0.convert(class0, string4);
String string5 = "02/10/06";
dateConverter0.convert(class0, string5);
int int0 = 2;
dateConverter0.convert(class0, int0);

INFO  org.evosuite.testcarver.extraction.CarvingManager - Adding carved test without exception
INFO  org.evosuite.testcarver.extraction.CarvingManager - DateConverter dateConverter0 = new DateConverter();
String string0 = "yyyy-MM-dd";
dateConverter0.setPattern(string0);
Class<Date> class0 = Date.class;
String string1 = "2006-10-29";
dateConverter0.convert(class0, string1);
SimpleDateFormat simpleDateFormat0 = new SimpleDateFormat(string0);
boolean boolean0 = false;
simpleDateFormat0.setLenient(boolean0);
simpleDateFormat0.parse(string1);
GregorianCalendar gregorianCalendar0 = (GregorianCalendar)simpleDateFormat0.getCalendar();
gregorianCalendar0.getTime();
gregorianCalendar0.toString();
dateConverter0.convert(class0, gregorianCalendar0);
long long0 = 1162080000000L;
Date date0 = new Date(long0);
date0.toString();
dateConverter0.convert(class0, date0);
String string2 = "<sql-date>2006-10-29</sql-date>";
java.sql.Date date1 = (java.sql.Date)EvoSuiteXStream.fromString(string2);
dateConverter0.convert(class0, date1);

INFO  org.evosuite.testcarver.extraction.CarvingManager - Exception thrown in carved test testLocale: {}
com.examples.with.different.packagename.testcarver.ConversionException: No value specified for 'Date'
	at com.examples.with.different.packagename.testcarver.AbstractConverter.handleMissing(AbstractConverter.java:276)
	at com.examples.with.different.packagename.testcarver.AbstractConverter.convert(AbstractConverter.java:130)
	at java.base/jdk.internal.reflect.DirectMethodHandleAccessor.invoke(DirectMethodHandleAccessor.java:103)
	at java.base/java.lang.reflect.Method.invoke(Method.java:580)
	at org.evosuite.testcase.statements.MethodStatement$1.execute(MethodStatement.java:256)
	at org.evosuite.testcase.statements.AbstractStatement.exceptionHandler(AbstractStatement.java:165)
	at org.evosuite.testcase.statements.MethodStatement.execute(MethodStatement.java:220)
	at org.evosuite.testcase.execution.TestRunnable.executeStatements(TestRunnable.java:287)
	at org.evosuite.testcase.execution.TestRunnable.call(TestRunnable.java:193)
	at org.evosuite.testcase.execution.TestRunnable.call(TestRunnable.java:49)
	at java.base/java.util.concurrent.FutureTask.run(FutureTask.java:317)
	at java.base/java.util.concurrent.ThreadPoolExecutor.runWorker(ThreadPoolExecutor.java:1144)
	at java.base/java.util.concurrent.ThreadPoolExecutor$Worker.run(ThreadPoolExecutor.java:642)
	at java.base/java.lang.Thread.run(Thread.java:1583)
INFO  org.evosuite.testcarver.extraction.CarvingManager - com.examples.with.different.packagename.testcarver.AbstractConverter.handleMissing(AbstractConverter.java:276)
INFO  org.evosuite.testcarver.extraction.CarvingManager - com.examples.with.different.packagename.testcarver.AbstractConverter.convert(AbstractConverter.java:130)
INFO  org.evosuite.testcarver.extraction.CarvingManager - java.base/jdk.internal.reflect.DirectMethodHandleAccessor.invoke(DirectMethodHandleAccessor.java:103)
INFO  org.evosuite.testcarver.extraction.CarvingManager - java.base/java.lang.reflect.Method.invoke(Method.java:580)
INFO  org.evosuite.testcarver.extraction.CarvingManager - org.evosuite.testcase.statements.MethodStatement$1.execute(MethodStatement.java:256)
INFO  org.evosuite.testcarver.extraction.CarvingManager - org.evosuite.testcase.statements.AbstractStatement.exceptionHandler(AbstractStatement.java:165)
INFO  org.evosuite.testcarver.extraction.CarvingManager - org.evosuite.testcase.statements.MethodStatement.execute(MethodStatement.java:220)
INFO  org.evosuite.testcarver.extraction.CarvingManager - org.evosuite.testcase.execution.TestRunnable.executeStatements(TestRunnable.java:287)
INFO  org.evosuite.testcarver.extraction.CarvingManager - org.evosuite.testcase.execution.TestRunnable.call(TestRunnable.java:193)
INFO  org.evosuite.testcarver.extraction.CarvingManager - org.evosuite.testcase.execution.TestRunnable.call(TestRunnable.java:49)
INFO  org.evosuite.testcarver.extraction.CarvingManager - java.base/java.util.concurrent.FutureTask.run(FutureTask.java:317)
INFO  org.evosuite.testcarver.extraction.CarvingManager - java.base/java.util.concurrent.ThreadPoolExecutor.runWorker(ThreadPoolExecutor.java:1144)
INFO  org.evosuite.testcarver.extraction.CarvingManager - java.base/java.util.concurrent.ThreadPoolExecutor$Worker.run(ThreadPoolExecutor.java:642)
INFO  org.evosuite.testcarver.extraction.CarvingManager - java.base/java.lang.Thread.run(Thread.java:1583)
INFO  org.evosuite.testcarver.extraction.CarvingManager - DateConverter dateConverter0 = new DateConverter();
boolean boolean0 = true;
dateConverter0.setUseLocaleFormat(boolean0);
Class<Date> class0 = Date.class;
String string0 = "10/28/06";
dateConverter0.convert(class0, string0);
Object object0 = null;
// Undeclared exception!
try {
  dateConverter0.convert(class0, object0);
  fail("Expecting exception: ConversionException");

} catch(ConversionException e) {
   //
   // No value specified for 'Date'
   //
   verifyException("com.examples.with.different.packagename.testcarver.AbstractConverter", e);
}

String string1 = "";
dateConverter0.convert(class0, string1);
String string2 = "2006-10-2X";
dateConverter0.convert(class0, string2);
String string3 = "10.28.06";
dateConverter0.convert(class0, string3);
String string4 = "10-28-06";
dateConverter0.convert(class0, string4);
int int0 = 2;
dateConverter0.convert(class0, int0);

INFO  org.evosuite.testcarver.extraction.CarvingManager - Chopping exception of carved test
INFO  org.evosuite.testcarver.extraction.CarvingManager - Adding carved test without exception
INFO  org.evosuite.testcarver.extraction.CarvingManager - DateConverter dateConverter0 = new DateConverter();
String string0 = "yyyy-MM-dd";
dateConverter0.setPattern(string0);
Class<String> class0 = String.class;
long long0 = 1162080000000L;
Date date0 = new Date(long0);
date0.toString();
dateConverter0.convert(class0, date0);

INFO  org.evosuite.testcarver.extraction.CarvingManager - Exception thrown in carved test testMultiplePatterns: {}
com.examples.with.different.packagename.testcarver.ConversionException: Error converting 'String' to 'Date' using  patterns 'yyyy-MM-dd, yyyy/MM/dd'
	at com.examples.with.different.packagename.testcarver.DateTimeConverter.parse(DateTimeConverter.java:519)
	at com.examples.with.different.packagename.testcarver.DateTimeConverter.convertToType(DateTimeConverter.java:328)
	at com.examples.with.different.packagename.testcarver.AbstractConverter.convert(AbstractConverter.java:146)
	at java.base/jdk.internal.reflect.DirectMethodHandleAccessor.invoke(DirectMethodHandleAccessor.java:103)
	at java.base/java.lang.reflect.Method.invoke(Method.java:580)
	at org.evosuite.testcase.statements.MethodStatement$1.execute(MethodStatement.java:256)
	at org.evosuite.testcase.statements.AbstractStatement.exceptionHandler(AbstractStatement.java:165)
	at org.evosuite.testcase.statements.MethodStatement.execute(MethodStatement.java:220)
	at org.evosuite.testcase.execution.TestRunnable.executeStatements(TestRunnable.java:287)
	at org.evosuite.testcase.execution.TestRunnable.call(TestRunnable.java:193)
	at org.evosuite.testcase.execution.TestRunnable.call(TestRunnable.java:49)
	at java.base/java.util.concurrent.FutureTask.run(FutureTask.java:317)
	at java.base/java.util.concurrent.ThreadPoolExecutor.runWorker(ThreadPoolExecutor.java:1144)
	at java.base/java.util.concurrent.ThreadPoolExecutor$Worker.run(ThreadPoolExecutor.java:642)
	at java.base/java.lang.Thread.run(Thread.java:1583)
INFO  org.evosuite.testcarver.extraction.CarvingManager - com.examples.with.different.packagename.testcarver.DateTimeConverter.parse(DateTimeConverter.java:519)
INFO  org.evosuite.testcarver.extraction.CarvingManager - com.examples.with.different.packagename.testcarver.DateTimeConverter.convertToType(DateTimeConverter.java:328)
INFO  org.evosuite.testcarver.extraction.CarvingManager - com.examples.with.different.packagename.testcarver.AbstractConverter.convert(AbstractConverter.java:146)
INFO  org.evosuite.testcarver.extraction.CarvingManager - java.base/jdk.internal.reflect.DirectMethodHandleAccessor.invoke(DirectMethodHandleAccessor.java:103)
INFO  org.evosuite.testcarver.extraction.CarvingManager - java.base/java.lang.reflect.Method.invoke(Method.java:580)
INFO  org.evosuite.testcarver.extraction.CarvingManager - org.evosuite.testcase.statements.MethodStatement$1.execute(MethodStatement.java:256)
INFO  org.evosuite.testcarver.extraction.CarvingManager - org.evosuite.testcase.statements.AbstractStatement.exceptionHandler(AbstractStatement.java:165)
INFO  org.evosuite.testcarver.extraction.CarvingManager - org.evosuite.testcase.statements.MethodStatement.execute(MethodStatement.java:220)
INFO  org.evosuite.testcarver.extraction.CarvingManager - org.evosuite.testcase.execution.TestRunnable.executeStatements(TestRunnable.java:287)
INFO  org.evosuite.testcarver.extraction.CarvingManager - org.evosuite.testcase.execution.TestRunnable.call(TestRunnable.java:193)
INFO  org.evosuite.testcarver.extraction.CarvingManager - org.evosuite.testcase.execution.TestRunnable.call(TestRunnable.java:49)
INFO  org.evosuite.testcarver.extraction.CarvingManager - java.base/java.util.concurrent.FutureTask.run(FutureTask.java:317)
INFO  org.evosuite.testcarver.extraction.CarvingManager - java.base/java.util.concurrent.ThreadPoolExecutor.runWorker(ThreadPoolExecutor.java:1144)
INFO  org.evosuite.testcarver.extraction.CarvingManager - java.base/java.util.concurrent.ThreadPoolExecutor$Worker.run(ThreadPoolExecutor.java:642)
INFO  org.evosuite.testcarver.extraction.CarvingManager - java.base/java.lang.Thread.run(Thread.java:1583)
INFO  org.evosuite.testcarver.extraction.CarvingManager - DateConverter dateConverter0 = new DateConverter();
String string0 = "yyyy-MM-dd";
String string1 = "yyyy/MM/dd";
String[] stringArray0 = new String[2];
stringArray0[0] = string0;
stringArray0[1] = string1;
dateConverter0.setPatterns(stringArray0);
Class<Date> class0 = Date.class;
String string2 = "2006-10-28";
dateConverter0.convert(class0, string2);
String string3 = "2006/10/18";
dateConverter0.convert(class0, string3);
String string4 = "17/03/2006";
// Undeclared exception!
try {
  dateConverter0.convert(class0, string4);
  fail("Expecting exception: ConversionException");

} catch(ConversionException e) {
   //
   // Error converting 'String' to 'Date' using  patterns 'yyyy-MM-dd, yyyy/MM/dd'
   //
   verifyException("com.examples.with.different.packagename.testcarver.DateTimeConverter", e);
}

String string5 = "17.03.2006";
dateConverter0.convert(class0, string5);

INFO  org.evosuite.testcarver.extraction.CarvingManager - Chopping exception of carved test
INFO  evo_logger -  -> Carved 11 tests for class class com.examples.with.different.packagename.testcarver.DateConverter from existing JUnit tests
INFO  evo_logger - * Using 11 carved tests from existing JUnit tests for seeding
INFO  org.evosuite.coverage.branch.BranchCoverageSuiteFitness - Total branch coverage goals: 3
INFO  org.evosuite.coverage.branch.BranchCoverageSuiteFitness - Total branches: 0
INFO  org.evosuite.coverage.branch.BranchCoverageSuiteFitness - Total branchless methods: 3
INFO  org.evosuite.coverage.branch.BranchCoverageSuiteFitness - Total methods: 3: [com.examples.with.different.packagename.testcarver.DateConverter.getDefaultType()Ljava/lang/Class;, com.examples.with.different.packagename.testcarver.DateConverter.<init>(Ljava/lang/Object;)V, com.examples.with.different.packagename.testcarver.DateConverter.<init>()V]
INFO  org.evosuite.coverage.branch.BranchCoverageSuiteFitness - (Methods) Best individual covers 0/0 branches and 3/3 methods
INFO  org.evosuite.coverage.branch.BranchCoverageSuiteFitness - Fitness: 0.0, size: 11, length: 115
INFO  org.evosuite.coverage.branch.BranchCoverageSuiteFitness - (Fitness) Best individual covers 0/0 branches and 3/3 methods
INFO  org.evosuite.coverage.branch.BranchCoverageSuiteFitness - Fitness: 0.0, size: 11, length: 115
INFO  org.evosuite.TestGenerationContext - *** Resetting context
INFO  org.evosuite.testcase.execution.TestCaseExecutor - TestCaseExecutor instance is non-null, but its actual executor is null
INFO  org.evosuite.TestGenerationContext - *** Resetting context
INFO  org.evosuite.testcase.execution.TestCaseExecutor - TestCaseExecutor instance is non-null, but its actual executor is null
INFO  org.evosuite.instrumentation.InstrumentingClassLoader - Seeing class for first time: com.examples.with.different.packagename.testcarver.IntegerConverter
INFO  org.evosuite.instrumentation.BytecodeInstrumentation - Starting transformation of com/examples/with/different/packagename/testcarver/IntegerConverter
INFO  org.evosuite.instrumentation.testability.StringTransformation - Current method: <init>
INFO  org.evosuite.instrumentation.testability.StringTransformation - Current method: <init>
INFO  org.evosuite.instrumentation.testability.StringTransformation - Current method: getDefaultType
INFO  org.evosuite.runtime.instrumentation.MethodCallReplacementClassAdapter - Adding mock interface to class com/examples/with/different/packagename/testcarver/IntegerConverter
INFO  org.evosuite.graphs.cfg.CFGClassAdapter - Analyzing CFG of com/examples/with/different/packagename/testcarver/IntegerConverter
INFO  org.evosuite.graphs.cfg.CFGMethodAdapter - Analyzing method <init>()V in class com.examples.with.different.packagename.testcarver.IntegerConverter
INFO  org.evosuite.graphs.cfg.CFGMethodAdapter - Generating CFG for method <init>()V
INFO  org.evosuite.graphs.cfg.RawControlFlowGraph - Creating new RawCFG for com.examples.with.different.packagename.testcarver.IntegerConverter.<init>()V: 0
INFO  org.evosuite.graphs.cfg.CFGMethodAdapter - Created CFG for method <init>()V
INFO  org.evosuite.graphs.cfg.CFGMethodAdapter - Instrumenting method <init>()V in class com.examples.with.different.packagename.testcarver.IntegerConverter
INFO  org.evosuite.graphs.cfg.CFGClassAdapter - Analyzing CFG of com/examples/with/different/packagename/testcarver/IntegerConverter
INFO  org.evosuite.graphs.cfg.CFGMethodAdapter - Analyzing method <init>(Ljava/lang/Object;)V in class com.examples.with.different.packagename.testcarver.IntegerConverter
INFO  org.evosuite.graphs.cfg.CFGMethodAdapter - Generating CFG for method <init>(Ljava/lang/Object;)V
INFO  org.evosuite.graphs.cfg.RawControlFlowGraph - Creating new RawCFG for com.examples.with.different.packagename.testcarver.IntegerConverter.<init>(Ljava/lang/Object;)V: 0
INFO  org.evosuite.graphs.cfg.CFGMethodAdapter - Created CFG for method <init>(Ljava/lang/Object;)V
INFO  org.evosuite.graphs.cfg.CFGMethodAdapter - Instrumenting method <init>(Ljava/lang/Object;)V in class com.examples.with.different.packagename.testcarver.IntegerConverter
INFO  org.evosuite.graphs.cfg.CFGClassAdapter - Analyzing CFG of com/examples/with/different/packagename/testcarver/IntegerConverter
INFO  org.evosuite.graphs.cfg.CFGMethodAdapter - Analyzing method getDefaultType()Ljava/lang/Class; in class com.examples.with.different.packagename.testcarver.IntegerConverter
INFO  org.evosuite.graphs.cfg.CFGMethodAdapter - Generating CFG for method getDefaultType()Ljava/lang/Class;
INFO  org.evosuite.graphs.cfg.RawControlFlowGraph - Creating new RawCFG for com.examples.with.different.packagename.testcarver.IntegerConverter.getDefaultType()Ljava/lang/Class;: 0
INFO  org.evosuite.graphs.cfg.CFGMethodAdapter - Created CFG for method getDefaultType()Ljava/lang/Class;
INFO  org.evosuite.graphs.cfg.CFGMethodAdapter - Instrumenting method getDefaultType()Ljava/lang/Class; in class com.examples.with.different.packagename.testcarver.IntegerConverter
INFO  org.evosuite.runtime.instrumentation.CreateClassResetClassAdapter - Creating brand-new static initializer in class com/examples/with/different/packagename/testcarver/IntegerConverter
INFO  org.evosuite.instrumentation.InstrumentingClassLoader - Seeing class for first time: com.examples.with.different.packagename.testcarver.NumberConverter
INFO  org.evosuite.instrumentation.BytecodeInstrumentation - Starting transformation of com/examples/with/different/packagename/testcarver/NumberConverter
INFO  org.evosuite.runtime.instrumentation.MethodCallReplacementClassAdapter - Adding mock interface to class com/examples/with/different/packagename/testcarver/NumberConverter
INFO  org.evosuite.runtime.instrumentation.CreateClassResetClassAdapter - Found static initializer in class com/examples/with/different/packagename/testcarver/NumberConverter
INFO  org.evosuite.instrumentation.InstrumentingClassLoader - Seeing class for first time: com.examples.with.different.packagename.testcarver.AbstractConverter
INFO  org.evosuite.instrumentation.BytecodeInstrumentation - Starting transformation of com/examples/with/different/packagename/testcarver/AbstractConverter
INFO  org.evosuite.runtime.instrumentation.MethodCallReplacementClassAdapter - Adding mock interface to class com/examples/with/different/packagename/testcarver/AbstractConverter
INFO  org.evosuite.instrumentation.EndOfClassInitializerVisitor - Creating <clinit> in class com/examples/with/different/packagename/testcarver/AbstractConverter
INFO  org.evosuite.runtime.instrumentation.CreateClassResetClassAdapter - Found static initializer in class com/examples/with/different/packagename/testcarver/AbstractConverter
INFO  org.evosuite.instrumentation.InstrumentingClassLoader - Seeing class for first time: com.examples.with.different.packagename.testcarver.Converter
INFO  org.evosuite.instrumentation.BytecodeInstrumentation - Starting transformation of com/examples/with/different/packagename/testcarver/Converter
INFO  org.evosuite.instrumentation.InstrumentingClassLoader - Loaded class: com.examples.with.different.packagename.testcarver.Converter
INFO  org.evosuite.instrumentation.InstrumentingClassLoader - Loaded class: com.examples.with.different.packagename.testcarver.AbstractConverter
INFO  org.evosuite.instrumentation.InstrumentingClassLoader - Loaded class: com.examples.with.different.packagename.testcarver.NumberConverter
INFO  org.evosuite.instrumentation.InstrumentingClassLoader - Loaded class: com.examples.with.different.packagename.testcarver.IntegerConverter
INFO  evo_logger - * Executing tests from 1 test class for carving
INFO  org.evosuite.testcarver.extraction.CarvingClassLoader - Seeing class for first time: com.examples.with.different.packagename.testcarver.IntegerConverter
WARN  org.evosuite.testcarver.extraction.CarvingClassLoader - Instrumenting class 'com.examples.with.different.packagename.testcarver.IntegerConverter'.
INFO  org.evosuite.testcarver.instrument.Instrumenter - Checking package com.examples.with.different.packagename.testcarver for class com/examples/with/different/packagename/testcarver/IntegerConverter
// class version 52.0 (52)
// access flags 0x31
public final class com/examples/with/different/packagename/testcarver/IntegerConverter extends com/examples/with/different/packagename/testcarver/NumberConverter {

  // compiled from: IntegerConverter.java

  // access flags 0x2
  private _sw_prototype_original_init_sw_prototype_original_()V
    ALOAD 0
    INVOKESTATIC org/evosuite/testcarver/capture/FieldRegistry.register (Ljava/lang/Object;)V
   L0
    LINENUMBER 46 L0
    RETURN
   L1
    LOCALVARIABLE this Lcom/examples/with/different/packagename/testcarver/IntegerConverter; L2 L1 0
    MAXSTACK = 6
    MAXLOCALS = 1

  // access flags 0x2
  private _sw_prototype_original_init_sw_prototype_original_(Ljava/lang/Object;)V
    ALOAD 0
    INVOKESTATIC org/evosuite/testcarver/capture/FieldRegistry.register (Ljava/lang/Object;)V
   L0
    LINENUMBER 58 L0
    RETURN
   L1
    LOCALVARIABLE this Lcom/examples/with/different/packagename/testcarver/IntegerConverter; L2 L1 0
    LOCALVARIABLE defaultValue Ljava/lang/Object; L2 L1 1
    MAXSTACK = 7
    MAXLOCALS = 2

  // access flags 0x4
  protected getDefaultType()Ljava/lang/Class;
   L0
    LINENUMBER 67 L0
    LDC Ljava/lang/Integer;.class
    ARETURN
   L1
    LOCALVARIABLE this Lcom/examples/with/different/packagename/testcarver/IntegerConverter; L0 L1 0
    MAXSTACK = 1
    MAXLOCALS = 1

  // access flags 0x1
  public <init>()V
    TRYCATCHBLOCK L0 L1 L1 java/lang/Throwable
   L2
    LINENUMBER 45 L2
    ALOAD 0
    ICONST_0
    INVOKESPECIAL com/examples/with/different/packagename/testcarver/NumberConverter.<init> (Z)V
   L0
    LDC -2147483644
    ALOAD 0
    LDC "<init>"
    LDC "()V"
    BIPUSH 0
    ANEWARRAY java/lang/Object
    INVOKESTATIC org/evosuite/testcarver/capture/Capturer.capture (ILjava/lang/Object;Ljava/lang/String;Ljava/lang/String;[Ljava/lang/Object;)V
    ALOAD 0
    INVOKEVIRTUAL com/examples/with/different/packagename/testcarver/IntegerConverter._sw_prototype_original_init_sw_prototype_original_ ()V
    GOTO L3
   L1
   FRAME SAME1 java/lang/Throwable
    ASTORE 1
    LDC -2147483644
    ALOAD 0
    GETSTATIC org/evosuite/testcarver/capture/CaptureLog.RETURN_TYPE_VOID : Ljava/lang/Object;
    INVOKESTATIC org/evosuite/testcarver/capture/Capturer.enable (ILjava/lang/Object;Ljava/lang/Object;)V
    ALOAD 1
    ATHROW
   L3
   FRAME SAME
    LDC -2147483644
    ALOAD 0
    GETSTATIC org/evosuite/testcarver/capture/CaptureLog.RETURN_TYPE_VOID : Ljava/lang/Object;
    INVOKESTATIC org/evosuite/testcarver/capture/Capturer.enable (ILjava/lang/Object;Ljava/lang/Object;)V
    RETURN
    MAXSTACK = 6
    MAXLOCALS = 0

  // access flags 0x1
  public <init>(Ljava/lang/Object;)V
    TRYCATCHBLOCK L0 L1 L1 java/lang/Throwable
   L2
    LINENUMBER 57 L2
    ALOAD 0
    ICONST_0
    ALOAD 1
    INVOKESPECIAL com/examples/with/different/packagename/testcarver/NumberConverter.<init> (ZLjava/lang/Object;)V
   L0
    LDC -2147483643
    ALOAD 0
    LDC "<init>"
    LDC "(Ljava/lang/Object;)V"
    BIPUSH 1
    ANEWARRAY java/lang/Object
    DUP
    BIPUSH 0
    ALOAD 1
    AASTORE
    INVOKESTATIC org/evosuite/testcarver/capture/Capturer.capture (ILjava/lang/Object;Ljava/lang/String;Ljava/lang/String;[Ljava/lang/Object;)V
    ALOAD 0
    ALOAD 1
    INVOKEVIRTUAL com/examples/with/different/packagename/testcarver/IntegerConverter._sw_prototype_original_init_sw_prototype_original_ (Ljava/lang/Object;)V
    GOTO L3
   L1
   FRAME SAME1 java/lang/Throwable
    ASTORE 2
    LDC -2147483643
    ALOAD 0
    GETSTATIC org/evosuite/testcarver/capture/CaptureLog.RETURN_TYPE_VOID : Ljava/lang/Object;
    INVOKESTATIC org/evosuite/testcarver/capture/Capturer.enable (ILjava/lang/Object;Ljava/lang/Object;)V
    ALOAD 2
    ATHROW
   L3
   FRAME SAME
    LDC -2147483643
    ALOAD 0
    GETSTATIC org/evosuite/testcarver/capture/CaptureLog.RETURN_TYPE_VOID : Ljava/lang/Object;
    INVOKESTATIC org/evosuite/testcarver/capture/Capturer.enable (ILjava/lang/Object;Ljava/lang/Object;)V
    RETURN
    MAXSTACK = 7
    MAXLOCALS = 0
}
INFO  org.evosuite.testcarver.extraction.CarvingClassLoader - Seeing class for first time: com.examples.with.different.packagename.testcarver.NumberConverter
WARN  org.evosuite.testcarver.extraction.CarvingClassLoader - Instrumenting class 'com.examples.with.different.packagename.testcarver.NumberConverter'.
INFO  org.evosuite.testcarver.instrument.Instrumenter - Checking package com.examples.with.different.packagename.testcarver for class com/examples/with/different/packagename/testcarver/NumberConverter
// class version 52.0 (52)
// access flags 0x421
public abstract class com/examples/with/different/packagename/testcarver/NumberConverter extends com/examples/with/different/packagename/testcarver/AbstractConverter {

  // compiled from: NumberConverter.java

  // access flags 0x1A
  private final static Ljava/lang/Integer; ZERO

  // access flags 0x1A
  private final static Ljava/lang/Integer; ONE

  // access flags 0x2
  private Ljava/lang/String; pattern

  // access flags 0x2
  private Z allowDecimals

  // access flags 0x2
  private Z useLocaleFormat

  // access flags 0x2
  private Ljava/util/Locale; locale

  // access flags 0x1
  public <init>(Z)V
   L0
    LINENUMBER 107 L0
    ALOAD 0
    INVOKESPECIAL com/examples/with/different/packagename/testcarver/AbstractConverter.<init> ()V
   L1
    LINENUMBER 108 L1
    ALOAD 0
    ILOAD 1
    PUTFIELD com/examples/with/different/packagename/testcarver/NumberConverter.allowDecimals : Z
   L2
    LINENUMBER 109 L2
    RETURN
   L3
    LOCALVARIABLE this Lcom/examples/with/different/packagename/testcarver/NumberConverter; L0 L3 0
    LOCALVARIABLE allowDecimals Z L0 L3 1
    MAXSTACK = 2
    MAXLOCALS = 2

  // access flags 0x1
  public <init>(ZLjava/lang/Object;)V
   L0
    LINENUMBER 119 L0
    ALOAD 0
    INVOKESPECIAL com/examples/with/different/packagename/testcarver/AbstractConverter.<init> ()V
   L1
    LINENUMBER 120 L1
    ALOAD 0
    ILOAD 1
    PUTFIELD com/examples/with/different/packagename/testcarver/NumberConverter.allowDecimals : Z
   L2
    LINENUMBER 121 L2
    ALOAD 0
    ALOAD 2
    INVOKEVIRTUAL com/examples/with/different/packagename/testcarver/NumberConverter.setDefaultValue (Ljava/lang/Object;)V
   L3
    LINENUMBER 122 L3
    RETURN
   L4
    LOCALVARIABLE this Lcom/examples/with/different/packagename/testcarver/NumberConverter; L0 L4 0
    LOCALVARIABLE allowDecimals Z L0 L4 1
    LOCALVARIABLE defaultValue Ljava/lang/Object; L0 L4 2
    MAXSTACK = 2
    MAXLOCALS = 3

  // access flags 0x2
  private _sw_prototype_original_isAllowDecimals()Z
   L0
    LINENUMBER 132 L0
    ALOAD 0
    DUP
    GETFIELD com/examples/with/different/packagename/testcarver/NumberConverter.allowDecimals : Z
    SWAP
    LDC -2147483642
    LDC "com/examples/with/different/packagename/testcarver/NumberConverter"
    LDC "allowDecimals"
    LDC "Z"
    INVOKESTATIC org/evosuite/testcarver/capture/FieldRegistry.notifyReadAccess (Ljava/lang/Object;ILjava/lang/String;Ljava/lang/String;Ljava/lang/String;)V
    IRETURN
   L1
    LOCALVARIABLE this Lcom/examples/with/different/packagename/testcarver/NumberConverter; L0 L1 0
    MAXSTACK = 5
    MAXLOCALS = 1

  // access flags 0x2
  private _sw_prototype_original_setUseLocaleFormat(Z)V
   L0
    LINENUMBER 143 L0
    ALOAD 0
    ILOAD 1
    DUP2
    PUTFIELD com/examples/with/different/packagename/testcarver/NumberConverter.useLocaleFormat : Z
    POP
    LDC -2147483640
    LDC "com/examples/with/different/packagename/testcarver/NumberConverter"
    LDC "useLocaleFormat"
    LDC "Z"
    INVOKESTATIC org/evosuite/testcarver/capture/FieldRegistry.notifyModification (Ljava/lang/Object;ILjava/lang/String;Ljava/lang/String;Ljava/lang/String;)V
   L1
    LINENUMBER 144 L1
    RETURN
   L2
    LOCALVARIABLE this Lcom/examples/with/different/packagename/testcarver/NumberConverter; L0 L2 0
    LOCALVARIABLE useLocaleFormat Z L0 L2 1
    MAXSTACK = 6
    MAXLOCALS = 2

  // access flags 0x2
  private _sw_prototype_original_getPattern()Ljava/lang/String;
   L0
    LINENUMBER 157 L0
    ALOAD 0
    DUP
    GETFIELD com/examples/with/different/packagename/testcarver/NumberConverter.pattern : Ljava/lang/String;
    SWAP
    LDC -2147483637
    LDC "com/examples/with/different/packagename/testcarver/NumberConverter"
    LDC "pattern"
    LDC "Ljava/lang/String;"
    INVOKESTATIC org/evosuite/testcarver/capture/FieldRegistry.notifyReadAccess (Ljava/lang/Object;ILjava/lang/String;Ljava/lang/String;Ljava/lang/String;)V
    ARETURN
   L1
    LOCALVARIABLE this Lcom/examples/with/different/packagename/testcarver/NumberConverter; L0 L1 0
    MAXSTACK = 5
    MAXLOCALS = 1

  // access flags 0x2
  private _sw_prototype_original_setPattern(Ljava/lang/String;)V
   L0
    LINENUMBER 170 L0
    ALOAD 0
    ALOAD 1
    DUP2
    PUTFIELD com/examples/with/different/packagename/testcarver/NumberConverter.pattern : Ljava/lang/String;
    POP
    LDC -2147483635
    LDC "com/examples/with/different/packagename/testcarver/NumberConverter"
    LDC "pattern"
    LDC "Ljava/lang/String;"
    INVOKESTATIC org/evosuite/testcarver/capture/FieldRegistry.notifyModification (Ljava/lang/Object;ILjava/lang/String;Ljava/lang/String;Ljava/lang/String;)V
   L1
    LINENUMBER 171 L1
    ALOAD 0
    ICONST_1
    INVOKEVIRTUAL com/examples/with/different/packagename/testcarver/NumberConverter.setUseLocaleFormat (Z)V
   L2
    LINENUMBER 172 L2
    RETURN
   L3
    LOCALVARIABLE this Lcom/examples/with/different/packagename/testcarver/NumberConverter; L0 L3 0
    LOCALVARIABLE pattern Ljava/lang/String; L0 L3 1
    MAXSTACK = 6
    MAXLOCALS = 2

  // access flags 0x2
  private _sw_prototype_original_getLocale()Ljava/util/Locale;
   L0
    LINENUMBER 181 L0
    ALOAD 0
    DUP
    GETFIELD com/examples/with/different/packagename/testcarver/NumberConverter.locale : Ljava/util/Locale;
    SWAP
    LDC -2147483632
    LDC "com/examples/with/different/packagename/testcarver/NumberConverter"
    LDC "locale"
    LDC "Ljava/util/Locale;"
    INVOKESTATIC org/evosuite/testcarver/capture/FieldRegistry.notifyReadAccess (Ljava/lang/Object;ILjava/lang/String;Ljava/lang/String;Ljava/lang/String;)V
    ARETURN
   L1
    LOCALVARIABLE this Lcom/examples/with/different/packagename/testcarver/NumberConverter; L0 L1 0
    MAXSTACK = 5
    MAXLOCALS = 1

  // access flags 0x2
  private _sw_prototype_original_setLocale(Ljava/util/Locale;)V
   L0
    LINENUMBER 190 L0
    ALOAD 0
    ALOAD 1
    DUP2
    PUTFIELD com/examples/with/different/packagename/testcarver/NumberConverter.locale : Ljava/util/Locale;
    POP
    LDC -2147483630
    LDC "com/examples/with/different/packagename/testcarver/NumberConverter"
    LDC "locale"
    LDC "Ljava/util/Locale;"
    INVOKESTATIC org/evosuite/testcarver/capture/FieldRegistry.notifyModification (Ljava/lang/Object;ILjava/lang/String;Ljava/lang/String;Ljava/lang/String;)V
   L1
    LINENUMBER 191 L1
    ALOAD 0
    ICONST_1
    INVOKEVIRTUAL com/examples/with/different/packagename/testcarver/NumberConverter.setUseLocaleFormat (Z)V
   L2
    LINENUMBER 192 L2
    RETURN
   L3
    LOCALVARIABLE this Lcom/examples/with/different/packagename/testcarver/NumberConverter; L0 L3 0
    LOCALVARIABLE locale Ljava/util/Locale; L0 L3 1
    MAXSTACK = 6
    MAXLOCALS = 2

  // access flags 0x4
  protected convertToString(Ljava/lang/Object;)Ljava/lang/String; throws java/lang/Throwable
   L0
    LINENUMBER 205 L0
    ACONST_NULL
    ASTORE 2
   L1
    LINENUMBER 206 L1
    ALOAD 0
    GETFIELD com/examples/with/different/packagename/testcarver/NumberConverter.useLocaleFormat : Z
    IFEQ L2
    ALOAD 1
    INSTANCEOF java/lang/Number
    IFEQ L2
   L3
    LINENUMBER 207 L3
    ALOAD 0
    INVOKESPECIAL com/examples/with/different/packagename/testcarver/NumberConverter.getFormat ()Ljava/text/NumberFormat;
    ASTORE 3
   L4
    LINENUMBER 208 L4
    ALOAD 3
    ICONST_0
    INVOKEVIRTUAL java/text/NumberFormat.setGroupingUsed (Z)V
   L5
    LINENUMBER 209 L5
    ALOAD 3
    ALOAD 1
    INVOKEVIRTUAL java/text/NumberFormat.format (Ljava/lang/Object;)Ljava/lang/String;
    ASTORE 2
   L6
    LINENUMBER 210 L6
    GOTO L7
   L2
    LINENUMBER 211 L2
    ALOAD 1
    INVOKEVIRTUAL java/lang/Object.toString ()Ljava/lang/String;
    ASTORE 2
   L7
    LINENUMBER 213 L7
    ALOAD 2
    ARETURN
   L8
    LOCALVARIABLE format Ljava/text/NumberFormat; L4 L6 3
    LOCALVARIABLE this Lcom/examples/with/different/packagename/testcarver/NumberConverter; L0 L8 0
    LOCALVARIABLE value Ljava/lang/Object; L0 L8 1
    LOCALVARIABLE result Ljava/lang/String; L1 L8 2
    MAXSTACK = 2
    MAXLOCALS = 4

  // access flags 0x4
  protected convertToType(Ljava/lang/Class;Ljava/lang/Object;)Ljava/lang/Object; throws java/lang/Throwable
   L0
    LINENUMBER 228 L0
    ALOAD 2
    INVOKEVIRTUAL java/lang/Object.getClass ()Ljava/lang/Class;
    ASTORE 3
   L1
    LINENUMBER 230 L1
    ALOAD 2
    INSTANCEOF java/lang/Number
    IFEQ L2
   L3
    LINENUMBER 231 L3
    ALOAD 0
    ALOAD 3
    ALOAD 1
    ALOAD 2
    CHECKCAST java/lang/Number
    INVOKESPECIAL com/examples/with/different/packagename/testcarver/NumberConverter.toNumber (Ljava/lang/Class;Ljava/lang/Class;Ljava/lang/Number;)Ljava/lang/Number;
    ARETURN
   L2
    LINENUMBER 235 L2
    ALOAD 2
    INSTANCEOF java/lang/Boolean
    IFEQ L4
   L5
    LINENUMBER 236 L5
    ALOAD 0
    ALOAD 3
    ALOAD 1
    ALOAD 2
    CHECKCAST java/lang/Boolean
    INVOKEVIRTUAL java/lang/Boolean.booleanValue ()Z
    IFEQ L6
    GETSTATIC com/examples/with/different/packagename/testcarver/NumberConverter.ONE : Ljava/lang/Integer;
    GOTO L7
   L6
    GETSTATIC com/examples/with/different/packagename/testcarver/NumberConverter.ZERO : Ljava/lang/Integer;
   L7
    INVOKESPECIAL com/examples/with/different/packagename/testcarver/NumberConverter.toNumber (Ljava/lang/Class;Ljava/lang/Class;Ljava/lang/Number;)Ljava/lang/Number;
    ARETURN
   L4
    LINENUMBER 240 L4
    ALOAD 2
    INSTANCEOF java/util/Date
    IFEQ L8
    LDC Ljava/lang/Long;.class
    ALOAD 1
    INVOKEVIRTUAL java/lang/Object.equals (Ljava/lang/Object;)Z
    IFEQ L8
   L9
    LINENUMBER 241 L9
    ALOAD 2
    CHECKCAST org/evosuite/testcarver/wrapper/java/util/Date
    INVOKEVIRTUAL java/util/Date.getTime ()J
    INVOKESTATIC java/lang/Long.valueOf (J)Ljava/lang/Long;
    ARETURN
   L8
    LINENUMBER 245 L8
    ALOAD 2
    INSTANCEOF java/util/Calendar
    IFEQ L10
    LDC Ljava/lang/Long;.class
    ALOAD 1
    INVOKEVIRTUAL java/lang/Object.equals (Ljava/lang/Object;)Z
    IFEQ L10
   L11
    LINENUMBER 246 L11
    ALOAD 2
    CHECKCAST org/evosuite/testcarver/wrapper/java/util/Calendar
    INVOKESTATIC org/evosuite/testcarver/wrapper/java/util/Calendar.getTime (Ljava/util/Calendar;)Ljava/util/Date;
    INVOKEVIRTUAL java/util/Date.getTime ()J
    INVOKESTATIC java/lang/Long.valueOf (J)Ljava/lang/Long;
    ARETURN
   L10
    LINENUMBER 250 L10
    ALOAD 2
    INVOKEVIRTUAL java/lang/Object.toString ()Ljava/lang/String;
    INVOKEVIRTUAL java/lang/String.trim ()Ljava/lang/String;
    ASTORE 4
   L12
    LINENUMBER 251 L12
    ALOAD 4
    INVOKEVIRTUAL java/lang/String.length ()I
    IFNE L13
   L14
    LINENUMBER 252 L14
    ALOAD 0
    ALOAD 1
    INVOKEVIRTUAL com/examples/with/different/packagename/testcarver/NumberConverter.handleMissing (Ljava/lang/Class;)Ljava/lang/Object;
    ARETURN
   L13
    LINENUMBER 256 L13
    ACONST_NULL
    ASTORE 5
   L15
    LINENUMBER 257 L15
    ALOAD 0
    GETFIELD com/examples/with/different/packagename/testcarver/NumberConverter.useLocaleFormat : Z
    IFEQ L16
   L17
    LINENUMBER 258 L17
    ALOAD 0
    INVOKESPECIAL com/examples/with/different/packagename/testcarver/NumberConverter.getFormat ()Ljava/text/NumberFormat;
    ASTORE 6
   L18
    LINENUMBER 259 L18
    ALOAD 0
    ALOAD 3
    ALOAD 1
    ALOAD 4
    ALOAD 6
    INVOKESPECIAL com/examples/with/different/packagename/testcarver/NumberConverter.parse (Ljava/lang/Class;Ljava/lang/Class;Ljava/lang/String;Ljava/text/NumberFormat;)Ljava/lang/Number;
    ASTORE 5
   L19
    LINENUMBER 260 L19
    GOTO L20
   L16
    LINENUMBER 261 L16
    ALOAD 0
    ALOAD 3
    ALOAD 1
    ALOAD 4
    INVOKESPECIAL com/examples/with/different/packagename/testcarver/NumberConverter.toNumber (Ljava/lang/Class;Ljava/lang/Class;Ljava/lang/String;)Ljava/lang/Number;
    ASTORE 5
   L20
    LINENUMBER 265 L20
    ALOAD 0
    ALOAD 3
    ALOAD 1
    ALOAD 5
    INVOKESPECIAL com/examples/with/different/packagename/testcarver/NumberConverter.toNumber (Ljava/lang/Class;Ljava/lang/Class;Ljava/lang/Number;)Ljava/lang/Number;
    ARETURN
   L21
    LOCALVARIABLE format Ljava/text/NumberFormat; L18 L19 6
    LOCALVARIABLE this Lcom/examples/with/different/packagename/testcarver/NumberConverter; L0 L21 0
    LOCALVARIABLE targetType Ljava/lang/Class; L0 L21 1
    LOCALVARIABLE value Ljava/lang/Object; L0 L21 2
    LOCALVARIABLE sourceType Ljava/lang/Class; L1 L21 3
    LOCALVARIABLE stringValue Ljava/lang/String; L12 L21 4
    LOCALVARIABLE number Ljava/lang/Number; L15 L21 5
    MAXSTACK = 5
    MAXLOCALS = 7

  // access flags 0x2
  private toNumber(Ljava/lang/Class;Ljava/lang/Class;Ljava/lang/Number;)Ljava/lang/Number;
   L0
    LINENUMBER 293 L0
    ALOAD 2
    ALOAD 3
    INVOKEVIRTUAL java/lang/Object.getClass ()Ljava/lang/Class;
    INVOKEVIRTUAL java/lang/Object.equals (Ljava/lang/Object;)Z
    IFEQ L1
   L2
    LINENUMBER 294 L2
    ALOAD 3
    ARETURN
   L1
    LINENUMBER 298 L1
    ALOAD 2
    LDC Ljava/lang/Byte;.class
    INVOKEVIRTUAL java/lang/Object.equals (Ljava/lang/Object;)Z
    IFEQ L3
   L4
    LINENUMBER 299 L4
    ALOAD 3
    INVOKEVIRTUAL java/lang/Number.longValue ()J
    LSTORE 4
   L5
    LINENUMBER 300 L5
    LLOAD 4
    LDC 127L
    LCMP
    IFLE L6
   L7
    LINENUMBER 301 L7
    NEW com/examples/with/different/packagename/testcarver/ConversionException
    DUP
    NEW java/lang/StringBuilder
    DUP
    INVOKESPECIAL java/lang/StringBuilder.<init> ()V
    ALOAD 0
    ALOAD 1
    INVOKEVIRTUAL com/examples/with/different/packagename/testcarver/NumberConverter.toString (Ljava/lang/Class;)Ljava/lang/String;
    INVOKEVIRTUAL java/lang/StringBuilder.append (Ljava/lang/String;)Ljava/lang/StringBuilder;
    LDC " value '"
    INVOKEVIRTUAL java/lang/StringBuilder.append (Ljava/lang/String;)Ljava/lang/StringBuilder;
    ALOAD 3
    INVOKEVIRTUAL java/lang/StringBuilder.append (Ljava/lang/Object;)Ljava/lang/StringBuilder;
    LDC "' is too large for "
    INVOKEVIRTUAL java/lang/StringBuilder.append (Ljava/lang/String;)Ljava/lang/StringBuilder;
    ALOAD 0
    ALOAD 2
   L8
    LINENUMBER 302 L8
    INVOKEVIRTUAL com/examples/with/different/packagename/testcarver/NumberConverter.toString (Ljava/lang/Class;)Ljava/lang/String;
    INVOKEVIRTUAL java/lang/StringBuilder.append (Ljava/lang/String;)Ljava/lang/StringBuilder;
    INVOKEVIRTUAL java/lang/StringBuilder.toString ()Ljava/lang/String;
    INVOKESPECIAL com/examples/with/different/packagename/testcarver/ConversionException.<init> (Ljava/lang/String;)V
    ATHROW
   L6
    LINENUMBER 304 L6
    LLOAD 4
    LDC -128L
    LCMP
    IFGE L9
   L10
    LINENUMBER 305 L10
    NEW com/examples/with/different/packagename/testcarver/ConversionException
    DUP
    NEW java/lang/StringBuilder
    DUP
    INVOKESPECIAL java/lang/StringBuilder.<init> ()V
    ALOAD 0
    ALOAD 1
    INVOKEVIRTUAL com/examples/with/different/packagename/testcarver/NumberConverter.toString (Ljava/lang/Class;)Ljava/lang/String;
    INVOKEVIRTUAL java/lang/StringBuilder.append (Ljava/lang/String;)Ljava/lang/StringBuilder;
    LDC " value '"
    INVOKEVIRTUAL java/lang/StringBuilder.append (Ljava/lang/String;)Ljava/lang/StringBuilder;
    ALOAD 3
    INVOKEVIRTUAL java/lang/StringBuilder.append (Ljava/lang/Object;)Ljava/lang/StringBuilder;
    LDC "' is too small "
    INVOKEVIRTUAL java/lang/StringBuilder.append (Ljava/lang/String;)Ljava/lang/StringBuilder;
    ALOAD 0
    ALOAD 2
   L11
    LINENUMBER 306 L11
    INVOKEVIRTUAL com/examples/with/different/packagename/testcarver/NumberConverter.toString (Ljava/lang/Class;)Ljava/lang/String;
    INVOKEVIRTUAL java/lang/StringBuilder.append (Ljava/lang/String;)Ljava/lang/StringBuilder;
    INVOKEVIRTUAL java/lang/StringBuilder.toString ()Ljava/lang/String;
    INVOKESPECIAL com/examples/with/different/packagename/testcarver/ConversionException.<init> (Ljava/lang/String;)V
    ATHROW
   L9
    LINENUMBER 308 L9
    ALOAD 3
    INVOKEVIRTUAL java/lang/Number.byteValue ()B
    INVOKESTATIC java/lang/Byte.valueOf (B)Ljava/lang/Byte;
    ARETURN
   L3
    LINENUMBER 312 L3
    ALOAD 2
    LDC Ljava/lang/Short;.class
    INVOKEVIRTUAL java/lang/Object.equals (Ljava/lang/Object;)Z
    IFEQ L12
   L13
    LINENUMBER 313 L13
    ALOAD 3
    INVOKEVIRTUAL java/lang/Number.longValue ()J
    LSTORE 4
   L14
    LINENUMBER 314 L14
    LLOAD 4
    LDC 32767L
    LCMP
    IFLE L15
   L16
    LINENUMBER 315 L16
    NEW com/examples/with/different/packagename/testcarver/ConversionException
    DUP
    NEW java/lang/StringBuilder
    DUP
    INVOKESPECIAL java/lang/StringBuilder.<init> ()V
    ALOAD 0
    ALOAD 1
    INVOKEVIRTUAL com/examples/with/different/packagename/testcarver/NumberConverter.toString (Ljava/lang/Class;)Ljava/lang/String;
    INVOKEVIRTUAL java/lang/StringBuilder.append (Ljava/lang/String;)Ljava/lang/StringBuilder;
    LDC " value '"
    INVOKEVIRTUAL java/lang/StringBuilder.append (Ljava/lang/String;)Ljava/lang/StringBuilder;
    ALOAD 3
    INVOKEVIRTUAL java/lang/StringBuilder.append (Ljava/lang/Object;)Ljava/lang/StringBuilder;
    LDC "' is too large for "
    INVOKEVIRTUAL java/lang/StringBuilder.append (Ljava/lang/String;)Ljava/lang/StringBuilder;
    ALOAD 0
    ALOAD 2
   L17
    LINENUMBER 316 L17
    INVOKEVIRTUAL com/examples/with/different/packagename/testcarver/NumberConverter.toString (Ljava/lang/Class;)Ljava/lang/String;
    INVOKEVIRTUAL java/lang/StringBuilder.append (Ljava/lang/String;)Ljava/lang/StringBuilder;
    INVOKEVIRTUAL java/lang/StringBuilder.toString ()Ljava/lang/String;
    INVOKESPECIAL com/examples/with/different/packagename/testcarver/ConversionException.<init> (Ljava/lang/String;)V
    ATHROW
   L15
    LINENUMBER 318 L15
    LLOAD 4
    LDC -32768L
    LCMP
    IFGE L18
   L19
    LINENUMBER 319 L19
    NEW com/examples/with/different/packagename/testcarver/ConversionException
    DUP
    NEW java/lang/StringBuilder
    DUP
    INVOKESPECIAL java/lang/StringBuilder.<init> ()V
    ALOAD 0
    ALOAD 1
    INVOKEVIRTUAL com/examples/with/different/packagename/testcarver/NumberConverter.toString (Ljava/lang/Class;)Ljava/lang/String;
    INVOKEVIRTUAL java/lang/StringBuilder.append (Ljava/lang/String;)Ljava/lang/StringBuilder;
    LDC " value '"
    INVOKEVIRTUAL java/lang/StringBuilder.append (Ljava/lang/String;)Ljava/lang/StringBuilder;
    ALOAD 3
    INVOKEVIRTUAL java/lang/StringBuilder.append (Ljava/lang/Object;)Ljava/lang/StringBuilder;
    LDC "' is too small "
    INVOKEVIRTUAL java/lang/StringBuilder.append (Ljava/lang/String;)Ljava/lang/StringBuilder;
    ALOAD 0
    ALOAD 2
   L20
    LINENUMBER 320 L20
    INVOKEVIRTUAL com/examples/with/different/packagename/testcarver/NumberConverter.toString (Ljava/lang/Class;)Ljava/lang/String;
    INVOKEVIRTUAL java/lang/StringBuilder.append (Ljava/lang/String;)Ljava/lang/StringBuilder;
    INVOKEVIRTUAL java/lang/StringBuilder.toString ()Ljava/lang/String;
    INVOKESPECIAL com/examples/with/different/packagename/testcarver/ConversionException.<init> (Ljava/lang/String;)V
    ATHROW
   L18
    LINENUMBER 322 L18
    ALOAD 3
    INVOKEVIRTUAL java/lang/Number.shortValue ()S
    INVOKESTATIC java/lang/Short.valueOf (S)Ljava/lang/Short;
    ARETURN
   L12
    LINENUMBER 326 L12
    ALOAD 2
    LDC Ljava/lang/Integer;.class
    INVOKEVIRTUAL java/lang/Object.equals (Ljava/lang/Object;)Z
    IFEQ L21
   L22
    LINENUMBER 327 L22
    ALOAD 3
    INVOKEVIRTUAL java/lang/Number.longValue ()J
    LSTORE 4
   L23
    LINENUMBER 328 L23
    LLOAD 4
    LDC 2147483647L
    LCMP
    IFLE L24
   L25
    LINENUMBER 329 L25
    NEW com/examples/with/different/packagename/testcarver/ConversionException
    DUP
    NEW java/lang/StringBuilder
    DUP
    INVOKESPECIAL java/lang/StringBuilder.<init> ()V
    ALOAD 0
    ALOAD 1
    INVOKEVIRTUAL com/examples/with/different/packagename/testcarver/NumberConverter.toString (Ljava/lang/Class;)Ljava/lang/String;
    INVOKEVIRTUAL java/lang/StringBuilder.append (Ljava/lang/String;)Ljava/lang/StringBuilder;
    LDC " value '"
    INVOKEVIRTUAL java/lang/StringBuilder.append (Ljava/lang/String;)Ljava/lang/StringBuilder;
    ALOAD 3
    INVOKEVIRTUAL java/lang/StringBuilder.append (Ljava/lang/Object;)Ljava/lang/StringBuilder;
    LDC "' is too large for "
    INVOKEVIRTUAL java/lang/StringBuilder.append (Ljava/lang/String;)Ljava/lang/StringBuilder;
    ALOAD 0
    ALOAD 2
   L26
    LINENUMBER 330 L26
    INVOKEVIRTUAL com/examples/with/different/packagename/testcarver/NumberConverter.toString (Ljava/lang/Class;)Ljava/lang/String;
    INVOKEVIRTUAL java/lang/StringBuilder.append (Ljava/lang/String;)Ljava/lang/StringBuilder;
    INVOKEVIRTUAL java/lang/StringBuilder.toString ()Ljava/lang/String;
    INVOKESPECIAL com/examples/with/different/packagename/testcarver/ConversionException.<init> (Ljava/lang/String;)V
    ATHROW
   L24
    LINENUMBER 332 L24
    LLOAD 4
    LDC -2147483648L
    LCMP
    IFGE L27
   L28
    LINENUMBER 333 L28
    NEW com/examples/with/different/packagename/testcarver/ConversionException
    DUP
    NEW java/lang/StringBuilder
    DUP
    INVOKESPECIAL java/lang/StringBuilder.<init> ()V
    ALOAD 0
    ALOAD 1
    INVOKEVIRTUAL com/examples/with/different/packagename/testcarver/NumberConverter.toString (Ljava/lang/Class;)Ljava/lang/String;
    INVOKEVIRTUAL java/lang/StringBuilder.append (Ljava/lang/String;)Ljava/lang/StringBuilder;
    LDC " value '"
    INVOKEVIRTUAL java/lang/StringBuilder.append (Ljava/lang/String;)Ljava/lang/StringBuilder;
    ALOAD 3
    INVOKEVIRTUAL java/lang/StringBuilder.append (Ljava/lang/Object;)Ljava/lang/StringBuilder;
    LDC "' is too small "
    INVOKEVIRTUAL java/lang/StringBuilder.append (Ljava/lang/String;)Ljava/lang/StringBuilder;
    ALOAD 0
    ALOAD 2
   L29
    LINENUMBER 334 L29
    INVOKEVIRTUAL com/examples/with/different/packagename/testcarver/NumberConverter.toString (Ljava/lang/Class;)Ljava/lang/String;
    INVOKEVIRTUAL java/lang/StringBuilder.append (Ljava/lang/String;)Ljava/lang/StringBuilder;
    INVOKEVIRTUAL java/lang/StringBuilder.toString ()Ljava/lang/String;
    INVOKESPECIAL com/examples/with/different/packagename/testcarver/ConversionException.<init> (Ljava/lang/String;)V
    ATHROW
   L27
    LINENUMBER 336 L27
    ALOAD 3
    INVOKEVIRTUAL java/lang/Number.intValue ()I
    INVOKESTATIC java/lang/Integer.valueOf (I)Ljava/lang/Integer;
    ARETURN
   L21
    LINENUMBER 340 L21
    ALOAD 2
    LDC Ljava/lang/Long;.class
    INVOKEVIRTUAL java/lang/Object.equals (Ljava/lang/Object;)Z
    IFEQ L30
   L31
    LINENUMBER 341 L31
    ALOAD 3
    INVOKEVIRTUAL java/lang/Number.longValue ()J
    INVOKESTATIC java/lang/Long.valueOf (J)Ljava/lang/Long;
    ARETURN
   L30
    LINENUMBER 345 L30
    ALOAD 2
    LDC Ljava/lang/Float;.class
    INVOKEVIRTUAL java/lang/Object.equals (Ljava/lang/Object;)Z
    IFEQ L32
   L33
    LINENUMBER 346 L33
    ALOAD 3
    INVOKEVIRTUAL java/lang/Number.doubleValue ()D
    LDC 3.4028234663852886E38D
    DCMPL
    IFLE L34
   L35
    LINENUMBER 347 L35
    NEW com/examples/with/different/packagename/testcarver/ConversionException
    DUP
    NEW java/lang/StringBuilder
    DUP
    INVOKESPECIAL java/lang/StringBuilder.<init> ()V
    ALOAD 0
    ALOAD 1
    INVOKEVIRTUAL com/examples/with/different/packagename/testcarver/NumberConverter.toString (Ljava/lang/Class;)Ljava/lang/String;
    INVOKEVIRTUAL java/lang/StringBuilder.append (Ljava/lang/String;)Ljava/lang/StringBuilder;
    LDC " value '"
    INVOKEVIRTUAL java/lang/StringBuilder.append (Ljava/lang/String;)Ljava/lang/StringBuilder;
    ALOAD 3
    INVOKEVIRTUAL java/lang/StringBuilder.append (Ljava/lang/Object;)Ljava/lang/StringBuilder;
    LDC "' is too large for "
    INVOKEVIRTUAL java/lang/StringBuilder.append (Ljava/lang/String;)Ljava/lang/StringBuilder;
    ALOAD 0
    ALOAD 2
   L36
    LINENUMBER 348 L36
    INVOKEVIRTUAL com/examples/with/different/packagename/testcarver/NumberConverter.toString (Ljava/lang/Class;)Ljava/lang/String;
    INVOKEVIRTUAL java/lang/StringBuilder.append (Ljava/lang/String;)Ljava/lang/StringBuilder;
    INVOKEVIRTUAL java/lang/StringBuilder.toString ()Ljava/lang/String;
    INVOKESPECIAL com/examples/with/different/packagename/testcarver/ConversionException.<init> (Ljava/lang/String;)V
    ATHROW
   L34
    LINENUMBER 350 L34
    ALOAD 3
    INVOKEVIRTUAL java/lang/Number.floatValue ()F
    INVOKESTATIC java/lang/Float.valueOf (F)Ljava/lang/Float;
    ARETURN
   L32
    LINENUMBER 354 L32
    ALOAD 2
    LDC Ljava/lang/Double;.class
    INVOKEVIRTUAL java/lang/Object.equals (Ljava/lang/Object;)Z
    IFEQ L37
   L38
    LINENUMBER 355 L38
    ALOAD 3
    INVOKEVIRTUAL java/lang/Number.doubleValue ()D
    INVOKESTATIC java/lang/Double.valueOf (D)Ljava/lang/Double;
    ARETURN
   L37
    LINENUMBER 359 L37
    ALOAD 2
    LDC Ljava/math/BigDecimal;.class
    INVOKEVIRTUAL java/lang/Object.equals (Ljava/lang/Object;)Z
    IFEQ L39
   L40
    LINENUMBER 360 L40
    ALOAD 3
    INSTANCEOF java/lang/Float
    IFNE L41
    ALOAD 3
    INSTANCEOF java/lang/Double
    IFEQ L42
   L41
    LINENUMBER 361 L41
    NEW java/math/BigDecimal
    DUP
    ALOAD 3
    INVOKEVIRTUAL java/lang/Object.toString ()Ljava/lang/String;
    INVOKESPECIAL java/math/BigDecimal.<init> (Ljava/lang/String;)V
    ARETURN
   L42
    LINENUMBER 362 L42
    ALOAD 3
    INSTANCEOF java/math/BigInteger
    IFEQ L43
   L44
    LINENUMBER 363 L44
    NEW java/math/BigDecimal
    DUP
    ALOAD 3
    CHECKCAST java/math/BigInteger
    INVOKESPECIAL java/math/BigDecimal.<init> (Ljava/math/BigInteger;)V
    ARETURN
   L43
    LINENUMBER 365 L43
    ALOAD 3
    INVOKEVIRTUAL java/lang/Number.longValue ()J
    INVOKESTATIC java/math/BigDecimal.valueOf (J)Ljava/math/BigDecimal;
    ARETURN
   L39
    LINENUMBER 370 L39
    ALOAD 2
    LDC Ljava/math/BigInteger;.class
    INVOKEVIRTUAL java/lang/Object.equals (Ljava/lang/Object;)Z
    IFEQ L45
   L46
    LINENUMBER 371 L46
    ALOAD 3
    INSTANCEOF java/math/BigDecimal
    IFEQ L47
   L48
    LINENUMBER 372 L48
    ALOAD 3
    CHECKCAST java/math/BigDecimal
    INVOKEVIRTUAL java/math/BigDecimal.toBigInteger ()Ljava/math/BigInteger;
    ARETURN
   L47
    LINENUMBER 374 L47
    ALOAD 3
    INVOKEVIRTUAL java/lang/Number.longValue ()J
    INVOKESTATIC java/math/BigInteger.valueOf (J)Ljava/math/BigInteger;
    ARETURN
   L45
    LINENUMBER 378 L45
    NEW java/lang/StringBuilder
    DUP
    INVOKESPECIAL java/lang/StringBuilder.<init> ()V
    ALOAD 0
    ALOAD 0
    INVOKEVIRTUAL java/lang/Object.getClass ()Ljava/lang/Class;
    INVOKEVIRTUAL com/examples/with/different/packagename/testcarver/NumberConverter.toString (Ljava/lang/Class;)Ljava/lang/String;
    INVOKEVIRTUAL java/lang/StringBuilder.append (Ljava/lang/String;)Ljava/lang/StringBuilder;
    LDC " cannot handle conversion to '"
    INVOKEVIRTUAL java/lang/StringBuilder.append (Ljava/lang/String;)Ljava/lang/StringBuilder;
    ALOAD 0
    ALOAD 2
   L49
    LINENUMBER 379 L49
    INVOKEVIRTUAL com/examples/with/different/packagename/testcarver/NumberConverter.toString (Ljava/lang/Class;)Ljava/lang/String;
    INVOKEVIRTUAL java/lang/StringBuilder.append (Ljava/lang/String;)Ljava/lang/StringBuilder;
    LDC "'"
    INVOKEVIRTUAL java/lang/StringBuilder.append (Ljava/lang/String;)Ljava/lang/StringBuilder;
    INVOKEVIRTUAL java/lang/StringBuilder.toString ()Ljava/lang/String;
    ASTORE 4
   L50
    LINENUMBER 380 L50
    NEW com/examples/with/different/packagename/testcarver/ConversionException
    DUP
    ALOAD 4
    INVOKESPECIAL com/examples/with/different/packagename/testcarver/ConversionException.<init> (Ljava/lang/String;)V
    ATHROW
   L51
    LOCALVARIABLE longValue J L5 L3 4
    LOCALVARIABLE longValue J L14 L12 4
    LOCALVARIABLE longValue J L23 L21 4
    LOCALVARIABLE this Lcom/examples/with/different/packagename/testcarver/NumberConverter; L0 L51 0
    LOCALVARIABLE sourceType Ljava/lang/Class; L0 L51 1
    LOCALVARIABLE targetType Ljava/lang/Class; L0 L51 2
    LOCALVARIABLE value Ljava/lang/Number; L0 L51 3
    LOCALVARIABLE msg Ljava/lang/String; L50 L51 4
    MAXSTACK = 5
    MAXLOCALS = 6

  // access flags 0x2
  private toNumber(Ljava/lang/Class;Ljava/lang/Class;Ljava/lang/String;)Ljava/lang/Number;
   L0
    LINENUMBER 407 L0
    ALOAD 2
    LDC Ljava/lang/Byte;.class
    INVOKEVIRTUAL java/lang/Object.equals (Ljava/lang/Object;)Z
    IFEQ L1
   L2
    LINENUMBER 408 L2
    NEW java/lang/Byte
    DUP
    ALOAD 3
    INVOKESPECIAL java/lang/Byte.<init> (Ljava/lang/String;)V
    ARETURN
   L1
    LINENUMBER 412 L1
    ALOAD 2
    LDC Ljava/lang/Short;.class
    INVOKEVIRTUAL java/lang/Object.equals (Ljava/lang/Object;)Z
    IFEQ L3
   L4
    LINENUMBER 413 L4
    NEW java/lang/Short
    DUP
    ALOAD 3
    INVOKESPECIAL java/lang/Short.<init> (Ljava/lang/String;)V
    ARETURN
   L3
    LINENUMBER 417 L3
    ALOAD 2
    LDC Ljava/lang/Integer;.class
    INVOKEVIRTUAL java/lang/Object.equals (Ljava/lang/Object;)Z
    IFEQ L5
   L6
    LINENUMBER 418 L6
    NEW java/lang/Integer
    DUP
    ALOAD 3
    INVOKESPECIAL java/lang/Integer.<init> (Ljava/lang/String;)V
    ARETURN
   L5
    LINENUMBER 422 L5
    ALOAD 2
    LDC Ljava/lang/Long;.class
    INVOKEVIRTUAL java/lang/Object.equals (Ljava/lang/Object;)Z
    IFEQ L7
   L8
    LINENUMBER 423 L8
    NEW java/lang/Long
    DUP
    ALOAD 3
    INVOKESPECIAL java/lang/Long.<init> (Ljava/lang/String;)V
    ARETURN
   L7
    LINENUMBER 427 L7
    ALOAD 2
    LDC Ljava/lang/Float;.class
    INVOKEVIRTUAL java/lang/Object.equals (Ljava/lang/Object;)Z
    IFEQ L9
   L10
    LINENUMBER 428 L10
    NEW java/lang/Float
    DUP
    ALOAD 3
    INVOKESPECIAL java/lang/Float.<init> (Ljava/lang/String;)V
    ARETURN
   L9
    LINENUMBER 432 L9
    ALOAD 2
    LDC Ljava/lang/Double;.class
    INVOKEVIRTUAL java/lang/Object.equals (Ljava/lang/Object;)Z
    IFEQ L11
   L12
    LINENUMBER 433 L12
    NEW java/lang/Double
    DUP
    ALOAD 3
    INVOKESPECIAL java/lang/Double.<init> (Ljava/lang/String;)V
    ARETURN
   L11
    LINENUMBER 437 L11
    ALOAD 2
    LDC Ljava/math/BigDecimal;.class
    INVOKEVIRTUAL java/lang/Object.equals (Ljava/lang/Object;)Z
    IFEQ L13
   L14
    LINENUMBER 438 L14
    NEW java/math/BigDecimal
    DUP
    ALOAD 3
    INVOKESPECIAL java/math/BigDecimal.<init> (Ljava/lang/String;)V
    ARETURN
   L13
    LINENUMBER 442 L13
    ALOAD 2
    LDC Ljava/math/BigInteger;.class
    INVOKEVIRTUAL java/lang/Object.equals (Ljava/lang/Object;)Z
    IFEQ L15
   L16
    LINENUMBER 443 L16
    NEW java/math/BigInteger
    DUP
    ALOAD 3
    INVOKESPECIAL java/math/BigInteger.<init> (Ljava/lang/String;)V
    ARETURN
   L15
    LINENUMBER 446 L15
    NEW java/lang/StringBuilder
    DUP
    INVOKESPECIAL java/lang/StringBuilder.<init> ()V
    ALOAD 0
    ALOAD 0
    INVOKEVIRTUAL java/lang/Object.getClass ()Ljava/lang/Class;
    INVOKEVIRTUAL com/examples/with/different/packagename/testcarver/NumberConverter.toString (Ljava/lang/Class;)Ljava/lang/String;
    INVOKEVIRTUAL java/lang/StringBuilder.append (Ljava/lang/String;)Ljava/lang/StringBuilder;
    LDC " cannot handle conversion from '"
    INVOKEVIRTUAL java/lang/StringBuilder.append (Ljava/lang/String;)Ljava/lang/StringBuilder;
    ALOAD 0
    ALOAD 1
   L17
    LINENUMBER 447 L17
    INVOKEVIRTUAL com/examples/with/different/packagename/testcarver/NumberConverter.toString (Ljava/lang/Class;)Ljava/lang/String;
    INVOKEVIRTUAL java/lang/StringBuilder.append (Ljava/lang/String;)Ljava/lang/StringBuilder;
    LDC "' to '"
    INVOKEVIRTUAL java/lang/StringBuilder.append (Ljava/lang/String;)Ljava/lang/StringBuilder;
    ALOAD 0
    ALOAD 2
    INVOKEVIRTUAL com/examples/with/different/packagename/testcarver/NumberConverter.toString (Ljava/lang/Class;)Ljava/lang/String;
    INVOKEVIRTUAL java/lang/StringBuilder.append (Ljava/lang/String;)Ljava/lang/StringBuilder;
    LDC "'"
    INVOKEVIRTUAL java/lang/StringBuilder.append (Ljava/lang/String;)Ljava/lang/StringBuilder;
    INVOKEVIRTUAL java/lang/StringBuilder.toString ()Ljava/lang/String;
    ASTORE 4
   L18
    LINENUMBER 448 L18
    NEW com/examples/with/different/packagename/testcarver/ConversionException
    DUP
    ALOAD 4
    INVOKESPECIAL com/examples/with/different/packagename/testcarver/ConversionException.<init> (Ljava/lang/String;)V
    ATHROW
   L19
    LOCALVARIABLE this Lcom/examples/with/different/packagename/testcarver/NumberConverter; L0 L19 0
    LOCALVARIABLE sourceType Ljava/lang/Class; L0 L19 1
    LOCALVARIABLE targetType Ljava/lang/Class; L0 L19 2
    LOCALVARIABLE value Ljava/lang/String; L0 L19 3
    LOCALVARIABLE msg Ljava/lang/String; L18 L19 4
    MAXSTACK = 3
    MAXLOCALS = 5

  // access flags 0x2
  private _sw_prototype_original_toString()Ljava/lang/String;
   L0
    LINENUMBER 457 L0
    NEW java/lang/StringBuffer
    DUP
    INVOKESPECIAL java/lang/StringBuffer.<init> ()V
    ASTORE 1
   L1
    LINENUMBER 458 L1
    ALOAD 1
    ALOAD 0
    ALOAD 0
    INVOKEVIRTUAL java/lang/Object.getClass ()Ljava/lang/Class;
    INVOKEVIRTUAL com/examples/with/different/packagename/testcarver/NumberConverter.toString (Ljava/lang/Class;)Ljava/lang/String;
    INVOKEVIRTUAL java/lang/StringBuffer.append (Ljava/lang/String;)Ljava/lang/StringBuffer;
    POP
   L2
    LINENUMBER 459 L2
    ALOAD 1
    LDC "[UseDefault="
    INVOKEVIRTUAL java/lang/StringBuffer.append (Ljava/lang/String;)Ljava/lang/StringBuffer;
    POP
   L3
    LINENUMBER 460 L3
    ALOAD 1
    ALOAD 0
    INVOKEVIRTUAL com/examples/with/different/packagename/testcarver/NumberConverter.isUseDefault ()Z
    INVOKEVIRTUAL java/lang/StringBuffer.append (Z)Ljava/lang/StringBuffer;
    POP
   L4
    LINENUMBER 461 L4
    ALOAD 1
    LDC ", UseLocaleFormat="
    INVOKEVIRTUAL java/lang/StringBuffer.append (Ljava/lang/String;)Ljava/lang/StringBuffer;
    POP
   L5
    LINENUMBER 462 L5
    ALOAD 1
    ALOAD 0
    DUP
    GETFIELD com/examples/with/different/packagename/testcarver/NumberConverter.useLocaleFormat : Z
    SWAP
    LDC -2147483627
    LDC "com/examples/with/different/packagename/testcarver/NumberConverter"
    LDC "useLocaleFormat"
    LDC "Z"
    INVOKESTATIC org/evosuite/testcarver/capture/FieldRegistry.notifyReadAccess (Ljava/lang/Object;ILjava/lang/String;Ljava/lang/String;Ljava/lang/String;)V
    INVOKEVIRTUAL java/lang/StringBuffer.append (Z)Ljava/lang/StringBuffer;
    POP
   L6
    LINENUMBER 463 L6
    ALOAD 0
    DUP
    GETFIELD com/examples/with/different/packagename/testcarver/NumberConverter.pattern : Ljava/lang/String;
    SWAP
    LDC -2147483626
    LDC "com/examples/with/different/packagename/testcarver/NumberConverter"
    LDC "pattern"
    LDC "Ljava/lang/String;"
    INVOKESTATIC org/evosuite/testcarver/capture/FieldRegistry.notifyReadAccess (Ljava/lang/Object;ILjava/lang/String;Ljava/lang/String;Ljava/lang/String;)V
    IFNULL L7
   L8
    LINENUMBER 464 L8
    ALOAD 1
    LDC ", Pattern="
    INVOKEVIRTUAL java/lang/StringBuffer.append (Ljava/lang/String;)Ljava/lang/StringBuffer;
    POP
   L9
    LINENUMBER 465 L9
    ALOAD 1
    ALOAD 0
    DUP
    GETFIELD com/examples/with/different/packagename/testcarver/NumberConverter.pattern : Ljava/lang/String;
    SWAP
    LDC -2147483625
    LDC "com/examples/with/different/packagename/testcarver/NumberConverter"
    LDC "pattern"
    LDC "Ljava/lang/String;"
    INVOKESTATIC org/evosuite/testcarver/capture/FieldRegistry.notifyReadAccess (Ljava/lang/Object;ILjava/lang/String;Ljava/lang/String;Ljava/lang/String;)V
    INVOKEVIRTUAL java/lang/StringBuffer.append (Ljava/lang/String;)Ljava/lang/StringBuffer;
    POP
   L7
    LINENUMBER 467 L7
    ALOAD 0
    DUP
    GETFIELD com/examples/with/different/packagename/testcarver/NumberConverter.locale : Ljava/util/Locale;
    SWAP
    LDC -2147483624
    LDC "com/examples/with/different/packagename/testcarver/NumberConverter"
    LDC "locale"
    LDC "Ljava/util/Locale;"
    INVOKESTATIC org/evosuite/testcarver/capture/FieldRegistry.notifyReadAccess (Ljava/lang/Object;ILjava/lang/String;Ljava/lang/String;Ljava/lang/String;)V
    IFNULL L10
   L11
    LINENUMBER 468 L11
    ALOAD 1
    LDC ", Locale="
    INVOKEVIRTUAL java/lang/StringBuffer.append (Ljava/lang/String;)Ljava/lang/StringBuffer;
    POP
   L12
    LINENUMBER 469 L12
    ALOAD 1
    ALOAD 0
    DUP
    GETFIELD com/examples/with/different/packagename/testcarver/NumberConverter.locale : Ljava/util/Locale;
    SWAP
    LDC -2147483623
    LDC "com/examples/with/different/packagename/testcarver/NumberConverter"
    LDC "locale"
    LDC "Ljava/util/Locale;"
    INVOKESTATIC org/evosuite/testcarver/capture/FieldRegistry.notifyReadAccess (Ljava/lang/Object;ILjava/lang/String;Ljava/lang/String;Ljava/lang/String;)V
    INVOKEVIRTUAL java/lang/StringBuffer.append (Ljava/lang/Object;)Ljava/lang/StringBuffer;
    POP
   L10
    LINENUMBER 471 L10
    ALOAD 1
    BIPUSH 93
    INVOKEVIRTUAL java/lang/StringBuffer.append (C)Ljava/lang/StringBuffer;
    POP
   L13
    LINENUMBER 472 L13
    ALOAD 1
    INVOKEVIRTUAL java/lang/StringBuffer.toString ()Ljava/lang/String;
    ARETURN
   L14
    LOCALVARIABLE this Lcom/examples/with/different/packagename/testcarver/NumberConverter; L0 L14 0
    LOCALVARIABLE buffer Ljava/lang/StringBuffer; L1 L14 1
    MAXSTACK = 7
    MAXLOCALS = 2

  // access flags 0x2
  private getFormat()Ljava/text/NumberFormat;
   L0
    LINENUMBER 481 L0
    ACONST_NULL
    ASTORE 1
   L1
    LINENUMBER 482 L1
    ALOAD 0
    GETFIELD com/examples/with/different/packagename/testcarver/NumberConverter.pattern : Ljava/lang/String;
    IFNULL L2
   L3
    LINENUMBER 483 L3
    ALOAD 0
    GETFIELD com/examples/with/different/packagename/testcarver/NumberConverter.locale : Ljava/util/Locale;
    IFNONNULL L4
   L5
    LINENUMBER 484 L5
    NEW java/text/DecimalFormat
    DUP
    ALOAD 0
    GETFIELD com/examples/with/different/packagename/testcarver/NumberConverter.pattern : Ljava/lang/String;
    INVOKESPECIAL java/text/DecimalFormat.<init> (Ljava/lang/String;)V
    ASTORE 1
    GOTO L6
   L4
    LINENUMBER 486 L4
    NEW java/text/DecimalFormatSymbols
    DUP
    ALOAD 0
    GETFIELD com/examples/with/different/packagename/testcarver/NumberConverter.locale : Ljava/util/Locale;
    INVOKESPECIAL java/text/DecimalFormatSymbols.<init> (Ljava/util/Locale;)V
    ASTORE 2
   L7
    LINENUMBER 487 L7
    NEW java/text/DecimalFormat
    DUP
    ALOAD 0
    GETFIELD com/examples/with/different/packagename/testcarver/NumberConverter.pattern : Ljava/lang/String;
    ALOAD 2
    INVOKESPECIAL java/text/DecimalFormat.<init> (Ljava/lang/String;Ljava/text/DecimalFormatSymbols;)V
    ASTORE 1
   L8
    LINENUMBER 488 L8
    GOTO L6
   L2
    LINENUMBER 490 L2
    ALOAD 0
    GETFIELD com/examples/with/different/packagename/testcarver/NumberConverter.locale : Ljava/util/Locale;
    IFNONNULL L9
   L10
    LINENUMBER 491 L10
    INVOKESTATIC java/text/NumberFormat.getInstance ()Ljava/text/NumberFormat;
    ASTORE 1
    GOTO L6
   L9
    LINENUMBER 493 L9
    ALOAD 0
    GETFIELD com/examples/with/different/packagename/testcarver/NumberConverter.locale : Ljava/util/Locale;
    INVOKESTATIC java/text/NumberFormat.getInstance (Ljava/util/Locale;)Ljava/text/NumberFormat;
    ASTORE 1
   L6
    LINENUMBER 496 L6
    ALOAD 0
    GETFIELD com/examples/with/different/packagename/testcarver/NumberConverter.allowDecimals : Z
    IFNE L11
   L12
    LINENUMBER 497 L12
    ALOAD 1
    ICONST_1
    INVOKEVIRTUAL java/text/NumberFormat.setParseIntegerOnly (Z)V
   L11
    LINENUMBER 499 L11
    ALOAD 1
    ARETURN
   L13
    LOCALVARIABLE symbols Ljava/text/DecimalFormatSymbols; L7 L8 2
    LOCALVARIABLE this Lcom/examples/with/different/packagename/testcarver/NumberConverter; L0 L13 0
    LOCALVARIABLE format Ljava/text/NumberFormat; L1 L13 1
    MAXSTACK = 4
    MAXLOCALS = 3

  // access flags 0x2
  private parse(Ljava/lang/Class;Ljava/lang/Class;Ljava/lang/String;Ljava/text/NumberFormat;)Ljava/lang/Number;
   L0
    LINENUMBER 513 L0
    NEW java/text/ParsePosition
    DUP
    ICONST_0
    INVOKESPECIAL java/text/ParsePosition.<init> (I)V
    ASTORE 5
   L1
    LINENUMBER 514 L1
    ALOAD 4
    ALOAD 3
    ALOAD 5
    INVOKEVIRTUAL java/text/NumberFormat.parse (Ljava/lang/String;Ljava/text/ParsePosition;)Ljava/lang/Number;
    ASTORE 6
   L2
    LINENUMBER 515 L2
    ALOAD 5
    INVOKEVIRTUAL java/text/ParsePosition.getErrorIndex ()I
    IFGE L3
    ALOAD 5
    INVOKEVIRTUAL java/text/ParsePosition.getIndex ()I
    ALOAD 3
    INVOKEVIRTUAL java/lang/String.length ()I
    IF_ICMPNE L3
    ALOAD 6
    IFNONNULL L4
   L3
    LINENUMBER 516 L3
    NEW java/lang/StringBuilder
    DUP
    INVOKESPECIAL java/lang/StringBuilder.<init> ()V
    LDC "Error converting from '"
    INVOKEVIRTUAL java/lang/StringBuilder.append (Ljava/lang/String;)Ljava/lang/StringBuilder;
    ALOAD 0
    ALOAD 1
    INVOKEVIRTUAL com/examples/with/different/packagename/testcarver/NumberConverter.toString (Ljava/lang/Class;)Ljava/lang/String;
    INVOKEVIRTUAL java/lang/StringBuilder.append (Ljava/lang/String;)Ljava/lang/StringBuilder;
    LDC "' to '"
    INVOKEVIRTUAL java/lang/StringBuilder.append (Ljava/lang/String;)Ljava/lang/StringBuilder;
    ALOAD 0
    ALOAD 2
    INVOKEVIRTUAL com/examples/with/different/packagename/testcarver/NumberConverter.toString (Ljava/lang/Class;)Ljava/lang/String;
    INVOKEVIRTUAL java/lang/StringBuilder.append (Ljava/lang/String;)Ljava/lang/StringBuilder;
    LDC "'"
    INVOKEVIRTUAL java/lang/StringBuilder.append (Ljava/lang/String;)Ljava/lang/StringBuilder;
    INVOKEVIRTUAL java/lang/StringBuilder.toString ()Ljava/lang/String;
    ASTORE 7
   L5
    LINENUMBER 517 L5
    ALOAD 4
    INSTANCEOF java/text/DecimalFormat
    IFEQ L6
   L7
    LINENUMBER 518 L7
    NEW java/lang/StringBuilder
    DUP
    INVOKESPECIAL java/lang/StringBuilder.<init> ()V
    ALOAD 7
    INVOKEVIRTUAL java/lang/StringBuilder.append (Ljava/lang/String;)Ljava/lang/StringBuilder;
    LDC " using pattern '"
    INVOKEVIRTUAL java/lang/StringBuilder.append (Ljava/lang/String;)Ljava/lang/StringBuilder;
    ALOAD 4
    CHECKCAST java/text/DecimalFormat
    INVOKEVIRTUAL java/text/DecimalFormat.toPattern ()Ljava/lang/String;
    INVOKEVIRTUAL java/lang/StringBuilder.append (Ljava/lang/String;)Ljava/lang/StringBuilder;
    LDC "'"
    INVOKEVIRTUAL java/lang/StringBuilder.append (Ljava/lang/String;)Ljava/lang/StringBuilder;
    INVOKEVIRTUAL java/lang/StringBuilder.toString ()Ljava/lang/String;
    ASTORE 7
   L6
    LINENUMBER 520 L6
    ALOAD 0
    GETFIELD com/examples/with/different/packagename/testcarver/NumberConverter.locale : Ljava/util/Locale;
    IFNULL L8
   L9
    LINENUMBER 521 L9
    NEW java/lang/StringBuilder
    DUP
    INVOKESPECIAL java/lang/StringBuilder.<init> ()V
    ALOAD 7
    INVOKEVIRTUAL java/lang/StringBuilder.append (Ljava/lang/String;)Ljava/lang/StringBuilder;
    LDC " for locale=["
    INVOKEVIRTUAL java/lang/StringBuilder.append (Ljava/lang/String;)Ljava/lang/StringBuilder;
    ALOAD 0
    GETFIELD com/examples/with/different/packagename/testcarver/NumberConverter.locale : Ljava/util/Locale;
    INVOKEVIRTUAL java/lang/StringBuilder.append (Ljava/lang/Object;)Ljava/lang/StringBuilder;
    LDC "]"
    INVOKEVIRTUAL java/lang/StringBuilder.append (Ljava/lang/String;)Ljava/lang/StringBuilder;
    INVOKEVIRTUAL java/lang/StringBuilder.toString ()Ljava/lang/String;
    ASTORE 7
   L8
    LINENUMBER 523 L8
    NEW com/examples/with/different/packagename/testcarver/ConversionException
    DUP
    ALOAD 7
    INVOKESPECIAL com/examples/with/different/packagename/testcarver/ConversionException.<init> (Ljava/lang/String;)V
    ATHROW
   L4
    LINENUMBER 525 L4
    ALOAD 6
    ARETURN
   L10
    LOCALVARIABLE msg Ljava/lang/String; L5 L4 7
    LOCALVARIABLE this Lcom/examples/with/different/packagename/testcarver/NumberConverter; L0 L10 0
    LOCALVARIABLE sourceType Ljava/lang/Class; L0 L10 1
    LOCALVARIABLE targetType Ljava/lang/Class; L0 L10 2
    LOCALVARIABLE value Ljava/lang/String; L0 L10 3
    LOCALVARIABLE format Ljava/text/NumberFormat; L0 L10 4
    LOCALVARIABLE pos Ljava/text/ParsePosition; L1 L10 5
    LOCALVARIABLE parsedNumber Ljava/lang/Number; L2 L10 6
    MAXSTACK = 3
    MAXLOCALS = 8

  // access flags 0x8
  static <clinit>()V
   L0
    LINENUMBER 90 L0
    ICONST_0
    INVOKESTATIC java/lang/Integer.valueOf (I)Ljava/lang/Integer;
    PUTSTATIC com/examples/with/different/packagename/testcarver/NumberConverter.ZERO : Ljava/lang/Integer;
   L1
    LINENUMBER 91 L1
    ICONST_1
    INVOKESTATIC java/lang/Integer.valueOf (I)Ljava/lang/Integer;
    PUTSTATIC com/examples/with/different/packagename/testcarver/NumberConverter.ONE : Ljava/lang/Integer;
    RETURN
    MAXSTACK = 1
    MAXLOCALS = 0

  // access flags 0x1
  public isAllowDecimals()Z
    TRYCATCHBLOCK L0 L1 L2 java/lang/Throwable
    ACONST_NULL
    ASTORE 1
   L0
    LDC -2147483641
    ALOAD 0
    LDC "isAllowDecimals"
    LDC "()Z"
    BIPUSH 0
    ANEWARRAY java/lang/Object
    INVOKESTATIC org/evosuite/testcarver/capture/Capturer.capture (ILjava/lang/Object;Ljava/lang/String;Ljava/lang/String;[Ljava/lang/Object;)V
    ALOAD 0
    INVOKEVIRTUAL com/examples/with/different/packagename/testcarver/NumberConverter._sw_prototype_original_isAllowDecimals ()Z
    INVOKESTATIC java/lang/Boolean.valueOf (Z)Ljava/lang/Boolean;
    ASTORE 1
    ALOAD 1
    INVOKEVIRTUAL java/lang/Boolean.booleanValue ()Z
    ISTORE 3
   L1
    LDC -2147483641
    ALOAD 0
    ALOAD 1
    INVOKESTATIC org/evosuite/testcarver/capture/Capturer.enable (ILjava/lang/Object;Ljava/lang/Object;)V
    ILOAD 3
    IRETURN
   L2
   FRAME FULL [com/examples/with/different/packagename/testcarver/NumberConverter java/lang/Boolean] [java/lang/Throwable]
    ASTORE 2
    LDC -2147483641
    ALOAD 0
    ALOAD 1
    INVOKESTATIC org/evosuite/testcarver/capture/Capturer.enable (ILjava/lang/Object;Ljava/lang/Object;)V
    ALOAD 2
    ATHROW
    MAXSTACK = 5
    MAXLOCALS = 0

  // access flags 0x1
  public setUseLocaleFormat(Z)V
    TRYCATCHBLOCK L0 L1 L1 java/lang/Throwable
   L0
    LDC -2147483638
    ALOAD 0
    LDC "setUseLocaleFormat"
    LDC "(Z)V"
    BIPUSH 1
    ANEWARRAY java/lang/Object
    DUP
    BIPUSH 0
    ILOAD 1
    INVOKESTATIC java/lang/Boolean.valueOf (Z)Ljava/lang/Boolean;
    AASTORE
    INVOKESTATIC org/evosuite/testcarver/capture/Capturer.capture (ILjava/lang/Object;Ljava/lang/String;Ljava/lang/String;[Ljava/lang/Object;)V
    ALOAD 0
    ILOAD 1
    INVOKEVIRTUAL com/examples/with/different/packagename/testcarver/NumberConverter._sw_prototype_original_setUseLocaleFormat (Z)V
    GOTO L2
   L1
   FRAME SAME1 java/lang/Throwable
    ASTORE 2
    LDC -2147483638
    ALOAD 0
    GETSTATIC org/evosuite/testcarver/capture/CaptureLog.RETURN_TYPE_VOID : Ljava/lang/Object;
    INVOKESTATIC org/evosuite/testcarver/capture/Capturer.enable (ILjava/lang/Object;Ljava/lang/Object;)V
    ALOAD 2
    ATHROW
   L2
   FRAME SAME
    LDC -2147483638
    ALOAD 0
    GETSTATIC org/evosuite/testcarver/capture/CaptureLog.RETURN_TYPE_VOID : Ljava/lang/Object;
    INVOKESTATIC org/evosuite/testcarver/capture/Capturer.enable (ILjava/lang/Object;Ljava/lang/Object;)V
    RETURN
    MAXSTACK = 6
    MAXLOCALS = 0

  // access flags 0x1
  public getPattern()Ljava/lang/String;
    TRYCATCHBLOCK L0 L1 L2 java/lang/Throwable
    ACONST_NULL
    ASTORE 1
   L0
    LDC -2147483636
    ALOAD 0
    LDC "getPattern"
    LDC "()Ljava/lang/String;"
    BIPUSH 0
    ANEWARRAY java/lang/Object
    INVOKESTATIC org/evosuite/testcarver/capture/Capturer.capture (ILjava/lang/Object;Ljava/lang/String;Ljava/lang/String;[Ljava/lang/Object;)V
    ALOAD 0
    INVOKEVIRTUAL com/examples/with/different/packagename/testcarver/NumberConverter._sw_prototype_original_getPattern ()Ljava/lang/String;
    ASTORE 1
    ALOAD 1
    ASTORE 3
   L1
    LDC -2147483636
    ALOAD 0
    ALOAD 1
    INVOKESTATIC org/evosuite/testcarver/capture/Capturer.enable (ILjava/lang/Object;Ljava/lang/Object;)V
    ALOAD 3
    ARETURN
   L2
   FRAME FULL [com/examples/with/different/packagename/testcarver/NumberConverter java/lang/String] [java/lang/Throwable]
    ASTORE 2
    LDC -2147483636
    ALOAD 0
    ALOAD 1
    INVOKESTATIC org/evosuite/testcarver/capture/Capturer.enable (ILjava/lang/Object;Ljava/lang/Object;)V
    ALOAD 2
    ATHROW
    MAXSTACK = 5
    MAXLOCALS = 0

  // access flags 0x1
  public setPattern(Ljava/lang/String;)V
    TRYCATCHBLOCK L0 L1 L1 java/lang/Throwable
   L0
    LDC -2147483633
    ALOAD 0
    LDC "setPattern"
    LDC "(Ljava/lang/String;)V"
    BIPUSH 1
    ANEWARRAY java/lang/Object
    DUP
    BIPUSH 0
    ALOAD 1
    AASTORE
    INVOKESTATIC org/evosuite/testcarver/capture/Capturer.capture (ILjava/lang/Object;Ljava/lang/String;Ljava/lang/String;[Ljava/lang/Object;)V
    ALOAD 0
    ALOAD 1
    INVOKEVIRTUAL com/examples/with/different/packagename/testcarver/NumberConverter._sw_prototype_original_setPattern (Ljava/lang/String;)V
    GOTO L2
   L1
   FRAME SAME1 java/lang/Throwable
    ASTORE 2
    LDC -2147483633
    ALOAD 0
    GETSTATIC org/evosuite/testcarver/capture/CaptureLog.RETURN_TYPE_VOID : Ljava/lang/Object;
    INVOKESTATIC org/evosuite/testcarver/capture/Capturer.enable (ILjava/lang/Object;Ljava/lang/Object;)V
    ALOAD 2
    ATHROW
   L2
   FRAME SAME
    LDC -2147483633
    ALOAD 0
    GETSTATIC org/evosuite/testcarver/capture/CaptureLog.RETURN_TYPE_VOID : Ljava/lang/Object;
    INVOKESTATIC org/evosuite/testcarver/capture/Capturer.enable (ILjava/lang/Object;Ljava/lang/Object;)V
    RETURN
    MAXSTACK = 6
    MAXLOCALS = 0

  // access flags 0x1
  public getLocale()Ljava/util/Locale;
    TRYCATCHBLOCK L0 L1 L2 java/lang/Throwable
    ACONST_NULL
    ASTORE 1
   L0
    LDC -2147483631
    ALOAD 0
    LDC "getLocale"
    LDC "()Ljava/util/Locale;"
    BIPUSH 0
    ANEWARRAY java/lang/Object
    INVOKESTATIC org/evosuite/testcarver/capture/Capturer.capture (ILjava/lang/Object;Ljava/lang/String;Ljava/lang/String;[Ljava/lang/Object;)V
    ALOAD 0
    INVOKEVIRTUAL com/examples/with/different/packagename/testcarver/NumberConverter._sw_prototype_original_getLocale ()Ljava/util/Locale;
    ASTORE 1
    ALOAD 1
    ASTORE 3
   L1
    LDC -2147483631
    ALOAD 0
    ALOAD 1
    INVOKESTATIC org/evosuite/testcarver/capture/Capturer.enable (ILjava/lang/Object;Ljava/lang/Object;)V
    ALOAD 3
    ARETURN
   L2
   FRAME FULL [com/examples/with/different/packagename/testcarver/NumberConverter java/util/Locale] [java/lang/Throwable]
    ASTORE 2
    LDC -2147483631
    ALOAD 0
    ALOAD 1
    INVOKESTATIC org/evosuite/testcarver/capture/Capturer.enable (ILjava/lang/Object;Ljava/lang/Object;)V
    ALOAD 2
    ATHROW
    MAXSTACK = 5
    MAXLOCALS = 0

  // access flags 0x1
  public setLocale(Ljava/util/Locale;)V
    TRYCATCHBLOCK L0 L1 L1 java/lang/Throwable
   L0
    LDC -2147483628
    ALOAD 0
    LDC "setLocale"
    LDC "(Ljava/util/Locale;)V"
    BIPUSH 1
    ANEWARRAY java/lang/Object
    DUP
    BIPUSH 0
    ALOAD 1
    AASTORE
    INVOKESTATIC org/evosuite/testcarver/capture/Capturer.capture (ILjava/lang/Object;Ljava/lang/String;Ljava/lang/String;[Ljava/lang/Object;)V
    ALOAD 0
    ALOAD 1
    INVOKEVIRTUAL com/examples/with/different/packagename/testcarver/NumberConverter._sw_prototype_original_setLocale (Ljava/util/Locale;)V
    GOTO L2
   L1
   FRAME SAME1 java/lang/Throwable
    ASTORE 2
    LDC -2147483628
    ALOAD 0
    GETSTATIC org/evosuite/testcarver/capture/CaptureLog.RETURN_TYPE_VOID : Ljava/lang/Object;
    INVOKESTATIC org/evosuite/testcarver/capture/Capturer.enable (ILjava/lang/Object;Ljava/lang/Object;)V
    ALOAD 2
    ATHROW
   L2
   FRAME SAME
    LDC -2147483628
    ALOAD 0
    GETSTATIC org/evosuite/testcarver/capture/CaptureLog.RETURN_TYPE_VOID : Ljava/lang/Object;
    INVOKESTATIC org/evosuite/testcarver/capture/Capturer.enable (ILjava/lang/Object;Ljava/lang/Object;)V
    RETURN
    MAXSTACK = 6
    MAXLOCALS = 0

  // access flags 0x1
  public toString()Ljava/lang/String;
    TRYCATCHBLOCK L0 L1 L2 java/lang/Throwable
    ACONST_NULL
    ASTORE 1
   L0
    LDC -2147483622
    ALOAD 0
    LDC "toString"
    LDC "()Ljava/lang/String;"
    BIPUSH 0
    ANEWARRAY java/lang/Object
    INVOKESTATIC org/evosuite/testcarver/capture/Capturer.capture (ILjava/lang/Object;Ljava/lang/String;Ljava/lang/String;[Ljava/lang/Object;)V
    ALOAD 0
    INVOKEVIRTUAL com/examples/with/different/packagename/testcarver/NumberConverter._sw_prototype_original_toString ()Ljava/lang/String;
    ASTORE 1
    ALOAD 1
    ASTORE 3
   L1
    LDC -2147483622
    ALOAD 0
    ALOAD 1
    INVOKESTATIC org/evosuite/testcarver/capture/Capturer.enable (ILjava/lang/Object;Ljava/lang/Object;)V
    ALOAD 3
    ARETURN
   L2
   FRAME FULL [com/examples/with/different/packagename/testcarver/NumberConverter java/lang/String] [java/lang/Throwable]
    ASTORE 2
    LDC -2147483622
    ALOAD 0
    ALOAD 1
    INVOKESTATIC org/evosuite/testcarver/capture/Capturer.enable (ILjava/lang/Object;Ljava/lang/Object;)V
    ALOAD 2
    ATHROW
    MAXSTACK = 7
    MAXLOCALS = 0
}
INFO  org.evosuite.testcarver.extraction.CarvingClassLoader - Seeing class for first time: com.examples.with.different.packagename.testcarver.AbstractConverter
WARN  org.evosuite.testcarver.extraction.CarvingClassLoader - Instrumenting class 'com.examples.with.different.packagename.testcarver.AbstractConverter'.
INFO  org.evosuite.testcarver.instrument.Instrumenter - Checking package com.examples.with.different.packagename.testcarver for class com/examples/with/different/packagename/testcarver/AbstractConverter
// class version 52.0 (52)
// access flags 0x421
public abstract class com/examples/with/different/packagename/testcarver/AbstractConverter implements com/examples/with/different/packagename/testcarver/Converter {

  // compiled from: AbstractConverter.java

  // access flags 0x1A
  private final static Ljava/lang/String; DEFAULT_CONFIG_MSG = "(N.B. Converters can be configured to use default values to avoid throwing exceptions)"

  // access flags 0x1A
  private final static Ljava/lang/String; PACKAGE = "org.apache.commons.beanutils.converters."

  // access flags 0x2
  private Z useDefault

  // access flags 0x2
  private Ljava/lang/Object; defaultValue

  // access flags 0x1
  public <init>()V
   L0
    LINENUMBER 82 L0
    ALOAD 0
    INVOKESPECIAL java/lang/Object.<init> ()V
   L1
    LINENUMBER 69 L1
    ALOAD 0
    ICONST_0
    PUTFIELD com/examples/with/different/packagename/testcarver/AbstractConverter.useDefault : Z
   L2
    LINENUMBER 74 L2
    ALOAD 0
    ACONST_NULL
    PUTFIELD com/examples/with/different/packagename/testcarver/AbstractConverter.defaultValue : Ljava/lang/Object;
   L3
    LINENUMBER 83 L3
    RETURN
   L4
    LOCALVARIABLE this Lcom/examples/with/different/packagename/testcarver/AbstractConverter; L0 L4 0
    MAXSTACK = 2
    MAXLOCALS = 1

  // access flags 0x1
  public <init>(Ljava/lang/Object;)V
   L0
    LINENUMBER 93 L0
    ALOAD 0
    INVOKESPECIAL java/lang/Object.<init> ()V
   L1
    LINENUMBER 69 L1
    ALOAD 0
    ICONST_0
    PUTFIELD com/examples/with/different/packagename/testcarver/AbstractConverter.useDefault : Z
   L2
    LINENUMBER 74 L2
    ALOAD 0
    ACONST_NULL
    PUTFIELD com/examples/with/different/packagename/testcarver/AbstractConverter.defaultValue : Ljava/lang/Object;
   L3
    LINENUMBER 94 L3
    ALOAD 0
    ALOAD 1
    INVOKEVIRTUAL com/examples/with/different/packagename/testcarver/AbstractConverter.setDefaultValue (Ljava/lang/Object;)V
   L4
    LINENUMBER 95 L4
    RETURN
   L5
    LOCALVARIABLE this Lcom/examples/with/different/packagename/testcarver/AbstractConverter; L0 L5 0
    LOCALVARIABLE defaultValue Ljava/lang/Object; L0 L5 1
    MAXSTACK = 2
    MAXLOCALS = 2

  // access flags 0x2
  private _sw_prototype_original_isUseDefault()Z
   L0
    LINENUMBER 108 L0
    ALOAD 0
    DUP
    GETFIELD com/examples/with/different/packagename/testcarver/AbstractConverter.useDefault : Z
    SWAP
    LDC -2147483621
    LDC "com/examples/with/different/packagename/testcarver/AbstractConverter"
    LDC "useDefault"
    LDC "Z"
    INVOKESTATIC org/evosuite/testcarver/capture/FieldRegistry.notifyReadAccess (Ljava/lang/Object;ILjava/lang/String;Ljava/lang/String;Ljava/lang/String;)V
    IRETURN
   L1
    LOCALVARIABLE this Lcom/examples/with/different/packagename/testcarver/AbstractConverter; L0 L1 0
    MAXSTACK = 5
    MAXLOCALS = 1

  // access flags 0x2
  private _sw_prototype_original_convert(Ljava/lang/Class;Ljava/lang/Object;)Ljava/lang/Object;
    TRYCATCHBLOCK L0 L1 L2 java/lang/Throwable
    TRYCATCHBLOCK L3 L4 L2 java/lang/Throwable
    TRYCATCHBLOCK L5 L6 L2 java/lang/Throwable
   L7
    LINENUMBER 123 L7
    ALOAD 2
    IFNONNULL L8
    ACONST_NULL
    GOTO L9
   L8
    ALOAD 2
    INVOKEVIRTUAL java/lang/Object.getClass ()Ljava/lang/Class;
   L9
    ASTORE 3
   L10
    LINENUMBER 124 L10
    ALOAD 0
    ALOAD 1
    IFNONNULL L11
    ALOAD 0
    INVOKEVIRTUAL com/examples/with/different/packagename/testcarver/AbstractConverter.getDefaultType ()Ljava/lang/Class;
    GOTO L12
   L11
    ALOAD 1
   L12
    INVOKEVIRTUAL com/examples/with/different/packagename/testcarver/AbstractConverter.primitive (Ljava/lang/Class;)Ljava/lang/Class;
    ASTORE 4
   L13
    LINENUMBER 126 L13
    ALOAD 0
    ALOAD 2
    INVOKEVIRTUAL com/examples/with/different/packagename/testcarver/AbstractConverter.convertArray (Ljava/lang/Object;)Ljava/lang/Object;
    ASTORE 2
   L14
    LINENUMBER 129 L14
    ALOAD 2
    IFNONNULL L15
   L16
    LINENUMBER 130 L16
    ALOAD 0
    ALOAD 4
    INVOKEVIRTUAL com/examples/with/different/packagename/testcarver/AbstractConverter.handleMissing (Ljava/lang/Class;)Ljava/lang/Object;
    ARETURN
   L15
    LINENUMBER 133 L15
    ALOAD 2
    INVOKEVIRTUAL java/lang/Object.getClass ()Ljava/lang/Class;
    ASTORE 3
   L0
    LINENUMBER 137 L0
    ALOAD 4
    LDC Ljava/lang/String;.class
    INVOKEVIRTUAL java/lang/Object.equals (Ljava/lang/Object;)Z
    IFEQ L3
   L17
    LINENUMBER 138 L17
    ALOAD 0
    ALOAD 2
    INVOKEVIRTUAL com/examples/with/different/packagename/testcarver/AbstractConverter.convertToString (Ljava/lang/Object;)Ljava/lang/String;
   L1
    ARETURN
   L3
    LINENUMBER 141 L3
    ALOAD 4
    ALOAD 3
    INVOKEVIRTUAL java/lang/Object.equals (Ljava/lang/Object;)Z
    IFEQ L5
   L18
    LINENUMBER 142 L18
    ALOAD 2
   L4
    ARETURN
   L5
    LINENUMBER 146 L5
    ALOAD 0
    ALOAD 4
    ALOAD 2
    INVOKEVIRTUAL com/examples/with/different/packagename/testcarver/AbstractConverter.convertToType (Ljava/lang/Class;Ljava/lang/Object;)Ljava/lang/Object;
    ASTORE 5
   L19
    LINENUMBER 147 L19
    ALOAD 5
   L6
    ARETURN
   L2
    LINENUMBER 149 L2
    ASTORE 5
   L20
    LINENUMBER 150 L20
    ALOAD 0
    ALOAD 4
    ALOAD 2
    ALOAD 5
    INVOKEVIRTUAL com/examples/with/different/packagename/testcarver/AbstractConverter.handleError (Ljava/lang/Class;Ljava/lang/Object;Ljava/lang/Throwable;)Ljava/lang/Object;
    ARETURN
   L21
    LOCALVARIABLE result Ljava/lang/Object; L19 L2 5
    LOCALVARIABLE t Ljava/lang/Throwable; L20 L21 5
    LOCALVARIABLE this Lcom/examples/with/different/packagename/testcarver/AbstractConverter; L7 L21 0
    LOCALVARIABLE type Ljava/lang/Class; L7 L21 1
    LOCALVARIABLE value Ljava/lang/Object; L7 L21 2
    LOCALVARIABLE sourceType Ljava/lang/Class; L10 L21 3
    LOCALVARIABLE targetType Ljava/lang/Class; L13 L21 4
    MAXSTACK = 8
    MAXLOCALS = 6

  // access flags 0x4
  protected convertToString(Ljava/lang/Object;)Ljava/lang/String; throws java/lang/Throwable
   L0
    LINENUMBER 168 L0
    ALOAD 1
    INVOKEVIRTUAL java/lang/Object.toString ()Ljava/lang/String;
    ARETURN
   L1
    LOCALVARIABLE this Lcom/examples/with/different/packagename/testcarver/AbstractConverter; L0 L1 0
    LOCALVARIABLE value Ljava/lang/Object; L0 L1 1
    MAXSTACK = 1
    MAXLOCALS = 2

  // access flags 0x404
  protected abstract convertToType(Ljava/lang/Class;Ljava/lang/Object;)Ljava/lang/Object; throws java/lang/Throwable

  // access flags 0x4
  protected convertArray(Ljava/lang/Object;)Ljava/lang/Object;
   L0
    LINENUMBER 196 L0
    ALOAD 1
    IFNONNULL L1
   L2
    LINENUMBER 197 L2
    ACONST_NULL
    ARETURN
   L1
    LINENUMBER 199 L1
    ALOAD 1
    INVOKEVIRTUAL java/lang/Object.getClass ()Ljava/lang/Class;
    INVOKEVIRTUAL java/lang/Class.isArray ()Z
    IFEQ L3
   L4
    LINENUMBER 200 L4
    ALOAD 1
    INVOKESTATIC java/lang/reflect/Array.getLength (Ljava/lang/Object;)I
    IFLE L5
   L6
    LINENUMBER 201 L6
    ALOAD 1
    ICONST_0
    INVOKESTATIC java/lang/reflect/Array.get (Ljava/lang/Object;I)Ljava/lang/Object;
    ARETURN
   L5
    LINENUMBER 203 L5
    ACONST_NULL
    ARETURN
   L3
    LINENUMBER 206 L3
    ALOAD 1
    INSTANCEOF java/util/Collection
    IFEQ L7
   L8
    LINENUMBER 207 L8
    ALOAD 1
    CHECKCAST java/util/Collection
    ASTORE 2
   L9
    LINENUMBER 208 L9
    ALOAD 2
    INVOKEINTERFACE java/util/Collection.size ()I (itf)
    IFLE L10
   L11
    LINENUMBER 209 L11
    ALOAD 2
    INVOKEINTERFACE java/util/Collection.iterator ()Ljava/util/Iterator; (itf)
    INVOKEINTERFACE java/util/Iterator.next ()Ljava/lang/Object; (itf)
    ARETURN
   L10
    LINENUMBER 211 L10
    ACONST_NULL
    ARETURN
   L7
    LINENUMBER 214 L7
    ALOAD 1
    ARETURN
   L12
    LOCALVARIABLE collection Ljava/util/Collection; L9 L7 2
    LOCALVARIABLE this Lcom/examples/with/different/packagename/testcarver/AbstractConverter; L0 L12 0
    LOCALVARIABLE value Ljava/lang/Object; L0 L12 1
    MAXSTACK = 2
    MAXLOCALS = 3

  // access flags 0x4
  protected handleError(Ljava/lang/Class;Ljava/lang/Object;Ljava/lang/Throwable;)Ljava/lang/Object;
   L0
    LINENUMBER 231 L0
    ALOAD 0
    GETFIELD com/examples/with/different/packagename/testcarver/AbstractConverter.useDefault : Z
    IFEQ L1
   L2
    LINENUMBER 232 L2
    ALOAD 0
    ALOAD 1
    INVOKEVIRTUAL com/examples/with/different/packagename/testcarver/AbstractConverter.handleMissing (Ljava/lang/Class;)Ljava/lang/Object;
    ARETURN
   L1
    LINENUMBER 235 L1
    ACONST_NULL
    ASTORE 4
   L3
    LINENUMBER 236 L3
    ALOAD 3
    INSTANCEOF com/examples/with/different/packagename/testcarver/ConversionException
    IFEQ L4
   L5
    LINENUMBER 237 L5
    ALOAD 3
    CHECKCAST com/examples/with/different/packagename/testcarver/ConversionException
    ASTORE 4
    GOTO L6
   L4
    LINENUMBER 239 L4
    NEW java/lang/StringBuilder
    DUP
    INVOKESPECIAL java/lang/StringBuilder.<init> ()V
    LDC "Error converting from '"
    INVOKEVIRTUAL java/lang/StringBuilder.append (Ljava/lang/String;)Ljava/lang/StringBuilder;
    ALOAD 0
    ALOAD 2
    INVOKEVIRTUAL java/lang/Object.getClass ()Ljava/lang/Class;
    INVOKEVIRTUAL com/examples/with/different/packagename/testcarver/AbstractConverter.toString (Ljava/lang/Class;)Ljava/lang/String;
    INVOKEVIRTUAL java/lang/StringBuilder.append (Ljava/lang/String;)Ljava/lang/StringBuilder;
    LDC "' to '"
    INVOKEVIRTUAL java/lang/StringBuilder.append (Ljava/lang/String;)Ljava/lang/StringBuilder;
    ALOAD 0
    ALOAD 1
   L7
    LINENUMBER 240 L7
    INVOKEVIRTUAL com/examples/with/different/packagename/testcarver/AbstractConverter.toString (Ljava/lang/Class;)Ljava/lang/String;
    INVOKEVIRTUAL java/lang/StringBuilder.append (Ljava/lang/String;)Ljava/lang/StringBuilder;
    LDC "' "
    INVOKEVIRTUAL java/lang/StringBuilder.append (Ljava/lang/String;)Ljava/lang/StringBuilder;
    ALOAD 3
    INVOKEVIRTUAL java/lang/Throwable.getMessage ()Ljava/lang/String;
    INVOKEVIRTUAL java/lang/StringBuilder.append (Ljava/lang/String;)Ljava/lang/StringBuilder;
    INVOKEVIRTUAL java/lang/StringBuilder.toString ()Ljava/lang/String;
    ASTORE 5
   L8
    LINENUMBER 241 L8
    NEW com/examples/with/different/packagename/testcarver/ConversionException
    DUP
    ALOAD 5
    ALOAD 3
    INVOKESPECIAL com/examples/with/different/packagename/testcarver/ConversionException.<init> (Ljava/lang/String;Ljava/lang/Throwable;)V
    ASTORE 4
   L6
    LINENUMBER 245 L6
    ALOAD 4
    ATHROW
   L9
    LOCALVARIABLE msg Ljava/lang/String; L8 L6 5
    LOCALVARIABLE this Lcom/examples/with/different/packagename/testcarver/AbstractConverter; L0 L9 0
    LOCALVARIABLE type Ljava/lang/Class; L0 L9 1
    LOCALVARIABLE value Ljava/lang/Object; L0 L9 2
    LOCALVARIABLE cause Ljava/lang/Throwable; L0 L9 3
    LOCALVARIABLE cex Lcom/examples/with/different/packagename/testcarver/ConversionException; L3 L9 4
    MAXSTACK = 4
    MAXLOCALS = 6

  // access flags 0x4
  protected handleMissing(Ljava/lang/Class;)Ljava/lang/Object;
    TRYCATCHBLOCK L0 L1 L2 java/lang/Throwable
   L3
    LINENUMBER 262 L3
    ALOAD 0
    GETFIELD com/examples/with/different/packagename/testcarver/AbstractConverter.useDefault : Z
    IFNE L4
    ALOAD 1
    LDC Ljava/lang/String;.class
    INVOKEVIRTUAL java/lang/Object.equals (Ljava/lang/Object;)Z
    IFEQ L5
   L4
    LINENUMBER 263 L4
    ALOAD 0
    ALOAD 1
    INVOKEVIRTUAL com/examples/with/different/packagename/testcarver/AbstractConverter.getDefault (Ljava/lang/Class;)Ljava/lang/Object;
    ASTORE 2
   L6
    LINENUMBER 264 L6
    ALOAD 0
    GETFIELD com/examples/with/different/packagename/testcarver/AbstractConverter.useDefault : Z
    IFEQ L7
    ALOAD 2
    IFNULL L7
    ALOAD 1
    ALOAD 2
    INVOKEVIRTUAL java/lang/Object.getClass ()Ljava/lang/Class;
    INVOKEVIRTUAL java/lang/Object.equals (Ljava/lang/Object;)Z
    IFNE L7
   L0
    LINENUMBER 266 L0
    ALOAD 0
    ALOAD 1
    ALOAD 0
    GETFIELD com/examples/with/different/packagename/testcarver/AbstractConverter.defaultValue : Ljava/lang/Object;
    INVOKEVIRTUAL com/examples/with/different/packagename/testcarver/AbstractConverter.convertToType (Ljava/lang/Class;Ljava/lang/Object;)Ljava/lang/Object;
    ASTORE 2
   L1
    LINENUMBER 270 L1
    GOTO L7
   L2
    LINENUMBER 267 L2
    ASTORE 3
   L8
    LINENUMBER 268 L8
    GETSTATIC java/lang/System.err : Ljava/io/PrintStream;
    NEW java/lang/StringBuilder
    DUP
    INVOKESPECIAL java/lang/StringBuilder.<init> ()V
    LDC "    Default conversion to "
    INVOKEVIRTUAL java/lang/StringBuilder.append (Ljava/lang/String;)Ljava/lang/StringBuilder;
    ALOAD 0
    ALOAD 1
    INVOKEVIRTUAL com/examples/with/different/packagename/testcarver/AbstractConverter.toString (Ljava/lang/Class;)Ljava/lang/String;
    INVOKEVIRTUAL java/lang/StringBuilder.append (Ljava/lang/String;)Ljava/lang/StringBuilder;
    LDC "failed: "
    INVOKEVIRTUAL java/lang/StringBuilder.append (Ljava/lang/String;)Ljava/lang/StringBuilder;
    ALOAD 3
    INVOKEVIRTUAL java/lang/StringBuilder.append (Ljava/lang/Object;)Ljava/lang/StringBuilder;
    INVOKEVIRTUAL java/lang/StringBuilder.toString ()Ljava/lang/String;
    INVOKEVIRTUAL java/io/PrintStream.println (Ljava/lang/String;)V
   L7
    LINENUMBER 272 L7
    ALOAD 2
    ARETURN
   L5
    LINENUMBER 275 L5
    NEW com/examples/with/different/packagename/testcarver/ConversionException
    DUP
    NEW java/lang/StringBuilder
    DUP
    INVOKESPECIAL java/lang/StringBuilder.<init> ()V
    LDC "No value specified for '"
    INVOKEVIRTUAL java/lang/StringBuilder.append (Ljava/lang/String;)Ljava/lang/StringBuilder;
    ALOAD 0
    ALOAD 1
   L9
    LINENUMBER 276 L9
    INVOKEVIRTUAL com/examples/with/different/packagename/testcarver/AbstractConverter.toString (Ljava/lang/Class;)Ljava/lang/String;
    INVOKEVIRTUAL java/lang/StringBuilder.append (Ljava/lang/String;)Ljava/lang/StringBuilder;
    LDC "'"
    INVOKEVIRTUAL java/lang/StringBuilder.append (Ljava/lang/String;)Ljava/lang/StringBuilder;
    INVOKEVIRTUAL java/lang/StringBuilder.toString ()Ljava/lang/String;
    INVOKESPECIAL com/examples/with/different/packagename/testcarver/ConversionException.<init> (Ljava/lang/String;)V
    ASTORE 2
   L10
    LINENUMBER 277 L10
    ALOAD 2
    ATHROW
   L11
    LOCALVARIABLE t Ljava/lang/Throwable; L8 L7 3
    LOCALVARIABLE value Ljava/lang/Object; L6 L5 2
    LOCALVARIABLE this Lcom/examples/with/different/packagename/testcarver/AbstractConverter; L3 L11 0
    LOCALVARIABLE type Ljava/lang/Class; L3 L11 1
    LOCALVARIABLE cex Lcom/examples/with/different/packagename/testcarver/ConversionException; L10 L11 2
    MAXSTACK = 5
    MAXLOCALS = 4

  // access flags 0x4
  protected setDefaultValue(Ljava/lang/Object;)V
   L0
    LINENUMBER 295 L0
    ALOAD 0
    ICONST_0
    PUTFIELD com/examples/with/different/packagename/testcarver/AbstractConverter.useDefault : Z
   L1
    LINENUMBER 296 L1
    ALOAD 1
    IFNONNULL L2
   L3
    LINENUMBER 297 L3
    ALOAD 0
    ACONST_NULL
    PUTFIELD com/examples/with/different/packagename/testcarver/AbstractConverter.defaultValue : Ljava/lang/Object;
    GOTO L4
   L2
    LINENUMBER 299 L2
    ALOAD 0
    ALOAD 0
    ALOAD 0
    INVOKEVIRTUAL com/examples/with/different/packagename/testcarver/AbstractConverter.getDefaultType ()Ljava/lang/Class;
    ALOAD 1
    INVOKEVIRTUAL com/examples/with/different/packagename/testcarver/AbstractConverter.convert (Ljava/lang/Class;Ljava/lang/Object;)Ljava/lang/Object;
    PUTFIELD com/examples/with/different/packagename/testcarver/AbstractConverter.defaultValue : Ljava/lang/Object;
   L4
    LINENUMBER 301 L4
    ALOAD 0
    ICONST_1
    PUTFIELD com/examples/with/different/packagename/testcarver/AbstractConverter.useDefault : Z
   L5
    LINENUMBER 302 L5
    RETURN
   L6
    LOCALVARIABLE this Lcom/examples/with/different/packagename/testcarver/AbstractConverter; L0 L6 0
    LOCALVARIABLE defaultValue Ljava/lang/Object; L0 L6 1
    MAXSTACK = 4
    MAXLOCALS = 2

  // access flags 0x404
  protected abstract getDefaultType()Ljava/lang/Class;

  // access flags 0x4
  protected getDefault(Ljava/lang/Class;)Ljava/lang/Object;
   L0
    LINENUMBER 319 L0
    ALOAD 1
    LDC Ljava/lang/String;.class
    INVOKEVIRTUAL java/lang/Object.equals (Ljava/lang/Object;)Z
    IFEQ L1
   L2
    LINENUMBER 320 L2
    ACONST_NULL
    ARETURN
   L1
    LINENUMBER 322 L1
    ALOAD 0
    GETFIELD com/examples/with/different/packagename/testcarver/AbstractConverter.defaultValue : Ljava/lang/Object;
    ARETURN
   L3
    LOCALVARIABLE this Lcom/examples/with/different/packagename/testcarver/AbstractConverter; L0 L3 0
    LOCALVARIABLE type Ljava/lang/Class; L0 L3 1
    MAXSTACK = 2
    MAXLOCALS = 2

  // access flags 0x2
  private _sw_prototype_original_toString()Ljava/lang/String;
   L0
    LINENUMBER 332 L0
    NEW java/lang/StringBuilder
    DUP
    INVOKESPECIAL java/lang/StringBuilder.<init> ()V
    ALOAD 0
    ALOAD 0
    INVOKEVIRTUAL java/lang/Object.getClass ()Ljava/lang/Class;
    INVOKEVIRTUAL com/examples/with/different/packagename/testcarver/AbstractConverter.toString (Ljava/lang/Class;)Ljava/lang/String;
    INVOKEVIRTUAL java/lang/StringBuilder.append (Ljava/lang/String;)Ljava/lang/StringBuilder;
    LDC "[UseDefault="
    INVOKEVIRTUAL java/lang/StringBuilder.append (Ljava/lang/String;)Ljava/lang/StringBuilder;
    ALOAD 0
    DUP
    GETFIELD com/examples/with/different/packagename/testcarver/AbstractConverter.useDefault : Z
    SWAP
    LDC -2147483618
    LDC "com/examples/with/different/packagename/testcarver/AbstractConverter"
    LDC "useDefault"
    LDC "Z"
    INVOKESTATIC org/evosuite/testcarver/capture/FieldRegistry.notifyReadAccess (Ljava/lang/Object;ILjava/lang/String;Ljava/lang/String;Ljava/lang/String;)V
    INVOKEVIRTUAL java/lang/StringBuilder.append (Z)Ljava/lang/StringBuilder;
    LDC "]"
    INVOKEVIRTUAL java/lang/StringBuilder.append (Ljava/lang/String;)Ljava/lang/StringBuilder;
    INVOKEVIRTUAL java/lang/StringBuilder.toString ()Ljava/lang/String;
    ARETURN
   L1
    LOCALVARIABLE this Lcom/examples/with/different/packagename/testcarver/AbstractConverter; L0 L1 0
    MAXSTACK = 7
    MAXLOCALS = 1

  // access flags 0x0
  primitive(Ljava/lang/Class;)Ljava/lang/Class;
   L0
    LINENUMBER 344 L0
    ALOAD 1
    IFNULL L1
    ALOAD 1
    INVOKEVIRTUAL java/lang/Class.isPrimitive ()Z
    IFNE L2
   L1
    LINENUMBER 345 L1
    ALOAD 1
    ARETURN
   L2
    LINENUMBER 348 L2
    ALOAD 1
    GETSTATIC java/lang/Integer.TYPE : Ljava/lang/Class;
    IF_ACMPNE L3
   L4
    LINENUMBER 349 L4
    LDC Ljava/lang/Integer;.class
    ARETURN
   L3
    LINENUMBER 350 L3
    ALOAD 1
    GETSTATIC java/lang/Double.TYPE : Ljava/lang/Class;
    IF_ACMPNE L5
   L6
    LINENUMBER 351 L6
    LDC Ljava/lang/Double;.class
    ARETURN
   L5
    LINENUMBER 352 L5
    ALOAD 1
    GETSTATIC java/lang/Long.TYPE : Ljava/lang/Class;
    IF_ACMPNE L7
   L8
    LINENUMBER 353 L8
    LDC Ljava/lang/Long;.class
    ARETURN
   L7
    LINENUMBER 354 L7
    ALOAD 1
    GETSTATIC java/lang/Boolean.TYPE : Ljava/lang/Class;
    IF_ACMPNE L9
   L10
    LINENUMBER 355 L10
    LDC Ljava/lang/Boolean;.class
    ARETURN
   L9
    LINENUMBER 356 L9
    ALOAD 1
    GETSTATIC java/lang/Float.TYPE : Ljava/lang/Class;
    IF_ACMPNE L11
   L12
    LINENUMBER 357 L12
    LDC Ljava/lang/Float;.class
    ARETURN
   L11
    LINENUMBER 358 L11
    ALOAD 1
    GETSTATIC java/lang/Short.TYPE : Ljava/lang/Class;
    IF_ACMPNE L13
   L14
    LINENUMBER 359 L14
    LDC Ljava/lang/Short;.class
    ARETURN
   L13
    LINENUMBER 360 L13
    ALOAD 1
    GETSTATIC java/lang/Byte.TYPE : Ljava/lang/Class;
    IF_ACMPNE L15
   L16
    LINENUMBER 361 L16
    LDC Ljava/lang/Byte;.class
    ARETURN
   L15
    LINENUMBER 362 L15
    ALOAD 1
    GETSTATIC java/lang/Character.TYPE : Ljava/lang/Class;
    IF_ACMPNE L17
   L18
    LINENUMBER 363 L18
    LDC Ljava/lang/Character;.class
    ARETURN
   L17
    LINENUMBER 365 L17
    ALOAD 1
    ARETURN
   L19
    LOCALVARIABLE this Lcom/examples/with/different/packagename/testcarver/AbstractConverter; L0 L19 0
    LOCALVARIABLE type Ljava/lang/Class; L0 L19 1
    MAXSTACK = 2
    MAXLOCALS = 2

  // access flags 0x0
  toString(Ljava/lang/Class;)Ljava/lang/String;
   L0
    LINENUMBER 376 L0
    ACONST_NULL
    ASTORE 2
   L1
    LINENUMBER 377 L1
    ALOAD 1
    IFNONNULL L2
   L3
    LINENUMBER 378 L3
    LDC "null"
    ASTORE 2
    GOTO L4
   L2
    LINENUMBER 379 L2
    ALOAD 1
    INVOKEVIRTUAL java/lang/Class.isArray ()Z
    IFEQ L5
   L6
    LINENUMBER 380 L6
    ALOAD 1
    INVOKEVIRTUAL java/lang/Class.getComponentType ()Ljava/lang/Class;
    ASTORE 3
   L7
    LINENUMBER 381 L7
    ICONST_1
    ISTORE 4
   L8
    LINENUMBER 382 L8
    ALOAD 3
    INVOKEVIRTUAL java/lang/Class.isArray ()Z
    IFEQ L9
   L10
    LINENUMBER 383 L10
    ALOAD 3
    INVOKEVIRTUAL java/lang/Class.getComponentType ()Ljava/lang/Class;
    ASTORE 3
   L11
    LINENUMBER 384 L11
    IINC 4 1
    GOTO L8
   L9
    LINENUMBER 386 L9
    ALOAD 3
    INVOKEVIRTUAL java/lang/Class.getName ()Ljava/lang/String;
    ASTORE 2
   L12
    LINENUMBER 387 L12
    ICONST_0
    ISTORE 5
   L13
    ILOAD 5
    ILOAD 4
    IF_ICMPGE L14
   L15
    LINENUMBER 388 L15
    NEW java/lang/StringBuilder
    DUP
    INVOKESPECIAL java/lang/StringBuilder.<init> ()V
    ALOAD 2
    INVOKEVIRTUAL java/lang/StringBuilder.append (Ljava/lang/String;)Ljava/lang/StringBuilder;
    LDC "[]"
    INVOKEVIRTUAL java/lang/StringBuilder.append (Ljava/lang/String;)Ljava/lang/StringBuilder;
    INVOKEVIRTUAL java/lang/StringBuilder.toString ()Ljava/lang/String;
    ASTORE 2
   L16
    LINENUMBER 387 L16
    IINC 5 1
    GOTO L13
   L14
    LINENUMBER 390 L14
    GOTO L4
   L5
    LINENUMBER 391 L5
    ALOAD 1
    INVOKEVIRTUAL java/lang/Class.getName ()Ljava/lang/String;
    ASTORE 2
   L4
    LINENUMBER 393 L4
    ALOAD 2
    LDC "java.lang."
    INVOKEVIRTUAL java/lang/String.startsWith (Ljava/lang/String;)Z
    IFNE L17
    ALOAD 2
    LDC "java.util."
   L18
    LINENUMBER 394 L18
    INVOKEVIRTUAL java/lang/String.startsWith (Ljava/lang/String;)Z
    IFNE L17
    ALOAD 2
    LDC "java.math."
   L19
    LINENUMBER 395 L19
    INVOKEVIRTUAL java/lang/String.startsWith (Ljava/lang/String;)Z
    IFEQ L20
   L17
    LINENUMBER 396 L17
    ALOAD 2
    LDC "java.lang."
    INVOKEVIRTUAL java/lang/String.length ()I
    INVOKEVIRTUAL java/lang/String.substring (I)Ljava/lang/String;
    ASTORE 2
    GOTO L21
   L20
    LINENUMBER 397 L20
    ALOAD 2
    LDC "org.apache.commons.beanutils.converters."
    INVOKEVIRTUAL java/lang/String.startsWith (Ljava/lang/String;)Z
    IFEQ L21
   L22
    LINENUMBER 398 L22
    ALOAD 2
    LDC "org.apache.commons.beanutils.converters."
    INVOKEVIRTUAL java/lang/String.length ()I
    INVOKEVIRTUAL java/lang/String.substring (I)Ljava/lang/String;
    ASTORE 2
   L21
    LINENUMBER 400 L21
    ALOAD 2
    ARETURN
   L23
    LOCALVARIABLE i I L13 L14 5
    LOCALVARIABLE elementType Ljava/lang/Class; L7 L14 3
    LOCALVARIABLE count I L8 L14 4
    LOCALVARIABLE this Lcom/examples/with/different/packagename/testcarver/AbstractConverter; L0 L23 0
    LOCALVARIABLE type Ljava/lang/Class; L0 L23 1
    LOCALVARIABLE typeName Ljava/lang/String; L1 L23 2
    MAXSTACK = 2
    MAXLOCALS = 6

  // access flags 0x1
  public isUseDefault()Z
    TRYCATCHBLOCK L0 L1 L2 java/lang/Throwable
    ACONST_NULL
    ASTORE 1
   L0
    LDC -2147483620
    ALOAD 0
    LDC "isUseDefault"
    LDC "()Z"
    BIPUSH 0
    ANEWARRAY java/lang/Object
    INVOKESTATIC org/evosuite/testcarver/capture/Capturer.capture (ILjava/lang/Object;Ljava/lang/String;Ljava/lang/String;[Ljava/lang/Object;)V
    ALOAD 0
    INVOKEVIRTUAL com/examples/with/different/packagename/testcarver/AbstractConverter._sw_prototype_original_isUseDefault ()Z
    INVOKESTATIC java/lang/Boolean.valueOf (Z)Ljava/lang/Boolean;
    ASTORE 1
    ALOAD 1
    INVOKEVIRTUAL java/lang/Boolean.booleanValue ()Z
    ISTORE 3
   L1
    LDC -2147483620
    ALOAD 0
    ALOAD 1
    INVOKESTATIC org/evosuite/testcarver/capture/Capturer.enable (ILjava/lang/Object;Ljava/lang/Object;)V
    ILOAD 3
    IRETURN
   L2
   FRAME FULL [com/examples/with/different/packagename/testcarver/AbstractConverter java/lang/Boolean] [java/lang/Throwable]
    ASTORE 2
    LDC -2147483620
    ALOAD 0
    ALOAD 1
    INVOKESTATIC org/evosuite/testcarver/capture/Capturer.enable (ILjava/lang/Object;Ljava/lang/Object;)V
    ALOAD 2
    ATHROW
    MAXSTACK = 5
    MAXLOCALS = 0

  // access flags 0x1
  public convert(Ljava/lang/Class;Ljava/lang/Object;)Ljava/lang/Object;
    TRYCATCHBLOCK L0 L1 L2 java/lang/Throwable
    ACONST_NULL
    ASTORE 3
   L0
    LDC -2147483619
    ALOAD 0
    LDC "convert"
    LDC "(Ljava/lang/Class;Ljava/lang/Object;)Ljava/lang/Object;"
    BIPUSH 2
    ANEWARRAY java/lang/Object
    DUP
    BIPUSH 0
    ALOAD 1
    AASTORE
    DUP
    BIPUSH 1
    ALOAD 2
    AASTORE
    INVOKESTATIC org/evosuite/testcarver/capture/Capturer.capture (ILjava/lang/Object;Ljava/lang/String;Ljava/lang/String;[Ljava/lang/Object;)V
    ALOAD 0
    ALOAD 1
    ALOAD 2
    INVOKEVIRTUAL com/examples/with/different/packagename/testcarver/AbstractConverter._sw_prototype_original_convert (Ljava/lang/Class;Ljava/lang/Object;)Ljava/lang/Object;
    ASTORE 3
    ALOAD 3
    ASTORE 5
   L1
    LDC -2147483619
    ALOAD 0
    ALOAD 3
    INVOKESTATIC org/evosuite/testcarver/capture/Capturer.enable (ILjava/lang/Object;Ljava/lang/Object;)V
    ALOAD 5
    ARETURN
   L2
   FRAME FULL [com/examples/with/different/packagename/testcarver/AbstractConverter java/lang/Object] [java/lang/Throwable]
    ASTORE 4
    LDC -2147483619
    ALOAD 0
    ALOAD 3
    INVOKESTATIC org/evosuite/testcarver/capture/Capturer.enable (ILjava/lang/Object;Ljava/lang/Object;)V
    ALOAD 4
    ATHROW
    MAXSTACK = 8
    MAXLOCALS = 0

  // access flags 0x1
  public toString()Ljava/lang/String;
    TRYCATCHBLOCK L0 L1 L2 java/lang/Throwable
    ACONST_NULL
    ASTORE 1
   L0
    LDC -2147483617
    ALOAD 0
    LDC "toString"
    LDC "()Ljava/lang/String;"
    BIPUSH 0
    ANEWARRAY java/lang/Object
    INVOKESTATIC org/evosuite/testcarver/capture/Capturer.capture (ILjava/lang/Object;Ljava/lang/String;Ljava/lang/String;[Ljava/lang/Object;)V
    ALOAD 0
    INVOKEVIRTUAL com/examples/with/different/packagename/testcarver/AbstractConverter._sw_prototype_original_toString ()Ljava/lang/String;
    ASTORE 1
    ALOAD 1
    ASTORE 3
   L1
    LDC -2147483617
    ALOAD 0
    ALOAD 1
    INVOKESTATIC org/evosuite/testcarver/capture/Capturer.enable (ILjava/lang/Object;Ljava/lang/Object;)V
    ALOAD 3
    ARETURN
   L2
   FRAME FULL [com/examples/with/different/packagename/testcarver/AbstractConverter java/lang/String] [java/lang/Throwable]
    ASTORE 2
    LDC -2147483617
    ALOAD 0
    ALOAD 1
    INVOKESTATIC org/evosuite/testcarver/capture/Capturer.enable (ILjava/lang/Object;Ljava/lang/Object;)V
    ALOAD 2
    ATHROW
    MAXSTACK = 7
    MAXLOCALS = 0
}
INFO  org.evosuite.testcarver.extraction.CarvingClassLoader - Seeing class for first time: com.examples.with.different.packagename.testcarver.Converter
WARN  org.evosuite.testcarver.extraction.CarvingClassLoader - Instrumenting class 'com.examples.with.different.packagename.testcarver.Converter'.
INFO  org.evosuite.testcarver.extraction.CarvingClassLoader - Keeping class: com.examples.with.different.packagename.testcarver.Converter
INFO  org.evosuite.testcarver.extraction.CarvingClassLoader - Keeping class: com.examples.with.different.packagename.testcarver.AbstractConverter
INFO  org.evosuite.testcarver.extraction.CarvingClassLoader - Keeping class: com.examples.with.different.packagename.testcarver.NumberConverter
INFO  org.evosuite.testcarver.extraction.CarvingClassLoader - Keeping class: com.examples.with.different.packagename.testcarver.IntegerConverter
INFO  org.evosuite.testcarver.extraction.CarvingClassLoader - Seeing class for first time: com.examples.with.different.packagename.testcarver.IntegerConverterTestCase
WARN  org.evosuite.testcarver.extraction.CarvingClassLoader - Instrumenting class 'com.examples.with.different.packagename.testcarver.IntegerConverterTestCase'.
INFO  org.evosuite.testcarver.instrument.Instrumenter - Checking package com.examples.with.different.packagename.testcarver for class com/examples/with/different/packagename/testcarver/IntegerConverterTestCase
// class version 52.0 (52)
// access flags 0x21
public class com/examples/with/different/packagename/testcarver/IntegerConverterTestCase extends com/examples/with/different/packagename/testcarver/NumberConverterTestBase {

  // compiled from: IntegerConverterTestCase.java

  // access flags 0x2
  private Lcom/examples/with/different/packagename/testcarver/Converter; converter

  // access flags 0x2
  private _sw_prototype_original_init_sw_prototype_original_(Ljava/lang/String;)V
    ALOAD 0
    INVOKESTATIC org/evosuite/testcarver/capture/FieldRegistry.register (Ljava/lang/Object;)V
   L0
    LINENUMBER 36 L0
    ALOAD 0
    ACONST_NULL
    DUP2
    PUTFIELD com/examples/with/different/packagename/testcarver/IntegerConverterTestCase.converter : Lcom/examples/with/different/packagename/testcarver/Converter;
    POP
    LDC -2147483616
    LDC "com/examples/with/different/packagename/testcarver/IntegerConverterTestCase"
    LDC "converter"
    LDC "Lcom/examples/with/different/packagename/testcarver/Converter;"
    INVOKESTATIC org/evosuite/testcarver/capture/FieldRegistry.notifyModification (Ljava/lang/Object;ILjava/lang/String;Ljava/lang/String;Ljava/lang/String;)V
   L1
    LINENUMBER 42 L1
    RETURN
   L2
    LOCALVARIABLE this Lcom/examples/with/different/packagename/testcarver/IntegerConverterTestCase; L3 L2 0
    LOCALVARIABLE name Ljava/lang/String; L3 L2 1
    MAXSTACK = 6
    MAXLOCALS = 2

  // access flags 0x2
  private _sw_prototype_original_setUp()V throws java/lang/Exception
   L0
    LINENUMBER 47 L0
    ALOAD 0
    ALOAD 0
    INVOKEVIRTUAL com/examples/with/different/packagename/testcarver/IntegerConverterTestCase.makeConverter ()Lcom/examples/with/different/packagename/testcarver/NumberConverter;
    DUP2
    PUTFIELD com/examples/with/different/packagename/testcarver/IntegerConverterTestCase.converter : Lcom/examples/with/different/packagename/testcarver/Converter;
    POP
    LDC -2147483613
    LDC "com/examples/with/different/packagename/testcarver/IntegerConverterTestCase"
    LDC "converter"
    LDC "Lcom/examples/with/different/packagename/testcarver/Converter;"
    INVOKESTATIC org/evosuite/testcarver/capture/FieldRegistry.notifyModification (Ljava/lang/Object;ILjava/lang/String;Ljava/lang/String;Ljava/lang/String;)V
   L1
    LINENUMBER 48 L1
    ALOAD 0
    DUP
    GETFIELD com/examples/with/different/packagename/testcarver/IntegerConverterTestCase.numbers : [Ljava/lang/Number;
    SWAP
    LDC -2147483611
    LDC "com/examples/with/different/packagename/testcarver/IntegerConverterTestCase"
    LDC "numbers"
    LDC "[Ljava/lang/Number;"
    INVOKESTATIC org/evosuite/testcarver/capture/FieldRegistry.notifyReadAccess (Ljava/lang/Object;ILjava/lang/String;Ljava/lang/String;Ljava/lang/String;)V
    ICONST_0
    NEW java/lang/Integer
    DUP
    LDC "-12"
    INVOKESPECIAL java/lang/Integer.<init> (Ljava/lang/String;)V
    AASTORE
   L2
    LINENUMBER 49 L2
    ALOAD 0
    DUP
    GETFIELD com/examples/with/different/packagename/testcarver/IntegerConverterTestCase.numbers : [Ljava/lang/Number;
    SWAP
    LDC -2147483610
    LDC "com/examples/with/different/packagename/testcarver/IntegerConverterTestCase"
    LDC "numbers"
    LDC "[Ljava/lang/Number;"
    INVOKESTATIC org/evosuite/testcarver/capture/FieldRegistry.notifyReadAccess (Ljava/lang/Object;ILjava/lang/String;Ljava/lang/String;Ljava/lang/String;)V
    ICONST_1
    NEW java/lang/Integer
    DUP
    LDC "13"
    INVOKESPECIAL java/lang/Integer.<init> (Ljava/lang/String;)V
    AASTORE
   L3
    LINENUMBER 50 L3
    ALOAD 0
    DUP
    GETFIELD com/examples/with/different/packagename/testcarver/IntegerConverterTestCase.numbers : [Ljava/lang/Number;
    SWAP
    LDC -2147483609
    LDC "com/examples/with/different/packagename/testcarver/IntegerConverterTestCase"
    LDC "numbers"
    LDC "[Ljava/lang/Number;"
    INVOKESTATIC org/evosuite/testcarver/capture/FieldRegistry.notifyReadAccess (Ljava/lang/Object;ILjava/lang/String;Ljava/lang/String;Ljava/lang/String;)V
    ICONST_2
    NEW java/lang/Integer
    DUP
    LDC "-22"
    INVOKESPECIAL java/lang/Integer.<init> (Ljava/lang/String;)V
    AASTORE
   L4
    LINENUMBER 51 L4
    ALOAD 0
    DUP
    GETFIELD com/examples/with/different/packagename/testcarver/IntegerConverterTestCase.numbers : [Ljava/lang/Number;
    SWAP
    LDC -2147483608
    LDC "com/examples/with/different/packagename/testcarver/IntegerConverterTestCase"
    LDC "numbers"
    LDC "[Ljava/lang/Number;"
    INVOKESTATIC org/evosuite/testcarver/capture/FieldRegistry.notifyReadAccess (Ljava/lang/Object;ILjava/lang/String;Ljava/lang/String;Ljava/lang/String;)V
    ICONST_3
    NEW java/lang/Integer
    DUP
    LDC "23"
    INVOKESPECIAL java/lang/Integer.<init> (Ljava/lang/String;)V
    AASTORE
   L5
    LINENUMBER 52 L5
    RETURN
   L6
    LOCALVARIABLE this Lcom/examples/with/different/packagename/testcarver/IntegerConverterTestCase; L0 L6 0
    MAXSTACK = 9
    MAXLOCALS = 1

  // access flags 0xA
  private static _sw_prototype_original_suite()Ljunit/framework/TestSuite;
   L0
    LINENUMBER 55 L0
    NEW junit/framework/TestSuite
    DUP
    LDC Lcom/examples/with/different/packagename/testcarver/IntegerConverterTestCase;.class
    INVOKESPECIAL junit/framework/TestSuite.<init> (Ljava/lang/Class;)V
    ARETURN
    MAXSTACK = 7
    MAXLOCALS = 0

  // access flags 0x2
  private _sw_prototype_original_tearDown()V throws java/lang/Exception
   L0
    LINENUMBER 59 L0
    ALOAD 0
    ACONST_NULL
    DUP2
    PUTFIELD com/examples/with/different/packagename/testcarver/IntegerConverterTestCase.converter : Lcom/examples/with/different/packagename/testcarver/Converter;
    POP
    LDC -2147483605
    LDC "com/examples/with/different/packagename/testcarver/IntegerConverterTestCase"
    LDC "converter"
    LDC "Lcom/examples/with/different/packagename/testcarver/Converter;"
    INVOKESTATIC org/evosuite/testcarver/capture/FieldRegistry.notifyModification (Ljava/lang/Object;ILjava/lang/String;Ljava/lang/String;Ljava/lang/String;)V
   L1
    LINENUMBER 60 L1
    RETURN
   L2
    LOCALVARIABLE this Lcom/examples/with/different/packagename/testcarver/IntegerConverterTestCase; L0 L2 0
    MAXSTACK = 6
    MAXLOCALS = 1

  // access flags 0x4
  protected makeConverter()Lcom/examples/with/different/packagename/testcarver/NumberConverter;
   L0
    LINENUMBER 65 L0
    NEW com/examples/with/different/packagename/testcarver/IntegerConverter
    DUP
    INVOKESPECIAL com/examples/with/different/packagename/testcarver/IntegerConverter.<init> ()V
    ARETURN
   L1
    LOCALVARIABLE this Lcom/examples/with/different/packagename/testcarver/IntegerConverterTestCase; L0 L1 0
    MAXSTACK = 2
    MAXLOCALS = 1

  // access flags 0x4
  protected makeConverter(Ljava/lang/Object;)Lcom/examples/with/different/packagename/testcarver/NumberConverter;
   L0
    LINENUMBER 69 L0
    NEW com/examples/with/different/packagename/testcarver/IntegerConverter
    DUP
    ALOAD 1
    INVOKESPECIAL com/examples/with/different/packagename/testcarver/IntegerConverter.<init> (Ljava/lang/Object;)V
    ARETURN
   L1
    LOCALVARIABLE this Lcom/examples/with/different/packagename/testcarver/IntegerConverterTestCase; L0 L1 0
    LOCALVARIABLE defaultValue Ljava/lang/Object; L0 L1 1
    MAXSTACK = 3
    MAXLOCALS = 2

  // access flags 0x4
  protected getExpectedType()Ljava/lang/Class;
   L0
    LINENUMBER 73 L0
    LDC Ljava/lang/Integer;.class
    ARETURN
   L1
    LOCALVARIABLE this Lcom/examples/with/different/packagename/testcarver/IntegerConverterTestCase; L0 L1 0
    MAXSTACK = 1
    MAXLOCALS = 1

  // access flags 0x2
  private _sw_prototype_original_testSimpleConversion()V throws java/lang/Exception
   L0
    LINENUMBER 79 L0
    BIPUSH 13
    ANEWARRAY java/lang/String
    DUP
    ICONST_0
    LDC "from String"
    AASTORE
    DUP
    ICONST_1
    LDC "from String"
    AASTORE
    DUP
    ICONST_2
    LDC "from String"
    AASTORE
    DUP
    ICONST_3
    LDC "from String"
    AASTORE
    DUP
    ICONST_4
    LDC "from String"
    AASTORE
    DUP
    ICONST_5
    LDC "from String"
    AASTORE
    DUP
    BIPUSH 6
    LDC "from String"
    AASTORE
    DUP
    BIPUSH 7
    LDC "from Byte"
    AASTORE
    DUP
    BIPUSH 8
    LDC "from Short"
    AASTORE
    DUP
    BIPUSH 9
    LDC "from Integer"
    AASTORE
    DUP
    BIPUSH 10
    LDC "from Long"
    AASTORE
    DUP
    BIPUSH 11
    LDC "from Float"
    AASTORE
    DUP
    BIPUSH 12
    LDC "from Double"
    AASTORE
    ASTORE 1
   L1
    LINENUMBER 95 L1
    BIPUSH 13
    ANEWARRAY java/lang/Object
    DUP
    ICONST_0
    LDC -2147483648
   L2
    LINENUMBER 96 L2
    INVOKESTATIC java/lang/String.valueOf (I)Ljava/lang/String;
    AASTORE
    DUP
    ICONST_1
    LDC "-17"
    AASTORE
    DUP
    ICONST_2
    LDC "-1"
    AASTORE
    DUP
    ICONST_3
    LDC "0"
    AASTORE
    DUP
    ICONST_4
    LDC "1"
    AASTORE
    DUP
    ICONST_5
    LDC "17"
    AASTORE
    DUP
    BIPUSH 6
    LDC 2147483647
   L3
    LINENUMBER 102 L3
    INVOKESTATIC java/lang/String.valueOf (I)Ljava/lang/String;
    AASTORE
    DUP
    BIPUSH 7
    BIPUSH 7
   L4
    LINENUMBER 103 L4
    INVOKESTATIC java/lang/Byte.valueOf (B)Ljava/lang/Byte;
    AASTORE
    DUP
    BIPUSH 8
    BIPUSH 8
   L5
    LINENUMBER 104 L5
    INVOKESTATIC java/lang/Short.valueOf (S)Ljava/lang/Short;
    AASTORE
    DUP
    BIPUSH 9
    BIPUSH 9
   L6
    LINENUMBER 105 L6
    INVOKESTATIC java/lang/Integer.valueOf (I)Ljava/lang/Integer;
    AASTORE
    DUP
    BIPUSH 10
    LDC 10L
   L7
    LINENUMBER 106 L7
    INVOKESTATIC java/lang/Long.valueOf (J)Ljava/lang/Long;
    AASTORE
    DUP
    BIPUSH 11
    LDC 11.1F
   L8
    LINENUMBER 107 L8
    INVOKESTATIC java/lang/Float.valueOf (F)Ljava/lang/Float;
    AASTORE
    DUP
    BIPUSH 12
    LDC 12.2D
   L9
    LINENUMBER 108 L9
    INVOKESTATIC java/lang/Double.valueOf (D)Ljava/lang/Double;
    AASTORE
    ASTORE 2
   L10
    LINENUMBER 111 L10
    BIPUSH 13
    ANEWARRAY java/lang/Integer
    DUP
    ICONST_0
    LDC -2147483648
   L11
    LINENUMBER 112 L11
    INVOKESTATIC java/lang/Integer.valueOf (I)Ljava/lang/Integer;
    AASTORE
    DUP
    ICONST_1
    BIPUSH -17
   L12
    LINENUMBER 113 L12
    INVOKESTATIC java/lang/Integer.valueOf (I)Ljava/lang/Integer;
    AASTORE
    DUP
    ICONST_2
    ICONST_M1
   L13
    LINENUMBER 114 L13
    INVOKESTATIC java/lang/Integer.valueOf (I)Ljava/lang/Integer;
    AASTORE
    DUP
    ICONST_3
    ICONST_0
   L14
    LINENUMBER 115 L14
    INVOKESTATIC java/lang/Integer.valueOf (I)Ljava/lang/Integer;
    AASTORE
    DUP
    ICONST_4
    ICONST_1
   L15
    LINENUMBER 116 L15
    INVOKESTATIC java/lang/Integer.valueOf (I)Ljava/lang/Integer;
    AASTORE
    DUP
    ICONST_5
    BIPUSH 17
   L16
    LINENUMBER 117 L16
    INVOKESTATIC java/lang/Integer.valueOf (I)Ljava/lang/Integer;
    AASTORE
    DUP
    BIPUSH 6
    LDC 2147483647
   L17
    LINENUMBER 118 L17
    INVOKESTATIC java/lang/Integer.valueOf (I)Ljava/lang/Integer;
    AASTORE
    DUP
    BIPUSH 7
    BIPUSH 7
   L18
    LINENUMBER 119 L18
    INVOKESTATIC java/lang/Integer.valueOf (I)Ljava/lang/Integer;
    AASTORE
    DUP
    BIPUSH 8
    BIPUSH 8
   L19
    LINENUMBER 120 L19
    INVOKESTATIC java/lang/Integer.valueOf (I)Ljava/lang/Integer;
    AASTORE
    DUP
    BIPUSH 9
    BIPUSH 9
   L20
    LINENUMBER 121 L20
    INVOKESTATIC java/lang/Integer.valueOf (I)Ljava/lang/Integer;
    AASTORE
    DUP
    BIPUSH 10
    BIPUSH 10
   L21
    LINENUMBER 122 L21
    INVOKESTATIC java/lang/Integer.valueOf (I)Ljava/lang/Integer;
    AASTORE
    DUP
    BIPUSH 11
    BIPUSH 11
   L22
    LINENUMBER 123 L22
    INVOKESTATIC java/lang/Integer.valueOf (I)Ljava/lang/Integer;
    AASTORE
    DUP
    BIPUSH 12
    BIPUSH 12
   L23
    LINENUMBER 124 L23
    INVOKESTATIC java/lang/Integer.valueOf (I)Ljava/lang/Integer;
    AASTORE
    ASTORE 3
   L24
    LINENUMBER 127 L24
    ICONST_0
    ISTORE 4
   L25
    ILOAD 4
    ALOAD 3
    ARRAYLENGTH
    IF_ICMPGE L26
   L27
    LINENUMBER 128 L27
    NEW java/lang/StringBuilder
    DUP
    INVOKESPECIAL java/lang/StringBuilder.<init> ()V
    ALOAD 1
    ILOAD 4
    AALOAD
    INVOKEVIRTUAL java/lang/StringBuilder.append (Ljava/lang/String;)Ljava/lang/StringBuilder;
    LDC " to Integer"
    INVOKEVIRTUAL java/lang/StringBuilder.append (Ljava/lang/String;)Ljava/lang/StringBuilder;
    INVOKEVIRTUAL java/lang/StringBuilder.toString ()Ljava/lang/String;
    ALOAD 3
    ILOAD 4
    AALOAD
    ALOAD 0
    DUP
    GETFIELD com/examples/with/different/packagename/testcarver/IntegerConverterTestCase.converter : Lcom/examples/with/different/packagename/testcarver/Converter;
    SWAP
    LDC -2147483602
    LDC "com/examples/with/different/packagename/testcarver/IntegerConverterTestCase"
    LDC "converter"
    LDC "Lcom/examples/with/different/packagename/testcarver/Converter;"
    INVOKESTATIC org/evosuite/testcarver/capture/FieldRegistry.notifyReadAccess (Ljava/lang/Object;ILjava/lang/String;Ljava/lang/String;Ljava/lang/String;)V
    LDC Ljava/lang/Integer;.class
    ALOAD 2
    ILOAD 4
    AALOAD
    INVOKEINTERFACE com/examples/with/different/packagename/testcarver/Converter.convert (Ljava/lang/Class;Ljava/lang/Object;)Ljava/lang/Object; (itf)
    INVOKESTATIC com/examples/with/different/packagename/testcarver/IntegerConverterTestCase.assertEquals (Ljava/lang/String;Ljava/lang/Object;Ljava/lang/Object;)V
   L28
    LINENUMBER 129 L28
    NEW java/lang/StringBuilder
    DUP
    INVOKESPECIAL java/lang/StringBuilder.<init> ()V
    ALOAD 1
    ILOAD 4
    AALOAD
    INVOKEVIRTUAL java/lang/StringBuilder.append (Ljava/lang/String;)Ljava/lang/StringBuilder;
    LDC " to int"
    INVOKEVIRTUAL java/lang/StringBuilder.append (Ljava/lang/String;)Ljava/lang/StringBuilder;
    INVOKEVIRTUAL java/lang/StringBuilder.toString ()Ljava/lang/String;
    ALOAD 3
    ILOAD 4
    AALOAD
    ALOAD 0
    DUP
    GETFIELD com/examples/with/different/packagename/testcarver/IntegerConverterTestCase.converter : Lcom/examples/with/different/packagename/testcarver/Converter;
    SWAP
    LDC -2147483601
    LDC "com/examples/with/different/packagename/testcarver/IntegerConverterTestCase"
    LDC "converter"
    LDC "Lcom/examples/with/different/packagename/testcarver/Converter;"
    INVOKESTATIC org/evosuite/testcarver/capture/FieldRegistry.notifyReadAccess (Ljava/lang/Object;ILjava/lang/String;Ljava/lang/String;Ljava/lang/String;)V
    GETSTATIC java/lang/Integer.TYPE : Ljava/lang/Class;
    ACONST_NULL
    LDC -2147483600
    LDC "java/lang/Integer"
    LDC "TYPE"
    LDC "Ljava/lang/Class;"
    INVOKESTATIC org/evosuite/testcarver/capture/FieldRegistry.notifyReadAccess (Ljava/lang/Object;ILjava/lang/String;Ljava/lang/String;Ljava/lang/String;)V
    ALOAD 2
    ILOAD 4
    AALOAD
    INVOKEINTERFACE com/examples/with/different/packagename/testcarver/Converter.convert (Ljava/lang/Class;Ljava/lang/Object;)Ljava/lang/Object; (itf)
    INVOKESTATIC com/examples/with/different/packagename/testcarver/IntegerConverterTestCase.assertEquals (Ljava/lang/String;Ljava/lang/Object;Ljava/lang/Object;)V
   L29
    LINENUMBER 130 L29
    NEW java/lang/StringBuilder
    DUP
    INVOKESPECIAL java/lang/StringBuilder.<init> ()V
    ALOAD 1
    ILOAD 4
    AALOAD
    INVOKEVIRTUAL java/lang/StringBuilder.append (Ljava/lang/String;)Ljava/lang/StringBuilder;
    LDC " to null type"
    INVOKEVIRTUAL java/lang/StringBuilder.append (Ljava/lang/String;)Ljava/lang/StringBuilder;
    INVOKEVIRTUAL java/lang/StringBuilder.toString ()Ljava/lang/String;
    ALOAD 3
    ILOAD 4
    AALOAD
    ALOAD 0
    DUP
    GETFIELD com/examples/with/different/packagename/testcarver/IntegerConverterTestCase.converter : Lcom/examples/with/different/packagename/testcarver/Converter;
    SWAP
    LDC -2147483599
    LDC "com/examples/with/different/packagename/testcarver/IntegerConverterTestCase"
    LDC "converter"
    LDC "Lcom/examples/with/different/packagename/testcarver/Converter;"
    INVOKESTATIC org/evosuite/testcarver/capture/FieldRegistry.notifyReadAccess (Ljava/lang/Object;ILjava/lang/String;Ljava/lang/String;Ljava/lang/String;)V
    ACONST_NULL
    ALOAD 2
    ILOAD 4
    AALOAD
    INVOKEINTERFACE com/examples/with/different/packagename/testcarver/Converter.convert (Ljava/lang/Class;Ljava/lang/Object;)Ljava/lang/Object; (itf)
    INVOKESTATIC com/examples/with/different/packagename/testcarver/IntegerConverterTestCase.assertEquals (Ljava/lang/String;Ljava/lang/Object;Ljava/lang/Object;)V
   L30
    LINENUMBER 127 L30
    IINC 4 1
    GOTO L25
   L26
    LINENUMBER 132 L26
    RETURN
   L31
    LOCALVARIABLE i I L25 L26 4
    LOCALVARIABLE this Lcom/examples/with/different/packagename/testcarver/IntegerConverterTestCase; L0 L31 0
    LOCALVARIABLE message [Ljava/lang/String; L1 L31 1
    LOCALVARIABLE input [Ljava/lang/Object; L10 L31 2
    LOCALVARIABLE expected [Ljava/lang/Integer; L24 L31 3
    MAXSTACK = 10
    MAXLOCALS = 5

  // access flags 0x2
  private _sw_prototype_original_testInvalidAmount()V
    TRYCATCHBLOCK L0 L1 L2 java/lang/Exception
    TRYCATCHBLOCK L3 L4 L5 java/lang/Exception
   L6
    LINENUMBER 138 L6
    ALOAD 0
    INVOKEVIRTUAL com/examples/with/different/packagename/testcarver/IntegerConverterTestCase.makeConverter ()Lcom/examples/with/different/packagename/testcarver/NumberConverter;
    ASTORE 1
   L7
    LINENUMBER 139 L7
    LDC Ljava/lang/Integer;.class
    ASTORE 2
   L8
    LINENUMBER 141 L8
    LDC -2147483648L
    INVOKESTATIC java/lang/Long.valueOf (J)Ljava/lang/Long;
    ASTORE 3
   L9
    LINENUMBER 142 L9
    LDC 2147483647L
    INVOKESTATIC java/lang/Long.valueOf (J)Ljava/lang/Long;
    ASTORE 4
   L10
    LINENUMBER 143 L10
    ALOAD 3
    INVOKEVIRTUAL java/lang/Long.longValue ()J
    LCONST_1
    LSUB
    INVOKESTATIC java/lang/Long.valueOf (J)Ljava/lang/Long;
    ASTORE 5
   L11
    LINENUMBER 144 L11
    ALOAD 4
    INVOKEVIRTUAL java/lang/Long.longValue ()J
    LCONST_1
    LADD
    INVOKESTATIC java/lang/Long.valueOf (J)Ljava/lang/Long;
    ASTORE 6
   L12
    LINENUMBER 147 L12
    LDC "Minimum"
    LDC -2147483648
    INVOKESTATIC java/lang/Integer.valueOf (I)Ljava/lang/Integer;
    ALOAD 1
    ALOAD 2
    ALOAD 3
    INVOKEINTERFACE com/examples/with/different/packagename/testcarver/Converter.convert (Ljava/lang/Class;Ljava/lang/Object;)Ljava/lang/Object; (itf)
    INVOKESTATIC com/examples/with/different/packagename/testcarver/IntegerConverterTestCase.assertEquals (Ljava/lang/String;Ljava/lang/Object;Ljava/lang/Object;)V
   L13
    LINENUMBER 150 L13
    LDC "Maximum"
    LDC 2147483647
    INVOKESTATIC java/lang/Integer.valueOf (I)Ljava/lang/Integer;
    ALOAD 1
    ALOAD 2
    ALOAD 4
    INVOKEINTERFACE com/examples/with/different/packagename/testcarver/Converter.convert (Ljava/lang/Class;Ljava/lang/Object;)Ljava/lang/Object; (itf)
    INVOKESTATIC com/examples/with/different/packagename/testcarver/IntegerConverterTestCase.assertEquals (Ljava/lang/String;Ljava/lang/Object;Ljava/lang/Object;)V
   L0
    LINENUMBER 154 L0
    LDC "Minimum - 1"
    ALOAD 1
    ALOAD 2
    ALOAD 5
    INVOKEINTERFACE com/examples/with/different/packagename/testcarver/Converter.convert (Ljava/lang/Class;Ljava/lang/Object;)Ljava/lang/Object; (itf)
    INVOKESTATIC com/examples/with/different/packagename/testcarver/IntegerConverterTestCase.assertNull (Ljava/lang/String;Ljava/lang/Object;)V
   L14
    LINENUMBER 155 L14
    LDC "Less than minimum, expected ConversionException"
    INVOKESTATIC com/examples/with/different/packagename/testcarver/IntegerConverterTestCase.fail (Ljava/lang/String;)V
   L1
    LINENUMBER 158 L1
    GOTO L3
   L2
    LINENUMBER 156 L2
    ASTORE 7
   L3
    LINENUMBER 162 L3
    LDC "Maximum + 1"
    ALOAD 1
    ALOAD 2
    ALOAD 6
    INVOKEINTERFACE com/examples/with/different/packagename/testcarver/Converter.convert (Ljava/lang/Class;Ljava/lang/Object;)Ljava/lang/Object; (itf)
    INVOKESTATIC com/examples/with/different/packagename/testcarver/IntegerConverterTestCase.assertNull (Ljava/lang/String;Ljava/lang/Object;)V
   L15
    LINENUMBER 163 L15
    LDC "More than maximum, expected ConversionException"
    INVOKESTATIC com/examples/with/different/packagename/testcarver/IntegerConverterTestCase.fail (Ljava/lang/String;)V
   L4
    LINENUMBER 166 L4
    GOTO L16
   L5
    LINENUMBER 164 L5
    ASTORE 7
   L16
    LINENUMBER 167 L16
    RETURN
   L17
    LOCALVARIABLE this Lcom/examples/with/different/packagename/testcarver/IntegerConverterTestCase; L6 L17 0
    LOCALVARIABLE converter Lcom/examples/with/different/packagename/testcarver/Converter; L7 L17 1
    LOCALVARIABLE clazz Ljava/lang/Class; L8 L17 2
    LOCALVARIABLE min Ljava/lang/Long; L9 L17 3
    LOCALVARIABLE max Ljava/lang/Long; L10 L17 4
    LOCALVARIABLE minMinusOne Ljava/lang/Long; L11 L17 5
    LOCALVARIABLE maxPlusOne Ljava/lang/Long; L12 L17 6
    MAXSTACK = 9
    MAXLOCALS = 8

  // access flags 0x1
  public <init>(Ljava/lang/String;)V
    TRYCATCHBLOCK L0 L1 L1 java/lang/Throwable
   L2
    LINENUMBER 41 L2
    ALOAD 0
    ALOAD 1
    INVOKESPECIAL com/examples/with/different/packagename/testcarver/NumberConverterTestBase.<init> (Ljava/lang/String;)V
   L0
    LDC -2147483614
    ALOAD 0
    LDC "<init>"
    LDC "(Ljava/lang/String;)V"
    BIPUSH 1
    ANEWARRAY java/lang/Object
    DUP
    BIPUSH 0
    ALOAD 1
    AASTORE
    INVOKESTATIC org/evosuite/testcarver/capture/Capturer.capture (ILjava/lang/Object;Ljava/lang/String;Ljava/lang/String;[Ljava/lang/Object;)V
    ALOAD 0
    ALOAD 1
    INVOKEVIRTUAL com/examples/with/different/packagename/testcarver/IntegerConverterTestCase._sw_prototype_original_init_sw_prototype_original_ (Ljava/lang/String;)V
    GOTO L3
   L1
   FRAME SAME1 java/lang/Throwable
    ASTORE 2
    LDC -2147483614
    ALOAD 0
    GETSTATIC org/evosuite/testcarver/capture/CaptureLog.RETURN_TYPE_VOID : Ljava/lang/Object;
    INVOKESTATIC org/evosuite/testcarver/capture/Capturer.enable (ILjava/lang/Object;Ljava/lang/Object;)V
    ALOAD 2
    ATHROW
   L3
   FRAME SAME
    LDC -2147483614
    ALOAD 0
    GETSTATIC org/evosuite/testcarver/capture/CaptureLog.RETURN_TYPE_VOID : Ljava/lang/Object;
    INVOKESTATIC org/evosuite/testcarver/capture/Capturer.enable (ILjava/lang/Object;Ljava/lang/Object;)V
    RETURN
    MAXSTACK = 6
    MAXLOCALS = 0

  // access flags 0x1
  public setUp()V throws java/lang/Exception
    TRYCATCHBLOCK L0 L1 L1 java/lang/Throwable
   L0
    LDC -2147483607
    ALOAD 0
    LDC "setUp"
    LDC "()V"
    BIPUSH 0
    ANEWARRAY java/lang/Object
    INVOKESTATIC org/evosuite/testcarver/capture/Capturer.capture (ILjava/lang/Object;Ljava/lang/String;Ljava/lang/String;[Ljava/lang/Object;)V
    ALOAD 0
    INVOKEVIRTUAL com/examples/with/different/packagename/testcarver/IntegerConverterTestCase._sw_prototype_original_setUp ()V
    GOTO L2
   L1
   FRAME SAME1 java/lang/Throwable
    ASTORE 1
    LDC -2147483607
    ALOAD 0
    GETSTATIC org/evosuite/testcarver/capture/CaptureLog.RETURN_TYPE_VOID : Ljava/lang/Object;
    INVOKESTATIC org/evosuite/testcarver/capture/Capturer.enable (ILjava/lang/Object;Ljava/lang/Object;)V
    ALOAD 1
    ATHROW
   L2
   FRAME SAME
    LDC -2147483607
    ALOAD 0
    GETSTATIC org/evosuite/testcarver/capture/CaptureLog.RETURN_TYPE_VOID : Ljava/lang/Object;
    INVOKESTATIC org/evosuite/testcarver/capture/Capturer.enable (ILjava/lang/Object;Ljava/lang/Object;)V
    RETURN
    MAXSTACK = 9
    MAXLOCALS = 0

  // access flags 0x9
  public static suite()Ljunit/framework/TestSuite;
    TRYCATCHBLOCK L0 L1 L2 java/lang/Throwable
    ACONST_NULL
    ASTORE 0
   L0
    LDC -2147483606
    LDC "com/examples/with/different/packagename/testcarver/IntegerConverterTestCase"
    INVOKESTATIC org/evosuite/testcarver/capture/CaptureUtil.loadClass (Ljava/lang/String;)Ljava/lang/Class;
    LDC "suite"
    LDC "()Ljunit/framework/TestSuite;"
    BIPUSH 0
    ANEWARRAY java/lang/Object
    INVOKESTATIC org/evosuite/testcarver/capture/Capturer.capture (ILjava/lang/Object;Ljava/lang/String;Ljava/lang/String;[Ljava/lang/Object;)V
    INVOKESTATIC com/examples/with/different/packagename/testcarver/IntegerConverterTestCase._sw_prototype_original_suite ()Ljunit/framework/TestSuite;
    ASTORE 0
    ALOAD 0
    ASTORE 2
   L1
    LDC -2147483606
    LDC "com/examples/with/different/packagename/testcarver/IntegerConverterTestCase"
    INVOKESTATIC org/evosuite/testcarver/capture/CaptureUtil.loadClass (Ljava/lang/String;)Ljava/lang/Class;
    ALOAD 0
    INVOKESTATIC org/evosuite/testcarver/capture/Capturer.enable (ILjava/lang/Object;Ljava/lang/Object;)V
    ALOAD 2
    ARETURN
   L2
   FRAME FULL [com/examples/with/different/packagename/testcarver/IntegerConverterTestCase junit/framework/TestSuite] [java/lang/Throwable]
    ASTORE 1
    LDC -2147483606
    LDC "com/examples/with/different/packagename/testcarver/IntegerConverterTestCase"
    INVOKESTATIC org/evosuite/testcarver/capture/CaptureUtil.loadClass (Ljava/lang/String;)Ljava/lang/Class;
    ALOAD 0
    INVOKESTATIC org/evosuite/testcarver/capture/Capturer.enable (ILjava/lang/Object;Ljava/lang/Object;)V
    ALOAD 1
    ATHROW
    MAXSTACK = 7
    MAXLOCALS = 0

  // access flags 0x1
  public tearDown()V throws java/lang/Exception
    TRYCATCHBLOCK L0 L1 L1 java/lang/Throwable
   L0
    LDC -2147483603
    ALOAD 0
    LDC "tearDown"
    LDC "()V"
    BIPUSH 0
    ANEWARRAY java/lang/Object
    INVOKESTATIC org/evosuite/testcarver/capture/Capturer.capture (ILjava/lang/Object;Ljava/lang/String;Ljava/lang/String;[Ljava/lang/Object;)V
    ALOAD 0
    INVOKEVIRTUAL com/examples/with/different/packagename/testcarver/IntegerConverterTestCase._sw_prototype_original_tearDown ()V
    GOTO L2
   L1
   FRAME SAME1 java/lang/Throwable
    ASTORE 1
    LDC -2147483603
    ALOAD 0
    GETSTATIC org/evosuite/testcarver/capture/CaptureLog.RETURN_TYPE_VOID : Ljava/lang/Object;
    INVOKESTATIC org/evosuite/testcarver/capture/Capturer.enable (ILjava/lang/Object;Ljava/lang/Object;)V
    ALOAD 1
    ATHROW
   L2
   FRAME SAME
    LDC -2147483603
    ALOAD 0
    GETSTATIC org/evosuite/testcarver/capture/CaptureLog.RETURN_TYPE_VOID : Ljava/lang/Object;
    INVOKESTATIC org/evosuite/testcarver/capture/Capturer.enable (ILjava/lang/Object;Ljava/lang/Object;)V
    RETURN
    MAXSTACK = 6
    MAXLOCALS = 0

  // access flags 0x1
  public testSimpleConversion()V throws java/lang/Exception
    TRYCATCHBLOCK L0 L1 L1 java/lang/Throwable
   L0
    LDC -2147483598
    ALOAD 0
    LDC "testSimpleConversion"
    LDC "()V"
    BIPUSH 0
    ANEWARRAY java/lang/Object
    INVOKESTATIC org/evosuite/testcarver/capture/Capturer.capture (ILjava/lang/Object;Ljava/lang/String;Ljava/lang/String;[Ljava/lang/Object;)V
    ALOAD 0
    INVOKEVIRTUAL com/examples/with/different/packagename/testcarver/IntegerConverterTestCase._sw_prototype_original_testSimpleConversion ()V
    GOTO L2
   L1
   FRAME SAME1 java/lang/Throwable
    ASTORE 1
    LDC -2147483598
    ALOAD 0
    GETSTATIC org/evosuite/testcarver/capture/CaptureLog.RETURN_TYPE_VOID : Ljava/lang/Object;
    INVOKESTATIC org/evosuite/testcarver/capture/Capturer.enable (ILjava/lang/Object;Ljava/lang/Object;)V
    ALOAD 1
    ATHROW
   L2
   FRAME SAME
    LDC -2147483598
    ALOAD 0
    GETSTATIC org/evosuite/testcarver/capture/CaptureLog.RETURN_TYPE_VOID : Ljava/lang/Object;
    INVOKESTATIC org/evosuite/testcarver/capture/Capturer.enable (ILjava/lang/Object;Ljava/lang/Object;)V
    RETURN
    MAXSTACK = 10
    MAXLOCALS = 0

  // access flags 0x1
  public testInvalidAmount()V
    TRYCATCHBLOCK L0 L1 L1 java/lang/Throwable
   L0
    LDC -2147483597
    ALOAD 0
    LDC "testInvalidAmount"
    LDC "()V"
    BIPUSH 0
    ANEWARRAY java/lang/Object
    INVOKESTATIC org/evosuite/testcarver/capture/Capturer.capture (ILjava/lang/Object;Ljava/lang/String;Ljava/lang/String;[Ljava/lang/Object;)V
    ALOAD 0
    INVOKEVIRTUAL com/examples/with/different/packagename/testcarver/IntegerConverterTestCase._sw_prototype_original_testInvalidAmount ()V
    GOTO L2
   L1
   FRAME SAME1 java/lang/Throwable
    ASTORE 1
    LDC -2147483597
    ALOAD 0
    GETSTATIC org/evosuite/testcarver/capture/CaptureLog.RETURN_TYPE_VOID : Ljava/lang/Object;
    INVOKESTATIC org/evosuite/testcarver/capture/Capturer.enable (ILjava/lang/Object;Ljava/lang/Object;)V
    ALOAD 1
    ATHROW
   L2
   FRAME SAME
    LDC -2147483597
    ALOAD 0
    GETSTATIC org/evosuite/testcarver/capture/CaptureLog.RETURN_TYPE_VOID : Ljava/lang/Object;
    INVOKESTATIC org/evosuite/testcarver/capture/Capturer.enable (ILjava/lang/Object;Ljava/lang/Object;)V
    RETURN
    MAXSTACK = 9
    MAXLOCALS = 0
}
INFO  org.evosuite.testcarver.extraction.CarvingClassLoader - Seeing class for first time: com.examples.with.different.packagename.testcarver.NumberConverterTestBase
WARN  org.evosuite.testcarver.extraction.CarvingClassLoader - Instrumenting class 'com.examples.with.different.packagename.testcarver.NumberConverterTestBase'.
INFO  org.evosuite.testcarver.instrument.Instrumenter - Checking package com.examples.with.different.packagename.testcarver for class com/examples/with/different/packagename/testcarver/NumberConverterTestBase
// class version 52.0 (52)
// access flags 0x421
public abstract class com/examples/with/different/packagename/testcarver/NumberConverterTestBase extends junit/framework/TestCase {

  // compiled from: NumberConverterTestBase.java
  // access flags 0x0
  INNERCLASS com/examples/with/different/packagename/testcarver/NumberConverterTestBase$1 null null

  // access flags 0x4
  protected [Ljava/lang/Number; numbers

  // access flags 0x1
  public <init>(Ljava/lang/String;)V
   L0
    LINENUMBER 50 L0
    ALOAD 0
    ALOAD 1
    INVOKESPECIAL junit/framework/TestCase.<init> (Ljava/lang/String;)V
   L1
    LINENUMBER 45 L1
    ALOAD 0
    ICONST_4
    ANEWARRAY java/lang/Number
    PUTFIELD com/examples/with/different/packagename/testcarver/NumberConverterTestBase.numbers : [Ljava/lang/Number;
   L2
    LINENUMBER 51 L2
    RETURN
   L3
    LOCALVARIABLE this Lcom/examples/with/different/packagename/testcarver/NumberConverterTestBase; L0 L3 0
    LOCALVARIABLE name Ljava/lang/String; L0 L3 1
    MAXSTACK = 2
    MAXLOCALS = 2

  // access flags 0x404
  protected abstract makeConverter()Lcom/examples/with/different/packagename/testcarver/NumberConverter;

  // access flags 0x404
  protected abstract makeConverter(Ljava/lang/Object;)Lcom/examples/with/different/packagename/testcarver/NumberConverter;

  // access flags 0x404
  protected abstract getExpectedType()Ljava/lang/Class;

  // access flags 0x2
  private _sw_prototype_original_testConvertNull()V
    TRYCATCHBLOCK L0 L1 L2 com/examples/with/different/packagename/testcarver/ConversionException
   L0
    LINENUMBER 68 L0
    ALOAD 0
    INVOKEVIRTUAL com/examples/with/different/packagename/testcarver/NumberConverterTestBase.makeConverter ()Lcom/examples/with/different/packagename/testcarver/NumberConverter;
    ALOAD 0
    INVOKEVIRTUAL com/examples/with/different/packagename/testcarver/NumberConverterTestBase.getExpectedType ()Ljava/lang/Class;
    ACONST_NULL
    INVOKEVIRTUAL com/examples/with/different/packagename/testcarver/NumberConverter.convert (Ljava/lang/Class;Ljava/lang/Object;)Ljava/lang/Object;
    POP
   L3
    LINENUMBER 69 L3
    LDC "Expected ConversionException"
    INVOKESTATIC com/examples/with/different/packagename/testcarver/NumberConverterTestBase.fail (Ljava/lang/String;)V
   L1
    LINENUMBER 72 L1
    GOTO L4
   L2
    LINENUMBER 70 L2
    ASTORE 1
   L4
    LINENUMBER 73 L4
    RETURN
   L5
    LOCALVARIABLE this Lcom/examples/with/different/packagename/testcarver/NumberConverterTestBase; L0 L5 0
    MAXSTACK = 7
    MAXLOCALS = 2

  // access flags 0x2
  private _sw_prototype_original_testConvertNumber()V
   L0
    LINENUMBER 80 L0
    BIPUSH 9
    ANEWARRAY java/lang/String
    DUP
    ICONST_0
    LDC "from Byte"
    AASTORE
    DUP
    ICONST_1
    LDC "from Short"
    AASTORE
    DUP
    ICONST_2
    LDC "from Integer"
    AASTORE
    DUP
    ICONST_3
    LDC "from Long"
    AASTORE
    DUP
    ICONST_4
    LDC "from Float"
    AASTORE
    DUP
    ICONST_5
    LDC "from Double"
    AASTORE
    DUP
    BIPUSH 6
    LDC "from BigDecimal"
    AASTORE
    DUP
    BIPUSH 7
    LDC "from BigInteger"
    AASTORE
    DUP
    BIPUSH 8
    LDC "from Integer array"
    AASTORE
    ASTORE 1
   L1
    LINENUMBER 92 L1
    BIPUSH 9
    ANEWARRAY java/lang/Object
    DUP
    ICONST_0
    BIPUSH 7
   L2
    LINENUMBER 93 L2
    INVOKESTATIC java/lang/Byte.valueOf (B)Ljava/lang/Byte;
    AASTORE
    DUP
    ICONST_1
    BIPUSH 8
   L3
    LINENUMBER 94 L3
    INVOKESTATIC java/lang/Short.valueOf (S)Ljava/lang/Short;
    AASTORE
    DUP
    ICONST_2
    BIPUSH 9
   L4
    LINENUMBER 95 L4
    INVOKESTATIC java/lang/Integer.valueOf (I)Ljava/lang/Integer;
    AASTORE
    DUP
    ICONST_3
    LDC 10L
   L5
    LINENUMBER 96 L5
    INVOKESTATIC java/lang/Long.valueOf (J)Ljava/lang/Long;
    AASTORE
    DUP
    ICONST_4
    LDC 11.1F
   L6
    LINENUMBER 97 L6
    INVOKESTATIC java/lang/Float.valueOf (F)Ljava/lang/Float;
    AASTORE
    DUP
    ICONST_5
    LDC 12.2D
   L7
    LINENUMBER 98 L7
    INVOKESTATIC java/lang/Double.valueOf (D)Ljava/lang/Double;
    AASTORE
    DUP
    BIPUSH 6
    NEW java/math/BigDecimal
    DUP
    LDC "17.2"
    INVOKESPECIAL java/math/BigDecimal.<init> (Ljava/lang/String;)V
    AASTORE
    DUP
    BIPUSH 7
    NEW java/math/BigInteger
    DUP
    LDC "33"
    INVOKESPECIAL java/math/BigInteger.<init> (Ljava/lang/String;)V
    AASTORE
    DUP
    BIPUSH 8
    ICONST_3
    ANEWARRAY java/lang/Integer
    DUP
    ICONST_0
    ICONST_3
   L8
    LINENUMBER 101 L8
    INVOKESTATIC java/lang/Integer.valueOf (I)Ljava/lang/Integer;
    AASTORE
    DUP
    ICONST_1
    ICONST_2
    INVOKESTATIC java/lang/Integer.valueOf (I)Ljava/lang/Integer;
    AASTORE
    DUP
    ICONST_2
    ICONST_1
    INVOKESTATIC java/lang/Integer.valueOf (I)Ljava/lang/Integer;
    AASTORE
    AASTORE
    ASTORE 2
   L9
    LINENUMBER 104 L9
    ICONST_0
    ISTORE 3
   L10
    ILOAD 3
    ALOAD 2
    ARRAYLENGTH
    IF_ICMPGE L11
   L12
    LINENUMBER 105 L12
    ALOAD 0
    INVOKEVIRTUAL com/examples/with/different/packagename/testcarver/NumberConverterTestBase.makeConverter ()Lcom/examples/with/different/packagename/testcarver/NumberConverter;
    ALOAD 0
    INVOKEVIRTUAL com/examples/with/different/packagename/testcarver/NumberConverterTestBase.getExpectedType ()Ljava/lang/Class;
    ALOAD 2
    ILOAD 3
    AALOAD
    INVOKEVIRTUAL com/examples/with/different/packagename/testcarver/NumberConverter.convert (Ljava/lang/Class;Ljava/lang/Object;)Ljava/lang/Object;
    ASTORE 4
   L13
    LINENUMBER 106 L13
    NEW java/lang/StringBuilder
    DUP
    INVOKESPECIAL java/lang/StringBuilder.<init> ()V
    LDC "Convert "
    INVOKEVIRTUAL java/lang/StringBuilder.append (Ljava/lang/String;)Ljava/lang/StringBuilder;
    ALOAD 1
    ILOAD 3
    AALOAD
    INVOKEVIRTUAL java/lang/StringBuilder.append (Ljava/lang/String;)Ljava/lang/StringBuilder;
    LDC " should not be null"
    INVOKEVIRTUAL java/lang/StringBuilder.append (Ljava/lang/String;)Ljava/lang/StringBuilder;
    INVOKEVIRTUAL java/lang/StringBuilder.toString ()Ljava/lang/String;
    ALOAD 4
    INVOKESTATIC com/examples/with/different/packagename/testcarver/NumberConverterTestBase.assertNotNull (Ljava/lang/String;Ljava/lang/Object;)V
   L14
    LINENUMBER 107 L14
    NEW java/lang/StringBuilder
    DUP
    INVOKESPECIAL java/lang/StringBuilder.<init> ()V
    LDC "Convert "
    INVOKEVIRTUAL java/lang/StringBuilder.append (Ljava/lang/String;)Ljava/lang/StringBuilder;
    ALOAD 1
    ILOAD 3
    AALOAD
    INVOKEVIRTUAL java/lang/StringBuilder.append (Ljava/lang/String;)Ljava/lang/StringBuilder;
    LDC " should return a "
    INVOKEVIRTUAL java/lang/StringBuilder.append (Ljava/lang/String;)Ljava/lang/StringBuilder;
    ALOAD 0
   L15
    LINENUMBER 108 L15
    INVOKEVIRTUAL com/examples/with/different/packagename/testcarver/NumberConverterTestBase.getExpectedType ()Ljava/lang/Class;
    INVOKEVIRTUAL java/lang/Class.getName ()Ljava/lang/String;
    INVOKEVIRTUAL java/lang/StringBuilder.append (Ljava/lang/String;)Ljava/lang/StringBuilder;
    INVOKEVIRTUAL java/lang/StringBuilder.toString ()Ljava/lang/String;
    ALOAD 0
   L16
    LINENUMBER 109 L16
    INVOKEVIRTUAL com/examples/with/different/packagename/testcarver/NumberConverterTestBase.getExpectedType ()Ljava/lang/Class;
    ALOAD 4
    INVOKEVIRTUAL java/lang/Class.isInstance (Ljava/lang/Object;)Z
   L17
    LINENUMBER 107 L17
    INVOKESTATIC com/examples/with/different/packagename/testcarver/NumberConverterTestBase.assertTrue (Ljava/lang/String;Z)V
   L18
    LINENUMBER 104 L18
    IINC 3 1
    GOTO L10
   L11
    LINENUMBER 111 L11
    RETURN
   L19
    LOCALVARIABLE val Ljava/lang/Object; L13 L18 4
    LOCALVARIABLE i I L10 L11 3
    LOCALVARIABLE this Lcom/examples/with/different/packagename/testcarver/NumberConverterTestBase; L0 L19 0
    LOCALVARIABLE message [Ljava/lang/String; L1 L19 1
    LOCALVARIABLE number [Ljava/lang/Object; L9 L19 2
    MAXSTACK = 11
    MAXLOCALS = 5

  // access flags 0x2
  private _sw_prototype_original_testNumberToStringPattern()V
   L0
    LINENUMBER 119 L0
    INVOKESTATIC java/util/Locale.getDefault ()Ljava/util/Locale;
    ASTORE 1
   L1
    LINENUMBER 120 L1
    GETSTATIC java/util/Locale.US : Ljava/util/Locale;
    ACONST_NULL
    LDC -2147483594
    LDC "java/util/Locale"
    LDC "US"
    LDC "Ljava/util/Locale;"
    INVOKESTATIC org/evosuite/testcarver/capture/FieldRegistry.notifyReadAccess (Ljava/lang/Object;ILjava/lang/String;Ljava/lang/String;Ljava/lang/String;)V
    INVOKESTATIC java/util/Locale.setDefault (Ljava/util/Locale;)V
   L2
    LINENUMBER 122 L2
    ALOAD 0
    INVOKEVIRTUAL com/examples/with/different/packagename/testcarver/NumberConverterTestBase.makeConverter ()Lcom/examples/with/different/packagename/testcarver/NumberConverter;
    ASTORE 2
   L3
    LINENUMBER 123 L3
    ALOAD 2
    LDC "[0,0.0];(0,0.0)"
    INVOKEVIRTUAL com/examples/with/different/packagename/testcarver/NumberConverter.setPattern (Ljava/lang/String;)V
   L4
    LINENUMBER 126 L4
    NEW java/lang/StringBuilder
    DUP
    INVOKESPECIAL java/lang/StringBuilder.<init> ()V
    LDC "Default Locale "
    INVOKEVIRTUAL java/lang/StringBuilder.append (Ljava/lang/String;)Ljava/lang/StringBuilder;
    ALOAD 0
    DUP
    GETFIELD com/examples/with/different/packagename/testcarver/NumberConverterTestBase.numbers : [Ljava/lang/Number;
    SWAP
    LDC -2147483593
    LDC "com/examples/with/different/packagename/testcarver/NumberConverterTestBase"
    LDC "numbers"
    LDC "[Ljava/lang/Number;"
    INVOKESTATIC org/evosuite/testcarver/capture/FieldRegistry.notifyReadAccess (Ljava/lang/Object;ILjava/lang/String;Ljava/lang/String;Ljava/lang/String;)V
    ICONST_0
    AALOAD
    INVOKEVIRTUAL java/lang/StringBuilder.append (Ljava/lang/Object;)Ljava/lang/StringBuilder;
    INVOKEVIRTUAL java/lang/StringBuilder.toString ()Ljava/lang/String;
    LDC "(12.0)"
    ALOAD 2
    LDC Ljava/lang/String;.class
    ALOAD 0
    DUP
    GETFIELD com/examples/with/different/packagename/testcarver/NumberConverterTestBase.numbers : [Ljava/lang/Number;
    SWAP
    LDC -2147483592
    LDC "com/examples/with/different/packagename/testcarver/NumberConverterTestBase"
    LDC "numbers"
    LDC "[Ljava/lang/Number;"
    INVOKESTATIC org/evosuite/testcarver/capture/FieldRegistry.notifyReadAccess (Ljava/lang/Object;ILjava/lang/String;Ljava/lang/String;Ljava/lang/String;)V
    ICONST_0
    AALOAD
    INVOKEVIRTUAL com/examples/with/different/packagename/testcarver/NumberConverter.convert (Ljava/lang/Class;Ljava/lang/Object;)Ljava/lang/Object;
    INVOKESTATIC com/examples/with/different/packagename/testcarver/NumberConverterTestBase.assertEquals (Ljava/lang/String;Ljava/lang/Object;Ljava/lang/Object;)V
   L5
    LINENUMBER 127 L5
    NEW java/lang/StringBuilder
    DUP
    INVOKESPECIAL java/lang/StringBuilder.<init> ()V
    LDC "Default Locale "
    INVOKEVIRTUAL java/lang/StringBuilder.append (Ljava/lang/String;)Ljava/lang/StringBuilder;
    ALOAD 0
    DUP
    GETFIELD com/examples/with/different/packagename/testcarver/NumberConverterTestBase.numbers : [Ljava/lang/Number;
    SWAP
    LDC -2147483591
    LDC "com/examples/with/different/packagename/testcarver/NumberConverterTestBase"
    LDC "numbers"
    LDC "[Ljava/lang/Number;"
    INVOKESTATIC org/evosuite/testcarver/capture/FieldRegistry.notifyReadAccess (Ljava/lang/Object;ILjava/lang/String;Ljava/lang/String;Ljava/lang/String;)V
    ICONST_1
    AALOAD
    INVOKEVIRTUAL java/lang/StringBuilder.append (Ljava/lang/Object;)Ljava/lang/StringBuilder;
    INVOKEVIRTUAL java/lang/StringBuilder.toString ()Ljava/lang/String;
    LDC "[13.0]"
    ALOAD 2
    LDC Ljava/lang/String;.class
    ALOAD 0
    DUP
    GETFIELD com/examples/with/different/packagename/testcarver/NumberConverterTestBase.numbers : [Ljava/lang/Number;
    SWAP
    LDC -2147483590
    LDC "com/examples/with/different/packagename/testcarver/NumberConverterTestBase"
    LDC "numbers"
    LDC "[Ljava/lang/Number;"
    INVOKESTATIC org/evosuite/testcarver/capture/FieldRegistry.notifyReadAccess (Ljava/lang/Object;ILjava/lang/String;Ljava/lang/String;Ljava/lang/String;)V
    ICONST_1
    AALOAD
    INVOKEVIRTUAL com/examples/with/different/packagename/testcarver/NumberConverter.convert (Ljava/lang/Class;Ljava/lang/Object;)Ljava/lang/Object;
    INVOKESTATIC com/examples/with/different/packagename/testcarver/NumberConverterTestBase.assertEquals (Ljava/lang/String;Ljava/lang/Object;Ljava/lang/Object;)V
   L6
    LINENUMBER 130 L6
    ALOAD 2
    GETSTATIC java/util/Locale.GERMAN : Ljava/util/Locale;
    ACONST_NULL
    LDC -2147483589
    LDC "java/util/Locale"
    LDC "GERMAN"
    LDC "Ljava/util/Locale;"
    INVOKESTATIC org/evosuite/testcarver/capture/FieldRegistry.notifyReadAccess (Ljava/lang/Object;ILjava/lang/String;Ljava/lang/String;Ljava/lang/String;)V
    INVOKEVIRTUAL com/examples/with/different/packagename/testcarver/NumberConverter.setLocale (Ljava/util/Locale;)V
   L7
    LINENUMBER 131 L7
    NEW java/lang/StringBuilder
    DUP
    INVOKESPECIAL java/lang/StringBuilder.<init> ()V
    LDC "Locale.GERMAN "
    INVOKEVIRTUAL java/lang/StringBuilder.append (Ljava/lang/String;)Ljava/lang/StringBuilder;
    ALOAD 0
    DUP
    GETFIELD com/examples/with/different/packagename/testcarver/NumberConverterTestBase.numbers : [Ljava/lang/Number;
    SWAP
    LDC -2147483588
    LDC "com/examples/with/different/packagename/testcarver/NumberConverterTestBase"
    LDC "numbers"
    LDC "[Ljava/lang/Number;"
    INVOKESTATIC org/evosuite/testcarver/capture/FieldRegistry.notifyReadAccess (Ljava/lang/Object;ILjava/lang/String;Ljava/lang/String;Ljava/lang/String;)V
    ICONST_2
    AALOAD
    INVOKEVIRTUAL java/lang/StringBuilder.append (Ljava/lang/Object;)Ljava/lang/StringBuilder;
    INVOKEVIRTUAL java/lang/StringBuilder.toString ()Ljava/lang/String;
    LDC "(22,0)"
    ALOAD 2
    LDC Ljava/lang/String;.class
    ALOAD 0
    DUP
    GETFIELD com/examples/with/different/packagename/testcarver/NumberConverterTestBase.numbers : [Ljava/lang/Number;
    SWAP
    LDC -2147483587
    LDC "com/examples/with/different/packagename/testcarver/NumberConverterTestBase"
    LDC "numbers"
    LDC "[Ljava/lang/Number;"
    INVOKESTATIC org/evosuite/testcarver/capture/FieldRegistry.notifyReadAccess (Ljava/lang/Object;ILjava/lang/String;Ljava/lang/String;Ljava/lang/String;)V
    ICONST_2
    AALOAD
    INVOKEVIRTUAL com/examples/with/different/packagename/testcarver/NumberConverter.convert (Ljava/lang/Class;Ljava/lang/Object;)Ljava/lang/Object;
    INVOKESTATIC com/examples/with/different/packagename/testcarver/NumberConverterTestBase.assertEquals (Ljava/lang/String;Ljava/lang/Object;Ljava/lang/Object;)V
   L8
    LINENUMBER 132 L8
    NEW java/lang/StringBuilder
    DUP
    INVOKESPECIAL java/lang/StringBuilder.<init> ()V
    LDC "Locale.GERMAN "
    INVOKEVIRTUAL java/lang/StringBuilder.append (Ljava/lang/String;)Ljava/lang/StringBuilder;
    ALOAD 0
    DUP
    GETFIELD com/examples/with/different/packagename/testcarver/NumberConverterTestBase.numbers : [Ljava/lang/Number;
    SWAP
    LDC -2147483586
    LDC "com/examples/with/different/packagename/testcarver/NumberConverterTestBase"
    LDC "numbers"
    LDC "[Ljava/lang/Number;"
    INVOKESTATIC org/evosuite/testcarver/capture/FieldRegistry.notifyReadAccess (Ljava/lang/Object;ILjava/lang/String;Ljava/lang/String;Ljava/lang/String;)V
    ICONST_3
    AALOAD
    INVOKEVIRTUAL java/lang/StringBuilder.append (Ljava/lang/Object;)Ljava/lang/StringBuilder;
    INVOKEVIRTUAL java/lang/StringBuilder.toString ()Ljava/lang/String;
    LDC "[23,0]"
    ALOAD 2
    LDC Ljava/lang/String;.class
    ALOAD 0
    DUP
    GETFIELD com/examples/with/different/packagename/testcarver/NumberConverterTestBase.numbers : [Ljava/lang/Number;
    SWAP
    LDC -2147483585
    LDC "com/examples/with/different/packagename/testcarver/NumberConverterTestBase"
    LDC "numbers"
    LDC "[Ljava/lang/Number;"
    INVOKESTATIC org/evosuite/testcarver/capture/FieldRegistry.notifyReadAccess (Ljava/lang/Object;ILjava/lang/String;Ljava/lang/String;Ljava/lang/String;)V
    ICONST_3
    AALOAD
    INVOKEVIRTUAL com/examples/with/different/packagename/testcarver/NumberConverter.convert (Ljava/lang/Class;Ljava/lang/Object;)Ljava/lang/Object;
    INVOKESTATIC com/examples/with/different/packagename/testcarver/NumberConverterTestBase.assertEquals (Ljava/lang/String;Ljava/lang/Object;Ljava/lang/Object;)V
   L9
    LINENUMBER 135 L9
    ALOAD 1
    INVOKESTATIC java/util/Locale.setDefault (Ljava/util/Locale;)V
   L10
    LINENUMBER 136 L10
    RETURN
   L11
    LOCALVARIABLE this Lcom/examples/with/different/packagename/testcarver/NumberConverterTestBase; L0 L11 0
    LOCALVARIABLE defaultLocale Ljava/util/Locale; L1 L11 1
    LOCALVARIABLE converter Lcom/examples/with/different/packagename/testcarver/NumberConverter; L3 L11 2
    MAXSTACK = 10
    MAXLOCALS = 3

  // access flags 0x2
  private _sw_prototype_original_testNumberToStringLocale()V
   L0
    LINENUMBER 144 L0
    INVOKESTATIC java/util/Locale.getDefault ()Ljava/util/Locale;
    ASTORE 1
   L1
    LINENUMBER 145 L1
    GETSTATIC java/util/Locale.US : Ljava/util/Locale;
    ACONST_NULL
    LDC -2147483583
    LDC "java/util/Locale"
    LDC "US"
    LDC "Ljava/util/Locale;"
    INVOKESTATIC org/evosuite/testcarver/capture/FieldRegistry.notifyReadAccess (Ljava/lang/Object;ILjava/lang/String;Ljava/lang/String;Ljava/lang/String;)V
    INVOKESTATIC java/util/Locale.setDefault (Ljava/util/Locale;)V
   L2
    LINENUMBER 147 L2
    ALOAD 0
    INVOKEVIRTUAL com/examples/with/different/packagename/testcarver/NumberConverterTestBase.makeConverter ()Lcom/examples/with/different/packagename/testcarver/NumberConverter;
    ASTORE 2
   L3
    LINENUMBER 148 L3
    ALOAD 2
    ICONST_1
    INVOKEVIRTUAL com/examples/with/different/packagename/testcarver/NumberConverter.setUseLocaleFormat (Z)V
   L4
    LINENUMBER 151 L4
    NEW java/lang/StringBuilder
    DUP
    INVOKESPECIAL java/lang/StringBuilder.<init> ()V
    LDC "Default Locale "
    INVOKEVIRTUAL java/lang/StringBuilder.append (Ljava/lang/String;)Ljava/lang/StringBuilder;
    ALOAD 0
    DUP
    GETFIELD com/examples/with/different/packagename/testcarver/NumberConverterTestBase.numbers : [Ljava/lang/Number;
    SWAP
    LDC -2147483582
    LDC "com/examples/with/different/packagename/testcarver/NumberConverterTestBase"
    LDC "numbers"
    LDC "[Ljava/lang/Number;"
    INVOKESTATIC org/evosuite/testcarver/capture/FieldRegistry.notifyReadAccess (Ljava/lang/Object;ILjava/lang/String;Ljava/lang/String;Ljava/lang/String;)V
    ICONST_0
    AALOAD
    INVOKEVIRTUAL java/lang/StringBuilder.append (Ljava/lang/Object;)Ljava/lang/StringBuilder;
    INVOKEVIRTUAL java/lang/StringBuilder.toString ()Ljava/lang/String;
    LDC "-12"
    ALOAD 2
    LDC Ljava/lang/String;.class
    ALOAD 0
    DUP
    GETFIELD com/examples/with/different/packagename/testcarver/NumberConverterTestBase.numbers : [Ljava/lang/Number;
    SWAP
    LDC -2147483581
    LDC "com/examples/with/different/packagename/testcarver/NumberConverterTestBase"
    LDC "numbers"
    LDC "[Ljava/lang/Number;"
    INVOKESTATIC org/evosuite/testcarver/capture/FieldRegistry.notifyReadAccess (Ljava/lang/Object;ILjava/lang/String;Ljava/lang/String;Ljava/lang/String;)V
    ICONST_0
    AALOAD
    INVOKEVIRTUAL com/examples/with/different/packagename/testcarver/NumberConverter.convert (Ljava/lang/Class;Ljava/lang/Object;)Ljava/lang/Object;
    INVOKESTATIC com/examples/with/different/packagename/testcarver/NumberConverterTestBase.assertEquals (Ljava/lang/String;Ljava/lang/Object;Ljava/lang/Object;)V
   L5
    LINENUMBER 152 L5
    NEW java/lang/StringBuilder
    DUP
    INVOKESPECIAL java/lang/StringBuilder.<init> ()V
    LDC "Default Locale "
    INVOKEVIRTUAL java/lang/StringBuilder.append (Ljava/lang/String;)Ljava/lang/StringBuilder;
    ALOAD 0
    DUP
    GETFIELD com/examples/with/different/packagename/testcarver/NumberConverterTestBase.numbers : [Ljava/lang/Number;
    SWAP
    LDC -2147483580
    LDC "com/examples/with/different/packagename/testcarver/NumberConverterTestBase"
    LDC "numbers"
    LDC "[Ljava/lang/Number;"
    INVOKESTATIC org/evosuite/testcarver/capture/FieldRegistry.notifyReadAccess (Ljava/lang/Object;ILjava/lang/String;Ljava/lang/String;Ljava/lang/String;)V
    ICONST_1
    AALOAD
    INVOKEVIRTUAL java/lang/StringBuilder.append (Ljava/lang/Object;)Ljava/lang/StringBuilder;
    INVOKEVIRTUAL java/lang/StringBuilder.toString ()Ljava/lang/String;
    LDC "13"
    ALOAD 2
    LDC Ljava/lang/String;.class
    ALOAD 0
    DUP
    GETFIELD com/examples/with/different/packagename/testcarver/NumberConverterTestBase.numbers : [Ljava/lang/Number;
    SWAP
    LDC -2147483579
    LDC "com/examples/with/different/packagename/testcarver/NumberConverterTestBase"
    LDC "numbers"
    LDC "[Ljava/lang/Number;"
    INVOKESTATIC org/evosuite/testcarver/capture/FieldRegistry.notifyReadAccess (Ljava/lang/Object;ILjava/lang/String;Ljava/lang/String;Ljava/lang/String;)V
    ICONST_1
    AALOAD
    INVOKEVIRTUAL com/examples/with/different/packagename/testcarver/NumberConverter.convert (Ljava/lang/Class;Ljava/lang/Object;)Ljava/lang/Object;
    INVOKESTATIC com/examples/with/different/packagename/testcarver/NumberConverterTestBase.assertEquals (Ljava/lang/String;Ljava/lang/Object;Ljava/lang/Object;)V
   L6
    LINENUMBER 155 L6
    ALOAD 2
    GETSTATIC java/util/Locale.GERMAN : Ljava/util/Locale;
    ACONST_NULL
    LDC -2147483578
    LDC "java/util/Locale"
    LDC "GERMAN"
    LDC "Ljava/util/Locale;"
    INVOKESTATIC org/evosuite/testcarver/capture/FieldRegistry.notifyReadAccess (Ljava/lang/Object;ILjava/lang/String;Ljava/lang/String;Ljava/lang/String;)V
    INVOKEVIRTUAL com/examples/with/different/packagename/testcarver/NumberConverter.setLocale (Ljava/util/Locale;)V
   L7
    LINENUMBER 156 L7
    NEW java/lang/StringBuilder
    DUP
    INVOKESPECIAL java/lang/StringBuilder.<init> ()V
    LDC "Locale.GERMAN "
    INVOKEVIRTUAL java/lang/StringBuilder.append (Ljava/lang/String;)Ljava/lang/StringBuilder;
    ALOAD 0
    DUP
    GETFIELD com/examples/with/different/packagename/testcarver/NumberConverterTestBase.numbers : [Ljava/lang/Number;
    SWAP
    LDC -2147483577
    LDC "com/examples/with/different/packagename/testcarver/NumberConverterTestBase"
    LDC "numbers"
    LDC "[Ljava/lang/Number;"
    INVOKESTATIC org/evosuite/testcarver/capture/FieldRegistry.notifyReadAccess (Ljava/lang/Object;ILjava/lang/String;Ljava/lang/String;Ljava/lang/String;)V
    ICONST_2
    AALOAD
    INVOKEVIRTUAL java/lang/StringBuilder.append (Ljava/lang/Object;)Ljava/lang/StringBuilder;
    INVOKEVIRTUAL java/lang/StringBuilder.toString ()Ljava/lang/String;
    LDC "-22"
    ALOAD 2
    LDC Ljava/lang/String;.class
    ALOAD 0
    DUP
    GETFIELD com/examples/with/different/packagename/testcarver/NumberConverterTestBase.numbers : [Ljava/lang/Number;
    SWAP
    LDC -2147483576
    LDC "com/examples/with/different/packagename/testcarver/NumberConverterTestBase"
    LDC "numbers"
    LDC "[Ljava/lang/Number;"
    INVOKESTATIC org/evosuite/testcarver/capture/FieldRegistry.notifyReadAccess (Ljava/lang/Object;ILjava/lang/String;Ljava/lang/String;Ljava/lang/String;)V
    ICONST_2
    AALOAD
    INVOKEVIRTUAL com/examples/with/different/packagename/testcarver/NumberConverter.convert (Ljava/lang/Class;Ljava/lang/Object;)Ljava/lang/Object;
    INVOKESTATIC com/examples/with/different/packagename/testcarver/NumberConverterTestBase.assertEquals (Ljava/lang/String;Ljava/lang/Object;Ljava/lang/Object;)V
   L8
    LINENUMBER 157 L8
    NEW java/lang/StringBuilder
    DUP
    INVOKESPECIAL java/lang/StringBuilder.<init> ()V
    LDC "Locale.GERMAN "
    INVOKEVIRTUAL java/lang/StringBuilder.append (Ljava/lang/String;)Ljava/lang/StringBuilder;
    ALOAD 0
    DUP
    GETFIELD com/examples/with/different/packagename/testcarver/NumberConverterTestBase.numbers : [Ljava/lang/Number;
    SWAP
    LDC -2147483575
    LDC "com/examples/with/different/packagename/testcarver/NumberConverterTestBase"
    LDC "numbers"
    LDC "[Ljava/lang/Number;"
    INVOKESTATIC org/evosuite/testcarver/capture/FieldRegistry.notifyReadAccess (Ljava/lang/Object;ILjava/lang/String;Ljava/lang/String;Ljava/lang/String;)V
    ICONST_3
    AALOAD
    INVOKEVIRTUAL java/lang/StringBuilder.append (Ljava/lang/Object;)Ljava/lang/StringBuilder;
    INVOKEVIRTUAL java/lang/StringBuilder.toString ()Ljava/lang/String;
    LDC "23"
    ALOAD 2
    LDC Ljava/lang/String;.class
    ALOAD 0
    DUP
    GETFIELD com/examples/with/different/packagename/testcarver/NumberConverterTestBase.numbers : [Ljava/lang/Number;
    SWAP
    LDC -2147483574
    LDC "com/examples/with/different/packagename/testcarver/NumberConverterTestBase"
    LDC "numbers"
    LDC "[Ljava/lang/Number;"
    INVOKESTATIC org/evosuite/testcarver/capture/FieldRegistry.notifyReadAccess (Ljava/lang/Object;ILjava/lang/String;Ljava/lang/String;Ljava/lang/String;)V
    ICONST_3
    AALOAD
    INVOKEVIRTUAL com/examples/with/different/packagename/testcarver/NumberConverter.convert (Ljava/lang/Class;Ljava/lang/Object;)Ljava/lang/Object;
    INVOKESTATIC com/examples/with/different/packagename/testcarver/NumberConverterTestBase.assertEquals (Ljava/lang/String;Ljava/lang/Object;Ljava/lang/Object;)V
   L9
    LINENUMBER 160 L9
    ALOAD 1
    INVOKESTATIC java/util/Locale.setDefault (Ljava/util/Locale;)V
   L10
    LINENUMBER 161 L10
    RETURN
   L11
    LOCALVARIABLE this Lcom/examples/with/different/packagename/testcarver/NumberConverterTestBase; L0 L11 0
    LOCALVARIABLE defaultLocale Ljava/util/Locale; L1 L11 1
    LOCALVARIABLE converter Lcom/examples/with/different/packagename/testcarver/NumberConverter; L3 L11 2
    MAXSTACK = 10
    MAXLOCALS = 3

  // access flags 0x2
  private _sw_prototype_original_testStringArrayToInteger()V
   L0
    LINENUMBER 168 L0
    ICONST_M1
    INVOKESTATIC java/lang/Integer.valueOf (I)Ljava/lang/Integer;
    ASTORE 1
   L1
    LINENUMBER 169 L1
    ALOAD 0
    ALOAD 1
    INVOKEVIRTUAL com/examples/with/different/packagename/testcarver/NumberConverterTestBase.makeConverter (Ljava/lang/Object;)Lcom/examples/with/different/packagename/testcarver/NumberConverter;
    ASTORE 2
   L2
    LINENUMBER 172 L2
    LDC "Valid First"
    ICONST_5
    INVOKESTATIC java/lang/Integer.valueOf (I)Ljava/lang/Integer;
    ALOAD 2
    LDC Ljava/lang/Integer;.class
    ICONST_3
    ANEWARRAY java/lang/String
    DUP
    ICONST_0
    LDC "5"
    AASTORE
    DUP
    ICONST_1
    LDC "4"
    AASTORE
    DUP
    ICONST_2
    LDC "3"
    AASTORE
    INVOKEVIRTUAL com/examples/with/different/packagename/testcarver/NumberConverter.convert (Ljava/lang/Class;Ljava/lang/Object;)Ljava/lang/Object;
    INVOKESTATIC com/examples/with/different/packagename/testcarver/NumberConverterTestBase.assertEquals (Ljava/lang/String;Ljava/lang/Object;Ljava/lang/Object;)V
   L3
    LINENUMBER 173 L3
    LDC "Invalid First"
    ALOAD 1
    ALOAD 2
    LDC Ljava/lang/Integer;.class
    ICONST_3
    ANEWARRAY java/lang/String
    DUP
    ICONST_0
    LDC "FOO"
    AASTORE
    DUP
    ICONST_1
    LDC "1"
    AASTORE
    DUP
    ICONST_2
    LDC "2"
    AASTORE
    INVOKEVIRTUAL com/examples/with/different/packagename/testcarver/NumberConverter.convert (Ljava/lang/Class;Ljava/lang/Object;)Ljava/lang/Object;
    INVOKESTATIC com/examples/with/different/packagename/testcarver/NumberConverterTestBase.assertEquals (Ljava/lang/String;Ljava/lang/Object;Ljava/lang/Object;)V
   L4
    LINENUMBER 174 L4
    LDC "Null First"
    ALOAD 1
    ALOAD 2
    LDC Ljava/lang/Integer;.class
    ICONST_3
    ANEWARRAY java/lang/String
    DUP
    ICONST_0
    ACONST_NULL
    AASTORE
    DUP
    ICONST_1
    LDC "1"
    AASTORE
    DUP
    ICONST_2
    LDC "2"
    AASTORE
    INVOKEVIRTUAL com/examples/with/different/packagename/testcarver/NumberConverter.convert (Ljava/lang/Class;Ljava/lang/Object;)Ljava/lang/Object;
    INVOKESTATIC com/examples/with/different/packagename/testcarver/NumberConverterTestBase.assertEquals (Ljava/lang/String;Ljava/lang/Object;Ljava/lang/Object;)V
   L5
    LINENUMBER 175 L5
    LDC "Long Array"
    BIPUSH 9
    INVOKESTATIC java/lang/Integer.valueOf (I)Ljava/lang/Integer;
    ALOAD 2
    LDC Ljava/lang/Integer;.class
    ICONST_3
    NEWARRAY T_LONG
    DUP
    ICONST_0
    LDC 9L
    LASTORE
    DUP
    ICONST_1
    LDC 2L
    LASTORE
    DUP
    ICONST_2
    LDC 6L
    LASTORE
    INVOKEVIRTUAL com/examples/with/different/packagename/testcarver/NumberConverter.convert (Ljava/lang/Class;Ljava/lang/Object;)Ljava/lang/Object;
    INVOKESTATIC com/examples/with/different/packagename/testcarver/NumberConverterTestBase.assertEquals (Ljava/lang/String;Ljava/lang/Object;Ljava/lang/Object;)V
   L6
    LINENUMBER 176 L6
    RETURN
   L7
    LOCALVARIABLE this Lcom/examples/with/different/packagename/testcarver/NumberConverterTestBase; L0 L7 0
    LOCALVARIABLE defaultValue Ljava/lang/Integer; L1 L7 1
    LOCALVARIABLE converter Lcom/examples/with/different/packagename/testcarver/NumberConverter; L2 L7 2
    MAXSTACK = 13
    MAXLOCALS = 3

  // access flags 0x2
  private _sw_prototype_original_testNumberToStringDefault()V
   L0
    LINENUMBER 183 L0
    ALOAD 0
    INVOKEVIRTUAL com/examples/with/different/packagename/testcarver/NumberConverterTestBase.makeConverter ()Lcom/examples/with/different/packagename/testcarver/NumberConverter;
    ASTORE 1
   L1
    LINENUMBER 186 L1
    NEW java/lang/StringBuilder
    DUP
    INVOKESPECIAL java/lang/StringBuilder.<init> ()V
    LDC "Default Convert "
    INVOKEVIRTUAL java/lang/StringBuilder.append (Ljava/lang/String;)Ljava/lang/StringBuilder;
    ALOAD 0
    DUP
    GETFIELD com/examples/with/different/packagename/testcarver/NumberConverterTestBase.numbers : [Ljava/lang/Number;
    SWAP
    LDC -2147483571
    LDC "com/examples/with/different/packagename/testcarver/NumberConverterTestBase"
    LDC "numbers"
    LDC "[Ljava/lang/Number;"
    INVOKESTATIC org/evosuite/testcarver/capture/FieldRegistry.notifyReadAccess (Ljava/lang/Object;ILjava/lang/String;Ljava/lang/String;Ljava/lang/String;)V
    ICONST_0
    AALOAD
    INVOKEVIRTUAL java/lang/StringBuilder.append (Ljava/lang/Object;)Ljava/lang/StringBuilder;
    INVOKEVIRTUAL java/lang/StringBuilder.toString ()Ljava/lang/String;
    ALOAD 0
    DUP
    GETFIELD com/examples/with/different/packagename/testcarver/NumberConverterTestBase.numbers : [Ljava/lang/Number;
    SWAP
    LDC -2147483570
    LDC "com/examples/with/different/packagename/testcarver/NumberConverterTestBase"
    LDC "numbers"
    LDC "[Ljava/lang/Number;"
    INVOKESTATIC org/evosuite/testcarver/capture/FieldRegistry.notifyReadAccess (Ljava/lang/Object;ILjava/lang/String;Ljava/lang/String;Ljava/lang/String;)V
    ICONST_0
    AALOAD
    INVOKEVIRTUAL java/lang/Object.toString ()Ljava/lang/String;
    ALOAD 1
    LDC Ljava/lang/String;.class
    ALOAD 0
    DUP
    GETFIELD com/examples/with/different/packagename/testcarver/NumberConverterTestBase.numbers : [Ljava/lang/Number;
    SWAP
    LDC -2147483569
    LDC "com/examples/with/different/packagename/testcarver/NumberConverterTestBase"
    LDC "numbers"
    LDC "[Ljava/lang/Number;"
    INVOKESTATIC org/evosuite/testcarver/capture/FieldRegistry.notifyReadAccess (Ljava/lang/Object;ILjava/lang/String;Ljava/lang/String;Ljava/lang/String;)V
    ICONST_0
    AALOAD
    INVOKEVIRTUAL com/examples/with/different/packagename/testcarver/NumberConverter.convert (Ljava/lang/Class;Ljava/lang/Object;)Ljava/lang/Object;
    INVOKESTATIC com/examples/with/different/packagename/testcarver/NumberConverterTestBase.assertEquals (Ljava/lang/String;Ljava/lang/Object;Ljava/lang/Object;)V
   L2
    LINENUMBER 187 L2
    NEW java/lang/StringBuilder
    DUP
    INVOKESPECIAL java/lang/StringBuilder.<init> ()V
    LDC "Default Convert "
    INVOKEVIRTUAL java/lang/StringBuilder.append (Ljava/lang/String;)Ljava/lang/StringBuilder;
    ALOAD 0
    DUP
    GETFIELD com/examples/with/different/packagename/testcarver/NumberConverterTestBase.numbers : [Ljava/lang/Number;
    SWAP
    LDC -2147483568
    LDC "com/examples/with/different/packagename/testcarver/NumberConverterTestBase"
    LDC "numbers"
    LDC "[Ljava/lang/Number;"
    INVOKESTATIC org/evosuite/testcarver/capture/FieldRegistry.notifyReadAccess (Ljava/lang/Object;ILjava/lang/String;Ljava/lang/String;Ljava/lang/String;)V
    ICONST_1
    AALOAD
    INVOKEVIRTUAL java/lang/StringBuilder.append (Ljava/lang/Object;)Ljava/lang/StringBuilder;
    INVOKEVIRTUAL java/lang/StringBuilder.toString ()Ljava/lang/String;
    ALOAD 0
    DUP
    GETFIELD com/examples/with/different/packagename/testcarver/NumberConverterTestBase.numbers : [Ljava/lang/Number;
    SWAP
    LDC -2147483567
    LDC "com/examples/with/different/packagename/testcarver/NumberConverterTestBase"
    LDC "numbers"
    LDC "[Ljava/lang/Number;"
    INVOKESTATIC org/evosuite/testcarver/capture/FieldRegistry.notifyReadAccess (Ljava/lang/Object;ILjava/lang/String;Ljava/lang/String;Ljava/lang/String;)V
    ICONST_1
    AALOAD
    INVOKEVIRTUAL java/lang/Object.toString ()Ljava/lang/String;
    ALOAD 1
    LDC Ljava/lang/String;.class
    ALOAD 0
    DUP
    GETFIELD com/examples/with/different/packagename/testcarver/NumberConverterTestBase.numbers : [Ljava/lang/Number;
    SWAP
    LDC -2147483566
    LDC "com/examples/with/different/packagename/testcarver/NumberConverterTestBase"
    LDC "numbers"
    LDC "[Ljava/lang/Number;"
    INVOKESTATIC org/evosuite/testcarver/capture/FieldRegistry.notifyReadAccess (Ljava/lang/Object;ILjava/lang/String;Ljava/lang/String;Ljava/lang/String;)V
    ICONST_1
    AALOAD
    INVOKEVIRTUAL com/examples/with/different/packagename/testcarver/NumberConverter.convert (Ljava/lang/Class;Ljava/lang/Object;)Ljava/lang/Object;
    INVOKESTATIC com/examples/with/different/packagename/testcarver/NumberConverterTestBase.assertEquals (Ljava/lang/String;Ljava/lang/Object;Ljava/lang/Object;)V
   L3
    LINENUMBER 189 L3
    RETURN
   L4
    LOCALVARIABLE this Lcom/examples/with/different/packagename/testcarver/NumberConverterTestBase; L0 L4 0
    LOCALVARIABLE converter Lcom/examples/with/different/packagename/testcarver/NumberConverter; L1 L4 1
    MAXSTACK = 10
    MAXLOCALS = 2

  // access flags 0x2
  private _sw_prototype_original_testStringToNumberPattern()V
    TRYCATCHBLOCK L0 L1 L2 java/lang/Exception
    TRYCATCHBLOCK L3 L4 L5 java/lang/Exception
   L6
    LINENUMBER 197 L6
    INVOKESTATIC java/util/Locale.getDefault ()Ljava/util/Locale;
    ASTORE 1
   L7
    LINENUMBER 198 L7
    GETSTATIC java/util/Locale.US : Ljava/util/Locale;
    ACONST_NULL
    LDC -2147483564
    LDC "java/util/Locale"
    LDC "US"
    LDC "Ljava/util/Locale;"
    INVOKESTATIC org/evosuite/testcarver/capture/FieldRegistry.notifyReadAccess (Ljava/lang/Object;ILjava/lang/String;Ljava/lang/String;Ljava/lang/String;)V
    INVOKESTATIC java/util/Locale.setDefault (Ljava/util/Locale;)V
   L8
    LINENUMBER 200 L8
    ALOAD 0
    INVOKEVIRTUAL com/examples/with/different/packagename/testcarver/NumberConverterTestBase.makeConverter ()Lcom/examples/with/different/packagename/testcarver/NumberConverter;
    ASTORE 2
   L9
    LINENUMBER 201 L9
    ALOAD 2
    LDC "[0,0];(0,0)"
    INVOKEVIRTUAL com/examples/with/different/packagename/testcarver/NumberConverter.setPattern (Ljava/lang/String;)V
   L10
    LINENUMBER 204 L10
    NEW java/lang/StringBuilder
    DUP
    INVOKESPECIAL java/lang/StringBuilder.<init> ()V
    LDC "Default Locale "
    INVOKEVIRTUAL java/lang/StringBuilder.append (Ljava/lang/String;)Ljava/lang/StringBuilder;
    ALOAD 0
    DUP
    GETFIELD com/examples/with/different/packagename/testcarver/NumberConverterTestBase.numbers : [Ljava/lang/Number;
    SWAP
    LDC -2147483563
    LDC "com/examples/with/different/packagename/testcarver/NumberConverterTestBase"
    LDC "numbers"
    LDC "[Ljava/lang/Number;"
    INVOKESTATIC org/evosuite/testcarver/capture/FieldRegistry.notifyReadAccess (Ljava/lang/Object;ILjava/lang/String;Ljava/lang/String;Ljava/lang/String;)V
    ICONST_0
    AALOAD
    INVOKEVIRTUAL java/lang/StringBuilder.append (Ljava/lang/Object;)Ljava/lang/StringBuilder;
    INVOKEVIRTUAL java/lang/StringBuilder.toString ()Ljava/lang/String;
    ALOAD 0
    DUP
    GETFIELD com/examples/with/different/packagename/testcarver/NumberConverterTestBase.numbers : [Ljava/lang/Number;
    SWAP
    LDC -2147483562
    LDC "com/examples/with/different/packagename/testcarver/NumberConverterTestBase"
    LDC "numbers"
    LDC "[Ljava/lang/Number;"
    INVOKESTATIC org/evosuite/testcarver/capture/FieldRegistry.notifyReadAccess (Ljava/lang/Object;ILjava/lang/String;Ljava/lang/String;Ljava/lang/String;)V
    ICONST_0
    AALOAD
    ALOAD 2
    ALOAD 0
    INVOKEVIRTUAL com/examples/with/different/packagename/testcarver/NumberConverterTestBase.getExpectedType ()Ljava/lang/Class;
    LDC "(1,2)"
    INVOKEVIRTUAL com/examples/with/different/packagename/testcarver/NumberConverter.convert (Ljava/lang/Class;Ljava/lang/Object;)Ljava/lang/Object;
    INVOKESTATIC com/examples/with/different/packagename/testcarver/NumberConverterTestBase.assertEquals (Ljava/lang/String;Ljava/lang/Object;Ljava/lang/Object;)V
   L11
    LINENUMBER 205 L11
    NEW java/lang/StringBuilder
    DUP
    INVOKESPECIAL java/lang/StringBuilder.<init> ()V
    LDC "Default Locale "
    INVOKEVIRTUAL java/lang/StringBuilder.append (Ljava/lang/String;)Ljava/lang/StringBuilder;
    ALOAD 0
    DUP
    GETFIELD com/examples/with/different/packagename/testcarver/NumberConverterTestBase.numbers : [Ljava/lang/Number;
    SWAP
    LDC -2147483561
    LDC "com/examples/with/different/packagename/testcarver/NumberConverterTestBase"
    LDC "numbers"
    LDC "[Ljava/lang/Number;"
    INVOKESTATIC org/evosuite/testcarver/capture/FieldRegistry.notifyReadAccess (Ljava/lang/Object;ILjava/lang/String;Ljava/lang/String;Ljava/lang/String;)V
    ICONST_1
    AALOAD
    INVOKEVIRTUAL java/lang/StringBuilder.append (Ljava/lang/Object;)Ljava/lang/StringBuilder;
    INVOKEVIRTUAL java/lang/StringBuilder.toString ()Ljava/lang/String;
    ALOAD 0
    DUP
    GETFIELD com/examples/with/different/packagename/testcarver/NumberConverterTestBase.numbers : [Ljava/lang/Number;
    SWAP
    LDC -2147483560
    LDC "com/examples/with/different/packagename/testcarver/NumberConverterTestBase"
    LDC "numbers"
    LDC "[Ljava/lang/Number;"
    INVOKESTATIC org/evosuite/testcarver/capture/FieldRegistry.notifyReadAccess (Ljava/lang/Object;ILjava/lang/String;Ljava/lang/String;Ljava/lang/String;)V
    ICONST_1
    AALOAD
    ALOAD 2
    ALOAD 0
    INVOKEVIRTUAL com/examples/with/different/packagename/testcarver/NumberConverterTestBase.getExpectedType ()Ljava/lang/Class;
    LDC "[1,3]"
    INVOKEVIRTUAL com/examples/with/different/packagename/testcarver/NumberConverter.convert (Ljava/lang/Class;Ljava/lang/Object;)Ljava/lang/Object;
    INVOKESTATIC com/examples/with/different/packagename/testcarver/NumberConverterTestBase.assertEquals (Ljava/lang/String;Ljava/lang/Object;Ljava/lang/Object;)V
   L12
    LINENUMBER 208 L12
    ALOAD 2
    GETSTATIC java/util/Locale.GERMAN : Ljava/util/Locale;
    ACONST_NULL
    LDC -2147483559
    LDC "java/util/Locale"
    LDC "GERMAN"
    LDC "Ljava/util/Locale;"
    INVOKESTATIC org/evosuite/testcarver/capture/FieldRegistry.notifyReadAccess (Ljava/lang/Object;ILjava/lang/String;Ljava/lang/String;Ljava/lang/String;)V
    INVOKEVIRTUAL com/examples/with/different/packagename/testcarver/NumberConverter.setLocale (Ljava/util/Locale;)V
   L13
    LINENUMBER 209 L13
    NEW java/lang/StringBuilder
    DUP
    INVOKESPECIAL java/lang/StringBuilder.<init> ()V
    LDC "Locale.GERMAN "
    INVOKEVIRTUAL java/lang/StringBuilder.append (Ljava/lang/String;)Ljava/lang/StringBuilder;
    ALOAD 0
    DUP
    GETFIELD com/examples/with/different/packagename/testcarver/NumberConverterTestBase.numbers : [Ljava/lang/Number;
    SWAP
    LDC -2147483558
    LDC "com/examples/with/different/packagename/testcarver/NumberConverterTestBase"
    LDC "numbers"
    LDC "[Ljava/lang/Number;"
    INVOKESTATIC org/evosuite/testcarver/capture/FieldRegistry.notifyReadAccess (Ljava/lang/Object;ILjava/lang/String;Ljava/lang/String;Ljava/lang/String;)V
    ICONST_2
    AALOAD
    INVOKEVIRTUAL java/lang/StringBuilder.append (Ljava/lang/Object;)Ljava/lang/StringBuilder;
    INVOKEVIRTUAL java/lang/StringBuilder.toString ()Ljava/lang/String;
    ALOAD 0
    DUP
    GETFIELD com/examples/with/different/packagename/testcarver/NumberConverterTestBase.numbers : [Ljava/lang/Number;
    SWAP
    LDC -2147483557
    LDC "com/examples/with/different/packagename/testcarver/NumberConverterTestBase"
    LDC "numbers"
    LDC "[Ljava/lang/Number;"
    INVOKESTATIC org/evosuite/testcarver/capture/FieldRegistry.notifyReadAccess (Ljava/lang/Object;ILjava/lang/String;Ljava/lang/String;Ljava/lang/String;)V
    ICONST_2
    AALOAD
    ALOAD 2
    ALOAD 0
    INVOKEVIRTUAL com/examples/with/different/packagename/testcarver/NumberConverterTestBase.getExpectedType ()Ljava/lang/Class;
    LDC "(2.2)"
    INVOKEVIRTUAL com/examples/with/different/packagename/testcarver/NumberConverter.convert (Ljava/lang/Class;Ljava/lang/Object;)Ljava/lang/Object;
    INVOKESTATIC com/examples/with/different/packagename/testcarver/NumberConverterTestBase.assertEquals (Ljava/lang/String;Ljava/lang/Object;Ljava/lang/Object;)V
   L14
    LINENUMBER 210 L14
    NEW java/lang/StringBuilder
    DUP
    INVOKESPECIAL java/lang/StringBuilder.<init> ()V
    LDC "Locale.GERMAN "
    INVOKEVIRTUAL java/lang/StringBuilder.append (Ljava/lang/String;)Ljava/lang/StringBuilder;
    ALOAD 0
    DUP
    GETFIELD com/examples/with/different/packagename/testcarver/NumberConverterTestBase.numbers : [Ljava/lang/Number;
    SWAP
    LDC -2147483556
    LDC "com/examples/with/different/packagename/testcarver/NumberConverterTestBase"
    LDC "numbers"
    LDC "[Ljava/lang/Number;"
    INVOKESTATIC org/evosuite/testcarver/capture/FieldRegistry.notifyReadAccess (Ljava/lang/Object;ILjava/lang/String;Ljava/lang/String;Ljava/lang/String;)V
    ICONST_3
    AALOAD
    INVOKEVIRTUAL java/lang/StringBuilder.append (Ljava/lang/Object;)Ljava/lang/StringBuilder;
    INVOKEVIRTUAL java/lang/StringBuilder.toString ()Ljava/lang/String;
    ALOAD 0
    DUP
    GETFIELD com/examples/with/different/packagename/testcarver/NumberConverterTestBase.numbers : [Ljava/lang/Number;
    SWAP
    LDC -2147483555
    LDC "com/examples/with/different/packagename/testcarver/NumberConverterTestBase"
    LDC "numbers"
    LDC "[Ljava/lang/Number;"
    INVOKESTATIC org/evosuite/testcarver/capture/FieldRegistry.notifyReadAccess (Ljava/lang/Object;ILjava/lang/String;Ljava/lang/String;Ljava/lang/String;)V
    ICONST_3
    AALOAD
    ALOAD 2
    ALOAD 0
    INVOKEVIRTUAL com/examples/with/different/packagename/testcarver/NumberConverterTestBase.getExpectedType ()Ljava/lang/Class;
    LDC "[2.3]"
    INVOKEVIRTUAL com/examples/with/different/packagename/testcarver/NumberConverter.convert (Ljava/lang/Class;Ljava/lang/Object;)Ljava/lang/Object;
    INVOKESTATIC com/examples/with/different/packagename/testcarver/NumberConverterTestBase.assertEquals (Ljava/lang/String;Ljava/lang/Object;Ljava/lang/Object;)V
   L0
    LINENUMBER 214 L0
    ALOAD 2
    ALOAD 0
    INVOKEVIRTUAL com/examples/with/different/packagename/testcarver/NumberConverterTestBase.getExpectedType ()Ljava/lang/Class;
    LDC "1,2"
    INVOKEVIRTUAL com/examples/with/different/packagename/testcarver/NumberConverter.convert (Ljava/lang/Class;Ljava/lang/Object;)Ljava/lang/Object;
    POP
   L15
    LINENUMBER 215 L15
    LDC "Expected invalid value to cause ConversionException"
    INVOKESTATIC com/examples/with/different/packagename/testcarver/NumberConverterTestBase.fail (Ljava/lang/String;)V
   L1
    LINENUMBER 218 L1
    GOTO L16
   L2
    LINENUMBER 216 L2
    ASTORE 3
   L16
    LINENUMBER 221 L16
    NEW com/examples/with/different/packagename/testcarver/NumberConverterTestBase$1
    DUP
    ALOAD 0
    INVOKESPECIAL com/examples/with/different/packagename/testcarver/NumberConverterTestBase$1.<init> (Lcom/examples/with/different/packagename/testcarver/NumberConverterTestBase;)V
    ASTORE 3
   L3
    LINENUMBER 227 L3
    ALOAD 2
    ALOAD 0
    INVOKEVIRTUAL com/examples/with/different/packagename/testcarver/NumberConverterTestBase.getExpectedType ()Ljava/lang/Class;
    ALOAD 3
    INVOKEVIRTUAL com/examples/with/different/packagename/testcarver/NumberConverter.convert (Ljava/lang/Class;Ljava/lang/Object;)Ljava/lang/Object;
    POP
   L17
    LINENUMBER 228 L17
    LDC "Expected invalid value to cause ConversionException"
    INVOKESTATIC com/examples/with/different/packagename/testcarver/NumberConverterTestBase.fail (Ljava/lang/String;)V
   L4
    LINENUMBER 231 L4
    GOTO L18
   L5
    LINENUMBER 229 L5
    ASTORE 4
   L18
    LINENUMBER 234 L18
    ALOAD 1
    INVOKESTATIC java/util/Locale.setDefault (Ljava/util/Locale;)V
   L19
    LINENUMBER 235 L19
    RETURN
   L20
    LOCALVARIABLE this Lcom/examples/with/different/packagename/testcarver/NumberConverterTestBase; L6 L20 0
    LOCALVARIABLE defaultLocale Ljava/util/Locale; L7 L20 1
    LOCALVARIABLE converter Lcom/examples/with/different/packagename/testcarver/NumberConverter; L9 L20 2
    LOCALVARIABLE obj Ljava/lang/Object; L3 L20 3
    MAXSTACK = 9
    MAXLOCALS = 5

  // access flags 0x2
  private _sw_prototype_original_testStringToNumberLocale()V
    TRYCATCHBLOCK L0 L1 L2 java/lang/Exception
    TRYCATCHBLOCK L3 L4 L5 java/lang/Exception
   L6
    LINENUMBER 243 L6
    INVOKESTATIC java/util/Locale.getDefault ()Ljava/util/Locale;
    ASTORE 1
   L7
    LINENUMBER 244 L7
    GETSTATIC java/util/Locale.US : Ljava/util/Locale;
    ACONST_NULL
    LDC -2147483553
    LDC "java/util/Locale"
    LDC "US"
    LDC "Ljava/util/Locale;"
    INVOKESTATIC org/evosuite/testcarver/capture/FieldRegistry.notifyReadAccess (Ljava/lang/Object;ILjava/lang/String;Ljava/lang/String;Ljava/lang/String;)V
    INVOKESTATIC java/util/Locale.setDefault (Ljava/util/Locale;)V
   L8
    LINENUMBER 246 L8
    ALOAD 0
    INVOKEVIRTUAL com/examples/with/different/packagename/testcarver/NumberConverterTestBase.makeConverter ()Lcom/examples/with/different/packagename/testcarver/NumberConverter;
    ASTORE 2
   L9
    LINENUMBER 247 L9
    ALOAD 2
    ICONST_1
    INVOKEVIRTUAL com/examples/with/different/packagename/testcarver/NumberConverter.setUseLocaleFormat (Z)V
   L10
    LINENUMBER 250 L10
    NEW java/lang/StringBuilder
    DUP
    INVOKESPECIAL java/lang/StringBuilder.<init> ()V
    LDC "Default Locale "
    INVOKEVIRTUAL java/lang/StringBuilder.append (Ljava/lang/String;)Ljava/lang/StringBuilder;
    ALOAD 0
    DUP
    GETFIELD com/examples/with/different/packagename/testcarver/NumberConverterTestBase.numbers : [Ljava/lang/Number;
    SWAP
    LDC -2147483552
    LDC "com/examples/with/different/packagename/testcarver/NumberConverterTestBase"
    LDC "numbers"
    LDC "[Ljava/lang/Number;"
    INVOKESTATIC org/evosuite/testcarver/capture/FieldRegistry.notifyReadAccess (Ljava/lang/Object;ILjava/lang/String;Ljava/lang/String;Ljava/lang/String;)V
    ICONST_0
    AALOAD
    INVOKEVIRTUAL java/lang/StringBuilder.append (Ljava/lang/Object;)Ljava/lang/StringBuilder;
    INVOKEVIRTUAL java/lang/StringBuilder.toString ()Ljava/lang/String;
    ALOAD 0
    DUP
    GETFIELD com/examples/with/different/packagename/testcarver/NumberConverterTestBase.numbers : [Ljava/lang/Number;
    SWAP
    LDC -2147483551
    LDC "com/examples/with/different/packagename/testcarver/NumberConverterTestBase"
    LDC "numbers"
    LDC "[Ljava/lang/Number;"
    INVOKESTATIC org/evosuite/testcarver/capture/FieldRegistry.notifyReadAccess (Ljava/lang/Object;ILjava/lang/String;Ljava/lang/String;Ljava/lang/String;)V
    ICONST_0
    AALOAD
    ALOAD 2
    ALOAD 0
    INVOKEVIRTUAL com/examples/with/different/packagename/testcarver/NumberConverterTestBase.getExpectedType ()Ljava/lang/Class;
    LDC "-0,012"
    INVOKEVIRTUAL com/examples/with/different/packagename/testcarver/NumberConverter.convert (Ljava/lang/Class;Ljava/lang/Object;)Ljava/lang/Object;
    INVOKESTATIC com/examples/with/different/packagename/testcarver/NumberConverterTestBase.assertEquals (Ljava/lang/String;Ljava/lang/Object;Ljava/lang/Object;)V
   L11
    LINENUMBER 251 L11
    NEW java/lang/StringBuilder
    DUP
    INVOKESPECIAL java/lang/StringBuilder.<init> ()V
    LDC "Default Locale "
    INVOKEVIRTUAL java/lang/StringBuilder.append (Ljava/lang/String;)Ljava/lang/StringBuilder;
    ALOAD 0
    DUP
    GETFIELD com/examples/with/different/packagename/testcarver/NumberConverterTestBase.numbers : [Ljava/lang/Number;
    SWAP
    LDC -2147483550
    LDC "com/examples/with/different/packagename/testcarver/NumberConverterTestBase"
    LDC "numbers"
    LDC "[Ljava/lang/Number;"
    INVOKESTATIC org/evosuite/testcarver/capture/FieldRegistry.notifyReadAccess (Ljava/lang/Object;ILjava/lang/String;Ljava/lang/String;Ljava/lang/String;)V
    ICONST_1
    AALOAD
    INVOKEVIRTUAL java/lang/StringBuilder.append (Ljava/lang/Object;)Ljava/lang/StringBuilder;
    INVOKEVIRTUAL java/lang/StringBuilder.toString ()Ljava/lang/String;
    ALOAD 0
    DUP
    GETFIELD com/examples/with/different/packagename/testcarver/NumberConverterTestBase.numbers : [Ljava/lang/Number;
    SWAP
    LDC -2147483549
    LDC "com/examples/with/different/packagename/testcarver/NumberConverterTestBase"
    LDC "numbers"
    LDC "[Ljava/lang/Number;"
    INVOKESTATIC org/evosuite/testcarver/capture/FieldRegistry.notifyReadAccess (Ljava/lang/Object;ILjava/lang/String;Ljava/lang/String;Ljava/lang/String;)V
    ICONST_1
    AALOAD
    ALOAD 2
    ALOAD 0
    INVOKEVIRTUAL com/examples/with/different/packagename/testcarver/NumberConverterTestBase.getExpectedType ()Ljava/lang/Class;
    LDC "0,013"
    INVOKEVIRTUAL com/examples/with/different/packagename/testcarver/NumberConverter.convert (Ljava/lang/Class;Ljava/lang/Object;)Ljava/lang/Object;
    INVOKESTATIC com/examples/with/different/packagename/testcarver/NumberConverterTestBase.assertEquals (Ljava/lang/String;Ljava/lang/Object;Ljava/lang/Object;)V
   L0
    LINENUMBER 255 L0
    ALOAD 2
    ALOAD 0
    INVOKEVIRTUAL com/examples/with/different/packagename/testcarver/NumberConverterTestBase.getExpectedType ()Ljava/lang/Class;
    LDC "0,02x"
    INVOKEVIRTUAL com/examples/with/different/packagename/testcarver/NumberConverter.convert (Ljava/lang/Class;Ljava/lang/Object;)Ljava/lang/Object;
    POP
   L12
    LINENUMBER 256 L12
    LDC "Expected invalid value to cause ConversionException"
    INVOKESTATIC com/examples/with/different/packagename/testcarver/NumberConverterTestBase.fail (Ljava/lang/String;)V
   L1
    LINENUMBER 259 L1
    GOTO L13
   L2
    LINENUMBER 257 L2
    ASTORE 3
   L13
    LINENUMBER 262 L13
    ALOAD 2
    GETSTATIC java/util/Locale.GERMAN : Ljava/util/Locale;
    ACONST_NULL
    LDC -2147483548
    LDC "java/util/Locale"
    LDC "GERMAN"
    LDC "Ljava/util/Locale;"
    INVOKESTATIC org/evosuite/testcarver/capture/FieldRegistry.notifyReadAccess (Ljava/lang/Object;ILjava/lang/String;Ljava/lang/String;Ljava/lang/String;)V
    INVOKEVIRTUAL com/examples/with/different/packagename/testcarver/NumberConverter.setLocale (Ljava/util/Locale;)V
   L14
    LINENUMBER 263 L14
    NEW java/lang/StringBuilder
    DUP
    INVOKESPECIAL java/lang/StringBuilder.<init> ()V
    LDC "Locale.GERMAN "
    INVOKEVIRTUAL java/lang/StringBuilder.append (Ljava/lang/String;)Ljava/lang/StringBuilder;
    ALOAD 0
    DUP
    GETFIELD com/examples/with/different/packagename/testcarver/NumberConverterTestBase.numbers : [Ljava/lang/Number;
    SWAP
    LDC -2147483547
    LDC "com/examples/with/different/packagename/testcarver/NumberConverterTestBase"
    LDC "numbers"
    LDC "[Ljava/lang/Number;"
    INVOKESTATIC org/evosuite/testcarver/capture/FieldRegistry.notifyReadAccess (Ljava/lang/Object;ILjava/lang/String;Ljava/lang/String;Ljava/lang/String;)V
    ICONST_2
    AALOAD
    INVOKEVIRTUAL java/lang/StringBuilder.append (Ljava/lang/Object;)Ljava/lang/StringBuilder;
    INVOKEVIRTUAL java/lang/StringBuilder.toString ()Ljava/lang/String;
    ALOAD 0
    DUP
    GETFIELD com/examples/with/different/packagename/testcarver/NumberConverterTestBase.numbers : [Ljava/lang/Number;
    SWAP
    LDC -2147483546
    LDC "com/examples/with/different/packagename/testcarver/NumberConverterTestBase"
    LDC "numbers"
    LDC "[Ljava/lang/Number;"
    INVOKESTATIC org/evosuite/testcarver/capture/FieldRegistry.notifyReadAccess (Ljava/lang/Object;ILjava/lang/String;Ljava/lang/String;Ljava/lang/String;)V
    ICONST_2
    AALOAD
    ALOAD 2
    ALOAD 0
    INVOKEVIRTUAL com/examples/with/different/packagename/testcarver/NumberConverterTestBase.getExpectedType ()Ljava/lang/Class;
    LDC "-0.022"
    INVOKEVIRTUAL com/examples/with/different/packagename/testcarver/NumberConverter.convert (Ljava/lang/Class;Ljava/lang/Object;)Ljava/lang/Object;
    INVOKESTATIC com/examples/with/different/packagename/testcarver/NumberConverterTestBase.assertEquals (Ljava/lang/String;Ljava/lang/Object;Ljava/lang/Object;)V
   L15
    LINENUMBER 264 L15
    NEW java/lang/StringBuilder
    DUP
    INVOKESPECIAL java/lang/StringBuilder.<init> ()V
    LDC "Locale.GERMAN "
    INVOKEVIRTUAL java/lang/StringBuilder.append (Ljava/lang/String;)Ljava/lang/StringBuilder;
    ALOAD 0
    DUP
    GETFIELD com/examples/with/different/packagename/testcarver/NumberConverterTestBase.numbers : [Ljava/lang/Number;
    SWAP
    LDC -2147483545
    LDC "com/examples/with/different/packagename/testcarver/NumberConverterTestBase"
    LDC "numbers"
    LDC "[Ljava/lang/Number;"
    INVOKESTATIC org/evosuite/testcarver/capture/FieldRegistry.notifyReadAccess (Ljava/lang/Object;ILjava/lang/String;Ljava/lang/String;Ljava/lang/String;)V
    ICONST_3
    AALOAD
    INVOKEVIRTUAL java/lang/StringBuilder.append (Ljava/lang/Object;)Ljava/lang/StringBuilder;
    INVOKEVIRTUAL java/lang/StringBuilder.toString ()Ljava/lang/String;
    ALOAD 0
    DUP
    GETFIELD com/examples/with/different/packagename/testcarver/NumberConverterTestBase.numbers : [Ljava/lang/Number;
    SWAP
    LDC -2147483544
    LDC "com/examples/with/different/packagename/testcarver/NumberConverterTestBase"
    LDC "numbers"
    LDC "[Ljava/lang/Number;"
    INVOKESTATIC org/evosuite/testcarver/capture/FieldRegistry.notifyReadAccess (Ljava/lang/Object;ILjava/lang/String;Ljava/lang/String;Ljava/lang/String;)V
    ICONST_3
    AALOAD
    ALOAD 2
    ALOAD 0
    INVOKEVIRTUAL com/examples/with/different/packagename/testcarver/NumberConverterTestBase.getExpectedType ()Ljava/lang/Class;
    LDC "0.023"
    INVOKEVIRTUAL com/examples/with/different/packagename/testcarver/NumberConverter.convert (Ljava/lang/Class;Ljava/lang/Object;)Ljava/lang/Object;
    INVOKESTATIC com/examples/with/different/packagename/testcarver/NumberConverterTestBase.assertEquals (Ljava/lang/String;Ljava/lang/Object;Ljava/lang/Object;)V
   L3
    LINENUMBER 268 L3
    ALOAD 2
    ALOAD 0
    INVOKEVIRTUAL com/examples/with/different/packagename/testcarver/NumberConverterTestBase.getExpectedType ()Ljava/lang/Class;
    LDC "0.02x"
    INVOKEVIRTUAL com/examples/with/different/packagename/testcarver/NumberConverter.convert (Ljava/lang/Class;Ljava/lang/Object;)Ljava/lang/Object;
    POP
   L16
    LINENUMBER 269 L16
    LDC "Expected invalid value to cause ConversionException"
    INVOKESTATIC com/examples/with/different/packagename/testcarver/NumberConverterTestBase.fail (Ljava/lang/String;)V
   L4
    LINENUMBER 272 L4
    GOTO L17
   L5
    LINENUMBER 270 L5
    ASTORE 3
   L17
    LINENUMBER 275 L17
    ALOAD 1
    INVOKESTATIC java/util/Locale.setDefault (Ljava/util/Locale;)V
   L18
    LINENUMBER 276 L18
    RETURN
   L19
    LOCALVARIABLE this Lcom/examples/with/different/packagename/testcarver/NumberConverterTestBase; L6 L19 0
    LOCALVARIABLE defaultLocale Ljava/util/Locale; L7 L19 1
    LOCALVARIABLE converter Lcom/examples/with/different/packagename/testcarver/NumberConverter; L9 L19 2
    MAXSTACK = 9
    MAXLOCALS = 4

  // access flags 0x2
  private _sw_prototype_original_testStringToNumberDefault()V
    TRYCATCHBLOCK L0 L1 L2 java/lang/Exception
   L3
    LINENUMBER 283 L3
    ALOAD 0
    INVOKEVIRTUAL com/examples/with/different/packagename/testcarver/NumberConverterTestBase.makeConverter ()Lcom/examples/with/different/packagename/testcarver/NumberConverter;
    ASTORE 1
   L4
    LINENUMBER 284 L4
    ALOAD 1
    ICONST_0
    INVOKEVIRTUAL com/examples/with/different/packagename/testcarver/NumberConverter.setUseLocaleFormat (Z)V
   L5
    LINENUMBER 287 L5
    NEW java/lang/StringBuilder
    DUP
    INVOKESPECIAL java/lang/StringBuilder.<init> ()V
    LDC "Default Convert "
    INVOKEVIRTUAL java/lang/StringBuilder.append (Ljava/lang/String;)Ljava/lang/StringBuilder;
    ALOAD 0
    DUP
    GETFIELD com/examples/with/different/packagename/testcarver/NumberConverterTestBase.numbers : [Ljava/lang/Number;
    SWAP
    LDC -2147483542
    LDC "com/examples/with/different/packagename/testcarver/NumberConverterTestBase"
    LDC "numbers"
    LDC "[Ljava/lang/Number;"
    INVOKESTATIC org/evosuite/testcarver/capture/FieldRegistry.notifyReadAccess (Ljava/lang/Object;ILjava/lang/String;Ljava/lang/String;Ljava/lang/String;)V
    ICONST_0
    AALOAD
    INVOKEVIRTUAL java/lang/StringBuilder.append (Ljava/lang/Object;)Ljava/lang/StringBuilder;
    INVOKEVIRTUAL java/lang/StringBuilder.toString ()Ljava/lang/String;
    ALOAD 0
    DUP
    GETFIELD com/examples/with/different/packagename/testcarver/NumberConverterTestBase.numbers : [Ljava/lang/Number;
    SWAP
    LDC -2147483541
    LDC "com/examples/with/different/packagename/testcarver/NumberConverterTestBase"
    LDC "numbers"
    LDC "[Ljava/lang/Number;"
    INVOKESTATIC org/evosuite/testcarver/capture/FieldRegistry.notifyReadAccess (Ljava/lang/Object;ILjava/lang/String;Ljava/lang/String;Ljava/lang/String;)V
    ICONST_0
    AALOAD
    ALOAD 1
    ALOAD 0
    INVOKEVIRTUAL com/examples/with/different/packagename/testcarver/NumberConverterTestBase.getExpectedType ()Ljava/lang/Class;
    ALOAD 0
    DUP
    GETFIELD com/examples/with/different/packagename/testcarver/NumberConverterTestBase.numbers : [Ljava/lang/Number;
    SWAP
    LDC -2147483540
    LDC "com/examples/with/different/packagename/testcarver/NumberConverterTestBase"
    LDC "numbers"
    LDC "[Ljava/lang/Number;"
    INVOKESTATIC org/evosuite/testcarver/capture/FieldRegistry.notifyReadAccess (Ljava/lang/Object;ILjava/lang/String;Ljava/lang/String;Ljava/lang/String;)V
    ICONST_0
    AALOAD
    INVOKEVIRTUAL java/lang/Object.toString ()Ljava/lang/String;
    INVOKEVIRTUAL com/examples/with/different/packagename/testcarver/NumberConverter.convert (Ljava/lang/Class;Ljava/lang/Object;)Ljava/lang/Object;
    INVOKESTATIC com/examples/with/different/packagename/testcarver/NumberConverterTestBase.assertEquals (Ljava/lang/String;Ljava/lang/Object;Ljava/lang/Object;)V
   L0
    LINENUMBER 291 L0
    ALOAD 1
    ALOAD 0
    INVOKEVIRTUAL com/examples/with/different/packagename/testcarver/NumberConverterTestBase.getExpectedType ()Ljava/lang/Class;
    LDC "12x"
    INVOKEVIRTUAL com/examples/with/different/packagename/testcarver/NumberConverter.convert (Ljava/lang/Class;Ljava/lang/Object;)Ljava/lang/Object;
    POP
   L6
    LINENUMBER 292 L6
    LDC "Expected invalid value to cause ConversionException"
    INVOKESTATIC com/examples/with/different/packagename/testcarver/NumberConverterTestBase.fail (Ljava/lang/String;)V
   L1
    LINENUMBER 295 L1
    GOTO L7
   L2
    LINENUMBER 293 L2
    ASTORE 2
   L7
    LINENUMBER 296 L7
    RETURN
   L8
    LOCALVARIABLE this Lcom/examples/with/different/packagename/testcarver/NumberConverterTestBase; L3 L8 0
    LOCALVARIABLE converter Lcom/examples/with/different/packagename/testcarver/NumberConverter; L4 L8 1
    MAXSTACK = 10
    MAXLOCALS = 3

  // access flags 0x2
  private _sw_prototype_original_testBooleanToNumberDefault()V
   L0
    LINENUMBER 303 L0
    ALOAD 0
    INVOKEVIRTUAL com/examples/with/different/packagename/testcarver/NumberConverterTestBase.makeConverter ()Lcom/examples/with/different/packagename/testcarver/NumberConverter;
    ASTORE 1
   L1
    LINENUMBER 306 L1
    LDC "Boolean.FALSE to Number "
    ICONST_0
    ALOAD 1
    ALOAD 0
    INVOKEVIRTUAL com/examples/with/different/packagename/testcarver/NumberConverterTestBase.getExpectedType ()Ljava/lang/Class;
    GETSTATIC java/lang/Boolean.FALSE : Ljava/lang/Boolean;
    ACONST_NULL
    LDC -2147483538
    LDC "java/lang/Boolean"
    LDC "FALSE"
    LDC "Ljava/lang/Boolean;"
    INVOKESTATIC org/evosuite/testcarver/capture/FieldRegistry.notifyReadAccess (Ljava/lang/Object;ILjava/lang/String;Ljava/lang/String;Ljava/lang/String;)V
    INVOKEVIRTUAL com/examples/with/different/packagename/testcarver/NumberConverter.convert (Ljava/lang/Class;Ljava/lang/Object;)Ljava/lang/Object;
    CHECKCAST java/lang/Number
    INVOKEVIRTUAL java/lang/Number.intValue ()I
    INVOKESTATIC com/examples/with/different/packagename/testcarver/NumberConverterTestBase.assertEquals (Ljava/lang/String;II)V
   L2
    LINENUMBER 307 L2
    LDC "Boolean.TRUE to Number "
    ICONST_1
    ALOAD 1
    ALOAD 0
    INVOKEVIRTUAL com/examples/with/different/packagename/testcarver/NumberConverterTestBase.getExpectedType ()Ljava/lang/Class;
    GETSTATIC java/lang/Boolean.TRUE : Ljava/lang/Boolean;
    ACONST_NULL
    LDC -2147483537
    LDC "java/lang/Boolean"
    LDC "TRUE"
    LDC "Ljava/lang/Boolean;"
    INVOKESTATIC org/evosuite/testcarver/capture/FieldRegistry.notifyReadAccess (Ljava/lang/Object;ILjava/lang/String;Ljava/lang/String;Ljava/lang/String;)V
    INVOKEVIRTUAL com/examples/with/different/packagename/testcarver/NumberConverter.convert (Ljava/lang/Class;Ljava/lang/Object;)Ljava/lang/Object;
    CHECKCAST java/lang/Number
    INVOKEVIRTUAL java/lang/Number.intValue ()I
    INVOKESTATIC com/examples/with/different/packagename/testcarver/NumberConverterTestBase.assertEquals (Ljava/lang/String;II)V
   L3
    LINENUMBER 309 L3
    RETURN
   L4
    LOCALVARIABLE this Lcom/examples/with/different/packagename/testcarver/NumberConverterTestBase; L0 L4 0
    LOCALVARIABLE converter Lcom/examples/with/different/packagename/testcarver/NumberConverter; L1 L4 1
    MAXSTACK = 9
    MAXLOCALS = 2

  // access flags 0x2
  private _sw_prototype_original_testDateToNumber()V
    TRYCATCHBLOCK L0 L1 L2 com/examples/with/different/packagename/testcarver/ConversionException
   L3
    LINENUMBER 316 L3
    ALOAD 0
    INVOKEVIRTUAL com/examples/with/different/packagename/testcarver/NumberConverterTestBase.makeConverter ()Lcom/examples/with/different/packagename/testcarver/NumberConverter;
    ASTORE 1
   L4
    LINENUMBER 318 L4
    NEW org/evosuite/testcarver/wrapper/java/util/Date
    DUP
    INVOKESPECIAL org/evosuite/testcarver/wrapper/java/util/Date.<init> ()V
    ASTORE 2
   L5
    LINENUMBER 319 L5
    ALOAD 2
    INVOKEVIRTUAL java/util/Date.getTime ()J
    LSTORE 3
   L6
    LINENUMBER 322 L6
    LDC "Date to Long"
    LLOAD 3
    INVOKESTATIC java/lang/Long.valueOf (J)Ljava/lang/Long;
    ALOAD 1
    LDC Ljava/lang/Long;.class
    ALOAD 2
    INVOKEVIRTUAL com/examples/with/different/packagename/testcarver/NumberConverter.convert (Ljava/lang/Class;Ljava/lang/Object;)Ljava/lang/Object;
    INVOKESTATIC com/examples/with/different/packagename/testcarver/NumberConverterTestBase.assertEquals (Ljava/lang/String;Ljava/lang/Object;Ljava/lang/Object;)V
   L0
    LINENUMBER 326 L0
    ALOAD 1
    LDC Ljava/lang/Integer;.class
    ALOAD 2
    INVOKEVIRTUAL com/examples/with/different/packagename/testcarver/NumberConverter.convert (Ljava/lang/Class;Ljava/lang/Object;)Ljava/lang/Object;
    POP
   L7
    LINENUMBER 327 L7
    LDC "Date to Integer - expected a ConversionException"
    INVOKESTATIC com/examples/with/different/packagename/testcarver/NumberConverterTestBase.fail (Ljava/lang/String;)V
   L1
    LINENUMBER 330 L1
    GOTO L8
   L2
    LINENUMBER 328 L2
    ASTORE 5
   L8
    LINENUMBER 332 L8
    RETURN
   L9
    LOCALVARIABLE this Lcom/examples/with/different/packagename/testcarver/NumberConverterTestBase; L3 L9 0
    LOCALVARIABLE converter Lcom/examples/with/different/packagename/testcarver/NumberConverter; L4 L9 1
    LOCALVARIABLE dateValue Ljava/util/Date; L5 L9 2
    LOCALVARIABLE longValue J L6 L9 3
    MAXSTACK = 9
    MAXLOCALS = 6

  // access flags 0x2
  private _sw_prototype_original_testCalendarToNumber()V
    TRYCATCHBLOCK L0 L1 L2 com/examples/with/different/packagename/testcarver/ConversionException
   L3
    LINENUMBER 339 L3
    ALOAD 0
    INVOKEVIRTUAL com/examples/with/different/packagename/testcarver/NumberConverterTestBase.makeConverter ()Lcom/examples/with/different/packagename/testcarver/NumberConverter;
    ASTORE 1
   L4
    LINENUMBER 341 L4
    INVOKESTATIC org/evosuite/testcarver/wrapper/java/util/Calendar.getInstance ()Ljava/util/Calendar;
    ASTORE 2
   L5
    LINENUMBER 342 L5
    ALOAD 2
    INVOKESTATIC org/evosuite/testcarver/wrapper/java/util/Calendar.getTime (Ljava/util/Calendar;)Ljava/util/Date;
    INVOKEVIRTUAL java/util/Date.getTime ()J
    LSTORE 3
   L6
    LINENUMBER 345 L6
    LDC "Calendar to Long"
    LLOAD 3
    INVOKESTATIC java/lang/Long.valueOf (J)Ljava/lang/Long;
    ALOAD 1
    LDC Ljava/lang/Long;.class
    ALOAD 2
    INVOKEVIRTUAL com/examples/with/different/packagename/testcarver/NumberConverter.convert (Ljava/lang/Class;Ljava/lang/Object;)Ljava/lang/Object;
    INVOKESTATIC com/examples/with/different/packagename/testcarver/NumberConverterTestBase.assertEquals (Ljava/lang/String;Ljava/lang/Object;Ljava/lang/Object;)V
   L0
    LINENUMBER 349 L0
    ALOAD 1
    LDC Ljava/lang/Integer;.class
    ALOAD 2
    INVOKEVIRTUAL com/examples/with/different/packagename/testcarver/NumberConverter.convert (Ljava/lang/Class;Ljava/lang/Object;)Ljava/lang/Object;
    POP
   L7
    LINENUMBER 350 L7
    LDC "Calendar to Integer - expected a ConversionException"
    INVOKESTATIC com/examples/with/different/packagename/testcarver/NumberConverterTestBase.fail (Ljava/lang/String;)V
   L1
    LINENUMBER 353 L1
    GOTO L8
   L2
    LINENUMBER 351 L2
    ASTORE 5
   L8
    LINENUMBER 355 L8
    RETURN
   L9
    LOCALVARIABLE this Lcom/examples/with/different/packagename/testcarver/NumberConverterTestBase; L3 L9 0
    LOCALVARIABLE converter Lcom/examples/with/different/packagename/testcarver/NumberConverter; L4 L9 1
    LOCALVARIABLE calendarValue Ljava/util/Calendar; L5 L9 2
    LOCALVARIABLE longValue J L6 L9 3
    MAXSTACK = 9
    MAXLOCALS = 6

  // access flags 0x2
  private _sw_prototype_original_testOtherToStringDefault()V
   L0
    LINENUMBER 362 L0
    ALOAD 0
    INVOKEVIRTUAL com/examples/with/different/packagename/testcarver/NumberConverterTestBase.makeConverter ()Lcom/examples/with/different/packagename/testcarver/NumberConverter;
    ASTORE 1
   L1
    LINENUMBER 365 L1
    LDC "Default Convert "
    LDC "ABC"
    ALOAD 1
    LDC Ljava/lang/String;.class
    NEW java/lang/StringBuffer
    DUP
    LDC "ABC"
    INVOKESPECIAL java/lang/StringBuffer.<init> (Ljava/lang/String;)V
    INVOKEVIRTUAL com/examples/with/different/packagename/testcarver/NumberConverter.convert (Ljava/lang/Class;Ljava/lang/Object;)Ljava/lang/Object;
    INVOKESTATIC com/examples/with/different/packagename/testcarver/NumberConverterTestBase.assertEquals (Ljava/lang/String;Ljava/lang/Object;Ljava/lang/Object;)V
   L2
    LINENUMBER 367 L2
    RETURN
   L3
    LOCALVARIABLE this Lcom/examples/with/different/packagename/testcarver/NumberConverterTestBase; L0 L3 0
    LOCALVARIABLE converter Lcom/examples/with/different/packagename/testcarver/NumberConverter; L1 L3 1
    MAXSTACK = 11
    MAXLOCALS = 2

  // access flags 0x2
  private _sw_prototype_original_testInvalidDefault()V
   L0
    LINENUMBER 374 L0
    ALOAD 0
    DUP
    GETFIELD com/examples/with/different/packagename/testcarver/NumberConverterTestBase.numbers : [Ljava/lang/Number;
    SWAP
    LDC -2147483532
    LDC "com/examples/with/different/packagename/testcarver/NumberConverterTestBase"
    LDC "numbers"
    LDC "[Ljava/lang/Number;"
    INVOKESTATIC org/evosuite/testcarver/capture/FieldRegistry.notifyReadAccess (Ljava/lang/Object;ILjava/lang/String;Ljava/lang/String;Ljava/lang/String;)V
    ICONST_0
    AALOAD
    ASTORE 1
   L1
    LINENUMBER 375 L1
    ALOAD 0
    ALOAD 1
    INVOKEVIRTUAL com/examples/with/different/packagename/testcarver/NumberConverterTestBase.makeConverter (Ljava/lang/Object;)Lcom/examples/with/different/packagename/testcarver/NumberConverter;
    ASTORE 2
   L2
    LINENUMBER 378 L2
    LDC "Invalid null "
    ALOAD 1
    ALOAD 2
    ALOAD 0
    INVOKEVIRTUAL com/examples/with/different/packagename/testcarver/NumberConverterTestBase.getExpectedType ()Ljava/lang/Class;
    ACONST_NULL
    INVOKEVIRTUAL com/examples/with/different/packagename/testcarver/NumberConverter.convert (Ljava/lang/Class;Ljava/lang/Object;)Ljava/lang/Object;
    INVOKESTATIC com/examples/with/different/packagename/testcarver/NumberConverterTestBase.assertEquals (Ljava/lang/String;Ljava/lang/Object;Ljava/lang/Object;)V
   L3
    LINENUMBER 379 L3
    LDC "Default XXXX "
    ALOAD 1
    ALOAD 2
    ALOAD 0
    INVOKEVIRTUAL com/examples/with/different/packagename/testcarver/NumberConverterTestBase.getExpectedType ()Ljava/lang/Class;
    LDC "XXXX"
    INVOKEVIRTUAL com/examples/with/different/packagename/testcarver/NumberConverter.convert (Ljava/lang/Class;Ljava/lang/Object;)Ljava/lang/Object;
    INVOKESTATIC com/examples/with/different/packagename/testcarver/NumberConverterTestBase.assertEquals (Ljava/lang/String;Ljava/lang/Object;Ljava/lang/Object;)V
   L4
    LINENUMBER 380 L4
    RETURN
   L5
    LOCALVARIABLE this Lcom/examples/with/different/packagename/testcarver/NumberConverterTestBase; L0 L5 0
    LOCALVARIABLE defaultvalue Ljava/lang/Object; L1 L5 1
    LOCALVARIABLE converter Lcom/examples/with/different/packagename/testcarver/NumberConverter; L2 L5 2
    MAXSTACK = 9
    MAXLOCALS = 3

  // access flags 0x2
  private _sw_prototype_original_testInvalidException()V
    TRYCATCHBLOCK L0 L1 L2 com/examples/with/different/packagename/testcarver/ConversionException
    TRYCATCHBLOCK L3 L4 L5 com/examples/with/different/packagename/testcarver/ConversionException
   L6
    LINENUMBER 387 L6
    ALOAD 0
    INVOKEVIRTUAL com/examples/with/different/packagename/testcarver/NumberConverterTestBase.makeConverter ()Lcom/examples/with/different/packagename/testcarver/NumberConverter;
    ASTORE 1
   L0
    LINENUMBER 390 L0
    ALOAD 1
    ALOAD 0
    INVOKEVIRTUAL com/examples/with/different/packagename/testcarver/NumberConverterTestBase.getExpectedType ()Ljava/lang/Class;
    ACONST_NULL
    INVOKEVIRTUAL com/examples/with/different/packagename/testcarver/NumberConverter.convert (Ljava/lang/Class;Ljava/lang/Object;)Ljava/lang/Object;
    POP
   L7
    LINENUMBER 391 L7
    LDC "Null test, expected ConversionException"
    INVOKESTATIC com/examples/with/different/packagename/testcarver/NumberConverterTestBase.fail (Ljava/lang/String;)V
   L1
    LINENUMBER 394 L1
    GOTO L3
   L2
    LINENUMBER 392 L2
    ASTORE 2
   L3
    LINENUMBER 396 L3
    ALOAD 1
    ALOAD 0
    INVOKEVIRTUAL com/examples/with/different/packagename/testcarver/NumberConverterTestBase.getExpectedType ()Ljava/lang/Class;
    LDC "XXXX"
    INVOKEVIRTUAL com/examples/with/different/packagename/testcarver/NumberConverter.convert (Ljava/lang/Class;Ljava/lang/Object;)Ljava/lang/Object;
    POP
   L8
    LINENUMBER 397 L8
    LDC "Invalid test, expected ConversionException"
    INVOKESTATIC com/examples/with/different/packagename/testcarver/NumberConverterTestBase.fail (Ljava/lang/String;)V
   L4
    LINENUMBER 400 L4
    GOTO L9
   L5
    LINENUMBER 398 L5
    ASTORE 2
   L9
    LINENUMBER 401 L9
    RETURN
   L10
    LOCALVARIABLE this Lcom/examples/with/different/packagename/testcarver/NumberConverterTestBase; L6 L10 0
    LOCALVARIABLE converter Lcom/examples/with/different/packagename/testcarver/NumberConverter; L0 L10 1
    MAXSTACK = 7
    MAXLOCALS = 3

  // access flags 0x2
  private _sw_prototype_original_testInvalidType()V
    TRYCATCHBLOCK L0 L1 L2 com/examples/with/different/packagename/testcarver/ConversionException
   L3
    LINENUMBER 408 L3
    ALOAD 0
    INVOKEVIRTUAL com/examples/with/different/packagename/testcarver/NumberConverterTestBase.makeConverter ()Lcom/examples/with/different/packagename/testcarver/NumberConverter;
    ASTORE 1
   L0
    LINENUMBER 411 L0
    ALOAD 1
    LDC Ljava/lang/Object;.class
    ALOAD 0
    DUP
    GETFIELD com/examples/with/different/packagename/testcarver/NumberConverterTestBase.numbers : [Ljava/lang/Number;
    SWAP
    LDC -2147483529
    LDC "com/examples/with/different/packagename/testcarver/NumberConverterTestBase"
    LDC "numbers"
    LDC "[Ljava/lang/Number;"
    INVOKESTATIC org/evosuite/testcarver/capture/FieldRegistry.notifyReadAccess (Ljava/lang/Object;ILjava/lang/String;Ljava/lang/String;Ljava/lang/String;)V
    ICONST_0
    AALOAD
    INVOKEVIRTUAL com/examples/with/different/packagename/testcarver/NumberConverter.convert (Ljava/lang/Class;Ljava/lang/Object;)Ljava/lang/Object;
    POP
   L4
    LINENUMBER 412 L4
    LDC "Invalid type test, expected ConversionException"
    INVOKESTATIC com/examples/with/different/packagename/testcarver/NumberConverterTestBase.fail (Ljava/lang/String;)V
   L1
    LINENUMBER 415 L1
    GOTO L5
   L2
    LINENUMBER 413 L2
    ASTORE 2
   L5
    LINENUMBER 416 L5
    RETURN
   L6
    LOCALVARIABLE this Lcom/examples/with/different/packagename/testcarver/NumberConverterTestBase; L3 L6 0
    LOCALVARIABLE converter Lcom/examples/with/different/packagename/testcarver/NumberConverter; L0 L6 1
    MAXSTACK = 8
    MAXLOCALS = 3

  // access flags 0x1
  public testConvertNull()V
    TRYCATCHBLOCK L0 L1 L1 java/lang/Throwable
   L0
    LDC -2147483596
    ALOAD 0
    LDC "testConvertNull"
    LDC "()V"
    BIPUSH 0
    ANEWARRAY java/lang/Object
    INVOKESTATIC org/evosuite/testcarver/capture/Capturer.capture (ILjava/lang/Object;Ljava/lang/String;Ljava/lang/String;[Ljava/lang/Object;)V
    ALOAD 0
    INVOKEVIRTUAL com/examples/with/different/packagename/testcarver/NumberConverterTestBase._sw_prototype_original_testConvertNull ()V
    GOTO L2
   L1
   FRAME SAME1 java/lang/Throwable
    ASTORE 1
    LDC -2147483596
    ALOAD 0
    GETSTATIC org/evosuite/testcarver/capture/CaptureLog.RETURN_TYPE_VOID : Ljava/lang/Object;
    INVOKESTATIC org/evosuite/testcarver/capture/Capturer.enable (ILjava/lang/Object;Ljava/lang/Object;)V
    ALOAD 1
    ATHROW
   L2
   FRAME SAME
    LDC -2147483596
    ALOAD 0
    GETSTATIC org/evosuite/testcarver/capture/CaptureLog.RETURN_TYPE_VOID : Ljava/lang/Object;
    INVOKESTATIC org/evosuite/testcarver/capture/Capturer.enable (ILjava/lang/Object;Ljava/lang/Object;)V
    RETURN
    MAXSTACK = 7
    MAXLOCALS = 0

  // access flags 0x1
  public testConvertNumber()V
    TRYCATCHBLOCK L0 L1 L1 java/lang/Throwable
   L0
    LDC -2147483595
    ALOAD 0
    LDC "testConvertNumber"
    LDC "()V"
    BIPUSH 0
    ANEWARRAY java/lang/Object
    INVOKESTATIC org/evosuite/testcarver/capture/Capturer.capture (ILjava/lang/Object;Ljava/lang/String;Ljava/lang/String;[Ljava/lang/Object;)V
    ALOAD 0
    INVOKEVIRTUAL com/examples/with/different/packagename/testcarver/NumberConverterTestBase._sw_prototype_original_testConvertNumber ()V
    GOTO L2
   L1
   FRAME SAME1 java/lang/Throwable
    ASTORE 1
    LDC -2147483595
    ALOAD 0
    GETSTATIC org/evosuite/testcarver/capture/CaptureLog.RETURN_TYPE_VOID : Ljava/lang/Object;
    INVOKESTATIC org/evosuite/testcarver/capture/Capturer.enable (ILjava/lang/Object;Ljava/lang/Object;)V
    ALOAD 1
    ATHROW
   L2
   FRAME SAME
    LDC -2147483595
    ALOAD 0
    GETSTATIC org/evosuite/testcarver/capture/CaptureLog.RETURN_TYPE_VOID : Ljava/lang/Object;
    INVOKESTATIC org/evosuite/testcarver/capture/Capturer.enable (ILjava/lang/Object;Ljava/lang/Object;)V
    RETURN
    MAXSTACK = 11
    MAXLOCALS = 0

  // access flags 0x1
  public testNumberToStringPattern()V
    TRYCATCHBLOCK L0 L1 L1 java/lang/Throwable
   L0
    LDC -2147483584
    ALOAD 0
    LDC "testNumberToStringPattern"
    LDC "()V"
    BIPUSH 0
    ANEWARRAY java/lang/Object
    INVOKESTATIC org/evosuite/testcarver/capture/Capturer.capture (ILjava/lang/Object;Ljava/lang/String;Ljava/lang/String;[Ljava/lang/Object;)V
    ALOAD 0
    INVOKEVIRTUAL com/examples/with/different/packagename/testcarver/NumberConverterTestBase._sw_prototype_original_testNumberToStringPattern ()V
    GOTO L2
   L1
   FRAME SAME1 java/lang/Throwable
    ASTORE 1
    LDC -2147483584
    ALOAD 0
    GETSTATIC org/evosuite/testcarver/capture/CaptureLog.RETURN_TYPE_VOID : Ljava/lang/Object;
    INVOKESTATIC org/evosuite/testcarver/capture/Capturer.enable (ILjava/lang/Object;Ljava/lang/Object;)V
    ALOAD 1
    ATHROW
   L2
   FRAME SAME
    LDC -2147483584
    ALOAD 0
    GETSTATIC org/evosuite/testcarver/capture/CaptureLog.RETURN_TYPE_VOID : Ljava/lang/Object;
    INVOKESTATIC org/evosuite/testcarver/capture/Capturer.enable (ILjava/lang/Object;Ljava/lang/Object;)V
    RETURN
    MAXSTACK = 10
    MAXLOCALS = 0

  // access flags 0x1
  public testNumberToStringLocale()V
    TRYCATCHBLOCK L0 L1 L1 java/lang/Throwable
   L0
    LDC -2147483573
    ALOAD 0
    LDC "testNumberToStringLocale"
    LDC "()V"
    BIPUSH 0
    ANEWARRAY java/lang/Object
    INVOKESTATIC org/evosuite/testcarver/capture/Capturer.capture (ILjava/lang/Object;Ljava/lang/String;Ljava/lang/String;[Ljava/lang/Object;)V
    ALOAD 0
    INVOKEVIRTUAL com/examples/with/different/packagename/testcarver/NumberConverterTestBase._sw_prototype_original_testNumberToStringLocale ()V
    GOTO L2
   L1
   FRAME SAME1 java/lang/Throwable
    ASTORE 1
    LDC -2147483573
    ALOAD 0
    GETSTATIC org/evosuite/testcarver/capture/CaptureLog.RETURN_TYPE_VOID : Ljava/lang/Object;
    INVOKESTATIC org/evosuite/testcarver/capture/Capturer.enable (ILjava/lang/Object;Ljava/lang/Object;)V
    ALOAD 1
    ATHROW
   L2
   FRAME SAME
    LDC -2147483573
    ALOAD 0
    GETSTATIC org/evosuite/testcarver/capture/CaptureLog.RETURN_TYPE_VOID : Ljava/lang/Object;
    INVOKESTATIC org/evosuite/testcarver/capture/Capturer.enable (ILjava/lang/Object;Ljava/lang/Object;)V
    RETURN
    MAXSTACK = 10
    MAXLOCALS = 0

  // access flags 0x1
  public testStringArrayToInteger()V
    TRYCATCHBLOCK L0 L1 L1 java/lang/Throwable
   L0
    LDC -2147483572
    ALOAD 0
    LDC "testStringArrayToInteger"
    LDC "()V"
    BIPUSH 0
    ANEWARRAY java/lang/Object
    INVOKESTATIC org/evosuite/testcarver/capture/Capturer.capture (ILjava/lang/Object;Ljava/lang/String;Ljava/lang/String;[Ljava/lang/Object;)V
    ALOAD 0
    INVOKEVIRTUAL com/examples/with/different/packagename/testcarver/NumberConverterTestBase._sw_prototype_original_testStringArrayToInteger ()V
    GOTO L2
   L1
   FRAME SAME1 java/lang/Throwable
    ASTORE 1
    LDC -2147483572
    ALOAD 0
    GETSTATIC org/evosuite/testcarver/capture/CaptureLog.RETURN_TYPE_VOID : Ljava/lang/Object;
    INVOKESTATIC org/evosuite/testcarver/capture/Capturer.enable (ILjava/lang/Object;Ljava/lang/Object;)V
    ALOAD 1
    ATHROW
   L2
   FRAME SAME
    LDC -2147483572
    ALOAD 0
    GETSTATIC org/evosuite/testcarver/capture/CaptureLog.RETURN_TYPE_VOID : Ljava/lang/Object;
    INVOKESTATIC org/evosuite/testcarver/capture/Capturer.enable (ILjava/lang/Object;Ljava/lang/Object;)V
    RETURN
    MAXSTACK = 13
    MAXLOCALS = 0

  // access flags 0x1
  public testNumberToStringDefault()V
    TRYCATCHBLOCK L0 L1 L1 java/lang/Throwable
   L0
    LDC -2147483565
    ALOAD 0
    LDC "testNumberToStringDefault"
    LDC "()V"
    BIPUSH 0
    ANEWARRAY java/lang/Object
    INVOKESTATIC org/evosuite/testcarver/capture/Capturer.capture (ILjava/lang/Object;Ljava/lang/String;Ljava/lang/String;[Ljava/lang/Object;)V
    ALOAD 0
    INVOKEVIRTUAL com/examples/with/different/packagename/testcarver/NumberConverterTestBase._sw_prototype_original_testNumberToStringDefault ()V
    GOTO L2
   L1
   FRAME SAME1 java/lang/Throwable
    ASTORE 1
    LDC -2147483565
    ALOAD 0
    GETSTATIC org/evosuite/testcarver/capture/CaptureLog.RETURN_TYPE_VOID : Ljava/lang/Object;
    INVOKESTATIC org/evosuite/testcarver/capture/Capturer.enable (ILjava/lang/Object;Ljava/lang/Object;)V
    ALOAD 1
    ATHROW
   L2
   FRAME SAME
    LDC -2147483565
    ALOAD 0
    GETSTATIC org/evosuite/testcarver/capture/CaptureLog.RETURN_TYPE_VOID : Ljava/lang/Object;
    INVOKESTATIC org/evosuite/testcarver/capture/Capturer.enable (ILjava/lang/Object;Ljava/lang/Object;)V
    RETURN
    MAXSTACK = 10
    MAXLOCALS = 0

  // access flags 0x1
  public testStringToNumberPattern()V
    TRYCATCHBLOCK L0 L1 L1 java/lang/Throwable
   L0
    LDC -2147483554
    ALOAD 0
    LDC "testStringToNumberPattern"
    LDC "()V"
    BIPUSH 0
    ANEWARRAY java/lang/Object
    INVOKESTATIC org/evosuite/testcarver/capture/Capturer.capture (ILjava/lang/Object;Ljava/lang/String;Ljava/lang/String;[Ljava/lang/Object;)V
    ALOAD 0
    INVOKEVIRTUAL com/examples/with/different/packagename/testcarver/NumberConverterTestBase._sw_prototype_original_testStringToNumberPattern ()V
    GOTO L2
   L1
   FRAME SAME1 java/lang/Throwable
    ASTORE 1
    LDC -2147483554
    ALOAD 0
    GETSTATIC org/evosuite/testcarver/capture/CaptureLog.RETURN_TYPE_VOID : Ljava/lang/Object;
    INVOKESTATIC org/evosuite/testcarver/capture/Capturer.enable (ILjava/lang/Object;Ljava/lang/Object;)V
    ALOAD 1
    ATHROW
   L2
   FRAME SAME
    LDC -2147483554
    ALOAD 0
    GETSTATIC org/evosuite/testcarver/capture/CaptureLog.RETURN_TYPE_VOID : Ljava/lang/Object;
    INVOKESTATIC org/evosuite/testcarver/capture/Capturer.enable (ILjava/lang/Object;Ljava/lang/Object;)V
    RETURN
    MAXSTACK = 9
    MAXLOCALS = 0

  // access flags 0x1
  public testStringToNumberLocale()V
    TRYCATCHBLOCK L0 L1 L1 java/lang/Throwable
   L0
    LDC -2147483543
    ALOAD 0
    LDC "testStringToNumberLocale"
    LDC "()V"
    BIPUSH 0
    ANEWARRAY java/lang/Object
    INVOKESTATIC org/evosuite/testcarver/capture/Capturer.capture (ILjava/lang/Object;Ljava/lang/String;Ljava/lang/String;[Ljava/lang/Object;)V
    ALOAD 0
    INVOKEVIRTUAL com/examples/with/different/packagename/testcarver/NumberConverterTestBase._sw_prototype_original_testStringToNumberLocale ()V
    GOTO L2
   L1
   FRAME SAME1 java/lang/Throwable
    ASTORE 1
    LDC -2147483543
    ALOAD 0
    GETSTATIC org/evosuite/testcarver/capture/CaptureLog.RETURN_TYPE_VOID : Ljava/lang/Object;
    INVOKESTATIC org/evosuite/testcarver/capture/Capturer.enable (ILjava/lang/Object;Ljava/lang/Object;)V
    ALOAD 1
    ATHROW
   L2
   FRAME SAME
    LDC -2147483543
    ALOAD 0
    GETSTATIC org/evosuite/testcarver/capture/CaptureLog.RETURN_TYPE_VOID : Ljava/lang/Object;
    INVOKESTATIC org/evosuite/testcarver/capture/Capturer.enable (ILjava/lang/Object;Ljava/lang/Object;)V
    RETURN
    MAXSTACK = 9
    MAXLOCALS = 0

  // access flags 0x1
  public testStringToNumberDefault()V
    TRYCATCHBLOCK L0 L1 L1 java/lang/Throwable
   L0
    LDC -2147483539
    ALOAD 0
    LDC "testStringToNumberDefault"
    LDC "()V"
    BIPUSH 0
    ANEWARRAY java/lang/Object
    INVOKESTATIC org/evosuite/testcarver/capture/Capturer.capture (ILjava/lang/Object;Ljava/lang/String;Ljava/lang/String;[Ljava/lang/Object;)V
    ALOAD 0
    INVOKEVIRTUAL com/examples/with/different/packagename/testcarver/NumberConverterTestBase._sw_prototype_original_testStringToNumberDefault ()V
    GOTO L2
   L1
   FRAME SAME1 java/lang/Throwable
    ASTORE 1
    LDC -2147483539
    ALOAD 0
    GETSTATIC org/evosuite/testcarver/capture/CaptureLog.RETURN_TYPE_VOID : Ljava/lang/Object;
    INVOKESTATIC org/evosuite/testcarver/capture/Capturer.enable (ILjava/lang/Object;Ljava/lang/Object;)V
    ALOAD 1
    ATHROW
   L2
   FRAME SAME
    LDC -2147483539
    ALOAD 0
    GETSTATIC org/evosuite/testcarver/capture/CaptureLog.RETURN_TYPE_VOID : Ljava/lang/Object;
    INVOKESTATIC org/evosuite/testcarver/capture/Capturer.enable (ILjava/lang/Object;Ljava/lang/Object;)V
    RETURN
    MAXSTACK = 10
    MAXLOCALS = 0

  // access flags 0x1
  public testBooleanToNumberDefault()V
    TRYCATCHBLOCK L0 L1 L1 java/lang/Throwable
   L0
    LDC -2147483536
    ALOAD 0
    LDC "testBooleanToNumberDefault"
    LDC "()V"
    BIPUSH 0
    ANEWARRAY java/lang/Object
    INVOKESTATIC org/evosuite/testcarver/capture/Capturer.capture (ILjava/lang/Object;Ljava/lang/String;Ljava/lang/String;[Ljava/lang/Object;)V
    ALOAD 0
    INVOKEVIRTUAL com/examples/with/different/packagename/testcarver/NumberConverterTestBase._sw_prototype_original_testBooleanToNumberDefault ()V
    GOTO L2
   L1
   FRAME SAME1 java/lang/Throwable
    ASTORE 1
    LDC -2147483536
    ALOAD 0
    GETSTATIC org/evosuite/testcarver/capture/CaptureLog.RETURN_TYPE_VOID : Ljava/lang/Object;
    INVOKESTATIC org/evosuite/testcarver/capture/Capturer.enable (ILjava/lang/Object;Ljava/lang/Object;)V
    ALOAD 1
    ATHROW
   L2
   FRAME SAME
    LDC -2147483536
    ALOAD 0
    GETSTATIC org/evosuite/testcarver/capture/CaptureLog.RETURN_TYPE_VOID : Ljava/lang/Object;
    INVOKESTATIC org/evosuite/testcarver/capture/Capturer.enable (ILjava/lang/Object;Ljava/lang/Object;)V
    RETURN
    MAXSTACK = 9
    MAXLOCALS = 0

  // access flags 0x1
  public testDateToNumber()V
    TRYCATCHBLOCK L0 L1 L1 java/lang/Throwable
   L0
    LDC -2147483535
    ALOAD 0
    LDC "testDateToNumber"
    LDC "()V"
    BIPUSH 0
    ANEWARRAY java/lang/Object
    INVOKESTATIC org/evosuite/testcarver/capture/Capturer.capture (ILjava/lang/Object;Ljava/lang/String;Ljava/lang/String;[Ljava/lang/Object;)V
    ALOAD 0
    INVOKEVIRTUAL com/examples/with/different/packagename/testcarver/NumberConverterTestBase._sw_prototype_original_testDateToNumber ()V
    GOTO L2
   L1
   FRAME SAME1 java/lang/Throwable
    ASTORE 1
    LDC -2147483535
    ALOAD 0
    GETSTATIC org/evosuite/testcarver/capture/CaptureLog.RETURN_TYPE_VOID : Ljava/lang/Object;
    INVOKESTATIC org/evosuite/testcarver/capture/Capturer.enable (ILjava/lang/Object;Ljava/lang/Object;)V
    ALOAD 1
    ATHROW
   L2
   FRAME SAME
    LDC -2147483535
    ALOAD 0
    GETSTATIC org/evosuite/testcarver/capture/CaptureLog.RETURN_TYPE_VOID : Ljava/lang/Object;
    INVOKESTATIC org/evosuite/testcarver/capture/Capturer.enable (ILjava/lang/Object;Ljava/lang/Object;)V
    RETURN
    MAXSTACK = 9
    MAXLOCALS = 0

  // access flags 0x1
  public testCalendarToNumber()V
    TRYCATCHBLOCK L0 L1 L1 java/lang/Throwable
   L0
    LDC -2147483534
    ALOAD 0
    LDC "testCalendarToNumber"
    LDC "()V"
    BIPUSH 0
    ANEWARRAY java/lang/Object
    INVOKESTATIC org/evosuite/testcarver/capture/Capturer.capture (ILjava/lang/Object;Ljava/lang/String;Ljava/lang/String;[Ljava/lang/Object;)V
    ALOAD 0
    INVOKEVIRTUAL com/examples/with/different/packagename/testcarver/NumberConverterTestBase._sw_prototype_original_testCalendarToNumber ()V
    GOTO L2
   L1
   FRAME SAME1 java/lang/Throwable
    ASTORE 1
    LDC -2147483534
    ALOAD 0
    GETSTATIC org/evosuite/testcarver/capture/CaptureLog.RETURN_TYPE_VOID : Ljava/lang/Object;
    INVOKESTATIC org/evosuite/testcarver/capture/Capturer.enable (ILjava/lang/Object;Ljava/lang/Object;)V
    ALOAD 1
    ATHROW
   L2
   FRAME SAME
    LDC -2147483534
    ALOAD 0
    GETSTATIC org/evosuite/testcarver/capture/CaptureLog.RETURN_TYPE_VOID : Ljava/lang/Object;
    INVOKESTATIC org/evosuite/testcarver/capture/Capturer.enable (ILjava/lang/Object;Ljava/lang/Object;)V
    RETURN
    MAXSTACK = 9
    MAXLOCALS = 0

  // access flags 0x1
  public testOtherToStringDefault()V
    TRYCATCHBLOCK L0 L1 L1 java/lang/Throwable
   L0
    LDC -2147483533
    ALOAD 0
    LDC "testOtherToStringDefault"
    LDC "()V"
    BIPUSH 0
    ANEWARRAY java/lang/Object
    INVOKESTATIC org/evosuite/testcarver/capture/Capturer.capture (ILjava/lang/Object;Ljava/lang/String;Ljava/lang/String;[Ljava/lang/Object;)V
    ALOAD 0
    INVOKEVIRTUAL com/examples/with/different/packagename/testcarver/NumberConverterTestBase._sw_prototype_original_testOtherToStringDefault ()V
    GOTO L2
   L1
   FRAME SAME1 java/lang/Throwable
    ASTORE 1
    LDC -2147483533
    ALOAD 0
    GETSTATIC org/evosuite/testcarver/capture/CaptureLog.RETURN_TYPE_VOID : Ljava/lang/Object;
    INVOKESTATIC org/evosuite/testcarver/capture/Capturer.enable (ILjava/lang/Object;Ljava/lang/Object;)V
    ALOAD 1
    ATHROW
   L2
   FRAME SAME
    LDC -2147483533
    ALOAD 0
    GETSTATIC org/evosuite/testcarver/capture/CaptureLog.RETURN_TYPE_VOID : Ljava/lang/Object;
    INVOKESTATIC org/evosuite/testcarver/capture/Capturer.enable (ILjava/lang/Object;Ljava/lang/Object;)V
    RETURN
    MAXSTACK = 11
    MAXLOCALS = 0

  // access flags 0x1
  public testInvalidDefault()V
    TRYCATCHBLOCK L0 L1 L1 java/lang/Throwable
   L0
    LDC -2147483531
    ALOAD 0
    LDC "testInvalidDefault"
    LDC "()V"
    BIPUSH 0
    ANEWARRAY java/lang/Object
    INVOKESTATIC org/evosuite/testcarver/capture/Capturer.capture (ILjava/lang/Object;Ljava/lang/String;Ljava/lang/String;[Ljava/lang/Object;)V
    ALOAD 0
    INVOKEVIRTUAL com/examples/with/different/packagename/testcarver/NumberConverterTestBase._sw_prototype_original_testInvalidDefault ()V
    GOTO L2
   L1
   FRAME SAME1 java/lang/Throwable
    ASTORE 1
    LDC -2147483531
    ALOAD 0
    GETSTATIC org/evosuite/testcarver/capture/CaptureLog.RETURN_TYPE_VOID : Ljava/lang/Object;
    INVOKESTATIC org/evosuite/testcarver/capture/Capturer.enable (ILjava/lang/Object;Ljava/lang/Object;)V
    ALOAD 1
    ATHROW
   L2
   FRAME SAME
    LDC -2147483531
    ALOAD 0
    GETSTATIC org/evosuite/testcarver/capture/CaptureLog.RETURN_TYPE_VOID : Ljava/lang/Object;
    INVOKESTATIC org/evosuite/testcarver/capture/Capturer.enable (ILjava/lang/Object;Ljava/lang/Object;)V
    RETURN
    MAXSTACK = 9
    MAXLOCALS = 0

  // access flags 0x1
  public testInvalidException()V
    TRYCATCHBLOCK L0 L1 L1 java/lang/Throwable
   L0
    LDC -2147483530
    ALOAD 0
    LDC "testInvalidException"
    LDC "()V"
    BIPUSH 0
    ANEWARRAY java/lang/Object
    INVOKESTATIC org/evosuite/testcarver/capture/Capturer.capture (ILjava/lang/Object;Ljava/lang/String;Ljava/lang/String;[Ljava/lang/Object;)V
    ALOAD 0
    INVOKEVIRTUAL com/examples/with/different/packagename/testcarver/NumberConverterTestBase._sw_prototype_original_testInvalidException ()V
    GOTO L2
   L1
   FRAME SAME1 java/lang/Throwable
    ASTORE 1
    LDC -2147483530
    ALOAD 0
    GETSTATIC org/evosuite/testcarver/capture/CaptureLog.RETURN_TYPE_VOID : Ljava/lang/Object;
    INVOKESTATIC org/evosuite/testcarver/capture/Capturer.enable (ILjava/lang/Object;Ljava/lang/Object;)V
    ALOAD 1
    ATHROW
   L2
   FRAME SAME
    LDC -2147483530
    ALOAD 0
    GETSTATIC org/evosuite/testcarver/capture/CaptureLog.RETURN_TYPE_VOID : Ljava/lang/Object;
    INVOKESTATIC org/evosuite/testcarver/capture/Capturer.enable (ILjava/lang/Object;Ljava/lang/Object;)V
    RETURN
    MAXSTACK = 7
    MAXLOCALS = 0

  // access flags 0x1
  public testInvalidType()V
    TRYCATCHBLOCK L0 L1 L1 java/lang/Throwable
   L0
    LDC -2147483528
    ALOAD 0
    LDC "testInvalidType"
    LDC "()V"
    BIPUSH 0
    ANEWARRAY java/lang/Object
    INVOKESTATIC org/evosuite/testcarver/capture/Capturer.capture (ILjava/lang/Object;Ljava/lang/String;Ljava/lang/String;[Ljava/lang/Object;)V
    ALOAD 0
    INVOKEVIRTUAL com/examples/with/different/packagename/testcarver/NumberConverterTestBase._sw_prototype_original_testInvalidType ()V
    GOTO L2
   L1
   FRAME SAME1 java/lang/Throwable
    ASTORE 1
    LDC -2147483528
    ALOAD 0
    GETSTATIC org/evosuite/testcarver/capture/CaptureLog.RETURN_TYPE_VOID : Ljava/lang/Object;
    INVOKESTATIC org/evosuite/testcarver/capture/Capturer.enable (ILjava/lang/Object;Ljava/lang/Object;)V
    ALOAD 1
    ATHROW
   L2
   FRAME SAME
    LDC -2147483528
    ALOAD 0
    GETSTATIC org/evosuite/testcarver/capture/CaptureLog.RETURN_TYPE_VOID : Ljava/lang/Object;
    INVOKESTATIC org/evosuite/testcarver/capture/Capturer.enable (ILjava/lang/Object;Ljava/lang/Object;)V
    RETURN
    MAXSTACK = 8
    MAXLOCALS = 0
}
INFO  org.evosuite.testcarver.extraction.CarvingClassLoader - Keeping class: com.examples.with.different.packagename.testcarver.NumberConverterTestBase
INFO  org.evosuite.testcarver.extraction.CarvingClassLoader - Keeping class: com.examples.with.different.packagename.testcarver.IntegerConverterTestCase
INFO  org.evosuite.testcarver.extraction.CarvingClassLoader - Seeing class for first time: com.examples.with.different.packagename.testcarver.ConversionException
WARN  org.evosuite.testcarver.extraction.CarvingClassLoader - Instrumenting class 'com.examples.with.different.packagename.testcarver.ConversionException'.
INFO  org.evosuite.testcarver.instrument.Instrumenter - Checking package com.examples.with.different.packagename.testcarver for class com/examples/with/different/packagename/testcarver/ConversionException
// class version 52.0 (52)
// access flags 0x21
public class com/examples/with/different/packagename/testcarver/ConversionException extends java/lang/RuntimeException {

  // compiled from: ConversionException.java

  // access flags 0x1A
  private final static J serialVersionUID = -3264207363344909775L

  // access flags 0x4
  protected Ljava/lang/Throwable; cause

  // access flags 0x2
  private _sw_prototype_original_init_sw_prototype_original_(Ljava/lang/String;)V
    ALOAD 0
    INVOKESTATIC org/evosuite/testcarver/capture/FieldRegistry.register (Ljava/lang/Object;)V
   L0
    LINENUMBER 85 L0
    ALOAD 0
    ACONST_NULL
    DUP2
    PUTFIELD com/examples/with/different/packagename/testcarver/ConversionException.cause : Ljava/lang/Throwable;
    POP
    LDC -2147483527
    LDC "com/examples/with/different/packagename/testcarver/ConversionException"
    LDC "cause"
    LDC "Ljava/lang/Throwable;"
    INVOKESTATIC org/evosuite/testcarver/capture/FieldRegistry.notifyModification (Ljava/lang/Object;ILjava/lang/String;Ljava/lang/String;Ljava/lang/String;)V
   L1
    LINENUMBER 48 L1
    RETURN
   L2
    LOCALVARIABLE this Lcom/examples/with/different/packagename/testcarver/ConversionException; L3 L2 0
    LOCALVARIABLE message Ljava/lang/String; L3 L2 1
    MAXSTACK = 6
    MAXLOCALS = 2

  // access flags 0x2
  private _sw_prototype_original_init_sw_prototype_original_(Ljava/lang/String;Ljava/lang/Throwable;)V
    ALOAD 0
    INVOKESTATIC org/evosuite/testcarver/capture/FieldRegistry.register (Ljava/lang/Object;)V
   L0
    LINENUMBER 85 L0
    ALOAD 0
    ACONST_NULL
    DUP2
    PUTFIELD com/examples/with/different/packagename/testcarver/ConversionException.cause : Ljava/lang/Throwable;
    POP
    LDC -2147483524
    LDC "com/examples/with/different/packagename/testcarver/ConversionException"
    LDC "cause"
    LDC "Ljava/lang/Throwable;"
    INVOKESTATIC org/evosuite/testcarver/capture/FieldRegistry.notifyModification (Ljava/lang/Object;ILjava/lang/String;Ljava/lang/String;Ljava/lang/String;)V
   L1
    LINENUMBER 60 L1
    ALOAD 0
    ALOAD 2
    DUP2
    PUTFIELD com/examples/with/different/packagename/testcarver/ConversionException.cause : Ljava/lang/Throwable;
    POP
    LDC -2147483522
    LDC "com/examples/with/different/packagename/testcarver/ConversionException"
    LDC "cause"
    LDC "Ljava/lang/Throwable;"
    INVOKESTATIC org/evosuite/testcarver/capture/FieldRegistry.notifyModification (Ljava/lang/Object;ILjava/lang/String;Ljava/lang/String;Ljava/lang/String;)V
   L2
    LINENUMBER 62 L2
    RETURN
   L3
    LOCALVARIABLE this Lcom/examples/with/different/packagename/testcarver/ConversionException; L4 L3 0
    LOCALVARIABLE message Ljava/lang/String; L4 L3 1
    LOCALVARIABLE cause Ljava/lang/Throwable; L4 L3 2
    MAXSTACK = 6
    MAXLOCALS = 3

  // access flags 0x2
  private _sw_prototype_original_init_sw_prototype_original_(Ljava/lang/Throwable;)V
    ALOAD 0
    INVOKESTATIC org/evosuite/testcarver/capture/FieldRegistry.register (Ljava/lang/Object;)V
   L0
    LINENUMBER 85 L0
    ALOAD 0
    ACONST_NULL
    DUP2
    PUTFIELD com/examples/with/different/packagename/testcarver/ConversionException.cause : Ljava/lang/Throwable;
    POP
    LDC -2147483519
    LDC "com/examples/with/different/packagename/testcarver/ConversionException"
    LDC "cause"
    LDC "Ljava/lang/Throwable;"
    INVOKESTATIC org/evosuite/testcarver/capture/FieldRegistry.notifyModification (Ljava/lang/Object;ILjava/lang/String;Ljava/lang/String;Ljava/lang/String;)V
   L1
    LINENUMBER 73 L1
    ALOAD 0
    ALOAD 1
    DUP2
    PUTFIELD com/examples/with/different/packagename/testcarver/ConversionException.cause : Ljava/lang/Throwable;
    POP
    LDC -2147483517
    LDC "com/examples/with/different/packagename/testcarver/ConversionException"
    LDC "cause"
    LDC "Ljava/lang/Throwable;"
    INVOKESTATIC org/evosuite/testcarver/capture/FieldRegistry.notifyModification (Ljava/lang/Object;ILjava/lang/String;Ljava/lang/String;Ljava/lang/String;)V
   L2
    LINENUMBER 75 L2
    RETURN
   L3
    LOCALVARIABLE this Lcom/examples/with/different/packagename/testcarver/ConversionException; L4 L3 0
    LOCALVARIABLE cause Ljava/lang/Throwable; L4 L3 1
    MAXSTACK = 6
    MAXLOCALS = 2

  // access flags 0x2
  private _sw_prototype_original_getCause()Ljava/lang/Throwable;
   L0
    LINENUMBER 93 L0
    ALOAD 0
    DUP
    GETFIELD com/examples/with/different/packagename/testcarver/ConversionException.cause : Ljava/lang/Throwable;
    SWAP
    LDC -2147483514
    LDC "com/examples/with/different/packagename/testcarver/ConversionException"
    LDC "cause"
    LDC "Ljava/lang/Throwable;"
    INVOKESTATIC org/evosuite/testcarver/capture/FieldRegistry.notifyReadAccess (Ljava/lang/Object;ILjava/lang/String;Ljava/lang/String;Ljava/lang/String;)V
    ARETURN
   L1
    LOCALVARIABLE this Lcom/examples/with/different/packagename/testcarver/ConversionException; L0 L1 0
    MAXSTACK = 5
    MAXLOCALS = 1

  // access flags 0x1
  public <init>(Ljava/lang/String;)V
    TRYCATCHBLOCK L0 L1 L1 java/lang/Throwable
   L2
    LINENUMBER 46 L2
    ALOAD 0
    ALOAD 1
    INVOKESPECIAL java/lang/RuntimeException.<init> (Ljava/lang/String;)V
   L0
    LDC -2147483525
    ALOAD 0
    LDC "<init>"
    LDC "(Ljava/lang/String;)V"
    BIPUSH 1
    ANEWARRAY java/lang/Object
    DUP
    BIPUSH 0
    ALOAD 1
    AASTORE
    INVOKESTATIC org/evosuite/testcarver/capture/Capturer.capture (ILjava/lang/Object;Ljava/lang/String;Ljava/lang/String;[Ljava/lang/Object;)V
    ALOAD 0
    ALOAD 1
    INVOKEVIRTUAL com/examples/with/different/packagename/testcarver/ConversionException._sw_prototype_original_init_sw_prototype_original_ (Ljava/lang/String;)V
    GOTO L3
   L1
   FRAME SAME1 java/lang/Throwable
    ASTORE 2
    LDC -2147483525
    ALOAD 0
    GETSTATIC org/evosuite/testcarver/capture/CaptureLog.RETURN_TYPE_VOID : Ljava/lang/Object;
    INVOKESTATIC org/evosuite/testcarver/capture/Capturer.enable (ILjava/lang/Object;Ljava/lang/Object;)V
    ALOAD 2
    ATHROW
   L3
   FRAME SAME
    LDC -2147483525
    ALOAD 0
    GETSTATIC org/evosuite/testcarver/capture/CaptureLog.RETURN_TYPE_VOID : Ljava/lang/Object;
    INVOKESTATIC org/evosuite/testcarver/capture/Capturer.enable (ILjava/lang/Object;Ljava/lang/Object;)V
    RETURN
    MAXSTACK = 6
    MAXLOCALS = 0

  // access flags 0x1
  public <init>(Ljava/lang/String;Ljava/lang/Throwable;)V
    TRYCATCHBLOCK L0 L1 L1 java/lang/Throwable
   L2
    LINENUMBER 59 L2
    ALOAD 0
    ALOAD 1
    INVOKESPECIAL java/lang/RuntimeException.<init> (Ljava/lang/String;)V
   L0
    LDC -2147483520
    ALOAD 0
    LDC "<init>"
    LDC "(Ljava/lang/String;Ljava/lang/Throwable;)V"
    BIPUSH 2
    ANEWARRAY java/lang/Object
    DUP
    BIPUSH 0
    ALOAD 1
    AASTORE
    DUP
    BIPUSH 1
    ALOAD 2
    AASTORE
    INVOKESTATIC org/evosuite/testcarver/capture/Capturer.capture (ILjava/lang/Object;Ljava/lang/String;Ljava/lang/String;[Ljava/lang/Object;)V
    ALOAD 0
    ALOAD 1
    ALOAD 2
    INVOKEVIRTUAL com/examples/with/different/packagename/testcarver/ConversionException._sw_prototype_original_init_sw_prototype_original_ (Ljava/lang/String;Ljava/lang/Throwable;)V
    GOTO L3
   L1
   FRAME SAME1 java/lang/Throwable
    ASTORE 3
    LDC -2147483520
    ALOAD 0
    GETSTATIC org/evosuite/testcarver/capture/CaptureLog.RETURN_TYPE_VOID : Ljava/lang/Object;
    INVOKESTATIC org/evosuite/testcarver/capture/Capturer.enable (ILjava/lang/Object;Ljava/lang/Object;)V
    ALOAD 3
    ATHROW
   L3
   FRAME SAME
    LDC -2147483520
    ALOAD 0
    GETSTATIC org/evosuite/testcarver/capture/CaptureLog.RETURN_TYPE_VOID : Ljava/lang/Object;
    INVOKESTATIC org/evosuite/testcarver/capture/Capturer.enable (ILjava/lang/Object;Ljava/lang/Object;)V
    RETURN
    MAXSTACK = 6
    MAXLOCALS = 0

  // access flags 0x1
  public <init>(Ljava/lang/Throwable;)V
    TRYCATCHBLOCK L0 L1 L1 java/lang/Throwable
   L2
    LINENUMBER 72 L2
    ALOAD 0
    ALOAD 1
    INVOKEVIRTUAL java/lang/Throwable.getMessage ()Ljava/lang/String;
    INVOKESPECIAL java/lang/RuntimeException.<init> (Ljava/lang/String;)V
   L0
    LDC -2147483515
    ALOAD 0
    LDC "<init>"
    LDC "(Ljava/lang/Throwable;)V"
    BIPUSH 1
    ANEWARRAY java/lang/Object
    DUP
    BIPUSH 0
    ALOAD 1
    AASTORE
    INVOKESTATIC org/evosuite/testcarver/capture/Capturer.capture (ILjava/lang/Object;Ljava/lang/String;Ljava/lang/String;[Ljava/lang/Object;)V
    ALOAD 0
    ALOAD 1
    INVOKEVIRTUAL com/examples/with/different/packagename/testcarver/ConversionException._sw_prototype_original_init_sw_prototype_original_ (Ljava/lang/Throwable;)V
    GOTO L3
   L1
   FRAME SAME1 java/lang/Throwable
    ASTORE 2
    LDC -2147483515
    ALOAD 0
    GETSTATIC org/evosuite/testcarver/capture/CaptureLog.RETURN_TYPE_VOID : Ljava/lang/Object;
    INVOKESTATIC org/evosuite/testcarver/capture/Capturer.enable (ILjava/lang/Object;Ljava/lang/Object;)V
    ALOAD 2
    ATHROW
   L3
   FRAME SAME
    LDC -2147483515
    ALOAD 0
    GETSTATIC org/evosuite/testcarver/capture/CaptureLog.RETURN_TYPE_VOID : Ljava/lang/Object;
    INVOKESTATIC org/evosuite/testcarver/capture/Capturer.enable (ILjava/lang/Object;Ljava/lang/Object;)V
    RETURN
    MAXSTACK = 6
    MAXLOCALS = 0

  // access flags 0x1
  public getCause()Ljava/lang/Throwable;
    TRYCATCHBLOCK L0 L1 L2 java/lang/Throwable
    ACONST_NULL
    ASTORE 1
   L0
    LDC -2147483513
    ALOAD 0
    LDC "getCause"
    LDC "()Ljava/lang/Throwable;"
    BIPUSH 0
    ANEWARRAY java/lang/Object
    INVOKESTATIC org/evosuite/testcarver/capture/Capturer.capture (ILjava/lang/Object;Ljava/lang/String;Ljava/lang/String;[Ljava/lang/Object;)V
    ALOAD 0
    INVOKEVIRTUAL com/examples/with/different/packagename/testcarver/ConversionException._sw_prototype_original_getCause ()Ljava/lang/Throwable;
    ASTORE 1
    ALOAD 1
    ASTORE 3
   L1
    LDC -2147483513
    ALOAD 0
    ALOAD 1
    INVOKESTATIC org/evosuite/testcarver/capture/Capturer.enable (ILjava/lang/Object;Ljava/lang/Object;)V
    ALOAD 3
    ARETURN
   L2
   FRAME FULL [com/examples/with/different/packagename/testcarver/ConversionException java/lang/Throwable] [java/lang/Throwable]
    ASTORE 2
    LDC -2147483513
    ALOAD 0
    ALOAD 1
    INVOKESTATIC org/evosuite/testcarver/capture/Capturer.enable (ILjava/lang/Object;Ljava/lang/Object;)V
    ALOAD 2
    ATHROW
    MAXSTACK = 5
    MAXLOCALS = 0
}
INFO  org.evosuite.testcarver.extraction.CarvingClassLoader - Keeping class: com.examples.with.different.packagename.testcarver.ConversionException
INFO  org.evosuite.testcarver.extraction.CarvingRunListener - Not yet reached maximum time to carve unit tests - executing test with carver
INFO  org.evosuite.testcarver.capture.Capturer - Starting Capturer...
INFO  org.evosuite.testcarver.capture.Capturer - Capturer has been started successfully
INFO  org.evosuite.testcarver.capture.CaptureLog - method setUp was called on object testInvalidAmount(com.examples.with.different.packagename.testcarver.IntegerConverterTestCase) with oid 360628795 without foregoing (observed) init stmt --> creating unobserved init stmt
INFO  org.evosuite.testcarver.capture.Capturer - Stopping Capturer...
INFO  org.evosuite.testcarver.capture.Capturer - Capturer has been stopped successfully
INFO  evo_logger -  - Carving test com.examples.with.different.packagename.testcarver.IntegerConverterTestCase.testInvalidAmount
INFO  org.evosuite.instrumentation.InstrumentingClassLoader - Seeing class for first time: com.examples.with.different.packagename.testcarver.ConversionException
INFO  org.evosuite.instrumentation.BytecodeInstrumentation - Starting transformation of com/examples/with/different/packagename/testcarver/ConversionException
INFO  org.evosuite.runtime.instrumentation.MethodCallReplacementClassAdapter - Adding mock interface to class com/examples/with/different/packagename/testcarver/ConversionException
INFO  org.evosuite.instrumentation.EndOfClassInitializerVisitor - Creating <clinit> in class com/examples/with/different/packagename/testcarver/ConversionException
INFO  org.evosuite.runtime.instrumentation.CreateClassResetClassAdapter - Found static initializer in class com/examples/with/different/packagename/testcarver/ConversionException
INFO  org.evosuite.instrumentation.InstrumentingClassLoader - Loaded class: com.examples.with.different.packagename.testcarver.ConversionException
INFO  org.evosuite.testcarver.extraction.CarvingRunListener - Carved test of length 11
INFO  org.evosuite.utils.generic.GenericTypeInference - Type map empty
INFO  org.evosuite.utils.generic.GenericTypeInference - Type map empty
INFO  org.evosuite.testcarver.extraction.CarvingRunListener - Not yet reached maximum time to carve unit tests - executing test with carver
INFO  org.evosuite.testcarver.capture.Capturer - Starting Capturer...
INFO  org.evosuite.testcarver.capture.Capturer - Capturer has been started successfully
INFO  org.evosuite.testcarver.capture.CaptureLog - method setUp was called on object testSimpleConversion(com.examples.with.different.packagename.testcarver.IntegerConverterTestCase) with oid 1801709229 without foregoing (observed) init stmt --> creating unobserved init stmt
INFO  org.evosuite.testcarver.capture.Capturer - Stopping Capturer...
INFO  org.evosuite.testcarver.capture.Capturer - Capturer has been stopped successfully
INFO  evo_logger -  - Carving test com.examples.with.different.packagename.testcarver.IntegerConverterTestCase.testSimpleConversion
INFO  org.evosuite.testcarver.extraction.CarvingRunListener - Carved test of length 41
INFO  org.evosuite.utils.generic.GenericTypeInference - Type map empty
INFO  org.evosuite.testcarver.extraction.CarvingRunListener - Not yet reached maximum time to carve unit tests - executing test with carver
INFO  org.evosuite.testcarver.capture.Capturer - Starting Capturer...
INFO  org.evosuite.testcarver.capture.Capturer - Capturer has been started successfully
INFO  org.evosuite.testcarver.capture.CaptureLog - method setUp was called on object testConvertNull(com.examples.with.different.packagename.testcarver.IntegerConverterTestCase) with oid 376668615 without foregoing (observed) init stmt --> creating unobserved init stmt
INFO  org.evosuite.testcarver.capture.Capturer - Stopping Capturer...
INFO  org.evosuite.testcarver.capture.Capturer - Capturer has been stopped successfully
INFO  evo_logger -  - Carving test com.examples.with.different.packagename.testcarver.IntegerConverterTestCase.testConvertNull
INFO  org.evosuite.testcarver.extraction.CarvingRunListener - Carved test of length 5
INFO  org.evosuite.utils.generic.GenericTypeInference - Type map empty
INFO  org.evosuite.utils.generic.GenericTypeInference - Type map empty
INFO  org.evosuite.testcarver.extraction.CarvingRunListener - Not yet reached maximum time to carve unit tests - executing test with carver
INFO  org.evosuite.testcarver.capture.Capturer - Starting Capturer...
INFO  org.evosuite.testcarver.capture.Capturer - Capturer has been started successfully
INFO  org.evosuite.testcarver.capture.CaptureLog - method setUp was called on object testInvalidType(com.examples.with.different.packagename.testcarver.IntegerConverterTestCase) with oid 1400324426 without foregoing (observed) init stmt --> creating unobserved init stmt
INFO  org.evosuite.testcarver.capture.Capturer - Stopping Capturer...
INFO  org.evosuite.testcarver.capture.Capturer - Capturer has been stopped successfully
INFO  evo_logger -  - Carving test com.examples.with.different.packagename.testcarver.IntegerConverterTestCase.testInvalidType
INFO  org.evosuite.testcarver.extraction.CarvingRunListener - Carved test of length 5
INFO  org.evosuite.utils.generic.GenericTypeInference - Type map empty
INFO  org.evosuite.utils.generic.GenericTypeInference - Type map empty
INFO  org.evosuite.testcarver.extraction.CarvingRunListener - Not yet reached maximum time to carve unit tests - executing test with carver
INFO  org.evosuite.testcarver.capture.Capturer - Starting Capturer...
INFO  org.evosuite.testcarver.capture.Capturer - Capturer has been started successfully
INFO  org.evosuite.testcarver.capture.CaptureLog - method setUp was called on object testStringToNumberPattern(com.examples.with.different.packagename.testcarver.IntegerConverterTestCase) with oid 1459040434 without foregoing (observed) init stmt --> creating unobserved init stmt
INFO  org.evosuite.testcarver.extraction.CarvingClassLoader - Seeing class for first time: com.examples.with.different.packagename.testcarver.NumberConverterTestBase$1
WARN  org.evosuite.testcarver.extraction.CarvingClassLoader - Instrumenting class 'com.examples.with.different.packagename.testcarver.NumberConverterTestBase$1'.
INFO  org.evosuite.testcarver.instrument.Instrumenter - ASM Bug: Inner class equals class.
INFO  org.evosuite.testcarver.instrument.Instrumenter - Checking package com.examples.with.different.packagename.testcarver for class com/examples/with/different/packagename/testcarver/NumberConverterTestBase$1
INFO  org.evosuite.testcarver.instrument.Instrumenter - Using protected/default class because package name matches
// class version 52.0 (52)
// access flags 0x20
class com/examples/with/different/packagename/testcarver/NumberConverterTestBase$1 {

  // compiled from: NumberConverterTestBase.java
  OUTERCLASS com/examples/with/different/packagename/testcarver/NumberConverterTestBase testStringToNumberPattern ()V
  // access flags 0x0
  INNERCLASS com/examples/with/different/packagename/testcarver/NumberConverterTestBase$1 null null

  // access flags 0x1010
  final synthetic Lcom/examples/with/different/packagename/testcarver/NumberConverterTestBase; this$0

  // access flags 0x0
  <init>(Lcom/examples/with/different/packagename/testcarver/NumberConverterTestBase;)V
    // parameter final mandated  <no name>
   L0
    LINENUMBER 221 L0
    ALOAD 0
    ALOAD 1
    PUTFIELD com/examples/with/different/packagename/testcarver/NumberConverterTestBase$1.this$0 : Lcom/examples/with/different/packagename/testcarver/NumberConverterTestBase;
    ALOAD 0
    INVOKESPECIAL java/lang/Object.<init> ()V
    RETURN
   L1
    LOCALVARIABLE this Lcom/examples/with/different/packagename/testcarver/NumberConverterTestBase$1; L0 L1 0
    LOCALVARIABLE this$0 Lcom/examples/with/different/packagename/testcarver/NumberConverterTestBase; L0 L1 1
    MAXSTACK = 2
    MAXLOCALS = 2

  // access flags 0x2
  private _sw_prototype_original_toString()Ljava/lang/String;
   L0
    LINENUMBER 223 L0
    LDC "dsdgsdsdg"
    ARETURN
   L1
    LOCALVARIABLE this Lcom/examples/with/different/packagename/testcarver/NumberConverterTestBase$1; L0 L1 0
    MAXSTACK = 5
    MAXLOCALS = 1

  // access flags 0x1
  public toString()Ljava/lang/String;
    TRYCATCHBLOCK L0 L1 L2 java/lang/Throwable
    ACONST_NULL
    ASTORE 1
   L0
    LDC -2147483512
    ALOAD 0
    LDC "toString"
    LDC "()Ljava/lang/String;"
    BIPUSH 0
    ANEWARRAY java/lang/Object
    INVOKESTATIC org/evosuite/testcarver/capture/Capturer.capture (ILjava/lang/Object;Ljava/lang/String;Ljava/lang/String;[Ljava/lang/Object;)V
    ALOAD 0
    INVOKEVIRTUAL com/examples/with/different/packagename/testcarver/NumberConverterTestBase$1._sw_prototype_original_toString ()Ljava/lang/String;
    ASTORE 1
    ALOAD 1
    ASTORE 3
   L1
    LDC -2147483512
    ALOAD 0
    ALOAD 1
    INVOKESTATIC org/evosuite/testcarver/capture/Capturer.enable (ILjava/lang/Object;Ljava/lang/Object;)V
    ALOAD 3
    ARETURN
   L2
   FRAME FULL [com/examples/with/different/packagename/testcarver/NumberConverterTestBase$1 java/lang/String] [java/lang/Throwable]
    ASTORE 2
    LDC -2147483512
    ALOAD 0
    ALOAD 1
    INVOKESTATIC org/evosuite/testcarver/capture/Capturer.enable (ILjava/lang/Object;Ljava/lang/Object;)V
    ALOAD 2
    ATHROW
    MAXSTACK = 5
    MAXLOCALS = 0
}
INFO  org.evosuite.testcarver.extraction.CarvingClassLoader - Keeping class: com.examples.with.different.packagename.testcarver.NumberConverterTestBase$1
INFO  org.evosuite.testcarver.capture.Capturer - Stopping Capturer...
INFO  org.evosuite.testcarver.capture.Capturer - Capturer has been stopped successfully
INFO  evo_logger -  - Carving test com.examples.with.different.packagename.testcarver.IntegerConverterTestCase.testStringToNumberPattern
INFO  org.evosuite.testcarver.testcase.EvoTestCaseCodeGenerator - Error at log record number 57: java.lang.RuntimeException: VariableReference is null for argOID 1514778448; have oids: [1534765208, 1893960929, 2080864181, 520043771, 1049650037, 1910438136, 1179689991, 2033254313, 509654105, 91430202, 1904047495, 485475507]
INFO  org.evosuite.testcarver.testcase.EvoTestCaseCodeGenerator - Test case so far: IntegerConverter integerConverter0 = new IntegerConverter();
IntegerConverter integerConverter1 = new IntegerConverter();
String string0 = "[0,0];(0,0)";
integerConverter1.setPattern(string0);
Class<int> class0 = Integer.class;
String string1 = "(1,2)";
integerConverter1.convert(class0, string1);
String string2 = "[1,3]";
integerConverter1.convert(class0, string2);
Locale locale0 = Locale.US;
Class<Locale> class1 = Locale.class;
Locale locale1 = Locale.GERMAN;
integerConverter1.setLocale(locale1);
String string3 = "(2.2)";
integerConverter1.convert(class0, string3);
String string4 = "[2.3]";
integerConverter1.convert(class0, string4);
String string5 = "1,2";
integerConverter1.convert(class0, string5);

INFO  org.evosuite.testcarver.testcase.EvoTestCaseCodeGenerator - LOG:
-------------------------------------------------------------------
RECNO	|	OID	|	CID	|	METHOD	|	PARAMS	|	RETURN	|	IS STATIC	|	DESC	|	ACCESSED FIELDS
-------------------------------------------------------------------
0	|	1459040434	|	2147483647	|	org.evosuite.testcarver.capture.CaptureLog.XINIT	|	[<com.examples.with.different.packagename.testcarver.IntegerConverterTestCase>
  <fName>testStringToNumberPattern</fName>
  <numbers>
    <null/>
    <null/>
    <null/>
    <null/>
  </numbers>
</com.examples.with.different.packagename.testcarver.IntegerConverterTestCase>]	|	org.evosuite.testcarver.capture.CaptureLog.RETURN_VOID	|	false	|	()V	|	null
1	|	1459040434	|	2147483647	|	org.evosuite.testcarver.capture.CaptureLog.END_CAPTURE	|	[]	|	org.evosuite.testcarver.capture.CaptureLog.RETURN_VOID	|	false	|	()V	|	null
2	|	1459040434	|	-2147483607	|	setUp	|	[]	|	org.evosuite.testcarver.capture.CaptureLog.RETURN_VOID	|	false	|	()V	|	null
3	|	2033254313	|	-2147483644	|	<init>	|	[]	|	org.evosuite.testcarver.capture.CaptureLog.RETURN_VOID	|	false	|	()V	|	null
4	|	2033254313	|	-2147483644	|	org.evosuite.testcarver.capture.CaptureLog.END_CAPTURE	|	[]	|	org.evosuite.testcarver.capture.CaptureLog.RETURN_VOID	|	false	|	()V	|	null
5	|	1459040434	|	-2147483607	|	org.evosuite.testcarver.capture.CaptureLog.END_CAPTURE	|	[]	|	org.evosuite.testcarver.capture.CaptureLog.RETURN_VOID	|	false	|	()V	|	null
6	|	1459040434	|	-2147483554	|	testStringToNumberPattern	|	[]	|	org.evosuite.testcarver.capture.CaptureLog.RETURN_VOID	|	false	|	()V	|	null
7	|	1893960929	|	2147483647	|	org.evosuite.testcarver.capture.CaptureLog.PLAIN	|	[class java.util.Locale]	|	org.evosuite.testcarver.capture.CaptureLog.RETURN_VOID	|	false	|	()V	|	null
8	|	1893960929	|	2147483647	|	org.evosuite.testcarver.capture.CaptureLog.END_CAPTURE	|	[]	|	org.evosuite.testcarver.capture.CaptureLog.RETURN_VOID	|	false	|	()V	|	null
9	|	1893960929	|	-2147483564	|	GETSTATIC	|	[]	|	1179689991	|	true	|	Ljava/util/Locale;	|	US
10	|	1893960929	|	-2147483564	|	org.evosuite.testcarver.capture.CaptureLog.END_CAPTURE	|	[]	|	org.evosuite.testcarver.capture.CaptureLog.RETURN_VOID	|	false	|	()V	|	US
11	|	509654105	|	-2147483644	|	<init>	|	[]	|	org.evosuite.testcarver.capture.CaptureLog.RETURN_VOID	|	false	|	()V	|	null
12	|	509654105	|	-2147483644	|	org.evosuite.testcarver.capture.CaptureLog.END_CAPTURE	|	[]	|	org.evosuite.testcarver.capture.CaptureLog.RETURN_VOID	|	false	|	()V	|	null
13	|	1904047495	|	2147483647	|	org.evosuite.testcarver.capture.CaptureLog.PLAIN	|	[[0,0];(0,0)]	|	org.evosuite.testcarver.capture.CaptureLog.RETURN_VOID	|	false	|	()V	|	null
14	|	1904047495	|	2147483647	|	org.evosuite.testcarver.capture.CaptureLog.END_CAPTURE	|	[]	|	org.evosuite.testcarver.capture.CaptureLog.RETURN_VOID	|	false	|	()V	|	null
15	|	509654105	|	-2147483633	|	setPattern	|	[1904047495]	|	org.evosuite.testcarver.capture.CaptureLog.RETURN_VOID	|	false	|	(Ljava/lang/String;)V	|	null
16	|	798278875	|	2147483647	|	org.evosuite.testcarver.capture.CaptureLog.PLAIN	|	[true]	|	org.evosuite.testcarver.capture.CaptureLog.RETURN_VOID	|	false	|	()V	|	null
17	|	798278875	|	2147483647	|	org.evosuite.testcarver.capture.CaptureLog.END_CAPTURE	|	[]	|	org.evosuite.testcarver.capture.CaptureLog.RETURN_VOID	|	false	|	()V	|	null
18	|	509654105	|	-2147483638	|	setUseLocaleFormat	|	[798278875]	|	org.evosuite.testcarver.capture.CaptureLog.RETURN_VOID	|	false	|	(Z)V	|	null
19	|	509654105	|	-2147483638	|	org.evosuite.testcarver.capture.CaptureLog.END_CAPTURE	|	[]	|	org.evosuite.testcarver.capture.CaptureLog.RETURN_VOID	|	false	|	()V	|	null
20	|	509654105	|	-2147483633	|	org.evosuite.testcarver.capture.CaptureLog.END_CAPTURE	|	[]	|	org.evosuite.testcarver.capture.CaptureLog.RETURN_VOID	|	false	|	()V	|	null
21	|	1910438136	|	2147483647	|	org.evosuite.testcarver.capture.CaptureLog.PLAIN	|	[class java.lang.Integer]	|	org.evosuite.testcarver.capture.CaptureLog.RETURN_VOID	|	false	|	()V	|	null
22	|	1910438136	|	2147483647	|	org.evosuite.testcarver.capture.CaptureLog.END_CAPTURE	|	[]	|	org.evosuite.testcarver.capture.CaptureLog.RETURN_VOID	|	false	|	()V	|	null
23	|	1049650037	|	2147483647	|	org.evosuite.testcarver.capture.CaptureLog.PLAIN	|	[(1,2)]	|	org.evosuite.testcarver.capture.CaptureLog.RETURN_VOID	|	false	|	()V	|	null
24	|	1049650037	|	2147483647	|	org.evosuite.testcarver.capture.CaptureLog.END_CAPTURE	|	[]	|	org.evosuite.testcarver.capture.CaptureLog.RETURN_VOID	|	false	|	()V	|	null
25	|	509654105	|	-2147483619	|	convert	|	[1910438136, 1049650037]	|	org.evosuite.testcarver.capture.CaptureLog.RETURN_VOID	|	false	|	(Ljava/lang/Class;Ljava/lang/Object;)Ljava/lang/Object;	|	null
26	|	509654105	|	-2147483619	|	org.evosuite.testcarver.capture.CaptureLog.END_CAPTURE	|	[]	|	org.evosuite.testcarver.capture.CaptureLog.RETURN_VOID	|	false	|	()V	|	null
27	|	1534765208	|	2147483647	|	org.evosuite.testcarver.capture.CaptureLog.PLAIN	|	[[1,3]]	|	org.evosuite.testcarver.capture.CaptureLog.RETURN_VOID	|	false	|	()V	|	null
28	|	1534765208	|	2147483647	|	org.evosuite.testcarver.capture.CaptureLog.END_CAPTURE	|	[]	|	org.evosuite.testcarver.capture.CaptureLog.RETURN_VOID	|	false	|	()V	|	null
29	|	509654105	|	-2147483619	|	convert	|	[1910438136, 1534765208]	|	org.evosuite.testcarver.capture.CaptureLog.RETURN_VOID	|	false	|	(Ljava/lang/Class;Ljava/lang/Object;)Ljava/lang/Object;	|	null
30	|	509654105	|	-2147483619	|	org.evosuite.testcarver.capture.CaptureLog.END_CAPTURE	|	[]	|	org.evosuite.testcarver.capture.CaptureLog.RETURN_VOID	|	false	|	()V	|	null
31	|	1893960929	|	2147483647	|	org.evosuite.testcarver.capture.CaptureLog.PLAIN	|	[class java.util.Locale]	|	org.evosuite.testcarver.capture.CaptureLog.RETURN_VOID	|	false	|	()V	|	null
32	|	1893960929	|	2147483647	|	org.evosuite.testcarver.capture.CaptureLog.END_CAPTURE	|	[]	|	org.evosuite.testcarver.capture.CaptureLog.RETURN_VOID	|	false	|	()V	|	null
33	|	1893960929	|	-2147483559	|	GETSTATIC	|	[]	|	485475507	|	true	|	Ljava/util/Locale;	|	GERMAN
34	|	1893960929	|	-2147483559	|	org.evosuite.testcarver.capture.CaptureLog.END_CAPTURE	|	[]	|	org.evosuite.testcarver.capture.CaptureLog.RETURN_VOID	|	false	|	()V	|	GERMAN
35	|	509654105	|	-2147483628	|	setLocale	|	[485475507]	|	org.evosuite.testcarver.capture.CaptureLog.RETURN_VOID	|	false	|	(Ljava/util/Locale;)V	|	null
36	|	509654105	|	-2147483638	|	setUseLocaleFormat	|	[798278875]	|	org.evosuite.testcarver.capture.CaptureLog.RETURN_VOID	|	false	|	(Z)V	|	null
37	|	509654105	|	-2147483638	|	org.evosuite.testcarver.capture.CaptureLog.END_CAPTURE	|	[]	|	org.evosuite.testcarver.capture.CaptureLog.RETURN_VOID	|	false	|	()V	|	null
38	|	509654105	|	-2147483628	|	org.evosuite.testcarver.capture.CaptureLog.END_CAPTURE	|	[]	|	org.evosuite.testcarver.capture.CaptureLog.RETURN_VOID	|	false	|	()V	|	null
39	|	2080864181	|	2147483647	|	org.evosuite.testcarver.capture.CaptureLog.PLAIN	|	[(2.2)]	|	org.evosuite.testcarver.capture.CaptureLog.RETURN_VOID	|	false	|	()V	|	null
40	|	2080864181	|	2147483647	|	org.evosuite.testcarver.capture.CaptureLog.END_CAPTURE	|	[]	|	org.evosuite.testcarver.capture.CaptureLog.RETURN_VOID	|	false	|	()V	|	null
41	|	509654105	|	-2147483619	|	convert	|	[1910438136, 2080864181]	|	org.evosuite.testcarver.capture.CaptureLog.RETURN_VOID	|	false	|	(Ljava/lang/Class;Ljava/lang/Object;)Ljava/lang/Object;	|	null
42	|	509654105	|	-2147483619	|	org.evosuite.testcarver.capture.CaptureLog.END_CAPTURE	|	[]	|	org.evosuite.testcarver.capture.CaptureLog.RETURN_VOID	|	false	|	()V	|	null
43	|	91430202	|	2147483647	|	org.evosuite.testcarver.capture.CaptureLog.PLAIN	|	[[2.3]]	|	org.evosuite.testcarver.capture.CaptureLog.RETURN_VOID	|	false	|	()V	|	null
44	|	91430202	|	2147483647	|	org.evosuite.testcarver.capture.CaptureLog.END_CAPTURE	|	[]	|	org.evosuite.testcarver.capture.CaptureLog.RETURN_VOID	|	false	|	()V	|	null
45	|	509654105	|	-2147483619	|	convert	|	[1910438136, 91430202]	|	org.evosuite.testcarver.capture.CaptureLog.RETURN_VOID	|	false	|	(Ljava/lang/Class;Ljava/lang/Object;)Ljava/lang/Object;	|	null
46	|	509654105	|	-2147483619	|	org.evosuite.testcarver.capture.CaptureLog.END_CAPTURE	|	[]	|	org.evosuite.testcarver.capture.CaptureLog.RETURN_VOID	|	false	|	()V	|	null
47	|	520043771	|	2147483647	|	org.evosuite.testcarver.capture.CaptureLog.PLAIN	|	[1,2]	|	org.evosuite.testcarver.capture.CaptureLog.RETURN_VOID	|	false	|	()V	|	null
48	|	520043771	|	2147483647	|	org.evosuite.testcarver.capture.CaptureLog.END_CAPTURE	|	[]	|	org.evosuite.testcarver.capture.CaptureLog.RETURN_VOID	|	false	|	()V	|	null
49	|	509654105	|	-2147483619	|	convert	|	[1910438136, 520043771]	|	org.evosuite.testcarver.capture.CaptureLog.RETURN_VOID	|	false	|	(Ljava/lang/Class;Ljava/lang/Object;)Ljava/lang/Object;	|	null
50	|	1841421417	|	2147483647	|	org.evosuite.testcarver.capture.CaptureLog.PLAIN	|	[Error converting from 'String' to 'Integer' using pattern '[#,0,0];(#,0,0)' for locale=[de]]	|	org.evosuite.testcarver.capture.CaptureLog.RETURN_VOID	|	false	|	()V	|	null
51	|	1841421417	|	2147483647	|	org.evosuite.testcarver.capture.CaptureLog.END_CAPTURE	|	[]	|	org.evosuite.testcarver.capture.CaptureLog.RETURN_VOID	|	false	|	()V	|	null
52	|	1892062598	|	-2147483525	|	<init>	|	[1841421417]	|	org.evosuite.testcarver.capture.CaptureLog.RETURN_VOID	|	false	|	(Ljava/lang/String;)V	|	null
53	|	1892062598	|	-2147483527	|	PUTFIELD	|	[null]	|	org.evosuite.testcarver.capture.CaptureLog.RETURN_VOID	|	false	|	Ljava/lang/Throwable;	|	cause
54	|	1892062598	|	-2147483527	|	org.evosuite.testcarver.capture.CaptureLog.END_CAPTURE	|	[]	|	org.evosuite.testcarver.capture.CaptureLog.RETURN_VOID	|	false	|	()V	|	cause
55	|	1892062598	|	-2147483525	|	org.evosuite.testcarver.capture.CaptureLog.END_CAPTURE	|	[]	|	org.evosuite.testcarver.capture.CaptureLog.RETURN_VOID	|	false	|	()V	|	null
56	|	509654105	|	-2147483619	|	org.evosuite.testcarver.capture.CaptureLog.END_CAPTURE	|	[]	|	org.evosuite.testcarver.capture.CaptureLog.RETURN_VOID	|	false	|	()V	|	null
57	|	509654105	|	-2147483619	|	convert	|	[1910438136, 1514778448]	|	org.evosuite.testcarver.capture.CaptureLog.RETURN_VOID	|	false	|	(Ljava/lang/Class;Ljava/lang/Object;)Ljava/lang/Object;	|	null
58	|	1514778448	|	-2147483512	|	toString	|	[]	|	org.evosuite.testcarver.capture.CaptureLog.RETURN_VOID	|	false	|	()Ljava/lang/String;	|	null
59	|	1514778448	|	-2147483512	|	org.evosuite.testcarver.capture.CaptureLog.END_CAPTURE	|	[]	|	org.evosuite.testcarver.capture.CaptureLog.RETURN_VOID	|	false	|	()V	|	null
60	|	2012808675	|	2147483647	|	org.evosuite.testcarver.capture.CaptureLog.PLAIN	|	[Error converting from 'com.examples.with.different.packagename.testcarver.NumberConverterTestBase$1' to 'Integer' using pattern '[#,0,0];(#,0,0)' for locale=[de]]	|	org.evosuite.testcarver.capture.CaptureLog.RETURN_VOID	|	false	|	()V	|	null
61	|	2012808675	|	2147483647	|	org.evosuite.testcarver.capture.CaptureLog.END_CAPTURE	|	[]	|	org.evosuite.testcarver.capture.CaptureLog.RETURN_VOID	|	false	|	()V	|	null
62	|	1625097607	|	-2147483525	|	<init>	|	[2012808675]	|	org.evosuite.testcarver.capture.CaptureLog.RETURN_VOID	|	false	|	(Ljava/lang/String;)V	|	null
63	|	1625097607	|	-2147483527	|	PUTFIELD	|	[null]	|	org.evosuite.testcarver.capture.CaptureLog.RETURN_VOID	|	false	|	Ljava/lang/Throwable;	|	cause
64	|	1625097607	|	-2147483527	|	org.evosuite.testcarver.capture.CaptureLog.END_CAPTURE	|	[]	|	org.evosuite.testcarver.capture.CaptureLog.RETURN_VOID	|	false	|	()V	|	cause
65	|	1625097607	|	-2147483525	|	org.evosuite.testcarver.capture.CaptureLog.END_CAPTURE	|	[]	|	org.evosuite.testcarver.capture.CaptureLog.RETURN_VOID	|	false	|	()V	|	null
66	|	509654105	|	-2147483619	|	org.evosuite.testcarver.capture.CaptureLog.END_CAPTURE	|	[]	|	org.evosuite.testcarver.capture.CaptureLog.RETURN_VOID	|	false	|	()V	|	null
67	|	1459040434	|	-2147483554	|	org.evosuite.testcarver.capture.CaptureLog.END_CAPTURE	|	[]	|	org.evosuite.testcarver.capture.CaptureLog.RETURN_VOID	|	false	|	()V	|	null
68	|	1459040434	|	-2147483603	|	tearDown	|	[]	|	org.evosuite.testcarver.capture.CaptureLog.RETURN_VOID	|	false	|	()V	|	null
69	|	1459040434	|	-2147483603	|	org.evosuite.testcarver.capture.CaptureLog.END_CAPTURE	|	[]	|	org.evosuite.testcarver.capture.CaptureLog.RETURN_VOID	|	false	|	()V	|	null


META INF:
-------------------------------------------------------------------
OID	|	INIT RECNO	|	OID CLASS	|	ACCESSED FIELDS	|	FIRST INIT	|	DEPENDENCY
-------------------------------------------------------------------
1459040434	|	0	|	com.examples.with.different.packagename.testcarver.IntegerConverterTestCase	|	null	|	0	|	-1
2033254313	|	4	|	com.examples.with.different.packagename.testcarver.IntegerConverter	|	null	|	3	|	-1
1893960929	|	34	|	java.util.Locale	|	null	|	9	|	-1
1179689991	|	10	|	java.util.Locale	|	null	|	9	|	-1
509654105	|	56	|	com.examples.with.different.packagename.testcarver.IntegerConverter	|	null	|	11	|	-1
1904047495	|	20	|	java.lang.String	|	null	|	13	|	-1
798278875	|	-16	|	java.lang.Boolean	|	null	|	16	|	-1
1910438136	|	56	|	java.lang.Integer	|	null	|	21	|	-1
1049650037	|	26	|	java.lang.String	|	null	|	23	|	-1
1534765208	|	30	|	java.lang.String	|	null	|	27	|	-1
485475507	|	38	|	java.util.Locale	|	null	|	33	|	-1
2080864181	|	42	|	java.lang.String	|	null	|	39	|	-1
91430202	|	46	|	java.lang.String	|	null	|	43	|	-1
520043771	|	56	|	java.lang.String	|	null	|	47	|	-1
1841421417	|	-50	|	java.lang.String	|	null	|	50	|	-1
1892062598	|	-52	|	com.examples.with.different.packagename.testcarver.ConversionException	|	null	|	52	|	-1
1514778448	|	-57	|	java.lang.Object	|	null	|	57	|	-1
2012808675	|	-60	|	java.lang.String	|	null	|	60	|	-1
1625097607	|	-62	|	com.examples.with.different.packagename.testcarver.ConversionException	|	null	|	62	|	-1

ERROR org.evosuite.testcarver.testcase.CodeGeneratorException - [logRecNo = 57] - an unexpected error occurred while creating method call stmt for convert.
java.lang.RuntimeException: VariableReference is null for argOID 1514778448; have oids: [1534765208, 1893960929, 2080864181, 520043771, 1049650037, 1910438136, 1179689991, 2033254313, 509654105, 91430202, 1904047495, 485475507]
	at org.evosuite.testcarver.testcase.EvoTestCaseCodeGenerator.getArguments(EvoTestCaseCodeGenerator.java:161)
	at org.evosuite.testcarver.testcase.EvoTestCaseCodeGenerator.createMethodCallStmt(EvoTestCaseCodeGenerator.java:79)
	at org.evosuite.testcarver.codegen.CaptureLogAnalyzer.restoreCodeFromLastPosTo(CaptureLogAnalyzer.java:516)
	at org.evosuite.testcarver.codegen.CaptureLogAnalyzer.analyzeLog(CaptureLogAnalyzer.java:131)
	at org.evosuite.testcarver.codegen.CaptureLogAnalyzer.analyze(CaptureLogAnalyzer.java:72)
	at org.evosuite.testcarver.codegen.CaptureLogAnalyzer.analyze(CaptureLogAnalyzer.java:43)
	at org.evosuite.testcarver.extraction.CarvingRunListener.processLog(CarvingRunListener.java:137)
	at org.evosuite.testcarver.extraction.CarvingRunListener.testFinished(CarvingRunListener.java:69)
	at org.junit.runner.notification.SynchronizedRunListener.testFinished(SynchronizedRunListener.java:87)
	at org.junit.runner.notification.RunNotifier$9.notifyListener(RunNotifier.java:225)
	at org.junit.runner.notification.RunNotifier$SafeNotifier.run(RunNotifier.java:72)
	at org.junit.runner.notification.RunNotifier.fireTestFinished(RunNotifier.java:222)
	at org.junit.internal.runners.JUnit38ClassRunner$OldTestClassAdaptingListener.endTest(JUnit38ClassRunner.java:37)
	at junit.framework.TestResult.endTest(TestResult.java:82)
	at junit.framework.TestResult.run(TestResult.java:127)
	at junit.framework.TestCase.run(TestCase.java:130)
	at junit.framework.TestSuite.runTest(TestSuite.java:241)
	at junit.framework.TestSuite.run(TestSuite.java:236)
	at org.junit.internal.runners.JUnit38ClassRunner.run(JUnit38ClassRunner.java:90)
	at org.junit.runners.Suite.runChild(Suite.java:128)
	at org.junit.runners.Suite.runChild(Suite.java:27)
	at org.junit.runners.ParentRunner$4.run(ParentRunner.java:331)
	at org.junit.runners.ParentRunner$1.schedule(ParentRunner.java:79)
	at org.junit.runners.ParentRunner.runChildren(ParentRunner.java:329)
	at org.junit.runners.ParentRunner.access$100(ParentRunner.java:66)
	at org.junit.runners.ParentRunner$2.evaluate(ParentRunner.java:293)
	at org.junit.runners.ParentRunner$3.evaluate(ParentRunner.java:306)
	at org.junit.runners.ParentRunner.run(ParentRunner.java:413)
	at org.junit.runner.JUnitCore.run(JUnitCore.java:137)
	at org.junit.runner.JUnitCore.run(JUnitCore.java:115)
	at org.junit.runner.JUnitCore.run(JUnitCore.java:105)
	at org.junit.runner.JUnitCore.run(JUnitCore.java:94)
	at org.evosuite.testcarver.extraction.CarvingManager.readTestCases(CarvingManager.java:129)
	at org.evosuite.testcarver.extraction.CarvingManager.getTestsForClass(CarvingManager.java:216)
	at org.evosuite.testcase.factories.JUnitTestCarvedChromosomeFactory.readTestCases(JUnitTestCarvedChromosomeFactory.java:75)
	at org.evosuite.testcase.factories.JUnitTestCarvedChromosomeFactory.<init>(JUnitTestCarvedChromosomeFactory.java:68)
	at org.evosuite.testcase.JUnitTestCarvedChromosomeFactorySystemTest.testBeanIntegerConverterUtils(JUnitTestCarvedChromosomeFactorySystemTest.java:648)
	at java.base/jdk.internal.reflect.DirectMethodHandleAccessor.invoke(DirectMethodHandleAccessor.java:103)
	at java.base/java.lang.reflect.Method.invoke(Method.java:580)
	at org.junit.runners.model.FrameworkMethod$1.runReflectiveCall(FrameworkMethod.java:59)
	at org.junit.internal.runners.model.ReflectiveCallable.run(ReflectiveCallable.java:12)
	at org.junit.runners.model.FrameworkMethod.invokeExplosively(FrameworkMethod.java:56)
	at org.junit.internal.runners.statements.InvokeMethod.evaluate(InvokeMethod.java:17)
	at org.junit.internal.runners.statements.RunBefores.evaluate(RunBefores.java:26)
	at org.junit.internal.runners.statements.RunAfters.evaluate(RunAfters.java:27)
	at org.junit.rules.TestWatcher$1.evaluate(TestWatcher.java:61)
	at org.junit.runners.ParentRunner$3.evaluate(ParentRunner.java:306)
	at org.junit.runners.BlockJUnit4ClassRunner$1.evaluate(BlockJUnit4ClassRunner.java:100)
	at org.junit.runners.ParentRunner.runLeaf(ParentRunner.java:366)
	at org.junit.runners.BlockJUnit4ClassRunner.runChild(BlockJUnit4ClassRunner.java:103)
	at org.junit.runners.BlockJUnit4ClassRunner.runChild(BlockJUnit4ClassRunner.java:63)
	at org.junit.runners.ParentRunner$4.run(ParentRunner.java:331)
	at org.junit.runners.ParentRunner$1.schedule(ParentRunner.java:79)
	at org.junit.runners.ParentRunner.runChildren(ParentRunner.java:329)
	at org.junit.runners.ParentRunner.access$100(ParentRunner.java:66)
	at org.junit.runners.ParentRunner$2.evaluate(ParentRunner.java:293)
	at org.junit.runners.ParentRunner$3.evaluate(ParentRunner.java:306)
	at org.junit.runners.ParentRunner.run(ParentRunner.java:413)
	at org.apache.maven.surefire.junit4.JUnit4Provider.execute(JUnit4Provider.java:316)
	at org.apache.maven.surefire.junit4.JUnit4Provider.executeWithRerun(JUnit4Provider.java:240)
	at org.apache.maven.surefire.junit4.JUnit4Provider.executeTestSet(JUnit4Provider.java:214)
	at org.apache.maven.surefire.junit4.JUnit4Provider.invoke(JUnit4Provider.java:155)
	at org.apache.maven.surefire.booter.ForkedBooter.runSuitesInProcess(ForkedBooter.java:385)
	at org.apache.maven.surefire.booter.ForkedBooter.execute(ForkedBooter.java:162)
	at org.apache.maven.surefire.booter.ForkedBooter.run(ForkedBooter.java:507)
	at org.apache.maven.surefire.booter.ForkedBooter.main(ForkedBooter.java:495)
INFO  org.evosuite.testcarver.extraction.CarvingRunListener - Carved test of length 19
INFO  org.evosuite.utils.generic.GenericTypeInference - Type map empty
INFO  org.evosuite.utils.generic.GenericTypeInference - Type map empty
INFO  org.evosuite.testcarver.extraction.CarvingRunListener - Not yet reached maximum time to carve unit tests - executing test with carver
INFO  org.evosuite.testcarver.capture.Capturer - Starting Capturer...
INFO  org.evosuite.testcarver.capture.Capturer - Capturer has been started successfully
INFO  org.evosuite.testcarver.capture.CaptureLog - method setUp was called on object testNumberToStringPattern(com.examples.with.different.packagename.testcarver.IntegerConverterTestCase) with oid 724128993 without foregoing (observed) init stmt --> creating unobserved init stmt
INFO  org.evosuite.testcarver.capture.Capturer - Stopping Capturer...
INFO  org.evosuite.testcarver.capture.Capturer - Capturer has been stopped successfully
INFO  evo_logger -  - Carving test com.examples.with.different.packagename.testcarver.IntegerConverterTestCase.testNumberToStringPattern
INFO  org.evosuite.testcarver.extraction.CarvingRunListener - Carved test of length 17
INFO  org.evosuite.utils.generic.GenericTypeInference - Type map empty
INFO  org.evosuite.utils.generic.GenericTypeInference - Type map empty
INFO  org.evosuite.testcarver.extraction.CarvingRunListener - Not yet reached maximum time to carve unit tests - executing test with carver
INFO  org.evosuite.testcarver.capture.Capturer - Starting Capturer...
INFO  org.evosuite.testcarver.capture.Capturer - Capturer has been started successfully
INFO  org.evosuite.testcarver.capture.CaptureLog - method setUp was called on object testConvertNumber(com.examples.with.different.packagename.testcarver.IntegerConverterTestCase) with oid 1345648093 without foregoing (observed) init stmt --> creating unobserved init stmt
INFO  org.evosuite.testcarver.capture.Capturer - Stopping Capturer...
INFO  org.evosuite.testcarver.capture.Capturer - Capturer has been stopped successfully
INFO  evo_logger -  - Carving test com.examples.with.different.packagename.testcarver.IntegerConverterTestCase.testConvertNumber
INFO  org.evosuite.testcarver.extraction.CarvingRunListener - Carved test of length 37
INFO  org.evosuite.utils.generic.GenericTypeInference - Type map empty
INFO  org.evosuite.utils.generic.GenericTypeInference - Type map empty
INFO  org.evosuite.utils.generic.GenericTypeInference - Type map empty
INFO  org.evosuite.utils.generic.GenericTypeInference - Type map empty
INFO  org.evosuite.utils.generic.GenericTypeInference - Type map empty
INFO  org.evosuite.utils.generic.GenericTypeInference - Type map empty
INFO  org.evosuite.utils.generic.GenericTypeInference - Type map empty
INFO  org.evosuite.utils.generic.GenericTypeInference - Type map empty
INFO  org.evosuite.utils.generic.GenericTypeInference - Type map empty
INFO  org.evosuite.utils.generic.GenericTypeInference - Type map empty
INFO  org.evosuite.testcarver.extraction.CarvingRunListener - Not yet reached maximum time to carve unit tests - executing test with carver
INFO  org.evosuite.testcarver.capture.Capturer - Starting Capturer...
INFO  org.evosuite.testcarver.capture.Capturer - Capturer has been started successfully
INFO  org.evosuite.testcarver.capture.CaptureLog - method setUp was called on object testInvalidException(com.examples.with.different.packagename.testcarver.IntegerConverterTestCase) with oid 1725885575 without foregoing (observed) init stmt --> creating unobserved init stmt
INFO  org.evosuite.testcarver.capture.Capturer - Stopping Capturer...
INFO  org.evosuite.testcarver.capture.Capturer - Capturer has been stopped successfully
INFO  evo_logger -  - Carving test com.examples.with.different.packagename.testcarver.IntegerConverterTestCase.testInvalidException
INFO  org.evosuite.testcarver.extraction.CarvingRunListener - Carved test of length 7
INFO  org.evosuite.utils.generic.GenericTypeInference - Type map empty
INFO  org.evosuite.utils.generic.GenericTypeInference - Type map empty
INFO  org.evosuite.testcarver.extraction.CarvingRunListener - Not yet reached maximum time to carve unit tests - executing test with carver
INFO  org.evosuite.testcarver.capture.Capturer - Starting Capturer...
INFO  org.evosuite.testcarver.capture.Capturer - Capturer has been started successfully
INFO  org.evosuite.testcarver.capture.CaptureLog - method setUp was called on object testStringArrayToInteger(com.examples.with.different.packagename.testcarver.IntegerConverterTestCase) with oid 722378544 without foregoing (observed) init stmt --> creating unobserved init stmt
INFO  org.evosuite.testcarver.capture.CaptureLog - method convert was called on object com.examples.with.different.packagename.testcarver.IntegerConverter[UseDefault=false, UseLocaleFormat=false] with oid 256004657 without foregoing (observed) init stmt --> creating unobserved init stmt
INFO  org.evosuite.testcarver.capture.Capturer - Stopping Capturer...
INFO  org.evosuite.testcarver.capture.Capturer - Capturer has been stopped successfully
INFO  evo_logger -  - Carving test com.examples.with.different.packagename.testcarver.IntegerConverterTestCase.testStringArrayToInteger
INFO  org.evosuite.testcarver.extraction.CarvingRunListener - Carved test of length 34
INFO  org.evosuite.utils.generic.GenericTypeInference - Type map empty
INFO  org.evosuite.utils.generic.GenericTypeInference - Type map empty
INFO  org.evosuite.testcarver.extraction.CarvingRunListener - Not yet reached maximum time to carve unit tests - executing test with carver
INFO  org.evosuite.testcarver.capture.Capturer - Starting Capturer...
INFO  org.evosuite.testcarver.capture.Capturer - Capturer has been started successfully
INFO  org.evosuite.testcarver.capture.CaptureLog - method setUp was called on object testInvalidDefault(com.examples.with.different.packagename.testcarver.IntegerConverterTestCase) with oid 2127814459 without foregoing (observed) init stmt --> creating unobserved init stmt
INFO  org.evosuite.testcarver.capture.CaptureLog - method convert was called on object com.examples.with.different.packagename.testcarver.IntegerConverter[UseDefault=false, UseLocaleFormat=false] with oid 454248060 without foregoing (observed) init stmt --> creating unobserved init stmt
INFO  org.evosuite.testcarver.capture.Capturer - Stopping Capturer...
INFO  org.evosuite.testcarver.capture.Capturer - Capturer has been stopped successfully
INFO  evo_logger -  - Carving test com.examples.with.different.packagename.testcarver.IntegerConverterTestCase.testInvalidDefault
INFO  org.evosuite.testcarver.extraction.CarvingRunListener - Carved test of length 8
INFO  org.evosuite.utils.generic.GenericTypeInference - Type map empty
INFO  org.evosuite.utils.generic.GenericTypeInference - Type map empty
INFO  org.evosuite.testcarver.extraction.CarvingRunListener - Not yet reached maximum time to carve unit tests - executing test with carver
INFO  org.evosuite.testcarver.capture.Capturer - Starting Capturer...
INFO  org.evosuite.testcarver.capture.Capturer - Capturer has been started successfully
INFO  org.evosuite.testcarver.capture.CaptureLog - method setUp was called on object testCalendarToNumber(com.examples.with.different.packagename.testcarver.IntegerConverterTestCase) with oid 313881452 without foregoing (observed) init stmt --> creating unobserved init stmt
INFO  org.evosuite.testcarver.capture.Capturer - Stopping Capturer...
INFO  org.evosuite.testcarver.capture.Capturer - Capturer has been stopped successfully
INFO  evo_logger -  - Carving test com.examples.with.different.packagename.testcarver.IntegerConverterTestCase.testCalendarToNumber
INFO  org.evosuite.testcarver.extraction.CarvingRunListener - Carved test of length 8
INFO  org.evosuite.utils.generic.GenericTypeInference - Type map empty
INFO  org.evosuite.utils.generic.GenericTypeInference - Type map empty
INFO  org.evosuite.testcarver.extraction.CarvingRunListener - Not yet reached maximum time to carve unit tests - executing test with carver
INFO  org.evosuite.testcarver.capture.Capturer - Starting Capturer...
INFO  org.evosuite.testcarver.capture.Capturer - Capturer has been started successfully
INFO  org.evosuite.testcarver.capture.CaptureLog - method setUp was called on object testBooleanToNumberDefault(com.examples.with.different.packagename.testcarver.IntegerConverterTestCase) with oid 565627330 without foregoing (observed) init stmt --> creating unobserved init stmt
INFO  org.evosuite.testcarver.capture.Capturer - Stopping Capturer...
INFO  org.evosuite.testcarver.capture.Capturer - Capturer has been stopped successfully
INFO  evo_logger -  - Carving test com.examples.with.different.packagename.testcarver.IntegerConverterTestCase.testBooleanToNumberDefault
INFO  org.evosuite.testcarver.extraction.CarvingRunListener - Carved test of length 7
INFO  org.evosuite.utils.generic.GenericTypeInference - Type map empty
INFO  org.evosuite.utils.generic.GenericTypeInference - Type map empty
INFO  org.evosuite.testcarver.extraction.CarvingRunListener - Not yet reached maximum time to carve unit tests - executing test with carver
INFO  org.evosuite.testcarver.capture.Capturer - Starting Capturer...
INFO  org.evosuite.testcarver.capture.Capturer - Capturer has been started successfully
INFO  org.evosuite.testcarver.capture.CaptureLog - method setUp was called on object testNumberToStringLocale(com.examples.with.different.packagename.testcarver.IntegerConverterTestCase) with oid 2020602315 without foregoing (observed) init stmt --> creating unobserved init stmt
INFO  org.evosuite.testcarver.capture.Capturer - Stopping Capturer...
INFO  org.evosuite.testcarver.capture.Capturer - Capturer has been stopped successfully
INFO  evo_logger -  - Carving test com.examples.with.different.packagename.testcarver.IntegerConverterTestCase.testNumberToStringLocale
INFO  org.evosuite.testcarver.extraction.CarvingRunListener - Carved test of length 17
INFO  org.evosuite.utils.generic.GenericTypeInference - Type map empty
INFO  org.evosuite.utils.generic.GenericTypeInference - Type map empty
INFO  org.evosuite.testcarver.extraction.CarvingRunListener - Not yet reached maximum time to carve unit tests - executing test with carver
INFO  org.evosuite.testcarver.capture.Capturer - Starting Capturer...
INFO  org.evosuite.testcarver.capture.Capturer - Capturer has been started successfully
INFO  org.evosuite.testcarver.capture.CaptureLog - method setUp was called on object testStringToNumberDefault(com.examples.with.different.packagename.testcarver.IntegerConverterTestCase) with oid 375951774 without foregoing (observed) init stmt --> creating unobserved init stmt
INFO  org.evosuite.testcarver.capture.Capturer - Stopping Capturer...
INFO  org.evosuite.testcarver.capture.Capturer - Capturer has been stopped successfully
INFO  evo_logger -  - Carving test com.examples.with.different.packagename.testcarver.IntegerConverterTestCase.testStringToNumberDefault
INFO  org.evosuite.testcarver.extraction.CarvingRunListener - Carved test of length 9
INFO  org.evosuite.utils.generic.GenericTypeInference - Type map empty
INFO  org.evosuite.utils.generic.GenericTypeInference - Type map empty
INFO  org.evosuite.testcarver.extraction.CarvingRunListener - Not yet reached maximum time to carve unit tests - executing test with carver
INFO  org.evosuite.testcarver.capture.Capturer - Starting Capturer...
INFO  org.evosuite.testcarver.capture.Capturer - Capturer has been started successfully
INFO  org.evosuite.testcarver.capture.CaptureLog - method setUp was called on object testStringToNumberLocale(com.examples.with.different.packagename.testcarver.IntegerConverterTestCase) with oid 51712095 without foregoing (observed) init stmt --> creating unobserved init stmt
INFO  org.evosuite.testcarver.capture.Capturer - Stopping Capturer...
INFO  org.evosuite.testcarver.capture.Capturer - Capturer has been stopped successfully
INFO  evo_logger -  - Carving test com.examples.with.different.packagename.testcarver.IntegerConverterTestCase.testStringToNumberLocale
INFO  org.evosuite.testcarver.extraction.CarvingRunListener - Carved test of length 21
INFO  org.evosuite.utils.generic.GenericTypeInference - Type map empty
INFO  org.evosuite.utils.generic.GenericTypeInference - Type map empty
INFO  org.evosuite.testcarver.extraction.CarvingRunListener - Not yet reached maximum time to carve unit tests - executing test with carver
INFO  org.evosuite.testcarver.capture.Capturer - Starting Capturer...
INFO  org.evosuite.testcarver.capture.Capturer - Capturer has been started successfully
INFO  org.evosuite.testcarver.capture.CaptureLog - method setUp was called on object testNumberToStringDefault(com.examples.with.different.packagename.testcarver.IntegerConverterTestCase) with oid 1142931081 without foregoing (observed) init stmt --> creating unobserved init stmt
INFO  org.evosuite.testcarver.capture.Capturer - Stopping Capturer...
INFO  org.evosuite.testcarver.capture.Capturer - Capturer has been stopped successfully
INFO  evo_logger -  - Carving test com.examples.with.different.packagename.testcarver.IntegerConverterTestCase.testNumberToStringDefault
INFO  org.evosuite.testcarver.extraction.CarvingRunListener - Carved test of length 7
INFO  org.evosuite.utils.generic.GenericTypeInference - Type map empty
INFO  org.evosuite.utils.generic.GenericTypeInference - Type map empty
INFO  org.evosuite.testcarver.extraction.CarvingRunListener - Not yet reached maximum time to carve unit tests - executing test with carver
INFO  org.evosuite.testcarver.capture.Capturer - Starting Capturer...
INFO  org.evosuite.testcarver.capture.Capturer - Capturer has been started successfully
INFO  org.evosuite.testcarver.capture.CaptureLog - method setUp was called on object testOtherToStringDefault(com.examples.with.different.packagename.testcarver.IntegerConverterTestCase) with oid 1919497442 without foregoing (observed) init stmt --> creating unobserved init stmt
INFO  org.evosuite.testcarver.capture.Capturer - Stopping Capturer...
INFO  org.evosuite.testcarver.capture.Capturer - Capturer has been stopped successfully
INFO  evo_logger -  - Carving test com.examples.with.different.packagename.testcarver.IntegerConverterTestCase.testOtherToStringDefault
INFO  org.evosuite.testcarver.extraction.CarvingRunListener - Carved test of length 6
INFO  org.evosuite.utils.generic.GenericTypeInference - Type map empty
INFO  org.evosuite.utils.generic.GenericTypeInference - Type map empty
INFO  org.evosuite.testcarver.extraction.CarvingRunListener - Not yet reached maximum time to carve unit tests - executing test with carver
INFO  org.evosuite.testcarver.capture.Capturer - Starting Capturer...
INFO  org.evosuite.testcarver.capture.Capturer - Capturer has been started successfully
INFO  org.evosuite.testcarver.capture.CaptureLog - method setUp was called on object testDateToNumber(com.examples.with.different.packagename.testcarver.IntegerConverterTestCase) with oid 1432929903 without foregoing (observed) init stmt --> creating unobserved init stmt
INFO  org.evosuite.testcarver.capture.Capturer - Stopping Capturer...
INFO  org.evosuite.testcarver.capture.Capturer - Capturer has been stopped successfully
INFO  evo_logger -  - Carving test com.examples.with.different.packagename.testcarver.IntegerConverterTestCase.testDateToNumber
INFO  org.evosuite.testcarver.extraction.CarvingRunListener - Carved test of length 8
INFO  org.evosuite.utils.generic.GenericTypeInference - Type map empty
INFO  org.evosuite.utils.generic.GenericTypeInference - Type map empty
INFO  org.evosuite.utils.generic.GenericTypeInference - Type map empty
INFO  org.evosuite.testcarver.extraction.CarvingManager - Result: 0/18
INFO  org.evosuite.testcase.execution.TestCaseExecutor - No stalled threads
INFO  org.evosuite.testcarver.extraction.CarvingManager - Exception thrown in carved test testInvalidAmount: {}
com.examples.with.different.packagename.testcarver.ConversionException: Long value '-2147483649' is too small Integer
	at com.examples.with.different.packagename.testcarver.NumberConverter.toNumber(NumberConverter.java:334)
	at com.examples.with.different.packagename.testcarver.NumberConverter.convertToType(NumberConverter.java:231)
	at com.examples.with.different.packagename.testcarver.AbstractConverter.convert(AbstractConverter.java:146)
	at java.base/jdk.internal.reflect.DirectMethodHandleAccessor.invoke(DirectMethodHandleAccessor.java:103)
	at java.base/java.lang.reflect.Method.invoke(Method.java:580)
	at org.evosuite.testcase.statements.MethodStatement$1.execute(MethodStatement.java:256)
	at org.evosuite.testcase.statements.AbstractStatement.exceptionHandler(AbstractStatement.java:165)
	at org.evosuite.testcase.statements.MethodStatement.execute(MethodStatement.java:220)
	at org.evosuite.testcase.execution.TestRunnable.executeStatements(TestRunnable.java:287)
	at org.evosuite.testcase.execution.TestRunnable.call(TestRunnable.java:193)
	at org.evosuite.testcase.execution.TestRunnable.call(TestRunnable.java:49)
	at java.base/java.util.concurrent.FutureTask.run(FutureTask.java:317)
	at java.base/java.util.concurrent.ThreadPoolExecutor.runWorker(ThreadPoolExecutor.java:1144)
	at java.base/java.util.concurrent.ThreadPoolExecutor$Worker.run(ThreadPoolExecutor.java:642)
	at java.base/java.lang.Thread.run(Thread.java:1583)
INFO  org.evosuite.testcarver.extraction.CarvingManager - com.examples.with.different.packagename.testcarver.NumberConverter.toNumber(NumberConverter.java:334)
INFO  org.evosuite.testcarver.extraction.CarvingManager - com.examples.with.different.packagename.testcarver.NumberConverter.convertToType(NumberConverter.java:231)
INFO  org.evosuite.testcarver.extraction.CarvingManager - com.examples.with.different.packagename.testcarver.AbstractConverter.convert(AbstractConverter.java:146)
INFO  org.evosuite.testcarver.extraction.CarvingManager - java.base/jdk.internal.reflect.DirectMethodHandleAccessor.invoke(DirectMethodHandleAccessor.java:103)
INFO  org.evosuite.testcarver.extraction.CarvingManager - java.base/java.lang.reflect.Method.invoke(Method.java:580)
INFO  org.evosuite.testcarver.extraction.CarvingManager - org.evosuite.testcase.statements.MethodStatement$1.execute(MethodStatement.java:256)
INFO  org.evosuite.testcarver.extraction.CarvingManager - org.evosuite.testcase.statements.AbstractStatement.exceptionHandler(AbstractStatement.java:165)
INFO  org.evosuite.testcarver.extraction.CarvingManager - org.evosuite.testcase.statements.MethodStatement.execute(MethodStatement.java:220)
INFO  org.evosuite.testcarver.extraction.CarvingManager - org.evosuite.testcase.execution.TestRunnable.executeStatements(TestRunnable.java:287)
INFO  org.evosuite.testcarver.extraction.CarvingManager - org.evosuite.testcase.execution.TestRunnable.call(TestRunnable.java:193)
INFO  org.evosuite.testcarver.extraction.CarvingManager - org.evosuite.testcase.execution.TestRunnable.call(TestRunnable.java:49)
INFO  org.evosuite.testcarver.extraction.CarvingManager - java.base/java.util.concurrent.FutureTask.run(FutureTask.java:317)
INFO  org.evosuite.testcarver.extraction.CarvingManager - java.base/java.util.concurrent.ThreadPoolExecutor.runWorker(ThreadPoolExecutor.java:1144)
INFO  org.evosuite.testcarver.extraction.CarvingManager - java.base/java.util.concurrent.ThreadPoolExecutor$Worker.run(ThreadPoolExecutor.java:642)
INFO  org.evosuite.testcarver.extraction.CarvingManager - java.base/java.lang.Thread.run(Thread.java:1583)
INFO  org.evosuite.testcarver.extraction.CarvingManager - IntegerConverter integerConverter0 = new IntegerConverter();
IntegerConverter integerConverter1 = new IntegerConverter();
Class<int> class0 = Integer.class;
long long0 = (-2147483648L);
integerConverter1.convert(class0, long0);
long long1 = 2147483647L;
integerConverter1.convert(class0, long1);
long long2 = (-2147483649L);
// Undeclared exception!
try {
  integerConverter1.convert(class0, long2);
  fail("Expecting exception: ConversionException");

} catch(ConversionException e) {
   //
   // Long value '-2147483649' is too small Integer
   //
   verifyException("com.examples.with.different.packagename.testcarver.NumberConverter", e);
}

long long3 = 2147483648L;
integerConverter1.convert(class0, long3);

INFO  org.evosuite.testcarver.extraction.CarvingManager - Chopping exception of carved test
INFO  org.evosuite.testcarver.extraction.CarvingManager - Adding carved test without exception
INFO  org.evosuite.testcarver.extraction.CarvingManager - IntegerConverter integerConverter0 = new IntegerConverter();
Class<int> class0 = Integer.class;
String string0 = "-2147483648";
integerConverter0.convert(class0, string0);
Class<int> class1 = int.class;
integerConverter0.convert(class1, string0);
Class class2 = null;
integerConverter0.convert(class2, string0);
String string1 = "-17";
integerConverter0.convert(class0, string1);
integerConverter0.convert(class1, string1);
Class class3 = null;
integerConverter0.convert(class3, string1);
String string2 = "-1";
integerConverter0.convert(class0, string2);
integerConverter0.convert(class1, string2);
Class class4 = null;
integerConverter0.convert(class4, string2);
String string3 = "0";
integerConverter0.convert(class0, string3);
integerConverter0.convert(class1, string3);
Class class5 = null;
integerConverter0.convert(class5, string3);
String string4 = "1";
integerConverter0.convert(class0, string4);
integerConverter0.convert(class1, string4);
Class class6 = null;
integerConverter0.convert(class6, string4);
String string5 = "17";
integerConverter0.convert(class0, string5);
integerConverter0.convert(class1, string5);
Class class7 = null;
integerConverter0.convert(class7, string5);
String string6 = "2147483647";
integerConverter0.convert(class0, string6);
integerConverter0.convert(class1, string6);
Class class8 = null;
integerConverter0.convert(class8, string6);
byte byte0 = (byte)7;
integerConverter0.convert(class0, byte0);
integerConverter0.convert(class1, byte0);

INFO  org.evosuite.testcarver.extraction.CarvingManager - Exception thrown in carved test testConvertNull: {}
com.examples.with.different.packagename.testcarver.ConversionException: No value specified for 'Integer'
	at com.examples.with.different.packagename.testcarver.AbstractConverter.handleMissing(AbstractConverter.java:276)
	at com.examples.with.different.packagename.testcarver.AbstractConverter.convert(AbstractConverter.java:130)
	at java.base/jdk.internal.reflect.DirectMethodHandleAccessor.invoke(DirectMethodHandleAccessor.java:103)
	at java.base/java.lang.reflect.Method.invoke(Method.java:580)
	at org.evosuite.testcase.statements.MethodStatement$1.execute(MethodStatement.java:256)
	at org.evosuite.testcase.statements.AbstractStatement.exceptionHandler(AbstractStatement.java:165)
	at org.evosuite.testcase.statements.MethodStatement.execute(MethodStatement.java:220)
	at org.evosuite.testcase.execution.TestRunnable.executeStatements(TestRunnable.java:287)
	at org.evosuite.testcase.execution.TestRunnable.call(TestRunnable.java:193)
	at org.evosuite.testcase.execution.TestRunnable.call(TestRunnable.java:49)
	at java.base/java.util.concurrent.FutureTask.run(FutureTask.java:317)
	at java.base/java.util.concurrent.ThreadPoolExecutor.runWorker(ThreadPoolExecutor.java:1144)
	at java.base/java.util.concurrent.ThreadPoolExecutor$Worker.run(ThreadPoolExecutor.java:642)
	at java.base/java.lang.Thread.run(Thread.java:1583)
INFO  org.evosuite.testcarver.extraction.CarvingManager - com.examples.with.different.packagename.testcarver.AbstractConverter.handleMissing(AbstractConverter.java:276)
INFO  org.evosuite.testcarver.extraction.CarvingManager - com.examples.with.different.packagename.testcarver.AbstractConverter.convert(AbstractConverter.java:130)
INFO  org.evosuite.testcarver.extraction.CarvingManager - java.base/jdk.internal.reflect.DirectMethodHandleAccessor.invoke(DirectMethodHandleAccessor.java:103)
INFO  org.evosuite.testcarver.extraction.CarvingManager - java.base/java.lang.reflect.Method.invoke(Method.java:580)
INFO  org.evosuite.testcarver.extraction.CarvingManager - org.evosuite.testcase.statements.MethodStatement$1.execute(MethodStatement.java:256)
INFO  org.evosuite.testcarver.extraction.CarvingManager - org.evosuite.testcase.statements.AbstractStatement.exceptionHandler(AbstractStatement.java:165)
INFO  org.evosuite.testcarver.extraction.CarvingManager - org.evosuite.testcase.statements.MethodStatement.execute(MethodStatement.java:220)
INFO  org.evosuite.testcarver.extraction.CarvingManager - org.evosuite.testcase.execution.TestRunnable.executeStatements(TestRunnable.java:287)
INFO  org.evosuite.testcarver.extraction.CarvingManager - org.evosuite.testcase.execution.TestRunnable.call(TestRunnable.java:193)
INFO  org.evosuite.testcarver.extraction.CarvingManager - org.evosuite.testcase.execution.TestRunnable.call(TestRunnable.java:49)
INFO  org.evosuite.testcarver.extraction.CarvingManager - java.base/java.util.concurrent.FutureTask.run(FutureTask.java:317)
INFO  org.evosuite.testcarver.extraction.CarvingManager - java.base/java.util.concurrent.ThreadPoolExecutor.runWorker(ThreadPoolExecutor.java:1144)
INFO  org.evosuite.testcarver.extraction.CarvingManager - java.base/java.util.concurrent.ThreadPoolExecutor$Worker.run(ThreadPoolExecutor.java:642)
INFO  org.evosuite.testcarver.extraction.CarvingManager - java.base/java.lang.Thread.run(Thread.java:1583)
INFO  org.evosuite.testcarver.extraction.CarvingManager - IntegerConverter integerConverter0 = new IntegerConverter();
IntegerConverter integerConverter1 = new IntegerConverter();
Class<int> class0 = Integer.class;
Object object0 = null;
// Undeclared exception!
try {
  integerConverter1.convert(class0, object0);
  fail("Expecting exception: ConversionException");

} catch(ConversionException e) {
   //
   // No value specified for 'Integer'
   //
   verifyException("com.examples.with.different.packagename.testcarver.AbstractConverter", e);
}


INFO  org.evosuite.testcarver.extraction.CarvingManager - Chopping exception of carved test
INFO  org.evosuite.testcarver.extraction.CarvingManager - Exception thrown in carved test testInvalidType: {}
com.examples.with.different.packagename.testcarver.ConversionException: com.examples.with.different.packagename.testcarver.IntegerConverter cannot handle conversion to 'Object'
	at com.examples.with.different.packagename.testcarver.NumberConverter.toNumber(NumberConverter.java:380)
	at com.examples.with.different.packagename.testcarver.NumberConverter.convertToType(NumberConverter.java:231)
	at com.examples.with.different.packagename.testcarver.AbstractConverter.convert(AbstractConverter.java:146)
	at java.base/jdk.internal.reflect.DirectMethodHandleAccessor.invoke(DirectMethodHandleAccessor.java:103)
	at java.base/java.lang.reflect.Method.invoke(Method.java:580)
	at org.evosuite.testcase.statements.MethodStatement$1.execute(MethodStatement.java:256)
	at org.evosuite.testcase.statements.AbstractStatement.exceptionHandler(AbstractStatement.java:165)
	at org.evosuite.testcase.statements.MethodStatement.execute(MethodStatement.java:220)
	at org.evosuite.testcase.execution.TestRunnable.executeStatements(TestRunnable.java:287)
	at org.evosuite.testcase.execution.TestRunnable.call(TestRunnable.java:193)
	at org.evosuite.testcase.execution.TestRunnable.call(TestRunnable.java:49)
	at java.base/java.util.concurrent.FutureTask.run(FutureTask.java:317)
	at java.base/java.util.concurrent.ThreadPoolExecutor.runWorker(ThreadPoolExecutor.java:1144)
	at java.base/java.util.concurrent.ThreadPoolExecutor$Worker.run(ThreadPoolExecutor.java:642)
	at java.base/java.lang.Thread.run(Thread.java:1583)
INFO  org.evosuite.testcarver.extraction.CarvingManager - com.examples.with.different.packagename.testcarver.NumberConverter.toNumber(NumberConverter.java:380)
INFO  org.evosuite.testcarver.extraction.CarvingManager - com.examples.with.different.packagename.testcarver.NumberConverter.convertToType(NumberConverter.java:231)
INFO  org.evosuite.testcarver.extraction.CarvingManager - com.examples.with.different.packagename.testcarver.AbstractConverter.convert(AbstractConverter.java:146)
INFO  org.evosuite.testcarver.extraction.CarvingManager - java.base/jdk.internal.reflect.DirectMethodHandleAccessor.invoke(DirectMethodHandleAccessor.java:103)
INFO  org.evosuite.testcarver.extraction.CarvingManager - java.base/java.lang.reflect.Method.invoke(Method.java:580)
INFO  org.evosuite.testcarver.extraction.CarvingManager - org.evosuite.testcase.statements.MethodStatement$1.execute(MethodStatement.java:256)
INFO  org.evosuite.testcarver.extraction.CarvingManager - org.evosuite.testcase.statements.AbstractStatement.exceptionHandler(AbstractStatement.java:165)
INFO  org.evosuite.testcarver.extraction.CarvingManager - org.evosuite.testcase.statements.MethodStatement.execute(MethodStatement.java:220)
INFO  org.evosuite.testcarver.extraction.CarvingManager - org.evosuite.testcase.execution.TestRunnable.executeStatements(TestRunnable.java:287)
INFO  org.evosuite.testcarver.extraction.CarvingManager - org.evosuite.testcase.execution.TestRunnable.call(TestRunnable.java:193)
INFO  org.evosuite.testcarver.extraction.CarvingManager - org.evosuite.testcase.execution.TestRunnable.call(TestRunnable.java:49)
INFO  org.evosuite.testcarver.extraction.CarvingManager - java.base/java.util.concurrent.FutureTask.run(FutureTask.java:317)
INFO  org.evosuite.testcarver.extraction.CarvingManager - java.base/java.util.concurrent.ThreadPoolExecutor.runWorker(ThreadPoolExecutor.java:1144)
INFO  org.evosuite.testcarver.extraction.CarvingManager - java.base/java.util.concurrent.ThreadPoolExecutor$Worker.run(ThreadPoolExecutor.java:642)
INFO  org.evosuite.testcarver.extraction.CarvingManager - java.base/java.lang.Thread.run(Thread.java:1583)
INFO  org.evosuite.testcarver.extraction.CarvingManager - IntegerConverter integerConverter0 = new IntegerConverter();
IntegerConverter integerConverter1 = new IntegerConverter();
Class<Object> class0 = Object.class;
int int0 = (-12);
// Undeclared exception!
try {
  integerConverter1.convert(class0, int0);
  fail("Expecting exception: ConversionException");

} catch(ConversionException e) {
   //
   // com.examples.with.different.packagename.testcarver.IntegerConverter cannot handle conversion to 'Object'
   //
   verifyException("com.examples.with.different.packagename.testcarver.NumberConverter", e);
}


INFO  org.evosuite.testcarver.extraction.CarvingManager - Chopping exception of carved test
INFO  org.evosuite.testcarver.extraction.CarvingManager - Exception thrown in carved test testStringToNumberPattern: {}
com.examples.with.different.packagename.testcarver.ConversionException: Error converting from 'String' to 'Integer' using pattern '[#,0,0];(#,0,0)' for locale=[de]
	at com.examples.with.different.packagename.testcarver.NumberConverter.parse(NumberConverter.java:523)
	at com.examples.with.different.packagename.testcarver.NumberConverter.convertToType(NumberConverter.java:259)
	at com.examples.with.different.packagename.testcarver.AbstractConverter.convert(AbstractConverter.java:146)
	at java.base/jdk.internal.reflect.DirectMethodHandleAccessor.invoke(DirectMethodHandleAccessor.java:103)
	at java.base/java.lang.reflect.Method.invoke(Method.java:580)
	at org.evosuite.testcase.statements.MethodStatement$1.execute(MethodStatement.java:256)
	at org.evosuite.testcase.statements.AbstractStatement.exceptionHandler(AbstractStatement.java:165)
	at org.evosuite.testcase.statements.MethodStatement.execute(MethodStatement.java:220)
	at org.evosuite.testcase.execution.TestRunnable.executeStatements(TestRunnable.java:287)
	at org.evosuite.testcase.execution.TestRunnable.call(TestRunnable.java:193)
	at org.evosuite.testcase.execution.TestRunnable.call(TestRunnable.java:49)
	at java.base/java.util.concurrent.FutureTask.run(FutureTask.java:317)
	at java.base/java.util.concurrent.ThreadPoolExecutor.runWorker(ThreadPoolExecutor.java:1144)
	at java.base/java.util.concurrent.ThreadPoolExecutor$Worker.run(ThreadPoolExecutor.java:642)
	at java.base/java.lang.Thread.run(Thread.java:1583)
INFO  org.evosuite.testcarver.extraction.CarvingManager - com.examples.with.different.packagename.testcarver.NumberConverter.parse(NumberConverter.java:523)
INFO  org.evosuite.testcarver.extraction.CarvingManager - com.examples.with.different.packagename.testcarver.NumberConverter.convertToType(NumberConverter.java:259)
INFO  org.evosuite.testcarver.extraction.CarvingManager - com.examples.with.different.packagename.testcarver.AbstractConverter.convert(AbstractConverter.java:146)
INFO  org.evosuite.testcarver.extraction.CarvingManager - java.base/jdk.internal.reflect.DirectMethodHandleAccessor.invoke(DirectMethodHandleAccessor.java:103)
INFO  org.evosuite.testcarver.extraction.CarvingManager - java.base/java.lang.reflect.Method.invoke(Method.java:580)
INFO  org.evosuite.testcarver.extraction.CarvingManager - org.evosuite.testcase.statements.MethodStatement$1.execute(MethodStatement.java:256)
INFO  org.evosuite.testcarver.extraction.CarvingManager - org.evosuite.testcase.statements.AbstractStatement.exceptionHandler(AbstractStatement.java:165)
INFO  org.evosuite.testcarver.extraction.CarvingManager - org.evosuite.testcase.statements.MethodStatement.execute(MethodStatement.java:220)
INFO  org.evosuite.testcarver.extraction.CarvingManager - org.evosuite.testcase.execution.TestRunnable.executeStatements(TestRunnable.java:287)
INFO  org.evosuite.testcarver.extraction.CarvingManager - org.evosuite.testcase.execution.TestRunnable.call(TestRunnable.java:193)
INFO  org.evosuite.testcarver.extraction.CarvingManager - org.evosuite.testcase.execution.TestRunnable.call(TestRunnable.java:49)
INFO  org.evosuite.testcarver.extraction.CarvingManager - java.base/java.util.concurrent.FutureTask.run(FutureTask.java:317)
INFO  org.evosuite.testcarver.extraction.CarvingManager - java.base/java.util.concurrent.ThreadPoolExecutor.runWorker(ThreadPoolExecutor.java:1144)
INFO  org.evosuite.testcarver.extraction.CarvingManager - java.base/java.util.concurrent.ThreadPoolExecutor$Worker.run(ThreadPoolExecutor.java:642)
INFO  org.evosuite.testcarver.extraction.CarvingManager - java.base/java.lang.Thread.run(Thread.java:1583)
INFO  org.evosuite.testcarver.extraction.CarvingManager - IntegerConverter integerConverter0 = new IntegerConverter();
IntegerConverter integerConverter1 = new IntegerConverter();
String string0 = "[0,0];(0,0)";
integerConverter1.setPattern(string0);
Class<int> class0 = Integer.class;
String string1 = "(1,2)";
integerConverter1.convert(class0, string1);
String string2 = "[1,3]";
integerConverter1.convert(class0, string2);
Locale locale0 = Locale.US;
Class<Locale> class1 = Locale.class;
Locale locale1 = Locale.GERMAN;
integerConverter1.setLocale(locale1);
String string3 = "(2.2)";
integerConverter1.convert(class0, string3);
String string4 = "[2.3]";
integerConverter1.convert(class0, string4);
String string5 = "1,2";
// Undeclared exception!
try {
  integerConverter1.convert(class0, string5);
  fail("Expecting exception: ConversionException");

} catch(ConversionException e) {
   //
   // Error converting from 'String' to 'Integer' using pattern '[#,0,0];(#,0,0)' for locale=[de]
   //
   verifyException("com.examples.with.different.packagename.testcarver.NumberConverter", e);
}


INFO  org.evosuite.testcarver.extraction.CarvingManager - Chopping exception of carved test
INFO  org.evosuite.testcarver.extraction.CarvingManager - Adding carved test without exception
INFO  org.evosuite.testcarver.extraction.CarvingManager - IntegerConverter integerConverter0 = new IntegerConverter();
IntegerConverter integerConverter1 = new IntegerConverter();
String string0 = "[0,0.0];(0,0.0)";
integerConverter1.setPattern(string0);
Class<String> class0 = String.class;
int int0 = (-12);
integerConverter1.convert(class0, int0);
int int1 = 13;
integerConverter1.convert(class0, int1);
Locale locale0 = Locale.US;
Class<Locale> class1 = Locale.class;
Locale locale1 = Locale.GERMAN;
integerConverter1.setLocale(locale1);
int int2 = (-22);
integerConverter1.convert(class0, int2);
int int3 = 23;
integerConverter1.convert(class0, int3);

INFO  org.evosuite.testcarver.extraction.CarvingManager - Adding carved test without exception
INFO  org.evosuite.testcarver.extraction.CarvingManager - IntegerConverter integerConverter0 = new IntegerConverter();
IntegerConverter integerConverter1 = new IntegerConverter();
Class<int> class0 = Integer.class;
byte byte0 = (byte)7;
integerConverter1.convert(class0, byte0);
IntegerConverter integerConverter2 = new IntegerConverter();
short short0 = (short)8;
integerConverter2.convert(class0, short0);
IntegerConverter integerConverter3 = new IntegerConverter();
int int0 = 9;
integerConverter3.convert(class0, int0);
IntegerConverter integerConverter4 = new IntegerConverter();
long long0 = 10L;
integerConverter4.convert(class0, long0);
IntegerConverter integerConverter5 = new IntegerConverter();
float float0 = 11.1F;
integerConverter5.convert(class0, float0);
IntegerConverter integerConverter6 = new IntegerConverter();
double double0 = 12.2;
integerConverter6.convert(class0, double0);
IntegerConverter integerConverter7 = new IntegerConverter();
String string0 = "<big-decimal>17.2</big-decimal>";
BigDecimal bigDecimal0 = (BigDecimal)EvoSuiteXStream.fromString(string0);
integerConverter7.convert(class0, bigDecimal0);
IntegerConverter integerConverter8 = new IntegerConverter();
String string1 = "<big-int>33</big-int>";
BigInteger bigInteger0 = (BigInteger)EvoSuiteXStream.fromString(string1);
integerConverter8.convert(class0, bigInteger0);
IntegerConverter integerConverter9 = new IntegerConverter();
int int1 = 3;
int int2 = 2;
int int3 = 1;
Integer[] integerArray0 = new Integer[3];
integerArray0[0] = (Integer) int1;
integerArray0[1] = (Integer) int2;
integerArray0[2] = (Integer) int3;
integerConverter9.convert(class0, integerArray0);

INFO  org.evosuite.testcarver.extraction.CarvingManager - Exception thrown in carved test testInvalidException: {}
com.examples.with.different.packagename.testcarver.ConversionException: No value specified for 'Integer'
	at com.examples.with.different.packagename.testcarver.AbstractConverter.handleMissing(AbstractConverter.java:276)
	at com.examples.with.different.packagename.testcarver.AbstractConverter.convert(AbstractConverter.java:130)
	at java.base/jdk.internal.reflect.DirectMethodHandleAccessor.invoke(DirectMethodHandleAccessor.java:103)
	at java.base/java.lang.reflect.Method.invoke(Method.java:580)
	at org.evosuite.testcase.statements.MethodStatement$1.execute(MethodStatement.java:256)
	at org.evosuite.testcase.statements.AbstractStatement.exceptionHandler(AbstractStatement.java:165)
	at org.evosuite.testcase.statements.MethodStatement.execute(MethodStatement.java:220)
	at org.evosuite.testcase.execution.TestRunnable.executeStatements(TestRunnable.java:287)
	at org.evosuite.testcase.execution.TestRunnable.call(TestRunnable.java:193)
	at org.evosuite.testcase.execution.TestRunnable.call(TestRunnable.java:49)
	at java.base/java.util.concurrent.FutureTask.run(FutureTask.java:317)
	at java.base/java.util.concurrent.ThreadPoolExecutor.runWorker(ThreadPoolExecutor.java:1144)
	at java.base/java.util.concurrent.ThreadPoolExecutor$Worker.run(ThreadPoolExecutor.java:642)
	at java.base/java.lang.Thread.run(Thread.java:1583)
INFO  org.evosuite.testcarver.extraction.CarvingManager - com.examples.with.different.packagename.testcarver.AbstractConverter.handleMissing(AbstractConverter.java:276)
INFO  org.evosuite.testcarver.extraction.CarvingManager - com.examples.with.different.packagename.testcarver.AbstractConverter.convert(AbstractConverter.java:130)
INFO  org.evosuite.testcarver.extraction.CarvingManager - java.base/jdk.internal.reflect.DirectMethodHandleAccessor.invoke(DirectMethodHandleAccessor.java:103)
INFO  org.evosuite.testcarver.extraction.CarvingManager - java.base/java.lang.reflect.Method.invoke(Method.java:580)
INFO  org.evosuite.testcarver.extraction.CarvingManager - org.evosuite.testcase.statements.MethodStatement$1.execute(MethodStatement.java:256)
INFO  org.evosuite.testcarver.extraction.CarvingManager - org.evosuite.testcase.statements.AbstractStatement.exceptionHandler(AbstractStatement.java:165)
INFO  org.evosuite.testcarver.extraction.CarvingManager - org.evosuite.testcase.statements.MethodStatement.execute(MethodStatement.java:220)
INFO  org.evosuite.testcarver.extraction.CarvingManager - org.evosuite.testcase.execution.TestRunnable.executeStatements(TestRunnable.java:287)
INFO  org.evosuite.testcarver.extraction.CarvingManager - org.evosuite.testcase.execution.TestRunnable.call(TestRunnable.java:193)
INFO  org.evosuite.testcarver.extraction.CarvingManager - org.evosuite.testcase.execution.TestRunnable.call(TestRunnable.java:49)
INFO  org.evosuite.testcarver.extraction.CarvingManager - java.base/java.util.concurrent.FutureTask.run(FutureTask.java:317)
INFO  org.evosuite.testcarver.extraction.CarvingManager - java.base/java.util.concurrent.ThreadPoolExecutor.runWorker(ThreadPoolExecutor.java:1144)
INFO  org.evosuite.testcarver.extraction.CarvingManager - java.base/java.util.concurrent.ThreadPoolExecutor$Worker.run(ThreadPoolExecutor.java:642)
INFO  org.evosuite.testcarver.extraction.CarvingManager - java.base/java.lang.Thread.run(Thread.java:1583)
INFO  org.evosuite.testcarver.extraction.CarvingManager - IntegerConverter integerConverter0 = new IntegerConverter();
IntegerConverter integerConverter1 = new IntegerConverter();
Class<int> class0 = Integer.class;
Object object0 = null;
// Undeclared exception!
try {
  integerConverter1.convert(class0, object0);
  fail("Expecting exception: ConversionException");

} catch(ConversionException e) {
   //
   // No value specified for 'Integer'
   //
   verifyException("com.examples.with.different.packagename.testcarver.AbstractConverter", e);
}

String string0 = "XXXX";
integerConverter1.convert(class0, string0);

INFO  org.evosuite.testcarver.extraction.CarvingManager - Chopping exception of carved test
INFO  org.evosuite.testcarver.extraction.CarvingManager - Adding carved test without exception
INFO  org.evosuite.testcarver.extraction.CarvingManager - IntegerConverter integerConverter0 = new IntegerConverter();
int int0 = (-1);
IntegerConverter integerConverter1 = new IntegerConverter(int0);
Class<int> class0 = Integer.class;
String string0 = "5";
String string1 = "4";
String string2 = "3";
String[] stringArray0 = new String[3];
stringArray0[0] = string0;
stringArray0[1] = string1;
stringArray0[2] = string2;
integerConverter1.convert(class0, stringArray0);
String string3 = "FOO";
String string4 = "1";
String string5 = "2";
String[] stringArray1 = new String[3];
stringArray1[0] = string3;
stringArray1[1] = string4;
stringArray1[2] = string5;
integerConverter1.convert(class0, stringArray1);
String[] stringArray2 = new String[3];
String string6 = null;
stringArray2[0] = string6;
stringArray2[1] = string4;
stringArray2[2] = string5;
integerConverter1.convert(class0, stringArray2);
long long0 = 9L;
long long1 = 2L;
long long2 = 6L;
long[] longArray0 = new long[3];
longArray0[0] = long0;
longArray0[1] = long1;
longArray0[2] = long2;
integerConverter1.convert(class0, longArray0);

INFO  org.evosuite.testcarver.extraction.CarvingManager - Adding carved test without exception
INFO  org.evosuite.testcarver.extraction.CarvingManager - IntegerConverter integerConverter0 = new IntegerConverter();
int int0 = (-12);
IntegerConverter integerConverter1 = new IntegerConverter(int0);
Class<int> class0 = Integer.class;
Object object0 = null;
integerConverter1.convert(class0, object0);
String string0 = "XXXX";
integerConverter1.convert(class0, string0);

INFO  org.evosuite.testcarver.extraction.CarvingManager - Exception thrown in carved test testCalendarToNumber: {}
com.examples.with.different.packagename.testcarver.ConversionException: Error converting from 'GregorianCalendar' to 'Integer' For input string: "java.util.GregorianCalendar[time=1770296881288,areFieldsSet=true,areAllFieldsSet=true,lenient=true,zone=sun.util.calendar.ZoneInfo[id="Etc/UTC",offset=0,dstSavings=0,useDaylight=false,transitions=0,lastRule=null],firstDayOfWeek=1,minimalDaysInFirstWeek=1,ERA=1,YEAR=2026,MONTH=1,WEEK_OF_YEAR=6,WEEK_OF_MONTH=1,DAY_OF_MONTH=5,DAY_OF_YEAR=36,DAY_OF_WEEK=5,DAY_OF_WEEK_IN_MONTH=1,AM_PM=1,HOUR=1,HOUR_OF_DAY=13,MINUTE=8,SECOND=1,MILLISECOND=288,ZONE_OFFSET=0,DST_OFFSET=0]"
	at com.examples.with.different.packagename.testcarver.AbstractConverter.handleError(AbstractConverter.java:241)
	at com.examples.with.different.packagename.testcarver.AbstractConverter.convert(AbstractConverter.java:150)
	at java.base/jdk.internal.reflect.DirectMethodHandleAccessor.invoke(DirectMethodHandleAccessor.java:103)
	at java.base/java.lang.reflect.Method.invoke(Method.java:580)
	at org.evosuite.testcase.statements.MethodStatement$1.execute(MethodStatement.java:256)
	at org.evosuite.testcase.statements.AbstractStatement.exceptionHandler(AbstractStatement.java:165)
	at org.evosuite.testcase.statements.MethodStatement.execute(MethodStatement.java:220)
	at org.evosuite.testcase.execution.TestRunnable.executeStatements(TestRunnable.java:287)
	at org.evosuite.testcase.execution.TestRunnable.call(TestRunnable.java:193)
	at org.evosuite.testcase.execution.TestRunnable.call(TestRunnable.java:49)
	at java.base/java.util.concurrent.FutureTask.run(FutureTask.java:317)
	at java.base/java.util.concurrent.ThreadPoolExecutor.runWorker(ThreadPoolExecutor.java:1144)
	at java.base/java.util.concurrent.ThreadPoolExecutor$Worker.run(ThreadPoolExecutor.java:642)
	at java.base/java.lang.Thread.run(Thread.java:1583)
Caused by: java.lang.NumberFormatException: For input string: "java.util.GregorianCalendar[time=1770296881288,areFieldsSet=true,areAllFieldsSet=true,lenient=true,zone=sun.util.calendar.ZoneInfo[id="Etc/UTC",offset=0,dstSavings=0,useDaylight=false,transitions=0,lastRule=null],firstDayOfWeek=1,minimalDaysInFirstWeek=1,ERA=1,YEAR=2026,MONTH=1,WEEK_OF_YEAR=6,WEEK_OF_MONTH=1,DAY_OF_MONTH=5,DAY_OF_YEAR=36,DAY_OF_WEEK=5,DAY_OF_WEEK_IN_MONTH=1,AM_PM=1,HOUR=1,HOUR_OF_DAY=13,MINUTE=8,SECOND=1,MILLISECOND=288,ZONE_OFFSET=0,DST_OFFSET=0]"
	at java.base/java.lang.NumberFormatException.forInputString(NumberFormatException.java:67)
	at java.base/java.lang.Integer.parseInt(Integer.java:662)
	at java.base/java.lang.Integer.<init>(Integer.java:1129)
	at com.examples.with.different.packagename.testcarver.NumberConverter.toNumber(NumberConverter.java:418)
	at com.examples.with.different.packagename.testcarver.NumberConverter.convertToType(NumberConverter.java:261)
	at com.examples.with.different.packagename.testcarver.AbstractConverter.convert(AbstractConverter.java:146)
	... 12 common frames omitted
INFO  org.evosuite.testcarver.extraction.CarvingManager - com.examples.with.different.packagename.testcarver.AbstractConverter.handleError(AbstractConverter.java:241)
INFO  org.evosuite.testcarver.extraction.CarvingManager - com.examples.with.different.packagename.testcarver.AbstractConverter.convert(AbstractConverter.java:150)
INFO  org.evosuite.testcarver.extraction.CarvingManager - java.base/jdk.internal.reflect.DirectMethodHandleAccessor.invoke(DirectMethodHandleAccessor.java:103)
INFO  org.evosuite.testcarver.extraction.CarvingManager - java.base/java.lang.reflect.Method.invoke(Method.java:580)
INFO  org.evosuite.testcarver.extraction.CarvingManager - org.evosuite.testcase.statements.MethodStatement$1.execute(MethodStatement.java:256)
INFO  org.evosuite.testcarver.extraction.CarvingManager - org.evosuite.testcase.statements.AbstractStatement.exceptionHandler(AbstractStatement.java:165)
INFO  org.evosuite.testcarver.extraction.CarvingManager - org.evosuite.testcase.statements.MethodStatement.execute(MethodStatement.java:220)
INFO  org.evosuite.testcarver.extraction.CarvingManager - org.evosuite.testcase.execution.TestRunnable.executeStatements(TestRunnable.java:287)
INFO  org.evosuite.testcarver.extraction.CarvingManager - org.evosuite.testcase.execution.TestRunnable.call(TestRunnable.java:193)
INFO  org.evosuite.testcarver.extraction.CarvingManager - org.evosuite.testcase.execution.TestRunnable.call(TestRunnable.java:49)
INFO  org.evosuite.testcarver.extraction.CarvingManager - java.base/java.util.concurrent.FutureTask.run(FutureTask.java:317)
INFO  org.evosuite.testcarver.extraction.CarvingManager - java.base/java.util.concurrent.ThreadPoolExecutor.runWorker(ThreadPoolExecutor.java:1144)
INFO  org.evosuite.testcarver.extraction.CarvingManager - java.base/java.util.concurrent.ThreadPoolExecutor$Worker.run(ThreadPoolExecutor.java:642)
INFO  org.evosuite.testcarver.extraction.CarvingManager - java.base/java.lang.Thread.run(Thread.java:1583)
INFO  org.evosuite.testcarver.extraction.CarvingManager - IntegerConverter integerConverter0 = new IntegerConverter();
IntegerConverter integerConverter1 = new IntegerConverter();
Class<long> class0 = Long.class;
GregorianCalendar gregorianCalendar0 = (GregorianCalendar)Calendar.getInstance();
gregorianCalendar0.getTime();
integerConverter1.convert(class0, gregorianCalendar0);
Class<int> class1 = Integer.class;
// Undeclared exception!
try {
  integerConverter1.convert(class1, gregorianCalendar0);
  fail("Expecting exception: ConversionException");

} catch(ConversionException e) {
   //
   // Error converting from 'GregorianCalendar' to 'Integer' For input string: \"java.util.GregorianCalendar[time=1770296881288,areFieldsSet=true,areAllFieldsSet=true,lenient=true,zone=sun.util.calendar.ZoneInfo[id=\"Etc/UTC\",offset=0,dstSavings=0,useDaylight=false,transitions=0,lastRule=null],firstDayOfWeek=1,minimalDaysInFirstWeek=1,ERA=1,YEAR=2026,MONTH=1,WEEK_OF_YEAR=6,WEEK_OF_MONTH=1,DAY_OF_MONTH=5,DAY_OF_YEAR=36,DAY_OF_WEEK=5,DAY_OF_WEEK_IN_MONTH=1,AM_PM=1,HOUR=1,HOUR_OF_DAY=13,MINUTE=8,SECOND=1,MILLISECOND=288,ZONE_OFFSET=0,DST_OFFSET=0]\"
   //
   verifyException("com.examples.with.different.packagename.testcarver.AbstractConverter", e);
}


INFO  org.evosuite.testcarver.extraction.CarvingManager - Chopping exception of carved test
INFO  org.evosuite.testcarver.extraction.CarvingManager - Adding carved test without exception
INFO  org.evosuite.testcarver.extraction.CarvingManager - IntegerConverter integerConverter0 = new IntegerConverter();
IntegerConverter integerConverter1 = new IntegerConverter();
Class<int> class0 = Integer.class;
boolean boolean0 = false;
integerConverter1.convert(class0, boolean0);
boolean boolean1 = true;
integerConverter1.convert(class0, boolean1);

INFO  org.evosuite.testcarver.extraction.CarvingManager - Adding carved test without exception
INFO  org.evosuite.testcarver.extraction.CarvingManager - IntegerConverter integerConverter0 = new IntegerConverter();
IntegerConverter integerConverter1 = new IntegerConverter();
boolean boolean0 = true;
integerConverter1.setUseLocaleFormat(boolean0);
Class<String> class0 = String.class;
int int0 = (-12);
integerConverter1.convert(class0, int0);
int int1 = 13;
integerConverter1.convert(class0, int1);
Locale locale0 = Locale.US;
Class<Locale> class1 = Locale.class;
Locale locale1 = Locale.GERMAN;
integerConverter1.setLocale(locale1);
int int2 = (-22);
integerConverter1.convert(class0, int2);
int int3 = 23;
integerConverter1.convert(class0, int3);

INFO  org.evosuite.testcarver.extraction.CarvingManager - Exception thrown in carved test testStringToNumberDefault: {}
com.examples.with.different.packagename.testcarver.ConversionException: Error converting from 'String' to 'Integer' For input string: "12x"
	at com.examples.with.different.packagename.testcarver.AbstractConverter.handleError(AbstractConverter.java:241)
	at com.examples.with.different.packagename.testcarver.AbstractConverter.convert(AbstractConverter.java:150)
	at java.base/jdk.internal.reflect.DirectMethodHandleAccessor.invoke(DirectMethodHandleAccessor.java:103)
	at java.base/java.lang.reflect.Method.invoke(Method.java:580)
	at org.evosuite.testcase.statements.MethodStatement$1.execute(MethodStatement.java:256)
	at org.evosuite.testcase.statements.AbstractStatement.exceptionHandler(AbstractStatement.java:165)
	at org.evosuite.testcase.statements.MethodStatement.execute(MethodStatement.java:220)
	at org.evosuite.testcase.execution.TestRunnable.executeStatements(TestRunnable.java:287)
	at org.evosuite.testcase.execution.TestRunnable.call(TestRunnable.java:193)
	at org.evosuite.testcase.execution.TestRunnable.call(TestRunnable.java:49)
	at java.base/java.util.concurrent.FutureTask.run(FutureTask.java:317)
	at java.base/java.util.concurrent.ThreadPoolExecutor.runWorker(ThreadPoolExecutor.java:1144)
	at java.base/java.util.concurrent.ThreadPoolExecutor$Worker.run(ThreadPoolExecutor.java:642)
	at java.base/java.lang.Thread.run(Thread.java:1583)
Caused by: java.lang.NumberFormatException: For input string: "12x"
	at java.base/java.lang.NumberFormatException.forInputString(NumberFormatException.java:67)
	at java.base/java.lang.Integer.parseInt(Integer.java:662)
	at java.base/java.lang.Integer.<init>(Integer.java:1129)
	at com.examples.with.different.packagename.testcarver.NumberConverter.toNumber(NumberConverter.java:418)
	at com.examples.with.different.packagename.testcarver.NumberConverter.convertToType(NumberConverter.java:261)
	at com.examples.with.different.packagename.testcarver.AbstractConverter.convert(AbstractConverter.java:146)
	... 12 common frames omitted
INFO  org.evosuite.testcarver.extraction.CarvingManager - com.examples.with.different.packagename.testcarver.AbstractConverter.handleError(AbstractConverter.java:241)
INFO  org.evosuite.testcarver.extraction.CarvingManager - com.examples.with.different.packagename.testcarver.AbstractConverter.convert(AbstractConverter.java:150)
INFO  org.evosuite.testcarver.extraction.CarvingManager - java.base/jdk.internal.reflect.DirectMethodHandleAccessor.invoke(DirectMethodHandleAccessor.java:103)
INFO  org.evosuite.testcarver.extraction.CarvingManager - java.base/java.lang.reflect.Method.invoke(Method.java:580)
INFO  org.evosuite.testcarver.extraction.CarvingManager - org.evosuite.testcase.statements.MethodStatement$1.execute(MethodStatement.java:256)
INFO  org.evosuite.testcarver.extraction.CarvingManager - org.evosuite.testcase.statements.AbstractStatement.exceptionHandler(AbstractStatement.java:165)
INFO  org.evosuite.testcarver.extraction.CarvingManager - org.evosuite.testcase.statements.MethodStatement.execute(MethodStatement.java:220)
INFO  org.evosuite.testcarver.extraction.CarvingManager - org.evosuite.testcase.execution.TestRunnable.executeStatements(TestRunnable.java:287)
INFO  org.evosuite.testcarver.extraction.CarvingManager - org.evosuite.testcase.execution.TestRunnable.call(TestRunnable.java:193)
INFO  org.evosuite.testcarver.extraction.CarvingManager - org.evosuite.testcase.execution.TestRunnable.call(TestRunnable.java:49)
INFO  org.evosuite.testcarver.extraction.CarvingManager - java.base/java.util.concurrent.FutureTask.run(FutureTask.java:317)
INFO  org.evosuite.testcarver.extraction.CarvingManager - java.base/java.util.concurrent.ThreadPoolExecutor.runWorker(ThreadPoolExecutor.java:1144)
INFO  org.evosuite.testcarver.extraction.CarvingManager - java.base/java.util.concurrent.ThreadPoolExecutor$Worker.run(ThreadPoolExecutor.java:642)
INFO  org.evosuite.testcarver.extraction.CarvingManager - java.base/java.lang.Thread.run(Thread.java:1583)
INFO  org.evosuite.testcarver.extraction.CarvingManager - IntegerConverter integerConverter0 = new IntegerConverter();
IntegerConverter integerConverter1 = new IntegerConverter();
boolean boolean0 = false;
integerConverter1.setUseLocaleFormat(boolean0);
Class<int> class0 = Integer.class;
String string0 = "-12";
integerConverter1.convert(class0, string0);
String string1 = "12x";
// Undeclared exception!
try {
  integerConverter1.convert(class0, string1);
  fail("Expecting exception: ConversionException");

} catch(ConversionException e) {
   //
   // Error converting from 'String' to 'Integer' For input string: \"12x\"
   //
   verifyException("com.examples.with.different.packagename.testcarver.AbstractConverter", e);
}


INFO  org.evosuite.testcarver.extraction.CarvingManager - Chopping exception of carved test
INFO  org.evosuite.testcarver.extraction.CarvingManager - Exception thrown in carved test testStringToNumberLocale: {}
com.examples.with.different.packagename.testcarver.ConversionException: Error converting from 'String' to 'Integer' using pattern '#,##0.###'
	at com.examples.with.different.packagename.testcarver.NumberConverter.parse(NumberConverter.java:523)
	at com.examples.with.different.packagename.testcarver.NumberConverter.convertToType(NumberConverter.java:259)
	at com.examples.with.different.packagename.testcarver.AbstractConverter.convert(AbstractConverter.java:146)
	at java.base/jdk.internal.reflect.DirectMethodHandleAccessor.invoke(DirectMethodHandleAccessor.java:103)
	at java.base/java.lang.reflect.Method.invoke(Method.java:580)
	at org.evosuite.testcase.statements.MethodStatement$1.execute(MethodStatement.java:256)
	at org.evosuite.testcase.statements.AbstractStatement.exceptionHandler(AbstractStatement.java:165)
	at org.evosuite.testcase.statements.MethodStatement.execute(MethodStatement.java:220)
	at org.evosuite.testcase.execution.TestRunnable.executeStatements(TestRunnable.java:287)
	at org.evosuite.testcase.execution.TestRunnable.call(TestRunnable.java:193)
	at org.evosuite.testcase.execution.TestRunnable.call(TestRunnable.java:49)
	at java.base/java.util.concurrent.FutureTask.run(FutureTask.java:317)
	at java.base/java.util.concurrent.ThreadPoolExecutor.runWorker(ThreadPoolExecutor.java:1144)
	at java.base/java.util.concurrent.ThreadPoolExecutor$Worker.run(ThreadPoolExecutor.java:642)
	at java.base/java.lang.Thread.run(Thread.java:1583)
INFO  org.evosuite.testcarver.extraction.CarvingManager - com.examples.with.different.packagename.testcarver.NumberConverter.parse(NumberConverter.java:523)
INFO  org.evosuite.testcarver.extraction.CarvingManager - com.examples.with.different.packagename.testcarver.NumberConverter.convertToType(NumberConverter.java:259)
INFO  org.evosuite.testcarver.extraction.CarvingManager - com.examples.with.different.packagename.testcarver.AbstractConverter.convert(AbstractConverter.java:146)
INFO  org.evosuite.testcarver.extraction.CarvingManager - java.base/jdk.internal.reflect.DirectMethodHandleAccessor.invoke(DirectMethodHandleAccessor.java:103)
INFO  org.evosuite.testcarver.extraction.CarvingManager - java.base/java.lang.reflect.Method.invoke(Method.java:580)
INFO  org.evosuite.testcarver.extraction.CarvingManager - org.evosuite.testcase.statements.MethodStatement$1.execute(MethodStatement.java:256)
INFO  org.evosuite.testcarver.extraction.CarvingManager - org.evosuite.testcase.statements.AbstractStatement.exceptionHandler(AbstractStatement.java:165)
INFO  org.evosuite.testcarver.extraction.CarvingManager - org.evosuite.testcase.statements.MethodStatement.execute(MethodStatement.java:220)
INFO  org.evosuite.testcarver.extraction.CarvingManager - org.evosuite.testcase.execution.TestRunnable.executeStatements(TestRunnable.java:287)
INFO  org.evosuite.testcarver.extraction.CarvingManager - org.evosuite.testcase.execution.TestRunnable.call(TestRunnable.java:193)
INFO  org.evosuite.testcarver.extraction.CarvingManager - org.evosuite.testcase.execution.TestRunnable.call(TestRunnable.java:49)
INFO  org.evosuite.testcarver.extraction.CarvingManager - java.base/java.util.concurrent.FutureTask.run(FutureTask.java:317)
INFO  org.evosuite.testcarver.extraction.CarvingManager - java.base/java.util.concurrent.ThreadPoolExecutor.runWorker(ThreadPoolExecutor.java:1144)
INFO  org.evosuite.testcarver.extraction.CarvingManager - java.base/java.util.concurrent.ThreadPoolExecutor$Worker.run(ThreadPoolExecutor.java:642)
INFO  org.evosuite.testcarver.extraction.CarvingManager - java.base/java.lang.Thread.run(Thread.java:1583)
INFO  org.evosuite.testcarver.extraction.CarvingManager - IntegerConverter integerConverter0 = new IntegerConverter();
IntegerConverter integerConverter1 = new IntegerConverter();
boolean boolean0 = true;
integerConverter1.setUseLocaleFormat(boolean0);
Class<int> class0 = Integer.class;
String string0 = "-0,012";
integerConverter1.convert(class0, string0);
String string1 = "0,013";
integerConverter1.convert(class0, string1);
String string2 = "0,02x";
// Undeclared exception!
try {
  integerConverter1.convert(class0, string2);
  fail("Expecting exception: ConversionException");

} catch(ConversionException e) {
   //
   // Error converting from 'String' to 'Integer' using pattern '#,##0.###'
   //
   verifyException("com.examples.with.different.packagename.testcarver.NumberConverter", e);
}

Locale locale0 = Locale.US;
Class<Locale> class1 = Locale.class;
Locale locale1 = Locale.GERMAN;
integerConverter1.setLocale(locale1);
String string3 = "-0.022";
integerConverter1.convert(class0, string3);
String string4 = "0.023";
integerConverter1.convert(class0, string4);
String string5 = "0.02x";
integerConverter1.convert(class0, string5);

INFO  org.evosuite.testcarver.extraction.CarvingManager - Chopping exception of carved test
INFO  org.evosuite.testcarver.extraction.CarvingManager - Adding carved test without exception
INFO  org.evosuite.testcarver.extraction.CarvingManager - IntegerConverter integerConverter0 = new IntegerConverter();
IntegerConverter integerConverter1 = new IntegerConverter();
Class<String> class0 = String.class;
int int0 = (-12);
integerConverter1.convert(class0, int0);
int int1 = 13;
integerConverter1.convert(class0, int1);

INFO  org.evosuite.testcarver.extraction.CarvingManager - Adding carved test without exception
INFO  org.evosuite.testcarver.extraction.CarvingManager - IntegerConverter integerConverter0 = new IntegerConverter();
IntegerConverter integerConverter1 = new IntegerConverter();
Class<String> class0 = String.class;
String string0 = "<string-buffer>ABC</string-buffer>";
StringBuffer stringBuffer0 = (StringBuffer)EvoSuiteXStream.fromString(string0);
integerConverter1.convert(class0, stringBuffer0);

INFO  org.evosuite.testcarver.extraction.CarvingManager - Exception thrown in carved test testDateToNumber: {}
com.examples.with.different.packagename.testcarver.ConversionException: Error converting from 'Date' to 'Integer' For input string: "Thu Feb 05 13:08:01 UTC 2026"
	at com.examples.with.different.packagename.testcarver.AbstractConverter.handleError(AbstractConverter.java:241)
	at com.examples.with.different.packagename.testcarver.AbstractConverter.convert(AbstractConverter.java:150)
	at java.base/jdk.internal.reflect.DirectMethodHandleAccessor.invoke(DirectMethodHandleAccessor.java:103)
	at java.base/java.lang.reflect.Method.invoke(Method.java:580)
	at org.evosuite.testcase.statements.MethodStatement$1.execute(MethodStatement.java:256)
	at org.evosuite.testcase.statements.AbstractStatement.exceptionHandler(AbstractStatement.java:165)
	at org.evosuite.testcase.statements.MethodStatement.execute(MethodStatement.java:220)
	at org.evosuite.testcase.execution.TestRunnable.executeStatements(TestRunnable.java:287)
	at org.evosuite.testcase.execution.TestRunnable.call(TestRunnable.java:193)
	at org.evosuite.testcase.execution.TestRunnable.call(TestRunnable.java:49)
	at java.base/java.util.concurrent.FutureTask.run(FutureTask.java:317)
	at java.base/java.util.concurrent.ThreadPoolExecutor.runWorker(ThreadPoolExecutor.java:1144)
	at java.base/java.util.concurrent.ThreadPoolExecutor$Worker.run(ThreadPoolExecutor.java:642)
	at java.base/java.lang.Thread.run(Thread.java:1583)
Caused by: java.lang.NumberFormatException: For input string: "Thu Feb 05 13:08:01 UTC 2026"
	at java.base/java.lang.NumberFormatException.forInputString(NumberFormatException.java:67)
	at java.base/java.lang.Integer.parseInt(Integer.java:662)
	at java.base/java.lang.Integer.<init>(Integer.java:1129)
	at com.examples.with.different.packagename.testcarver.NumberConverter.toNumber(NumberConverter.java:418)
	at com.examples.with.different.packagename.testcarver.NumberConverter.convertToType(NumberConverter.java:261)
	at com.examples.with.different.packagename.testcarver.AbstractConverter.convert(AbstractConverter.java:146)
	... 12 common frames omitted
INFO  org.evosuite.testcarver.extraction.CarvingManager - com.examples.with.different.packagename.testcarver.AbstractConverter.handleError(AbstractConverter.java:241)
INFO  org.evosuite.testcarver.extraction.CarvingManager - com.examples.with.different.packagename.testcarver.AbstractConverter.convert(AbstractConverter.java:150)
INFO  org.evosuite.testcarver.extraction.CarvingManager - java.base/jdk.internal.reflect.DirectMethodHandleAccessor.invoke(DirectMethodHandleAccessor.java:103)
INFO  org.evosuite.testcarver.extraction.CarvingManager - java.base/java.lang.reflect.Method.invoke(Method.java:580)
INFO  org.evosuite.testcarver.extraction.CarvingManager - org.evosuite.testcase.statements.MethodStatement$1.execute(MethodStatement.java:256)
INFO  org.evosuite.testcarver.extraction.CarvingManager - org.evosuite.testcase.statements.AbstractStatement.exceptionHandler(AbstractStatement.java:165)
INFO  org.evosuite.testcarver.extraction.CarvingManager - org.evosuite.testcase.statements.MethodStatement.execute(MethodStatement.java:220)
INFO  org.evosuite.testcarver.extraction.CarvingManager - org.evosuite.testcase.execution.TestRunnable.executeStatements(TestRunnable.java:287)
INFO  org.evosuite.testcarver.extraction.CarvingManager - org.evosuite.testcase.execution.TestRunnable.call(TestRunnable.java:193)
INFO  org.evosuite.testcarver.extraction.CarvingManager - org.evosuite.testcase.execution.TestRunnable.call(TestRunnable.java:49)
INFO  org.evosuite.testcarver.extraction.CarvingManager - java.base/java.util.concurrent.FutureTask.run(FutureTask.java:317)
INFO  org.evosuite.testcarver.extraction.CarvingManager - java.base/java.util.concurrent.ThreadPoolExecutor.runWorker(ThreadPoolExecutor.java:1144)
INFO  org.evosuite.testcarver.extraction.CarvingManager - java.base/java.util.concurrent.ThreadPoolExecutor$Worker.run(ThreadPoolExecutor.java:642)
INFO  org.evosuite.testcarver.extraction.CarvingManager - java.base/java.lang.Thread.run(Thread.java:1583)
INFO  org.evosuite.testcarver.extraction.CarvingManager - IntegerConverter integerConverter0 = new IntegerConverter();
IntegerConverter integerConverter1 = new IntegerConverter();
Class<long> class0 = Long.class;
Date date0 = new Date();
date0.getTime();
integerConverter1.convert(class0, date0);
Class<int> class1 = Integer.class;
// Undeclared exception!
try {
  integerConverter1.convert(class1, date0);
  fail("Expecting exception: ConversionException");

} catch(ConversionException e) {
   //
   // Error converting from 'Date' to 'Integer' For input string: \"Thu Feb 05 13:08:01 UTC 2026\"
   //
   verifyException("com.examples.with.different.packagename.testcarver.AbstractConverter", e);
}


INFO  org.evosuite.testcarver.extraction.CarvingManager - Chopping exception of carved test
INFO  evo_logger -  -> Carved 18 tests for class class com.examples.with.different.packagename.testcarver.IntegerConverter from existing JUnit tests
INFO  evo_logger - * Using 18 carved tests from existing JUnit tests for seeding
INFO  org.evosuite.coverage.branch.BranchCoverageSuiteFitness - Total branch coverage goals: 3
INFO  org.evosuite.coverage.branch.BranchCoverageSuiteFitness - Total branches: 0
INFO  org.evosuite.coverage.branch.BranchCoverageSuiteFitness - Total branchless methods: 3
INFO  org.evosuite.coverage.branch.BranchCoverageSuiteFitness - Total methods: 3: [com.examples.with.different.packagename.testcarver.IntegerConverter.getDefaultType()Ljava/lang/Class;, com.examples.with.different.packagename.testcarver.IntegerConverter.<init>(Ljava/lang/Object;)V, com.examples.with.different.packagename.testcarver.IntegerConverter.<init>()V]
INFO  org.evosuite.coverage.branch.BranchCoverageSuiteFitness - (Methods) Best individual covers 0/0 branches and 3/3 methods
INFO  org.evosuite.coverage.branch.BranchCoverageSuiteFitness - Fitness: 0.0, size: 18, length: 244
INFO  org.evosuite.coverage.branch.BranchCoverageSuiteFitness - (Fitness) Best individual covers 0/0 branches and 3/3 methods
INFO  org.evosuite.coverage.branch.BranchCoverageSuiteFitness - Fitness: 0.0, size: 18, length: 244
INFO  org.evosuite.TestGenerationContext - *** Resetting context
INFO  org.evosuite.testcase.execution.TestCaseExecutor - TestCaseExecutor instance is non-null, but its actual executor is null
INFO  org.evosuite.TestGenerationContext - *** Resetting context
INFO  org.evosuite.testcase.execution.TestCaseExecutor - TestCaseExecutor instance is non-null, but its actual executor is null
INFO  org.evosuite.instrumentation.InstrumentingClassLoader - Seeing class for first time: com.examples.with.different.packagename.testcarver.GenericObjectWrapper
INFO  org.evosuite.instrumentation.BytecodeInstrumentation - Starting transformation of com/examples/with/different/packagename/testcarver/GenericObjectWrapper
INFO  org.evosuite.instrumentation.testability.StringTransformation - Current method: <init>
INFO  org.evosuite.instrumentation.testability.StringTransformation - Current method: set
INFO  org.evosuite.instrumentation.testability.StringTransformation - Current method: get
INFO  org.evosuite.runtime.instrumentation.MethodCallReplacementClassAdapter - Adding mock interface to class com/examples/with/different/packagename/testcarver/GenericObjectWrapper
INFO  org.evosuite.graphs.cfg.CFGClassAdapter - Analyzing CFG of com/examples/with/different/packagename/testcarver/GenericObjectWrapper
INFO  org.evosuite.graphs.cfg.CFGMethodAdapter - Analyzing method <init>()V in class com.examples.with.different.packagename.testcarver.GenericObjectWrapper
INFO  org.evosuite.graphs.cfg.CFGMethodAdapter - Generating CFG for method <init>()V
INFO  org.evosuite.graphs.cfg.RawControlFlowGraph - Creating new RawCFG for com.examples.with.different.packagename.testcarver.GenericObjectWrapper.<init>()V: 0
INFO  org.evosuite.graphs.cfg.CFGMethodAdapter - Created CFG for method <init>()V
INFO  org.evosuite.graphs.cfg.CFGMethodAdapter - Instrumenting method <init>()V in class com.examples.with.different.packagename.testcarver.GenericObjectWrapper
INFO  org.evosuite.graphs.cfg.CFGClassAdapter - Analyzing CFG of com/examples/with/different/packagename/testcarver/GenericObjectWrapper
INFO  org.evosuite.graphs.cfg.CFGMethodAdapter - Analyzing method set(Ljava/lang/Object;)V in class com.examples.with.different.packagename.testcarver.GenericObjectWrapper
INFO  org.evosuite.graphs.cfg.CFGMethodAdapter - Generating CFG for method set(Ljava/lang/Object;)V
INFO  org.evosuite.graphs.cfg.RawControlFlowGraph - Creating new RawCFG for com.examples.with.different.packagename.testcarver.GenericObjectWrapper.set(Ljava/lang/Object;)V: 0
INFO  org.evosuite.graphs.cfg.CFGMethodAdapter - Created CFG for method set(Ljava/lang/Object;)V
INFO  org.evosuite.graphs.cfg.CFGMethodAdapter - Instrumenting method set(Ljava/lang/Object;)V in class com.examples.with.different.packagename.testcarver.GenericObjectWrapper
INFO  org.evosuite.graphs.cfg.CFGClassAdapter - Analyzing CFG of com/examples/with/different/packagename/testcarver/GenericObjectWrapper
INFO  org.evosuite.graphs.cfg.CFGMethodAdapter - Analyzing method get()Ljava/lang/Object; in class com.examples.with.different.packagename.testcarver.GenericObjectWrapper
INFO  org.evosuite.graphs.cfg.CFGMethodAdapter - Generating CFG for method get()Ljava/lang/Object;
INFO  org.evosuite.graphs.cfg.RawControlFlowGraph - Creating new RawCFG for com.examples.with.different.packagename.testcarver.GenericObjectWrapper.get()Ljava/lang/Object;: 0
INFO  org.evosuite.graphs.cfg.CFGMethodAdapter - Created CFG for method get()Ljava/lang/Object;
INFO  org.evosuite.graphs.cfg.CFGMethodAdapter - Instrumenting method get()Ljava/lang/Object; in class com.examples.with.different.packagename.testcarver.GenericObjectWrapper
INFO  org.evosuite.runtime.instrumentation.CreateClassResetClassAdapter - Creating brand-new static initializer in class com/examples/with/different/packagename/testcarver/GenericObjectWrapper
INFO  org.evosuite.instrumentation.InstrumentingClassLoader - Loaded class: com.examples.with.different.packagename.testcarver.GenericObjectWrapper
INFO  evo_logger - * Executing tests from 1 test class for carving
INFO  org.evosuite.testcarver.extraction.CarvingClassLoader - Seeing class for first time: com.examples.with.different.packagename.testcarver.GenericObjectWrapper
WARN  org.evosuite.testcarver.extraction.CarvingClassLoader - Instrumenting class 'com.examples.with.different.packagename.testcarver.GenericObjectWrapper'.
INFO  org.evosuite.testcarver.instrument.Instrumenter - Checking package com.examples.with.different.packagename.testcarver for class com/examples/with/different/packagename/testcarver/GenericObjectWrapper
// class version 52.0 (52)
// access flags 0x21
// signature <T:Ljava/lang/Object;>Ljava/lang/Object;
// declaration: com/examples/with/different/packagename/testcarver/GenericObjectWrapper<T>
public class com/examples/with/different/packagename/testcarver/GenericObjectWrapper {

  // compiled from: GenericObjectWrapper.java

  // access flags 0x2
  // signature TT;
  // declaration: obj extends T
  private Ljava/lang/Object; obj

  // access flags 0x2
  private _sw_prototype_original_init_sw_prototype_original_()V
    ALOAD 0
    INVOKESTATIC org/evosuite/testcarver/capture/FieldRegistry.register (Ljava/lang/Object;)V
    RETURN
   L0
    LOCALVARIABLE this Lcom/examples/with/different/packagename/testcarver/GenericObjectWrapper; L1 L0 0
    // signature Lcom/examples/with/different/packagename/testcarver/GenericObjectWrapper<TT;>;
    // declaration: this extends com.examples.with.different.packagename.testcarver.GenericObjectWrapper<T>
    MAXSTACK = 5
    MAXLOCALS = 1

  // access flags 0x2
  // signature (TT;)V
  // declaration: void _sw_prototype_original_set(T)
  private _sw_prototype_original_set(Ljava/lang/Object;)V
   L0
    LINENUMBER 31 L0
    ALOAD 0
    ALOAD 1
    DUP2
    PUTFIELD com/examples/with/different/packagename/testcarver/GenericObjectWrapper.obj : Ljava/lang/Object;
    POP
    LDC -2147483643
    LDC "com/examples/with/different/packagename/testcarver/GenericObjectWrapper"
    LDC "obj"
    LDC "Ljava/lang/Object;"
    INVOKESTATIC org/evosuite/testcarver/capture/FieldRegistry.notifyModification (Ljava/lang/Object;ILjava/lang/String;Ljava/lang/String;Ljava/lang/String;)V
   L1
    LINENUMBER 32 L1
    RETURN
   L2
    LOCALVARIABLE this Lcom/examples/with/different/packagename/testcarver/GenericObjectWrapper; L0 L2 0
    // signature Lcom/examples/with/different/packagename/testcarver/GenericObjectWrapper<TT;>;
    // declaration: this extends com.examples.with.different.packagename.testcarver.GenericObjectWrapper<T>
    LOCALVARIABLE obj Ljava/lang/Object; L0 L2 1
    // signature TT;
    // declaration: obj extends T
    MAXSTACK = 6
    MAXLOCALS = 2

  // access flags 0x2
  // signature ()TT;
  // declaration: T _sw_prototype_original_get()
  private _sw_prototype_original_get()Ljava/lang/Object;
   L0
    LINENUMBER 35 L0
    ALOAD 0
    DUP
    GETFIELD com/examples/with/different/packagename/testcarver/GenericObjectWrapper.obj : Ljava/lang/Object;
    SWAP
    LDC -2147483640
    LDC "com/examples/with/different/packagename/testcarver/GenericObjectWrapper"
    LDC "obj"
    LDC "Ljava/lang/Object;"
    INVOKESTATIC org/evosuite/testcarver/capture/FieldRegistry.notifyReadAccess (Ljava/lang/Object;ILjava/lang/String;Ljava/lang/String;Ljava/lang/String;)V
    ARETURN
   L1
    LOCALVARIABLE this Lcom/examples/with/different/packagename/testcarver/GenericObjectWrapper; L0 L1 0
    // signature Lcom/examples/with/different/packagename/testcarver/GenericObjectWrapper<TT;>;
    // declaration: this extends com.examples.with.different.packagename.testcarver.GenericObjectWrapper<T>
    MAXSTACK = 5
    MAXLOCALS = 1

  // access flags 0x1
  public <init>()V
    TRYCATCHBLOCK L0 L1 L1 java/lang/Throwable
   L2
    LINENUMBER 26 L2
    ALOAD 0
    INVOKESPECIAL java/lang/Object.<init> ()V
   L0
    LDC -2147483644
    ALOAD 0
    LDC "<init>"
    LDC "()V"
    BIPUSH 0
    ANEWARRAY java/lang/Object
    INVOKESTATIC org/evosuite/testcarver/capture/Capturer.capture (ILjava/lang/Object;Ljava/lang/String;Ljava/lang/String;[Ljava/lang/Object;)V
    ALOAD 0
    INVOKEVIRTUAL com/examples/with/different/packagename/testcarver/GenericObjectWrapper._sw_prototype_original_init_sw_prototype_original_ ()V
    GOTO L3
   L1
   FRAME SAME1 java/lang/Throwable
    ASTORE 1
    LDC -2147483644
    ALOAD 0
    GETSTATIC org/evosuite/testcarver/capture/CaptureLog.RETURN_TYPE_VOID : Ljava/lang/Object;
    INVOKESTATIC org/evosuite/testcarver/capture/Capturer.enable (ILjava/lang/Object;Ljava/lang/Object;)V
    ALOAD 1
    ATHROW
   L3
   FRAME SAME
    LDC -2147483644
    ALOAD 0
    GETSTATIC org/evosuite/testcarver/capture/CaptureLog.RETURN_TYPE_VOID : Ljava/lang/Object;
    INVOKESTATIC org/evosuite/testcarver/capture/Capturer.enable (ILjava/lang/Object;Ljava/lang/Object;)V
    RETURN
    MAXSTACK = 5
    MAXLOCALS = 0

  // access flags 0x1
  // signature (TT;)V
  // declaration: void set(T)
  public set(Ljava/lang/Object;)V
    TRYCATCHBLOCK L0 L1 L1 java/lang/Throwable
   L0
    LDC -2147483641
    ALOAD 0
    LDC "set"
    LDC "(Ljava/lang/Object;)V"
    BIPUSH 1
    ANEWARRAY java/lang/Object
    DUP
    BIPUSH 0
    ALOAD 1
    AASTORE
    INVOKESTATIC org/evosuite/testcarver/capture/Capturer.capture (ILjava/lang/Object;Ljava/lang/String;Ljava/lang/String;[Ljava/lang/Object;)V
    ALOAD 0
    ALOAD 1
    INVOKEVIRTUAL com/examples/with/different/packagename/testcarver/GenericObjectWrapper._sw_prototype_original_set (Ljava/lang/Object;)V
    GOTO L2
   L1
   FRAME SAME1 java/lang/Throwable
    ASTORE 2
    LDC -2147483641
    ALOAD 0
    GETSTATIC org/evosuite/testcarver/capture/CaptureLog.RETURN_TYPE_VOID : Ljava/lang/Object;
    INVOKESTATIC org/evosuite/testcarver/capture/Capturer.enable (ILjava/lang/Object;Ljava/lang/Object;)V
    ALOAD 2
    ATHROW
   L2
   FRAME SAME
    LDC -2147483641
    ALOAD 0
    GETSTATIC org/evosuite/testcarver/capture/CaptureLog.RETURN_TYPE_VOID : Ljava/lang/Object;
    INVOKESTATIC org/evosuite/testcarver/capture/Capturer.enable (ILjava/lang/Object;Ljava/lang/Object;)V
    RETURN
    MAXSTACK = 6
    MAXLOCALS = 0

  // access flags 0x1
  // signature ()TT;
  // declaration: T get()
  public get()Ljava/lang/Object;
    TRYCATCHBLOCK L0 L1 L2 java/lang/Throwable
    ACONST_NULL
    ASTORE 1
   L0
    LDC -2147483639
    ALOAD 0
    LDC "get"
    LDC "()Ljava/lang/Object;"
    BIPUSH 0
    ANEWARRAY java/lang/Object
    INVOKESTATIC org/evosuite/testcarver/capture/Capturer.capture (ILjava/lang/Object;Ljava/lang/String;Ljava/lang/String;[Ljava/lang/Object;)V
    ALOAD 0
    INVOKEVIRTUAL com/examples/with/different/packagename/testcarver/GenericObjectWrapper._sw_prototype_original_get ()Ljava/lang/Object;
    ASTORE 1
    ALOAD 1
    ASTORE 3
   L1
    LDC -2147483639
    ALOAD 0
    ALOAD 1
    INVOKESTATIC org/evosuite/testcarver/capture/Capturer.enable (ILjava/lang/Object;Ljava/lang/Object;)V
    ALOAD 3
    ARETURN
   L2
   FRAME FULL [com/examples/with/different/packagename/testcarver/GenericObjectWrapper java/lang/Object] [java/lang/Throwable]
    ASTORE 2
    LDC -2147483639
    ALOAD 0
    ALOAD 1
    INVOKESTATIC org/evosuite/testcarver/capture/Capturer.enable (ILjava/lang/Object;Ljava/lang/Object;)V
    ALOAD 2
    ATHROW
    MAXSTACK = 5
    MAXLOCALS = 0
}
INFO  org.evosuite.testcarver.extraction.CarvingClassLoader - Keeping class: com.examples.with.different.packagename.testcarver.GenericObjectWrapper
INFO  org.evosuite.testcarver.extraction.CarvingClassLoader - Seeing class for first time: com.examples.with.different.packagename.testcarver.GenericObjectWrapperSequenceTest
WARN  org.evosuite.testcarver.extraction.CarvingClassLoader - Instrumenting class 'com.examples.with.different.packagename.testcarver.GenericObjectWrapperSequenceTest'.
INFO  org.evosuite.testcarver.instrument.Instrumenter - Checking package com.examples.with.different.packagename.testcarver for class com/examples/with/different/packagename/testcarver/GenericObjectWrapperSequenceTest
// class version 52.0 (52)
// access flags 0x21
public class com/examples/with/different/packagename/testcarver/GenericObjectWrapperSequenceTest {

  // compiled from: GenericObjectWrapperSequenceTest.java
  // access flags 0x9
  public static INNERCLASS com/examples/with/different/packagename/testcarver/GenericObjectWrapperSequenceTest$Foo com/examples/with/different/packagename/testcarver/GenericObjectWrapperSequenceTest Foo

  // access flags 0x2
  private _sw_prototype_original_init_sw_prototype_original_()V
    ALOAD 0
    INVOKESTATIC org/evosuite/testcarver/capture/FieldRegistry.register (Ljava/lang/Object;)V
    RETURN
   L0
    LOCALVARIABLE this Lcom/examples/with/different/packagename/testcarver/GenericObjectWrapperSequenceTest; L1 L0 0
    MAXSTACK = 5
    MAXLOCALS = 1

  // access flags 0x2
  private _sw_prototype_original_test()V
   L0
    LINENUMBER 45 L0
    BIPUSH 42
    ISTORE 1
   L1
    LINENUMBER 46 L1
    NEW com/examples/with/different/packagename/testcarver/GenericObjectWrapperSequenceTest$Foo
    DUP
    INVOKESPECIAL com/examples/with/different/packagename/testcarver/GenericObjectWrapperSequenceTest$Foo.<init> ()V
    ASTORE 2
   L2
    LINENUMBER 47 L2
    ALOAD 2
    ILOAD 1
    INVOKEVIRTUAL com/examples/with/different/packagename/testcarver/GenericObjectWrapperSequenceTest$Foo.setX (I)V
   L3
    LINENUMBER 49 L3
    NEW com/examples/with/different/packagename/testcarver/GenericObjectWrapper
    DUP
    INVOKESPECIAL com/examples/with/different/packagename/testcarver/GenericObjectWrapper.<init> ()V
    ASTORE 3
   L4
    LINENUMBER 50 L4
    ALOAD 3
    ALOAD 2
    INVOKEVIRTUAL com/examples/with/different/packagename/testcarver/GenericObjectWrapper.set (Ljava/lang/Object;)V
   L5
    LINENUMBER 51 L5
    LDC 42L
    ALOAD 3
    INVOKEVIRTUAL com/examples/with/different/packagename/testcarver/GenericObjectWrapper.get ()Ljava/lang/Object;
    CHECKCAST com/examples/with/different/packagename/testcarver/GenericObjectWrapperSequenceTest$Foo
    INVOKEVIRTUAL com/examples/with/different/packagename/testcarver/GenericObjectWrapperSequenceTest$Foo.getX ()I
    I2L
    INVOKESTATIC org/junit/Assert.assertEquals (JJ)V
   L6
    LINENUMBER 52 L6
    RETURN
   L7
    LOCALVARIABLE this Lcom/examples/with/different/packagename/testcarver/GenericObjectWrapperSequenceTest; L0 L7 0
    LOCALVARIABLE x I L1 L7 1
    LOCALVARIABLE foo Lcom/examples/with/different/packagename/testcarver/GenericObjectWrapperSequenceTest$Foo; L2 L7 2
    LOCALVARIABLE wrapper Lcom/examples/with/different/packagename/testcarver/GenericObjectWrapper; L4 L7 3
    // signature Lcom/examples/with/different/packagename/testcarver/GenericObjectWrapper<Lcom/examples/with/different/packagename/testcarver/GenericObjectWrapperSequenceTest$Foo;>;
    // declaration: wrapper extends com.examples.with.different.packagename.testcarver.GenericObjectWrapper<com.examples.with.different.packagename.testcarver.GenericObjectWrapperSequenceTest$Foo>
    MAXSTACK = 8
    MAXLOCALS = 4

  // access flags 0x1
  public <init>()V
    TRYCATCHBLOCK L0 L1 L1 java/lang/Throwable
   L2
    LINENUMBER 29 L2
    ALOAD 0
    INVOKESPECIAL java/lang/Object.<init> ()V
   L0
    LDC -2147483638
    ALOAD 0
    LDC "<init>"
    LDC "()V"
    BIPUSH 0
    ANEWARRAY java/lang/Object
    INVOKESTATIC org/evosuite/testcarver/capture/Capturer.capture (ILjava/lang/Object;Ljava/lang/String;Ljava/lang/String;[Ljava/lang/Object;)V
    ALOAD 0
    INVOKEVIRTUAL com/examples/with/different/packagename/testcarver/GenericObjectWrapperSequenceTest._sw_prototype_original_init_sw_prototype_original_ ()V
    GOTO L3
   L1
   FRAME SAME1 java/lang/Throwable
    ASTORE 1
    LDC -2147483638
    ALOAD 0
    GETSTATIC org/evosuite/testcarver/capture/CaptureLog.RETURN_TYPE_VOID : Ljava/lang/Object;
    INVOKESTATIC org/evosuite/testcarver/capture/Capturer.enable (ILjava/lang/Object;Ljava/lang/Object;)V
    ALOAD 1
    ATHROW
   L3
   FRAME SAME
    LDC -2147483638
    ALOAD 0
    GETSTATIC org/evosuite/testcarver/capture/CaptureLog.RETURN_TYPE_VOID : Ljava/lang/Object;
    INVOKESTATIC org/evosuite/testcarver/capture/Capturer.enable (ILjava/lang/Object;Ljava/lang/Object;)V
    RETURN
    MAXSTACK = 5
    MAXLOCALS = 0

  // access flags 0x1
  public test()V
  @Lorg/junit/Test;()
    TRYCATCHBLOCK L0 L1 L1 java/lang/Throwable
   L0
    LDC -2147483637
    ALOAD 0
    LDC "test"
    LDC "()V"
    BIPUSH 0
    ANEWARRAY java/lang/Object
    INVOKESTATIC org/evosuite/testcarver/capture/Capturer.capture (ILjava/lang/Object;Ljava/lang/String;Ljava/lang/String;[Ljava/lang/Object;)V
    ALOAD 0
    INVOKEVIRTUAL com/examples/with/different/packagename/testcarver/GenericObjectWrapperSequenceTest._sw_prototype_original_test ()V
    GOTO L2
   L1
   FRAME SAME1 java/lang/Throwable
    ASTORE 1
    LDC -2147483637
    ALOAD 0
    GETSTATIC org/evosuite/testcarver/capture/CaptureLog.RETURN_TYPE_VOID : Ljava/lang/Object;
    INVOKESTATIC org/evosuite/testcarver/capture/Capturer.enable (ILjava/lang/Object;Ljava/lang/Object;)V
    ALOAD 1
    ATHROW
   L2
   FRAME SAME
    LDC -2147483637
    ALOAD 0
    GETSTATIC org/evosuite/testcarver/capture/CaptureLog.RETURN_TYPE_VOID : Ljava/lang/Object;
    INVOKESTATIC org/evosuite/testcarver/capture/Capturer.enable (ILjava/lang/Object;Ljava/lang/Object;)V
    RETURN
    MAXSTACK = 8
    MAXLOCALS = 0
}
INFO  org.evosuite.testcarver.extraction.CarvingClassLoader - Keeping class: com.examples.with.different.packagename.testcarver.GenericObjectWrapperSequenceTest
INFO  org.evosuite.testcarver.extraction.CarvingRunListener - Not yet reached maximum time to carve unit tests - executing test with carver
INFO  org.evosuite.testcarver.capture.Capturer - Starting Capturer...
INFO  org.evosuite.testcarver.capture.Capturer - Capturer has been started successfully
INFO  org.evosuite.testcarver.extraction.CarvingClassLoader - Seeing class for first time: com.examples.with.different.packagename.testcarver.GenericObjectWrapperSequenceTest$Foo
WARN  org.evosuite.testcarver.extraction.CarvingClassLoader - Instrumenting class 'com.examples.with.different.packagename.testcarver.GenericObjectWrapperSequenceTest$Foo'.
INFO  org.evosuite.testcarver.instrument.Instrumenter - ASM Bug: Inner class equals class.
INFO  org.evosuite.testcarver.instrument.Instrumenter - Checking package com.examples.with.different.packagename.testcarver for class com/examples/with/different/packagename/testcarver/GenericObjectWrapperSequenceTest$Foo
// class version 52.0 (52)
// access flags 0x21
public class com/examples/with/different/packagename/testcarver/GenericObjectWrapperSequenceTest$Foo {

  // compiled from: GenericObjectWrapperSequenceTest.java
  // access flags 0x9
  public static INNERCLASS com/examples/with/different/packagename/testcarver/GenericObjectWrapperSequenceTest$Foo com/examples/with/different/packagename/testcarver/GenericObjectWrapperSequenceTest Foo

  // access flags 0x2
  private I x

  // access flags 0x2
  private _sw_prototype_original_init_sw_prototype_original_()V
    ALOAD 0
    INVOKESTATIC org/evosuite/testcarver/capture/FieldRegistry.register (Ljava/lang/Object;)V
   L0
    LINENUMBER 32 L0
    ALOAD 0
    ICONST_0
    DUP2
    PUTFIELD com/examples/with/different/packagename/testcarver/GenericObjectWrapperSequenceTest$Foo.x : I
    POP
    LDC -2147483636
    LDC "com/examples/with/different/packagename/testcarver/GenericObjectWrapperSequenceTest$Foo"
    LDC "x"
    LDC "I"
    INVOKESTATIC org/evosuite/testcarver/capture/FieldRegistry.notifyModification (Ljava/lang/Object;ILjava/lang/String;Ljava/lang/String;Ljava/lang/String;)V
    RETURN
   L1
    LOCALVARIABLE this Lcom/examples/with/different/packagename/testcarver/GenericObjectWrapperSequenceTest$Foo; L2 L1 0
    MAXSTACK = 6
    MAXLOCALS = 1

  // access flags 0x2
  private _sw_prototype_original_getX()I
   L0
    LINENUMBER 35 L0
    ALOAD 0
    DUP
    GETFIELD com/examples/with/different/packagename/testcarver/GenericObjectWrapperSequenceTest$Foo.x : I
    SWAP
    LDC -2147483633
    LDC "com/examples/with/different/packagename/testcarver/GenericObjectWrapperSequenceTest$Foo"
    LDC "x"
    LDC "I"
    INVOKESTATIC org/evosuite/testcarver/capture/FieldRegistry.notifyReadAccess (Ljava/lang/Object;ILjava/lang/String;Ljava/lang/String;Ljava/lang/String;)V
    IRETURN
   L1
    LOCALVARIABLE this Lcom/examples/with/different/packagename/testcarver/GenericObjectWrapperSequenceTest$Foo; L0 L1 0
    MAXSTACK = 5
    MAXLOCALS = 1

  // access flags 0x2
  private _sw_prototype_original_setX(I)V
   L0
    LINENUMBER 39 L0
    ALOAD 0
    ILOAD 1
    DUP2
    PUTFIELD com/examples/with/different/packagename/testcarver/GenericObjectWrapperSequenceTest$Foo.x : I
    POP
    LDC -2147483631
    LDC "com/examples/with/different/packagename/testcarver/GenericObjectWrapperSequenceTest$Foo"
    LDC "x"
    LDC "I"
    INVOKESTATIC org/evosuite/testcarver/capture/FieldRegistry.notifyModification (Ljava/lang/Object;ILjava/lang/String;Ljava/lang/String;Ljava/lang/String;)V
   L1
    LINENUMBER 40 L1
    RETURN
   L2
    LOCALVARIABLE this Lcom/examples/with/different/packagename/testcarver/GenericObjectWrapperSequenceTest$Foo; L0 L2 0
    LOCALVARIABLE x I L0 L2 1
    MAXSTACK = 6
    MAXLOCALS = 2

  // access flags 0x1
  public <init>()V
    TRYCATCHBLOCK L0 L1 L1 java/lang/Throwable
   L2
    LINENUMBER 31 L2
    ALOAD 0
    INVOKESPECIAL java/lang/Object.<init> ()V
   L0
    LDC -2147483634
    ALOAD 0
    LDC "<init>"
    LDC "()V"
    BIPUSH 0
    ANEWARRAY java/lang/Object
    INVOKESTATIC org/evosuite/testcarver/capture/Capturer.capture (ILjava/lang/Object;Ljava/lang/String;Ljava/lang/String;[Ljava/lang/Object;)V
    ALOAD 0
    INVOKEVIRTUAL com/examples/with/different/packagename/testcarver/GenericObjectWrapperSequenceTest$Foo._sw_prototype_original_init_sw_prototype_original_ ()V
    GOTO L3
   L1
   FRAME SAME1 java/lang/Throwable
    ASTORE 1
    LDC -2147483634
    ALOAD 0
    GETSTATIC org/evosuite/testcarver/capture/CaptureLog.RETURN_TYPE_VOID : Ljava/lang/Object;
    INVOKESTATIC org/evosuite/testcarver/capture/Capturer.enable (ILjava/lang/Object;Ljava/lang/Object;)V
    ALOAD 1
    ATHROW
   L3
   FRAME SAME
    LDC -2147483634
    ALOAD 0
    GETSTATIC org/evosuite/testcarver/capture/CaptureLog.RETURN_TYPE_VOID : Ljava/lang/Object;
    INVOKESTATIC org/evosuite/testcarver/capture/Capturer.enable (ILjava/lang/Object;Ljava/lang/Object;)V
    RETURN
    MAXSTACK = 6
    MAXLOCALS = 0

  // access flags 0x1
  public getX()I
    TRYCATCHBLOCK L0 L1 L2 java/lang/Throwable
    ACONST_NULL
    ASTORE 1
   L0
    LDC -2147483632
    ALOAD 0
    LDC "getX"
    LDC "()I"
    BIPUSH 0
    ANEWARRAY java/lang/Object
    INVOKESTATIC org/evosuite/testcarver/capture/Capturer.capture (ILjava/lang/Object;Ljava/lang/String;Ljava/lang/String;[Ljava/lang/Object;)V
    ALOAD 0
    INVOKEVIRTUAL com/examples/with/different/packagename/testcarver/GenericObjectWrapperSequenceTest$Foo._sw_prototype_original_getX ()I
    INVOKESTATIC java/lang/Integer.valueOf (I)Ljava/lang/Integer;
    ASTORE 1
    ALOAD 1
    INVOKEVIRTUAL java/lang/Integer.intValue ()I
    ISTORE 3
   L1
    LDC -2147483632
    ALOAD 0
    ALOAD 1
    INVOKESTATIC org/evosuite/testcarver/capture/Capturer.enable (ILjava/lang/Object;Ljava/lang/Object;)V
    ILOAD 3
    IRETURN
   L2
   FRAME FULL [com/examples/with/different/packagename/testcarver/GenericObjectWrapperSequenceTest$Foo java/lang/Integer] [java/lang/Throwable]
    ASTORE 2
    LDC -2147483632
    ALOAD 0
    ALOAD 1
    INVOKESTATIC org/evosuite/testcarver/capture/Capturer.enable (ILjava/lang/Object;Ljava/lang/Object;)V
    ALOAD 2
    ATHROW
    MAXSTACK = 5
    MAXLOCALS = 0

  // access flags 0x1
  public setX(I)V
    TRYCATCHBLOCK L0 L1 L1 java/lang/Throwable
   L0
    LDC -2147483629
    ALOAD 0
    LDC "setX"
    LDC "(I)V"
    BIPUSH 1
    ANEWARRAY java/lang/Object
    DUP
    BIPUSH 0
    ILOAD 1
    INVOKESTATIC java/lang/Integer.valueOf (I)Ljava/lang/Integer;
    AASTORE
    INVOKESTATIC org/evosuite/testcarver/capture/Capturer.capture (ILjava/lang/Object;Ljava/lang/String;Ljava/lang/String;[Ljava/lang/Object;)V
    ALOAD 0
    ILOAD 1
    INVOKEVIRTUAL com/examples/with/different/packagename/testcarver/GenericObjectWrapperSequenceTest$Foo._sw_prototype_original_setX (I)V
    GOTO L2
   L1
   FRAME SAME1 java/lang/Throwable
    ASTORE 2
    LDC -2147483629
    ALOAD 0
    GETSTATIC org/evosuite/testcarver/capture/CaptureLog.RETURN_TYPE_VOID : Ljava/lang/Object;
    INVOKESTATIC org/evosuite/testcarver/capture/Capturer.enable (ILjava/lang/Object;Ljava/lang/Object;)V
    ALOAD 2
    ATHROW
   L2
   FRAME SAME
    LDC -2147483629
    ALOAD 0
    GETSTATIC org/evosuite/testcarver/capture/CaptureLog.RETURN_TYPE_VOID : Ljava/lang/Object;
    INVOKESTATIC org/evosuite/testcarver/capture/Capturer.enable (ILjava/lang/Object;Ljava/lang/Object;)V
    RETURN
    MAXSTACK = 6
    MAXLOCALS = 0
}
INFO  org.evosuite.testcarver.extraction.CarvingClassLoader - Keeping class: com.examples.with.different.packagename.testcarver.GenericObjectWrapperSequenceTest$Foo
INFO  org.evosuite.testcarver.capture.Capturer - Stopping Capturer...
INFO  org.evosuite.testcarver.capture.Capturer - Capturer has been stopped successfully
INFO  evo_logger -  - Carving test com.examples.with.different.packagename.testcarver.GenericObjectWrapperSequenceTest.test
INFO  org.evosuite.instrumentation.InstrumentingClassLoader - Seeing class for first time: com.examples.with.different.packagename.testcarver.GenericObjectWrapperSequenceTest$Foo
INFO  org.evosuite.instrumentation.BytecodeInstrumentation - Starting transformation of com/examples/with/different/packagename/testcarver/GenericObjectWrapperSequenceTest$Foo
INFO  org.evosuite.runtime.instrumentation.MethodCallReplacementClassAdapter - Adding mock interface to class com/examples/with/different/packagename/testcarver/GenericObjectWrapperSequenceTest$Foo
INFO  org.evosuite.runtime.instrumentation.CreateClassResetClassAdapter - Creating brand-new static initializer in class com/examples/with/different/packagename/testcarver/GenericObjectWrapperSequenceTest$Foo
INFO  org.evosuite.instrumentation.InstrumentingClassLoader - Loaded class: com.examples.with.different.packagename.testcarver.GenericObjectWrapperSequenceTest$Foo
INFO  org.evosuite.instrumentation.InstrumentingClassLoader - Seeing class for first time: com.examples.with.different.packagename.testcarver.GenericObjectWrapperSequenceTest
INFO  org.evosuite.instrumentation.BytecodeInstrumentation - Starting transformation of com/examples/with/different/packagename/testcarver/GenericObjectWrapperSequenceTest
INFO  org.evosuite.runtime.instrumentation.MethodCallReplacementClassAdapter - Adding mock interface to class com/examples/with/different/packagename/testcarver/GenericObjectWrapperSequenceTest
INFO  org.evosuite.runtime.instrumentation.CreateClassResetClassAdapter - Creating brand-new static initializer in class com/examples/with/different/packagename/testcarver/GenericObjectWrapperSequenceTest
INFO  org.evosuite.instrumentation.InstrumentingClassLoader - Loaded class: com.examples.with.different.packagename.testcarver.GenericObjectWrapperSequenceTest
INFO  org.evosuite.testcarver.extraction.CarvingRunListener - Carved test of length 6
INFO  org.evosuite.utils.generic.GenericTypeInference - Type map empty
INFO  org.evosuite.utils.generic.GenericTypeInference - Has types: com.examples.with.different.packagename.testcarver.GenericObjectWrapper<T>
INFO  org.evosuite.utils.generic.GenericTypeInference - Initial type map: {}
INFO  org.evosuite.utils.generic.GenericTypeInference - Found relevant statement: genericObjectWrapper0.set((Object) genericObjectWrapperSequenceTest_Foo0)
INFO  org.evosuite.utils.generic.GenericTypeInference - Resulting map: {T=class com.examples.with.different.packagename.testcarver.GenericObjectWrapperSequenceTest$Foo}
INFO  org.evosuite.utils.generic.GenericTypeInference - Found relevant statement: Object object0 = genericObjectWrapper0.get()
INFO  org.evosuite.utils.generic.GenericTypeInference - Setting types based on map: {T=class com.examples.with.different.packagename.testcarver.GenericObjectWrapperSequenceTest$Foo}
INFO  org.evosuite.utils.generic.GenericTypeInference - New type: com.examples.with.different.packagename.testcarver.GenericObjectWrapper()V
INFO  org.evosuite.utils.generic.GenericTypeInference - Updating callee of statement genericObjectWrapper0.set((Object) genericObjectWrapperSequenceTest_Foo0)
INFO  org.evosuite.utils.generic.GenericTypeInference - Result: genericObjectWrapper0.set(genericObjectWrapperSequenceTest_Foo0)
INFO  org.evosuite.utils.generic.GenericTypeInference - Updating callee of statement Object object0 = genericObjectWrapper0.get()
INFO  org.evosuite.utils.generic.GenericTypeInference - Result: GenericObjectWrapperSequenceTest.Foo genericObjectWrapperSequenceTest_Foo0 = genericObjectWrapper0.get()
INFO  org.evosuite.testcarver.extraction.CarvingManager - Result: 0/1
INFO  org.evosuite.testcase.execution.TestCaseExecutor - No stalled threads
INFO  org.evosuite.testcarver.extraction.CarvingManager - Adding carved test without exception
INFO  org.evosuite.testcarver.extraction.CarvingManager - GenericObjectWrapper<GenericObjectWrapperSequenceTest.Foo> genericObjectWrapper0 = new GenericObjectWrapper<GenericObjectWrapperSequenceTest.Foo>();
GenericObjectWrapperSequenceTest.Foo genericObjectWrapperSequenceTest_Foo0 = new GenericObjectWrapperSequenceTest.Foo();
int int0 = 42;
genericObjectWrapperSequenceTest_Foo0.setX(int0);
genericObjectWrapper0.set(genericObjectWrapperSequenceTest_Foo0);
genericObjectWrapper0.get();

INFO  evo_logger -  -> Carved 1 tests for class class com.examples.with.different.packagename.testcarver.GenericObjectWrapper from existing JUnit tests
INFO  evo_logger - * Using 1 carved tests from existing JUnit tests for seeding
INFO  org.evosuite.coverage.branch.BranchCoverageSuiteFitness - Total branch coverage goals: 3
INFO  org.evosuite.coverage.branch.BranchCoverageSuiteFitness - Total branches: 0
INFO  org.evosuite.coverage.branch.BranchCoverageSuiteFitness - Total branchless methods: 3
INFO  org.evosuite.coverage.branch.BranchCoverageSuiteFitness - Total methods: 3: [com.examples.with.different.packagename.testcarver.GenericObjectWrapper.get()Ljava/lang/Object;, com.examples.with.different.packagename.testcarver.GenericObjectWrapper.<init>()V, com.examples.with.different.packagename.testcarver.GenericObjectWrapper.set(Ljava/lang/Object;)V]
INFO  org.evosuite.coverage.branch.BranchCoverageSuiteFitness - (Methods) Best individual covers 0/0 branches and 3/3 methods
INFO  org.evosuite.coverage.branch.BranchCoverageSuiteFitness - Fitness: 0.0, size: 1, length: 6
INFO  org.evosuite.coverage.branch.BranchCoverageSuiteFitness - (Fitness) Best individual covers 0/0 branches and 3/3 methods
INFO  org.evosuite.coverage.branch.BranchCoverageSuiteFitness - Fitness: 0.0, size: 1, length: 6
INFO  org.evosuite.testcase.factories.JUnitTestCarvedChromosomeFactory - Cloning user test
INFO  org.evosuite.TestGenerationContext - *** Resetting context
INFO  org.evosuite.testcase.execution.TestCaseExecutor - TestCaseExecutor instance is non-null, but its actual executor is null
INFO  org.evosuite.TestGenerationContext - *** Resetting context
INFO  org.evosuite.testcase.execution.TestCaseExecutor - TestCaseExecutor instance is non-null, but its actual executor is null
INFO  org.evosuite.instrumentation.InstrumentingClassLoader - Seeing class for first time: com.examples.with.different.packagename.testcarver.GenericObjectWrapper
INFO  org.evosuite.instrumentation.BytecodeInstrumentation - Starting transformation of com/examples/with/different/packagename/testcarver/GenericObjectWrapper
INFO  org.evosuite.instrumentation.testability.StringTransformation - Current method: <init>
INFO  org.evosuite.instrumentation.testability.StringTransformation - Current method: set
INFO  org.evosuite.instrumentation.testability.StringTransformation - Current method: get
INFO  org.evosuite.runtime.instrumentation.MethodCallReplacementClassAdapter - Adding mock interface to class com/examples/with/different/packagename/testcarver/GenericObjectWrapper
INFO  org.evosuite.graphs.cfg.CFGClassAdapter - Analyzing CFG of com/examples/with/different/packagename/testcarver/GenericObjectWrapper
INFO  org.evosuite.graphs.cfg.CFGMethodAdapter - Analyzing method <init>()V in class com.examples.with.different.packagename.testcarver.GenericObjectWrapper
INFO  org.evosuite.graphs.cfg.CFGMethodAdapter - Generating CFG for method <init>()V
INFO  org.evosuite.graphs.cfg.RawControlFlowGraph - Creating new RawCFG for com.examples.with.different.packagename.testcarver.GenericObjectWrapper.<init>()V: 0
INFO  org.evosuite.graphs.cfg.CFGMethodAdapter - Created CFG for method <init>()V
INFO  org.evosuite.graphs.cfg.CFGMethodAdapter - Instrumenting method <init>()V in class com.examples.with.different.packagename.testcarver.GenericObjectWrapper
INFO  org.evosuite.graphs.cfg.CFGClassAdapter - Analyzing CFG of com/examples/with/different/packagename/testcarver/GenericObjectWrapper
INFO  org.evosuite.graphs.cfg.CFGMethodAdapter - Analyzing method set(Ljava/lang/Object;)V in class com.examples.with.different.packagename.testcarver.GenericObjectWrapper
INFO  org.evosuite.graphs.cfg.CFGMethodAdapter - Generating CFG for method set(Ljava/lang/Object;)V
INFO  org.evosuite.graphs.cfg.RawControlFlowGraph - Creating new RawCFG for com.examples.with.different.packagename.testcarver.GenericObjectWrapper.set(Ljava/lang/Object;)V: 0
INFO  org.evosuite.graphs.cfg.CFGMethodAdapter - Created CFG for method set(Ljava/lang/Object;)V
INFO  org.evosuite.graphs.cfg.CFGMethodAdapter - Instrumenting method set(Ljava/lang/Object;)V in class com.examples.with.different.packagename.testcarver.GenericObjectWrapper
INFO  org.evosuite.graphs.cfg.CFGClassAdapter - Analyzing CFG of com/examples/with/different/packagename/testcarver/GenericObjectWrapper
INFO  org.evosuite.graphs.cfg.CFGMethodAdapter - Analyzing method get()Ljava/lang/Object; in class com.examples.with.different.packagename.testcarver.GenericObjectWrapper
INFO  org.evosuite.graphs.cfg.CFGMethodAdapter - Generating CFG for method get()Ljava/lang/Object;
INFO  org.evosuite.graphs.cfg.RawControlFlowGraph - Creating new RawCFG for com.examples.with.different.packagename.testcarver.GenericObjectWrapper.get()Ljava/lang/Object;: 0
INFO  org.evosuite.graphs.cfg.CFGMethodAdapter - Created CFG for method get()Ljava/lang/Object;
INFO  org.evosuite.graphs.cfg.CFGMethodAdapter - Instrumenting method get()Ljava/lang/Object; in class com.examples.with.different.packagename.testcarver.GenericObjectWrapper
INFO  org.evosuite.runtime.instrumentation.CreateClassResetClassAdapter - Creating brand-new static initializer in class com/examples/with/different/packagename/testcarver/GenericObjectWrapper
INFO  org.evosuite.instrumentation.InstrumentingClassLoader - Loaded class: com.examples.with.different.packagename.testcarver.GenericObjectWrapper
INFO  evo_logger - * Executing tests from 1 test class for carving
INFO  org.evosuite.testcarver.extraction.CarvingClassLoader - Seeing class for first time: com.examples.with.different.packagename.testcarver.GenericObjectWrapper
WARN  org.evosuite.testcarver.extraction.CarvingClassLoader - Instrumenting class 'com.examples.with.different.packagename.testcarver.GenericObjectWrapper'.
INFO  org.evosuite.testcarver.instrument.Instrumenter - Checking package com.examples.with.different.packagename.testcarver for class com/examples/with/different/packagename/testcarver/GenericObjectWrapper
// class version 52.0 (52)
// access flags 0x21
// signature <T:Ljava/lang/Object;>Ljava/lang/Object;
// declaration: com/examples/with/different/packagename/testcarver/GenericObjectWrapper<T>
public class com/examples/with/different/packagename/testcarver/GenericObjectWrapper {

  // compiled from: GenericObjectWrapper.java

  // access flags 0x2
  // signature TT;
  // declaration: obj extends T
  private Ljava/lang/Object; obj

  // access flags 0x2
  private _sw_prototype_original_init_sw_prototype_original_()V
    ALOAD 0
    INVOKESTATIC org/evosuite/testcarver/capture/FieldRegistry.register (Ljava/lang/Object;)V
    RETURN
   L0
    LOCALVARIABLE this Lcom/examples/with/different/packagename/testcarver/GenericObjectWrapper; L1 L0 0
    // signature Lcom/examples/with/different/packagename/testcarver/GenericObjectWrapper<TT;>;
    // declaration: this extends com.examples.with.different.packagename.testcarver.GenericObjectWrapper<T>
    MAXSTACK = 5
    MAXLOCALS = 1

  // access flags 0x2
  // signature (TT;)V
  // declaration: void _sw_prototype_original_set(T)
  private _sw_prototype_original_set(Ljava/lang/Object;)V
   L0
    LINENUMBER 31 L0
    ALOAD 0
    ALOAD 1
    DUP2
    PUTFIELD com/examples/with/different/packagename/testcarver/GenericObjectWrapper.obj : Ljava/lang/Object;
    POP
    LDC -2147483643
    LDC "com/examples/with/different/packagename/testcarver/GenericObjectWrapper"
    LDC "obj"
    LDC "Ljava/lang/Object;"
    INVOKESTATIC org/evosuite/testcarver/capture/FieldRegistry.notifyModification (Ljava/lang/Object;ILjava/lang/String;Ljava/lang/String;Ljava/lang/String;)V
   L1
    LINENUMBER 32 L1
    RETURN
   L2
    LOCALVARIABLE this Lcom/examples/with/different/packagename/testcarver/GenericObjectWrapper; L0 L2 0
    // signature Lcom/examples/with/different/packagename/testcarver/GenericObjectWrapper<TT;>;
    // declaration: this extends com.examples.with.different.packagename.testcarver.GenericObjectWrapper<T>
    LOCALVARIABLE obj Ljava/lang/Object; L0 L2 1
    // signature TT;
    // declaration: obj extends T
    MAXSTACK = 6
    MAXLOCALS = 2

  // access flags 0x2
  // signature ()TT;
  // declaration: T _sw_prototype_original_get()
  private _sw_prototype_original_get()Ljava/lang/Object;
   L0
    LINENUMBER 35 L0
    ALOAD 0
    DUP
    GETFIELD com/examples/with/different/packagename/testcarver/GenericObjectWrapper.obj : Ljava/lang/Object;
    SWAP
    LDC -2147483640
    LDC "com/examples/with/different/packagename/testcarver/GenericObjectWrapper"
    LDC "obj"
    LDC "Ljava/lang/Object;"
    INVOKESTATIC org/evosuite/testcarver/capture/FieldRegistry.notifyReadAccess (Ljava/lang/Object;ILjava/lang/String;Ljava/lang/String;Ljava/lang/String;)V
    ARETURN
   L1
    LOCALVARIABLE this Lcom/examples/with/different/packagename/testcarver/GenericObjectWrapper; L0 L1 0
    // signature Lcom/examples/with/different/packagename/testcarver/GenericObjectWrapper<TT;>;
    // declaration: this extends com.examples.with.different.packagename.testcarver.GenericObjectWrapper<T>
    MAXSTACK = 5
    MAXLOCALS = 1

  // access flags 0x1
  public <init>()V
    TRYCATCHBLOCK L0 L1 L1 java/lang/Throwable
   L2
    LINENUMBER 26 L2
    ALOAD 0
    INVOKESPECIAL java/lang/Object.<init> ()V
   L0
    LDC -2147483644
    ALOAD 0
    LDC "<init>"
    LDC "()V"
    BIPUSH 0
    ANEWARRAY java/lang/Object
    INVOKESTATIC org/evosuite/testcarver/capture/Capturer.capture (ILjava/lang/Object;Ljava/lang/String;Ljava/lang/String;[Ljava/lang/Object;)V
    ALOAD 0
    INVOKEVIRTUAL com/examples/with/different/packagename/testcarver/GenericObjectWrapper._sw_prototype_original_init_sw_prototype_original_ ()V
    GOTO L3
   L1
   FRAME SAME1 java/lang/Throwable
    ASTORE 1
    LDC -2147483644
    ALOAD 0
    GETSTATIC org/evosuite/testcarver/capture/CaptureLog.RETURN_TYPE_VOID : Ljava/lang/Object;
    INVOKESTATIC org/evosuite/testcarver/capture/Capturer.enable (ILjava/lang/Object;Ljava/lang/Object;)V
    ALOAD 1
    ATHROW
   L3
   FRAME SAME
    LDC -2147483644
    ALOAD 0
    GETSTATIC org/evosuite/testcarver/capture/CaptureLog.RETURN_TYPE_VOID : Ljava/lang/Object;
    INVOKESTATIC org/evosuite/testcarver/capture/Capturer.enable (ILjava/lang/Object;Ljava/lang/Object;)V
    RETURN
    MAXSTACK = 5
    MAXLOCALS = 0

  // access flags 0x1
  // signature (TT;)V
  // declaration: void set(T)
  public set(Ljava/lang/Object;)V
    TRYCATCHBLOCK L0 L1 L1 java/lang/Throwable
   L0
    LDC -2147483641
    ALOAD 0
    LDC "set"
    LDC "(Ljava/lang/Object;)V"
    BIPUSH 1
    ANEWARRAY java/lang/Object
    DUP
    BIPUSH 0
    ALOAD 1
    AASTORE
    INVOKESTATIC org/evosuite/testcarver/capture/Capturer.capture (ILjava/lang/Object;Ljava/lang/String;Ljava/lang/String;[Ljava/lang/Object;)V
    ALOAD 0
    ALOAD 1
    INVOKEVIRTUAL com/examples/with/different/packagename/testcarver/GenericObjectWrapper._sw_prototype_original_set (Ljava/lang/Object;)V
    GOTO L2
   L1
   FRAME SAME1 java/lang/Throwable
    ASTORE 2
    LDC -2147483641
    ALOAD 0
    GETSTATIC org/evosuite/testcarver/capture/CaptureLog.RETURN_TYPE_VOID : Ljava/lang/Object;
    INVOKESTATIC org/evosuite/testcarver/capture/Capturer.enable (ILjava/lang/Object;Ljava/lang/Object;)V
    ALOAD 2
    ATHROW
   L2
   FRAME SAME
    LDC -2147483641
    ALOAD 0
    GETSTATIC org/evosuite/testcarver/capture/CaptureLog.RETURN_TYPE_VOID : Ljava/lang/Object;
    INVOKESTATIC org/evosuite/testcarver/capture/Capturer.enable (ILjava/lang/Object;Ljava/lang/Object;)V
    RETURN
    MAXSTACK = 6
    MAXLOCALS = 0

  // access flags 0x1
  // signature ()TT;
  // declaration: T get()
  public get()Ljava/lang/Object;
    TRYCATCHBLOCK L0 L1 L2 java/lang/Throwable
    ACONST_NULL
    ASTORE 1
   L0
    LDC -2147483639
    ALOAD 0
    LDC "get"
    LDC "()Ljava/lang/Object;"
    BIPUSH 0
    ANEWARRAY java/lang/Object
    INVOKESTATIC org/evosuite/testcarver/capture/Capturer.capture (ILjava/lang/Object;Ljava/lang/String;Ljava/lang/String;[Ljava/lang/Object;)V
    ALOAD 0
    INVOKEVIRTUAL com/examples/with/different/packagename/testcarver/GenericObjectWrapper._sw_prototype_original_get ()Ljava/lang/Object;
    ASTORE 1
    ALOAD 1
    ASTORE 3
   L1
    LDC -2147483639
    ALOAD 0
    ALOAD 1
    INVOKESTATIC org/evosuite/testcarver/capture/Capturer.enable (ILjava/lang/Object;Ljava/lang/Object;)V
    ALOAD 3
    ARETURN
   L2
   FRAME FULL [com/examples/with/different/packagename/testcarver/GenericObjectWrapper java/lang/Object] [java/lang/Throwable]
    ASTORE 2
    LDC -2147483639
    ALOAD 0
    ALOAD 1
    INVOKESTATIC org/evosuite/testcarver/capture/Capturer.enable (ILjava/lang/Object;Ljava/lang/Object;)V
    ALOAD 2
    ATHROW
    MAXSTACK = 5
    MAXLOCALS = 0
}
INFO  org.evosuite.testcarver.extraction.CarvingClassLoader - Keeping class: com.examples.with.different.packagename.testcarver.GenericObjectWrapper
INFO  org.evosuite.testcarver.extraction.CarvingClassLoader - Seeing class for first time: com.examples.with.different.packagename.testcarver.GenericObjectWrapperSetTest
WARN  org.evosuite.testcarver.extraction.CarvingClassLoader - Instrumenting class 'com.examples.with.different.packagename.testcarver.GenericObjectWrapperSetTest'.
INFO  org.evosuite.testcarver.instrument.Instrumenter - Checking package com.examples.with.different.packagename.testcarver for class com/examples/with/different/packagename/testcarver/GenericObjectWrapperSetTest
// class version 52.0 (52)
// access flags 0x21
public class com/examples/with/different/packagename/testcarver/GenericObjectWrapperSetTest {

  // compiled from: GenericObjectWrapperSetTest.java

  // access flags 0x2
  private _sw_prototype_original_init_sw_prototype_original_()V
    ALOAD 0
    INVOKESTATIC org/evosuite/testcarver/capture/FieldRegistry.register (Ljava/lang/Object;)V
    RETURN
   L0
    LOCALVARIABLE this Lcom/examples/with/different/packagename/testcarver/GenericObjectWrapperSetTest; L1 L0 0
    MAXSTACK = 5
    MAXLOCALS = 1

  // access flags 0x2
  private _sw_prototype_original_test01()V
   L0
    LINENUMBER 35 L0
    NEW com/examples/with/different/packagename/testcarver/GenericObjectWrapper
    DUP
    INVOKESPECIAL com/examples/with/different/packagename/testcarver/GenericObjectWrapper.<init> ()V
    ASTORE 1
   L1
    LINENUMBER 36 L1
    ALOAD 1
    INVOKEVIRTUAL com/examples/with/different/packagename/testcarver/GenericObjectWrapper.get ()Ljava/lang/Object;
    INVOKESTATIC org/junit/Assert.assertNull (Ljava/lang/Object;)V
   L2
    LINENUMBER 38 L2
    NEW java/util/HashSet
    DUP
    INVOKESPECIAL java/util/HashSet.<init> ()V
    ASTORE 2
   L3
    LINENUMBER 39 L3
    ALOAD 2
    LDC 42L
    INVOKESTATIC java/lang/Long.valueOf (J)Ljava/lang/Long;
    INVOKEINTERFACE java/util/Set.add (Ljava/lang/Object;)Z (itf)
    POP
   L4
    LINENUMBER 40 L4
    ALOAD 2
    LDC 47L
    INVOKESTATIC java/lang/Long.valueOf (J)Ljava/lang/Long;
    INVOKEINTERFACE java/util/Set.add (Ljava/lang/Object;)Z (itf)
    POP
   L5
    LINENUMBER 41 L5
    ALOAD 2
    LDC 42L
    INVOKESTATIC java/lang/Long.valueOf (J)Ljava/lang/Long;
    INVOKEINTERFACE java/util/Set.remove (Ljava/lang/Object;)Z (itf)
    POP
   L6
    LINENUMBER 42 L6
    ALOAD 2
    LDC 48L
    INVOKESTATIC java/lang/Long.valueOf (J)Ljava/lang/Long;
    INVOKEINTERFACE java/util/Set.add (Ljava/lang/Object;)Z (itf)
    POP
   L7
    LINENUMBER 44 L7
    ALOAD 1
    ALOAD 2
    INVOKEVIRTUAL com/examples/with/different/packagename/testcarver/GenericObjectWrapper.set (Ljava/lang/Object;)V
   L8
    LINENUMBER 45 L8
    ALOAD 1
    INVOKEVIRTUAL com/examples/with/different/packagename/testcarver/GenericObjectWrapper.get ()Ljava/lang/Object;
    INVOKESTATIC org/junit/Assert.assertNotNull (Ljava/lang/Object;)V
   L9
    LINENUMBER 47 L9
    NEW com/examples/with/different/packagename/testcarver/GenericObjectWrapper
    DUP
    INVOKESPECIAL com/examples/with/different/packagename/testcarver/GenericObjectWrapper.<init> ()V
    ASTORE 3
   L10
    LINENUMBER 48 L10
    ALOAD 3
    LDC 47L
    INVOKESTATIC java/lang/Long.valueOf (J)Ljava/lang/Long;
    INVOKEVIRTUAL com/examples/with/different/packagename/testcarver/GenericObjectWrapper.set (Ljava/lang/Object;)V
   L11
    LINENUMBER 50 L11
    ALOAD 1
    INVOKEVIRTUAL com/examples/with/different/packagename/testcarver/GenericObjectWrapper.get ()Ljava/lang/Object;
    CHECKCAST java/util/Set
    ASTORE 4
   L12
    LINENUMBER 52 L12
    ALOAD 4
    ALOAD 3
    INVOKEVIRTUAL com/examples/with/different/packagename/testcarver/GenericObjectWrapper.get ()Ljava/lang/Object;
    INVOKEINTERFACE java/util/Set.contains (Ljava/lang/Object;)Z (itf)
    INVOKESTATIC org/junit/Assert.assertTrue (Z)V
   L13
    LINENUMBER 53 L13
    RETURN
   L14
    LOCALVARIABLE this Lcom/examples/with/different/packagename/testcarver/GenericObjectWrapperSetTest; L0 L14 0
    LOCALVARIABLE wrapper Lcom/examples/with/different/packagename/testcarver/GenericObjectWrapper; L1 L14 1
    // signature Lcom/examples/with/different/packagename/testcarver/GenericObjectWrapper<Ljava/util/Set<Ljava/lang/Long;>;>;
    // declaration: wrapper extends com.examples.with.different.packagename.testcarver.GenericObjectWrapper<java.util.Set<java.lang.Long>>
    LOCALVARIABLE someSet Ljava/util/Set; L3 L14 2
    // signature Ljava/util/Set<Ljava/lang/Long;>;
    // declaration: someSet extends java.util.Set<java.lang.Long>
    LOCALVARIABLE fortySeven Lcom/examples/with/different/packagename/testcarver/GenericObjectWrapper; L10 L14 3
    // signature Lcom/examples/with/different/packagename/testcarver/GenericObjectWrapper<Ljava/lang/Long;>;
    // declaration: fortySeven extends com.examples.with.different.packagename.testcarver.GenericObjectWrapper<java.lang.Long>
    LOCALVARIABLE foo Ljava/util/Set; L12 L14 4
    // signature Ljava/util/Set<Ljava/lang/Long;>;
    // declaration: foo extends java.util.Set<java.lang.Long>
    MAXSTACK = 7
    MAXLOCALS = 5

  // access flags 0x1
  public <init>()V
    TRYCATCHBLOCK L0 L1 L1 java/lang/Throwable
   L2
    LINENUMBER 32 L2
    ALOAD 0
    INVOKESPECIAL java/lang/Object.<init> ()V
   L0
    LDC -2147483638
    ALOAD 0
    LDC "<init>"
    LDC "()V"
    BIPUSH 0
    ANEWARRAY java/lang/Object
    INVOKESTATIC org/evosuite/testcarver/capture/Capturer.capture (ILjava/lang/Object;Ljava/lang/String;Ljava/lang/String;[Ljava/lang/Object;)V
    ALOAD 0
    INVOKEVIRTUAL com/examples/with/different/packagename/testcarver/GenericObjectWrapperSetTest._sw_prototype_original_init_sw_prototype_original_ ()V
    GOTO L3
   L1
   FRAME SAME1 java/lang/Throwable
    ASTORE 1
    LDC -2147483638
    ALOAD 0
    GETSTATIC org/evosuite/testcarver/capture/CaptureLog.RETURN_TYPE_VOID : Ljava/lang/Object;
    INVOKESTATIC org/evosuite/testcarver/capture/Capturer.enable (ILjava/lang/Object;Ljava/lang/Object;)V
    ALOAD 1
    ATHROW
   L3
   FRAME SAME
    LDC -2147483638
    ALOAD 0
    GETSTATIC org/evosuite/testcarver/capture/CaptureLog.RETURN_TYPE_VOID : Ljava/lang/Object;
    INVOKESTATIC org/evosuite/testcarver/capture/Capturer.enable (ILjava/lang/Object;Ljava/lang/Object;)V
    RETURN
    MAXSTACK = 5
    MAXLOCALS = 0

  // access flags 0x1
  public test01()V
  @Lorg/junit/Test;()
    TRYCATCHBLOCK L0 L1 L1 java/lang/Throwable
   L0
    LDC -2147483637
    ALOAD 0
    LDC "test01"
    LDC "()V"
    BIPUSH 0
    ANEWARRAY java/lang/Object
    INVOKESTATIC org/evosuite/testcarver/capture/Capturer.capture (ILjava/lang/Object;Ljava/lang/String;Ljava/lang/String;[Ljava/lang/Object;)V
    ALOAD 0
    INVOKEVIRTUAL com/examples/with/different/packagename/testcarver/GenericObjectWrapperSetTest._sw_prototype_original_test01 ()V
    GOTO L2
   L1
   FRAME SAME1 java/lang/Throwable
    ASTORE 1
    LDC -2147483637
    ALOAD 0
    GETSTATIC org/evosuite/testcarver/capture/CaptureLog.RETURN_TYPE_VOID : Ljava/lang/Object;
    INVOKESTATIC org/evosuite/testcarver/capture/Capturer.enable (ILjava/lang/Object;Ljava/lang/Object;)V
    ALOAD 1
    ATHROW
   L2
   FRAME SAME
    LDC -2147483637
    ALOAD 0
    GETSTATIC org/evosuite/testcarver/capture/CaptureLog.RETURN_TYPE_VOID : Ljava/lang/Object;
    INVOKESTATIC org/evosuite/testcarver/capture/Capturer.enable (ILjava/lang/Object;Ljava/lang/Object;)V
    RETURN
    MAXSTACK = 7
    MAXLOCALS = 0
}
INFO  org.evosuite.testcarver.extraction.CarvingClassLoader - Keeping class: com.examples.with.different.packagename.testcarver.GenericObjectWrapperSetTest
INFO  org.evosuite.testcarver.extraction.CarvingRunListener - Not yet reached maximum time to carve unit tests - executing test with carver
INFO  org.evosuite.testcarver.capture.Capturer - Starting Capturer...
INFO  org.evosuite.testcarver.capture.Capturer - Capturer has been started successfully
INFO  org.evosuite.testcarver.capture.Capturer - Stopping Capturer...
INFO  org.evosuite.testcarver.capture.Capturer - Capturer has been stopped successfully
INFO  evo_logger -  - Carving test com.examples.with.different.packagename.testcarver.GenericObjectWrapperSetTest.test01
INFO  org.evosuite.testcarver.extraction.CarvingRunListener - Carved test of length 13
INFO  org.evosuite.utils.generic.GenericTypeInference - Has types: com.examples.with.different.packagename.testcarver.GenericObjectWrapper<T>
INFO  org.evosuite.utils.generic.GenericTypeInference - Initial type map: {}
INFO  org.evosuite.utils.generic.GenericTypeInference - Found relevant statement: genericObjectWrapper0.set((Object) long0)
INFO  org.evosuite.utils.generic.GenericTypeInference - Resulting map: {T=long}
INFO  org.evosuite.utils.generic.GenericTypeInference - Found relevant statement: Object object0 = genericObjectWrapper0.get()
INFO  org.evosuite.utils.generic.GenericTypeInference - Setting types based on map: {T=long}
INFO  org.evosuite.utils.generic.GenericTypeInference - New type: com.examples.with.different.packagename.testcarver.GenericObjectWrapper()V
INFO  org.evosuite.utils.generic.GenericTypeInference - Updating callee of statement genericObjectWrapper0.set((Object) long0)
INFO  org.evosuite.utils.generic.GenericTypeInference - Result: genericObjectWrapper0.set((Long) long0)
INFO  org.evosuite.utils.generic.GenericTypeInference - Updating callee of statement Object object0 = genericObjectWrapper0.get()
INFO  org.evosuite.utils.generic.GenericTypeInference - Result: Long long0 = genericObjectWrapper0.get()
INFO  org.evosuite.utils.generic.GenericTypeInference - Has types: java.util.HashSet<E>
INFO  org.evosuite.utils.generic.GenericTypeInference - Initial type map: {E=E, E=E}
INFO  org.evosuite.utils.generic.GenericTypeInference - Found relevant statement: boolean boolean0 = hashSet0.add((Object) long0)
INFO  org.evosuite.utils.generic.GenericTypeInference - Resulting map: {E=long}
INFO  org.evosuite.utils.generic.GenericTypeInference - Found relevant statement: boolean boolean0 = hashSet0.add((Object) long0)
INFO  org.evosuite.utils.generic.GenericTypeInference - Resulting map: {E=long}
INFO  org.evosuite.utils.generic.GenericTypeInference - Variable is in map: E
INFO  org.evosuite.utils.generic.GenericTypeInference - Setting types based on map: {E=null, E=null, E=long}
INFO  org.evosuite.utils.generic.GenericTypeInference - New type: java.util.HashSet()V
INFO  org.evosuite.utils.generic.GenericTypeInference - Updating callee of statement boolean boolean0 = hashSet0.add((Object) long0)
INFO  org.evosuite.utils.generic.GenericTypeInference - Result: boolean boolean0 = hashSet0.add((Long) long0)
INFO  org.evosuite.utils.generic.GenericTypeInference - Updating callee of statement boolean boolean0 = hashSet0.add((Object) long0)
INFO  org.evosuite.utils.generic.GenericTypeInference - Result: boolean boolean0 = hashSet0.add((Long) long0)
INFO  org.evosuite.utils.generic.GenericTypeInference - Has types: com.examples.with.different.packagename.testcarver.GenericObjectWrapper<T>
INFO  org.evosuite.utils.generic.GenericTypeInference - Initial type map: {}
INFO  org.evosuite.utils.generic.GenericTypeInference - Found relevant statement: Object object0 = genericObjectWrapper0.get()
INFO  org.evosuite.utils.generic.GenericTypeInference - Found relevant statement: genericObjectWrapper0.set(hashSet0)
INFO  org.evosuite.utils.generic.GenericTypeInference - Resulting map: {T=java.util.HashSet<java.lang.Long>}
INFO  org.evosuite.utils.generic.GenericTypeInference - Found relevant statement: Object object0 = genericObjectWrapper0.get()
INFO  org.evosuite.utils.generic.GenericTypeInference - Found relevant statement: Object object0 = genericObjectWrapper0.get()
INFO  org.evosuite.utils.generic.GenericTypeInference - Setting types based on map: {T=java.util.HashSet<java.lang.Long>}
INFO  org.evosuite.utils.generic.GenericTypeInference - New type: com.examples.with.different.packagename.testcarver.GenericObjectWrapper()V
INFO  org.evosuite.utils.generic.GenericTypeInference - Updating callee of statement Object object0 = genericObjectWrapper0.get()
INFO  org.evosuite.utils.generic.GenericTypeInference - Result: HashSet<Long> hashSet0 = genericObjectWrapper0.get()
INFO  org.evosuite.utils.generic.GenericTypeInference - Updating callee of statement genericObjectWrapper0.set(hashSet0)
INFO  org.evosuite.utils.generic.GenericTypeInference - Result: genericObjectWrapper0.set(hashSet0)
INFO  org.evosuite.utils.generic.GenericTypeInference - Updating callee of statement Object object0 = genericObjectWrapper0.get()
INFO  org.evosuite.utils.generic.GenericTypeInference - Result: HashSet<Long> hashSet0 = genericObjectWrapper0.get()
INFO  org.evosuite.utils.generic.GenericTypeInference - Updating callee of statement Object object0 = genericObjectWrapper0.get()
INFO  org.evosuite.utils.generic.GenericTypeInference - Result: HashSet<Long> hashSet0 = genericObjectWrapper0.get()
INFO  org.evosuite.testcarver.extraction.CarvingManager - Result: 0/1
INFO  org.evosuite.testcase.execution.TestCaseExecutor - No stalled threads
INFO  org.evosuite.testcarver.extraction.CarvingManager - Adding carved test without exception
INFO  org.evosuite.testcarver.extraction.CarvingManager - GenericObjectWrapper<HashSet<Long>> genericObjectWrapper0 = new GenericObjectWrapper<HashSet<Long>>();
genericObjectWrapper0.get();
long long0 = 48L;
long long1 = 47L;
HashSet<Long> hashSet0 = new HashSet<Long>();
hashSet0.add((Long) long0);
hashSet0.add((Long) long1);
genericObjectWrapper0.set(hashSet0);
genericObjectWrapper0.get();
GenericObjectWrapper<Long> genericObjectWrapper1 = new GenericObjectWrapper<Long>();
genericObjectWrapper1.set((Long) long1);
genericObjectWrapper0.get();
genericObjectWrapper1.get();

INFO  evo_logger -  -> Carved 1 tests for class class com.examples.with.different.packagename.testcarver.GenericObjectWrapper from existing JUnit tests
INFO  evo_logger - * Using 1 carved tests from existing JUnit tests for seeding
INFO  org.evosuite.coverage.branch.BranchCoverageSuiteFitness - Total branch coverage goals: 3
INFO  org.evosuite.coverage.branch.BranchCoverageSuiteFitness - Total branches: 0
INFO  org.evosuite.coverage.branch.BranchCoverageSuiteFitness - Total branchless methods: 3
INFO  org.evosuite.coverage.branch.BranchCoverageSuiteFitness - Total methods: 3: [com.examples.with.different.packagename.testcarver.GenericObjectWrapper.get()Ljava/lang/Object;, com.examples.with.different.packagename.testcarver.GenericObjectWrapper.<init>()V, com.examples.with.different.packagename.testcarver.GenericObjectWrapper.set(Ljava/lang/Object;)V]
INFO  org.evosuite.coverage.branch.BranchCoverageSuiteFitness - (Methods) Best individual covers 0/0 branches and 3/3 methods
INFO  org.evosuite.coverage.branch.BranchCoverageSuiteFitness - Fitness: 0.0, size: 1, length: 13
INFO  org.evosuite.coverage.branch.BranchCoverageSuiteFitness - (Fitness) Best individual covers 0/0 branches and 3/3 methods
INFO  org.evosuite.coverage.branch.BranchCoverageSuiteFitness - Fitness: 0.0, size: 1, length: 13
INFO  org.evosuite.testcase.factories.JUnitTestCarvedChromosomeFactory - Cloning user test
INFO  org.evosuite.TestGenerationContext - *** Resetting context
INFO  org.evosuite.testcase.execution.TestCaseExecutor - TestCaseExecutor instance is non-null, but its actual executor is null
INFO  org.evosuite.TestGenerationContext - *** Resetting context
INFO  org.evosuite.testcase.execution.TestCaseExecutor - TestCaseExecutor instance is non-null, but its actual executor is null
INFO  org.evosuite.instrumentation.InstrumentingClassLoader - Seeing class for first time: com.examples.with.different.packagename.testcarver.DateConverter
INFO  org.evosuite.instrumentation.BytecodeInstrumentation - Starting transformation of com/examples/with/different/packagename/testcarver/DateConverter
INFO  org.evosuite.instrumentation.testability.StringTransformation - Current method: <init>
INFO  org.evosuite.instrumentation.testability.StringTransformation - Current method: <init>
INFO  org.evosuite.instrumentation.testability.StringTransformation - Current method: getDefaultType
INFO  org.evosuite.runtime.instrumentation.MethodCallReplacementClassAdapter - Adding mock interface to class com/examples/with/different/packagename/testcarver/DateConverter
INFO  org.evosuite.graphs.cfg.CFGClassAdapter - Analyzing CFG of com/examples/with/different/packagename/testcarver/DateConverter
INFO  org.evosuite.graphs.cfg.CFGMethodAdapter - Analyzing method <init>()V in class com.examples.with.different.packagename.testcarver.DateConverter
INFO  org.evosuite.graphs.cfg.CFGMethodAdapter - Generating CFG for method <init>()V
INFO  org.evosuite.graphs.cfg.RawControlFlowGraph - Creating new RawCFG for com.examples.with.different.packagename.testcarver.DateConverter.<init>()V: 0
INFO  org.evosuite.graphs.cfg.CFGMethodAdapter - Created CFG for method <init>()V
INFO  org.evosuite.graphs.cfg.CFGMethodAdapter - Instrumenting method <init>()V in class com.examples.with.different.packagename.testcarver.DateConverter
INFO  org.evosuite.graphs.cfg.CFGClassAdapter - Analyzing CFG of com/examples/with/different/packagename/testcarver/DateConverter
INFO  org.evosuite.graphs.cfg.CFGMethodAdapter - Analyzing method <init>(Ljava/lang/Object;)V in class com.examples.with.different.packagename.testcarver.DateConverter
INFO  org.evosuite.graphs.cfg.CFGMethodAdapter - Generating CFG for method <init>(Ljava/lang/Object;)V
INFO  org.evosuite.graphs.cfg.RawControlFlowGraph - Creating new RawCFG for com.examples.with.different.packagename.testcarver.DateConverter.<init>(Ljava/lang/Object;)V: 0
INFO  org.evosuite.graphs.cfg.CFGMethodAdapter - Created CFG for method <init>(Ljava/lang/Object;)V
INFO  org.evosuite.graphs.cfg.CFGMethodAdapter - Instrumenting method <init>(Ljava/lang/Object;)V in class com.examples.with.different.packagename.testcarver.DateConverter
INFO  org.evosuite.graphs.cfg.CFGClassAdapter - Analyzing CFG of com/examples/with/different/packagename/testcarver/DateConverter
INFO  org.evosuite.graphs.cfg.CFGMethodAdapter - Analyzing method getDefaultType()Ljava/lang/Class; in class com.examples.with.different.packagename.testcarver.DateConverter
INFO  org.evosuite.graphs.cfg.CFGMethodAdapter - Generating CFG for method getDefaultType()Ljava/lang/Class;
INFO  org.evosuite.graphs.cfg.RawControlFlowGraph - Creating new RawCFG for com.examples.with.different.packagename.testcarver.DateConverter.getDefaultType()Ljava/lang/Class;: 0
INFO  org.evosuite.graphs.cfg.CFGMethodAdapter - Created CFG for method getDefaultType()Ljava/lang/Class;
INFO  org.evosuite.graphs.cfg.CFGMethodAdapter - Instrumenting method getDefaultType()Ljava/lang/Class; in class com.examples.with.different.packagename.testcarver.DateConverter
INFO  org.evosuite.runtime.instrumentation.CreateClassResetClassAdapter - Creating brand-new static initializer in class com/examples/with/different/packagename/testcarver/DateConverter
INFO  org.evosuite.instrumentation.InstrumentingClassLoader - Seeing class for first time: com.examples.with.different.packagename.testcarver.DateTimeConverter
INFO  org.evosuite.instrumentation.BytecodeInstrumentation - Starting transformation of com/examples/with/different/packagename/testcarver/DateTimeConverter
INFO  org.evosuite.runtime.instrumentation.MethodCallReplacementClassAdapter - Adding mock interface to class com/examples/with/different/packagename/testcarver/DateTimeConverter
INFO  org.evosuite.runtime.instrumentation.CreateClassResetClassAdapter - Creating brand-new static initializer in class com/examples/with/different/packagename/testcarver/DateTimeConverter
INFO  org.evosuite.instrumentation.InstrumentingClassLoader - Seeing class for first time: com.examples.with.different.packagename.testcarver.AbstractConverter
INFO  org.evosuite.instrumentation.BytecodeInstrumentation - Starting transformation of com/examples/with/different/packagename/testcarver/AbstractConverter
INFO  org.evosuite.runtime.instrumentation.MethodCallReplacementClassAdapter - Adding mock interface to class com/examples/with/different/packagename/testcarver/AbstractConverter
INFO  org.evosuite.instrumentation.EndOfClassInitializerVisitor - Creating <clinit> in class com/examples/with/different/packagename/testcarver/AbstractConverter
INFO  org.evosuite.runtime.instrumentation.CreateClassResetClassAdapter - Found static initializer in class com/examples/with/different/packagename/testcarver/AbstractConverter
INFO  org.evosuite.instrumentation.InstrumentingClassLoader - Seeing class for first time: com.examples.with.different.packagename.testcarver.Converter
INFO  org.evosuite.instrumentation.BytecodeInstrumentation - Starting transformation of com/examples/with/different/packagename/testcarver/Converter
INFO  org.evosuite.instrumentation.InstrumentingClassLoader - Loaded class: com.examples.with.different.packagename.testcarver.Converter
INFO  org.evosuite.instrumentation.InstrumentingClassLoader - Loaded class: com.examples.with.different.packagename.testcarver.AbstractConverter
INFO  org.evosuite.instrumentation.InstrumentingClassLoader - Loaded class: com.examples.with.different.packagename.testcarver.DateTimeConverter
INFO  org.evosuite.instrumentation.InstrumentingClassLoader - Loaded class: com.examples.with.different.packagename.testcarver.DateConverter
INFO  evo_logger - * Executing tests from 1 test class for carving
INFO  org.evosuite.testcarver.extraction.CarvingClassLoader - Seeing class for first time: com.examples.with.different.packagename.testcarver.DateConverter
WARN  org.evosuite.testcarver.extraction.CarvingClassLoader - Instrumenting class 'com.examples.with.different.packagename.testcarver.DateConverter'.
INFO  org.evosuite.testcarver.instrument.Instrumenter - Checking package com.examples.with.different.packagename.testcarver for class com/examples/with/different/packagename/testcarver/DateConverter
// class version 52.0 (52)
// access flags 0x31
public final class com/examples/with/different/packagename/testcarver/DateConverter extends com/examples/with/different/packagename/testcarver/DateTimeConverter {

  // compiled from: DateConverter.java

  // access flags 0x2
  private _sw_prototype_original_init_sw_prototype_original_()V
    ALOAD 0
    INVOKESTATIC org/evosuite/testcarver/capture/FieldRegistry.register (Ljava/lang/Object;)V
   L0
    LINENUMBER 47 L0
    RETURN
   L1
    LOCALVARIABLE this Lcom/examples/with/different/packagename/testcarver/DateConverter; L2 L1 0
    MAXSTACK = 5
    MAXLOCALS = 1

  // access flags 0x2
  private _sw_prototype_original_init_sw_prototype_original_(Ljava/lang/Object;)V
    ALOAD 0
    INVOKESTATIC org/evosuite/testcarver/capture/FieldRegistry.register (Ljava/lang/Object;)V
   L0
    LINENUMBER 59 L0
    RETURN
   L1
    LOCALVARIABLE this Lcom/examples/with/different/packagename/testcarver/DateConverter; L2 L1 0
    LOCALVARIABLE defaultValue Ljava/lang/Object; L2 L1 1
    MAXSTACK = 6
    MAXLOCALS = 2

  // access flags 0x4
  protected getDefaultType()Ljava/lang/Class;
   L0
    LINENUMBER 67 L0
    LDC Ljava/util/Date;.class
    ARETURN
   L1
    LOCALVARIABLE this Lcom/examples/with/different/packagename/testcarver/DateConverter; L0 L1 0
    MAXSTACK = 1
    MAXLOCALS = 1

  // access flags 0x1
  public <init>()V
    TRYCATCHBLOCK L0 L1 L1 java/lang/Throwable
   L2
    LINENUMBER 46 L2
    ALOAD 0
    INVOKESPECIAL com/examples/with/different/packagename/testcarver/DateTimeConverter.<init> ()V
   L0
    LDC -2147483644
    ALOAD 0
    LDC "<init>"
    LDC "()V"
    BIPUSH 0
    ANEWARRAY java/lang/Object
    INVOKESTATIC org/evosuite/testcarver/capture/Capturer.capture (ILjava/lang/Object;Ljava/lang/String;Ljava/lang/String;[Ljava/lang/Object;)V
    ALOAD 0
    INVOKEVIRTUAL com/examples/with/different/packagename/testcarver/DateConverter._sw_prototype_original_init_sw_prototype_original_ ()V
    GOTO L3
   L1
   FRAME SAME1 java/lang/Throwable
    ASTORE 1
    LDC -2147483644
    ALOAD 0
    GETSTATIC org/evosuite/testcarver/capture/CaptureLog.RETURN_TYPE_VOID : Ljava/lang/Object;
    INVOKESTATIC org/evosuite/testcarver/capture/Capturer.enable (ILjava/lang/Object;Ljava/lang/Object;)V
    ALOAD 1
    ATHROW
   L3
   FRAME SAME
    LDC -2147483644
    ALOAD 0
    GETSTATIC org/evosuite/testcarver/capture/CaptureLog.RETURN_TYPE_VOID : Ljava/lang/Object;
    INVOKESTATIC org/evosuite/testcarver/capture/Capturer.enable (ILjava/lang/Object;Ljava/lang/Object;)V
    RETURN
    MAXSTACK = 5
    MAXLOCALS = 0

  // access flags 0x1
  public <init>(Ljava/lang/Object;)V
    TRYCATCHBLOCK L0 L1 L1 java/lang/Throwable
   L2
    LINENUMBER 58 L2
    ALOAD 0
    ALOAD 1
    INVOKESPECIAL com/examples/with/different/packagename/testcarver/DateTimeConverter.<init> (Ljava/lang/Object;)V
   L0
    LDC -2147483643
    ALOAD 0
    LDC "<init>"
    LDC "(Ljava/lang/Object;)V"
    BIPUSH 1
    ANEWARRAY java/lang/Object
    DUP
    BIPUSH 0
    ALOAD 1
    AASTORE
    INVOKESTATIC org/evosuite/testcarver/capture/Capturer.capture (ILjava/lang/Object;Ljava/lang/String;Ljava/lang/String;[Ljava/lang/Object;)V
    ALOAD 0
    ALOAD 1
    INVOKEVIRTUAL com/examples/with/different/packagename/testcarver/DateConverter._sw_prototype_original_init_sw_prototype_original_ (Ljava/lang/Object;)V
    GOTO L3
   L1
   FRAME SAME1 java/lang/Throwable
    ASTORE 2
    LDC -2147483643
    ALOAD 0
    GETSTATIC org/evosuite/testcarver/capture/CaptureLog.RETURN_TYPE_VOID : Ljava/lang/Object;
    INVOKESTATIC org/evosuite/testcarver/capture/Capturer.enable (ILjava/lang/Object;Ljava/lang/Object;)V
    ALOAD 2
    ATHROW
   L3
   FRAME SAME
    LDC -2147483643
    ALOAD 0
    GETSTATIC org/evosuite/testcarver/capture/CaptureLog.RETURN_TYPE_VOID : Ljava/lang/Object;
    INVOKESTATIC org/evosuite/testcarver/capture/Capturer.enable (ILjava/lang/Object;Ljava/lang/Object;)V
    RETURN
    MAXSTACK = 6
    MAXLOCALS = 0
}
INFO  org.evosuite.testcarver.extraction.CarvingClassLoader - Seeing class for first time: com.examples.with.different.packagename.testcarver.DateTimeConverter
WARN  org.evosuite.testcarver.extraction.CarvingClassLoader - Instrumenting class 'com.examples.with.different.packagename.testcarver.DateTimeConverter'.
INFO  org.evosuite.testcarver.instrument.Instrumenter - Checking package com.examples.with.different.packagename.testcarver for class com/examples/with/different/packagename/testcarver/DateTimeConverter
// class version 52.0 (52)
// access flags 0x421
public abstract class com/examples/with/different/packagename/testcarver/DateTimeConverter extends com/examples/with/different/packagename/testcarver/AbstractConverter {

  // compiled from: DateTimeConverter.java

  // access flags 0x2
  private [Ljava/lang/String; patterns

  // access flags 0x2
  private Ljava/lang/String; displayPatterns

  // access flags 0x2
  private Ljava/util/Locale; locale

  // access flags 0x2
  private Ljava/util/TimeZone; timeZone

  // access flags 0x2
  private Z useLocaleFormat

  // access flags 0x1
  public <init>()V
   L0
    LINENUMBER 99 L0
    ALOAD 0
    INVOKESPECIAL com/examples/with/different/packagename/testcarver/AbstractConverter.<init> ()V
   L1
    LINENUMBER 100 L1
    RETURN
   L2
    LOCALVARIABLE this Lcom/examples/with/different/packagename/testcarver/DateTimeConverter; L0 L2 0
    MAXSTACK = 1
    MAXLOCALS = 1

  // access flags 0x1
  public <init>(Ljava/lang/Object;)V
   L0
    LINENUMBER 111 L0
    ALOAD 0
    ALOAD 1
    INVOKESPECIAL com/examples/with/different/packagename/testcarver/AbstractConverter.<init> (Ljava/lang/Object;)V
   L1
    LINENUMBER 112 L1
    RETURN
   L2
    LOCALVARIABLE this Lcom/examples/with/different/packagename/testcarver/DateTimeConverter; L0 L2 0
    LOCALVARIABLE defaultValue Ljava/lang/Object; L0 L2 1
    MAXSTACK = 2
    MAXLOCALS = 2

  // access flags 0x2
  private _sw_prototype_original_setUseLocaleFormat(Z)V
   L0
    LINENUMBER 124 L0
    ALOAD 0
    ILOAD 1
    DUP2
    PUTFIELD com/examples/with/different/packagename/testcarver/DateTimeConverter.useLocaleFormat : Z
    POP
    LDC -2147483642
    LDC "com/examples/with/different/packagename/testcarver/DateTimeConverter"
    LDC "useLocaleFormat"
    LDC "Z"
    INVOKESTATIC org/evosuite/testcarver/capture/FieldRegistry.notifyModification (Ljava/lang/Object;ILjava/lang/String;Ljava/lang/String;Ljava/lang/String;)V
   L1
    LINENUMBER 125 L1
    RETURN
   L2
    LOCALVARIABLE this Lcom/examples/with/different/packagename/testcarver/DateTimeConverter; L0 L2 0
    LOCALVARIABLE useLocaleFormat Z L0 L2 1
    MAXSTACK = 6
    MAXLOCALS = 2

  // access flags 0x2
  private _sw_prototype_original_getTimeZone()Ljava/util/TimeZone;
   L0
    LINENUMBER 134 L0
    ALOAD 0
    DUP
    GETFIELD com/examples/with/different/packagename/testcarver/DateTimeConverter.timeZone : Ljava/util/TimeZone;
    SWAP
    LDC -2147483639
    LDC "com/examples/with/different/packagename/testcarver/DateTimeConverter"
    LDC "timeZone"
    LDC "Ljava/util/TimeZone;"
    INVOKESTATIC org/evosuite/testcarver/capture/FieldRegistry.notifyReadAccess (Ljava/lang/Object;ILjava/lang/String;Ljava/lang/String;Ljava/lang/String;)V
    ARETURN
   L1
    LOCALVARIABLE this Lcom/examples/with/different/packagename/testcarver/DateTimeConverter; L0 L1 0
    MAXSTACK = 5
    MAXLOCALS = 1

  // access flags 0x2
  private _sw_prototype_original_setTimeZone(Ljava/util/TimeZone;)V
   L0
    LINENUMBER 143 L0
    ALOAD 0
    ALOAD 1
    DUP2
    PUTFIELD com/examples/with/different/packagename/testcarver/DateTimeConverter.timeZone : Ljava/util/TimeZone;
    POP
    LDC -2147483637
    LDC "com/examples/with/different/packagename/testcarver/DateTimeConverter"
    LDC "timeZone"
    LDC "Ljava/util/TimeZone;"
    INVOKESTATIC org/evosuite/testcarver/capture/FieldRegistry.notifyModification (Ljava/lang/Object;ILjava/lang/String;Ljava/lang/String;Ljava/lang/String;)V
   L1
    LINENUMBER 144 L1
    RETURN
   L2
    LOCALVARIABLE this Lcom/examples/with/different/packagename/testcarver/DateTimeConverter; L0 L2 0
    LOCALVARIABLE timeZone Ljava/util/TimeZone; L0 L2 1
    MAXSTACK = 6
    MAXLOCALS = 2

  // access flags 0x2
  private _sw_prototype_original_getLocale()Ljava/util/Locale;
   L0
    LINENUMBER 153 L0
    ALOAD 0
    DUP
    GETFIELD com/examples/with/different/packagename/testcarver/DateTimeConverter.locale : Ljava/util/Locale;
    SWAP
    LDC -2147483634
    LDC "com/examples/with/different/packagename/testcarver/DateTimeConverter"
    LDC "locale"
    LDC "Ljava/util/Locale;"
    INVOKESTATIC org/evosuite/testcarver/capture/FieldRegistry.notifyReadAccess (Ljava/lang/Object;ILjava/lang/String;Ljava/lang/String;Ljava/lang/String;)V
    ARETURN
   L1
    LOCALVARIABLE this Lcom/examples/with/different/packagename/testcarver/DateTimeConverter; L0 L1 0
    MAXSTACK = 5
    MAXLOCALS = 1

  // access flags 0x2
  private _sw_prototype_original_setLocale(Ljava/util/Locale;)V
   L0
    LINENUMBER 162 L0
    ALOAD 0
    ALOAD 1
    DUP2
    PUTFIELD com/examples/with/different/packagename/testcarver/DateTimeConverter.locale : Ljava/util/Locale;
    POP
    LDC -2147483632
    LDC "com/examples/with/different/packagename/testcarver/DateTimeConverter"
    LDC "locale"
    LDC "Ljava/util/Locale;"
    INVOKESTATIC org/evosuite/testcarver/capture/FieldRegistry.notifyModification (Ljava/lang/Object;ILjava/lang/String;Ljava/lang/String;Ljava/lang/String;)V
   L1
    LINENUMBER 163 L1
    ALOAD 0
    ICONST_1
    INVOKEVIRTUAL com/examples/with/different/packagename/testcarver/DateTimeConverter.setUseLocaleFormat (Z)V
   L2
    LINENUMBER 164 L2
    RETURN
   L3
    LOCALVARIABLE this Lcom/examples/with/different/packagename/testcarver/DateTimeConverter; L0 L3 0
    LOCALVARIABLE locale Ljava/util/Locale; L0 L3 1
    MAXSTACK = 6
    MAXLOCALS = 2

  // access flags 0x2
  private _sw_prototype_original_setPattern(Ljava/lang/String;)V
   L0
    LINENUMBER 174 L0
    ALOAD 0
    ICONST_1
    ANEWARRAY java/lang/String
    DUP
    ICONST_0
    ALOAD 1
    AASTORE
    INVOKEVIRTUAL com/examples/with/different/packagename/testcarver/DateTimeConverter.setPatterns ([Ljava/lang/String;)V
   L1
    LINENUMBER 175 L1
    RETURN
   L2
    LOCALVARIABLE this Lcom/examples/with/different/packagename/testcarver/DateTimeConverter; L0 L2 0
    LOCALVARIABLE pattern Ljava/lang/String; L0 L2 1
    MAXSTACK = 9
    MAXLOCALS = 2

  // access flags 0x2
  private _sw_prototype_original_getPatterns()[Ljava/lang/String;
   L0
    LINENUMBER 186 L0
    ALOAD 0
    DUP
    GETFIELD com/examples/with/different/packagename/testcarver/DateTimeConverter.patterns : [Ljava/lang/String;
    SWAP
    LDC -2147483628
    LDC "com/examples/with/different/packagename/testcarver/DateTimeConverter"
    LDC "patterns"
    LDC "[Ljava/lang/String;"
    INVOKESTATIC org/evosuite/testcarver/capture/FieldRegistry.notifyReadAccess (Ljava/lang/Object;ILjava/lang/String;Ljava/lang/String;Ljava/lang/String;)V
    ARETURN
   L1
    LOCALVARIABLE this Lcom/examples/with/different/packagename/testcarver/DateTimeConverter; L0 L1 0
    MAXSTACK = 5
    MAXLOCALS = 1

  // access flags 0x2
  private _sw_prototype_original_setPatterns([Ljava/lang/String;)V
   L0
    LINENUMBER 197 L0
    ALOAD 0
    ALOAD 1
    DUP2
    PUTFIELD com/examples/with/different/packagename/testcarver/DateTimeConverter.patterns : [Ljava/lang/String;
    POP
    LDC -2147483626
    LDC "com/examples/with/different/packagename/testcarver/DateTimeConverter"
    LDC "patterns"
    LDC "[Ljava/lang/String;"
    INVOKESTATIC org/evosuite/testcarver/capture/FieldRegistry.notifyModification (Ljava/lang/Object;ILjava/lang/String;Ljava/lang/String;Ljava/lang/String;)V
   L1
    LINENUMBER 198 L1
    ALOAD 1
    IFNULL L2
    ALOAD 1
    ARRAYLENGTH
    ICONST_1
    IF_ICMPLE L2
   L3
    LINENUMBER 199 L3
    NEW java/lang/StringBuffer
    DUP
    INVOKESPECIAL java/lang/StringBuffer.<init> ()V
    ASTORE 2
   L4
    LINENUMBER 200 L4
    ICONST_0
    ISTORE 3
   L5
    ILOAD 3
    ALOAD 1
    ARRAYLENGTH
    IF_ICMPGE L6
   L7
    LINENUMBER 201 L7
    ILOAD 3
    IFLE L8
   L9
    LINENUMBER 202 L9
    ALOAD 2
    LDC ", "
    INVOKEVIRTUAL java/lang/StringBuffer.append (Ljava/lang/String;)Ljava/lang/StringBuffer;
    POP
   L8
    LINENUMBER 204 L8
    ALOAD 2
    ALOAD 1
    ILOAD 3
    AALOAD
    INVOKEVIRTUAL java/lang/StringBuffer.append (Ljava/lang/String;)Ljava/lang/StringBuffer;
    POP
   L10
    LINENUMBER 200 L10
    IINC 3 1
    GOTO L5
   L6
    LINENUMBER 206 L6
    ALOAD 0
    ALOAD 2
    INVOKEVIRTUAL java/lang/StringBuffer.toString ()Ljava/lang/String;
    DUP2
    PUTFIELD com/examples/with/different/packagename/testcarver/DateTimeConverter.displayPatterns : Ljava/lang/String;
    POP
    LDC -2147483624
    LDC "com/examples/with/different/packagename/testcarver/DateTimeConverter"
    LDC "displayPatterns"
    LDC "Ljava/lang/String;"
    INVOKESTATIC org/evosuite/testcarver/capture/FieldRegistry.notifyModification (Ljava/lang/Object;ILjava/lang/String;Ljava/lang/String;Ljava/lang/String;)V
   L2
    LINENUMBER 208 L2
    ALOAD 0
    ICONST_1
    INVOKEVIRTUAL com/examples/with/different/packagename/testcarver/DateTimeConverter.setUseLocaleFormat (Z)V
   L11
    LINENUMBER 209 L11
    RETURN
   L12
    LOCALVARIABLE i I L5 L6 3
    LOCALVARIABLE buffer Ljava/lang/StringBuffer; L4 L2 2
    LOCALVARIABLE this Lcom/examples/with/different/packagename/testcarver/DateTimeConverter; L0 L12 0
    LOCALVARIABLE patterns [Ljava/lang/String; L0 L12 1
    MAXSTACK = 7
    MAXLOCALS = 4

  // access flags 0x4
  protected convertToString(Ljava/lang/Object;)Ljava/lang/String; throws java/lang/Throwable
   L0
    LINENUMBER 228 L0
    ACONST_NULL
    ASTORE 2
   L1
    LINENUMBER 229 L1
    ALOAD 1
    INSTANCEOF java/util/Date
    IFEQ L2
   L3
    LINENUMBER 230 L3
    ALOAD 1
    CHECKCAST org/evosuite/testcarver/wrapper/java/util/Date
    ASTORE 2
    GOTO L4
   L2
    LINENUMBER 231 L2
    ALOAD 1
    INSTANCEOF java/util/Calendar
    IFEQ L5
   L6
    LINENUMBER 232 L6
    ALOAD 1
    CHECKCAST org/evosuite/testcarver/wrapper/java/util/Calendar
    INVOKESTATIC org/evosuite/testcarver/wrapper/java/util/Calendar.getTime (Ljava/util/Calendar;)Ljava/util/Date;
    ASTORE 2
    GOTO L4
   L5
    LINENUMBER 233 L5
    ALOAD 1
    INSTANCEOF java/lang/Long
    IFEQ L4
   L7
    LINENUMBER 234 L7
    NEW org/evosuite/testcarver/wrapper/java/util/Date
    DUP
    ALOAD 1
    CHECKCAST java/lang/Long
    INVOKEVIRTUAL java/lang/Long.longValue ()J
    INVOKESPECIAL org/evosuite/testcarver/wrapper/java/util/Date.<init> (J)V
    ASTORE 2
   L4
    LINENUMBER 237 L4
    ACONST_NULL
    ASTORE 3
   L8
    LINENUMBER 238 L8
    ALOAD 0
    GETFIELD com/examples/with/different/packagename/testcarver/DateTimeConverter.useLocaleFormat : Z
    IFEQ L9
    ALOAD 2
    IFNULL L9
   L10
    LINENUMBER 239 L10
    ACONST_NULL
    ASTORE 4
   L11
    LINENUMBER 240 L11
    ALOAD 0
    GETFIELD com/examples/with/different/packagename/testcarver/DateTimeConverter.patterns : [Ljava/lang/String;
    IFNULL L12
    ALOAD 0
    GETFIELD com/examples/with/different/packagename/testcarver/DateTimeConverter.patterns : [Ljava/lang/String;
    ARRAYLENGTH
    IFLE L12
   L13
    LINENUMBER 241 L13
    ALOAD 0
    ALOAD 0
    GETFIELD com/examples/with/different/packagename/testcarver/DateTimeConverter.patterns : [Ljava/lang/String;
    ICONST_0
    AALOAD
    INVOKESPECIAL com/examples/with/different/packagename/testcarver/DateTimeConverter.getFormat (Ljava/lang/String;)Ljava/text/DateFormat;
    ASTORE 4
    GOTO L14
   L12
    LINENUMBER 243 L12
    ALOAD 0
    ALOAD 0
    GETFIELD com/examples/with/different/packagename/testcarver/DateTimeConverter.locale : Ljava/util/Locale;
    ALOAD 0
    GETFIELD com/examples/with/different/packagename/testcarver/DateTimeConverter.timeZone : Ljava/util/TimeZone;
    INVOKEVIRTUAL com/examples/with/different/packagename/testcarver/DateTimeConverter.getFormat (Ljava/util/Locale;Ljava/util/TimeZone;)Ljava/text/DateFormat;
    ASTORE 4
   L14
    LINENUMBER 245 L14
    ALOAD 0
    LDC "Formatting"
    ALOAD 4
    INVOKESPECIAL com/examples/with/different/packagename/testcarver/DateTimeConverter.logFormat (Ljava/lang/String;Ljava/text/DateFormat;)V
   L15
    LINENUMBER 246 L15
    ALOAD 4
    ALOAD 2
    INVOKESTATIC org/evosuite/testcarver/wrapper/java/text/DateFormat.format (Ljava/text/DateFormat;Ljava/util/Date;)Ljava/lang/String;
    ASTORE 3
   L16
    LINENUMBER 247 L16
    GOTO L17
   L9
    LINENUMBER 248 L9
    ALOAD 1
    INVOKEVIRTUAL java/lang/Object.toString ()Ljava/lang/String;
    ASTORE 3
   L17
    LINENUMBER 250 L17
    ALOAD 3
    ARETURN
   L18
    LOCALVARIABLE format Ljava/text/DateFormat; L11 L16 4
    LOCALVARIABLE this Lcom/examples/with/different/packagename/testcarver/DateTimeConverter; L0 L18 0
    LOCALVARIABLE value Ljava/lang/Object; L0 L18 1
    LOCALVARIABLE date Ljava/util/Date; L1 L18 2
    LOCALVARIABLE result Ljava/lang/String; L8 L18 3
    MAXSTACK = 4
    MAXLOCALS = 5

  // access flags 0x4
  protected convertToType(Ljava/lang/Class;Ljava/lang/Object;)Ljava/lang/Object; throws java/lang/Exception
   L0
    LINENUMBER 284 L0
    ALOAD 2
    INVOKEVIRTUAL java/lang/Object.getClass ()Ljava/lang/Class;
    ASTORE 3
   L1
    LINENUMBER 287 L1
    ALOAD 2
    INSTANCEOF java/sql/Timestamp
    IFEQ L2
   L3
    LINENUMBER 293 L3
    ALOAD 2
    CHECKCAST java/sql/Timestamp
    ASTORE 4
   L4
    LINENUMBER 294 L4
    ALOAD 4
    INVOKEVIRTUAL java/sql/Timestamp.getTime ()J
    LDC 1000L
    LDIV
    LDC 1000L
    LMUL
    LSTORE 5
   L5
    LINENUMBER 295 L5
    LLOAD 5
    ALOAD 4
    INVOKEVIRTUAL java/sql/Timestamp.getNanos ()I
    LDC 1000000
    IDIV
    I2L
    LADD
    LSTORE 5
   L6
    LINENUMBER 297 L6
    ALOAD 0
    ALOAD 1
    LLOAD 5
    INVOKESPECIAL com/examples/with/different/packagename/testcarver/DateTimeConverter.toDate (Ljava/lang/Class;J)Ljava/lang/Object;
    ARETURN
   L2
    LINENUMBER 301 L2
    ALOAD 2
    INSTANCEOF java/util/Date
    IFEQ L7
   L8
    LINENUMBER 302 L8
    ALOAD 2
    CHECKCAST org/evosuite/testcarver/wrapper/java/util/Date
    ASTORE 4
   L9
    LINENUMBER 303 L9
    ALOAD 0
    ALOAD 1
    ALOAD 4
    INVOKEVIRTUAL java/util/Date.getTime ()J
    INVOKESPECIAL com/examples/with/different/packagename/testcarver/DateTimeConverter.toDate (Ljava/lang/Class;J)Ljava/lang/Object;
    ARETURN
   L7
    LINENUMBER 307 L7
    ALOAD 2
    INSTANCEOF java/util/Calendar
    IFEQ L10
   L11
    LINENUMBER 308 L11
    ALOAD 2
    CHECKCAST org/evosuite/testcarver/wrapper/java/util/Calendar
    ASTORE 4
   L12
    LINENUMBER 309 L12
    ALOAD 0
    ALOAD 1
    ALOAD 4
    INVOKESTATIC org/evosuite/testcarver/wrapper/java/util/Calendar.getTime (Ljava/util/Calendar;)Ljava/util/Date;
    INVOKEVIRTUAL java/util/Date.getTime ()J
    INVOKESPECIAL com/examples/with/different/packagename/testcarver/DateTimeConverter.toDate (Ljava/lang/Class;J)Ljava/lang/Object;
    ARETURN
   L10
    LINENUMBER 313 L10
    ALOAD 2
    INSTANCEOF java/lang/Long
    IFEQ L13
   L14
    LINENUMBER 314 L14
    ALOAD 2
    CHECKCAST java/lang/Long
    ASTORE 4
   L15
    LINENUMBER 315 L15
    ALOAD 0
    ALOAD 1
    ALOAD 4
    INVOKEVIRTUAL java/lang/Long.longValue ()J
    INVOKESPECIAL com/examples/with/different/packagename/testcarver/DateTimeConverter.toDate (Ljava/lang/Class;J)Ljava/lang/Object;
    ARETURN
   L13
    LINENUMBER 319 L13
    ALOAD 2
    INVOKEVIRTUAL java/lang/Object.toString ()Ljava/lang/String;
    INVOKEVIRTUAL java/lang/String.trim ()Ljava/lang/String;
    ASTORE 4
   L16
    LINENUMBER 320 L16
    ALOAD 4
    INVOKEVIRTUAL java/lang/String.length ()I
    IFNE L17
   L18
    LINENUMBER 321 L18
    ALOAD 0
    ALOAD 1
    INVOKEVIRTUAL com/examples/with/different/packagename/testcarver/DateTimeConverter.handleMissing (Ljava/lang/Class;)Ljava/lang/Object;
    ARETURN
   L17
    LINENUMBER 325 L17
    ALOAD 0
    GETFIELD com/examples/with/different/packagename/testcarver/DateTimeConverter.useLocaleFormat : Z
    IFEQ L19
   L20
    LINENUMBER 326 L20
    ACONST_NULL
    ASTORE 5
   L21
    LINENUMBER 327 L21
    ALOAD 0
    GETFIELD com/examples/with/different/packagename/testcarver/DateTimeConverter.patterns : [Ljava/lang/String;
    IFNULL L22
    ALOAD 0
    GETFIELD com/examples/with/different/packagename/testcarver/DateTimeConverter.patterns : [Ljava/lang/String;
    ARRAYLENGTH
    IFLE L22
   L23
    LINENUMBER 328 L23
    ALOAD 0
    ALOAD 3
    ALOAD 1
    ALOAD 4
    INVOKESPECIAL com/examples/with/different/packagename/testcarver/DateTimeConverter.parse (Ljava/lang/Class;Ljava/lang/Class;Ljava/lang/String;)Ljava/util/Calendar;
    ASTORE 5
    GOTO L24
   L22
    LINENUMBER 330 L22
    ALOAD 0
    ALOAD 0
    GETFIELD com/examples/with/different/packagename/testcarver/DateTimeConverter.locale : Ljava/util/Locale;
    ALOAD 0
    GETFIELD com/examples/with/different/packagename/testcarver/DateTimeConverter.timeZone : Ljava/util/TimeZone;
    INVOKEVIRTUAL com/examples/with/different/packagename/testcarver/DateTimeConverter.getFormat (Ljava/util/Locale;Ljava/util/TimeZone;)Ljava/text/DateFormat;
    ASTORE 6
   L25
    LINENUMBER 331 L25
    ALOAD 0
    ALOAD 3
    ALOAD 1
    ALOAD 4
    ALOAD 6
    INVOKESPECIAL com/examples/with/different/packagename/testcarver/DateTimeConverter.parse (Ljava/lang/Class;Ljava/lang/Class;Ljava/lang/String;Ljava/text/DateFormat;)Ljava/util/Calendar;
    ASTORE 5
   L24
    LINENUMBER 333 L24
    LDC Ljava/util/Calendar;.class
    ALOAD 1
    INVOKEVIRTUAL java/lang/Class.isAssignableFrom (Ljava/lang/Class;)Z
    IFEQ L26
   L27
    LINENUMBER 334 L27
    ALOAD 5
    ARETURN
   L26
    LINENUMBER 336 L26
    ALOAD 0
    ALOAD 1
    ALOAD 5
    INVOKESTATIC org/evosuite/testcarver/wrapper/java/util/Calendar.getTime (Ljava/util/Calendar;)Ljava/util/Date;
    INVOKEVIRTUAL java/util/Date.getTime ()J
    INVOKESPECIAL com/examples/with/different/packagename/testcarver/DateTimeConverter.toDate (Ljava/lang/Class;J)Ljava/lang/Object;
    ARETURN
   L19
    LINENUMBER 341 L19
    ALOAD 0
    ALOAD 1
    ALOAD 4
    INVOKESPECIAL com/examples/with/different/packagename/testcarver/DateTimeConverter.toDate (Ljava/lang/Class;Ljava/lang/String;)Ljava/lang/Object;
    ARETURN
   L28
    LOCALVARIABLE timestamp Ljava/sql/Timestamp; L4 L2 4
    LOCALVARIABLE timeInMillis J L5 L2 5
    LOCALVARIABLE date Ljava/util/Date; L9 L7 4
    LOCALVARIABLE calendar Ljava/util/Calendar; L12 L10 4
    LOCALVARIABLE longObj Ljava/lang/Long; L15 L13 4
    LOCALVARIABLE format Ljava/text/DateFormat; L25 L24 6
    LOCALVARIABLE calendar Ljava/util/Calendar; L21 L19 5
    LOCALVARIABLE this Lcom/examples/with/different/packagename/testcarver/DateTimeConverter; L0 L28 0
    LOCALVARIABLE targetType Ljava/lang/Class; L0 L28 1
    LOCALVARIABLE value Ljava/lang/Object; L0 L28 2
    LOCALVARIABLE sourceType Ljava/lang/Class; L1 L28 3
    LOCALVARIABLE stringValue Ljava/lang/String; L16 L28 4
    MAXSTACK = 5
    MAXLOCALS = 7

  // access flags 0x2
  private toDate(Ljava/lang/Class;J)Ljava/lang/Object;
   L0
    LINENUMBER 366 L0
    ALOAD 1
    LDC Ljava/util/Date;.class
    INVOKEVIRTUAL java/lang/Object.equals (Ljava/lang/Object;)Z
    IFEQ L1
   L2
    LINENUMBER 367 L2
    NEW org/evosuite/testcarver/wrapper/java/util/Date
    DUP
    LLOAD 2
    INVOKESPECIAL org/evosuite/testcarver/wrapper/java/util/Date.<init> (J)V
    ARETURN
   L1
    LINENUMBER 371 L1
    ALOAD 1
    LDC Ljava/sql/Date;.class
    INVOKEVIRTUAL java/lang/Object.equals (Ljava/lang/Object;)Z
    IFEQ L3
   L4
    LINENUMBER 372 L4
    NEW java/sql/Date
    DUP
    LLOAD 2
    INVOKESPECIAL java/sql/Date.<init> (J)V
    ARETURN
   L3
    LINENUMBER 376 L3
    ALOAD 1
    LDC Ljava/sql/Time;.class
    INVOKEVIRTUAL java/lang/Object.equals (Ljava/lang/Object;)Z
    IFEQ L5
   L6
    LINENUMBER 377 L6
    NEW java/sql/Time
    DUP
    LLOAD 2
    INVOKESPECIAL java/sql/Time.<init> (J)V
    ARETURN
   L5
    LINENUMBER 381 L5
    ALOAD 1
    LDC Ljava/sql/Timestamp;.class
    INVOKEVIRTUAL java/lang/Object.equals (Ljava/lang/Object;)Z
    IFEQ L7
   L8
    LINENUMBER 382 L8
    NEW java/sql/Timestamp
    DUP
    LLOAD 2
    INVOKESPECIAL java/sql/Timestamp.<init> (J)V
    ARETURN
   L7
    LINENUMBER 386 L7
    ALOAD 1
    LDC Ljava/util/Calendar;.class
    INVOKEVIRTUAL java/lang/Object.equals (Ljava/lang/Object;)Z
    IFEQ L9
   L10
    LINENUMBER 387 L10
    ACONST_NULL
    ASTORE 4
   L11
    LINENUMBER 388 L11
    ALOAD 0
    GETFIELD com/examples/with/different/packagename/testcarver/DateTimeConverter.locale : Ljava/util/Locale;
    IFNONNULL L12
    ALOAD 0
    GETFIELD com/examples/with/different/packagename/testcarver/DateTimeConverter.timeZone : Ljava/util/TimeZone;
    IFNONNULL L12
   L13
    LINENUMBER 389 L13
    INVOKESTATIC org/evosuite/testcarver/wrapper/java/util/Calendar.getInstance ()Ljava/util/Calendar;
    ASTORE 4
    GOTO L14
   L12
    LINENUMBER 390 L12
    ALOAD 0
    GETFIELD com/examples/with/different/packagename/testcarver/DateTimeConverter.locale : Ljava/util/Locale;
    IFNONNULL L15
   L16
    LINENUMBER 391 L16
    ALOAD 0
    GETFIELD com/examples/with/different/packagename/testcarver/DateTimeConverter.timeZone : Ljava/util/TimeZone;
    INVOKESTATIC org/evosuite/testcarver/wrapper/java/util/Calendar.getInstance (Ljava/util/TimeZone;)Ljava/util/Calendar;
    ASTORE 4
    GOTO L14
   L15
    LINENUMBER 392 L15
    ALOAD 0
    GETFIELD com/examples/with/different/packagename/testcarver/DateTimeConverter.timeZone : Ljava/util/TimeZone;
    IFNONNULL L17
   L18
    LINENUMBER 393 L18
    ALOAD 0
    GETFIELD com/examples/with/different/packagename/testcarver/DateTimeConverter.locale : Ljava/util/Locale;
    INVOKESTATIC org/evosuite/testcarver/wrapper/java/util/Calendar.getInstance (Ljava/util/Locale;)Ljava/util/Calendar;
    ASTORE 4
    GOTO L14
   L17
    LINENUMBER 395 L17
    ALOAD 0
    GETFIELD com/examples/with/different/packagename/testcarver/DateTimeConverter.timeZone : Ljava/util/TimeZone;
    ALOAD 0
    GETFIELD com/examples/with/different/packagename/testcarver/DateTimeConverter.locale : Ljava/util/Locale;
    INVOKESTATIC org/evosuite/testcarver/wrapper/java/util/Calendar.getInstance (Ljava/util/TimeZone;Ljava/util/Locale;)Ljava/util/Calendar;
    ASTORE 4
   L14
    LINENUMBER 397 L14
    ALOAD 4
    NEW org/evosuite/testcarver/wrapper/java/util/Date
    DUP
    LLOAD 2
    INVOKESPECIAL org/evosuite/testcarver/wrapper/java/util/Date.<init> (J)V
    INVOKESTATIC org/evosuite/testcarver/wrapper/java/util/Calendar.setTime (Ljava/util/Calendar;Ljava/util/Date;)V
   L19
    LINENUMBER 398 L19
    ALOAD 4
    ICONST_0
    INVOKEVIRTUAL java/util/Calendar.setLenient (Z)V
   L20
    LINENUMBER 399 L20
    ALOAD 4
    ARETURN
   L9
    LINENUMBER 402 L9
    NEW java/lang/StringBuilder
    DUP
    INVOKESPECIAL java/lang/StringBuilder.<init> ()V
    ALOAD 0
    ALOAD 0
    INVOKEVIRTUAL java/lang/Object.getClass ()Ljava/lang/Class;
    INVOKEVIRTUAL com/examples/with/different/packagename/testcarver/DateTimeConverter.toString (Ljava/lang/Class;)Ljava/lang/String;
    INVOKEVIRTUAL java/lang/StringBuilder.append (Ljava/lang/String;)Ljava/lang/StringBuilder;
    LDC " cannot handle conversion to '"
    INVOKEVIRTUAL java/lang/StringBuilder.append (Ljava/lang/String;)Ljava/lang/StringBuilder;
    ALOAD 0
    ALOAD 1
   L21
    LINENUMBER 403 L21
    INVOKEVIRTUAL com/examples/with/different/packagename/testcarver/DateTimeConverter.toString (Ljava/lang/Class;)Ljava/lang/String;
    INVOKEVIRTUAL java/lang/StringBuilder.append (Ljava/lang/String;)Ljava/lang/StringBuilder;
    LDC "'"
    INVOKEVIRTUAL java/lang/StringBuilder.append (Ljava/lang/String;)Ljava/lang/StringBuilder;
    INVOKEVIRTUAL java/lang/StringBuilder.toString ()Ljava/lang/String;
    ASTORE 4
   L22
    LINENUMBER 404 L22
    NEW com/examples/with/different/packagename/testcarver/ConversionException
    DUP
    ALOAD 4
    INVOKESPECIAL com/examples/with/different/packagename/testcarver/ConversionException.<init> (Ljava/lang/String;)V
    ATHROW
   L23
    LOCALVARIABLE calendar Ljava/util/Calendar; L11 L9 4
    LOCALVARIABLE this Lcom/examples/with/different/packagename/testcarver/DateTimeConverter; L0 L23 0
    LOCALVARIABLE type Ljava/lang/Class; L0 L23 1
    LOCALVARIABLE value J L0 L23 2
    LOCALVARIABLE msg Ljava/lang/String; L22 L23 4
    MAXSTACK = 5
    MAXLOCALS = 5

  // access flags 0x2
  private toDate(Ljava/lang/Class;Ljava/lang/String;)Ljava/lang/Object;
    TRYCATCHBLOCK L0 L1 L2 java/lang/IllegalArgumentException
    TRYCATCHBLOCK L3 L4 L5 java/lang/IllegalArgumentException
    TRYCATCHBLOCK L6 L7 L8 java/lang/IllegalArgumentException
   L9
    LINENUMBER 427 L9
    ALOAD 1
    LDC Ljava/sql/Date;.class
    INVOKEVIRTUAL java/lang/Object.equals (Ljava/lang/Object;)Z
    IFEQ L10
   L0
    LINENUMBER 429 L0
    ALOAD 2
    INVOKESTATIC java/sql/Date.valueOf (Ljava/lang/String;)Ljava/sql/Date;
   L1
    ARETURN
   L2
    LINENUMBER 430 L2
    ASTORE 3
   L11
    LINENUMBER 431 L11
    NEW com/examples/with/different/packagename/testcarver/ConversionException
    DUP
    LDC "String must be in JDBC format [yyyy-MM-dd] to create a java.sql.Date"
    INVOKESPECIAL com/examples/with/different/packagename/testcarver/ConversionException.<init> (Ljava/lang/String;)V
    ATHROW
   L10
    LINENUMBER 437 L10
    ALOAD 1
    LDC Ljava/sql/Time;.class
    INVOKEVIRTUAL java/lang/Object.equals (Ljava/lang/Object;)Z
    IFEQ L12
   L3
    LINENUMBER 439 L3
    ALOAD 2
    INVOKESTATIC java/sql/Time.valueOf (Ljava/lang/String;)Ljava/sql/Time;
   L4
    ARETURN
   L5
    LINENUMBER 440 L5
    ASTORE 3
   L13
    LINENUMBER 441 L13
    NEW com/examples/with/different/packagename/testcarver/ConversionException
    DUP
    LDC "String must be in JDBC format [HH:mm:ss] to create a java.sql.Time"
    INVOKESPECIAL com/examples/with/different/packagename/testcarver/ConversionException.<init> (Ljava/lang/String;)V
    ATHROW
   L12
    LINENUMBER 447 L12
    ALOAD 1
    LDC Ljava/sql/Timestamp;.class
    INVOKEVIRTUAL java/lang/Object.equals (Ljava/lang/Object;)Z
    IFEQ L14
   L6
    LINENUMBER 449 L6
    ALOAD 2
    INVOKESTATIC java/sql/Timestamp.valueOf (Ljava/lang/String;)Ljava/sql/Timestamp;
   L7
    ARETURN
   L8
    LINENUMBER 450 L8
    ASTORE 3
   L15
    LINENUMBER 451 L15
    NEW com/examples/with/different/packagename/testcarver/ConversionException
    DUP
    LDC "String must be in JDBC format [yyyy-MM-dd HH:mm:ss.fffffffff] to create a java.sql.Timestamp"
    INVOKESPECIAL com/examples/with/different/packagename/testcarver/ConversionException.<init> (Ljava/lang/String;)V
    ATHROW
   L14
    LINENUMBER 457 L14
    NEW java/lang/StringBuilder
    DUP
    INVOKESPECIAL java/lang/StringBuilder.<init> ()V
    ALOAD 0
    ALOAD 0
    INVOKEVIRTUAL java/lang/Object.getClass ()Ljava/lang/Class;
    INVOKEVIRTUAL com/examples/with/different/packagename/testcarver/DateTimeConverter.toString (Ljava/lang/Class;)Ljava/lang/String;
    INVOKEVIRTUAL java/lang/StringBuilder.append (Ljava/lang/String;)Ljava/lang/StringBuilder;
    LDC " does not support default String to '"
    INVOKEVIRTUAL java/lang/StringBuilder.append (Ljava/lang/String;)Ljava/lang/StringBuilder;
    ALOAD 0
    ALOAD 1
   L16
    LINENUMBER 458 L16
    INVOKEVIRTUAL com/examples/with/different/packagename/testcarver/DateTimeConverter.toString (Ljava/lang/Class;)Ljava/lang/String;
    INVOKEVIRTUAL java/lang/StringBuilder.append (Ljava/lang/String;)Ljava/lang/StringBuilder;
    LDC "' conversion."
    INVOKEVIRTUAL java/lang/StringBuilder.append (Ljava/lang/String;)Ljava/lang/StringBuilder;
    INVOKEVIRTUAL java/lang/StringBuilder.toString ()Ljava/lang/String;
    ASTORE 3
   L17
    LINENUMBER 459 L17
    NEW com/examples/with/different/packagename/testcarver/ConversionException
    DUP
    ALOAD 3
    INVOKESPECIAL com/examples/with/different/packagename/testcarver/ConversionException.<init> (Ljava/lang/String;)V
    ATHROW
   L18
    LOCALVARIABLE e Ljava/lang/IllegalArgumentException; L11 L10 3
    LOCALVARIABLE e Ljava/lang/IllegalArgumentException; L13 L12 3
    LOCALVARIABLE e Ljava/lang/IllegalArgumentException; L15 L14 3
    LOCALVARIABLE this Lcom/examples/with/different/packagename/testcarver/DateTimeConverter; L9 L18 0
    LOCALVARIABLE type Ljava/lang/Class; L9 L18 1
    LOCALVARIABLE value Ljava/lang/String; L9 L18 2
    LOCALVARIABLE msg Ljava/lang/String; L17 L18 3
    MAXSTACK = 3
    MAXLOCALS = 4

  // access flags 0x4
  protected getFormat(Ljava/util/Locale;Ljava/util/TimeZone;)Ljava/text/DateFormat;
   L0
    LINENUMBER 470 L0
    ACONST_NULL
    ASTORE 3
   L1
    LINENUMBER 471 L1
    ALOAD 1
    IFNONNULL L2
   L3
    LINENUMBER 472 L3
    ICONST_3
    INVOKESTATIC org/evosuite/testcarver/wrapper/java/text/DateFormat.getDateInstance_final (I)Ljava/text/DateFormat;
    ASTORE 3
    GOTO L4
   L2
    LINENUMBER 474 L2
    ICONST_3
    ALOAD 1
    INVOKESTATIC org/evosuite/testcarver/wrapper/java/text/DateFormat.getDateInstance_final (ILjava/util/Locale;)Ljava/text/DateFormat;
    ASTORE 3
   L4
    LINENUMBER 476 L4
    ALOAD 2
    IFNULL L5
   L6
    LINENUMBER 477 L6
    ALOAD 3
    ALOAD 2
    INVOKEVIRTUAL java/text/DateFormat.setTimeZone (Ljava/util/TimeZone;)V
   L5
    LINENUMBER 479 L5
    ALOAD 3
    ARETURN
   L7
    LOCALVARIABLE this Lcom/examples/with/different/packagename/testcarver/DateTimeConverter; L0 L7 0
    LOCALVARIABLE locale Ljava/util/Locale; L0 L7 1
    LOCALVARIABLE timeZone Ljava/util/TimeZone; L0 L7 2
    LOCALVARIABLE format Ljava/text/DateFormat; L1 L7 3
    MAXSTACK = 2
    MAXLOCALS = 4

  // access flags 0x2
  private getFormat(Ljava/lang/String;)Ljava/text/DateFormat;
   L0
    LINENUMBER 489 L0
    NEW org/evosuite/testcarver/wrapper/java/text/SimpleDateFormat
    DUP
    ALOAD 1
    INVOKESPECIAL org/evosuite/testcarver/wrapper/java/text/SimpleDateFormat.<init> (Ljava/lang/String;)V
    ASTORE 2
   L1
    LINENUMBER 490 L1
    ALOAD 0
    GETFIELD com/examples/with/different/packagename/testcarver/DateTimeConverter.timeZone : Ljava/util/TimeZone;
    IFNULL L2
   L3
    LINENUMBER 491 L3
    ALOAD 2
    ALOAD 0
    GETFIELD com/examples/with/different/packagename/testcarver/DateTimeConverter.timeZone : Ljava/util/TimeZone;
    INVOKEVIRTUAL java/text/DateFormat.setTimeZone (Ljava/util/TimeZone;)V
   L2
    LINENUMBER 493 L2
    ALOAD 2
    ARETURN
   L4
    LOCALVARIABLE this Lcom/examples/with/different/packagename/testcarver/DateTimeConverter; L0 L4 0
    LOCALVARIABLE pattern Ljava/lang/String; L0 L4 1
    LOCALVARIABLE format Ljava/text/DateFormat; L1 L4 2
    MAXSTACK = 3
    MAXLOCALS = 3

  // access flags 0x2
  private parse(Ljava/lang/Class;Ljava/lang/Class;Ljava/lang/String;)Ljava/util/Calendar; throws java/lang/Exception
    TRYCATCHBLOCK L0 L1 L2 java/lang/Exception
   L3
    LINENUMBER 506 L3
    ACONST_NULL
    ASTORE 4
   L4
    LINENUMBER 507 L4
    ICONST_0
    ISTORE 5
   L5
    ILOAD 5
    ALOAD 0
    GETFIELD com/examples/with/different/packagename/testcarver/DateTimeConverter.patterns : [Ljava/lang/String;
    ARRAYLENGTH
    IF_ICMPGE L6
   L0
    LINENUMBER 509 L0
    ALOAD 0
    ALOAD 0
    GETFIELD com/examples/with/different/packagename/testcarver/DateTimeConverter.patterns : [Ljava/lang/String;
    ILOAD 5
    AALOAD
    INVOKESPECIAL com/examples/with/different/packagename/testcarver/DateTimeConverter.getFormat (Ljava/lang/String;)Ljava/text/DateFormat;
    ASTORE 6
   L7
    LINENUMBER 510 L7
    ALOAD 0
    ALOAD 1
    ALOAD 2
    ALOAD 3
    ALOAD 6
    INVOKESPECIAL com/examples/with/different/packagename/testcarver/DateTimeConverter.parse (Ljava/lang/Class;Ljava/lang/Class;Ljava/lang/String;Ljava/text/DateFormat;)Ljava/util/Calendar;
    ASTORE 7
   L8
    LINENUMBER 511 L8
    ALOAD 7
   L1
    ARETURN
   L2
    LINENUMBER 512 L2
    ASTORE 6
   L9
    LINENUMBER 513 L9
    ALOAD 4
    IFNONNULL L10
   L11
    LINENUMBER 514 L11
    ALOAD 6
    ASTORE 4
   L10
    LINENUMBER 507 L10
    IINC 5 1
    GOTO L5
   L6
    LINENUMBER 518 L6
    ALOAD 0
    GETFIELD com/examples/with/different/packagename/testcarver/DateTimeConverter.patterns : [Ljava/lang/String;
    ARRAYLENGTH
    ICONST_1
    IF_ICMPLE L12
   L13
    LINENUMBER 519 L13
    NEW com/examples/with/different/packagename/testcarver/ConversionException
    DUP
    NEW java/lang/StringBuilder
    DUP
    INVOKESPECIAL java/lang/StringBuilder.<init> ()V
    LDC "Error converting '"
    INVOKEVIRTUAL java/lang/StringBuilder.append (Ljava/lang/String;)Ljava/lang/StringBuilder;
    ALOAD 0
    ALOAD 1
    INVOKEVIRTUAL com/examples/with/different/packagename/testcarver/DateTimeConverter.toString (Ljava/lang/Class;)Ljava/lang/String;
    INVOKEVIRTUAL java/lang/StringBuilder.append (Ljava/lang/String;)Ljava/lang/StringBuilder;
    LDC "' to '"
    INVOKEVIRTUAL java/lang/StringBuilder.append (Ljava/lang/String;)Ljava/lang/StringBuilder;
    ALOAD 0
    ALOAD 2
    INVOKEVIRTUAL com/examples/with/different/packagename/testcarver/DateTimeConverter.toString (Ljava/lang/Class;)Ljava/lang/String;
    INVOKEVIRTUAL java/lang/StringBuilder.append (Ljava/lang/String;)Ljava/lang/StringBuilder;
    LDC "' using  patterns '"
    INVOKEVIRTUAL java/lang/StringBuilder.append (Ljava/lang/String;)Ljava/lang/StringBuilder;
    ALOAD 0
    GETFIELD com/examples/with/different/packagename/testcarver/DateTimeConverter.displayPatterns : Ljava/lang/String;
    INVOKEVIRTUAL java/lang/StringBuilder.append (Ljava/lang/String;)Ljava/lang/StringBuilder;
    LDC "'"
    INVOKEVIRTUAL java/lang/StringBuilder.append (Ljava/lang/String;)Ljava/lang/StringBuilder;
    INVOKEVIRTUAL java/lang/StringBuilder.toString ()Ljava/lang/String;
    INVOKESPECIAL com/examples/with/different/packagename/testcarver/ConversionException.<init> (Ljava/lang/String;)V
    ATHROW
   L12
    LINENUMBER 522 L12
    ALOAD 4
    ATHROW
   L14
    LOCALVARIABLE format Ljava/text/DateFormat; L7 L2 6
    LOCALVARIABLE calendar Ljava/util/Calendar; L8 L2 7
    LOCALVARIABLE ex Ljava/lang/Exception; L9 L10 6
    LOCALVARIABLE i I L5 L6 5
    LOCALVARIABLE this Lcom/examples/with/different/packagename/testcarver/DateTimeConverter; L3 L14 0
    LOCALVARIABLE sourceType Ljava/lang/Class; L3 L14 1
    LOCALVARIABLE targetType Ljava/lang/Class; L3 L14 2
    LOCALVARIABLE value Ljava/lang/String; L3 L14 3
    LOCALVARIABLE firstEx Ljava/lang/Exception; L4 L14 4
    MAXSTACK = 5
    MAXLOCALS = 8

  // access flags 0x2
  private parse(Ljava/lang/Class;Ljava/lang/Class;Ljava/lang/String;Ljava/text/DateFormat;)Ljava/util/Calendar;
   L0
    LINENUMBER 538 L0
    ALOAD 0
    LDC "Parsing"
    ALOAD 4
    INVOKESPECIAL com/examples/with/different/packagename/testcarver/DateTimeConverter.logFormat (Ljava/lang/String;Ljava/text/DateFormat;)V
   L1
    LINENUMBER 539 L1
    ALOAD 4
    ICONST_0
    INVOKEVIRTUAL java/text/DateFormat.setLenient (Z)V
   L2
    LINENUMBER 540 L2
    NEW java/text/ParsePosition
    DUP
    ICONST_0
    INVOKESPECIAL java/text/ParsePosition.<init> (I)V
    ASTORE 5
   L3
    LINENUMBER 541 L3
    ALOAD 4
    ALOAD 3
    ALOAD 5
    INVOKEVIRTUAL java/text/DateFormat.parse (Ljava/lang/String;Ljava/text/ParsePosition;)Ljava/util/Date;
    ASTORE 6
   L4
    LINENUMBER 542 L4
    ALOAD 5
    INVOKEVIRTUAL java/text/ParsePosition.getErrorIndex ()I
    IFGE L5
    ALOAD 5
    INVOKEVIRTUAL java/text/ParsePosition.getIndex ()I
    ALOAD 3
    INVOKEVIRTUAL java/lang/String.length ()I
    IF_ICMPNE L5
    ALOAD 6
    IFNONNULL L6
   L5
    LINENUMBER 543 L5
    NEW java/lang/StringBuilder
    DUP
    INVOKESPECIAL java/lang/StringBuilder.<init> ()V
    LDC "Error converting '"
    INVOKEVIRTUAL java/lang/StringBuilder.append (Ljava/lang/String;)Ljava/lang/StringBuilder;
    ALOAD 0
    ALOAD 1
    INVOKEVIRTUAL com/examples/with/different/packagename/testcarver/DateTimeConverter.toString (Ljava/lang/Class;)Ljava/lang/String;
    INVOKEVIRTUAL java/lang/StringBuilder.append (Ljava/lang/String;)Ljava/lang/StringBuilder;
    LDC "' to '"
    INVOKEVIRTUAL java/lang/StringBuilder.append (Ljava/lang/String;)Ljava/lang/StringBuilder;
    ALOAD 0
    ALOAD 2
    INVOKEVIRTUAL com/examples/with/different/packagename/testcarver/DateTimeConverter.toString (Ljava/lang/Class;)Ljava/lang/String;
    INVOKEVIRTUAL java/lang/StringBuilder.append (Ljava/lang/String;)Ljava/lang/StringBuilder;
    LDC "'"
    INVOKEVIRTUAL java/lang/StringBuilder.append (Ljava/lang/String;)Ljava/lang/StringBuilder;
    INVOKEVIRTUAL java/lang/StringBuilder.toString ()Ljava/lang/String;
    ASTORE 7
   L7
    LINENUMBER 544 L7
    ALOAD 4
    INSTANCEOF java/text/SimpleDateFormat
    IFEQ L8
   L9
    LINENUMBER 545 L9
    NEW java/lang/StringBuilder
    DUP
    INVOKESPECIAL java/lang/StringBuilder.<init> ()V
    ALOAD 7
    INVOKEVIRTUAL java/lang/StringBuilder.append (Ljava/lang/String;)Ljava/lang/StringBuilder;
    LDC " using pattern '"
    INVOKEVIRTUAL java/lang/StringBuilder.append (Ljava/lang/String;)Ljava/lang/StringBuilder;
    ALOAD 4
    CHECKCAST org/evosuite/testcarver/wrapper/java/text/SimpleDateFormat
    INVOKEVIRTUAL java/text/SimpleDateFormat.toPattern ()Ljava/lang/String;
    INVOKEVIRTUAL java/lang/StringBuilder.append (Ljava/lang/String;)Ljava/lang/StringBuilder;
    LDC "'"
    INVOKEVIRTUAL java/lang/StringBuilder.append (Ljava/lang/String;)Ljava/lang/StringBuilder;
    INVOKEVIRTUAL java/lang/StringBuilder.toString ()Ljava/lang/String;
    ASTORE 7
   L8
    LINENUMBER 547 L8
    NEW com/examples/with/different/packagename/testcarver/ConversionException
    DUP
    ALOAD 7
    INVOKESPECIAL com/examples/with/different/packagename/testcarver/ConversionException.<init> (Ljava/lang/String;)V
    ATHROW
   L6
    LINENUMBER 549 L6
    ALOAD 4
    INVOKEVIRTUAL java/text/DateFormat.getCalendar ()Ljava/util/Calendar;
    ASTORE 7
   L10
    LINENUMBER 550 L10
    ALOAD 7
    ARETURN
   L11
    LOCALVARIABLE msg Ljava/lang/String; L7 L6 7
    LOCALVARIABLE this Lcom/examples/with/different/packagename/testcarver/DateTimeConverter; L0 L11 0
    LOCALVARIABLE sourceType Ljava/lang/Class; L0 L11 1
    LOCALVARIABLE targetType Ljava/lang/Class; L0 L11 2
    LOCALVARIABLE value Ljava/lang/String; L0 L11 3
    LOCALVARIABLE format Ljava/text/DateFormat; L0 L11 4
    LOCALVARIABLE pos Ljava/text/ParsePosition; L3 L11 5
    LOCALVARIABLE parsedDate Ljava/util/Date; L4 L11 6
    LOCALVARIABLE calendar Ljava/util/Calendar; L10 L11 7
    MAXSTACK = 3
    MAXLOCALS = 8

  // access flags 0x2
  private _sw_prototype_original_toString()Ljava/lang/String;
   L0
    LINENUMBER 559 L0
    NEW java/lang/StringBuffer
    DUP
    INVOKESPECIAL java/lang/StringBuffer.<init> ()V
    ASTORE 1
   L1
    LINENUMBER 560 L1
    ALOAD 1
    ALOAD 0
    ALOAD 0
    INVOKEVIRTUAL java/lang/Object.getClass ()Ljava/lang/Class;
    INVOKEVIRTUAL com/examples/with/different/packagename/testcarver/DateTimeConverter.toString (Ljava/lang/Class;)Ljava/lang/String;
    INVOKEVIRTUAL java/lang/StringBuffer.append (Ljava/lang/String;)Ljava/lang/StringBuffer;
    POP
   L2
    LINENUMBER 561 L2
    ALOAD 1
    LDC "[UseDefault="
    INVOKEVIRTUAL java/lang/StringBuffer.append (Ljava/lang/String;)Ljava/lang/StringBuffer;
    POP
   L3
    LINENUMBER 562 L3
    ALOAD 1
    ALOAD 0
    INVOKEVIRTUAL com/examples/with/different/packagename/testcarver/DateTimeConverter.isUseDefault ()Z
    INVOKEVIRTUAL java/lang/StringBuffer.append (Z)Ljava/lang/StringBuffer;
    POP
   L4
    LINENUMBER 563 L4
    ALOAD 1
    LDC ", UseLocaleFormat="
    INVOKEVIRTUAL java/lang/StringBuffer.append (Ljava/lang/String;)Ljava/lang/StringBuffer;
    POP
   L5
    LINENUMBER 564 L5
    ALOAD 1
    ALOAD 0
    DUP
    GETFIELD com/examples/with/different/packagename/testcarver/DateTimeConverter.useLocaleFormat : Z
    SWAP
    LDC -2147483621
    LDC "com/examples/with/different/packagename/testcarver/DateTimeConverter"
    LDC "useLocaleFormat"
    LDC "Z"
    INVOKESTATIC org/evosuite/testcarver/capture/FieldRegistry.notifyReadAccess (Ljava/lang/Object;ILjava/lang/String;Ljava/lang/String;Ljava/lang/String;)V
    INVOKEVIRTUAL java/lang/StringBuffer.append (Z)Ljava/lang/StringBuffer;
    POP
   L6
    LINENUMBER 565 L6
    ALOAD 0
    DUP
    GETFIELD com/examples/with/different/packagename/testcarver/DateTimeConverter.displayPatterns : Ljava/lang/String;
    SWAP
    LDC -2147483620
    LDC "com/examples/with/different/packagename/testcarver/DateTimeConverter"
    LDC "displayPatterns"
    LDC "Ljava/lang/String;"
    INVOKESTATIC org/evosuite/testcarver/capture/FieldRegistry.notifyReadAccess (Ljava/lang/Object;ILjava/lang/String;Ljava/lang/String;Ljava/lang/String;)V
    IFNULL L7
   L8
    LINENUMBER 566 L8
    ALOAD 1
    LDC ", Patterns={"
    INVOKEVIRTUAL java/lang/StringBuffer.append (Ljava/lang/String;)Ljava/lang/StringBuffer;
    POP
   L9
    LINENUMBER 567 L9
    ALOAD 1
    ALOAD 0
    DUP
    GETFIELD com/examples/with/different/packagename/testcarver/DateTimeConverter.displayPatterns : Ljava/lang/String;
    SWAP
    LDC -2147483619
    LDC "com/examples/with/different/packagename/testcarver/DateTimeConverter"
    LDC "displayPatterns"
    LDC "Ljava/lang/String;"
    INVOKESTATIC org/evosuite/testcarver/capture/FieldRegistry.notifyReadAccess (Ljava/lang/Object;ILjava/lang/String;Ljava/lang/String;Ljava/lang/String;)V
    INVOKEVIRTUAL java/lang/StringBuffer.append (Ljava/lang/String;)Ljava/lang/StringBuffer;
    POP
   L10
    LINENUMBER 568 L10
    ALOAD 1
    BIPUSH 125
    INVOKEVIRTUAL java/lang/StringBuffer.append (C)Ljava/lang/StringBuffer;
    POP
   L7
    LINENUMBER 570 L7
    ALOAD 0
    DUP
    GETFIELD com/examples/with/different/packagename/testcarver/DateTimeConverter.locale : Ljava/util/Locale;
    SWAP
    LDC -2147483618
    LDC "com/examples/with/different/packagename/testcarver/DateTimeConverter"
    LDC "locale"
    LDC "Ljava/util/Locale;"
    INVOKESTATIC org/evosuite/testcarver/capture/FieldRegistry.notifyReadAccess (Ljava/lang/Object;ILjava/lang/String;Ljava/lang/String;Ljava/lang/String;)V
    IFNULL L11
   L12
    LINENUMBER 571 L12
    ALOAD 1
    LDC ", Locale="
    INVOKEVIRTUAL java/lang/StringBuffer.append (Ljava/lang/String;)Ljava/lang/StringBuffer;
    POP
   L13
    LINENUMBER 572 L13
    ALOAD 1
    ALOAD 0
    DUP
    GETFIELD com/examples/with/different/packagename/testcarver/DateTimeConverter.locale : Ljava/util/Locale;
    SWAP
    LDC -2147483617
    LDC "com/examples/with/different/packagename/testcarver/DateTimeConverter"
    LDC "locale"
    LDC "Ljava/util/Locale;"
    INVOKESTATIC org/evosuite/testcarver/capture/FieldRegistry.notifyReadAccess (Ljava/lang/Object;ILjava/lang/String;Ljava/lang/String;Ljava/lang/String;)V
    INVOKEVIRTUAL java/lang/StringBuffer.append (Ljava/lang/Object;)Ljava/lang/StringBuffer;
    POP
   L11
    LINENUMBER 574 L11
    ALOAD 0
    DUP
    GETFIELD com/examples/with/different/packagename/testcarver/DateTimeConverter.timeZone : Ljava/util/TimeZone;
    SWAP
    LDC -2147483616
    LDC "com/examples/with/different/packagename/testcarver/DateTimeConverter"
    LDC "timeZone"
    LDC "Ljava/util/TimeZone;"
    INVOKESTATIC org/evosuite/testcarver/capture/FieldRegistry.notifyReadAccess (Ljava/lang/Object;ILjava/lang/String;Ljava/lang/String;Ljava/lang/String;)V
    IFNULL L14
   L15
    LINENUMBER 575 L15
    ALOAD 1
    LDC ", TimeZone="
    INVOKEVIRTUAL java/lang/StringBuffer.append (Ljava/lang/String;)Ljava/lang/StringBuffer;
    POP
   L16
    LINENUMBER 576 L16
    ALOAD 1
    ALOAD 0
    DUP
    GETFIELD com/examples/with/different/packagename/testcarver/DateTimeConverter.timeZone : Ljava/util/TimeZone;
    SWAP
    LDC -2147483615
    LDC "com/examples/with/different/packagename/testcarver/DateTimeConverter"
    LDC "timeZone"
    LDC "Ljava/util/TimeZone;"
    INVOKESTATIC org/evosuite/testcarver/capture/FieldRegistry.notifyReadAccess (Ljava/lang/Object;ILjava/lang/String;Ljava/lang/String;Ljava/lang/String;)V
    INVOKEVIRTUAL java/lang/StringBuffer.append (Ljava/lang/Object;)Ljava/lang/StringBuffer;
    POP
   L14
    LINENUMBER 578 L14
    ALOAD 1
    BIPUSH 93
    INVOKEVIRTUAL java/lang/StringBuffer.append (C)Ljava/lang/StringBuffer;
    POP
   L17
    LINENUMBER 579 L17
    ALOAD 1
    INVOKEVIRTUAL java/lang/StringBuffer.toString ()Ljava/lang/String;
    ARETURN
   L18
    LOCALVARIABLE this Lcom/examples/with/different/packagename/testcarver/DateTimeConverter; L0 L18 0
    LOCALVARIABLE buffer Ljava/lang/StringBuffer; L1 L18 1
    MAXSTACK = 7
    MAXLOCALS = 2

  // access flags 0x2
  private logFormat(Ljava/lang/String;Ljava/text/DateFormat;)V
   L0
    LINENUMBER 590 L0
    RETURN
   L1
    LOCALVARIABLE this Lcom/examples/with/different/packagename/testcarver/DateTimeConverter; L0 L1 0
    LOCALVARIABLE action Ljava/lang/String; L0 L1 1
    LOCALVARIABLE format Ljava/text/DateFormat; L0 L1 2
    MAXSTACK = 0
    MAXLOCALS = 3

  // access flags 0x1
  public setUseLocaleFormat(Z)V
    TRYCATCHBLOCK L0 L1 L1 java/lang/Throwable
   L0
    LDC -2147483640
    ALOAD 0
    LDC "setUseLocaleFormat"
    LDC "(Z)V"
    BIPUSH 1
    ANEWARRAY java/lang/Object
    DUP
    BIPUSH 0
    ILOAD 1
    INVOKESTATIC java/lang/Boolean.valueOf (Z)Ljava/lang/Boolean;
    AASTORE
    INVOKESTATIC org/evosuite/testcarver/capture/Capturer.capture (ILjava/lang/Object;Ljava/lang/String;Ljava/lang/String;[Ljava/lang/Object;)V
    ALOAD 0
    ILOAD 1
    INVOKEVIRTUAL com/examples/with/different/packagename/testcarver/DateTimeConverter._sw_prototype_original_setUseLocaleFormat (Z)V
    GOTO L2
   L1
   FRAME SAME1 java/lang/Throwable
    ASTORE 2
    LDC -2147483640
    ALOAD 0
    GETSTATIC org/evosuite/testcarver/capture/CaptureLog.RETURN_TYPE_VOID : Ljava/lang/Object;
    INVOKESTATIC org/evosuite/testcarver/capture/Capturer.enable (ILjava/lang/Object;Ljava/lang/Object;)V
    ALOAD 2
    ATHROW
   L2
   FRAME SAME
    LDC -2147483640
    ALOAD 0
    GETSTATIC org/evosuite/testcarver/capture/CaptureLog.RETURN_TYPE_VOID : Ljava/lang/Object;
    INVOKESTATIC org/evosuite/testcarver/capture/Capturer.enable (ILjava/lang/Object;Ljava/lang/Object;)V
    RETURN
    MAXSTACK = 6
    MAXLOCALS = 0

  // access flags 0x1
  public getTimeZone()Ljava/util/TimeZone;
    TRYCATCHBLOCK L0 L1 L2 java/lang/Throwable
    ACONST_NULL
    ASTORE 1
   L0
    LDC -2147483638
    ALOAD 0
    LDC "getTimeZone"
    LDC "()Ljava/util/TimeZone;"
    BIPUSH 0
    ANEWARRAY java/lang/Object
    INVOKESTATIC org/evosuite/testcarver/capture/Capturer.capture (ILjava/lang/Object;Ljava/lang/String;Ljava/lang/String;[Ljava/lang/Object;)V
    ALOAD 0
    INVOKEVIRTUAL com/examples/with/different/packagename/testcarver/DateTimeConverter._sw_prototype_original_getTimeZone ()Ljava/util/TimeZone;
    ASTORE 1
    ALOAD 1
    ASTORE 3
   L1
    LDC -2147483638
    ALOAD 0
    ALOAD 1
    INVOKESTATIC org/evosuite/testcarver/capture/Capturer.enable (ILjava/lang/Object;Ljava/lang/Object;)V
    ALOAD 3
    ARETURN
   L2
   FRAME FULL [com/examples/with/different/packagename/testcarver/DateTimeConverter java/util/TimeZone] [java/lang/Throwable]
    ASTORE 2
    LDC -2147483638
    ALOAD 0
    ALOAD 1
    INVOKESTATIC org/evosuite/testcarver/capture/Capturer.enable (ILjava/lang/Object;Ljava/lang/Object;)V
    ALOAD 2
    ATHROW
    MAXSTACK = 5
    MAXLOCALS = 0

  // access flags 0x1
  public setTimeZone(Ljava/util/TimeZone;)V
    TRYCATCHBLOCK L0 L1 L1 java/lang/Throwable
   L0
    LDC -2147483635
    ALOAD 0
    LDC "setTimeZone"
    LDC "(Ljava/util/TimeZone;)V"
    BIPUSH 1
    ANEWARRAY java/lang/Object
    DUP
    BIPUSH 0
    ALOAD 1
    AASTORE
    INVOKESTATIC org/evosuite/testcarver/capture/Capturer.capture (ILjava/lang/Object;Ljava/lang/String;Ljava/lang/String;[Ljava/lang/Object;)V
    ALOAD 0
    ALOAD 1
    INVOKEVIRTUAL com/examples/with/different/packagename/testcarver/DateTimeConverter._sw_prototype_original_setTimeZone (Ljava/util/TimeZone;)V
    GOTO L2
   L1
   FRAME SAME1 java/lang/Throwable
    ASTORE 2
    LDC -2147483635
    ALOAD 0
    GETSTATIC org/evosuite/testcarver/capture/CaptureLog.RETURN_TYPE_VOID : Ljava/lang/Object;
    INVOKESTATIC org/evosuite/testcarver/capture/Capturer.enable (ILjava/lang/Object;Ljava/lang/Object;)V
    ALOAD 2
    ATHROW
   L2
   FRAME SAME
    LDC -2147483635
    ALOAD 0
    GETSTATIC org/evosuite/testcarver/capture/CaptureLog.RETURN_TYPE_VOID : Ljava/lang/Object;
    INVOKESTATIC org/evosuite/testcarver/capture/Capturer.enable (ILjava/lang/Object;Ljava/lang/Object;)V
    RETURN
    MAXSTACK = 6
    MAXLOCALS = 0

  // access flags 0x1
  public getLocale()Ljava/util/Locale;
    TRYCATCHBLOCK L0 L1 L2 java/lang/Throwable
    ACONST_NULL
    ASTORE 1
   L0
    LDC -2147483633
    ALOAD 0
    LDC "getLocale"
    LDC "()Ljava/util/Locale;"
    BIPUSH 0
    ANEWARRAY java/lang/Object
    INVOKESTATIC org/evosuite/testcarver/capture/Capturer.capture (ILjava/lang/Object;Ljava/lang/String;Ljava/lang/String;[Ljava/lang/Object;)V
    ALOAD 0
    INVOKEVIRTUAL com/examples/with/different/packagename/testcarver/DateTimeConverter._sw_prototype_original_getLocale ()Ljava/util/Locale;
    ASTORE 1
    ALOAD 1
    ASTORE 3
   L1
    LDC -2147483633
    ALOAD 0
    ALOAD 1
    INVOKESTATIC org/evosuite/testcarver/capture/Capturer.enable (ILjava/lang/Object;Ljava/lang/Object;)V
    ALOAD 3
    ARETURN
   L2
   FRAME FULL [com/examples/with/different/packagename/testcarver/DateTimeConverter java/util/Locale] [java/lang/Throwable]
    ASTORE 2
    LDC -2147483633
    ALOAD 0
    ALOAD 1
    INVOKESTATIC org/evosuite/testcarver/capture/Capturer.enable (ILjava/lang/Object;Ljava/lang/Object;)V
    ALOAD 2
    ATHROW
    MAXSTACK = 5
    MAXLOCALS = 0

  // access flags 0x1
  public setLocale(Ljava/util/Locale;)V
    TRYCATCHBLOCK L0 L1 L1 java/lang/Throwable
   L0
    LDC -2147483630
    ALOAD 0
    LDC "setLocale"
    LDC "(Ljava/util/Locale;)V"
    BIPUSH 1
    ANEWARRAY java/lang/Object
    DUP
    BIPUSH 0
    ALOAD 1
    AASTORE
    INVOKESTATIC org/evosuite/testcarver/capture/Capturer.capture (ILjava/lang/Object;Ljava/lang/String;Ljava/lang/String;[Ljava/lang/Object;)V
    ALOAD 0
    ALOAD 1
    INVOKEVIRTUAL com/examples/with/different/packagename/testcarver/DateTimeConverter._sw_prototype_original_setLocale (Ljava/util/Locale;)V
    GOTO L2
   L1
   FRAME SAME1 java/lang/Throwable
    ASTORE 2
    LDC -2147483630
    ALOAD 0
    GETSTATIC org/evosuite/testcarver/capture/CaptureLog.RETURN_TYPE_VOID : Ljava/lang/Object;
    INVOKESTATIC org/evosuite/testcarver/capture/Capturer.enable (ILjava/lang/Object;Ljava/lang/Object;)V
    ALOAD 2
    ATHROW
   L2
   FRAME SAME
    LDC -2147483630
    ALOAD 0
    GETSTATIC org/evosuite/testcarver/capture/CaptureLog.RETURN_TYPE_VOID : Ljava/lang/Object;
    INVOKESTATIC org/evosuite/testcarver/capture/Capturer.enable (ILjava/lang/Object;Ljava/lang/Object;)V
    RETURN
    MAXSTACK = 6
    MAXLOCALS = 0

  // access flags 0x1
  public setPattern(Ljava/lang/String;)V
    TRYCATCHBLOCK L0 L1 L1 java/lang/Throwable
   L0
    LDC -2147483629
    ALOAD 0
    LDC "setPattern"
    LDC "(Ljava/lang/String;)V"
    BIPUSH 1
    ANEWARRAY java/lang/Object
    DUP
    BIPUSH 0
    ALOAD 1
    AASTORE
    INVOKESTATIC org/evosuite/testcarver/capture/Capturer.capture (ILjava/lang/Object;Ljava/lang/String;Ljava/lang/String;[Ljava/lang/Object;)V
    ALOAD 0
    ALOAD 1
    INVOKEVIRTUAL com/examples/with/different/packagename/testcarver/DateTimeConverter._sw_prototype_original_setPattern (Ljava/lang/String;)V
    GOTO L2
   L1
   FRAME SAME1 java/lang/Throwable
    ASTORE 2
    LDC -2147483629
    ALOAD 0
    GETSTATIC org/evosuite/testcarver/capture/CaptureLog.RETURN_TYPE_VOID : Ljava/lang/Object;
    INVOKESTATIC org/evosuite/testcarver/capture/Capturer.enable (ILjava/lang/Object;Ljava/lang/Object;)V
    ALOAD 2
    ATHROW
   L2
   FRAME SAME
    LDC -2147483629
    ALOAD 0
    GETSTATIC org/evosuite/testcarver/capture/CaptureLog.RETURN_TYPE_VOID : Ljava/lang/Object;
    INVOKESTATIC org/evosuite/testcarver/capture/Capturer.enable (ILjava/lang/Object;Ljava/lang/Object;)V
    RETURN
    MAXSTACK = 9
    MAXLOCALS = 0

  // access flags 0x1
  public getPatterns()[Ljava/lang/String;
    TRYCATCHBLOCK L0 L1 L2 java/lang/Throwable
    ACONST_NULL
    ASTORE 1
   L0
    LDC -2147483627
    ALOAD 0
    LDC "getPatterns"
    LDC "()[Ljava/lang/String;"
    BIPUSH 0
    ANEWARRAY java/lang/Object
    INVOKESTATIC org/evosuite/testcarver/capture/Capturer.capture (ILjava/lang/Object;Ljava/lang/String;Ljava/lang/String;[Ljava/lang/Object;)V
    ALOAD 0
    INVOKEVIRTUAL com/examples/with/different/packagename/testcarver/DateTimeConverter._sw_prototype_original_getPatterns ()[Ljava/lang/String;
    ASTORE 1
    ALOAD 1
    ASTORE 3
   L1
    LDC -2147483627
    ALOAD 0
    ALOAD 1
    INVOKESTATIC org/evosuite/testcarver/capture/Capturer.enable (ILjava/lang/Object;Ljava/lang/Object;)V
    ALOAD 3
    ARETURN
   L2
   FRAME FULL [com/examples/with/different/packagename/testcarver/DateTimeConverter [Ljava/lang/String;] [java/lang/Throwable]
    ASTORE 2
    LDC -2147483627
    ALOAD 0
    ALOAD 1
    INVOKESTATIC org/evosuite/testcarver/capture/Capturer.enable (ILjava/lang/Object;Ljava/lang/Object;)V
    ALOAD 2
    ATHROW
    MAXSTACK = 5
    MAXLOCALS = 0

  // access flags 0x1
  public setPatterns([Ljava/lang/String;)V
    TRYCATCHBLOCK L0 L1 L1 java/lang/Throwable
   L0
    LDC -2147483622
    ALOAD 0
    LDC "setPatterns"
    LDC "([Ljava/lang/String;)V"
    BIPUSH 1
    ANEWARRAY java/lang/Object
    DUP
    BIPUSH 0
    ALOAD 1
    AASTORE
    INVOKESTATIC org/evosuite/testcarver/capture/Capturer.capture (ILjava/lang/Object;Ljava/lang/String;Ljava/lang/String;[Ljava/lang/Object;)V
    ALOAD 0
    ALOAD 1
    INVOKEVIRTUAL com/examples/with/different/packagename/testcarver/DateTimeConverter._sw_prototype_original_setPatterns ([Ljava/lang/String;)V
    GOTO L2
   L1
   FRAME SAME1 java/lang/Throwable
    ASTORE 2
    LDC -2147483622
    ALOAD 0
    GETSTATIC org/evosuite/testcarver/capture/CaptureLog.RETURN_TYPE_VOID : Ljava/lang/Object;
    INVOKESTATIC org/evosuite/testcarver/capture/Capturer.enable (ILjava/lang/Object;Ljava/lang/Object;)V
    ALOAD 2
    ATHROW
   L2
   FRAME SAME
    LDC -2147483622
    ALOAD 0
    GETSTATIC org/evosuite/testcarver/capture/CaptureLog.RETURN_TYPE_VOID : Ljava/lang/Object;
    INVOKESTATIC org/evosuite/testcarver/capture/Capturer.enable (ILjava/lang/Object;Ljava/lang/Object;)V
    RETURN
    MAXSTACK = 7
    MAXLOCALS = 0

  // access flags 0x1
  public toString()Ljava/lang/String;
    TRYCATCHBLOCK L0 L1 L2 java/lang/Throwable
    ACONST_NULL
    ASTORE 1
   L0
    LDC -2147483614
    ALOAD 0
    LDC "toString"
    LDC "()Ljava/lang/String;"
    BIPUSH 0
    ANEWARRAY java/lang/Object
    INVOKESTATIC org/evosuite/testcarver/capture/Capturer.capture (ILjava/lang/Object;Ljava/lang/String;Ljava/lang/String;[Ljava/lang/Object;)V
    ALOAD 0
    INVOKEVIRTUAL com/examples/with/different/packagename/testcarver/DateTimeConverter._sw_prototype_original_toString ()Ljava/lang/String;
    ASTORE 1
    ALOAD 1
    ASTORE 3
   L1
    LDC -2147483614
    ALOAD 0
    ALOAD 1
    INVOKESTATIC org/evosuite/testcarver/capture/Capturer.enable (ILjava/lang/Object;Ljava/lang/Object;)V
    ALOAD 3
    ARETURN
   L2
   FRAME FULL [com/examples/with/different/packagename/testcarver/DateTimeConverter java/lang/String] [java/lang/Throwable]
    ASTORE 2
    LDC -2147483614
    ALOAD 0
    ALOAD 1
    INVOKESTATIC org/evosuite/testcarver/capture/Capturer.enable (ILjava/lang/Object;Ljava/lang/Object;)V
    ALOAD 2
    ATHROW
    MAXSTACK = 7
    MAXLOCALS = 0
}
INFO  org.evosuite.testcarver.extraction.CarvingClassLoader - Seeing class for first time: com.examples.with.different.packagename.testcarver.AbstractConverter
WARN  org.evosuite.testcarver.extraction.CarvingClassLoader - Instrumenting class 'com.examples.with.different.packagename.testcarver.AbstractConverter'.
INFO  org.evosuite.testcarver.instrument.Instrumenter - Checking package com.examples.with.different.packagename.testcarver for class com/examples/with/different/packagename/testcarver/AbstractConverter
// class version 52.0 (52)
// access flags 0x421
public abstract class com/examples/with/different/packagename/testcarver/AbstractConverter implements com/examples/with/different/packagename/testcarver/Converter {

  // compiled from: AbstractConverter.java

  // access flags 0x1A
  private final static Ljava/lang/String; DEFAULT_CONFIG_MSG = "(N.B. Converters can be configured to use default values to avoid throwing exceptions)"

  // access flags 0x1A
  private final static Ljava/lang/String; PACKAGE = "org.apache.commons.beanutils.converters."

  // access flags 0x2
  private Z useDefault

  // access flags 0x2
  private Ljava/lang/Object; defaultValue

  // access flags 0x1
  public <init>()V
   L0
    LINENUMBER 82 L0
    ALOAD 0
    INVOKESPECIAL java/lang/Object.<init> ()V
   L1
    LINENUMBER 69 L1
    ALOAD 0
    ICONST_0
    PUTFIELD com/examples/with/different/packagename/testcarver/AbstractConverter.useDefault : Z
   L2
    LINENUMBER 74 L2
    ALOAD 0
    ACONST_NULL
    PUTFIELD com/examples/with/different/packagename/testcarver/AbstractConverter.defaultValue : Ljava/lang/Object;
   L3
    LINENUMBER 83 L3
    RETURN
   L4
    LOCALVARIABLE this Lcom/examples/with/different/packagename/testcarver/AbstractConverter; L0 L4 0
    MAXSTACK = 2
    MAXLOCALS = 1

  // access flags 0x1
  public <init>(Ljava/lang/Object;)V
   L0
    LINENUMBER 93 L0
    ALOAD 0
    INVOKESPECIAL java/lang/Object.<init> ()V
   L1
    LINENUMBER 69 L1
    ALOAD 0
    ICONST_0
    PUTFIELD com/examples/with/different/packagename/testcarver/AbstractConverter.useDefault : Z
   L2
    LINENUMBER 74 L2
    ALOAD 0
    ACONST_NULL
    PUTFIELD com/examples/with/different/packagename/testcarver/AbstractConverter.defaultValue : Ljava/lang/Object;
   L3
    LINENUMBER 94 L3
    ALOAD 0
    ALOAD 1
    INVOKEVIRTUAL com/examples/with/different/packagename/testcarver/AbstractConverter.setDefaultValue (Ljava/lang/Object;)V
   L4
    LINENUMBER 95 L4
    RETURN
   L5
    LOCALVARIABLE this Lcom/examples/with/different/packagename/testcarver/AbstractConverter; L0 L5 0
    LOCALVARIABLE defaultValue Ljava/lang/Object; L0 L5 1
    MAXSTACK = 2
    MAXLOCALS = 2

  // access flags 0x2
  private _sw_prototype_original_isUseDefault()Z
   L0
    LINENUMBER 108 L0
    ALOAD 0
    DUP
    GETFIELD com/examples/with/different/packagename/testcarver/AbstractConverter.useDefault : Z
    SWAP
    LDC -2147483613
    LDC "com/examples/with/different/packagename/testcarver/AbstractConverter"
    LDC "useDefault"
    LDC "Z"
    INVOKESTATIC org/evosuite/testcarver/capture/FieldRegistry.notifyReadAccess (Ljava/lang/Object;ILjava/lang/String;Ljava/lang/String;Ljava/lang/String;)V
    IRETURN
   L1
    LOCALVARIABLE this Lcom/examples/with/different/packagename/testcarver/AbstractConverter; L0 L1 0
    MAXSTACK = 5
    MAXLOCALS = 1

  // access flags 0x2
  private _sw_prototype_original_convert(Ljava/lang/Class;Ljava/lang/Object;)Ljava/lang/Object;
    TRYCATCHBLOCK L0 L1 L2 java/lang/Throwable
    TRYCATCHBLOCK L3 L4 L2 java/lang/Throwable
    TRYCATCHBLOCK L5 L6 L2 java/lang/Throwable
   L7
    LINENUMBER 123 L7
    ALOAD 2
    IFNONNULL L8
    ACONST_NULL
    GOTO L9
   L8
    ALOAD 2
    INVOKEVIRTUAL java/lang/Object.getClass ()Ljava/lang/Class;
   L9
    ASTORE 3
   L10
    LINENUMBER 124 L10
    ALOAD 0
    ALOAD 1
    IFNONNULL L11
    ALOAD 0
    INVOKEVIRTUAL com/examples/with/different/packagename/testcarver/AbstractConverter.getDefaultType ()Ljava/lang/Class;
    GOTO L12
   L11
    ALOAD 1
   L12
    INVOKEVIRTUAL com/examples/with/different/packagename/testcarver/AbstractConverter.primitive (Ljava/lang/Class;)Ljava/lang/Class;
    ASTORE 4
   L13
    LINENUMBER 126 L13
    ALOAD 0
    ALOAD 2
    INVOKEVIRTUAL com/examples/with/different/packagename/testcarver/AbstractConverter.convertArray (Ljava/lang/Object;)Ljava/lang/Object;
    ASTORE 2
   L14
    LINENUMBER 129 L14
    ALOAD 2
    IFNONNULL L15
   L16
    LINENUMBER 130 L16
    ALOAD 0
    ALOAD 4
    INVOKEVIRTUAL com/examples/with/different/packagename/testcarver/AbstractConverter.handleMissing (Ljava/lang/Class;)Ljava/lang/Object;
    ARETURN
   L15
    LINENUMBER 133 L15
    ALOAD 2
    INVOKEVIRTUAL java/lang/Object.getClass ()Ljava/lang/Class;
    ASTORE 3
   L0
    LINENUMBER 137 L0
    ALOAD 4
    LDC Ljava/lang/String;.class
    INVOKEVIRTUAL java/lang/Object.equals (Ljava/lang/Object;)Z
    IFEQ L3
   L17
    LINENUMBER 138 L17
    ALOAD 0
    ALOAD 2
    INVOKEVIRTUAL com/examples/with/different/packagename/testcarver/AbstractConverter.convertToString (Ljava/lang/Object;)Ljava/lang/String;
   L1
    ARETURN
   L3
    LINENUMBER 141 L3
    ALOAD 4
    ALOAD 3
    INVOKEVIRTUAL java/lang/Object.equals (Ljava/lang/Object;)Z
    IFEQ L5
   L18
    LINENUMBER 142 L18
    ALOAD 2
   L4
    ARETURN
   L5
    LINENUMBER 146 L5
    ALOAD 0
    ALOAD 4
    ALOAD 2
    INVOKEVIRTUAL com/examples/with/different/packagename/testcarver/AbstractConverter.convertToType (Ljava/lang/Class;Ljava/lang/Object;)Ljava/lang/Object;
    ASTORE 5
   L19
    LINENUMBER 147 L19
    ALOAD 5
   L6
    ARETURN
   L2
    LINENUMBER 149 L2
    ASTORE 5
   L20
    LINENUMBER 150 L20
    ALOAD 0
    ALOAD 4
    ALOAD 2
    ALOAD 5
    INVOKEVIRTUAL com/examples/with/different/packagename/testcarver/AbstractConverter.handleError (Ljava/lang/Class;Ljava/lang/Object;Ljava/lang/Throwable;)Ljava/lang/Object;
    ARETURN
   L21
    LOCALVARIABLE result Ljava/lang/Object; L19 L2 5
    LOCALVARIABLE t Ljava/lang/Throwable; L20 L21 5
    LOCALVARIABLE this Lcom/examples/with/different/packagename/testcarver/AbstractConverter; L7 L21 0
    LOCALVARIABLE type Ljava/lang/Class; L7 L21 1
    LOCALVARIABLE value Ljava/lang/Object; L7 L21 2
    LOCALVARIABLE sourceType Ljava/lang/Class; L10 L21 3
    LOCALVARIABLE targetType Ljava/lang/Class; L13 L21 4
    MAXSTACK = 8
    MAXLOCALS = 6

  // access flags 0x4
  protected convertToString(Ljava/lang/Object;)Ljava/lang/String; throws java/lang/Throwable
   L0
    LINENUMBER 168 L0
    ALOAD 1
    INVOKEVIRTUAL java/lang/Object.toString ()Ljava/lang/String;
    ARETURN
   L1
    LOCALVARIABLE this Lcom/examples/with/different/packagename/testcarver/AbstractConverter; L0 L1 0
    LOCALVARIABLE value Ljava/lang/Object; L0 L1 1
    MAXSTACK = 1
    MAXLOCALS = 2

  // access flags 0x404
  protected abstract convertToType(Ljava/lang/Class;Ljava/lang/Object;)Ljava/lang/Object; throws java/lang/Throwable

  // access flags 0x4
  protected convertArray(Ljava/lang/Object;)Ljava/lang/Object;
   L0
    LINENUMBER 196 L0
    ALOAD 1
    IFNONNULL L1
   L2
    LINENUMBER 197 L2
    ACONST_NULL
    ARETURN
   L1
    LINENUMBER 199 L1
    ALOAD 1
    INVOKEVIRTUAL java/lang/Object.getClass ()Ljava/lang/Class;
    INVOKEVIRTUAL java/lang/Class.isArray ()Z
    IFEQ L3
   L4
    LINENUMBER 200 L4
    ALOAD 1
    INVOKESTATIC java/lang/reflect/Array.getLength (Ljava/lang/Object;)I
    IFLE L5
   L6
    LINENUMBER 201 L6
    ALOAD 1
    ICONST_0
    INVOKESTATIC java/lang/reflect/Array.get (Ljava/lang/Object;I)Ljava/lang/Object;
    ARETURN
   L5
    LINENUMBER 203 L5
    ACONST_NULL
    ARETURN
   L3
    LINENUMBER 206 L3
    ALOAD 1
    INSTANCEOF java/util/Collection
    IFEQ L7
   L8
    LINENUMBER 207 L8
    ALOAD 1
    CHECKCAST java/util/Collection
    ASTORE 2
   L9
    LINENUMBER 208 L9
    ALOAD 2
    INVOKEINTERFACE java/util/Collection.size ()I (itf)
    IFLE L10
   L11
    LINENUMBER 209 L11
    ALOAD 2
    INVOKEINTERFACE java/util/Collection.iterator ()Ljava/util/Iterator; (itf)
    INVOKEINTERFACE java/util/Iterator.next ()Ljava/lang/Object; (itf)
    ARETURN
   L10
    LINENUMBER 211 L10
    ACONST_NULL
    ARETURN
   L7
    LINENUMBER 214 L7
    ALOAD 1
    ARETURN
   L12
    LOCALVARIABLE collection Ljava/util/Collection; L9 L7 2
    LOCALVARIABLE this Lcom/examples/with/different/packagename/testcarver/AbstractConverter; L0 L12 0
    LOCALVARIABLE value Ljava/lang/Object; L0 L12 1
    MAXSTACK = 2
    MAXLOCALS = 3

  // access flags 0x4
  protected handleError(Ljava/lang/Class;Ljava/lang/Object;Ljava/lang/Throwable;)Ljava/lang/Object;
   L0
    LINENUMBER 231 L0
    ALOAD 0
    GETFIELD com/examples/with/different/packagename/testcarver/AbstractConverter.useDefault : Z
    IFEQ L1
   L2
    LINENUMBER 232 L2
    ALOAD 0
    ALOAD 1
    INVOKEVIRTUAL com/examples/with/different/packagename/testcarver/AbstractConverter.handleMissing (Ljava/lang/Class;)Ljava/lang/Object;
    ARETURN
   L1
    LINENUMBER 235 L1
    ACONST_NULL
    ASTORE 4
   L3
    LINENUMBER 236 L3
    ALOAD 3
    INSTANCEOF com/examples/with/different/packagename/testcarver/ConversionException
    IFEQ L4
   L5
    LINENUMBER 237 L5
    ALOAD 3
    CHECKCAST com/examples/with/different/packagename/testcarver/ConversionException
    ASTORE 4
    GOTO L6
   L4
    LINENUMBER 239 L4
    NEW java/lang/StringBuilder
    DUP
    INVOKESPECIAL java/lang/StringBuilder.<init> ()V
    LDC "Error converting from '"
    INVOKEVIRTUAL java/lang/StringBuilder.append (Ljava/lang/String;)Ljava/lang/StringBuilder;
    ALOAD 0
    ALOAD 2
    INVOKEVIRTUAL java/lang/Object.getClass ()Ljava/lang/Class;
    INVOKEVIRTUAL com/examples/with/different/packagename/testcarver/AbstractConverter.toString (Ljava/lang/Class;)Ljava/lang/String;
    INVOKEVIRTUAL java/lang/StringBuilder.append (Ljava/lang/String;)Ljava/lang/StringBuilder;
    LDC "' to '"
    INVOKEVIRTUAL java/lang/StringBuilder.append (Ljava/lang/String;)Ljava/lang/StringBuilder;
    ALOAD 0
    ALOAD 1
   L7
    LINENUMBER 240 L7
    INVOKEVIRTUAL com/examples/with/different/packagename/testcarver/AbstractConverter.toString (Ljava/lang/Class;)Ljava/lang/String;
    INVOKEVIRTUAL java/lang/StringBuilder.append (Ljava/lang/String;)Ljava/lang/StringBuilder;
    LDC "' "
    INVOKEVIRTUAL java/lang/StringBuilder.append (Ljava/lang/String;)Ljava/lang/StringBuilder;
    ALOAD 3
    INVOKEVIRTUAL java/lang/Throwable.getMessage ()Ljava/lang/String;
    INVOKEVIRTUAL java/lang/StringBuilder.append (Ljava/lang/String;)Ljava/lang/StringBuilder;
    INVOKEVIRTUAL java/lang/StringBuilder.toString ()Ljava/lang/String;
    ASTORE 5
   L8
    LINENUMBER 241 L8
    NEW com/examples/with/different/packagename/testcarver/ConversionException
    DUP
    ALOAD 5
    ALOAD 3
    INVOKESPECIAL com/examples/with/different/packagename/testcarver/ConversionException.<init> (Ljava/lang/String;Ljava/lang/Throwable;)V
    ASTORE 4
   L6
    LINENUMBER 245 L6
    ALOAD 4
    ATHROW
   L9
    LOCALVARIABLE msg Ljava/lang/String; L8 L6 5
    LOCALVARIABLE this Lcom/examples/with/different/packagename/testcarver/AbstractConverter; L0 L9 0
    LOCALVARIABLE type Ljava/lang/Class; L0 L9 1
    LOCALVARIABLE value Ljava/lang/Object; L0 L9 2
    LOCALVARIABLE cause Ljava/lang/Throwable; L0 L9 3
    LOCALVARIABLE cex Lcom/examples/with/different/packagename/testcarver/ConversionException; L3 L9 4
    MAXSTACK = 4
    MAXLOCALS = 6

  // access flags 0x4
  protected handleMissing(Ljava/lang/Class;)Ljava/lang/Object;
    TRYCATCHBLOCK L0 L1 L2 java/lang/Throwable
   L3
    LINENUMBER 262 L3
    ALOAD 0
    GETFIELD com/examples/with/different/packagename/testcarver/AbstractConverter.useDefault : Z
    IFNE L4
    ALOAD 1
    LDC Ljava/lang/String;.class
    INVOKEVIRTUAL java/lang/Object.equals (Ljava/lang/Object;)Z
    IFEQ L5
   L4
    LINENUMBER 263 L4
    ALOAD 0
    ALOAD 1
    INVOKEVIRTUAL com/examples/with/different/packagename/testcarver/AbstractConverter.getDefault (Ljava/lang/Class;)Ljava/lang/Object;
    ASTORE 2
   L6
    LINENUMBER 264 L6
    ALOAD 0
    GETFIELD com/examples/with/different/packagename/testcarver/AbstractConverter.useDefault : Z
    IFEQ L7
    ALOAD 2
    IFNULL L7
    ALOAD 1
    ALOAD 2
    INVOKEVIRTUAL java/lang/Object.getClass ()Ljava/lang/Class;
    INVOKEVIRTUAL java/lang/Object.equals (Ljava/lang/Object;)Z
    IFNE L7
   L0
    LINENUMBER 266 L0
    ALOAD 0
    ALOAD 1
    ALOAD 0
    GETFIELD com/examples/with/different/packagename/testcarver/AbstractConverter.defaultValue : Ljava/lang/Object;
    INVOKEVIRTUAL com/examples/with/different/packagename/testcarver/AbstractConverter.convertToType (Ljava/lang/Class;Ljava/lang/Object;)Ljava/lang/Object;
    ASTORE 2
   L1
    LINENUMBER 270 L1
    GOTO L7
   L2
    LINENUMBER 267 L2
    ASTORE 3
   L8
    LINENUMBER 268 L8
    GETSTATIC java/lang/System.err : Ljava/io/PrintStream;
    NEW java/lang/StringBuilder
    DUP
    INVOKESPECIAL java/lang/StringBuilder.<init> ()V
    LDC "    Default conversion to "
    INVOKEVIRTUAL java/lang/StringBuilder.append (Ljava/lang/String;)Ljava/lang/StringBuilder;
    ALOAD 0
    ALOAD 1
    INVOKEVIRTUAL com/examples/with/different/packagename/testcarver/AbstractConverter.toString (Ljava/lang/Class;)Ljava/lang/String;
    INVOKEVIRTUAL java/lang/StringBuilder.append (Ljava/lang/String;)Ljava/lang/StringBuilder;
    LDC "failed: "
    INVOKEVIRTUAL java/lang/StringBuilder.append (Ljava/lang/String;)Ljava/lang/StringBuilder;
    ALOAD 3
    INVOKEVIRTUAL java/lang/StringBuilder.append (Ljava/lang/Object;)Ljava/lang/StringBuilder;
    INVOKEVIRTUAL java/lang/StringBuilder.toString ()Ljava/lang/String;
    INVOKEVIRTUAL java/io/PrintStream.println (Ljava/lang/String;)V
   L7
    LINENUMBER 272 L7
    ALOAD 2
    ARETURN
   L5
    LINENUMBER 275 L5
    NEW com/examples/with/different/packagename/testcarver/ConversionException
    DUP
    NEW java/lang/StringBuilder
    DUP
    INVOKESPECIAL java/lang/StringBuilder.<init> ()V
    LDC "No value specified for '"
    INVOKEVIRTUAL java/lang/StringBuilder.append (Ljava/lang/String;)Ljava/lang/StringBuilder;
    ALOAD 0
    ALOAD 1
   L9
    LINENUMBER 276 L9
    INVOKEVIRTUAL com/examples/with/different/packagename/testcarver/AbstractConverter.toString (Ljava/lang/Class;)Ljava/lang/String;
    INVOKEVIRTUAL java/lang/StringBuilder.append (Ljava/lang/String;)Ljava/lang/StringBuilder;
    LDC "'"
    INVOKEVIRTUAL java/lang/StringBuilder.append (Ljava/lang/String;)Ljava/lang/StringBuilder;
    INVOKEVIRTUAL java/lang/StringBuilder.toString ()Ljava/lang/String;
    INVOKESPECIAL com/examples/with/different/packagename/testcarver/ConversionException.<init> (Ljava/lang/String;)V
    ASTORE 2
   L10
    LINENUMBER 277 L10
    ALOAD 2
    ATHROW
   L11
    LOCALVARIABLE t Ljava/lang/Throwable; L8 L7 3
    LOCALVARIABLE value Ljava/lang/Object; L6 L5 2
    LOCALVARIABLE this Lcom/examples/with/different/packagename/testcarver/AbstractConverter; L3 L11 0
    LOCALVARIABLE type Ljava/lang/Class; L3 L11 1
    LOCALVARIABLE cex Lcom/examples/with/different/packagename/testcarver/ConversionException; L10 L11 2
    MAXSTACK = 5
    MAXLOCALS = 4

  // access flags 0x4
  protected setDefaultValue(Ljava/lang/Object;)V
   L0
    LINENUMBER 295 L0
    ALOAD 0
    ICONST_0
    PUTFIELD com/examples/with/different/packagename/testcarver/AbstractConverter.useDefault : Z
   L1
    LINENUMBER 296 L1
    ALOAD 1
    IFNONNULL L2
   L3
    LINENUMBER 297 L3
    ALOAD 0
    ACONST_NULL
    PUTFIELD com/examples/with/different/packagename/testcarver/AbstractConverter.defaultValue : Ljava/lang/Object;
    GOTO L4
   L2
    LINENUMBER 299 L2
    ALOAD 0
    ALOAD 0
    ALOAD 0
    INVOKEVIRTUAL com/examples/with/different/packagename/testcarver/AbstractConverter.getDefaultType ()Ljava/lang/Class;
    ALOAD 1
    INVOKEVIRTUAL com/examples/with/different/packagename/testcarver/AbstractConverter.convert (Ljava/lang/Class;Ljava/lang/Object;)Ljava/lang/Object;
    PUTFIELD com/examples/with/different/packagename/testcarver/AbstractConverter.defaultValue : Ljava/lang/Object;
   L4
    LINENUMBER 301 L4
    ALOAD 0
    ICONST_1
    PUTFIELD com/examples/with/different/packagename/testcarver/AbstractConverter.useDefault : Z
   L5
    LINENUMBER 302 L5
    RETURN
   L6
    LOCALVARIABLE this Lcom/examples/with/different/packagename/testcarver/AbstractConverter; L0 L6 0
    LOCALVARIABLE defaultValue Ljava/lang/Object; L0 L6 1
    MAXSTACK = 4
    MAXLOCALS = 2

  // access flags 0x404
  protected abstract getDefaultType()Ljava/lang/Class;

  // access flags 0x4
  protected getDefault(Ljava/lang/Class;)Ljava/lang/Object;
   L0
    LINENUMBER 319 L0
    ALOAD 1
    LDC Ljava/lang/String;.class
    INVOKEVIRTUAL java/lang/Object.equals (Ljava/lang/Object;)Z
    IFEQ L1
   L2
    LINENUMBER 320 L2
    ACONST_NULL
    ARETURN
   L1
    LINENUMBER 322 L1
    ALOAD 0
    GETFIELD com/examples/with/different/packagename/testcarver/AbstractConverter.defaultValue : Ljava/lang/Object;
    ARETURN
   L3
    LOCALVARIABLE this Lcom/examples/with/different/packagename/testcarver/AbstractConverter; L0 L3 0
    LOCALVARIABLE type Ljava/lang/Class; L0 L3 1
    MAXSTACK = 2
    MAXLOCALS = 2

  // access flags 0x2
  private _sw_prototype_original_toString()Ljava/lang/String;
   L0
    LINENUMBER 332 L0
    NEW java/lang/StringBuilder
    DUP
    INVOKESPECIAL java/lang/StringBuilder.<init> ()V
    ALOAD 0
    ALOAD 0
    INVOKEVIRTUAL java/lang/Object.getClass ()Ljava/lang/Class;
    INVOKEVIRTUAL com/examples/with/different/packagename/testcarver/AbstractConverter.toString (Ljava/lang/Class;)Ljava/lang/String;
    INVOKEVIRTUAL java/lang/StringBuilder.append (Ljava/lang/String;)Ljava/lang/StringBuilder;
    LDC "[UseDefault="
    INVOKEVIRTUAL java/lang/StringBuilder.append (Ljava/lang/String;)Ljava/lang/StringBuilder;
    ALOAD 0
    DUP
    GETFIELD com/examples/with/different/packagename/testcarver/AbstractConverter.useDefault : Z
    SWAP
    LDC -2147483610
    LDC "com/examples/with/different/packagename/testcarver/AbstractConverter"
    LDC "useDefault"
    LDC "Z"
    INVOKESTATIC org/evosuite/testcarver/capture/FieldRegistry.notifyReadAccess (Ljava/lang/Object;ILjava/lang/String;Ljava/lang/String;Ljava/lang/String;)V
    INVOKEVIRTUAL java/lang/StringBuilder.append (Z)Ljava/lang/StringBuilder;
    LDC "]"
    INVOKEVIRTUAL java/lang/StringBuilder.append (Ljava/lang/String;)Ljava/lang/StringBuilder;
    INVOKEVIRTUAL java/lang/StringBuilder.toString ()Ljava/lang/String;
    ARETURN
   L1
    LOCALVARIABLE this Lcom/examples/with/different/packagename/testcarver/AbstractConverter; L0 L1 0
    MAXSTACK = 7
    MAXLOCALS = 1

  // access flags 0x0
  primitive(Ljava/lang/Class;)Ljava/lang/Class;
   L0
    LINENUMBER 344 L0
    ALOAD 1
    IFNULL L1
    ALOAD 1
    INVOKEVIRTUAL java/lang/Class.isPrimitive ()Z
    IFNE L2
   L1
    LINENUMBER 345 L1
    ALOAD 1
    ARETURN
   L2
    LINENUMBER 348 L2
    ALOAD 1
    GETSTATIC java/lang/Integer.TYPE : Ljava/lang/Class;
    IF_ACMPNE L3
   L4
    LINENUMBER 349 L4
    LDC Ljava/lang/Integer;.class
    ARETURN
   L3
    LINENUMBER 350 L3
    ALOAD 1
    GETSTATIC java/lang/Double.TYPE : Ljava/lang/Class;
    IF_ACMPNE L5
   L6
    LINENUMBER 351 L6
    LDC Ljava/lang/Double;.class
    ARETURN
   L5
    LINENUMBER 352 L5
    ALOAD 1
    GETSTATIC java/lang/Long.TYPE : Ljava/lang/Class;
    IF_ACMPNE L7
   L8
    LINENUMBER 353 L8
    LDC Ljava/lang/Long;.class
    ARETURN
   L7
    LINENUMBER 354 L7
    ALOAD 1
    GETSTATIC java/lang/Boolean.TYPE : Ljava/lang/Class;
    IF_ACMPNE L9
   L10
    LINENUMBER 355 L10
    LDC Ljava/lang/Boolean;.class
    ARETURN
   L9
    LINENUMBER 356 L9
    ALOAD 1
    GETSTATIC java/lang/Float.TYPE : Ljava/lang/Class;
    IF_ACMPNE L11
   L12
    LINENUMBER 357 L12
    LDC Ljava/lang/Float;.class
    ARETURN
   L11
    LINENUMBER 358 L11
    ALOAD 1
    GETSTATIC java/lang/Short.TYPE : Ljava/lang/Class;
    IF_ACMPNE L13
   L14
    LINENUMBER 359 L14
    LDC Ljava/lang/Short;.class
    ARETURN
   L13
    LINENUMBER 360 L13
    ALOAD 1
    GETSTATIC java/lang/Byte.TYPE : Ljava/lang/Class;
    IF_ACMPNE L15
   L16
    LINENUMBER 361 L16
    LDC Ljava/lang/Byte;.class
    ARETURN
   L15
    LINENUMBER 362 L15
    ALOAD 1
    GETSTATIC java/lang/Character.TYPE : Ljava/lang/Class;
    IF_ACMPNE L17
   L18
    LINENUMBER 363 L18
    LDC Ljava/lang/Character;.class
    ARETURN
   L17
    LINENUMBER 365 L17
    ALOAD 1
    ARETURN
   L19
    LOCALVARIABLE this Lcom/examples/with/different/packagename/testcarver/AbstractConverter; L0 L19 0
    LOCALVARIABLE type Ljava/lang/Class; L0 L19 1
    MAXSTACK = 2
    MAXLOCALS = 2

  // access flags 0x0
  toString(Ljava/lang/Class;)Ljava/lang/String;
   L0
    LINENUMBER 376 L0
    ACONST_NULL
    ASTORE 2
   L1
    LINENUMBER 377 L1
    ALOAD 1
    IFNONNULL L2
   L3
    LINENUMBER 378 L3
    LDC "null"
    ASTORE 2
    GOTO L4
   L2
    LINENUMBER 379 L2
    ALOAD 1
    INVOKEVIRTUAL java/lang/Class.isArray ()Z
    IFEQ L5
   L6
    LINENUMBER 380 L6
    ALOAD 1
    INVOKEVIRTUAL java/lang/Class.getComponentType ()Ljava/lang/Class;
    ASTORE 3
   L7
    LINENUMBER 381 L7
    ICONST_1
    ISTORE 4
   L8
    LINENUMBER 382 L8
    ALOAD 3
    INVOKEVIRTUAL java/lang/Class.isArray ()Z
    IFEQ L9
   L10
    LINENUMBER 383 L10
    ALOAD 3
    INVOKEVIRTUAL java/lang/Class.getComponentType ()Ljava/lang/Class;
    ASTORE 3
   L11
    LINENUMBER 384 L11
    IINC 4 1
    GOTO L8
   L9
    LINENUMBER 386 L9
    ALOAD 3
    INVOKEVIRTUAL java/lang/Class.getName ()Ljava/lang/String;
    ASTORE 2
   L12
    LINENUMBER 387 L12
    ICONST_0
    ISTORE 5
   L13
    ILOAD 5
    ILOAD 4
    IF_ICMPGE L14
   L15
    LINENUMBER 388 L15
    NEW java/lang/StringBuilder
    DUP
    INVOKESPECIAL java/lang/StringBuilder.<init> ()V
    ALOAD 2
    INVOKEVIRTUAL java/lang/StringBuilder.append (Ljava/lang/String;)Ljava/lang/StringBuilder;
    LDC "[]"
    INVOKEVIRTUAL java/lang/StringBuilder.append (Ljava/lang/String;)Ljava/lang/StringBuilder;
    INVOKEVIRTUAL java/lang/StringBuilder.toString ()Ljava/lang/String;
    ASTORE 2
   L16
    LINENUMBER 387 L16
    IINC 5 1
    GOTO L13
   L14
    LINENUMBER 390 L14
    GOTO L4
   L5
    LINENUMBER 391 L5
    ALOAD 1
    INVOKEVIRTUAL java/lang/Class.getName ()Ljava/lang/String;
    ASTORE 2
   L4
    LINENUMBER 393 L4
    ALOAD 2
    LDC "java.lang."
    INVOKEVIRTUAL java/lang/String.startsWith (Ljava/lang/String;)Z
    IFNE L17
    ALOAD 2
    LDC "java.util."
   L18
    LINENUMBER 394 L18
    INVOKEVIRTUAL java/lang/String.startsWith (Ljava/lang/String;)Z
    IFNE L17
    ALOAD 2
    LDC "java.math."
   L19
    LINENUMBER 395 L19
    INVOKEVIRTUAL java/lang/String.startsWith (Ljava/lang/String;)Z
    IFEQ L20
   L17
    LINENUMBER 396 L17
    ALOAD 2
    LDC "java.lang."
    INVOKEVIRTUAL java/lang/String.length ()I
    INVOKEVIRTUAL java/lang/String.substring (I)Ljava/lang/String;
    ASTORE 2
    GOTO L21
   L20
    LINENUMBER 397 L20
    ALOAD 2
    LDC "org.apache.commons.beanutils.converters."
    INVOKEVIRTUAL java/lang/String.startsWith (Ljava/lang/String;)Z
    IFEQ L21
   L22
    LINENUMBER 398 L22
    ALOAD 2
    LDC "org.apache.commons.beanutils.converters."
    INVOKEVIRTUAL java/lang/String.length ()I
    INVOKEVIRTUAL java/lang/String.substring (I)Ljava/lang/String;
    ASTORE 2
   L21
    LINENUMBER 400 L21
    ALOAD 2
    ARETURN
   L23
    LOCALVARIABLE i I L13 L14 5
    LOCALVARIABLE elementType Ljava/lang/Class; L7 L14 3
    LOCALVARIABLE count I L8 L14 4
    LOCALVARIABLE this Lcom/examples/with/different/packagename/testcarver/AbstractConverter; L0 L23 0
    LOCALVARIABLE type Ljava/lang/Class; L0 L23 1
    LOCALVARIABLE typeName Ljava/lang/String; L1 L23 2
    MAXSTACK = 2
    MAXLOCALS = 6

  // access flags 0x1
  public isUseDefault()Z
    TRYCATCHBLOCK L0 L1 L2 java/lang/Throwable
    ACONST_NULL
    ASTORE 1
   L0
    LDC -2147483612
    ALOAD 0
    LDC "isUseDefault"
    LDC "()Z"
    BIPUSH 0
    ANEWARRAY java/lang/Object
    INVOKESTATIC org/evosuite/testcarver/capture/Capturer.capture (ILjava/lang/Object;Ljava/lang/String;Ljava/lang/String;[Ljava/lang/Object;)V
    ALOAD 0
    INVOKEVIRTUAL com/examples/with/different/packagename/testcarver/AbstractConverter._sw_prototype_original_isUseDefault ()Z
    INVOKESTATIC java/lang/Boolean.valueOf (Z)Ljava/lang/Boolean;
    ASTORE 1
    ALOAD 1
    INVOKEVIRTUAL java/lang/Boolean.booleanValue ()Z
    ISTORE 3
   L1
    LDC -2147483612
    ALOAD 0
    ALOAD 1
    INVOKESTATIC org/evosuite/testcarver/capture/Capturer.enable (ILjava/lang/Object;Ljava/lang/Object;)V
    ILOAD 3
    IRETURN
   L2
   FRAME FULL [com/examples/with/different/packagename/testcarver/AbstractConverter java/lang/Boolean] [java/lang/Throwable]
    ASTORE 2
    LDC -2147483612
    ALOAD 0
    ALOAD 1
    INVOKESTATIC org/evosuite/testcarver/capture/Capturer.enable (ILjava/lang/Object;Ljava/lang/Object;)V
    ALOAD 2
    ATHROW
    MAXSTACK = 5
    MAXLOCALS = 0

  // access flags 0x1
  public convert(Ljava/lang/Class;Ljava/lang/Object;)Ljava/lang/Object;
    TRYCATCHBLOCK L0 L1 L2 java/lang/Throwable
    ACONST_NULL
    ASTORE 3
   L0
    LDC -2147483611
    ALOAD 0
    LDC "convert"
    LDC "(Ljava/lang/Class;Ljava/lang/Object;)Ljava/lang/Object;"
    BIPUSH 2
    ANEWARRAY java/lang/Object
    DUP
    BIPUSH 0
    ALOAD 1
    AASTORE
    DUP
    BIPUSH 1
    ALOAD 2
    AASTORE
    INVOKESTATIC org/evosuite/testcarver/capture/Capturer.capture (ILjava/lang/Object;Ljava/lang/String;Ljava/lang/String;[Ljava/lang/Object;)V
    ALOAD 0
    ALOAD 1
    ALOAD 2
    INVOKEVIRTUAL com/examples/with/different/packagename/testcarver/AbstractConverter._sw_prototype_original_convert (Ljava/lang/Class;Ljava/lang/Object;)Ljava/lang/Object;
    ASTORE 3
    ALOAD 3
    ASTORE 5
   L1
    LDC -2147483611
    ALOAD 0
    ALOAD 3
    INVOKESTATIC org/evosuite/testcarver/capture/Capturer.enable (ILjava/lang/Object;Ljava/lang/Object;)V
    ALOAD 5
    ARETURN
   L2
   FRAME FULL [com/examples/with/different/packagename/testcarver/AbstractConverter java/lang/Object] [java/lang/Throwable]
    ASTORE 4
    LDC -2147483611
    ALOAD 0
    ALOAD 3
    INVOKESTATIC org/evosuite/testcarver/capture/Capturer.enable (ILjava/lang/Object;Ljava/lang/Object;)V
    ALOAD 4
    ATHROW
    MAXSTACK = 8
    MAXLOCALS = 0

  // access flags 0x1
  public toString()Ljava/lang/String;
    TRYCATCHBLOCK L0 L1 L2 java/lang/Throwable
    ACONST_NULL
    ASTORE 1
   L0
    LDC -2147483609
    ALOAD 0
    LDC "toString"
    LDC "()Ljava/lang/String;"
    BIPUSH 0
    ANEWARRAY java/lang/Object
    INVOKESTATIC org/evosuite/testcarver/capture/Capturer.capture (ILjava/lang/Object;Ljava/lang/String;Ljava/lang/String;[Ljava/lang/Object;)V
    ALOAD 0
    INVOKEVIRTUAL com/examples/with/different/packagename/testcarver/AbstractConverter._sw_prototype_original_toString ()Ljava/lang/String;
    ASTORE 1
    ALOAD 1
    ASTORE 3
   L1
    LDC -2147483609
    ALOAD 0
    ALOAD 1
    INVOKESTATIC org/evosuite/testcarver/capture/Capturer.enable (ILjava/lang/Object;Ljava/lang/Object;)V
    ALOAD 3
    ARETURN
   L2
   FRAME FULL [com/examples/with/different/packagename/testcarver/AbstractConverter java/lang/String] [java/lang/Throwable]
    ASTORE 2
    LDC -2147483609
    ALOAD 0
    ALOAD 1
    INVOKESTATIC org/evosuite/testcarver/capture/Capturer.enable (ILjava/lang/Object;Ljava/lang/Object;)V
    ALOAD 2
    ATHROW
    MAXSTACK = 7
    MAXLOCALS = 0
}
INFO  org.evosuite.testcarver.extraction.CarvingClassLoader - Seeing class for first time: com.examples.with.different.packagename.testcarver.Converter
WARN  org.evosuite.testcarver.extraction.CarvingClassLoader - Instrumenting class 'com.examples.with.different.packagename.testcarver.Converter'.
INFO  org.evosuite.testcarver.extraction.CarvingClassLoader - Keeping class: com.examples.with.different.packagename.testcarver.Converter
INFO  org.evosuite.testcarver.extraction.CarvingClassLoader - Keeping class: com.examples.with.different.packagename.testcarver.AbstractConverter
INFO  org.evosuite.testcarver.extraction.CarvingClassLoader - Keeping class: com.examples.with.different.packagename.testcarver.DateTimeConverter
INFO  org.evosuite.testcarver.extraction.CarvingClassLoader - Keeping class: com.examples.with.different.packagename.testcarver.DateConverter
INFO  org.evosuite.testcarver.extraction.CarvingClassLoader - Seeing class for first time: com.examples.with.different.packagename.testcarver.DateConverterTest1
WARN  org.evosuite.testcarver.extraction.CarvingClassLoader - Instrumenting class 'com.examples.with.different.packagename.testcarver.DateConverterTest1'.
INFO  org.evosuite.testcarver.instrument.Instrumenter - Checking package com.examples.with.different.packagename.testcarver for class com/examples/with/different/packagename/testcarver/DateConverterTest1
// class version 52.0 (52)
// access flags 0x21
public class com/examples/with/different/packagename/testcarver/DateConverterTest1 {

  // compiled from: DateConverterTest1.java

  // access flags 0x2
  private _sw_prototype_original_init_sw_prototype_original_()V
    ALOAD 0
    INVOKESTATIC org/evosuite/testcarver/capture/FieldRegistry.register (Ljava/lang/Object;)V
    RETURN
   L0
    LOCALVARIABLE this Lcom/examples/with/different/packagename/testcarver/DateConverterTest1; L1 L0 0
    MAXSTACK = 5
    MAXLOCALS = 1

  // access flags 0x4
  protected makeConverter()Lcom/examples/with/different/packagename/testcarver/DateTimeConverter;
   L0
    LINENUMBER 36 L0
    NEW com/examples/with/different/packagename/testcarver/DateConverter
    DUP
    INVOKESPECIAL com/examples/with/different/packagename/testcarver/DateConverter.<init> ()V
    ARETURN
   L1
    LOCALVARIABLE this Lcom/examples/with/different/packagename/testcarver/DateConverterTest1; L0 L1 0
    MAXSTACK = 2
    MAXLOCALS = 1

  // access flags 0x4
  protected makeConverter(Ljava/lang/Object;)Lcom/examples/with/different/packagename/testcarver/DateTimeConverter;
   L0
    LINENUMBER 46 L0
    NEW com/examples/with/different/packagename/testcarver/DateConverter
    DUP
    ALOAD 1
    INVOKESPECIAL com/examples/with/different/packagename/testcarver/DateConverter.<init> (Ljava/lang/Object;)V
    ARETURN
   L1
    LOCALVARIABLE this Lcom/examples/with/different/packagename/testcarver/DateConverterTest1; L0 L1 0
    LOCALVARIABLE defaultValue Ljava/lang/Object; L0 L1 1
    MAXSTACK = 3
    MAXLOCALS = 2

  // access flags 0x4
  // signature ()Ljava/lang/Class<*>;
  // declaration: java.lang.Class<?> getExpectedType()
  protected getExpectedType()Ljava/lang/Class;
   L0
    LINENUMBER 55 L0
    LDC Ljava/util/Date;.class
    ARETURN
   L1
    LOCALVARIABLE this Lcom/examples/with/different/packagename/testcarver/DateConverterTest1; L0 L1 0
    MAXSTACK = 1
    MAXLOCALS = 1

  // access flags 0x2
  private _sw_prototype_original_testConvertNull()V
    TRYCATCHBLOCK L0 L1 L2 com/examples/with/different/packagename/testcarver/ConversionException
   L0
    LINENUMBER 62 L0
    ALOAD 0
    INVOKEVIRTUAL com/examples/with/different/packagename/testcarver/DateConverterTest1.makeConverter ()Lcom/examples/with/different/packagename/testcarver/DateTimeConverter;
    ALOAD 0
    INVOKEVIRTUAL com/examples/with/different/packagename/testcarver/DateConverterTest1.getExpectedType ()Ljava/lang/Class;
    ACONST_NULL
    INVOKEVIRTUAL com/examples/with/different/packagename/testcarver/DateTimeConverter.convert (Ljava/lang/Class;Ljava/lang/Object;)Ljava/lang/Object;
    POP
   L3
    LINENUMBER 63 L3
    LDC "Expected ConversionException"
    INVOKESTATIC org/junit/Assert.fail (Ljava/lang/String;)V
   L1
    LINENUMBER 66 L1
    GOTO L4
   L2
    LINENUMBER 64 L2
    ASTORE 1
   L4
    LINENUMBER 67 L4
    RETURN
   L5
    LOCALVARIABLE this Lcom/examples/with/different/packagename/testcarver/DateConverterTest1; L0 L5 0
    MAXSTACK = 7
    MAXLOCALS = 2

  // access flags 0x1
  public <init>()V
    TRYCATCHBLOCK L0 L1 L1 java/lang/Throwable
   L2
    LINENUMBER 28 L2
    ALOAD 0
    INVOKESPECIAL java/lang/Object.<init> ()V
   L0
    LDC -2147483608
    ALOAD 0
    LDC "<init>"
    LDC "()V"
    BIPUSH 0
    ANEWARRAY java/lang/Object
    INVOKESTATIC org/evosuite/testcarver/capture/Capturer.capture (ILjava/lang/Object;Ljava/lang/String;Ljava/lang/String;[Ljava/lang/Object;)V
    ALOAD 0
    INVOKEVIRTUAL com/examples/with/different/packagename/testcarver/DateConverterTest1._sw_prototype_original_init_sw_prototype_original_ ()V
    GOTO L3
   L1
   FRAME SAME1 java/lang/Throwable
    ASTORE 1
    LDC -2147483608
    ALOAD 0
    GETSTATIC org/evosuite/testcarver/capture/CaptureLog.RETURN_TYPE_VOID : Ljava/lang/Object;
    INVOKESTATIC org/evosuite/testcarver/capture/Capturer.enable (ILjava/lang/Object;Ljava/lang/Object;)V
    ALOAD 1
    ATHROW
   L3
   FRAME SAME
    LDC -2147483608
    ALOAD 0
    GETSTATIC org/evosuite/testcarver/capture/CaptureLog.RETURN_TYPE_VOID : Ljava/lang/Object;
    INVOKESTATIC org/evosuite/testcarver/capture/Capturer.enable (ILjava/lang/Object;Ljava/lang/Object;)V
    RETURN
    MAXSTACK = 5
    MAXLOCALS = 0

  // access flags 0x1
  public testConvertNull()V
  @Lorg/junit/Test;()
    TRYCATCHBLOCK L0 L1 L1 java/lang/Throwable
   L0
    LDC -2147483607
    ALOAD 0
    LDC "testConvertNull"
    LDC "()V"
    BIPUSH 0
    ANEWARRAY java/lang/Object
    INVOKESTATIC org/evosuite/testcarver/capture/Capturer.capture (ILjava/lang/Object;Ljava/lang/String;Ljava/lang/String;[Ljava/lang/Object;)V
    ALOAD 0
    INVOKEVIRTUAL com/examples/with/different/packagename/testcarver/DateConverterTest1._sw_prototype_original_testConvertNull ()V
    GOTO L2
   L1
   FRAME SAME1 java/lang/Throwable
    ASTORE 1
    LDC -2147483607
    ALOAD 0
    GETSTATIC org/evosuite/testcarver/capture/CaptureLog.RETURN_TYPE_VOID : Ljava/lang/Object;
    INVOKESTATIC org/evosuite/testcarver/capture/Capturer.enable (ILjava/lang/Object;Ljava/lang/Object;)V
    ALOAD 1
    ATHROW
   L2
   FRAME SAME
    LDC -2147483607
    ALOAD 0
    GETSTATIC org/evosuite/testcarver/capture/CaptureLog.RETURN_TYPE_VOID : Ljava/lang/Object;
    INVOKESTATIC org/evosuite/testcarver/capture/Capturer.enable (ILjava/lang/Object;Ljava/lang/Object;)V
    RETURN
    MAXSTACK = 7
    MAXLOCALS = 0
}
INFO  org.evosuite.testcarver.extraction.CarvingClassLoader - Keeping class: com.examples.with.different.packagename.testcarver.DateConverterTest1
INFO  org.evosuite.testcarver.extraction.CarvingClassLoader - Seeing class for first time: com.examples.with.different.packagename.testcarver.ConversionException
WARN  org.evosuite.testcarver.extraction.CarvingClassLoader - Instrumenting class 'com.examples.with.different.packagename.testcarver.ConversionException'.
INFO  org.evosuite.testcarver.instrument.Instrumenter - Checking package com.examples.with.different.packagename.testcarver for class com/examples/with/different/packagename/testcarver/ConversionException
// class version 52.0 (52)
// access flags 0x21
public class com/examples/with/different/packagename/testcarver/ConversionException extends java/lang/RuntimeException {

  // compiled from: ConversionException.java

  // access flags 0x1A
  private final static J serialVersionUID = -3264207363344909775L

  // access flags 0x4
  protected Ljava/lang/Throwable; cause

  // access flags 0x2
  private _sw_prototype_original_init_sw_prototype_original_(Ljava/lang/String;)V
    ALOAD 0
    INVOKESTATIC org/evosuite/testcarver/capture/FieldRegistry.register (Ljava/lang/Object;)V
   L0
    LINENUMBER 85 L0
    ALOAD 0
    ACONST_NULL
    DUP2
    PUTFIELD com/examples/with/different/packagename/testcarver/ConversionException.cause : Ljava/lang/Throwable;
    POP
    LDC -2147483606
    LDC "com/examples/with/different/packagename/testcarver/ConversionException"
    LDC "cause"
    LDC "Ljava/lang/Throwable;"
    INVOKESTATIC org/evosuite/testcarver/capture/FieldRegistry.notifyModification (Ljava/lang/Object;ILjava/lang/String;Ljava/lang/String;Ljava/lang/String;)V
   L1
    LINENUMBER 48 L1
    RETURN
   L2
    LOCALVARIABLE this Lcom/examples/with/different/packagename/testcarver/ConversionException; L3 L2 0
    LOCALVARIABLE message Ljava/lang/String; L3 L2 1
    MAXSTACK = 6
    MAXLOCALS = 2

  // access flags 0x2
  private _sw_prototype_original_init_sw_prototype_original_(Ljava/lang/String;Ljava/lang/Throwable;)V
    ALOAD 0
    INVOKESTATIC org/evosuite/testcarver/capture/FieldRegistry.register (Ljava/lang/Object;)V
   L0
    LINENUMBER 85 L0
    ALOAD 0
    ACONST_NULL
    DUP2
    PUTFIELD com/examples/with/different/packagename/testcarver/ConversionException.cause : Ljava/lang/Throwable;
    POP
    LDC -2147483603
    LDC "com/examples/with/different/packagename/testcarver/ConversionException"
    LDC "cause"
    LDC "Ljava/lang/Throwable;"
    INVOKESTATIC org/evosuite/testcarver/capture/FieldRegistry.notifyModification (Ljava/lang/Object;ILjava/lang/String;Ljava/lang/String;Ljava/lang/String;)V
   L1
    LINENUMBER 60 L1
    ALOAD 0
    ALOAD 2
    DUP2
    PUTFIELD com/examples/with/different/packagename/testcarver/ConversionException.cause : Ljava/lang/Throwable;
    POP
    LDC -2147483601
    LDC "com/examples/with/different/packagename/testcarver/ConversionException"
    LDC "cause"
    LDC "Ljava/lang/Throwable;"
    INVOKESTATIC org/evosuite/testcarver/capture/FieldRegistry.notifyModification (Ljava/lang/Object;ILjava/lang/String;Ljava/lang/String;Ljava/lang/String;)V
   L2
    LINENUMBER 62 L2
    RETURN
   L3
    LOCALVARIABLE this Lcom/examples/with/different/packagename/testcarver/ConversionException; L4 L3 0
    LOCALVARIABLE message Ljava/lang/String; L4 L3 1
    LOCALVARIABLE cause Ljava/lang/Throwable; L4 L3 2
    MAXSTACK = 6
    MAXLOCALS = 3

  // access flags 0x2
  private _sw_prototype_original_init_sw_prototype_original_(Ljava/lang/Throwable;)V
    ALOAD 0
    INVOKESTATIC org/evosuite/testcarver/capture/FieldRegistry.register (Ljava/lang/Object;)V
   L0
    LINENUMBER 85 L0
    ALOAD 0
    ACONST_NULL
    DUP2
    PUTFIELD com/examples/with/different/packagename/testcarver/ConversionException.cause : Ljava/lang/Throwable;
    POP
    LDC -2147483598
    LDC "com/examples/with/different/packagename/testcarver/ConversionException"
    LDC "cause"
    LDC "Ljava/lang/Throwable;"
    INVOKESTATIC org/evosuite/testcarver/capture/FieldRegistry.notifyModification (Ljava/lang/Object;ILjava/lang/String;Ljava/lang/String;Ljava/lang/String;)V
   L1
    LINENUMBER 73 L1
    ALOAD 0
    ALOAD 1
    DUP2
    PUTFIELD com/examples/with/different/packagename/testcarver/ConversionException.cause : Ljava/lang/Throwable;
    POP
    LDC -2147483596
    LDC "com/examples/with/different/packagename/testcarver/ConversionException"
    LDC "cause"
    LDC "Ljava/lang/Throwable;"
    INVOKESTATIC org/evosuite/testcarver/capture/FieldRegistry.notifyModification (Ljava/lang/Object;ILjava/lang/String;Ljava/lang/String;Ljava/lang/String;)V
   L2
    LINENUMBER 75 L2
    RETURN
   L3
    LOCALVARIABLE this Lcom/examples/with/different/packagename/testcarver/ConversionException; L4 L3 0
    LOCALVARIABLE cause Ljava/lang/Throwable; L4 L3 1
    MAXSTACK = 6
    MAXLOCALS = 2

  // access flags 0x2
  private _sw_prototype_original_getCause()Ljava/lang/Throwable;
   L0
    LINENUMBER 93 L0
    ALOAD 0
    DUP
    GETFIELD com/examples/with/different/packagename/testcarver/ConversionException.cause : Ljava/lang/Throwable;
    SWAP
    LDC -2147483593
    LDC "com/examples/with/different/packagename/testcarver/ConversionException"
    LDC "cause"
    LDC "Ljava/lang/Throwable;"
    INVOKESTATIC org/evosuite/testcarver/capture/FieldRegistry.notifyReadAccess (Ljava/lang/Object;ILjava/lang/String;Ljava/lang/String;Ljava/lang/String;)V
    ARETURN
   L1
    LOCALVARIABLE this Lcom/examples/with/different/packagename/testcarver/ConversionException; L0 L1 0
    MAXSTACK = 5
    MAXLOCALS = 1

  // access flags 0x1
  public <init>(Ljava/lang/String;)V
    TRYCATCHBLOCK L0 L1 L1 java/lang/Throwable
   L2
    LINENUMBER 46 L2
    ALOAD 0
    ALOAD 1
    INVOKESPECIAL java/lang/RuntimeException.<init> (Ljava/lang/String;)V
   L0
    LDC -2147483604
    ALOAD 0
    LDC "<init>"
    LDC "(Ljava/lang/String;)V"
    BIPUSH 1
    ANEWARRAY java/lang/Object
    DUP
    BIPUSH 0
    ALOAD 1
    AASTORE
    INVOKESTATIC org/evosuite/testcarver/capture/Capturer.capture (ILjava/lang/Object;Ljava/lang/String;Ljava/lang/String;[Ljava/lang/Object;)V
    ALOAD 0
    ALOAD 1
    INVOKEVIRTUAL com/examples/with/different/packagename/testcarver/ConversionException._sw_prototype_original_init_sw_prototype_original_ (Ljava/lang/String;)V
    GOTO L3
   L1
   FRAME SAME1 java/lang/Throwable
    ASTORE 2
    LDC -2147483604
    ALOAD 0
    GETSTATIC org/evosuite/testcarver/capture/CaptureLog.RETURN_TYPE_VOID : Ljava/lang/Object;
    INVOKESTATIC org/evosuite/testcarver/capture/Capturer.enable (ILjava/lang/Object;Ljava/lang/Object;)V
    ALOAD 2
    ATHROW
   L3
   FRAME SAME
    LDC -2147483604
    ALOAD 0
    GETSTATIC org/evosuite/testcarver/capture/CaptureLog.RETURN_TYPE_VOID : Ljava/lang/Object;
    INVOKESTATIC org/evosuite/testcarver/capture/Capturer.enable (ILjava/lang/Object;Ljava/lang/Object;)V
    RETURN
    MAXSTACK = 6
    MAXLOCALS = 0

  // access flags 0x1
  public <init>(Ljava/lang/String;Ljava/lang/Throwable;)V
    TRYCATCHBLOCK L0 L1 L1 java/lang/Throwable
   L2
    LINENUMBER 59 L2
    ALOAD 0
    ALOAD 1
    INVOKESPECIAL java/lang/RuntimeException.<init> (Ljava/lang/String;)V
   L0
    LDC -2147483599
    ALOAD 0
    LDC "<init>"
    LDC "(Ljava/lang/String;Ljava/lang/Throwable;)V"
    BIPUSH 2
    ANEWARRAY java/lang/Object
    DUP
    BIPUSH 0
    ALOAD 1
    AASTORE
    DUP
    BIPUSH 1
    ALOAD 2
    AASTORE
    INVOKESTATIC org/evosuite/testcarver/capture/Capturer.capture (ILjava/lang/Object;Ljava/lang/String;Ljava/lang/String;[Ljava/lang/Object;)V
    ALOAD 0
    ALOAD 1
    ALOAD 2
    INVOKEVIRTUAL com/examples/with/different/packagename/testcarver/ConversionException._sw_prototype_original_init_sw_prototype_original_ (Ljava/lang/String;Ljava/lang/Throwable;)V
    GOTO L3
   L1
   FRAME SAME1 java/lang/Throwable
    ASTORE 3
    LDC -2147483599
    ALOAD 0
    GETSTATIC org/evosuite/testcarver/capture/CaptureLog.RETURN_TYPE_VOID : Ljava/lang/Object;
    INVOKESTATIC org/evosuite/testcarver/capture/Capturer.enable (ILjava/lang/Object;Ljava/lang/Object;)V
    ALOAD 3
    ATHROW
   L3
   FRAME SAME
    LDC -2147483599
    ALOAD 0
    GETSTATIC org/evosuite/testcarver/capture/CaptureLog.RETURN_TYPE_VOID : Ljava/lang/Object;
    INVOKESTATIC org/evosuite/testcarver/capture/Capturer.enable (ILjava/lang/Object;Ljava/lang/Object;)V
    RETURN
    MAXSTACK = 6
    MAXLOCALS = 0

  // access flags 0x1
  public <init>(Ljava/lang/Throwable;)V
    TRYCATCHBLOCK L0 L1 L1 java/lang/Throwable
   L2
    LINENUMBER 72 L2
    ALOAD 0
    ALOAD 1
    INVOKEVIRTUAL java/lang/Throwable.getMessage ()Ljava/lang/String;
    INVOKESPECIAL java/lang/RuntimeException.<init> (Ljava/lang/String;)V
   L0
    LDC -2147483594
    ALOAD 0
    LDC "<init>"
    LDC "(Ljava/lang/Throwable;)V"
    BIPUSH 1
    ANEWARRAY java/lang/Object
    DUP
    BIPUSH 0
    ALOAD 1
    AASTORE
    INVOKESTATIC org/evosuite/testcarver/capture/Capturer.capture (ILjava/lang/Object;Ljava/lang/String;Ljava/lang/String;[Ljava/lang/Object;)V
    ALOAD 0
    ALOAD 1
    INVOKEVIRTUAL com/examples/with/different/packagename/testcarver/ConversionException._sw_prototype_original_init_sw_prototype_original_ (Ljava/lang/Throwable;)V
    GOTO L3
   L1
   FRAME SAME1 java/lang/Throwable
    ASTORE 2
    LDC -2147483594
    ALOAD 0
    GETSTATIC org/evosuite/testcarver/capture/CaptureLog.RETURN_TYPE_VOID : Ljava/lang/Object;
    INVOKESTATIC org/evosuite/testcarver/capture/Capturer.enable (ILjava/lang/Object;Ljava/lang/Object;)V
    ALOAD 2
    ATHROW
   L3
   FRAME SAME
    LDC -2147483594
    ALOAD 0
    GETSTATIC org/evosuite/testcarver/capture/CaptureLog.RETURN_TYPE_VOID : Ljava/lang/Object;
    INVOKESTATIC org/evosuite/testcarver/capture/Capturer.enable (ILjava/lang/Object;Ljava/lang/Object;)V
    RETURN
    MAXSTACK = 6
    MAXLOCALS = 0

  // access flags 0x1
  public getCause()Ljava/lang/Throwable;
    TRYCATCHBLOCK L0 L1 L2 java/lang/Throwable
    ACONST_NULL
    ASTORE 1
   L0
    LDC -2147483592
    ALOAD 0
    LDC "getCause"
    LDC "()Ljava/lang/Throwable;"
    BIPUSH 0
    ANEWARRAY java/lang/Object
    INVOKESTATIC org/evosuite/testcarver/capture/Capturer.capture (ILjava/lang/Object;Ljava/lang/String;Ljava/lang/String;[Ljava/lang/Object;)V
    ALOAD 0
    INVOKEVIRTUAL com/examples/with/different/packagename/testcarver/ConversionException._sw_prototype_original_getCause ()Ljava/lang/Throwable;
    ASTORE 1
    ALOAD 1
    ASTORE 3
   L1
    LDC -2147483592
    ALOAD 0
    ALOAD 1
    INVOKESTATIC org/evosuite/testcarver/capture/Capturer.enable (ILjava/lang/Object;Ljava/lang/Object;)V
    ALOAD 3
    ARETURN
   L2
   FRAME FULL [com/examples/with/different/packagename/testcarver/ConversionException java/lang/Throwable] [java/lang/Throwable]
    ASTORE 2
    LDC -2147483592
    ALOAD 0
    ALOAD 1
    INVOKESTATIC org/evosuite/testcarver/capture/Capturer.enable (ILjava/lang/Object;Ljava/lang/Object;)V
    ALOAD 2
    ATHROW
    MAXSTACK = 5
    MAXLOCALS = 0
}
INFO  org.evosuite.testcarver.extraction.CarvingClassLoader - Keeping class: com.examples.with.different.packagename.testcarver.ConversionException
INFO  org.evosuite.testcarver.extraction.CarvingRunListener - Not yet reached maximum time to carve unit tests - executing test with carver
INFO  org.evosuite.testcarver.capture.Capturer - Starting Capturer...
INFO  org.evosuite.testcarver.capture.Capturer - Capturer has been started successfully
INFO  org.evosuite.testcarver.capture.Capturer - Stopping Capturer...
INFO  org.evosuite.testcarver.capture.Capturer - Capturer has been stopped successfully
INFO  evo_logger -  - Carving test com.examples.with.different.packagename.testcarver.DateConverterTest1.testConvertNull
INFO  org.evosuite.instrumentation.InstrumentingClassLoader - Seeing class for first time: com.examples.with.different.packagename.testcarver.ConversionException
INFO  org.evosuite.instrumentation.BytecodeInstrumentation - Starting transformation of com/examples/with/different/packagename/testcarver/ConversionException
INFO  org.evosuite.runtime.instrumentation.MethodCallReplacementClassAdapter - Adding mock interface to class com/examples/with/different/packagename/testcarver/ConversionException
INFO  org.evosuite.instrumentation.EndOfClassInitializerVisitor - Creating <clinit> in class com/examples/with/different/packagename/testcarver/ConversionException
INFO  org.evosuite.runtime.instrumentation.CreateClassResetClassAdapter - Found static initializer in class com/examples/with/different/packagename/testcarver/ConversionException
INFO  org.evosuite.instrumentation.InstrumentingClassLoader - Loaded class: com.examples.with.different.packagename.testcarver.ConversionException
INFO  org.evosuite.testcarver.extraction.CarvingRunListener - Carved test of length 4
INFO  org.evosuite.utils.generic.GenericTypeInference - Type map empty
INFO  org.evosuite.testcarver.extraction.CarvingManager - Result: 0/1
INFO  org.evosuite.testcase.execution.TestCaseExecutor - No stalled threads
INFO  org.evosuite.testcarver.extraction.CarvingManager - Exception thrown in carved test testConvertNull: {}
com.examples.with.different.packagename.testcarver.ConversionException: No value specified for 'Date'
	at com.examples.with.different.packagename.testcarver.AbstractConverter.handleMissing(AbstractConverter.java:276)
	at com.examples.with.different.packagename.testcarver.AbstractConverter.convert(AbstractConverter.java:130)
	at java.base/jdk.internal.reflect.DirectMethodHandleAccessor.invoke(DirectMethodHandleAccessor.java:103)
	at java.base/java.lang.reflect.Method.invoke(Method.java:580)
	at org.evosuite.testcase.statements.MethodStatement$1.execute(MethodStatement.java:256)
	at org.evosuite.testcase.statements.AbstractStatement.exceptionHandler(AbstractStatement.java:165)
	at org.evosuite.testcase.statements.MethodStatement.execute(MethodStatement.java:220)
	at org.evosuite.testcase.execution.TestRunnable.executeStatements(TestRunnable.java:287)
	at org.evosuite.testcase.execution.TestRunnable.call(TestRunnable.java:193)
	at org.evosuite.testcase.execution.TestRunnable.call(TestRunnable.java:49)
	at java.base/java.util.concurrent.FutureTask.run(FutureTask.java:317)
	at java.base/java.util.concurrent.ThreadPoolExecutor.runWorker(ThreadPoolExecutor.java:1144)
	at java.base/java.util.concurrent.ThreadPoolExecutor$Worker.run(ThreadPoolExecutor.java:642)
	at java.base/java.lang.Thread.run(Thread.java:1583)
INFO  org.evosuite.testcarver.extraction.CarvingManager - com.examples.with.different.packagename.testcarver.AbstractConverter.handleMissing(AbstractConverter.java:276)
INFO  org.evosuite.testcarver.extraction.CarvingManager - com.examples.with.different.packagename.testcarver.AbstractConverter.convert(AbstractConverter.java:130)
INFO  org.evosuite.testcarver.extraction.CarvingManager - java.base/jdk.internal.reflect.DirectMethodHandleAccessor.invoke(DirectMethodHandleAccessor.java:103)
INFO  org.evosuite.testcarver.extraction.CarvingManager - java.base/java.lang.reflect.Method.invoke(Method.java:580)
INFO  org.evosuite.testcarver.extraction.CarvingManager - org.evosuite.testcase.statements.MethodStatement$1.execute(MethodStatement.java:256)
INFO  org.evosuite.testcarver.extraction.CarvingManager - org.evosuite.testcase.statements.AbstractStatement.exceptionHandler(AbstractStatement.java:165)
INFO  org.evosuite.testcarver.extraction.CarvingManager - org.evosuite.testcase.statements.MethodStatement.execute(MethodStatement.java:220)
INFO  org.evosuite.testcarver.extraction.CarvingManager - org.evosuite.testcase.execution.TestRunnable.executeStatements(TestRunnable.java:287)
INFO  org.evosuite.testcarver.extraction.CarvingManager - org.evosuite.testcase.execution.TestRunnable.call(TestRunnable.java:193)
INFO  org.evosuite.testcarver.extraction.CarvingManager - org.evosuite.testcase.execution.TestRunnable.call(TestRunnable.java:49)
INFO  org.evosuite.testcarver.extraction.CarvingManager - java.base/java.util.concurrent.FutureTask.run(FutureTask.java:317)
INFO  org.evosuite.testcarver.extraction.CarvingManager - java.base/java.util.concurrent.ThreadPoolExecutor.runWorker(ThreadPoolExecutor.java:1144)
INFO  org.evosuite.testcarver.extraction.CarvingManager - java.base/java.util.concurrent.ThreadPoolExecutor$Worker.run(ThreadPoolExecutor.java:642)
INFO  org.evosuite.testcarver.extraction.CarvingManager - java.base/java.lang.Thread.run(Thread.java:1583)
INFO  org.evosuite.testcarver.extraction.CarvingManager - DateConverter dateConverter0 = new DateConverter();
Class<Date> class0 = Date.class;
Object object0 = null;
// Undeclared exception!
try {
  dateConverter0.convert(class0, object0);
  fail("Expecting exception: ConversionException");

} catch(ConversionException e) {
   //
   // No value specified for 'Date'
   //
   verifyException("com.examples.with.different.packagename.testcarver.AbstractConverter", e);
}


INFO  org.evosuite.testcarver.extraction.CarvingManager - Chopping exception of carved test
INFO  evo_logger -  -> Carved 1 tests for class class com.examples.with.different.packagename.testcarver.DateConverter from existing JUnit tests
INFO  evo_logger - * Using 1 carved tests from existing JUnit tests for seeding
INFO  org.evosuite.coverage.branch.BranchCoverageSuiteFitness - Total branch coverage goals: 3
INFO  org.evosuite.coverage.branch.BranchCoverageSuiteFitness - Total branches: 0
INFO  org.evosuite.coverage.branch.BranchCoverageSuiteFitness - Total branchless methods: 3
INFO  org.evosuite.coverage.branch.BranchCoverageSuiteFitness - Total methods: 3: [com.examples.with.different.packagename.testcarver.DateConverter.getDefaultType()Ljava/lang/Class;, com.examples.with.different.packagename.testcarver.DateConverter.<init>(Ljava/lang/Object;)V, com.examples.with.different.packagename.testcarver.DateConverter.<init>()V]
INFO  org.evosuite.coverage.branch.BranchCoverageSuiteFitness - (Methods) Best individual covers 0/0 branches and 1/3 methods
INFO  org.evosuite.coverage.branch.BranchCoverageSuiteFitness - Fitness: 2.0, size: 1, length: 3
INFO  org.evosuite.coverage.branch.BranchCoverageSuiteFitness - (Fitness) Best individual covers 0/0 branches and 1/3 methods
INFO  org.evosuite.coverage.branch.BranchCoverageSuiteFitness - Fitness: 2.0, size: 1, length: 3
INFO  org.evosuite.testcase.factories.JUnitTestCarvedChromosomeFactory - Cloning user test
DateConverter dateConverter0 = new DateConverter();
Class<Date> class0 = Date.class;
Object object0 = null;

INFO  org.evosuite.TestGenerationContext - *** Resetting context
INFO  org.evosuite.testcase.execution.TestCaseExecutor - TestCaseExecutor instance is non-null, but its actual executor is null
INFO  org.evosuite.TestGenerationContext - *** Resetting context
INFO  org.evosuite.testcase.execution.TestCaseExecutor - TestCaseExecutor instance is non-null, but its actual executor is null
INFO  org.evosuite.instrumentation.InstrumentingClassLoader - Seeing class for first time: com.examples.with.different.packagename.testcarver.DateConverter
INFO  org.evosuite.instrumentation.BytecodeInstrumentation - Starting transformation of com/examples/with/different/packagename/testcarver/DateConverter
INFO  org.evosuite.instrumentation.testability.StringTransformation - Current method: <init>
INFO  org.evosuite.instrumentation.testability.StringTransformation - Current method: <init>
INFO  org.evosuite.instrumentation.testability.StringTransformation - Current method: getDefaultType
INFO  org.evosuite.runtime.instrumentation.MethodCallReplacementClassAdapter - Adding mock interface to class com/examples/with/different/packagename/testcarver/DateConverter
INFO  org.evosuite.graphs.cfg.CFGClassAdapter - Analyzing CFG of com/examples/with/different/packagename/testcarver/DateConverter
INFO  org.evosuite.graphs.cfg.CFGMethodAdapter - Analyzing method <init>()V in class com.examples.with.different.packagename.testcarver.DateConverter
INFO  org.evosuite.graphs.cfg.CFGMethodAdapter - Generating CFG for method <init>()V
INFO  org.evosuite.graphs.cfg.RawControlFlowGraph - Creating new RawCFG for com.examples.with.different.packagename.testcarver.DateConverter.<init>()V: 0
INFO  org.evosuite.graphs.cfg.CFGMethodAdapter - Created CFG for method <init>()V
INFO  org.evosuite.graphs.cfg.CFGMethodAdapter - Instrumenting method <init>()V in class com.examples.with.different.packagename.testcarver.DateConverter
INFO  org.evosuite.graphs.cfg.CFGClassAdapter - Analyzing CFG of com/examples/with/different/packagename/testcarver/DateConverter
INFO  org.evosuite.graphs.cfg.CFGMethodAdapter - Analyzing method <init>(Ljava/lang/Object;)V in class com.examples.with.different.packagename.testcarver.DateConverter
INFO  org.evosuite.graphs.cfg.CFGMethodAdapter - Generating CFG for method <init>(Ljava/lang/Object;)V
INFO  org.evosuite.graphs.cfg.RawControlFlowGraph - Creating new RawCFG for com.examples.with.different.packagename.testcarver.DateConverter.<init>(Ljava/lang/Object;)V: 0
INFO  org.evosuite.graphs.cfg.CFGMethodAdapter - Created CFG for method <init>(Ljava/lang/Object;)V
INFO  org.evosuite.graphs.cfg.CFGMethodAdapter - Instrumenting method <init>(Ljava/lang/Object;)V in class com.examples.with.different.packagename.testcarver.DateConverter
INFO  org.evosuite.graphs.cfg.CFGClassAdapter - Analyzing CFG of com/examples/with/different/packagename/testcarver/DateConverter
INFO  org.evosuite.graphs.cfg.CFGMethodAdapter - Analyzing method getDefaultType()Ljava/lang/Class; in class com.examples.with.different.packagename.testcarver.DateConverter
INFO  org.evosuite.graphs.cfg.CFGMethodAdapter - Generating CFG for method getDefaultType()Ljava/lang/Class;
INFO  org.evosuite.graphs.cfg.RawControlFlowGraph - Creating new RawCFG for com.examples.with.different.packagename.testcarver.DateConverter.getDefaultType()Ljava/lang/Class;: 0
INFO  org.evosuite.graphs.cfg.CFGMethodAdapter - Created CFG for method getDefaultType()Ljava/lang/Class;
INFO  org.evosuite.graphs.cfg.CFGMethodAdapter - Instrumenting method getDefaultType()Ljava/lang/Class; in class com.examples.with.different.packagename.testcarver.DateConverter
INFO  org.evosuite.runtime.instrumentation.CreateClassResetClassAdapter - Creating brand-new static initializer in class com/examples/with/different/packagename/testcarver/DateConverter
INFO  org.evosuite.instrumentation.InstrumentingClassLoader - Seeing class for first time: com.examples.with.different.packagename.testcarver.DateTimeConverter
INFO  org.evosuite.instrumentation.BytecodeInstrumentation - Starting transformation of com/examples/with/different/packagename/testcarver/DateTimeConverter
INFO  org.evosuite.runtime.instrumentation.MethodCallReplacementClassAdapter - Adding mock interface to class com/examples/with/different/packagename/testcarver/DateTimeConverter
INFO  org.evosuite.runtime.instrumentation.CreateClassResetClassAdapter - Creating brand-new static initializer in class com/examples/with/different/packagename/testcarver/DateTimeConverter
INFO  org.evosuite.instrumentation.InstrumentingClassLoader - Seeing class for first time: com.examples.with.different.packagename.testcarver.AbstractConverter
INFO  org.evosuite.instrumentation.BytecodeInstrumentation - Starting transformation of com/examples/with/different/packagename/testcarver/AbstractConverter
INFO  org.evosuite.runtime.instrumentation.MethodCallReplacementClassAdapter - Adding mock interface to class com/examples/with/different/packagename/testcarver/AbstractConverter
INFO  org.evosuite.instrumentation.EndOfClassInitializerVisitor - Creating <clinit> in class com/examples/with/different/packagename/testcarver/AbstractConverter
INFO  org.evosuite.runtime.instrumentation.CreateClassResetClassAdapter - Found static initializer in class com/examples/with/different/packagename/testcarver/AbstractConverter
INFO  org.evosuite.instrumentation.InstrumentingClassLoader - Seeing class for first time: com.examples.with.different.packagename.testcarver.Converter
INFO  org.evosuite.instrumentation.BytecodeInstrumentation - Starting transformation of com/examples/with/different/packagename/testcarver/Converter
INFO  org.evosuite.instrumentation.InstrumentingClassLoader - Loaded class: com.examples.with.different.packagename.testcarver.Converter
INFO  org.evosuite.instrumentation.InstrumentingClassLoader - Loaded class: com.examples.with.different.packagename.testcarver.AbstractConverter
INFO  org.evosuite.instrumentation.InstrumentingClassLoader - Loaded class: com.examples.with.different.packagename.testcarver.DateTimeConverter
INFO  org.evosuite.instrumentation.InstrumentingClassLoader - Loaded class: com.examples.with.different.packagename.testcarver.DateConverter
INFO  evo_logger - * Executing tests from 1 test class for carving
INFO  org.evosuite.testcarver.extraction.CarvingClassLoader - Seeing class for first time: com.examples.with.different.packagename.testcarver.DateConverter
WARN  org.evosuite.testcarver.extraction.CarvingClassLoader - Instrumenting class 'com.examples.with.different.packagename.testcarver.DateConverter'.
INFO  org.evosuite.testcarver.instrument.Instrumenter - Checking package com.examples.with.different.packagename.testcarver for class com/examples/with/different/packagename/testcarver/DateConverter
// class version 52.0 (52)
// access flags 0x31
public final class com/examples/with/different/packagename/testcarver/DateConverter extends com/examples/with/different/packagename/testcarver/DateTimeConverter {

  // compiled from: DateConverter.java

  // access flags 0x2
  private _sw_prototype_original_init_sw_prototype_original_()V
    ALOAD 0
    INVOKESTATIC org/evosuite/testcarver/capture/FieldRegistry.register (Ljava/lang/Object;)V
   L0
    LINENUMBER 47 L0
    RETURN
   L1
    LOCALVARIABLE this Lcom/examples/with/different/packagename/testcarver/DateConverter; L2 L1 0
    MAXSTACK = 5
    MAXLOCALS = 1

  // access flags 0x2
  private _sw_prototype_original_init_sw_prototype_original_(Ljava/lang/Object;)V
    ALOAD 0
    INVOKESTATIC org/evosuite/testcarver/capture/FieldRegistry.register (Ljava/lang/Object;)V
   L0
    LINENUMBER 59 L0
    RETURN
   L1
    LOCALVARIABLE this Lcom/examples/with/different/packagename/testcarver/DateConverter; L2 L1 0
    LOCALVARIABLE defaultValue Ljava/lang/Object; L2 L1 1
    MAXSTACK = 6
    MAXLOCALS = 2

  // access flags 0x4
  protected getDefaultType()Ljava/lang/Class;
   L0
    LINENUMBER 67 L0
    LDC Ljava/util/Date;.class
    ARETURN
   L1
    LOCALVARIABLE this Lcom/examples/with/different/packagename/testcarver/DateConverter; L0 L1 0
    MAXSTACK = 1
    MAXLOCALS = 1

  // access flags 0x1
  public <init>()V
    TRYCATCHBLOCK L0 L1 L1 java/lang/Throwable
   L2
    LINENUMBER 46 L2
    ALOAD 0
    INVOKESPECIAL com/examples/with/different/packagename/testcarver/DateTimeConverter.<init> ()V
   L0
    LDC -2147483644
    ALOAD 0
    LDC "<init>"
    LDC "()V"
    BIPUSH 0
    ANEWARRAY java/lang/Object
    INVOKESTATIC org/evosuite/testcarver/capture/Capturer.capture (ILjava/lang/Object;Ljava/lang/String;Ljava/lang/String;[Ljava/lang/Object;)V
    ALOAD 0
    INVOKEVIRTUAL com/examples/with/different/packagename/testcarver/DateConverter._sw_prototype_original_init_sw_prototype_original_ ()V
    GOTO L3
   L1
   FRAME SAME1 java/lang/Throwable
    ASTORE 1
    LDC -2147483644
    ALOAD 0
    GETSTATIC org/evosuite/testcarver/capture/CaptureLog.RETURN_TYPE_VOID : Ljava/lang/Object;
    INVOKESTATIC org/evosuite/testcarver/capture/Capturer.enable (ILjava/lang/Object;Ljava/lang/Object;)V
    ALOAD 1
    ATHROW
   L3
   FRAME SAME
    LDC -2147483644
    ALOAD 0
    GETSTATIC org/evosuite/testcarver/capture/CaptureLog.RETURN_TYPE_VOID : Ljava/lang/Object;
    INVOKESTATIC org/evosuite/testcarver/capture/Capturer.enable (ILjava/lang/Object;Ljava/lang/Object;)V
    RETURN
    MAXSTACK = 5
    MAXLOCALS = 0

  // access flags 0x1
  public <init>(Ljava/lang/Object;)V
    TRYCATCHBLOCK L0 L1 L1 java/lang/Throwable
   L2
    LINENUMBER 58 L2
    ALOAD 0
    ALOAD 1
    INVOKESPECIAL com/examples/with/different/packagename/testcarver/DateTimeConverter.<init> (Ljava/lang/Object;)V
   L0
    LDC -2147483643
    ALOAD 0
    LDC "<init>"
    LDC "(Ljava/lang/Object;)V"
    BIPUSH 1
    ANEWARRAY java/lang/Object
    DUP
    BIPUSH 0
    ALOAD 1
    AASTORE
    INVOKESTATIC org/evosuite/testcarver/capture/Capturer.capture (ILjava/lang/Object;Ljava/lang/String;Ljava/lang/String;[Ljava/lang/Object;)V
    ALOAD 0
    ALOAD 1
    INVOKEVIRTUAL com/examples/with/different/packagename/testcarver/DateConverter._sw_prototype_original_init_sw_prototype_original_ (Ljava/lang/Object;)V
    GOTO L3
   L1
   FRAME SAME1 java/lang/Throwable
    ASTORE 2
    LDC -2147483643
    ALOAD 0
    GETSTATIC org/evosuite/testcarver/capture/CaptureLog.RETURN_TYPE_VOID : Ljava/lang/Object;
    INVOKESTATIC org/evosuite/testcarver/capture/Capturer.enable (ILjava/lang/Object;Ljava/lang/Object;)V
    ALOAD 2
    ATHROW
   L3
   FRAME SAME
    LDC -2147483643
    ALOAD 0
    GETSTATIC org/evosuite/testcarver/capture/CaptureLog.RETURN_TYPE_VOID : Ljava/lang/Object;
    INVOKESTATIC org/evosuite/testcarver/capture/Capturer.enable (ILjava/lang/Object;Ljava/lang/Object;)V
    RETURN
    MAXSTACK = 6
    MAXLOCALS = 0
}
INFO  org.evosuite.testcarver.extraction.CarvingClassLoader - Seeing class for first time: com.examples.with.different.packagename.testcarver.DateTimeConverter
WARN  org.evosuite.testcarver.extraction.CarvingClassLoader - Instrumenting class 'com.examples.with.different.packagename.testcarver.DateTimeConverter'.
INFO  org.evosuite.testcarver.instrument.Instrumenter - Checking package com.examples.with.different.packagename.testcarver for class com/examples/with/different/packagename/testcarver/DateTimeConverter
// class version 52.0 (52)
// access flags 0x421
public abstract class com/examples/with/different/packagename/testcarver/DateTimeConverter extends com/examples/with/different/packagename/testcarver/AbstractConverter {

  // compiled from: DateTimeConverter.java

  // access flags 0x2
  private [Ljava/lang/String; patterns

  // access flags 0x2
  private Ljava/lang/String; displayPatterns

  // access flags 0x2
  private Ljava/util/Locale; locale

  // access flags 0x2
  private Ljava/util/TimeZone; timeZone

  // access flags 0x2
  private Z useLocaleFormat

  // access flags 0x1
  public <init>()V
   L0
    LINENUMBER 99 L0
    ALOAD 0
    INVOKESPECIAL com/examples/with/different/packagename/testcarver/AbstractConverter.<init> ()V
   L1
    LINENUMBER 100 L1
    RETURN
   L2
    LOCALVARIABLE this Lcom/examples/with/different/packagename/testcarver/DateTimeConverter; L0 L2 0
    MAXSTACK = 1
    MAXLOCALS = 1

  // access flags 0x1
  public <init>(Ljava/lang/Object;)V
   L0
    LINENUMBER 111 L0
    ALOAD 0
    ALOAD 1
    INVOKESPECIAL com/examples/with/different/packagename/testcarver/AbstractConverter.<init> (Ljava/lang/Object;)V
   L1
    LINENUMBER 112 L1
    RETURN
   L2
    LOCALVARIABLE this Lcom/examples/with/different/packagename/testcarver/DateTimeConverter; L0 L2 0
    LOCALVARIABLE defaultValue Ljava/lang/Object; L0 L2 1
    MAXSTACK = 2
    MAXLOCALS = 2

  // access flags 0x2
  private _sw_prototype_original_setUseLocaleFormat(Z)V
   L0
    LINENUMBER 124 L0
    ALOAD 0
    ILOAD 1
    DUP2
    PUTFIELD com/examples/with/different/packagename/testcarver/DateTimeConverter.useLocaleFormat : Z
    POP
    LDC -2147483642
    LDC "com/examples/with/different/packagename/testcarver/DateTimeConverter"
    LDC "useLocaleFormat"
    LDC "Z"
    INVOKESTATIC org/evosuite/testcarver/capture/FieldRegistry.notifyModification (Ljava/lang/Object;ILjava/lang/String;Ljava/lang/String;Ljava/lang/String;)V
   L1
    LINENUMBER 125 L1
    RETURN
   L2
    LOCALVARIABLE this Lcom/examples/with/different/packagename/testcarver/DateTimeConverter; L0 L2 0
    LOCALVARIABLE useLocaleFormat Z L0 L2 1
    MAXSTACK = 6
    MAXLOCALS = 2

  // access flags 0x2
  private _sw_prototype_original_getTimeZone()Ljava/util/TimeZone;
   L0
    LINENUMBER 134 L0
    ALOAD 0
    DUP
    GETFIELD com/examples/with/different/packagename/testcarver/DateTimeConverter.timeZone : Ljava/util/TimeZone;
    SWAP
    LDC -2147483639
    LDC "com/examples/with/different/packagename/testcarver/DateTimeConverter"
    LDC "timeZone"
    LDC "Ljava/util/TimeZone;"
    INVOKESTATIC org/evosuite/testcarver/capture/FieldRegistry.notifyReadAccess (Ljava/lang/Object;ILjava/lang/String;Ljava/lang/String;Ljava/lang/String;)V
    ARETURN
   L1
    LOCALVARIABLE this Lcom/examples/with/different/packagename/testcarver/DateTimeConverter; L0 L1 0
    MAXSTACK = 5
    MAXLOCALS = 1

  // access flags 0x2
  private _sw_prototype_original_setTimeZone(Ljava/util/TimeZone;)V
   L0
    LINENUMBER 143 L0
    ALOAD 0
    ALOAD 1
    DUP2
    PUTFIELD com/examples/with/different/packagename/testcarver/DateTimeConverter.timeZone : Ljava/util/TimeZone;
    POP
    LDC -2147483637
    LDC "com/examples/with/different/packagename/testcarver/DateTimeConverter"
    LDC "timeZone"
    LDC "Ljava/util/TimeZone;"
    INVOKESTATIC org/evosuite/testcarver/capture/FieldRegistry.notifyModification (Ljava/lang/Object;ILjava/lang/String;Ljava/lang/String;Ljava/lang/String;)V
   L1
    LINENUMBER 144 L1
    RETURN
   L2
    LOCALVARIABLE this Lcom/examples/with/different/packagename/testcarver/DateTimeConverter; L0 L2 0
    LOCALVARIABLE timeZone Ljava/util/TimeZone; L0 L2 1
    MAXSTACK = 6
    MAXLOCALS = 2

  // access flags 0x2
  private _sw_prototype_original_getLocale()Ljava/util/Locale;
   L0
    LINENUMBER 153 L0
    ALOAD 0
    DUP
    GETFIELD com/examples/with/different/packagename/testcarver/DateTimeConverter.locale : Ljava/util/Locale;
    SWAP
    LDC -2147483634
    LDC "com/examples/with/different/packagename/testcarver/DateTimeConverter"
    LDC "locale"
    LDC "Ljava/util/Locale;"
    INVOKESTATIC org/evosuite/testcarver/capture/FieldRegistry.notifyReadAccess (Ljava/lang/Object;ILjava/lang/String;Ljava/lang/String;Ljava/lang/String;)V
    ARETURN
   L1
    LOCALVARIABLE this Lcom/examples/with/different/packagename/testcarver/DateTimeConverter; L0 L1 0
    MAXSTACK = 5
    MAXLOCALS = 1

  // access flags 0x2
  private _sw_prototype_original_setLocale(Ljava/util/Locale;)V
   L0
    LINENUMBER 162 L0
    ALOAD 0
    ALOAD 1
    DUP2
    PUTFIELD com/examples/with/different/packagename/testcarver/DateTimeConverter.locale : Ljava/util/Locale;
    POP
    LDC -2147483632
    LDC "com/examples/with/different/packagename/testcarver/DateTimeConverter"
    LDC "locale"
    LDC "Ljava/util/Locale;"
    INVOKESTATIC org/evosuite/testcarver/capture/FieldRegistry.notifyModification (Ljava/lang/Object;ILjava/lang/String;Ljava/lang/String;Ljava/lang/String;)V
   L1
    LINENUMBER 163 L1
    ALOAD 0
    ICONST_1
    INVOKEVIRTUAL com/examples/with/different/packagename/testcarver/DateTimeConverter.setUseLocaleFormat (Z)V
   L2
    LINENUMBER 164 L2
    RETURN
   L3
    LOCALVARIABLE this Lcom/examples/with/different/packagename/testcarver/DateTimeConverter; L0 L3 0
    LOCALVARIABLE locale Ljava/util/Locale; L0 L3 1
    MAXSTACK = 6
    MAXLOCALS = 2

  // access flags 0x2
  private _sw_prototype_original_setPattern(Ljava/lang/String;)V
   L0
    LINENUMBER 174 L0
    ALOAD 0
    ICONST_1
    ANEWARRAY java/lang/String
    DUP
    ICONST_0
    ALOAD 1
    AASTORE
    INVOKEVIRTUAL com/examples/with/different/packagename/testcarver/DateTimeConverter.setPatterns ([Ljava/lang/String;)V
   L1
    LINENUMBER 175 L1
    RETURN
   L2
    LOCALVARIABLE this Lcom/examples/with/different/packagename/testcarver/DateTimeConverter; L0 L2 0
    LOCALVARIABLE pattern Ljava/lang/String; L0 L2 1
    MAXSTACK = 9
    MAXLOCALS = 2

  // access flags 0x2
  private _sw_prototype_original_getPatterns()[Ljava/lang/String;
   L0
    LINENUMBER 186 L0
    ALOAD 0
    DUP
    GETFIELD com/examples/with/different/packagename/testcarver/DateTimeConverter.patterns : [Ljava/lang/String;
    SWAP
    LDC -2147483628
    LDC "com/examples/with/different/packagename/testcarver/DateTimeConverter"
    LDC "patterns"
    LDC "[Ljava/lang/String;"
    INVOKESTATIC org/evosuite/testcarver/capture/FieldRegistry.notifyReadAccess (Ljava/lang/Object;ILjava/lang/String;Ljava/lang/String;Ljava/lang/String;)V
    ARETURN
   L1
    LOCALVARIABLE this Lcom/examples/with/different/packagename/testcarver/DateTimeConverter; L0 L1 0
    MAXSTACK = 5
    MAXLOCALS = 1

  // access flags 0x2
  private _sw_prototype_original_setPatterns([Ljava/lang/String;)V
   L0
    LINENUMBER 197 L0
    ALOAD 0
    ALOAD 1
    DUP2
    PUTFIELD com/examples/with/different/packagename/testcarver/DateTimeConverter.patterns : [Ljava/lang/String;
    POP
    LDC -2147483626
    LDC "com/examples/with/different/packagename/testcarver/DateTimeConverter"
    LDC "patterns"
    LDC "[Ljava/lang/String;"
    INVOKESTATIC org/evosuite/testcarver/capture/FieldRegistry.notifyModification (Ljava/lang/Object;ILjava/lang/String;Ljava/lang/String;Ljava/lang/String;)V
   L1
    LINENUMBER 198 L1
    ALOAD 1
    IFNULL L2
    ALOAD 1
    ARRAYLENGTH
    ICONST_1
    IF_ICMPLE L2
   L3
    LINENUMBER 199 L3
    NEW java/lang/StringBuffer
    DUP
    INVOKESPECIAL java/lang/StringBuffer.<init> ()V
    ASTORE 2
   L4
    LINENUMBER 200 L4
    ICONST_0
    ISTORE 3
   L5
    ILOAD 3
    ALOAD 1
    ARRAYLENGTH
    IF_ICMPGE L6
   L7
    LINENUMBER 201 L7
    ILOAD 3
    IFLE L8
   L9
    LINENUMBER 202 L9
    ALOAD 2
    LDC ", "
    INVOKEVIRTUAL java/lang/StringBuffer.append (Ljava/lang/String;)Ljava/lang/StringBuffer;
    POP
   L8
    LINENUMBER 204 L8
    ALOAD 2
    ALOAD 1
    ILOAD 3
    AALOAD
    INVOKEVIRTUAL java/lang/StringBuffer.append (Ljava/lang/String;)Ljava/lang/StringBuffer;
    POP
   L10
    LINENUMBER 200 L10
    IINC 3 1
    GOTO L5
   L6
    LINENUMBER 206 L6
    ALOAD 0
    ALOAD 2
    INVOKEVIRTUAL java/lang/StringBuffer.toString ()Ljava/lang/String;
    DUP2
    PUTFIELD com/examples/with/different/packagename/testcarver/DateTimeConverter.displayPatterns : Ljava/lang/String;
    POP
    LDC -2147483624
    LDC "com/examples/with/different/packagename/testcarver/DateTimeConverter"
    LDC "displayPatterns"
    LDC "Ljava/lang/String;"
    INVOKESTATIC org/evosuite/testcarver/capture/FieldRegistry.notifyModification (Ljava/lang/Object;ILjava/lang/String;Ljava/lang/String;Ljava/lang/String;)V
   L2
    LINENUMBER 208 L2
    ALOAD 0
    ICONST_1
    INVOKEVIRTUAL com/examples/with/different/packagename/testcarver/DateTimeConverter.setUseLocaleFormat (Z)V
   L11
    LINENUMBER 209 L11
    RETURN
   L12
    LOCALVARIABLE i I L5 L6 3
    LOCALVARIABLE buffer Ljava/lang/StringBuffer; L4 L2 2
    LOCALVARIABLE this Lcom/examples/with/different/packagename/testcarver/DateTimeConverter; L0 L12 0
    LOCALVARIABLE patterns [Ljava/lang/String; L0 L12 1
    MAXSTACK = 7
    MAXLOCALS = 4

  // access flags 0x4
  protected convertToString(Ljava/lang/Object;)Ljava/lang/String; throws java/lang/Throwable
   L0
    LINENUMBER 228 L0
    ACONST_NULL
    ASTORE 2
   L1
    LINENUMBER 229 L1
    ALOAD 1
    INSTANCEOF java/util/Date
    IFEQ L2
   L3
    LINENUMBER 230 L3
    ALOAD 1
    CHECKCAST org/evosuite/testcarver/wrapper/java/util/Date
    ASTORE 2
    GOTO L4
   L2
    LINENUMBER 231 L2
    ALOAD 1
    INSTANCEOF java/util/Calendar
    IFEQ L5
   L6
    LINENUMBER 232 L6
    ALOAD 1
    CHECKCAST org/evosuite/testcarver/wrapper/java/util/Calendar
    INVOKESTATIC org/evosuite/testcarver/wrapper/java/util/Calendar.getTime (Ljava/util/Calendar;)Ljava/util/Date;
    ASTORE 2
    GOTO L4
   L5
    LINENUMBER 233 L5
    ALOAD 1
    INSTANCEOF java/lang/Long
    IFEQ L4
   L7
    LINENUMBER 234 L7
    NEW org/evosuite/testcarver/wrapper/java/util/Date
    DUP
    ALOAD 1
    CHECKCAST java/lang/Long
    INVOKEVIRTUAL java/lang/Long.longValue ()J
    INVOKESPECIAL org/evosuite/testcarver/wrapper/java/util/Date.<init> (J)V
    ASTORE 2
   L4
    LINENUMBER 237 L4
    ACONST_NULL
    ASTORE 3
   L8
    LINENUMBER 238 L8
    ALOAD 0
    GETFIELD com/examples/with/different/packagename/testcarver/DateTimeConverter.useLocaleFormat : Z
    IFEQ L9
    ALOAD 2
    IFNULL L9
   L10
    LINENUMBER 239 L10
    ACONST_NULL
    ASTORE 4
   L11
    LINENUMBER 240 L11
    ALOAD 0
    GETFIELD com/examples/with/different/packagename/testcarver/DateTimeConverter.patterns : [Ljava/lang/String;
    IFNULL L12
    ALOAD 0
    GETFIELD com/examples/with/different/packagename/testcarver/DateTimeConverter.patterns : [Ljava/lang/String;
    ARRAYLENGTH
    IFLE L12
   L13
    LINENUMBER 241 L13
    ALOAD 0
    ALOAD 0
    GETFIELD com/examples/with/different/packagename/testcarver/DateTimeConverter.patterns : [Ljava/lang/String;
    ICONST_0
    AALOAD
    INVOKESPECIAL com/examples/with/different/packagename/testcarver/DateTimeConverter.getFormat (Ljava/lang/String;)Ljava/text/DateFormat;
    ASTORE 4
    GOTO L14
   L12
    LINENUMBER 243 L12
    ALOAD 0
    ALOAD 0
    GETFIELD com/examples/with/different/packagename/testcarver/DateTimeConverter.locale : Ljava/util/Locale;
    ALOAD 0
    GETFIELD com/examples/with/different/packagename/testcarver/DateTimeConverter.timeZone : Ljava/util/TimeZone;
    INVOKEVIRTUAL com/examples/with/different/packagename/testcarver/DateTimeConverter.getFormat (Ljava/util/Locale;Ljava/util/TimeZone;)Ljava/text/DateFormat;
    ASTORE 4
   L14
    LINENUMBER 245 L14
    ALOAD 0
    LDC "Formatting"
    ALOAD 4
    INVOKESPECIAL com/examples/with/different/packagename/testcarver/DateTimeConverter.logFormat (Ljava/lang/String;Ljava/text/DateFormat;)V
   L15
    LINENUMBER 246 L15
    ALOAD 4
    ALOAD 2
    INVOKESTATIC org/evosuite/testcarver/wrapper/java/text/DateFormat.format (Ljava/text/DateFormat;Ljava/util/Date;)Ljava/lang/String;
    ASTORE 3
   L16
    LINENUMBER 247 L16
    GOTO L17
   L9
    LINENUMBER 248 L9
    ALOAD 1
    INVOKEVIRTUAL java/lang/Object.toString ()Ljava/lang/String;
    ASTORE 3
   L17
    LINENUMBER 250 L17
    ALOAD 3
    ARETURN
   L18
    LOCALVARIABLE format Ljava/text/DateFormat; L11 L16 4
    LOCALVARIABLE this Lcom/examples/with/different/packagename/testcarver/DateTimeConverter; L0 L18 0
    LOCALVARIABLE value Ljava/lang/Object; L0 L18 1
    LOCALVARIABLE date Ljava/util/Date; L1 L18 2
    LOCALVARIABLE result Ljava/lang/String; L8 L18 3
    MAXSTACK = 4
    MAXLOCALS = 5

  // access flags 0x4
  protected convertToType(Ljava/lang/Class;Ljava/lang/Object;)Ljava/lang/Object; throws java/lang/Exception
   L0
    LINENUMBER 284 L0
    ALOAD 2
    INVOKEVIRTUAL java/lang/Object.getClass ()Ljava/lang/Class;
    ASTORE 3
   L1
    LINENUMBER 287 L1
    ALOAD 2
    INSTANCEOF java/sql/Timestamp
    IFEQ L2
   L3
    LINENUMBER 293 L3
    ALOAD 2
    CHECKCAST java/sql/Timestamp
    ASTORE 4
   L4
    LINENUMBER 294 L4
    ALOAD 4
    INVOKEVIRTUAL java/sql/Timestamp.getTime ()J
    LDC 1000L
    LDIV
    LDC 1000L
    LMUL
    LSTORE 5
   L5
    LINENUMBER 295 L5
    LLOAD 5
    ALOAD 4
    INVOKEVIRTUAL java/sql/Timestamp.getNanos ()I
    LDC 1000000
    IDIV
    I2L
    LADD
    LSTORE 5
   L6
    LINENUMBER 297 L6
    ALOAD 0
    ALOAD 1
    LLOAD 5
    INVOKESPECIAL com/examples/with/different/packagename/testcarver/DateTimeConverter.toDate (Ljava/lang/Class;J)Ljava/lang/Object;
    ARETURN
   L2
    LINENUMBER 301 L2
    ALOAD 2
    INSTANCEOF java/util/Date
    IFEQ L7
   L8
    LINENUMBER 302 L8
    ALOAD 2
    CHECKCAST org/evosuite/testcarver/wrapper/java/util/Date
    ASTORE 4
   L9
    LINENUMBER 303 L9
    ALOAD 0
    ALOAD 1
    ALOAD 4
    INVOKEVIRTUAL java/util/Date.getTime ()J
    INVOKESPECIAL com/examples/with/different/packagename/testcarver/DateTimeConverter.toDate (Ljava/lang/Class;J)Ljava/lang/Object;
    ARETURN
   L7
    LINENUMBER 307 L7
    ALOAD 2
    INSTANCEOF java/util/Calendar
    IFEQ L10
   L11
    LINENUMBER 308 L11
    ALOAD 2
    CHECKCAST org/evosuite/testcarver/wrapper/java/util/Calendar
    ASTORE 4
   L12
    LINENUMBER 309 L12
    ALOAD 0
    ALOAD 1
    ALOAD 4
    INVOKESTATIC org/evosuite/testcarver/wrapper/java/util/Calendar.getTime (Ljava/util/Calendar;)Ljava/util/Date;
    INVOKEVIRTUAL java/util/Date.getTime ()J
    INVOKESPECIAL com/examples/with/different/packagename/testcarver/DateTimeConverter.toDate (Ljava/lang/Class;J)Ljava/lang/Object;
    ARETURN
   L10
    LINENUMBER 313 L10
    ALOAD 2
    INSTANCEOF java/lang/Long
    IFEQ L13
   L14
    LINENUMBER 314 L14
    ALOAD 2
    CHECKCAST java/lang/Long
    ASTORE 4
   L15
    LINENUMBER 315 L15
    ALOAD 0
    ALOAD 1
    ALOAD 4
    INVOKEVIRTUAL java/lang/Long.longValue ()J
    INVOKESPECIAL com/examples/with/different/packagename/testcarver/DateTimeConverter.toDate (Ljava/lang/Class;J)Ljava/lang/Object;
    ARETURN
   L13
    LINENUMBER 319 L13
    ALOAD 2
    INVOKEVIRTUAL java/lang/Object.toString ()Ljava/lang/String;
    INVOKEVIRTUAL java/lang/String.trim ()Ljava/lang/String;
    ASTORE 4
   L16
    LINENUMBER 320 L16
    ALOAD 4
    INVOKEVIRTUAL java/lang/String.length ()I
    IFNE L17
   L18
    LINENUMBER 321 L18
    ALOAD 0
    ALOAD 1
    INVOKEVIRTUAL com/examples/with/different/packagename/testcarver/DateTimeConverter.handleMissing (Ljava/lang/Class;)Ljava/lang/Object;
    ARETURN
   L17
    LINENUMBER 325 L17
    ALOAD 0
    GETFIELD com/examples/with/different/packagename/testcarver/DateTimeConverter.useLocaleFormat : Z
    IFEQ L19
   L20
    LINENUMBER 326 L20
    ACONST_NULL
    ASTORE 5
   L21
    LINENUMBER 327 L21
    ALOAD 0
    GETFIELD com/examples/with/different/packagename/testcarver/DateTimeConverter.patterns : [Ljava/lang/String;
    IFNULL L22
    ALOAD 0
    GETFIELD com/examples/with/different/packagename/testcarver/DateTimeConverter.patterns : [Ljava/lang/String;
    ARRAYLENGTH
    IFLE L22
   L23
    LINENUMBER 328 L23
    ALOAD 0
    ALOAD 3
    ALOAD 1
    ALOAD 4
    INVOKESPECIAL com/examples/with/different/packagename/testcarver/DateTimeConverter.parse (Ljava/lang/Class;Ljava/lang/Class;Ljava/lang/String;)Ljava/util/Calendar;
    ASTORE 5
    GOTO L24
   L22
    LINENUMBER 330 L22
    ALOAD 0
    ALOAD 0
    GETFIELD com/examples/with/different/packagename/testcarver/DateTimeConverter.locale : Ljava/util/Locale;
    ALOAD 0
    GETFIELD com/examples/with/different/packagename/testcarver/DateTimeConverter.timeZone : Ljava/util/TimeZone;
    INVOKEVIRTUAL com/examples/with/different/packagename/testcarver/DateTimeConverter.getFormat (Ljava/util/Locale;Ljava/util/TimeZone;)Ljava/text/DateFormat;
    ASTORE 6
   L25
    LINENUMBER 331 L25
    ALOAD 0
    ALOAD 3
    ALOAD 1
    ALOAD 4
    ALOAD 6
    INVOKESPECIAL com/examples/with/different/packagename/testcarver/DateTimeConverter.parse (Ljava/lang/Class;Ljava/lang/Class;Ljava/lang/String;Ljava/text/DateFormat;)Ljava/util/Calendar;
    ASTORE 5
   L24
    LINENUMBER 333 L24
    LDC Ljava/util/Calendar;.class
    ALOAD 1
    INVOKEVIRTUAL java/lang/Class.isAssignableFrom (Ljava/lang/Class;)Z
    IFEQ L26
   L27
    LINENUMBER 334 L27
    ALOAD 5
    ARETURN
   L26
    LINENUMBER 336 L26
    ALOAD 0
    ALOAD 1
    ALOAD 5
    INVOKESTATIC org/evosuite/testcarver/wrapper/java/util/Calendar.getTime (Ljava/util/Calendar;)Ljava/util/Date;
    INVOKEVIRTUAL java/util/Date.getTime ()J
    INVOKESPECIAL com/examples/with/different/packagename/testcarver/DateTimeConverter.toDate (Ljava/lang/Class;J)Ljava/lang/Object;
    ARETURN
   L19
    LINENUMBER 341 L19
    ALOAD 0
    ALOAD 1
    ALOAD 4
    INVOKESPECIAL com/examples/with/different/packagename/testcarver/DateTimeConverter.toDate (Ljava/lang/Class;Ljava/lang/String;)Ljava/lang/Object;
    ARETURN
   L28
    LOCALVARIABLE timestamp Ljava/sql/Timestamp; L4 L2 4
    LOCALVARIABLE timeInMillis J L5 L2 5
    LOCALVARIABLE date Ljava/util/Date; L9 L7 4
    LOCALVARIABLE calendar Ljava/util/Calendar; L12 L10 4
    LOCALVARIABLE longObj Ljava/lang/Long; L15 L13 4
    LOCALVARIABLE format Ljava/text/DateFormat; L25 L24 6
    LOCALVARIABLE calendar Ljava/util/Calendar; L21 L19 5
    LOCALVARIABLE this Lcom/examples/with/different/packagename/testcarver/DateTimeConverter; L0 L28 0
    LOCALVARIABLE targetType Ljava/lang/Class; L0 L28 1
    LOCALVARIABLE value Ljava/lang/Object; L0 L28 2
    LOCALVARIABLE sourceType Ljava/lang/Class; L1 L28 3
    LOCALVARIABLE stringValue Ljava/lang/String; L16 L28 4
    MAXSTACK = 5
    MAXLOCALS = 7

  // access flags 0x2
  private toDate(Ljava/lang/Class;J)Ljava/lang/Object;
   L0
    LINENUMBER 366 L0
    ALOAD 1
    LDC Ljava/util/Date;.class
    INVOKEVIRTUAL java/lang/Object.equals (Ljava/lang/Object;)Z
    IFEQ L1
   L2
    LINENUMBER 367 L2
    NEW org/evosuite/testcarver/wrapper/java/util/Date
    DUP
    LLOAD 2
    INVOKESPECIAL org/evosuite/testcarver/wrapper/java/util/Date.<init> (J)V
    ARETURN
   L1
    LINENUMBER 371 L1
    ALOAD 1
    LDC Ljava/sql/Date;.class
    INVOKEVIRTUAL java/lang/Object.equals (Ljava/lang/Object;)Z
    IFEQ L3
   L4
    LINENUMBER 372 L4
    NEW java/sql/Date
    DUP
    LLOAD 2
    INVOKESPECIAL java/sql/Date.<init> (J)V
    ARETURN
   L3
    LINENUMBER 376 L3
    ALOAD 1
    LDC Ljava/sql/Time;.class
    INVOKEVIRTUAL java/lang/Object.equals (Ljava/lang/Object;)Z
    IFEQ L5
   L6
    LINENUMBER 377 L6
    NEW java/sql/Time
    DUP
    LLOAD 2
    INVOKESPECIAL java/sql/Time.<init> (J)V
    ARETURN
   L5
    LINENUMBER 381 L5
    ALOAD 1
    LDC Ljava/sql/Timestamp;.class
    INVOKEVIRTUAL java/lang/Object.equals (Ljava/lang/Object;)Z
    IFEQ L7
   L8
    LINENUMBER 382 L8
    NEW java/sql/Timestamp
    DUP
    LLOAD 2
    INVOKESPECIAL java/sql/Timestamp.<init> (J)V
    ARETURN
   L7
    LINENUMBER 386 L7
    ALOAD 1
    LDC Ljava/util/Calendar;.class
    INVOKEVIRTUAL java/lang/Object.equals (Ljava/lang/Object;)Z
    IFEQ L9
   L10
    LINENUMBER 387 L10
    ACONST_NULL
    ASTORE 4
   L11
    LINENUMBER 388 L11
    ALOAD 0
    GETFIELD com/examples/with/different/packagename/testcarver/DateTimeConverter.locale : Ljava/util/Locale;
    IFNONNULL L12
    ALOAD 0
    GETFIELD com/examples/with/different/packagename/testcarver/DateTimeConverter.timeZone : Ljava/util/TimeZone;
    IFNONNULL L12
   L13
    LINENUMBER 389 L13
    INVOKESTATIC org/evosuite/testcarver/wrapper/java/util/Calendar.getInstance ()Ljava/util/Calendar;
    ASTORE 4
    GOTO L14
   L12
    LINENUMBER 390 L12
    ALOAD 0
    GETFIELD com/examples/with/different/packagename/testcarver/DateTimeConverter.locale : Ljava/util/Locale;
    IFNONNULL L15
   L16
    LINENUMBER 391 L16
    ALOAD 0
    GETFIELD com/examples/with/different/packagename/testcarver/DateTimeConverter.timeZone : Ljava/util/TimeZone;
    INVOKESTATIC org/evosuite/testcarver/wrapper/java/util/Calendar.getInstance (Ljava/util/TimeZone;)Ljava/util/Calendar;
    ASTORE 4
    GOTO L14
   L15
    LINENUMBER 392 L15
    ALOAD 0
    GETFIELD com/examples/with/different/packagename/testcarver/DateTimeConverter.timeZone : Ljava/util/TimeZone;
    IFNONNULL L17
   L18
    LINENUMBER 393 L18
    ALOAD 0
    GETFIELD com/examples/with/different/packagename/testcarver/DateTimeConverter.locale : Ljava/util/Locale;
    INVOKESTATIC org/evosuite/testcarver/wrapper/java/util/Calendar.getInstance (Ljava/util/Locale;)Ljava/util/Calendar;
    ASTORE 4
    GOTO L14
   L17
    LINENUMBER 395 L17
    ALOAD 0
    GETFIELD com/examples/with/different/packagename/testcarver/DateTimeConverter.timeZone : Ljava/util/TimeZone;
    ALOAD 0
    GETFIELD com/examples/with/different/packagename/testcarver/DateTimeConverter.locale : Ljava/util/Locale;
    INVOKESTATIC org/evosuite/testcarver/wrapper/java/util/Calendar.getInstance (Ljava/util/TimeZone;Ljava/util/Locale;)Ljava/util/Calendar;
    ASTORE 4
   L14
    LINENUMBER 397 L14
    ALOAD 4
    NEW org/evosuite/testcarver/wrapper/java/util/Date
    DUP
    LLOAD 2
    INVOKESPECIAL org/evosuite/testcarver/wrapper/java/util/Date.<init> (J)V
    INVOKESTATIC org/evosuite/testcarver/wrapper/java/util/Calendar.setTime (Ljava/util/Calendar;Ljava/util/Date;)V
   L19
    LINENUMBER 398 L19
    ALOAD 4
    ICONST_0
    INVOKEVIRTUAL java/util/Calendar.setLenient (Z)V
   L20
    LINENUMBER 399 L20
    ALOAD 4
    ARETURN
   L9
    LINENUMBER 402 L9
    NEW java/lang/StringBuilder
    DUP
    INVOKESPECIAL java/lang/StringBuilder.<init> ()V
    ALOAD 0
    ALOAD 0
    INVOKEVIRTUAL java/lang/Object.getClass ()Ljava/lang/Class;
    INVOKEVIRTUAL com/examples/with/different/packagename/testcarver/DateTimeConverter.toString (Ljava/lang/Class;)Ljava/lang/String;
    INVOKEVIRTUAL java/lang/StringBuilder.append (Ljava/lang/String;)Ljava/lang/StringBuilder;
    LDC " cannot handle conversion to '"
    INVOKEVIRTUAL java/lang/StringBuilder.append (Ljava/lang/String;)Ljava/lang/StringBuilder;
    ALOAD 0
    ALOAD 1
   L21
    LINENUMBER 403 L21
    INVOKEVIRTUAL com/examples/with/different/packagename/testcarver/DateTimeConverter.toString (Ljava/lang/Class;)Ljava/lang/String;
    INVOKEVIRTUAL java/lang/StringBuilder.append (Ljava/lang/String;)Ljava/lang/StringBuilder;
    LDC "'"
    INVOKEVIRTUAL java/lang/StringBuilder.append (Ljava/lang/String;)Ljava/lang/StringBuilder;
    INVOKEVIRTUAL java/lang/StringBuilder.toString ()Ljava/lang/String;
    ASTORE 4
   L22
    LINENUMBER 404 L22
    NEW com/examples/with/different/packagename/testcarver/ConversionException
    DUP
    ALOAD 4
    INVOKESPECIAL com/examples/with/different/packagename/testcarver/ConversionException.<init> (Ljava/lang/String;)V
    ATHROW
   L23
    LOCALVARIABLE calendar Ljava/util/Calendar; L11 L9 4
    LOCALVARIABLE this Lcom/examples/with/different/packagename/testcarver/DateTimeConverter; L0 L23 0
    LOCALVARIABLE type Ljava/lang/Class; L0 L23 1
    LOCALVARIABLE value J L0 L23 2
    LOCALVARIABLE msg Ljava/lang/String; L22 L23 4
    MAXSTACK = 5
    MAXLOCALS = 5

  // access flags 0x2
  private toDate(Ljava/lang/Class;Ljava/lang/String;)Ljava/lang/Object;
    TRYCATCHBLOCK L0 L1 L2 java/lang/IllegalArgumentException
    TRYCATCHBLOCK L3 L4 L5 java/lang/IllegalArgumentException
    TRYCATCHBLOCK L6 L7 L8 java/lang/IllegalArgumentException
   L9
    LINENUMBER 427 L9
    ALOAD 1
    LDC Ljava/sql/Date;.class
    INVOKEVIRTUAL java/lang/Object.equals (Ljava/lang/Object;)Z
    IFEQ L10
   L0
    LINENUMBER 429 L0
    ALOAD 2
    INVOKESTATIC java/sql/Date.valueOf (Ljava/lang/String;)Ljava/sql/Date;
   L1
    ARETURN
   L2
    LINENUMBER 430 L2
    ASTORE 3
   L11
    LINENUMBER 431 L11
    NEW com/examples/with/different/packagename/testcarver/ConversionException
    DUP
    LDC "String must be in JDBC format [yyyy-MM-dd] to create a java.sql.Date"
    INVOKESPECIAL com/examples/with/different/packagename/testcarver/ConversionException.<init> (Ljava/lang/String;)V
    ATHROW
   L10
    LINENUMBER 437 L10
    ALOAD 1
    LDC Ljava/sql/Time;.class
    INVOKEVIRTUAL java/lang/Object.equals (Ljava/lang/Object;)Z
    IFEQ L12
   L3
    LINENUMBER 439 L3
    ALOAD 2
    INVOKESTATIC java/sql/Time.valueOf (Ljava/lang/String;)Ljava/sql/Time;
   L4
    ARETURN
   L5
    LINENUMBER 440 L5
    ASTORE 3
   L13
    LINENUMBER 441 L13
    NEW com/examples/with/different/packagename/testcarver/ConversionException
    DUP
    LDC "String must be in JDBC format [HH:mm:ss] to create a java.sql.Time"
    INVOKESPECIAL com/examples/with/different/packagename/testcarver/ConversionException.<init> (Ljava/lang/String;)V
    ATHROW
   L12
    LINENUMBER 447 L12
    ALOAD 1
    LDC Ljava/sql/Timestamp;.class
    INVOKEVIRTUAL java/lang/Object.equals (Ljava/lang/Object;)Z
    IFEQ L14
   L6
    LINENUMBER 449 L6
    ALOAD 2
    INVOKESTATIC java/sql/Timestamp.valueOf (Ljava/lang/String;)Ljava/sql/Timestamp;
   L7
    ARETURN
   L8
    LINENUMBER 450 L8
    ASTORE 3
   L15
    LINENUMBER 451 L15
    NEW com/examples/with/different/packagename/testcarver/ConversionException
    DUP
    LDC "String must be in JDBC format [yyyy-MM-dd HH:mm:ss.fffffffff] to create a java.sql.Timestamp"
    INVOKESPECIAL com/examples/with/different/packagename/testcarver/ConversionException.<init> (Ljava/lang/String;)V
    ATHROW
   L14
    LINENUMBER 457 L14
    NEW java/lang/StringBuilder
    DUP
    INVOKESPECIAL java/lang/StringBuilder.<init> ()V
    ALOAD 0
    ALOAD 0
    INVOKEVIRTUAL java/lang/Object.getClass ()Ljava/lang/Class;
    INVOKEVIRTUAL com/examples/with/different/packagename/testcarver/DateTimeConverter.toString (Ljava/lang/Class;)Ljava/lang/String;
    INVOKEVIRTUAL java/lang/StringBuilder.append (Ljava/lang/String;)Ljava/lang/StringBuilder;
    LDC " does not support default String to '"
    INVOKEVIRTUAL java/lang/StringBuilder.append (Ljava/lang/String;)Ljava/lang/StringBuilder;
    ALOAD 0
    ALOAD 1
   L16
    LINENUMBER 458 L16
    INVOKEVIRTUAL com/examples/with/different/packagename/testcarver/DateTimeConverter.toString (Ljava/lang/Class;)Ljava/lang/String;
    INVOKEVIRTUAL java/lang/StringBuilder.append (Ljava/lang/String;)Ljava/lang/StringBuilder;
    LDC "' conversion."
    INVOKEVIRTUAL java/lang/StringBuilder.append (Ljava/lang/String;)Ljava/lang/StringBuilder;
    INVOKEVIRTUAL java/lang/StringBuilder.toString ()Ljava/lang/String;
    ASTORE 3
   L17
    LINENUMBER 459 L17
    NEW com/examples/with/different/packagename/testcarver/ConversionException
    DUP
    ALOAD 3
    INVOKESPECIAL com/examples/with/different/packagename/testcarver/ConversionException.<init> (Ljava/lang/String;)V
    ATHROW
   L18
    LOCALVARIABLE e Ljava/lang/IllegalArgumentException; L11 L10 3
    LOCALVARIABLE e Ljava/lang/IllegalArgumentException; L13 L12 3
    LOCALVARIABLE e Ljava/lang/IllegalArgumentException; L15 L14 3
    LOCALVARIABLE this Lcom/examples/with/different/packagename/testcarver/DateTimeConverter; L9 L18 0
    LOCALVARIABLE type Ljava/lang/Class; L9 L18 1
    LOCALVARIABLE value Ljava/lang/String; L9 L18 2
    LOCALVARIABLE msg Ljava/lang/String; L17 L18 3
    MAXSTACK = 3
    MAXLOCALS = 4

  // access flags 0x4
  protected getFormat(Ljava/util/Locale;Ljava/util/TimeZone;)Ljava/text/DateFormat;
   L0
    LINENUMBER 470 L0
    ACONST_NULL
    ASTORE 3
   L1
    LINENUMBER 471 L1
    ALOAD 1
    IFNONNULL L2
   L3
    LINENUMBER 472 L3
    ICONST_3
    INVOKESTATIC org/evosuite/testcarver/wrapper/java/text/DateFormat.getDateInstance_final (I)Ljava/text/DateFormat;
    ASTORE 3
    GOTO L4
   L2
    LINENUMBER 474 L2
    ICONST_3
    ALOAD 1
    INVOKESTATIC org/evosuite/testcarver/wrapper/java/text/DateFormat.getDateInstance_final (ILjava/util/Locale;)Ljava/text/DateFormat;
    ASTORE 3
   L4
    LINENUMBER 476 L4
    ALOAD 2
    IFNULL L5
   L6
    LINENUMBER 477 L6
    ALOAD 3
    ALOAD 2
    INVOKEVIRTUAL java/text/DateFormat.setTimeZone (Ljava/util/TimeZone;)V
   L5
    LINENUMBER 479 L5
    ALOAD 3
    ARETURN
   L7
    LOCALVARIABLE this Lcom/examples/with/different/packagename/testcarver/DateTimeConverter; L0 L7 0
    LOCALVARIABLE locale Ljava/util/Locale; L0 L7 1
    LOCALVARIABLE timeZone Ljava/util/TimeZone; L0 L7 2
    LOCALVARIABLE format Ljava/text/DateFormat; L1 L7 3
    MAXSTACK = 2
    MAXLOCALS = 4

  // access flags 0x2
  private getFormat(Ljava/lang/String;)Ljava/text/DateFormat;
   L0
    LINENUMBER 489 L0
    NEW org/evosuite/testcarver/wrapper/java/text/SimpleDateFormat
    DUP
    ALOAD 1
    INVOKESPECIAL org/evosuite/testcarver/wrapper/java/text/SimpleDateFormat.<init> (Ljava/lang/String;)V
    ASTORE 2
   L1
    LINENUMBER 490 L1
    ALOAD 0
    GETFIELD com/examples/with/different/packagename/testcarver/DateTimeConverter.timeZone : Ljava/util/TimeZone;
    IFNULL L2
   L3
    LINENUMBER 491 L3
    ALOAD 2
    ALOAD 0
    GETFIELD com/examples/with/different/packagename/testcarver/DateTimeConverter.timeZone : Ljava/util/TimeZone;
    INVOKEVIRTUAL java/text/DateFormat.setTimeZone (Ljava/util/TimeZone;)V
   L2
    LINENUMBER 493 L2
    ALOAD 2
    ARETURN
   L4
    LOCALVARIABLE this Lcom/examples/with/different/packagename/testcarver/DateTimeConverter; L0 L4 0
    LOCALVARIABLE pattern Ljava/lang/String; L0 L4 1
    LOCALVARIABLE format Ljava/text/DateFormat; L1 L4 2
    MAXSTACK = 3
    MAXLOCALS = 3

  // access flags 0x2
  private parse(Ljava/lang/Class;Ljava/lang/Class;Ljava/lang/String;)Ljava/util/Calendar; throws java/lang/Exception
    TRYCATCHBLOCK L0 L1 L2 java/lang/Exception
   L3
    LINENUMBER 506 L3
    ACONST_NULL
    ASTORE 4
   L4
    LINENUMBER 507 L4
    ICONST_0
    ISTORE 5
   L5
    ILOAD 5
    ALOAD 0
    GETFIELD com/examples/with/different/packagename/testcarver/DateTimeConverter.patterns : [Ljava/lang/String;
    ARRAYLENGTH
    IF_ICMPGE L6
   L0
    LINENUMBER 509 L0
    ALOAD 0
    ALOAD 0
    GETFIELD com/examples/with/different/packagename/testcarver/DateTimeConverter.patterns : [Ljava/lang/String;
    ILOAD 5
    AALOAD
    INVOKESPECIAL com/examples/with/different/packagename/testcarver/DateTimeConverter.getFormat (Ljava/lang/String;)Ljava/text/DateFormat;
    ASTORE 6
   L7
    LINENUMBER 510 L7
    ALOAD 0
    ALOAD 1
    ALOAD 2
    ALOAD 3
    ALOAD 6
    INVOKESPECIAL com/examples/with/different/packagename/testcarver/DateTimeConverter.parse (Ljava/lang/Class;Ljava/lang/Class;Ljava/lang/String;Ljava/text/DateFormat;)Ljava/util/Calendar;
    ASTORE 7
   L8
    LINENUMBER 511 L8
    ALOAD 7
   L1
    ARETURN
   L2
    LINENUMBER 512 L2
    ASTORE 6
   L9
    LINENUMBER 513 L9
    ALOAD 4
    IFNONNULL L10
   L11
    LINENUMBER 514 L11
    ALOAD 6
    ASTORE 4
   L10
    LINENUMBER 507 L10
    IINC 5 1
    GOTO L5
   L6
    LINENUMBER 518 L6
    ALOAD 0
    GETFIELD com/examples/with/different/packagename/testcarver/DateTimeConverter.patterns : [Ljava/lang/String;
    ARRAYLENGTH
    ICONST_1
    IF_ICMPLE L12
   L13
    LINENUMBER 519 L13
    NEW com/examples/with/different/packagename/testcarver/ConversionException
    DUP
    NEW java/lang/StringBuilder
    DUP
    INVOKESPECIAL java/lang/StringBuilder.<init> ()V
    LDC "Error converting '"
    INVOKEVIRTUAL java/lang/StringBuilder.append (Ljava/lang/String;)Ljava/lang/StringBuilder;
    ALOAD 0
    ALOAD 1
    INVOKEVIRTUAL com/examples/with/different/packagename/testcarver/DateTimeConverter.toString (Ljava/lang/Class;)Ljava/lang/String;
    INVOKEVIRTUAL java/lang/StringBuilder.append (Ljava/lang/String;)Ljava/lang/StringBuilder;
    LDC "' to '"
    INVOKEVIRTUAL java/lang/StringBuilder.append (Ljava/lang/String;)Ljava/lang/StringBuilder;
    ALOAD 0
    ALOAD 2
    INVOKEVIRTUAL com/examples/with/different/packagename/testcarver/DateTimeConverter.toString (Ljava/lang/Class;)Ljava/lang/String;
    INVOKEVIRTUAL java/lang/StringBuilder.append (Ljava/lang/String;)Ljava/lang/StringBuilder;
    LDC "' using  patterns '"
    INVOKEVIRTUAL java/lang/StringBuilder.append (Ljava/lang/String;)Ljava/lang/StringBuilder;
    ALOAD 0
    GETFIELD com/examples/with/different/packagename/testcarver/DateTimeConverter.displayPatterns : Ljava/lang/String;
    INVOKEVIRTUAL java/lang/StringBuilder.append (Ljava/lang/String;)Ljava/lang/StringBuilder;
    LDC "'"
    INVOKEVIRTUAL java/lang/StringBuilder.append (Ljava/lang/String;)Ljava/lang/StringBuilder;
    INVOKEVIRTUAL java/lang/StringBuilder.toString ()Ljava/lang/String;
    INVOKESPECIAL com/examples/with/different/packagename/testcarver/ConversionException.<init> (Ljava/lang/String;)V
    ATHROW
   L12
    LINENUMBER 522 L12
    ALOAD 4
    ATHROW
   L14
    LOCALVARIABLE format Ljava/text/DateFormat; L7 L2 6
    LOCALVARIABLE calendar Ljava/util/Calendar; L8 L2 7
    LOCALVARIABLE ex Ljava/lang/Exception; L9 L10 6
    LOCALVARIABLE i I L5 L6 5
    LOCALVARIABLE this Lcom/examples/with/different/packagename/testcarver/DateTimeConverter; L3 L14 0
    LOCALVARIABLE sourceType Ljava/lang/Class; L3 L14 1
    LOCALVARIABLE targetType Ljava/lang/Class; L3 L14 2
    LOCALVARIABLE value Ljava/lang/String; L3 L14 3
    LOCALVARIABLE firstEx Ljava/lang/Exception; L4 L14 4
    MAXSTACK = 5
    MAXLOCALS = 8

  // access flags 0x2
  private parse(Ljava/lang/Class;Ljava/lang/Class;Ljava/lang/String;Ljava/text/DateFormat;)Ljava/util/Calendar;
   L0
    LINENUMBER 538 L0
    ALOAD 0
    LDC "Parsing"
    ALOAD 4
    INVOKESPECIAL com/examples/with/different/packagename/testcarver/DateTimeConverter.logFormat (Ljava/lang/String;Ljava/text/DateFormat;)V
   L1
    LINENUMBER 539 L1
    ALOAD 4
    ICONST_0
    INVOKEVIRTUAL java/text/DateFormat.setLenient (Z)V
   L2
    LINENUMBER 540 L2
    NEW java/text/ParsePosition
    DUP
    ICONST_0
    INVOKESPECIAL java/text/ParsePosition.<init> (I)V
    ASTORE 5
   L3
    LINENUMBER 541 L3
    ALOAD 4
    ALOAD 3
    ALOAD 5
    INVOKEVIRTUAL java/text/DateFormat.parse (Ljava/lang/String;Ljava/text/ParsePosition;)Ljava/util/Date;
    ASTORE 6
   L4
    LINENUMBER 542 L4
    ALOAD 5
    INVOKEVIRTUAL java/text/ParsePosition.getErrorIndex ()I
    IFGE L5
    ALOAD 5
    INVOKEVIRTUAL java/text/ParsePosition.getIndex ()I
    ALOAD 3
    INVOKEVIRTUAL java/lang/String.length ()I
    IF_ICMPNE L5
    ALOAD 6
    IFNONNULL L6
   L5
    LINENUMBER 543 L5
    NEW java/lang/StringBuilder
    DUP
    INVOKESPECIAL java/lang/StringBuilder.<init> ()V
    LDC "Error converting '"
    INVOKEVIRTUAL java/lang/StringBuilder.append (Ljava/lang/String;)Ljava/lang/StringBuilder;
    ALOAD 0
    ALOAD 1
    INVOKEVIRTUAL com/examples/with/different/packagename/testcarver/DateTimeConverter.toString (Ljava/lang/Class;)Ljava/lang/String;
    INVOKEVIRTUAL java/lang/StringBuilder.append (Ljava/lang/String;)Ljava/lang/StringBuilder;
    LDC "' to '"
    INVOKEVIRTUAL java/lang/StringBuilder.append (Ljava/lang/String;)Ljava/lang/StringBuilder;
    ALOAD 0
    ALOAD 2
    INVOKEVIRTUAL com/examples/with/different/packagename/testcarver/DateTimeConverter.toString (Ljava/lang/Class;)Ljava/lang/String;
    INVOKEVIRTUAL java/lang/StringBuilder.append (Ljava/lang/String;)Ljava/lang/StringBuilder;
    LDC "'"
    INVOKEVIRTUAL java/lang/StringBuilder.append (Ljava/lang/String;)Ljava/lang/StringBuilder;
    INVOKEVIRTUAL java/lang/StringBuilder.toString ()Ljava/lang/String;
    ASTORE 7
   L7
    LINENUMBER 544 L7
    ALOAD 4
    INSTANCEOF java/text/SimpleDateFormat
    IFEQ L8
   L9
    LINENUMBER 545 L9
    NEW java/lang/StringBuilder
    DUP
    INVOKESPECIAL java/lang/StringBuilder.<init> ()V
    ALOAD 7
    INVOKEVIRTUAL java/lang/StringBuilder.append (Ljava/lang/String;)Ljava/lang/StringBuilder;
    LDC " using pattern '"
    INVOKEVIRTUAL java/lang/StringBuilder.append (Ljava/lang/String;)Ljava/lang/StringBuilder;
    ALOAD 4
    CHECKCAST org/evosuite/testcarver/wrapper/java/text/SimpleDateFormat
    INVOKEVIRTUAL java/text/SimpleDateFormat.toPattern ()Ljava/lang/String;
    INVOKEVIRTUAL java/lang/StringBuilder.append (Ljava/lang/String;)Ljava/lang/StringBuilder;
    LDC "'"
    INVOKEVIRTUAL java/lang/StringBuilder.append (Ljava/lang/String;)Ljava/lang/StringBuilder;
    INVOKEVIRTUAL java/lang/StringBuilder.toString ()Ljava/lang/String;
    ASTORE 7
   L8
    LINENUMBER 547 L8
    NEW com/examples/with/different/packagename/testcarver/ConversionException
    DUP
    ALOAD 7
    INVOKESPECIAL com/examples/with/different/packagename/testcarver/ConversionException.<init> (Ljava/lang/String;)V
    ATHROW
   L6
    LINENUMBER 549 L6
    ALOAD 4
    INVOKEVIRTUAL java/text/DateFormat.getCalendar ()Ljava/util/Calendar;
    ASTORE 7
   L10
    LINENUMBER 550 L10
    ALOAD 7
    ARETURN
   L11
    LOCALVARIABLE msg Ljava/lang/String; L7 L6 7
    LOCALVARIABLE this Lcom/examples/with/different/packagename/testcarver/DateTimeConverter; L0 L11 0
    LOCALVARIABLE sourceType Ljava/lang/Class; L0 L11 1
    LOCALVARIABLE targetType Ljava/lang/Class; L0 L11 2
    LOCALVARIABLE value Ljava/lang/String; L0 L11 3
    LOCALVARIABLE format Ljava/text/DateFormat; L0 L11 4
    LOCALVARIABLE pos Ljava/text/ParsePosition; L3 L11 5
    LOCALVARIABLE parsedDate Ljava/util/Date; L4 L11 6
    LOCALVARIABLE calendar Ljava/util/Calendar; L10 L11 7
    MAXSTACK = 3
    MAXLOCALS = 8

  // access flags 0x2
  private _sw_prototype_original_toString()Ljava/lang/String;
   L0
    LINENUMBER 559 L0
    NEW java/lang/StringBuffer
    DUP
    INVOKESPECIAL java/lang/StringBuffer.<init> ()V
    ASTORE 1
   L1
    LINENUMBER 560 L1
    ALOAD 1
    ALOAD 0
    ALOAD 0
    INVOKEVIRTUAL java/lang/Object.getClass ()Ljava/lang/Class;
    INVOKEVIRTUAL com/examples/with/different/packagename/testcarver/DateTimeConverter.toString (Ljava/lang/Class;)Ljava/lang/String;
    INVOKEVIRTUAL java/lang/StringBuffer.append (Ljava/lang/String;)Ljava/lang/StringBuffer;
    POP
   L2
    LINENUMBER 561 L2
    ALOAD 1
    LDC "[UseDefault="
    INVOKEVIRTUAL java/lang/StringBuffer.append (Ljava/lang/String;)Ljava/lang/StringBuffer;
    POP
   L3
    LINENUMBER 562 L3
    ALOAD 1
    ALOAD 0
    INVOKEVIRTUAL com/examples/with/different/packagename/testcarver/DateTimeConverter.isUseDefault ()Z
    INVOKEVIRTUAL java/lang/StringBuffer.append (Z)Ljava/lang/StringBuffer;
    POP
   L4
    LINENUMBER 563 L4
    ALOAD 1
    LDC ", UseLocaleFormat="
    INVOKEVIRTUAL java/lang/StringBuffer.append (Ljava/lang/String;)Ljava/lang/StringBuffer;
    POP
   L5
    LINENUMBER 564 L5
    ALOAD 1
    ALOAD 0
    DUP
    GETFIELD com/examples/with/different/packagename/testcarver/DateTimeConverter.useLocaleFormat : Z
    SWAP
    LDC -2147483621
    LDC "com/examples/with/different/packagename/testcarver/DateTimeConverter"
    LDC "useLocaleFormat"
    LDC "Z"
    INVOKESTATIC org/evosuite/testcarver/capture/FieldRegistry.notifyReadAccess (Ljava/lang/Object;ILjava/lang/String;Ljava/lang/String;Ljava/lang/String;)V
    INVOKEVIRTUAL java/lang/StringBuffer.append (Z)Ljava/lang/StringBuffer;
    POP
   L6
    LINENUMBER 565 L6
    ALOAD 0
    DUP
    GETFIELD com/examples/with/different/packagename/testcarver/DateTimeConverter.displayPatterns : Ljava/lang/String;
    SWAP
    LDC -2147483620
    LDC "com/examples/with/different/packagename/testcarver/DateTimeConverter"
    LDC "displayPatterns"
    LDC "Ljava/lang/String;"
    INVOKESTATIC org/evosuite/testcarver/capture/FieldRegistry.notifyReadAccess (Ljava/lang/Object;ILjava/lang/String;Ljava/lang/String;Ljava/lang/String;)V
    IFNULL L7
   L8
    LINENUMBER 566 L8
    ALOAD 1
    LDC ", Patterns={"
    INVOKEVIRTUAL java/lang/StringBuffer.append (Ljava/lang/String;)Ljava/lang/StringBuffer;
    POP
   L9
    LINENUMBER 567 L9
    ALOAD 1
    ALOAD 0
    DUP
    GETFIELD com/examples/with/different/packagename/testcarver/DateTimeConverter.displayPatterns : Ljava/lang/String;
    SWAP
    LDC -2147483619
    LDC "com/examples/with/different/packagename/testcarver/DateTimeConverter"
    LDC "displayPatterns"
    LDC "Ljava/lang/String;"
    INVOKESTATIC org/evosuite/testcarver/capture/FieldRegistry.notifyReadAccess (Ljava/lang/Object;ILjava/lang/String;Ljava/lang/String;Ljava/lang/String;)V
    INVOKEVIRTUAL java/lang/StringBuffer.append (Ljava/lang/String;)Ljava/lang/StringBuffer;
    POP
   L10
    LINENUMBER 568 L10
    ALOAD 1
    BIPUSH 125
    INVOKEVIRTUAL java/lang/StringBuffer.append (C)Ljava/lang/StringBuffer;
    POP
   L7
    LINENUMBER 570 L7
    ALOAD 0
    DUP
    GETFIELD com/examples/with/different/packagename/testcarver/DateTimeConverter.locale : Ljava/util/Locale;
    SWAP
    LDC -2147483618
    LDC "com/examples/with/different/packagename/testcarver/DateTimeConverter"
    LDC "locale"
    LDC "Ljava/util/Locale;"
    INVOKESTATIC org/evosuite/testcarver/capture/FieldRegistry.notifyReadAccess (Ljava/lang/Object;ILjava/lang/String;Ljava/lang/String;Ljava/lang/String;)V
    IFNULL L11
   L12
    LINENUMBER 571 L12
    ALOAD 1
    LDC ", Locale="
    INVOKEVIRTUAL java/lang/StringBuffer.append (Ljava/lang/String;)Ljava/lang/StringBuffer;
    POP
   L13
    LINENUMBER 572 L13
    ALOAD 1
    ALOAD 0
    DUP
    GETFIELD com/examples/with/different/packagename/testcarver/DateTimeConverter.locale : Ljava/util/Locale;
    SWAP
    LDC -2147483617
    LDC "com/examples/with/different/packagename/testcarver/DateTimeConverter"
    LDC "locale"
    LDC "Ljava/util/Locale;"
    INVOKESTATIC org/evosuite/testcarver/capture/FieldRegistry.notifyReadAccess (Ljava/lang/Object;ILjava/lang/String;Ljava/lang/String;Ljava/lang/String;)V
    INVOKEVIRTUAL java/lang/StringBuffer.append (Ljava/lang/Object;)Ljava/lang/StringBuffer;
    POP
   L11
    LINENUMBER 574 L11
    ALOAD 0
    DUP
    GETFIELD com/examples/with/different/packagename/testcarver/DateTimeConverter.timeZone : Ljava/util/TimeZone;
    SWAP
    LDC -2147483616
    LDC "com/examples/with/different/packagename/testcarver/DateTimeConverter"
    LDC "timeZone"
    LDC "Ljava/util/TimeZone;"
    INVOKESTATIC org/evosuite/testcarver/capture/FieldRegistry.notifyReadAccess (Ljava/lang/Object;ILjava/lang/String;Ljava/lang/String;Ljava/lang/String;)V
    IFNULL L14
   L15
    LINENUMBER 575 L15
    ALOAD 1
    LDC ", TimeZone="
    INVOKEVIRTUAL java/lang/StringBuffer.append (Ljava/lang/String;)Ljava/lang/StringBuffer;
    POP
   L16
    LINENUMBER 576 L16
    ALOAD 1
    ALOAD 0
    DUP
    GETFIELD com/examples/with/different/packagename/testcarver/DateTimeConverter.timeZone : Ljava/util/TimeZone;
    SWAP
    LDC -2147483615
    LDC "com/examples/with/different/packagename/testcarver/DateTimeConverter"
    LDC "timeZone"
    LDC "Ljava/util/TimeZone;"
    INVOKESTATIC org/evosuite/testcarver/capture/FieldRegistry.notifyReadAccess (Ljava/lang/Object;ILjava/lang/String;Ljava/lang/String;Ljava/lang/String;)V
    INVOKEVIRTUAL java/lang/StringBuffer.append (Ljava/lang/Object;)Ljava/lang/StringBuffer;
    POP
   L14
    LINENUMBER 578 L14
    ALOAD 1
    BIPUSH 93
    INVOKEVIRTUAL java/lang/StringBuffer.append (C)Ljava/lang/StringBuffer;
    POP
   L17
    LINENUMBER 579 L17
    ALOAD 1
    INVOKEVIRTUAL java/lang/StringBuffer.toString ()Ljava/lang/String;
    ARETURN
   L18
    LOCALVARIABLE this Lcom/examples/with/different/packagename/testcarver/DateTimeConverter; L0 L18 0
    LOCALVARIABLE buffer Ljava/lang/StringBuffer; L1 L18 1
    MAXSTACK = 7
    MAXLOCALS = 2

  // access flags 0x2
  private logFormat(Ljava/lang/String;Ljava/text/DateFormat;)V
   L0
    LINENUMBER 590 L0
    RETURN
   L1
    LOCALVARIABLE this Lcom/examples/with/different/packagename/testcarver/DateTimeConverter; L0 L1 0
    LOCALVARIABLE action Ljava/lang/String; L0 L1 1
    LOCALVARIABLE format Ljava/text/DateFormat; L0 L1 2
    MAXSTACK = 0
    MAXLOCALS = 3

  // access flags 0x1
  public setUseLocaleFormat(Z)V
    TRYCATCHBLOCK L0 L1 L1 java/lang/Throwable
   L0
    LDC -2147483640
    ALOAD 0
    LDC "setUseLocaleFormat"
    LDC "(Z)V"
    BIPUSH 1
    ANEWARRAY java/lang/Object
    DUP
    BIPUSH 0
    ILOAD 1
    INVOKESTATIC java/lang/Boolean.valueOf (Z)Ljava/lang/Boolean;
    AASTORE
    INVOKESTATIC org/evosuite/testcarver/capture/Capturer.capture (ILjava/lang/Object;Ljava/lang/String;Ljava/lang/String;[Ljava/lang/Object;)V
    ALOAD 0
    ILOAD 1
    INVOKEVIRTUAL com/examples/with/different/packagename/testcarver/DateTimeConverter._sw_prototype_original_setUseLocaleFormat (Z)V
    GOTO L2
   L1
   FRAME SAME1 java/lang/Throwable
    ASTORE 2
    LDC -2147483640
    ALOAD 0
    GETSTATIC org/evosuite/testcarver/capture/CaptureLog.RETURN_TYPE_VOID : Ljava/lang/Object;
    INVOKESTATIC org/evosuite/testcarver/capture/Capturer.enable (ILjava/lang/Object;Ljava/lang/Object;)V
    ALOAD 2
    ATHROW
   L2
   FRAME SAME
    LDC -2147483640
    ALOAD 0
    GETSTATIC org/evosuite/testcarver/capture/CaptureLog.RETURN_TYPE_VOID : Ljava/lang/Object;
    INVOKESTATIC org/evosuite/testcarver/capture/Capturer.enable (ILjava/lang/Object;Ljava/lang/Object;)V
    RETURN
    MAXSTACK = 6
    MAXLOCALS = 0

  // access flags 0x1
  public getTimeZone()Ljava/util/TimeZone;
    TRYCATCHBLOCK L0 L1 L2 java/lang/Throwable
    ACONST_NULL
    ASTORE 1
   L0
    LDC -2147483638
    ALOAD 0
    LDC "getTimeZone"
    LDC "()Ljava/util/TimeZone;"
    BIPUSH 0
    ANEWARRAY java/lang/Object
    INVOKESTATIC org/evosuite/testcarver/capture/Capturer.capture (ILjava/lang/Object;Ljava/lang/String;Ljava/lang/String;[Ljava/lang/Object;)V
    ALOAD 0
    INVOKEVIRTUAL com/examples/with/different/packagename/testcarver/DateTimeConverter._sw_prototype_original_getTimeZone ()Ljava/util/TimeZone;
    ASTORE 1
    ALOAD 1
    ASTORE 3
   L1
    LDC -2147483638
    ALOAD 0
    ALOAD 1
    INVOKESTATIC org/evosuite/testcarver/capture/Capturer.enable (ILjava/lang/Object;Ljava/lang/Object;)V
    ALOAD 3
    ARETURN
   L2
   FRAME FULL [com/examples/with/different/packagename/testcarver/DateTimeConverter java/util/TimeZone] [java/lang/Throwable]
    ASTORE 2
    LDC -2147483638
    ALOAD 0
    ALOAD 1
    INVOKESTATIC org/evosuite/testcarver/capture/Capturer.enable (ILjava/lang/Object;Ljava/lang/Object;)V
    ALOAD 2
    ATHROW
    MAXSTACK = 5
    MAXLOCALS = 0

  // access flags 0x1
  public setTimeZone(Ljava/util/TimeZone;)V
    TRYCATCHBLOCK L0 L1 L1 java/lang/Throwable
   L0
    LDC -2147483635
    ALOAD 0
    LDC "setTimeZone"
    LDC "(Ljava/util/TimeZone;)V"
    BIPUSH 1
    ANEWARRAY java/lang/Object
    DUP
    BIPUSH 0
    ALOAD 1
    AASTORE
    INVOKESTATIC org/evosuite/testcarver/capture/Capturer.capture (ILjava/lang/Object;Ljava/lang/String;Ljava/lang/String;[Ljava/lang/Object;)V
    ALOAD 0
    ALOAD 1
    INVOKEVIRTUAL com/examples/with/different/packagename/testcarver/DateTimeConverter._sw_prototype_original_setTimeZone (Ljava/util/TimeZone;)V
    GOTO L2
   L1
   FRAME SAME1 java/lang/Throwable
    ASTORE 2
    LDC -2147483635
    ALOAD 0
    GETSTATIC org/evosuite/testcarver/capture/CaptureLog.RETURN_TYPE_VOID : Ljava/lang/Object;
    INVOKESTATIC org/evosuite/testcarver/capture/Capturer.enable (ILjava/lang/Object;Ljava/lang/Object;)V
    ALOAD 2
    ATHROW
   L2
   FRAME SAME
    LDC -2147483635
    ALOAD 0
    GETSTATIC org/evosuite/testcarver/capture/CaptureLog.RETURN_TYPE_VOID : Ljava/lang/Object;
    INVOKESTATIC org/evosuite/testcarver/capture/Capturer.enable (ILjava/lang/Object;Ljava/lang/Object;)V
    RETURN
    MAXSTACK = 6
    MAXLOCALS = 0

  // access flags 0x1
  public getLocale()Ljava/util/Locale;
    TRYCATCHBLOCK L0 L1 L2 java/lang/Throwable
    ACONST_NULL
    ASTORE 1
   L0
    LDC -2147483633
    ALOAD 0
    LDC "getLocale"
    LDC "()Ljava/util/Locale;"
    BIPUSH 0
    ANEWARRAY java/lang/Object
    INVOKESTATIC org/evosuite/testcarver/capture/Capturer.capture (ILjava/lang/Object;Ljava/lang/String;Ljava/lang/String;[Ljava/lang/Object;)V
    ALOAD 0
    INVOKEVIRTUAL com/examples/with/different/packagename/testcarver/DateTimeConverter._sw_prototype_original_getLocale ()Ljava/util/Locale;
    ASTORE 1
    ALOAD 1
    ASTORE 3
   L1
    LDC -2147483633
    ALOAD 0
    ALOAD 1
    INVOKESTATIC org/evosuite/testcarver/capture/Capturer.enable (ILjava/lang/Object;Ljava/lang/Object;)V
    ALOAD 3
    ARETURN
   L2
   FRAME FULL [com/examples/with/different/packagename/testcarver/DateTimeConverter java/util/Locale] [java/lang/Throwable]
    ASTORE 2
    LDC -2147483633
    ALOAD 0
    ALOAD 1
    INVOKESTATIC org/evosuite/testcarver/capture/Capturer.enable (ILjava/lang/Object;Ljava/lang/Object;)V
    ALOAD 2
    ATHROW
    MAXSTACK = 5
    MAXLOCALS = 0

  // access flags 0x1
  public setLocale(Ljava/util/Locale;)V
    TRYCATCHBLOCK L0 L1 L1 java/lang/Throwable
   L0
    LDC -2147483630
    ALOAD 0
    LDC "setLocale"
    LDC "(Ljava/util/Locale;)V"
    BIPUSH 1
    ANEWARRAY java/lang/Object
    DUP
    BIPUSH 0
    ALOAD 1
    AASTORE
    INVOKESTATIC org/evosuite/testcarver/capture/Capturer.capture (ILjava/lang/Object;Ljava/lang/String;Ljava/lang/String;[Ljava/lang/Object;)V
    ALOAD 0
    ALOAD 1
    INVOKEVIRTUAL com/examples/with/different/packagename/testcarver/DateTimeConverter._sw_prototype_original_setLocale (Ljava/util/Locale;)V
    GOTO L2
   L1
   FRAME SAME1 java/lang/Throwable
    ASTORE 2
    LDC -2147483630
    ALOAD 0
    GETSTATIC org/evosuite/testcarver/capture/CaptureLog.RETURN_TYPE_VOID : Ljava/lang/Object;
    INVOKESTATIC org/evosuite/testcarver/capture/Capturer.enable (ILjava/lang/Object;Ljava/lang/Object;)V
    ALOAD 2
    ATHROW
   L2
   FRAME SAME
    LDC -2147483630
    ALOAD 0
    GETSTATIC org/evosuite/testcarver/capture/CaptureLog.RETURN_TYPE_VOID : Ljava/lang/Object;
    INVOKESTATIC org/evosuite/testcarver/capture/Capturer.enable (ILjava/lang/Object;Ljava/lang/Object;)V
    RETURN
    MAXSTACK = 6
    MAXLOCALS = 0

  // access flags 0x1
  public setPattern(Ljava/lang/String;)V
    TRYCATCHBLOCK L0 L1 L1 java/lang/Throwable
   L0
    LDC -2147483629
    ALOAD 0
    LDC "setPattern"
    LDC "(Ljava/lang/String;)V"
    BIPUSH 1
    ANEWARRAY java/lang/Object
    DUP
    BIPUSH 0
    ALOAD 1
    AASTORE
    INVOKESTATIC org/evosuite/testcarver/capture/Capturer.capture (ILjava/lang/Object;Ljava/lang/String;Ljava/lang/String;[Ljava/lang/Object;)V
    ALOAD 0
    ALOAD 1
    INVOKEVIRTUAL com/examples/with/different/packagename/testcarver/DateTimeConverter._sw_prototype_original_setPattern (Ljava/lang/String;)V
    GOTO L2
   L1
   FRAME SAME1 java/lang/Throwable
    ASTORE 2
    LDC -2147483629
    ALOAD 0
    GETSTATIC org/evosuite/testcarver/capture/CaptureLog.RETURN_TYPE_VOID : Ljava/lang/Object;
    INVOKESTATIC org/evosuite/testcarver/capture/Capturer.enable (ILjava/lang/Object;Ljava/lang/Object;)V
    ALOAD 2
    ATHROW
   L2
   FRAME SAME
    LDC -2147483629
    ALOAD 0
    GETSTATIC org/evosuite/testcarver/capture/CaptureLog.RETURN_TYPE_VOID : Ljava/lang/Object;
    INVOKESTATIC org/evosuite/testcarver/capture/Capturer.enable (ILjava/lang/Object;Ljava/lang/Object;)V
    RETURN
    MAXSTACK = 9
    MAXLOCALS = 0

  // access flags 0x1
  public getPatterns()[Ljava/lang/String;
    TRYCATCHBLOCK L0 L1 L2 java/lang/Throwable
    ACONST_NULL
    ASTORE 1
   L0
    LDC -2147483627
    ALOAD 0
    LDC "getPatterns"
    LDC "()[Ljava/lang/String;"
    BIPUSH 0
    ANEWARRAY java/lang/Object
    INVOKESTATIC org/evosuite/testcarver/capture/Capturer.capture (ILjava/lang/Object;Ljava/lang/String;Ljava/lang/String;[Ljava/lang/Object;)V
    ALOAD 0
    INVOKEVIRTUAL com/examples/with/different/packagename/testcarver/DateTimeConverter._sw_prototype_original_getPatterns ()[Ljava/lang/String;
    ASTORE 1
    ALOAD 1
    ASTORE 3
   L1
    LDC -2147483627
    ALOAD 0
    ALOAD 1
    INVOKESTATIC org/evosuite/testcarver/capture/Capturer.enable (ILjava/lang/Object;Ljava/lang/Object;)V
    ALOAD 3
    ARETURN
   L2
   FRAME FULL [com/examples/with/different/packagename/testcarver/DateTimeConverter [Ljava/lang/String;] [java/lang/Throwable]
    ASTORE 2
    LDC -2147483627
    ALOAD 0
    ALOAD 1
    INVOKESTATIC org/evosuite/testcarver/capture/Capturer.enable (ILjava/lang/Object;Ljava/lang/Object;)V
    ALOAD 2
    ATHROW
    MAXSTACK = 5
    MAXLOCALS = 0

  // access flags 0x1
  public setPatterns([Ljava/lang/String;)V
    TRYCATCHBLOCK L0 L1 L1 java/lang/Throwable
   L0
    LDC -2147483622
    ALOAD 0
    LDC "setPatterns"
    LDC "([Ljava/lang/String;)V"
    BIPUSH 1
    ANEWARRAY java/lang/Object
    DUP
    BIPUSH 0
    ALOAD 1
    AASTORE
    INVOKESTATIC org/evosuite/testcarver/capture/Capturer.capture (ILjava/lang/Object;Ljava/lang/String;Ljava/lang/String;[Ljava/lang/Object;)V
    ALOAD 0
    ALOAD 1
    INVOKEVIRTUAL com/examples/with/different/packagename/testcarver/DateTimeConverter._sw_prototype_original_setPatterns ([Ljava/lang/String;)V
    GOTO L2
   L1
   FRAME SAME1 java/lang/Throwable
    ASTORE 2
    LDC -2147483622
    ALOAD 0
    GETSTATIC org/evosuite/testcarver/capture/CaptureLog.RETURN_TYPE_VOID : Ljava/lang/Object;
    INVOKESTATIC org/evosuite/testcarver/capture/Capturer.enable (ILjava/lang/Object;Ljava/lang/Object;)V
    ALOAD 2
    ATHROW
   L2
   FRAME SAME
    LDC -2147483622
    ALOAD 0
    GETSTATIC org/evosuite/testcarver/capture/CaptureLog.RETURN_TYPE_VOID : Ljava/lang/Object;
    INVOKESTATIC org/evosuite/testcarver/capture/Capturer.enable (ILjava/lang/Object;Ljava/lang/Object;)V
    RETURN
    MAXSTACK = 7
    MAXLOCALS = 0

  // access flags 0x1
  public toString()Ljava/lang/String;
    TRYCATCHBLOCK L0 L1 L2 java/lang/Throwable
    ACONST_NULL
    ASTORE 1
   L0
    LDC -2147483614
    ALOAD 0
    LDC "toString"
    LDC "()Ljava/lang/String;"
    BIPUSH 0
    ANEWARRAY java/lang/Object
    INVOKESTATIC org/evosuite/testcarver/capture/Capturer.capture (ILjava/lang/Object;Ljava/lang/String;Ljava/lang/String;[Ljava/lang/Object;)V
    ALOAD 0
    INVOKEVIRTUAL com/examples/with/different/packagename/testcarver/DateTimeConverter._sw_prototype_original_toString ()Ljava/lang/String;
    ASTORE 1
    ALOAD 1
    ASTORE 3
   L1
    LDC -2147483614
    ALOAD 0
    ALOAD 1
    INVOKESTATIC org/evosuite/testcarver/capture/Capturer.enable (ILjava/lang/Object;Ljava/lang/Object;)V
    ALOAD 3
    ARETURN
   L2
   FRAME FULL [com/examples/with/different/packagename/testcarver/DateTimeConverter java/lang/String] [java/lang/Throwable]
    ASTORE 2
    LDC -2147483614
    ALOAD 0
    ALOAD 1
    INVOKESTATIC org/evosuite/testcarver/capture/Capturer.enable (ILjava/lang/Object;Ljava/lang/Object;)V
    ALOAD 2
    ATHROW
    MAXSTACK = 7
    MAXLOCALS = 0
}
INFO  org.evosuite.testcarver.extraction.CarvingClassLoader - Seeing class for first time: com.examples.with.different.packagename.testcarver.AbstractConverter
WARN  org.evosuite.testcarver.extraction.CarvingClassLoader - Instrumenting class 'com.examples.with.different.packagename.testcarver.AbstractConverter'.
INFO  org.evosuite.testcarver.instrument.Instrumenter - Checking package com.examples.with.different.packagename.testcarver for class com/examples/with/different/packagename/testcarver/AbstractConverter
// class version 52.0 (52)
// access flags 0x421
public abstract class com/examples/with/different/packagename/testcarver/AbstractConverter implements com/examples/with/different/packagename/testcarver/Converter {

  // compiled from: AbstractConverter.java

  // access flags 0x1A
  private final static Ljava/lang/String; DEFAULT_CONFIG_MSG = "(N.B. Converters can be configured to use default values to avoid throwing exceptions)"

  // access flags 0x1A
  private final static Ljava/lang/String; PACKAGE = "org.apache.commons.beanutils.converters."

  // access flags 0x2
  private Z useDefault

  // access flags 0x2
  private Ljava/lang/Object; defaultValue

  // access flags 0x1
  public <init>()V
   L0
    LINENUMBER 82 L0
    ALOAD 0
    INVOKESPECIAL java/lang/Object.<init> ()V
   L1
    LINENUMBER 69 L1
    ALOAD 0
    ICONST_0
    PUTFIELD com/examples/with/different/packagename/testcarver/AbstractConverter.useDefault : Z
   L2
    LINENUMBER 74 L2
    ALOAD 0
    ACONST_NULL
    PUTFIELD com/examples/with/different/packagename/testcarver/AbstractConverter.defaultValue : Ljava/lang/Object;
   L3
    LINENUMBER 83 L3
    RETURN
   L4
    LOCALVARIABLE this Lcom/examples/with/different/packagename/testcarver/AbstractConverter; L0 L4 0
    MAXSTACK = 2
    MAXLOCALS = 1

  // access flags 0x1
  public <init>(Ljava/lang/Object;)V
   L0
    LINENUMBER 93 L0
    ALOAD 0
    INVOKESPECIAL java/lang/Object.<init> ()V
   L1
    LINENUMBER 69 L1
    ALOAD 0
    ICONST_0
    PUTFIELD com/examples/with/different/packagename/testcarver/AbstractConverter.useDefault : Z
   L2
    LINENUMBER 74 L2
    ALOAD 0
    ACONST_NULL
    PUTFIELD com/examples/with/different/packagename/testcarver/AbstractConverter.defaultValue : Ljava/lang/Object;
   L3
    LINENUMBER 94 L3
    ALOAD 0
    ALOAD 1
    INVOKEVIRTUAL com/examples/with/different/packagename/testcarver/AbstractConverter.setDefaultValue (Ljava/lang/Object;)V
   L4
    LINENUMBER 95 L4
    RETURN
   L5
    LOCALVARIABLE this Lcom/examples/with/different/packagename/testcarver/AbstractConverter; L0 L5 0
    LOCALVARIABLE defaultValue Ljava/lang/Object; L0 L5 1
    MAXSTACK = 2
    MAXLOCALS = 2

  // access flags 0x2
  private _sw_prototype_original_isUseDefault()Z
   L0
    LINENUMBER 108 L0
    ALOAD 0
    DUP
    GETFIELD com/examples/with/different/packagename/testcarver/AbstractConverter.useDefault : Z
    SWAP
    LDC -2147483613
    LDC "com/examples/with/different/packagename/testcarver/AbstractConverter"
    LDC "useDefault"
    LDC "Z"
    INVOKESTATIC org/evosuite/testcarver/capture/FieldRegistry.notifyReadAccess (Ljava/lang/Object;ILjava/lang/String;Ljava/lang/String;Ljava/lang/String;)V
    IRETURN
   L1
    LOCALVARIABLE this Lcom/examples/with/different/packagename/testcarver/AbstractConverter; L0 L1 0
    MAXSTACK = 5
    MAXLOCALS = 1

  // access flags 0x2
  private _sw_prototype_original_convert(Ljava/lang/Class;Ljava/lang/Object;)Ljava/lang/Object;
    TRYCATCHBLOCK L0 L1 L2 java/lang/Throwable
    TRYCATCHBLOCK L3 L4 L2 java/lang/Throwable
    TRYCATCHBLOCK L5 L6 L2 java/lang/Throwable
   L7
    LINENUMBER 123 L7
    ALOAD 2
    IFNONNULL L8
    ACONST_NULL
    GOTO L9
   L8
    ALOAD 2
    INVOKEVIRTUAL java/lang/Object.getClass ()Ljava/lang/Class;
   L9
    ASTORE 3
   L10
    LINENUMBER 124 L10
    ALOAD 0
    ALOAD 1
    IFNONNULL L11
    ALOAD 0
    INVOKEVIRTUAL com/examples/with/different/packagename/testcarver/AbstractConverter.getDefaultType ()Ljava/lang/Class;
    GOTO L12
   L11
    ALOAD 1
   L12
    INVOKEVIRTUAL com/examples/with/different/packagename/testcarver/AbstractConverter.primitive (Ljava/lang/Class;)Ljava/lang/Class;
    ASTORE 4
   L13
    LINENUMBER 126 L13
    ALOAD 0
    ALOAD 2
    INVOKEVIRTUAL com/examples/with/different/packagename/testcarver/AbstractConverter.convertArray (Ljava/lang/Object;)Ljava/lang/Object;
    ASTORE 2
   L14
    LINENUMBER 129 L14
    ALOAD 2
    IFNONNULL L15
   L16
    LINENUMBER 130 L16
    ALOAD 0
    ALOAD 4
    INVOKEVIRTUAL com/examples/with/different/packagename/testcarver/AbstractConverter.handleMissing (Ljava/lang/Class;)Ljava/lang/Object;
    ARETURN
   L15
    LINENUMBER 133 L15
    ALOAD 2
    INVOKEVIRTUAL java/lang/Object.getClass ()Ljava/lang/Class;
    ASTORE 3
   L0
    LINENUMBER 137 L0
    ALOAD 4
    LDC Ljava/lang/String;.class
    INVOKEVIRTUAL java/lang/Object.equals (Ljava/lang/Object;)Z
    IFEQ L3
   L17
    LINENUMBER 138 L17
    ALOAD 0
    ALOAD 2
    INVOKEVIRTUAL com/examples/with/different/packagename/testcarver/AbstractConverter.convertToString (Ljava/lang/Object;)Ljava/lang/String;
   L1
    ARETURN
   L3
    LINENUMBER 141 L3
    ALOAD 4
    ALOAD 3
    INVOKEVIRTUAL java/lang/Object.equals (Ljava/lang/Object;)Z
    IFEQ L5
   L18
    LINENUMBER 142 L18
    ALOAD 2
   L4
    ARETURN
   L5
    LINENUMBER 146 L5
    ALOAD 0
    ALOAD 4
    ALOAD 2
    INVOKEVIRTUAL com/examples/with/different/packagename/testcarver/AbstractConverter.convertToType (Ljava/lang/Class;Ljava/lang/Object;)Ljava/lang/Object;
    ASTORE 5
   L19
    LINENUMBER 147 L19
    ALOAD 5
   L6
    ARETURN
   L2
    LINENUMBER 149 L2
    ASTORE 5
   L20
    LINENUMBER 150 L20
    ALOAD 0
    ALOAD 4
    ALOAD 2
    ALOAD 5
    INVOKEVIRTUAL com/examples/with/different/packagename/testcarver/AbstractConverter.handleError (Ljava/lang/Class;Ljava/lang/Object;Ljava/lang/Throwable;)Ljava/lang/Object;
    ARETURN
   L21
    LOCALVARIABLE result Ljava/lang/Object; L19 L2 5
    LOCALVARIABLE t Ljava/lang/Throwable; L20 L21 5
    LOCALVARIABLE this Lcom/examples/with/different/packagename/testcarver/AbstractConverter; L7 L21 0
    LOCALVARIABLE type Ljava/lang/Class; L7 L21 1
    LOCALVARIABLE value Ljava/lang/Object; L7 L21 2
    LOCALVARIABLE sourceType Ljava/lang/Class; L10 L21 3
    LOCALVARIABLE targetType Ljava/lang/Class; L13 L21 4
    MAXSTACK = 8
    MAXLOCALS = 6

  // access flags 0x4
  protected convertToString(Ljava/lang/Object;)Ljava/lang/String; throws java/lang/Throwable
   L0
    LINENUMBER 168 L0
    ALOAD 1
    INVOKEVIRTUAL java/lang/Object.toString ()Ljava/lang/String;
    ARETURN
   L1
    LOCALVARIABLE this Lcom/examples/with/different/packagename/testcarver/AbstractConverter; L0 L1 0
    LOCALVARIABLE value Ljava/lang/Object; L0 L1 1
    MAXSTACK = 1
    MAXLOCALS = 2

  // access flags 0x404
  protected abstract convertToType(Ljava/lang/Class;Ljava/lang/Object;)Ljava/lang/Object; throws java/lang/Throwable

  // access flags 0x4
  protected convertArray(Ljava/lang/Object;)Ljava/lang/Object;
   L0
    LINENUMBER 196 L0
    ALOAD 1
    IFNONNULL L1
   L2
    LINENUMBER 197 L2
    ACONST_NULL
    ARETURN
   L1
    LINENUMBER 199 L1
    ALOAD 1
    INVOKEVIRTUAL java/lang/Object.getClass ()Ljava/lang/Class;
    INVOKEVIRTUAL java/lang/Class.isArray ()Z
    IFEQ L3
   L4
    LINENUMBER 200 L4
    ALOAD 1
    INVOKESTATIC java/lang/reflect/Array.getLength (Ljava/lang/Object;)I
    IFLE L5
   L6
    LINENUMBER 201 L6
    ALOAD 1
    ICONST_0
    INVOKESTATIC java/lang/reflect/Array.get (Ljava/lang/Object;I)Ljava/lang/Object;
    ARETURN
   L5
    LINENUMBER 203 L5
    ACONST_NULL
    ARETURN
   L3
    LINENUMBER 206 L3
    ALOAD 1
    INSTANCEOF java/util/Collection
    IFEQ L7
   L8
    LINENUMBER 207 L8
    ALOAD 1
    CHECKCAST java/util/Collection
    ASTORE 2
   L9
    LINENUMBER 208 L9
    ALOAD 2
    INVOKEINTERFACE java/util/Collection.size ()I (itf)
    IFLE L10
   L11
    LINENUMBER 209 L11
    ALOAD 2
    INVOKEINTERFACE java/util/Collection.iterator ()Ljava/util/Iterator; (itf)
    INVOKEINTERFACE java/util/Iterator.next ()Ljava/lang/Object; (itf)
    ARETURN
   L10
    LINENUMBER 211 L10
    ACONST_NULL
    ARETURN
   L7
    LINENUMBER 214 L7
    ALOAD 1
    ARETURN
   L12
    LOCALVARIABLE collection Ljava/util/Collection; L9 L7 2
    LOCALVARIABLE this Lcom/examples/with/different/packagename/testcarver/AbstractConverter; L0 L12 0
    LOCALVARIABLE value Ljava/lang/Object; L0 L12 1
    MAXSTACK = 2
    MAXLOCALS = 3

  // access flags 0x4
  protected handleError(Ljava/lang/Class;Ljava/lang/Object;Ljava/lang/Throwable;)Ljava/lang/Object;
   L0
    LINENUMBER 231 L0
    ALOAD 0
    GETFIELD com/examples/with/different/packagename/testcarver/AbstractConverter.useDefault : Z
    IFEQ L1
   L2
    LINENUMBER 232 L2
    ALOAD 0
    ALOAD 1
    INVOKEVIRTUAL com/examples/with/different/packagename/testcarver/AbstractConverter.handleMissing (Ljava/lang/Class;)Ljava/lang/Object;
    ARETURN
   L1
    LINENUMBER 235 L1
    ACONST_NULL
    ASTORE 4
   L3
    LINENUMBER 236 L3
    ALOAD 3
    INSTANCEOF com/examples/with/different/packagename/testcarver/ConversionException
    IFEQ L4
   L5
    LINENUMBER 237 L5
    ALOAD 3
    CHECKCAST com/examples/with/different/packagename/testcarver/ConversionException
    ASTORE 4
    GOTO L6
   L4
    LINENUMBER 239 L4
    NEW java/lang/StringBuilder
    DUP
    INVOKESPECIAL java/lang/StringBuilder.<init> ()V
    LDC "Error converting from '"
    INVOKEVIRTUAL java/lang/StringBuilder.append (Ljava/lang/String;)Ljava/lang/StringBuilder;
    ALOAD 0
    ALOAD 2
    INVOKEVIRTUAL java/lang/Object.getClass ()Ljava/lang/Class;
    INVOKEVIRTUAL com/examples/with/different/packagename/testcarver/AbstractConverter.toString (Ljava/lang/Class;)Ljava/lang/String;
    INVOKEVIRTUAL java/lang/StringBuilder.append (Ljava/lang/String;)Ljava/lang/StringBuilder;
    LDC "' to '"
    INVOKEVIRTUAL java/lang/StringBuilder.append (Ljava/lang/String;)Ljava/lang/StringBuilder;
    ALOAD 0
    ALOAD 1
   L7
    LINENUMBER 240 L7
    INVOKEVIRTUAL com/examples/with/different/packagename/testcarver/AbstractConverter.toString (Ljava/lang/Class;)Ljava/lang/String;
    INVOKEVIRTUAL java/lang/StringBuilder.append (Ljava/lang/String;)Ljava/lang/StringBuilder;
    LDC "' "
    INVOKEVIRTUAL java/lang/StringBuilder.append (Ljava/lang/String;)Ljava/lang/StringBuilder;
    ALOAD 3
    INVOKEVIRTUAL java/lang/Throwable.getMessage ()Ljava/lang/String;
    INVOKEVIRTUAL java/lang/StringBuilder.append (Ljava/lang/String;)Ljava/lang/StringBuilder;
    INVOKEVIRTUAL java/lang/StringBuilder.toString ()Ljava/lang/String;
    ASTORE 5
   L8
    LINENUMBER 241 L8
    NEW com/examples/with/different/packagename/testcarver/ConversionException
    DUP
    ALOAD 5
    ALOAD 3
    INVOKESPECIAL com/examples/with/different/packagename/testcarver/ConversionException.<init> (Ljava/lang/String;Ljava/lang/Throwable;)V
    ASTORE 4
   L6
    LINENUMBER 245 L6
    ALOAD 4
    ATHROW
   L9
    LOCALVARIABLE msg Ljava/lang/String; L8 L6 5
    LOCALVARIABLE this Lcom/examples/with/different/packagename/testcarver/AbstractConverter; L0 L9 0
    LOCALVARIABLE type Ljava/lang/Class; L0 L9 1
    LOCALVARIABLE value Ljava/lang/Object; L0 L9 2
    LOCALVARIABLE cause Ljava/lang/Throwable; L0 L9 3
    LOCALVARIABLE cex Lcom/examples/with/different/packagename/testcarver/ConversionException; L3 L9 4
    MAXSTACK = 4
    MAXLOCALS = 6

  // access flags 0x4
  protected handleMissing(Ljava/lang/Class;)Ljava/lang/Object;
    TRYCATCHBLOCK L0 L1 L2 java/lang/Throwable
   L3
    LINENUMBER 262 L3
    ALOAD 0
    GETFIELD com/examples/with/different/packagename/testcarver/AbstractConverter.useDefault : Z
    IFNE L4
    ALOAD 1
    LDC Ljava/lang/String;.class
    INVOKEVIRTUAL java/lang/Object.equals (Ljava/lang/Object;)Z
    IFEQ L5
   L4
    LINENUMBER 263 L4
    ALOAD 0
    ALOAD 1
    INVOKEVIRTUAL com/examples/with/different/packagename/testcarver/AbstractConverter.getDefault (Ljava/lang/Class;)Ljava/lang/Object;
    ASTORE 2
   L6
    LINENUMBER 264 L6
    ALOAD 0
    GETFIELD com/examples/with/different/packagename/testcarver/AbstractConverter.useDefault : Z
    IFEQ L7
    ALOAD 2
    IFNULL L7
    ALOAD 1
    ALOAD 2
    INVOKEVIRTUAL java/lang/Object.getClass ()Ljava/lang/Class;
    INVOKEVIRTUAL java/lang/Object.equals (Ljava/lang/Object;)Z
    IFNE L7
   L0
    LINENUMBER 266 L0
    ALOAD 0
    ALOAD 1
    ALOAD 0
    GETFIELD com/examples/with/different/packagename/testcarver/AbstractConverter.defaultValue : Ljava/lang/Object;
    INVOKEVIRTUAL com/examples/with/different/packagename/testcarver/AbstractConverter.convertToType (Ljava/lang/Class;Ljava/lang/Object;)Ljava/lang/Object;
    ASTORE 2
   L1
    LINENUMBER 270 L1
    GOTO L7
   L2
    LINENUMBER 267 L2
    ASTORE 3
   L8
    LINENUMBER 268 L8
    GETSTATIC java/lang/System.err : Ljava/io/PrintStream;
    NEW java/lang/StringBuilder
    DUP
    INVOKESPECIAL java/lang/StringBuilder.<init> ()V
    LDC "    Default conversion to "
    INVOKEVIRTUAL java/lang/StringBuilder.append (Ljava/lang/String;)Ljava/lang/StringBuilder;
    ALOAD 0
    ALOAD 1
    INVOKEVIRTUAL com/examples/with/different/packagename/testcarver/AbstractConverter.toString (Ljava/lang/Class;)Ljava/lang/String;
    INVOKEVIRTUAL java/lang/StringBuilder.append (Ljava/lang/String;)Ljava/lang/StringBuilder;
    LDC "failed: "
    INVOKEVIRTUAL java/lang/StringBuilder.append (Ljava/lang/String;)Ljava/lang/StringBuilder;
    ALOAD 3
    INVOKEVIRTUAL java/lang/StringBuilder.append (Ljava/lang/Object;)Ljava/lang/StringBuilder;
    INVOKEVIRTUAL java/lang/StringBuilder.toString ()Ljava/lang/String;
    INVOKEVIRTUAL java/io/PrintStream.println (Ljava/lang/String;)V
   L7
    LINENUMBER 272 L7
    ALOAD 2
    ARETURN
   L5
    LINENUMBER 275 L5
    NEW com/examples/with/different/packagename/testcarver/ConversionException
    DUP
    NEW java/lang/StringBuilder
    DUP
    INVOKESPECIAL java/lang/StringBuilder.<init> ()V
    LDC "No value specified for '"
    INVOKEVIRTUAL java/lang/StringBuilder.append (Ljava/lang/String;)Ljava/lang/StringBuilder;
    ALOAD 0
    ALOAD 1
   L9
    LINENUMBER 276 L9
    INVOKEVIRTUAL com/examples/with/different/packagename/testcarver/AbstractConverter.toString (Ljava/lang/Class;)Ljava/lang/String;
    INVOKEVIRTUAL java/lang/StringBuilder.append (Ljava/lang/String;)Ljava/lang/StringBuilder;
    LDC "'"
    INVOKEVIRTUAL java/lang/StringBuilder.append (Ljava/lang/String;)Ljava/lang/StringBuilder;
    INVOKEVIRTUAL java/lang/StringBuilder.toString ()Ljava/lang/String;
    INVOKESPECIAL com/examples/with/different/packagename/testcarver/ConversionException.<init> (Ljava/lang/String;)V
    ASTORE 2
   L10
    LINENUMBER 277 L10
    ALOAD 2
    ATHROW
   L11
    LOCALVARIABLE t Ljava/lang/Throwable; L8 L7 3
    LOCALVARIABLE value Ljava/lang/Object; L6 L5 2
    LOCALVARIABLE this Lcom/examples/with/different/packagename/testcarver/AbstractConverter; L3 L11 0
    LOCALVARIABLE type Ljava/lang/Class; L3 L11 1
    LOCALVARIABLE cex Lcom/examples/with/different/packagename/testcarver/ConversionException; L10 L11 2
    MAXSTACK = 5
    MAXLOCALS = 4

  // access flags 0x4
  protected setDefaultValue(Ljava/lang/Object;)V
   L0
    LINENUMBER 295 L0
    ALOAD 0
    ICONST_0
    PUTFIELD com/examples/with/different/packagename/testcarver/AbstractConverter.useDefault : Z
   L1
    LINENUMBER 296 L1
    ALOAD 1
    IFNONNULL L2
   L3
    LINENUMBER 297 L3
    ALOAD 0
    ACONST_NULL
    PUTFIELD com/examples/with/different/packagename/testcarver/AbstractConverter.defaultValue : Ljava/lang/Object;
    GOTO L4
   L2
    LINENUMBER 299 L2
    ALOAD 0
    ALOAD 0
    ALOAD 0
    INVOKEVIRTUAL com/examples/with/different/packagename/testcarver/AbstractConverter.getDefaultType ()Ljava/lang/Class;
    ALOAD 1
    INVOKEVIRTUAL com/examples/with/different/packagename/testcarver/AbstractConverter.convert (Ljava/lang/Class;Ljava/lang/Object;)Ljava/lang/Object;
    PUTFIELD com/examples/with/different/packagename/testcarver/AbstractConverter.defaultValue : Ljava/lang/Object;
   L4
    LINENUMBER 301 L4
    ALOAD 0
    ICONST_1
    PUTFIELD com/examples/with/different/packagename/testcarver/AbstractConverter.useDefault : Z
   L5
    LINENUMBER 302 L5
    RETURN
   L6
    LOCALVARIABLE this Lcom/examples/with/different/packagename/testcarver/AbstractConverter; L0 L6 0
    LOCALVARIABLE defaultValue Ljava/lang/Object; L0 L6 1
    MAXSTACK = 4
    MAXLOCALS = 2

  // access flags 0x404
  protected abstract getDefaultType()Ljava/lang/Class;

  // access flags 0x4
  protected getDefault(Ljava/lang/Class;)Ljava/lang/Object;
   L0
    LINENUMBER 319 L0
    ALOAD 1
    LDC Ljava/lang/String;.class
    INVOKEVIRTUAL java/lang/Object.equals (Ljava/lang/Object;)Z
    IFEQ L1
   L2
    LINENUMBER 320 L2
    ACONST_NULL
    ARETURN
   L1
    LINENUMBER 322 L1
    ALOAD 0
    GETFIELD com/examples/with/different/packagename/testcarver/AbstractConverter.defaultValue : Ljava/lang/Object;
    ARETURN
   L3
    LOCALVARIABLE this Lcom/examples/with/different/packagename/testcarver/AbstractConverter; L0 L3 0
    LOCALVARIABLE type Ljava/lang/Class; L0 L3 1
    MAXSTACK = 2
    MAXLOCALS = 2

  // access flags 0x2
  private _sw_prototype_original_toString()Ljava/lang/String;
   L0
    LINENUMBER 332 L0
    NEW java/lang/StringBuilder
    DUP
    INVOKESPECIAL java/lang/StringBuilder.<init> ()V
    ALOAD 0
    ALOAD 0
    INVOKEVIRTUAL java/lang/Object.getClass ()Ljava/lang/Class;
    INVOKEVIRTUAL com/examples/with/different/packagename/testcarver/AbstractConverter.toString (Ljava/lang/Class;)Ljava/lang/String;
    INVOKEVIRTUAL java/lang/StringBuilder.append (Ljava/lang/String;)Ljava/lang/StringBuilder;
    LDC "[UseDefault="
    INVOKEVIRTUAL java/lang/StringBuilder.append (Ljava/lang/String;)Ljava/lang/StringBuilder;
    ALOAD 0
    DUP
    GETFIELD com/examples/with/different/packagename/testcarver/AbstractConverter.useDefault : Z
    SWAP
    LDC -2147483610
    LDC "com/examples/with/different/packagename/testcarver/AbstractConverter"
    LDC "useDefault"
    LDC "Z"
    INVOKESTATIC org/evosuite/testcarver/capture/FieldRegistry.notifyReadAccess (Ljava/lang/Object;ILjava/lang/String;Ljava/lang/String;Ljava/lang/String;)V
    INVOKEVIRTUAL java/lang/StringBuilder.append (Z)Ljava/lang/StringBuilder;
    LDC "]"
    INVOKEVIRTUAL java/lang/StringBuilder.append (Ljava/lang/String;)Ljava/lang/StringBuilder;
    INVOKEVIRTUAL java/lang/StringBuilder.toString ()Ljava/lang/String;
    ARETURN
   L1
    LOCALVARIABLE this Lcom/examples/with/different/packagename/testcarver/AbstractConverter; L0 L1 0
    MAXSTACK = 7
    MAXLOCALS = 1

  // access flags 0x0
  primitive(Ljava/lang/Class;)Ljava/lang/Class;
   L0
    LINENUMBER 344 L0
    ALOAD 1
    IFNULL L1
    ALOAD 1
    INVOKEVIRTUAL java/lang/Class.isPrimitive ()Z
    IFNE L2
   L1
    LINENUMBER 345 L1
    ALOAD 1
    ARETURN
   L2
    LINENUMBER 348 L2
    ALOAD 1
    GETSTATIC java/lang/Integer.TYPE : Ljava/lang/Class;
    IF_ACMPNE L3
   L4
    LINENUMBER 349 L4
    LDC Ljava/lang/Integer;.class
    ARETURN
   L3
    LINENUMBER 350 L3
    ALOAD 1
    GETSTATIC java/lang/Double.TYPE : Ljava/lang/Class;
    IF_ACMPNE L5
   L6
    LINENUMBER 351 L6
    LDC Ljava/lang/Double;.class
    ARETURN
   L5
    LINENUMBER 352 L5
    ALOAD 1
    GETSTATIC java/lang/Long.TYPE : Ljava/lang/Class;
    IF_ACMPNE L7
   L8
    LINENUMBER 353 L8
    LDC Ljava/lang/Long;.class
    ARETURN
   L7
    LINENUMBER 354 L7
    ALOAD 1
    GETSTATIC java/lang/Boolean.TYPE : Ljava/lang/Class;
    IF_ACMPNE L9
   L10
    LINENUMBER 355 L10
    LDC Ljava/lang/Boolean;.class
    ARETURN
   L9
    LINENUMBER 356 L9
    ALOAD 1
    GETSTATIC java/lang/Float.TYPE : Ljava/lang/Class;
    IF_ACMPNE L11
   L12
    LINENUMBER 357 L12
    LDC Ljava/lang/Float;.class
    ARETURN
   L11
    LINENUMBER 358 L11
    ALOAD 1
    GETSTATIC java/lang/Short.TYPE : Ljava/lang/Class;
    IF_ACMPNE L13
   L14
    LINENUMBER 359 L14
    LDC Ljava/lang/Short;.class
    ARETURN
   L13
    LINENUMBER 360 L13
    ALOAD 1
    GETSTATIC java/lang/Byte.TYPE : Ljava/lang/Class;
    IF_ACMPNE L15
   L16
    LINENUMBER 361 L16
    LDC Ljava/lang/Byte;.class
    ARETURN
   L15
    LINENUMBER 362 L15
    ALOAD 1
    GETSTATIC java/lang/Character.TYPE : Ljava/lang/Class;
    IF_ACMPNE L17
   L18
    LINENUMBER 363 L18
    LDC Ljava/lang/Character;.class
    ARETURN
   L17
    LINENUMBER 365 L17
    ALOAD 1
    ARETURN
   L19
    LOCALVARIABLE this Lcom/examples/with/different/packagename/testcarver/AbstractConverter; L0 L19 0
    LOCALVARIABLE type Ljava/lang/Class; L0 L19 1
    MAXSTACK = 2
    MAXLOCALS = 2

  // access flags 0x0
  toString(Ljava/lang/Class;)Ljava/lang/String;
   L0
    LINENUMBER 376 L0
    ACONST_NULL
    ASTORE 2
   L1
    LINENUMBER 377 L1
    ALOAD 1
    IFNONNULL L2
   L3
    LINENUMBER 378 L3
    LDC "null"
    ASTORE 2
    GOTO L4
   L2
    LINENUMBER 379 L2
    ALOAD 1
    INVOKEVIRTUAL java/lang/Class.isArray ()Z
    IFEQ L5
   L6
    LINENUMBER 380 L6
    ALOAD 1
    INVOKEVIRTUAL java/lang/Class.getComponentType ()Ljava/lang/Class;
    ASTORE 3
   L7
    LINENUMBER 381 L7
    ICONST_1
    ISTORE 4
   L8
    LINENUMBER 382 L8
    ALOAD 3
    INVOKEVIRTUAL java/lang/Class.isArray ()Z
    IFEQ L9
   L10
    LINENUMBER 383 L10
    ALOAD 3
    INVOKEVIRTUAL java/lang/Class.getComponentType ()Ljava/lang/Class;
    ASTORE 3
   L11
    LINENUMBER 384 L11
    IINC 4 1
    GOTO L8
   L9
    LINENUMBER 386 L9
    ALOAD 3
    INVOKEVIRTUAL java/lang/Class.getName ()Ljava/lang/String;
    ASTORE 2
   L12
    LINENUMBER 387 L12
    ICONST_0
    ISTORE 5
   L13
    ILOAD 5
    ILOAD 4
    IF_ICMPGE L14
   L15
    LINENUMBER 388 L15
    NEW java/lang/StringBuilder
    DUP
    INVOKESPECIAL java/lang/StringBuilder.<init> ()V
    ALOAD 2
    INVOKEVIRTUAL java/lang/StringBuilder.append (Ljava/lang/String;)Ljava/lang/StringBuilder;
    LDC "[]"
    INVOKEVIRTUAL java/lang/StringBuilder.append (Ljava/lang/String;)Ljava/lang/StringBuilder;
    INVOKEVIRTUAL java/lang/StringBuilder.toString ()Ljava/lang/String;
    ASTORE 2
   L16
    LINENUMBER 387 L16
    IINC 5 1
    GOTO L13
   L14
    LINENUMBER 390 L14
    GOTO L4
   L5
    LINENUMBER 391 L5
    ALOAD 1
    INVOKEVIRTUAL java/lang/Class.getName ()Ljava/lang/String;
    ASTORE 2
   L4
    LINENUMBER 393 L4
    ALOAD 2
    LDC "java.lang."
    INVOKEVIRTUAL java/lang/String.startsWith (Ljava/lang/String;)Z
    IFNE L17
    ALOAD 2
    LDC "java.util."
   L18
    LINENUMBER 394 L18
    INVOKEVIRTUAL java/lang/String.startsWith (Ljava/lang/String;)Z
    IFNE L17
    ALOAD 2
    LDC "java.math."
   L19
    LINENUMBER 395 L19
    INVOKEVIRTUAL java/lang/String.startsWith (Ljava/lang/String;)Z
    IFEQ L20
   L17
    LINENUMBER 396 L17
    ALOAD 2
    LDC "java.lang."
    INVOKEVIRTUAL java/lang/String.length ()I
    INVOKEVIRTUAL java/lang/String.substring (I)Ljava/lang/String;
    ASTORE 2
    GOTO L21
   L20
    LINENUMBER 397 L20
    ALOAD 2
    LDC "org.apache.commons.beanutils.converters."
    INVOKEVIRTUAL java/lang/String.startsWith (Ljava/lang/String;)Z
    IFEQ L21
   L22
    LINENUMBER 398 L22
    ALOAD 2
    LDC "org.apache.commons.beanutils.converters."
    INVOKEVIRTUAL java/lang/String.length ()I
    INVOKEVIRTUAL java/lang/String.substring (I)Ljava/lang/String;
    ASTORE 2
   L21
    LINENUMBER 400 L21
    ALOAD 2
    ARETURN
   L23
    LOCALVARIABLE i I L13 L14 5
    LOCALVARIABLE elementType Ljava/lang/Class; L7 L14 3
    LOCALVARIABLE count I L8 L14 4
    LOCALVARIABLE this Lcom/examples/with/different/packagename/testcarver/AbstractConverter; L0 L23 0
    LOCALVARIABLE type Ljava/lang/Class; L0 L23 1
    LOCALVARIABLE typeName Ljava/lang/String; L1 L23 2
    MAXSTACK = 2
    MAXLOCALS = 6

  // access flags 0x1
  public isUseDefault()Z
    TRYCATCHBLOCK L0 L1 L2 java/lang/Throwable
    ACONST_NULL
    ASTORE 1
   L0
    LDC -2147483612
    ALOAD 0
    LDC "isUseDefault"
    LDC "()Z"
    BIPUSH 0
    ANEWARRAY java/lang/Object
    INVOKESTATIC org/evosuite/testcarver/capture/Capturer.capture (ILjava/lang/Object;Ljava/lang/String;Ljava/lang/String;[Ljava/lang/Object;)V
    ALOAD 0
    INVOKEVIRTUAL com/examples/with/different/packagename/testcarver/AbstractConverter._sw_prototype_original_isUseDefault ()Z
    INVOKESTATIC java/lang/Boolean.valueOf (Z)Ljava/lang/Boolean;
    ASTORE 1
    ALOAD 1
    INVOKEVIRTUAL java/lang/Boolean.booleanValue ()Z
    ISTORE 3
   L1
    LDC -2147483612
    ALOAD 0
    ALOAD 1
    INVOKESTATIC org/evosuite/testcarver/capture/Capturer.enable (ILjava/lang/Object;Ljava/lang/Object;)V
    ILOAD 3
    IRETURN
   L2
   FRAME FULL [com/examples/with/different/packagename/testcarver/AbstractConverter java/lang/Boolean] [java/lang/Throwable]
    ASTORE 2
    LDC -2147483612
    ALOAD 0
    ALOAD 1
    INVOKESTATIC org/evosuite/testcarver/capture/Capturer.enable (ILjava/lang/Object;Ljava/lang/Object;)V
    ALOAD 2
    ATHROW
    MAXSTACK = 5
    MAXLOCALS = 0

  // access flags 0x1
  public convert(Ljava/lang/Class;Ljava/lang/Object;)Ljava/lang/Object;
    TRYCATCHBLOCK L0 L1 L2 java/lang/Throwable
    ACONST_NULL
    ASTORE 3
   L0
    LDC -2147483611
    ALOAD 0
    LDC "convert"
    LDC "(Ljava/lang/Class;Ljava/lang/Object;)Ljava/lang/Object;"
    BIPUSH 2
    ANEWARRAY java/lang/Object
    DUP
    BIPUSH 0
    ALOAD 1
    AASTORE
    DUP
    BIPUSH 1
    ALOAD 2
    AASTORE
    INVOKESTATIC org/evosuite/testcarver/capture/Capturer.capture (ILjava/lang/Object;Ljava/lang/String;Ljava/lang/String;[Ljava/lang/Object;)V
    ALOAD 0
    ALOAD 1
    ALOAD 2
    INVOKEVIRTUAL com/examples/with/different/packagename/testcarver/AbstractConverter._sw_prototype_original_convert (Ljava/lang/Class;Ljava/lang/Object;)Ljava/lang/Object;
    ASTORE 3
    ALOAD 3
    ASTORE 5
   L1
    LDC -2147483611
    ALOAD 0
    ALOAD 3
    INVOKESTATIC org/evosuite/testcarver/capture/Capturer.enable (ILjava/lang/Object;Ljava/lang/Object;)V
    ALOAD 5
    ARETURN
   L2
   FRAME FULL [com/examples/with/different/packagename/testcarver/AbstractConverter java/lang/Object] [java/lang/Throwable]
    ASTORE 4
    LDC -2147483611
    ALOAD 0
    ALOAD 3
    INVOKESTATIC org/evosuite/testcarver/capture/Capturer.enable (ILjava/lang/Object;Ljava/lang/Object;)V
    ALOAD 4
    ATHROW
    MAXSTACK = 8
    MAXLOCALS = 0

  // access flags 0x1
  public toString()Ljava/lang/String;
    TRYCATCHBLOCK L0 L1 L2 java/lang/Throwable
    ACONST_NULL
    ASTORE 1
   L0
    LDC -2147483609
    ALOAD 0
    LDC "toString"
    LDC "()Ljava/lang/String;"
    BIPUSH 0
    ANEWARRAY java/lang/Object
    INVOKESTATIC org/evosuite/testcarver/capture/Capturer.capture (ILjava/lang/Object;Ljava/lang/String;Ljava/lang/String;[Ljava/lang/Object;)V
    ALOAD 0
    INVOKEVIRTUAL com/examples/with/different/packagename/testcarver/AbstractConverter._sw_prototype_original_toString ()Ljava/lang/String;
    ASTORE 1
    ALOAD 1
    ASTORE 3
   L1
    LDC -2147483609
    ALOAD 0
    ALOAD 1
    INVOKESTATIC org/evosuite/testcarver/capture/Capturer.enable (ILjava/lang/Object;Ljava/lang/Object;)V
    ALOAD 3
    ARETURN
   L2
   FRAME FULL [com/examples/with/different/packagename/testcarver/AbstractConverter java/lang/String] [java/lang/Throwable]
    ASTORE 2
    LDC -2147483609
    ALOAD 0
    ALOAD 1
    INVOKESTATIC org/evosuite/testcarver/capture/Capturer.enable (ILjava/lang/Object;Ljava/lang/Object;)V
    ALOAD 2
    ATHROW
    MAXSTACK = 7
    MAXLOCALS = 0
}
INFO  org.evosuite.testcarver.extraction.CarvingClassLoader - Seeing class for first time: com.examples.with.different.packagename.testcarver.Converter
WARN  org.evosuite.testcarver.extraction.CarvingClassLoader - Instrumenting class 'com.examples.with.different.packagename.testcarver.Converter'.
INFO  org.evosuite.testcarver.extraction.CarvingClassLoader - Keeping class: com.examples.with.different.packagename.testcarver.Converter
INFO  org.evosuite.testcarver.extraction.CarvingClassLoader - Keeping class: com.examples.with.different.packagename.testcarver.AbstractConverter
INFO  org.evosuite.testcarver.extraction.CarvingClassLoader - Keeping class: com.examples.with.different.packagename.testcarver.DateTimeConverter
INFO  org.evosuite.testcarver.extraction.CarvingClassLoader - Keeping class: com.examples.with.different.packagename.testcarver.DateConverter
INFO  org.evosuite.testcarver.extraction.CarvingClassLoader - Seeing class for first time: com.examples.with.different.packagename.testcarver.DateConverterTest2
WARN  org.evosuite.testcarver.extraction.CarvingClassLoader - Instrumenting class 'com.examples.with.different.packagename.testcarver.DateConverterTest2'.
INFO  org.evosuite.testcarver.instrument.Instrumenter - Checking package com.examples.with.different.packagename.testcarver for class com/examples/with/different/packagename/testcarver/DateConverterTest2
// class version 52.0 (52)
// access flags 0x21
public class com/examples/with/different/packagename/testcarver/DateConverterTest2 {

  // compiled from: DateConverterTest2.java

  // access flags 0x2
  private _sw_prototype_original_init_sw_prototype_original_()V
    ALOAD 0
    INVOKESTATIC org/evosuite/testcarver/capture/FieldRegistry.register (Ljava/lang/Object;)V
    RETURN
   L0
    LOCALVARIABLE this Lcom/examples/with/different/packagename/testcarver/DateConverterTest2; L1 L0 0
    MAXSTACK = 5
    MAXLOCALS = 1

  // access flags 0x4
  protected makeConverter()Lcom/examples/with/different/packagename/testcarver/DateTimeConverter;
   L0
    LINENUMBER 38 L0
    NEW com/examples/with/different/packagename/testcarver/DateConverter
    DUP
    INVOKESPECIAL com/examples/with/different/packagename/testcarver/DateConverter.<init> ()V
    ARETURN
   L1
    LOCALVARIABLE this Lcom/examples/with/different/packagename/testcarver/DateConverterTest2; L0 L1 0
    MAXSTACK = 2
    MAXLOCALS = 1

  // access flags 0x4
  protected makeConverter(Ljava/lang/Object;)Lcom/examples/with/different/packagename/testcarver/DateTimeConverter;
   L0
    LINENUMBER 48 L0
    NEW com/examples/with/different/packagename/testcarver/DateConverter
    DUP
    ALOAD 1
    INVOKESPECIAL com/examples/with/different/packagename/testcarver/DateConverter.<init> (Ljava/lang/Object;)V
    ARETURN
   L1
    LOCALVARIABLE this Lcom/examples/with/different/packagename/testcarver/DateConverterTest2; L0 L1 0
    LOCALVARIABLE defaultValue Ljava/lang/Object; L0 L1 1
    MAXSTACK = 3
    MAXLOCALS = 2

  // access flags 0x4
  // signature ()Ljava/lang/Class<*>;
  // declaration: java.lang.Class<?> getExpectedType()
  protected getExpectedType()Ljava/lang/Class;
   L0
    LINENUMBER 57 L0
    LDC Ljava/util/Date;.class
    ARETURN
   L1
    LOCALVARIABLE this Lcom/examples/with/different/packagename/testcarver/DateConverterTest2; L0 L1 0
    MAXSTACK = 1
    MAXLOCALS = 1

  // access flags 0x0
  getTimeInMillis(Ljava/lang/Object;)J
   L0
    LINENUMBER 68 L0
    ALOAD 1
    INSTANCEOF java/sql/Timestamp
    IFEQ L1
   L2
    LINENUMBER 73 L2
    ALOAD 1
    CHECKCAST java/sql/Timestamp
    ASTORE 2
   L3
    LINENUMBER 74 L3
    ALOAD 2
    INVOKEVIRTUAL java/sql/Timestamp.getTime ()J
    LDC 1000L
    LDIV
    LDC 1000L
    LMUL
    LSTORE 3
   L4
    LINENUMBER 75 L4
    LLOAD 3
    ALOAD 2
    INVOKEVIRTUAL java/sql/Timestamp.getNanos ()I
    LDC 1000000
    IDIV
    I2L
    LADD
    LSTORE 3
   L5
    LINENUMBER 76 L5
    LLOAD 3
    LRETURN
   L1
    LINENUMBER 79 L1
    ALOAD 1
    INSTANCEOF java/util/Calendar
    IFEQ L6
   L7
    LINENUMBER 80 L7
    ALOAD 1
    CHECKCAST org/evosuite/testcarver/wrapper/java/util/Calendar
    INVOKESTATIC org/evosuite/testcarver/wrapper/java/util/Calendar.getTime (Ljava/util/Calendar;)Ljava/util/Date;
    INVOKEVIRTUAL java/util/Date.getTime ()J
    LRETURN
   L6
    LINENUMBER 82 L6
    ALOAD 1
    CHECKCAST org/evosuite/testcarver/wrapper/java/util/Date
    INVOKEVIRTUAL java/util/Date.getTime ()J
    LRETURN
   L8
    LOCALVARIABLE timestamp Ljava/sql/Timestamp; L3 L1 2
    LOCALVARIABLE timeInMillis J L4 L1 3
    LOCALVARIABLE this Lcom/examples/with/different/packagename/testcarver/DateConverterTest2; L0 L8 0
    LOCALVARIABLE date Ljava/lang/Object; L0 L8 1
    MAXSTACK = 4
    MAXLOCALS = 5

  // access flags 0x2
  private _sw_prototype_original_testConvertDate()V
   L0
    LINENUMBER 92 L0
    ICONST_5
    ANEWARRAY java/lang/String
    DUP
    ICONST_0
    LDC "from Date"
    AASTORE
    DUP
    ICONST_1
    LDC "from Calendar"
    AASTORE
    DUP
    ICONST_2
    LDC "from SQL Date"
    AASTORE
    DUP
    ICONST_3
    LDC "from SQL Time"
    AASTORE
    DUP
    ICONST_4
    LDC "from SQL Timestamp"
    AASTORE
    ASTORE 1
   L1
    LINENUMBER 100 L1
    INVOKESTATIC java/lang/System.currentTimeMillis ()J
    LSTORE 2
   L2
    LINENUMBER 102 L2
    ICONST_5
    ANEWARRAY java/lang/Object
    DUP
    ICONST_0
    NEW org/evosuite/testcarver/wrapper/java/util/Date
    DUP
    LLOAD 2
    INVOKESPECIAL org/evosuite/testcarver/wrapper/java/util/Date.<init> (J)V
    AASTORE
    DUP
    ICONST_1
    NEW java/util/GregorianCalendar
    DUP
    INVOKESPECIAL java/util/GregorianCalendar.<init> ()V
    AASTORE
    DUP
    ICONST_2
    NEW java/sql/Date
    DUP
    LLOAD 2
    INVOKESPECIAL java/sql/Date.<init> (J)V
    AASTORE
    DUP
    ICONST_3
    NEW java/sql/Time
    DUP
    LLOAD 2
    INVOKESPECIAL java/sql/Time.<init> (J)V
    AASTORE
    DUP
    ICONST_4
    NEW java/sql/Timestamp
    DUP
    LLOAD 2
    INVOKESPECIAL java/sql/Timestamp.<init> (J)V
    AASTORE
    ASTORE 4
   L3
    LINENUMBER 111 L3
    ALOAD 4
    ICONST_1
    AALOAD
    CHECKCAST java/util/GregorianCalendar
    NEW org/evosuite/testcarver/wrapper/java/util/Date
    DUP
    LLOAD 2
    INVOKESPECIAL org/evosuite/testcarver/wrapper/java/util/Date.<init> (J)V
    INVOKEVIRTUAL java/util/GregorianCalendar.setTime (Ljava/util/Date;)V
   L4
    LINENUMBER 113 L4
    ICONST_0
    ISTORE 5
   L5
    ILOAD 5
    ALOAD 4
    ARRAYLENGTH
    IF_ICMPGE L6
   L7
    LINENUMBER 114 L7
    ALOAD 0
    INVOKEVIRTUAL com/examples/with/different/packagename/testcarver/DateConverterTest2.makeConverter ()Lcom/examples/with/different/packagename/testcarver/DateTimeConverter;
    ALOAD 0
    INVOKEVIRTUAL com/examples/with/different/packagename/testcarver/DateConverterTest2.getExpectedType ()Ljava/lang/Class;
    ALOAD 4
    ILOAD 5
    AALOAD
    INVOKEVIRTUAL com/examples/with/different/packagename/testcarver/DateTimeConverter.convert (Ljava/lang/Class;Ljava/lang/Object;)Ljava/lang/Object;
    ASTORE 6
   L8
    LINENUMBER 115 L8
    NEW java/lang/StringBuilder
    DUP
    INVOKESPECIAL java/lang/StringBuilder.<init> ()V
    LDC "Convert "
    INVOKEVIRTUAL java/lang/StringBuilder.append (Ljava/lang/String;)Ljava/lang/StringBuilder;
    ALOAD 1
    ILOAD 5
    AALOAD
    INVOKEVIRTUAL java/lang/StringBuilder.append (Ljava/lang/String;)Ljava/lang/StringBuilder;
    LDC " should not be null"
    INVOKEVIRTUAL java/lang/StringBuilder.append (Ljava/lang/String;)Ljava/lang/StringBuilder;
    INVOKEVIRTUAL java/lang/StringBuilder.toString ()Ljava/lang/String;
    ALOAD 6
    INVOKESTATIC org/junit/Assert.assertNotNull (Ljava/lang/String;Ljava/lang/Object;)V
   L9
    LINENUMBER 116 L9
    NEW java/lang/StringBuilder
    DUP
    INVOKESPECIAL java/lang/StringBuilder.<init> ()V
    LDC "Convert "
    INVOKEVIRTUAL java/lang/StringBuilder.append (Ljava/lang/String;)Ljava/lang/StringBuilder;
    ALOAD 1
    ILOAD 5
    AALOAD
    INVOKEVIRTUAL java/lang/StringBuilder.append (Ljava/lang/String;)Ljava/lang/StringBuilder;
    LDC " should return a "
    INVOKEVIRTUAL java/lang/StringBuilder.append (Ljava/lang/String;)Ljava/lang/StringBuilder;
    ALOAD 0
    INVOKEVIRTUAL com/examples/with/different/packagename/testcarver/DateConverterTest2.getExpectedType ()Ljava/lang/Class;
    INVOKEVIRTUAL java/lang/Class.getName ()Ljava/lang/String;
    INVOKEVIRTUAL java/lang/StringBuilder.append (Ljava/lang/String;)Ljava/lang/StringBuilder;
    INVOKEVIRTUAL java/lang/StringBuilder.toString ()Ljava/lang/String;
    ALOAD 0
   L10
    LINENUMBER 117 L10
    INVOKEVIRTUAL com/examples/with/different/packagename/testcarver/DateConverterTest2.getExpectedType ()Ljava/lang/Class;
    ALOAD 6
    INVOKEVIRTUAL java/lang/Class.isInstance (Ljava/lang/Object;)Z
   L11
    LINENUMBER 116 L11
    INVOKESTATIC org/junit/Assert.assertTrue (Ljava/lang/String;Z)V
   L12
    LINENUMBER 118 L12
    NEW java/lang/StringBuilder
    DUP
    INVOKESPECIAL java/lang/StringBuilder.<init> ()V
    LDC "Convert "
    INVOKEVIRTUAL java/lang/StringBuilder.append (Ljava/lang/String;)Ljava/lang/StringBuilder;
    ALOAD 1
    ILOAD 5
    AALOAD
    INVOKEVIRTUAL java/lang/StringBuilder.append (Ljava/lang/String;)Ljava/lang/StringBuilder;
    LDC " should return a "
    INVOKEVIRTUAL java/lang/StringBuilder.append (Ljava/lang/String;)Ljava/lang/StringBuilder;
    ALOAD 4
    ICONST_0
    AALOAD
    INVOKEVIRTUAL java/lang/StringBuilder.append (Ljava/lang/Object;)Ljava/lang/StringBuilder;
    INVOKEVIRTUAL java/lang/StringBuilder.toString ()Ljava/lang/String;
    LLOAD 2
    ALOAD 0
    ALOAD 6
   L13
    LINENUMBER 119 L13
    INVOKEVIRTUAL com/examples/with/different/packagename/testcarver/DateConverterTest2.getTimeInMillis (Ljava/lang/Object;)J
   L14
    LINENUMBER 118 L14
    INVOKESTATIC org/junit/Assert.assertEquals (Ljava/lang/String;JJ)V
   L15
    LINENUMBER 113 L15
    IINC 5 1
    GOTO L5
   L6
    LINENUMBER 121 L6
    RETURN
   L16
    LOCALVARIABLE val Ljava/lang/Object; L8 L15 6
    LOCALVARIABLE i I L5 L6 5
    LOCALVARIABLE this Lcom/examples/with/different/packagename/testcarver/DateConverterTest2; L0 L16 0
    LOCALVARIABLE message [Ljava/lang/String; L1 L16 1
    LOCALVARIABLE now J L2 L16 2
    LOCALVARIABLE date [Ljava/lang/Object; L3 L16 4
    MAXSTACK = 11
    MAXLOCALS = 7

  // access flags 0x1
  public <init>()V
    TRYCATCHBLOCK L0 L1 L1 java/lang/Throwable
   L2
    LINENUMBER 30 L2
    ALOAD 0
    INVOKESPECIAL java/lang/Object.<init> ()V
   L0
    LDC -2147483608
    ALOAD 0
    LDC "<init>"
    LDC "()V"
    BIPUSH 0
    ANEWARRAY java/lang/Object
    INVOKESTATIC org/evosuite/testcarver/capture/Capturer.capture (ILjava/lang/Object;Ljava/lang/String;Ljava/lang/String;[Ljava/lang/Object;)V
    ALOAD 0
    INVOKEVIRTUAL com/examples/with/different/packagename/testcarver/DateConverterTest2._sw_prototype_original_init_sw_prototype_original_ ()V
    GOTO L3
   L1
   FRAME SAME1 java/lang/Throwable
    ASTORE 1
    LDC -2147483608
    ALOAD 0
    GETSTATIC org/evosuite/testcarver/capture/CaptureLog.RETURN_TYPE_VOID : Ljava/lang/Object;
    INVOKESTATIC org/evosuite/testcarver/capture/Capturer.enable (ILjava/lang/Object;Ljava/lang/Object;)V
    ALOAD 1
    ATHROW
   L3
   FRAME SAME
    LDC -2147483608
    ALOAD 0
    GETSTATIC org/evosuite/testcarver/capture/CaptureLog.RETURN_TYPE_VOID : Ljava/lang/Object;
    INVOKESTATIC org/evosuite/testcarver/capture/Capturer.enable (ILjava/lang/Object;Ljava/lang/Object;)V
    RETURN
    MAXSTACK = 5
    MAXLOCALS = 0

  // access flags 0x1
  public testConvertDate()V
  @Lorg/junit/Test;()
    TRYCATCHBLOCK L0 L1 L1 java/lang/Throwable
   L0
    LDC -2147483607
    ALOAD 0
    LDC "testConvertDate"
    LDC "()V"
    BIPUSH 0
    ANEWARRAY java/lang/Object
    INVOKESTATIC org/evosuite/testcarver/capture/Capturer.capture (ILjava/lang/Object;Ljava/lang/String;Ljava/lang/String;[Ljava/lang/Object;)V
    ALOAD 0
    INVOKEVIRTUAL com/examples/with/different/packagename/testcarver/DateConverterTest2._sw_prototype_original_testConvertDate ()V
    GOTO L2
   L1
   FRAME SAME1 java/lang/Throwable
    ASTORE 1
    LDC -2147483607
    ALOAD 0
    GETSTATIC org/evosuite/testcarver/capture/CaptureLog.RETURN_TYPE_VOID : Ljava/lang/Object;
    INVOKESTATIC org/evosuite/testcarver/capture/Capturer.enable (ILjava/lang/Object;Ljava/lang/Object;)V
    ALOAD 1
    ATHROW
   L2
   FRAME SAME
    LDC -2147483607
    ALOAD 0
    GETSTATIC org/evosuite/testcarver/capture/CaptureLog.RETURN_TYPE_VOID : Ljava/lang/Object;
    INVOKESTATIC org/evosuite/testcarver/capture/Capturer.enable (ILjava/lang/Object;Ljava/lang/Object;)V
    RETURN
    MAXSTACK = 11
    MAXLOCALS = 0
}
INFO  org.evosuite.testcarver.extraction.CarvingClassLoader - Keeping class: com.examples.with.different.packagename.testcarver.DateConverterTest2
INFO  org.evosuite.testcarver.extraction.CarvingRunListener - Not yet reached maximum time to carve unit tests - executing test with carver
INFO  org.evosuite.testcarver.capture.Capturer - Starting Capturer...
INFO  org.evosuite.testcarver.capture.Capturer - Capturer has been started successfully
INFO  org.evosuite.testcarver.extraction.CarvingClassLoader - Seeing class for first time: com.examples.with.different.packagename.testcarver.ConversionException
WARN  org.evosuite.testcarver.extraction.CarvingClassLoader - Instrumenting class 'com.examples.with.different.packagename.testcarver.ConversionException'.
INFO  org.evosuite.testcarver.instrument.Instrumenter - Checking package com.examples.with.different.packagename.testcarver for class com/examples/with/different/packagename/testcarver/ConversionException
// class version 52.0 (52)
// access flags 0x21
public class com/examples/with/different/packagename/testcarver/ConversionException extends java/lang/RuntimeException {

  // compiled from: ConversionException.java

  // access flags 0x1A
  private final static J serialVersionUID = -3264207363344909775L

  // access flags 0x4
  protected Ljava/lang/Throwable; cause

  // access flags 0x2
  private _sw_prototype_original_init_sw_prototype_original_(Ljava/lang/String;)V
    ALOAD 0
    INVOKESTATIC org/evosuite/testcarver/capture/FieldRegistry.register (Ljava/lang/Object;)V
   L0
    LINENUMBER 85 L0
    ALOAD 0
    ACONST_NULL
    DUP2
    PUTFIELD com/examples/with/different/packagename/testcarver/ConversionException.cause : Ljava/lang/Throwable;
    POP
    LDC -2147483606
    LDC "com/examples/with/different/packagename/testcarver/ConversionException"
    LDC "cause"
    LDC "Ljava/lang/Throwable;"
    INVOKESTATIC org/evosuite/testcarver/capture/FieldRegistry.notifyModification (Ljava/lang/Object;ILjava/lang/String;Ljava/lang/String;Ljava/lang/String;)V
   L1
    LINENUMBER 48 L1
    RETURN
   L2
    LOCALVARIABLE this Lcom/examples/with/different/packagename/testcarver/ConversionException; L3 L2 0
    LOCALVARIABLE message Ljava/lang/String; L3 L2 1
    MAXSTACK = 6
    MAXLOCALS = 2

  // access flags 0x2
  private _sw_prototype_original_init_sw_prototype_original_(Ljava/lang/String;Ljava/lang/Throwable;)V
    ALOAD 0
    INVOKESTATIC org/evosuite/testcarver/capture/FieldRegistry.register (Ljava/lang/Object;)V
   L0
    LINENUMBER 85 L0
    ALOAD 0
    ACONST_NULL
    DUP2
    PUTFIELD com/examples/with/different/packagename/testcarver/ConversionException.cause : Ljava/lang/Throwable;
    POP
    LDC -2147483603
    LDC "com/examples/with/different/packagename/testcarver/ConversionException"
    LDC "cause"
    LDC "Ljava/lang/Throwable;"
    INVOKESTATIC org/evosuite/testcarver/capture/FieldRegistry.notifyModification (Ljava/lang/Object;ILjava/lang/String;Ljava/lang/String;Ljava/lang/String;)V
   L1
    LINENUMBER 60 L1
    ALOAD 0
    ALOAD 2
    DUP2
    PUTFIELD com/examples/with/different/packagename/testcarver/ConversionException.cause : Ljava/lang/Throwable;
    POP
    LDC -2147483601
    LDC "com/examples/with/different/packagename/testcarver/ConversionException"
    LDC "cause"
    LDC "Ljava/lang/Throwable;"
    INVOKESTATIC org/evosuite/testcarver/capture/FieldRegistry.notifyModification (Ljava/lang/Object;ILjava/lang/String;Ljava/lang/String;Ljava/lang/String;)V
   L2
    LINENUMBER 62 L2
    RETURN
   L3
    LOCALVARIABLE this Lcom/examples/with/different/packagename/testcarver/ConversionException; L4 L3 0
    LOCALVARIABLE message Ljava/lang/String; L4 L3 1
    LOCALVARIABLE cause Ljava/lang/Throwable; L4 L3 2
    MAXSTACK = 6
    MAXLOCALS = 3

  // access flags 0x2
  private _sw_prototype_original_init_sw_prototype_original_(Ljava/lang/Throwable;)V
    ALOAD 0
    INVOKESTATIC org/evosuite/testcarver/capture/FieldRegistry.register (Ljava/lang/Object;)V
   L0
    LINENUMBER 85 L0
    ALOAD 0
    ACONST_NULL
    DUP2
    PUTFIELD com/examples/with/different/packagename/testcarver/ConversionException.cause : Ljava/lang/Throwable;
    POP
    LDC -2147483598
    LDC "com/examples/with/different/packagename/testcarver/ConversionException"
    LDC "cause"
    LDC "Ljava/lang/Throwable;"
    INVOKESTATIC org/evosuite/testcarver/capture/FieldRegistry.notifyModification (Ljava/lang/Object;ILjava/lang/String;Ljava/lang/String;Ljava/lang/String;)V
   L1
    LINENUMBER 73 L1
    ALOAD 0
    ALOAD 1
    DUP2
    PUTFIELD com/examples/with/different/packagename/testcarver/ConversionException.cause : Ljava/lang/Throwable;
    POP
    LDC -2147483596
    LDC "com/examples/with/different/packagename/testcarver/ConversionException"
    LDC "cause"
    LDC "Ljava/lang/Throwable;"
    INVOKESTATIC org/evosuite/testcarver/capture/FieldRegistry.notifyModification (Ljava/lang/Object;ILjava/lang/String;Ljava/lang/String;Ljava/lang/String;)V
   L2
    LINENUMBER 75 L2
    RETURN
   L3
    LOCALVARIABLE this Lcom/examples/with/different/packagename/testcarver/ConversionException; L4 L3 0
    LOCALVARIABLE cause Ljava/lang/Throwable; L4 L3 1
    MAXSTACK = 6
    MAXLOCALS = 2

  // access flags 0x2
  private _sw_prototype_original_getCause()Ljava/lang/Throwable;
   L0
    LINENUMBER 93 L0
    ALOAD 0
    DUP
    GETFIELD com/examples/with/different/packagename/testcarver/ConversionException.cause : Ljava/lang/Throwable;
    SWAP
    LDC -2147483593
    LDC "com/examples/with/different/packagename/testcarver/ConversionException"
    LDC "cause"
    LDC "Ljava/lang/Throwable;"
    INVOKESTATIC org/evosuite/testcarver/capture/FieldRegistry.notifyReadAccess (Ljava/lang/Object;ILjava/lang/String;Ljava/lang/String;Ljava/lang/String;)V
    ARETURN
   L1
    LOCALVARIABLE this Lcom/examples/with/different/packagename/testcarver/ConversionException; L0 L1 0
    MAXSTACK = 5
    MAXLOCALS = 1

  // access flags 0x1
  public <init>(Ljava/lang/String;)V
    TRYCATCHBLOCK L0 L1 L1 java/lang/Throwable
   L2
    LINENUMBER 46 L2
    ALOAD 0
    ALOAD 1
    INVOKESPECIAL java/lang/RuntimeException.<init> (Ljava/lang/String;)V
   L0
    LDC -2147483604
    ALOAD 0
    LDC "<init>"
    LDC "(Ljava/lang/String;)V"
    BIPUSH 1
    ANEWARRAY java/lang/Object
    DUP
    BIPUSH 0
    ALOAD 1
    AASTORE
    INVOKESTATIC org/evosuite/testcarver/capture/Capturer.capture (ILjava/lang/Object;Ljava/lang/String;Ljava/lang/String;[Ljava/lang/Object;)V
    ALOAD 0
    ALOAD 1
    INVOKEVIRTUAL com/examples/with/different/packagename/testcarver/ConversionException._sw_prototype_original_init_sw_prototype_original_ (Ljava/lang/String;)V
    GOTO L3
   L1
   FRAME SAME1 java/lang/Throwable
    ASTORE 2
    LDC -2147483604
    ALOAD 0
    GETSTATIC org/evosuite/testcarver/capture/CaptureLog.RETURN_TYPE_VOID : Ljava/lang/Object;
    INVOKESTATIC org/evosuite/testcarver/capture/Capturer.enable (ILjava/lang/Object;Ljava/lang/Object;)V
    ALOAD 2
    ATHROW
   L3
   FRAME SAME
    LDC -2147483604
    ALOAD 0
    GETSTATIC org/evosuite/testcarver/capture/CaptureLog.RETURN_TYPE_VOID : Ljava/lang/Object;
    INVOKESTATIC org/evosuite/testcarver/capture/Capturer.enable (ILjava/lang/Object;Ljava/lang/Object;)V
    RETURN
    MAXSTACK = 6
    MAXLOCALS = 0

  // access flags 0x1
  public <init>(Ljava/lang/String;Ljava/lang/Throwable;)V
    TRYCATCHBLOCK L0 L1 L1 java/lang/Throwable
   L2
    LINENUMBER 59 L2
    ALOAD 0
    ALOAD 1
    INVOKESPECIAL java/lang/RuntimeException.<init> (Ljava/lang/String;)V
   L0
    LDC -2147483599
    ALOAD 0
    LDC "<init>"
    LDC "(Ljava/lang/String;Ljava/lang/Throwable;)V"
    BIPUSH 2
    ANEWARRAY java/lang/Object
    DUP
    BIPUSH 0
    ALOAD 1
    AASTORE
    DUP
    BIPUSH 1
    ALOAD 2
    AASTORE
    INVOKESTATIC org/evosuite/testcarver/capture/Capturer.capture (ILjava/lang/Object;Ljava/lang/String;Ljava/lang/String;[Ljava/lang/Object;)V
    ALOAD 0
    ALOAD 1
    ALOAD 2
    INVOKEVIRTUAL com/examples/with/different/packagename/testcarver/ConversionException._sw_prototype_original_init_sw_prototype_original_ (Ljava/lang/String;Ljava/lang/Throwable;)V
    GOTO L3
   L1
   FRAME SAME1 java/lang/Throwable
    ASTORE 3
    LDC -2147483599
    ALOAD 0
    GETSTATIC org/evosuite/testcarver/capture/CaptureLog.RETURN_TYPE_VOID : Ljava/lang/Object;
    INVOKESTATIC org/evosuite/testcarver/capture/Capturer.enable (ILjava/lang/Object;Ljava/lang/Object;)V
    ALOAD 3
    ATHROW
   L3
   FRAME SAME
    LDC -2147483599
    ALOAD 0
    GETSTATIC org/evosuite/testcarver/capture/CaptureLog.RETURN_TYPE_VOID : Ljava/lang/Object;
    INVOKESTATIC org/evosuite/testcarver/capture/Capturer.enable (ILjava/lang/Object;Ljava/lang/Object;)V
    RETURN
    MAXSTACK = 6
    MAXLOCALS = 0

  // access flags 0x1
  public <init>(Ljava/lang/Throwable;)V
    TRYCATCHBLOCK L0 L1 L1 java/lang/Throwable
   L2
    LINENUMBER 72 L2
    ALOAD 0
    ALOAD 1
    INVOKEVIRTUAL java/lang/Throwable.getMessage ()Ljava/lang/String;
    INVOKESPECIAL java/lang/RuntimeException.<init> (Ljava/lang/String;)V
   L0
    LDC -2147483594
    ALOAD 0
    LDC "<init>"
    LDC "(Ljava/lang/Throwable;)V"
    BIPUSH 1
    ANEWARRAY java/lang/Object
    DUP
    BIPUSH 0
    ALOAD 1
    AASTORE
    INVOKESTATIC org/evosuite/testcarver/capture/Capturer.capture (ILjava/lang/Object;Ljava/lang/String;Ljava/lang/String;[Ljava/lang/Object;)V
    ALOAD 0
    ALOAD 1
    INVOKEVIRTUAL com/examples/with/different/packagename/testcarver/ConversionException._sw_prototype_original_init_sw_prototype_original_ (Ljava/lang/Throwable;)V
    GOTO L3
   L1
   FRAME SAME1 java/lang/Throwable
    ASTORE 2
    LDC -2147483594
    ALOAD 0
    GETSTATIC org/evosuite/testcarver/capture/CaptureLog.RETURN_TYPE_VOID : Ljava/lang/Object;
    INVOKESTATIC org/evosuite/testcarver/capture/Capturer.enable (ILjava/lang/Object;Ljava/lang/Object;)V
    ALOAD 2
    ATHROW
   L3
   FRAME SAME
    LDC -2147483594
    ALOAD 0
    GETSTATIC org/evosuite/testcarver/capture/CaptureLog.RETURN_TYPE_VOID : Ljava/lang/Object;
    INVOKESTATIC org/evosuite/testcarver/capture/Capturer.enable (ILjava/lang/Object;Ljava/lang/Object;)V
    RETURN
    MAXSTACK = 6
    MAXLOCALS = 0

  // access flags 0x1
  public getCause()Ljava/lang/Throwable;
    TRYCATCHBLOCK L0 L1 L2 java/lang/Throwable
    ACONST_NULL
    ASTORE 1
   L0
    LDC -2147483592
    ALOAD 0
    LDC "getCause"
    LDC "()Ljava/lang/Throwable;"
    BIPUSH 0
    ANEWARRAY java/lang/Object
    INVOKESTATIC org/evosuite/testcarver/capture/Capturer.capture (ILjava/lang/Object;Ljava/lang/String;Ljava/lang/String;[Ljava/lang/Object;)V
    ALOAD 0
    INVOKEVIRTUAL com/examples/with/different/packagename/testcarver/ConversionException._sw_prototype_original_getCause ()Ljava/lang/Throwable;
    ASTORE 1
    ALOAD 1
    ASTORE 3
   L1
    LDC -2147483592
    ALOAD 0
    ALOAD 1
    INVOKESTATIC org/evosuite/testcarver/capture/Capturer.enable (ILjava/lang/Object;Ljava/lang/Object;)V
    ALOAD 3
    ARETURN
   L2
   FRAME FULL [com/examples/with/different/packagename/testcarver/ConversionException java/lang/Throwable] [java/lang/Throwable]
    ASTORE 2
    LDC -2147483592
    ALOAD 0
    ALOAD 1
    INVOKESTATIC org/evosuite/testcarver/capture/Capturer.enable (ILjava/lang/Object;Ljava/lang/Object;)V
    ALOAD 2
    ATHROW
    MAXSTACK = 5
    MAXLOCALS = 0
}
INFO  org.evosuite.testcarver.extraction.CarvingClassLoader - Keeping class: com.examples.with.different.packagename.testcarver.ConversionException
INFO  org.evosuite.testcarver.capture.Capturer - Stopping Capturer...
INFO  org.evosuite.testcarver.capture.Capturer - Capturer has been stopped successfully
INFO  evo_logger -  - Carving test com.examples.with.different.packagename.testcarver.DateConverterTest2.testConvertDate
INFO  org.evosuite.instrumentation.InstrumentingClassLoader - Seeing class for first time: com.examples.with.different.packagename.testcarver.ConversionException
INFO  org.evosuite.instrumentation.BytecodeInstrumentation - Starting transformation of com/examples/with/different/packagename/testcarver/ConversionException
INFO  org.evosuite.runtime.instrumentation.MethodCallReplacementClassAdapter - Adding mock interface to class com/examples/with/different/packagename/testcarver/ConversionException
INFO  org.evosuite.instrumentation.EndOfClassInitializerVisitor - Creating <clinit> in class com/examples/with/different/packagename/testcarver/ConversionException
INFO  org.evosuite.runtime.instrumentation.CreateClassResetClassAdapter - Found static initializer in class com/examples/with/different/packagename/testcarver/ConversionException
INFO  org.evosuite.instrumentation.InstrumentingClassLoader - Loaded class: com.examples.with.different.packagename.testcarver.ConversionException
INFO  org.evosuite.testcarver.extraction.CarvingRunListener - Carved test of length 9
INFO  org.evosuite.utils.generic.GenericTypeInference - Type map empty
INFO  org.evosuite.utils.generic.GenericTypeInference - Type map empty
INFO  org.evosuite.utils.generic.GenericTypeInference - Type map empty
INFO  org.evosuite.testcarver.extraction.CarvingManager - Result: 1/1
INFO  org.evosuite.testcarver.extraction.CarvingManager - Failure: Error converting from 'GregorianCalendar' to 'Date' class java.util.GregorianCalendar cannot be cast to class org.evosuite.testcarver.wrapper.java.util.Calendar (java.util.GregorianCalendar is in module java.base of loader 'bootstrap'; org.evosuite.testcarver.wrapper.java.util.Calendar is in unnamed module of loader 'app')
INFO  org.evosuite.testcarver.extraction.CarvingManager - Exception: {}
com.examples.with.different.packagename.testcarver.ConversionException: Error converting from 'GregorianCalendar' to 'Date' class java.util.GregorianCalendar cannot be cast to class org.evosuite.testcarver.wrapper.java.util.Calendar (java.util.GregorianCalendar is in module java.base of loader 'bootstrap'; org.evosuite.testcarver.wrapper.java.util.Calendar is in unnamed module of loader 'app')
	at com.examples.with.different.packagename.testcarver.AbstractConverter.handleError(AbstractConverter.java:241)
	at com.examples.with.different.packagename.testcarver.AbstractConverter._sw_prototype_original_convert(AbstractConverter.java:150)
	at com.examples.with.different.packagename.testcarver.AbstractConverter.convert(AbstractConverter.java)
	at com.examples.with.different.packagename.testcarver.DateConverterTest2._sw_prototype_original_testConvertDate(DateConverterTest2.java:114)
	at com.examples.with.different.packagename.testcarver.DateConverterTest2.testConvertDate(DateConverterTest2.java)
	at java.base/jdk.internal.reflect.DirectMethodHandleAccessor.invoke(DirectMethodHandleAccessor.java:103)
	at java.base/java.lang.reflect.Method.invoke(Method.java:580)
	at org.junit.runners.model.FrameworkMethod$1.runReflectiveCall(FrameworkMethod.java:59)
	at org.junit.internal.runners.model.ReflectiveCallable.run(ReflectiveCallable.java:12)
	at org.junit.runners.model.FrameworkMethod.invokeExplosively(FrameworkMethod.java:56)
	at org.junit.internal.runners.statements.InvokeMethod.evaluate(InvokeMethod.java:17)
	at org.junit.runners.ParentRunner$3.evaluate(ParentRunner.java:306)
	at org.junit.runners.BlockJUnit4ClassRunner$1.evaluate(BlockJUnit4ClassRunner.java:100)
	at org.junit.runners.ParentRunner.runLeaf(ParentRunner.java:366)
	at org.junit.runners.BlockJUnit4ClassRunner.runChild(BlockJUnit4ClassRunner.java:103)
	at org.junit.runners.BlockJUnit4ClassRunner.runChild(BlockJUnit4ClassRunner.java:63)
	at org.junit.runners.ParentRunner$4.run(ParentRunner.java:331)
	at org.junit.runners.ParentRunner$1.schedule(ParentRunner.java:79)
	at org.junit.runners.ParentRunner.runChildren(ParentRunner.java:329)
	at org.junit.runners.ParentRunner.access$100(ParentRunner.java:66)
	at org.junit.runners.ParentRunner$2.evaluate(ParentRunner.java:293)
	at org.junit.runners.ParentRunner$3.evaluate(ParentRunner.java:306)
	at org.junit.runners.ParentRunner.run(ParentRunner.java:413)
	at org.junit.runners.Suite.runChild(Suite.java:128)
	at org.junit.runners.Suite.runChild(Suite.java:27)
	at org.junit.runners.ParentRunner$4.run(ParentRunner.java:331)
	at org.junit.runners.ParentRunner$1.schedule(ParentRunner.java:79)
	at org.junit.runners.ParentRunner.runChildren(ParentRunner.java:329)
	at org.junit.runners.ParentRunner.access$100(ParentRunner.java:66)
	at org.junit.runners.ParentRunner$2.evaluate(ParentRunner.java:293)
	at org.junit.runners.ParentRunner$3.evaluate(ParentRunner.java:306)
	at org.junit.runners.ParentRunner.run(ParentRunner.java:413)
	at org.junit.runner.JUnitCore.run(JUnitCore.java:137)
	at org.junit.runner.JUnitCore.run(JUnitCore.java:115)
	at org.junit.runner.JUnitCore.run(JUnitCore.java:105)
	at org.junit.runner.JUnitCore.run(JUnitCore.java:94)
	at org.evosuite.testcarver.extraction.CarvingManager.readTestCases(CarvingManager.java:129)
	at org.evosuite.testcarver.extraction.CarvingManager.getTestsForClass(CarvingManager.java:216)
	at org.evosuite.testcase.factories.JUnitTestCarvedChromosomeFactory.readTestCases(JUnitTestCarvedChromosomeFactory.java:75)
	at org.evosuite.testcase.factories.JUnitTestCarvedChromosomeFactory.<init>(JUnitTestCarvedChromosomeFactory.java:68)
	at org.evosuite.testcase.JUnitTestCarvedChromosomeFactorySystemTest.testBeanDateConverterUtils2(JUnitTestCarvedChromosomeFactorySystemTest.java:487)
	at java.base/jdk.internal.reflect.DirectMethodHandleAccessor.invoke(DirectMethodHandleAccessor.java:103)
	at java.base/java.lang.reflect.Method.invoke(Method.java:580)
	at org.junit.runners.model.FrameworkMethod$1.runReflectiveCall(FrameworkMethod.java:59)
	at org.junit.internal.runners.model.ReflectiveCallable.run(ReflectiveCallable.java:12)
	at org.junit.runners.model.FrameworkMethod.invokeExplosively(FrameworkMethod.java:56)
	at org.junit.internal.runners.statements.InvokeMethod.evaluate(InvokeMethod.java:17)
	at org.junit.internal.runners.statements.RunBefores.evaluate(RunBefores.java:26)
	at org.junit.internal.runners.statements.RunAfters.evaluate(RunAfters.java:27)
	at org.junit.rules.TestWatcher$1.evaluate(TestWatcher.java:61)
	at org.junit.runners.ParentRunner$3.evaluate(ParentRunner.java:306)
	at org.junit.runners.BlockJUnit4ClassRunner$1.evaluate(BlockJUnit4ClassRunner.java:100)
	at org.junit.runners.ParentRunner.runLeaf(ParentRunner.java:366)
	at org.junit.runners.BlockJUnit4ClassRunner.runChild(BlockJUnit4ClassRunner.java:103)
	at org.junit.runners.BlockJUnit4ClassRunner.runChild(BlockJUnit4ClassRunner.java:63)
	at org.junit.runners.ParentRunner$4.run(ParentRunner.java:331)
	at org.junit.runners.ParentRunner$1.schedule(ParentRunner.java:79)
	at org.junit.runners.ParentRunner.runChildren(ParentRunner.java:329)
	at org.junit.runners.ParentRunner.access$100(ParentRunner.java:66)
	at org.junit.runners.ParentRunner$2.evaluate(ParentRunner.java:293)
	at org.junit.runners.ParentRunner$3.evaluate(ParentRunner.java:306)
	at org.junit.runners.ParentRunner.run(ParentRunner.java:413)
	at org.apache.maven.surefire.junit4.JUnit4Provider.execute(JUnit4Provider.java:316)
	at org.apache.maven.surefire.junit4.JUnit4Provider.executeWithRerun(JUnit4Provider.java:240)
	at org.apache.maven.surefire.junit4.JUnit4Provider.executeTestSet(JUnit4Provider.java:214)
	at org.apache.maven.surefire.junit4.JUnit4Provider.invoke(JUnit4Provider.java:155)
	at org.apache.maven.surefire.booter.ForkedBooter.runSuitesInProcess(ForkedBooter.java:385)
	at org.apache.maven.surefire.booter.ForkedBooter.execute(ForkedBooter.java:162)
	at org.apache.maven.surefire.booter.ForkedBooter.run(ForkedBooter.java:507)
	at org.apache.maven.surefire.booter.ForkedBooter.main(ForkedBooter.java:495)
Caused by: java.lang.ClassCastException: class java.util.GregorianCalendar cannot be cast to class org.evosuite.testcarver.wrapper.java.util.Calendar (java.util.GregorianCalendar is in module java.base of loader 'bootstrap'; org.evosuite.testcarver.wrapper.java.util.Calendar is in unnamed module of loader 'app')
	at com.examples.with.different.packagename.testcarver.DateTimeConverter.convertToType(DateTimeConverter.java:308)
	at com.examples.with.different.packagename.testcarver.AbstractConverter._sw_prototype_original_convert(AbstractConverter.java:146)
	... 68 common frames omitted
INFO  org.evosuite.testcase.execution.TestCaseExecutor - No stalled threads
INFO  org.evosuite.testcarver.extraction.CarvingManager - Adding carved test without exception
INFO  org.evosuite.testcarver.extraction.CarvingManager - DateConverter dateConverter0 = new DateConverter();
Class<Date> class0 = Date.class;
long long0 = 1770296881521L;
Date date0 = new Date(long0);
dateConverter0.convert(class0, date0);
DateConverter dateConverter1 = new DateConverter();
String string0 = "<gregorian-calendar>\n  <time>1770296881521</time>\n  <timezone>Etc/UTC</timezone>\n</gregorian-calendar>";
GregorianCalendar gregorianCalendar0 = (GregorianCalendar)EvoSuiteXStream.fromString(string0);
dateConverter1.convert(class0, gregorianCalendar0);

INFO  evo_logger -  -> Carved 1 tests for class class com.examples.with.different.packagename.testcarver.DateConverter from existing JUnit tests
INFO  evo_logger - * Using 1 carved tests from existing JUnit tests for seeding
INFO  org.evosuite.coverage.branch.BranchCoverageSuiteFitness - Total branch coverage goals: 3
INFO  org.evosuite.coverage.branch.BranchCoverageSuiteFitness - Total branches: 0
INFO  org.evosuite.coverage.branch.BranchCoverageSuiteFitness - Total branchless methods: 3
INFO  org.evosuite.coverage.branch.BranchCoverageSuiteFitness - Total methods: 3: [com.examples.with.different.packagename.testcarver.DateConverter.getDefaultType()Ljava/lang/Class;, com.examples.with.different.packagename.testcarver.DateConverter.<init>(Ljava/lang/Object;)V, com.examples.with.different.packagename.testcarver.DateConverter.<init>()V]
INFO  org.evosuite.coverage.branch.BranchCoverageSuiteFitness - (Methods) Best individual covers 0/0 branches and 1/3 methods
INFO  org.evosuite.coverage.branch.BranchCoverageSuiteFitness - Fitness: 2.0, size: 1, length: 9
INFO  org.evosuite.coverage.branch.BranchCoverageSuiteFitness - (Fitness) Best individual covers 0/0 branches and 1/3 methods
INFO  org.evosuite.coverage.branch.BranchCoverageSuiteFitness - Fitness: 2.0, size: 1, length: 9
INFO  org.evosuite.testcase.factories.JUnitTestCarvedChromosomeFactory - Cloning user test
DateConverter dateConverter0 = new DateConverter();
Class<Date> class0 = Date.class;
long long0 = 1770296881521L;
Date date0 = new Date(long0);
dateConverter0.convert(class0, date0);
DateConverter dateConverter1 = new DateConverter();
String string0 = "<gregorian-calendar>\n  <time>1770296881521</time>\n  <timezone>Etc/UTC</timezone>\n</gregorian-calendar>";
GregorianCalendar gregorianCalendar0 = (GregorianCalendar)EvoSuiteXStream.fromString(string0);
dateConverter1.convert(class0, gregorianCalendar0);

INFO  org.evosuite.TestGenerationContext - *** Resetting context
INFO  org.evosuite.testcase.execution.TestCaseExecutor - TestCaseExecutor instance is non-null, but its actual executor is null
INFO  org.evosuite.TestGenerationContext - *** Resetting context
INFO  org.evosuite.testcase.execution.TestCaseExecutor - TestCaseExecutor instance is non-null, but its actual executor is null
INFO  org.evosuite.instrumentation.InstrumentingClassLoader - Seeing class for first time: com.examples.with.different.packagename.testcarver.DateConverter
INFO  org.evosuite.instrumentation.BytecodeInstrumentation - Starting transformation of com/examples/with/different/packagename/testcarver/DateConverter
INFO  org.evosuite.instrumentation.testability.StringTransformation - Current method: <init>
INFO  org.evosuite.instrumentation.testability.StringTransformation - Current method: <init>
INFO  org.evosuite.instrumentation.testability.StringTransformation - Current method: getDefaultType
INFO  org.evosuite.runtime.instrumentation.MethodCallReplacementClassAdapter - Adding mock interface to class com/examples/with/different/packagename/testcarver/DateConverter
INFO  org.evosuite.graphs.cfg.CFGClassAdapter - Analyzing CFG of com/examples/with/different/packagename/testcarver/DateConverter
INFO  org.evosuite.graphs.cfg.CFGMethodAdapter - Analyzing method <init>()V in class com.examples.with.different.packagename.testcarver.DateConverter
INFO  org.evosuite.graphs.cfg.CFGMethodAdapter - Generating CFG for method <init>()V
INFO  org.evosuite.graphs.cfg.RawControlFlowGraph - Creating new RawCFG for com.examples.with.different.packagename.testcarver.DateConverter.<init>()V: 0
INFO  org.evosuite.graphs.cfg.CFGMethodAdapter - Created CFG for method <init>()V
INFO  org.evosuite.graphs.cfg.CFGMethodAdapter - Instrumenting method <init>()V in class com.examples.with.different.packagename.testcarver.DateConverter
INFO  org.evosuite.graphs.cfg.CFGClassAdapter - Analyzing CFG of com/examples/with/different/packagename/testcarver/DateConverter
INFO  org.evosuite.graphs.cfg.CFGMethodAdapter - Analyzing method <init>(Ljava/lang/Object;)V in class com.examples.with.different.packagename.testcarver.DateConverter
INFO  org.evosuite.graphs.cfg.CFGMethodAdapter - Generating CFG for method <init>(Ljava/lang/Object;)V
INFO  org.evosuite.graphs.cfg.RawControlFlowGraph - Creating new RawCFG for com.examples.with.different.packagename.testcarver.DateConverter.<init>(Ljava/lang/Object;)V: 0
INFO  org.evosuite.graphs.cfg.CFGMethodAdapter - Created CFG for method <init>(Ljava/lang/Object;)V
INFO  org.evosuite.graphs.cfg.CFGMethodAdapter - Instrumenting method <init>(Ljava/lang/Object;)V in class com.examples.with.different.packagename.testcarver.DateConverter
INFO  org.evosuite.graphs.cfg.CFGClassAdapter - Analyzing CFG of com/examples/with/different/packagename/testcarver/DateConverter
INFO  org.evosuite.graphs.cfg.CFGMethodAdapter - Analyzing method getDefaultType()Ljava/lang/Class; in class com.examples.with.different.packagename.testcarver.DateConverter
INFO  org.evosuite.graphs.cfg.CFGMethodAdapter - Generating CFG for method getDefaultType()Ljava/lang/Class;
INFO  org.evosuite.graphs.cfg.RawControlFlowGraph - Creating new RawCFG for com.examples.with.different.packagename.testcarver.DateConverter.getDefaultType()Ljava/lang/Class;: 0
INFO  org.evosuite.graphs.cfg.CFGMethodAdapter - Created CFG for method getDefaultType()Ljava/lang/Class;
INFO  org.evosuite.graphs.cfg.CFGMethodAdapter - Instrumenting method getDefaultType()Ljava/lang/Class; in class com.examples.with.different.packagename.testcarver.DateConverter
INFO  org.evosuite.runtime.instrumentation.CreateClassResetClassAdapter - Creating brand-new static initializer in class com/examples/with/different/packagename/testcarver/DateConverter
INFO  org.evosuite.instrumentation.InstrumentingClassLoader - Seeing class for first time: com.examples.with.different.packagename.testcarver.DateTimeConverter
INFO  org.evosuite.instrumentation.BytecodeInstrumentation - Starting transformation of com/examples/with/different/packagename/testcarver/DateTimeConverter
INFO  org.evosuite.runtime.instrumentation.MethodCallReplacementClassAdapter - Adding mock interface to class com/examples/with/different/packagename/testcarver/DateTimeConverter
INFO  org.evosuite.runtime.instrumentation.CreateClassResetClassAdapter - Creating brand-new static initializer in class com/examples/with/different/packagename/testcarver/DateTimeConverter
INFO  org.evosuite.instrumentation.InstrumentingClassLoader - Seeing class for first time: com.examples.with.different.packagename.testcarver.AbstractConverter
INFO  org.evosuite.instrumentation.BytecodeInstrumentation - Starting transformation of com/examples/with/different/packagename/testcarver/AbstractConverter
INFO  org.evosuite.runtime.instrumentation.MethodCallReplacementClassAdapter - Adding mock interface to class com/examples/with/different/packagename/testcarver/AbstractConverter
INFO  org.evosuite.instrumentation.EndOfClassInitializerVisitor - Creating <clinit> in class com/examples/with/different/packagename/testcarver/AbstractConverter
INFO  org.evosuite.runtime.instrumentation.CreateClassResetClassAdapter - Found static initializer in class com/examples/with/different/packagename/testcarver/AbstractConverter
INFO  org.evosuite.instrumentation.InstrumentingClassLoader - Seeing class for first time: com.examples.with.different.packagename.testcarver.Converter
INFO  org.evosuite.instrumentation.BytecodeInstrumentation - Starting transformation of com/examples/with/different/packagename/testcarver/Converter
INFO  org.evosuite.instrumentation.InstrumentingClassLoader - Loaded class: com.examples.with.different.packagename.testcarver.Converter
INFO  org.evosuite.instrumentation.InstrumentingClassLoader - Loaded class: com.examples.with.different.packagename.testcarver.AbstractConverter
INFO  org.evosuite.instrumentation.InstrumentingClassLoader - Loaded class: com.examples.with.different.packagename.testcarver.DateTimeConverter
INFO  org.evosuite.instrumentation.InstrumentingClassLoader - Loaded class: com.examples.with.different.packagename.testcarver.DateConverter
INFO  evo_logger - * Executing tests from 1 test class for carving
INFO  org.evosuite.testcarver.extraction.CarvingClassLoader - Seeing class for first time: com.examples.with.different.packagename.testcarver.DateConverter
WARN  org.evosuite.testcarver.extraction.CarvingClassLoader - Instrumenting class 'com.examples.with.different.packagename.testcarver.DateConverter'.
INFO  org.evosuite.testcarver.instrument.Instrumenter - Checking package com.examples.with.different.packagename.testcarver for class com/examples/with/different/packagename/testcarver/DateConverter
// class version 52.0 (52)
// access flags 0x31
public final class com/examples/with/different/packagename/testcarver/DateConverter extends com/examples/with/different/packagename/testcarver/DateTimeConverter {

  // compiled from: DateConverter.java

  // access flags 0x2
  private _sw_prototype_original_init_sw_prototype_original_()V
    ALOAD 0
    INVOKESTATIC org/evosuite/testcarver/capture/FieldRegistry.register (Ljava/lang/Object;)V
   L0
    LINENUMBER 47 L0
    RETURN
   L1
    LOCALVARIABLE this Lcom/examples/with/different/packagename/testcarver/DateConverter; L2 L1 0
    MAXSTACK = 5
    MAXLOCALS = 1

  // access flags 0x2
  private _sw_prototype_original_init_sw_prototype_original_(Ljava/lang/Object;)V
    ALOAD 0
    INVOKESTATIC org/evosuite/testcarver/capture/FieldRegistry.register (Ljava/lang/Object;)V
   L0
    LINENUMBER 59 L0
    RETURN
   L1
    LOCALVARIABLE this Lcom/examples/with/different/packagename/testcarver/DateConverter; L2 L1 0
    LOCALVARIABLE defaultValue Ljava/lang/Object; L2 L1 1
    MAXSTACK = 6
    MAXLOCALS = 2

  // access flags 0x4
  protected getDefaultType()Ljava/lang/Class;
   L0
    LINENUMBER 67 L0
    LDC Ljava/util/Date;.class
    ARETURN
   L1
    LOCALVARIABLE this Lcom/examples/with/different/packagename/testcarver/DateConverter; L0 L1 0
    MAXSTACK = 1
    MAXLOCALS = 1

  // access flags 0x1
  public <init>()V
    TRYCATCHBLOCK L0 L1 L1 java/lang/Throwable
   L2
    LINENUMBER 46 L2
    ALOAD 0
    INVOKESPECIAL com/examples/with/different/packagename/testcarver/DateTimeConverter.<init> ()V
   L0
    LDC -2147483644
    ALOAD 0
    LDC "<init>"
    LDC "()V"
    BIPUSH 0
    ANEWARRAY java/lang/Object
    INVOKESTATIC org/evosuite/testcarver/capture/Capturer.capture (ILjava/lang/Object;Ljava/lang/String;Ljava/lang/String;[Ljava/lang/Object;)V
    ALOAD 0
    INVOKEVIRTUAL com/examples/with/different/packagename/testcarver/DateConverter._sw_prototype_original_init_sw_prototype_original_ ()V
    GOTO L3
   L1
   FRAME SAME1 java/lang/Throwable
    ASTORE 1
    LDC -2147483644
    ALOAD 0
    GETSTATIC org/evosuite/testcarver/capture/CaptureLog.RETURN_TYPE_VOID : Ljava/lang/Object;
    INVOKESTATIC org/evosuite/testcarver/capture/Capturer.enable (ILjava/lang/Object;Ljava/lang/Object;)V
    ALOAD 1
    ATHROW
   L3
   FRAME SAME
    LDC -2147483644
    ALOAD 0
    GETSTATIC org/evosuite/testcarver/capture/CaptureLog.RETURN_TYPE_VOID : Ljava/lang/Object;
    INVOKESTATIC org/evosuite/testcarver/capture/Capturer.enable (ILjava/lang/Object;Ljava/lang/Object;)V
    RETURN
    MAXSTACK = 5
    MAXLOCALS = 0

  // access flags 0x1
  public <init>(Ljava/lang/Object;)V
    TRYCATCHBLOCK L0 L1 L1 java/lang/Throwable
   L2
    LINENUMBER 58 L2
    ALOAD 0
    ALOAD 1
    INVOKESPECIAL com/examples/with/different/packagename/testcarver/DateTimeConverter.<init> (Ljava/lang/Object;)V
   L0
    LDC -2147483643
    ALOAD 0
    LDC "<init>"
    LDC "(Ljava/lang/Object;)V"
    BIPUSH 1
    ANEWARRAY java/lang/Object
    DUP
    BIPUSH 0
    ALOAD 1
    AASTORE
    INVOKESTATIC org/evosuite/testcarver/capture/Capturer.capture (ILjava/lang/Object;Ljava/lang/String;Ljava/lang/String;[Ljava/lang/Object;)V
    ALOAD 0
    ALOAD 1
    INVOKEVIRTUAL com/examples/with/different/packagename/testcarver/DateConverter._sw_prototype_original_init_sw_prototype_original_ (Ljava/lang/Object;)V
    GOTO L3
   L1
   FRAME SAME1 java/lang/Throwable
    ASTORE 2
    LDC -2147483643
    ALOAD 0
    GETSTATIC org/evosuite/testcarver/capture/CaptureLog.RETURN_TYPE_VOID : Ljava/lang/Object;
    INVOKESTATIC org/evosuite/testcarver/capture/Capturer.enable (ILjava/lang/Object;Ljava/lang/Object;)V
    ALOAD 2
    ATHROW
   L3
   FRAME SAME
    LDC -2147483643
    ALOAD 0
    GETSTATIC org/evosuite/testcarver/capture/CaptureLog.RETURN_TYPE_VOID : Ljava/lang/Object;
    INVOKESTATIC org/evosuite/testcarver/capture/Capturer.enable (ILjava/lang/Object;Ljava/lang/Object;)V
    RETURN
    MAXSTACK = 6
    MAXLOCALS = 0
}
INFO  org.evosuite.testcarver.extraction.CarvingClassLoader - Seeing class for first time: com.examples.with.different.packagename.testcarver.DateTimeConverter
WARN  org.evosuite.testcarver.extraction.CarvingClassLoader - Instrumenting class 'com.examples.with.different.packagename.testcarver.DateTimeConverter'.
INFO  org.evosuite.testcarver.instrument.Instrumenter - Checking package com.examples.with.different.packagename.testcarver for class com/examples/with/different/packagename/testcarver/DateTimeConverter
// class version 52.0 (52)
// access flags 0x421
public abstract class com/examples/with/different/packagename/testcarver/DateTimeConverter extends com/examples/with/different/packagename/testcarver/AbstractConverter {

  // compiled from: DateTimeConverter.java

  // access flags 0x2
  private [Ljava/lang/String; patterns

  // access flags 0x2
  private Ljava/lang/String; displayPatterns

  // access flags 0x2
  private Ljava/util/Locale; locale

  // access flags 0x2
  private Ljava/util/TimeZone; timeZone

  // access flags 0x2
  private Z useLocaleFormat

  // access flags 0x1
  public <init>()V
   L0
    LINENUMBER 99 L0
    ALOAD 0
    INVOKESPECIAL com/examples/with/different/packagename/testcarver/AbstractConverter.<init> ()V
   L1
    LINENUMBER 100 L1
    RETURN
   L2
    LOCALVARIABLE this Lcom/examples/with/different/packagename/testcarver/DateTimeConverter; L0 L2 0
    MAXSTACK = 1
    MAXLOCALS = 1

  // access flags 0x1
  public <init>(Ljava/lang/Object;)V
   L0
    LINENUMBER 111 L0
    ALOAD 0
    ALOAD 1
    INVOKESPECIAL com/examples/with/different/packagename/testcarver/AbstractConverter.<init> (Ljava/lang/Object;)V
   L1
    LINENUMBER 112 L1
    RETURN
   L2
    LOCALVARIABLE this Lcom/examples/with/different/packagename/testcarver/DateTimeConverter; L0 L2 0
    LOCALVARIABLE defaultValue Ljava/lang/Object; L0 L2 1
    MAXSTACK = 2
    MAXLOCALS = 2

  // access flags 0x2
  private _sw_prototype_original_setUseLocaleFormat(Z)V
   L0
    LINENUMBER 124 L0
    ALOAD 0
    ILOAD 1
    DUP2
    PUTFIELD com/examples/with/different/packagename/testcarver/DateTimeConverter.useLocaleFormat : Z
    POP
    LDC -2147483642
    LDC "com/examples/with/different/packagename/testcarver/DateTimeConverter"
    LDC "useLocaleFormat"
    LDC "Z"
    INVOKESTATIC org/evosuite/testcarver/capture/FieldRegistry.notifyModification (Ljava/lang/Object;ILjava/lang/String;Ljava/lang/String;Ljava/lang/String;)V
   L1
    LINENUMBER 125 L1
    RETURN
   L2
    LOCALVARIABLE this Lcom/examples/with/different/packagename/testcarver/DateTimeConverter; L0 L2 0
    LOCALVARIABLE useLocaleFormat Z L0 L2 1
    MAXSTACK = 6
    MAXLOCALS = 2

  // access flags 0x2
  private _sw_prototype_original_getTimeZone()Ljava/util/TimeZone;
   L0
    LINENUMBER 134 L0
    ALOAD 0
    DUP
    GETFIELD com/examples/with/different/packagename/testcarver/DateTimeConverter.timeZone : Ljava/util/TimeZone;
    SWAP
    LDC -2147483639
    LDC "com/examples/with/different/packagename/testcarver/DateTimeConverter"
    LDC "timeZone"
    LDC "Ljava/util/TimeZone;"
    INVOKESTATIC org/evosuite/testcarver/capture/FieldRegistry.notifyReadAccess (Ljava/lang/Object;ILjava/lang/String;Ljava/lang/String;Ljava/lang/String;)V
    ARETURN
   L1
    LOCALVARIABLE this Lcom/examples/with/different/packagename/testcarver/DateTimeConverter; L0 L1 0
    MAXSTACK = 5
    MAXLOCALS = 1

  // access flags 0x2
  private _sw_prototype_original_setTimeZone(Ljava/util/TimeZone;)V
   L0
    LINENUMBER 143 L0
    ALOAD 0
    ALOAD 1
    DUP2
    PUTFIELD com/examples/with/different/packagename/testcarver/DateTimeConverter.timeZone : Ljava/util/TimeZone;
    POP
    LDC -2147483637
    LDC "com/examples/with/different/packagename/testcarver/DateTimeConverter"
    LDC "timeZone"
    LDC "Ljava/util/TimeZone;"
    INVOKESTATIC org/evosuite/testcarver/capture/FieldRegistry.notifyModification (Ljava/lang/Object;ILjava/lang/String;Ljava/lang/String;Ljava/lang/String;)V
   L1
    LINENUMBER 144 L1
    RETURN
   L2
    LOCALVARIABLE this Lcom/examples/with/different/packagename/testcarver/DateTimeConverter; L0 L2 0
    LOCALVARIABLE timeZone Ljava/util/TimeZone; L0 L2 1
    MAXSTACK = 6
    MAXLOCALS = 2

  // access flags 0x2
  private _sw_prototype_original_getLocale()Ljava/util/Locale;
   L0
    LINENUMBER 153 L0
    ALOAD 0
    DUP
    GETFIELD com/examples/with/different/packagename/testcarver/DateTimeConverter.locale : Ljava/util/Locale;
    SWAP
    LDC -2147483634
    LDC "com/examples/with/different/packagename/testcarver/DateTimeConverter"
    LDC "locale"
    LDC "Ljava/util/Locale;"
    INVOKESTATIC org/evosuite/testcarver/capture/FieldRegistry.notifyReadAccess (Ljava/lang/Object;ILjava/lang/String;Ljava/lang/String;Ljava/lang/String;)V
    ARETURN
   L1
    LOCALVARIABLE this Lcom/examples/with/different/packagename/testcarver/DateTimeConverter; L0 L1 0
    MAXSTACK = 5
    MAXLOCALS = 1

  // access flags 0x2
  private _sw_prototype_original_setLocale(Ljava/util/Locale;)V
   L0
    LINENUMBER 162 L0
    ALOAD 0
    ALOAD 1
    DUP2
    PUTFIELD com/examples/with/different/packagename/testcarver/DateTimeConverter.locale : Ljava/util/Locale;
    POP
    LDC -2147483632
    LDC "com/examples/with/different/packagename/testcarver/DateTimeConverter"
    LDC "locale"
    LDC "Ljava/util/Locale;"
    INVOKESTATIC org/evosuite/testcarver/capture/FieldRegistry.notifyModification (Ljava/lang/Object;ILjava/lang/String;Ljava/lang/String;Ljava/lang/String;)V
   L1
    LINENUMBER 163 L1
    ALOAD 0
    ICONST_1
    INVOKEVIRTUAL com/examples/with/different/packagename/testcarver/DateTimeConverter.setUseLocaleFormat (Z)V
   L2
    LINENUMBER 164 L2
    RETURN
   L3
    LOCALVARIABLE this Lcom/examples/with/different/packagename/testcarver/DateTimeConverter; L0 L3 0
    LOCALVARIABLE locale Ljava/util/Locale; L0 L3 1
    MAXSTACK = 6
    MAXLOCALS = 2

  // access flags 0x2
  private _sw_prototype_original_setPattern(Ljava/lang/String;)V
   L0
    LINENUMBER 174 L0
    ALOAD 0
    ICONST_1
    ANEWARRAY java/lang/String
    DUP
    ICONST_0
    ALOAD 1
    AASTORE
    INVOKEVIRTUAL com/examples/with/different/packagename/testcarver/DateTimeConverter.setPatterns ([Ljava/lang/String;)V
   L1
    LINENUMBER 175 L1
    RETURN
   L2
    LOCALVARIABLE this Lcom/examples/with/different/packagename/testcarver/DateTimeConverter; L0 L2 0
    LOCALVARIABLE pattern Ljava/lang/String; L0 L2 1
    MAXSTACK = 9
    MAXLOCALS = 2

  // access flags 0x2
  private _sw_prototype_original_getPatterns()[Ljava/lang/String;
   L0
    LINENUMBER 186 L0
    ALOAD 0
    DUP
    GETFIELD com/examples/with/different/packagename/testcarver/DateTimeConverter.patterns : [Ljava/lang/String;
    SWAP
    LDC -2147483628
    LDC "com/examples/with/different/packagename/testcarver/DateTimeConverter"
    LDC "patterns"
    LDC "[Ljava/lang/String;"
    INVOKESTATIC org/evosuite/testcarver/capture/FieldRegistry.notifyReadAccess (Ljava/lang/Object;ILjava/lang/String;Ljava/lang/String;Ljava/lang/String;)V
    ARETURN
   L1
    LOCALVARIABLE this Lcom/examples/with/different/packagename/testcarver/DateTimeConverter; L0 L1 0
    MAXSTACK = 5
    MAXLOCALS = 1

  // access flags 0x2
  private _sw_prototype_original_setPatterns([Ljava/lang/String;)V
   L0
    LINENUMBER 197 L0
    ALOAD 0
    ALOAD 1
    DUP2
    PUTFIELD com/examples/with/different/packagename/testcarver/DateTimeConverter.patterns : [Ljava/lang/String;
    POP
    LDC -2147483626
    LDC "com/examples/with/different/packagename/testcarver/DateTimeConverter"
    LDC "patterns"
    LDC "[Ljava/lang/String;"
    INVOKESTATIC org/evosuite/testcarver/capture/FieldRegistry.notifyModification (Ljava/lang/Object;ILjava/lang/String;Ljava/lang/String;Ljava/lang/String;)V
   L1
    LINENUMBER 198 L1
    ALOAD 1
    IFNULL L2
    ALOAD 1
    ARRAYLENGTH
    ICONST_1
    IF_ICMPLE L2
   L3
    LINENUMBER 199 L3
    NEW java/lang/StringBuffer
    DUP
    INVOKESPECIAL java/lang/StringBuffer.<init> ()V
    ASTORE 2
   L4
    LINENUMBER 200 L4
    ICONST_0
    ISTORE 3
   L5
    ILOAD 3
    ALOAD 1
    ARRAYLENGTH
    IF_ICMPGE L6
   L7
    LINENUMBER 201 L7
    ILOAD 3
    IFLE L8
   L9
    LINENUMBER 202 L9
    ALOAD 2
    LDC ", "
    INVOKEVIRTUAL java/lang/StringBuffer.append (Ljava/lang/String;)Ljava/lang/StringBuffer;
    POP
   L8
    LINENUMBER 204 L8
    ALOAD 2
    ALOAD 1
    ILOAD 3
    AALOAD
    INVOKEVIRTUAL java/lang/StringBuffer.append (Ljava/lang/String;)Ljava/lang/StringBuffer;
    POP
   L10
    LINENUMBER 200 L10
    IINC 3 1
    GOTO L5
   L6
    LINENUMBER 206 L6
    ALOAD 0
    ALOAD 2
    INVOKEVIRTUAL java/lang/StringBuffer.toString ()Ljava/lang/String;
    DUP2
    PUTFIELD com/examples/with/different/packagename/testcarver/DateTimeConverter.displayPatterns : Ljava/lang/String;
    POP
    LDC -2147483624
    LDC "com/examples/with/different/packagename/testcarver/DateTimeConverter"
    LDC "displayPatterns"
    LDC "Ljava/lang/String;"
    INVOKESTATIC org/evosuite/testcarver/capture/FieldRegistry.notifyModification (Ljava/lang/Object;ILjava/lang/String;Ljava/lang/String;Ljava/lang/String;)V
   L2
    LINENUMBER 208 L2
    ALOAD 0
    ICONST_1
    INVOKEVIRTUAL com/examples/with/different/packagename/testcarver/DateTimeConverter.setUseLocaleFormat (Z)V
   L11
    LINENUMBER 209 L11
    RETURN
   L12
    LOCALVARIABLE i I L5 L6 3
    LOCALVARIABLE buffer Ljava/lang/StringBuffer; L4 L2 2
    LOCALVARIABLE this Lcom/examples/with/different/packagename/testcarver/DateTimeConverter; L0 L12 0
    LOCALVARIABLE patterns [Ljava/lang/String; L0 L12 1
    MAXSTACK = 7
    MAXLOCALS = 4

  // access flags 0x4
  protected convertToString(Ljava/lang/Object;)Ljava/lang/String; throws java/lang/Throwable
   L0
    LINENUMBER 228 L0
    ACONST_NULL
    ASTORE 2
   L1
    LINENUMBER 229 L1
    ALOAD 1
    INSTANCEOF java/util/Date
    IFEQ L2
   L3
    LINENUMBER 230 L3
    ALOAD 1
    CHECKCAST org/evosuite/testcarver/wrapper/java/util/Date
    ASTORE 2
    GOTO L4
   L2
    LINENUMBER 231 L2
    ALOAD 1
    INSTANCEOF java/util/Calendar
    IFEQ L5
   L6
    LINENUMBER 232 L6
    ALOAD 1
    CHECKCAST org/evosuite/testcarver/wrapper/java/util/Calendar
    INVOKESTATIC org/evosuite/testcarver/wrapper/java/util/Calendar.getTime (Ljava/util/Calendar;)Ljava/util/Date;
    ASTORE 2
    GOTO L4
   L5
    LINENUMBER 233 L5
    ALOAD 1
    INSTANCEOF java/lang/Long
    IFEQ L4
   L7
    LINENUMBER 234 L7
    NEW org/evosuite/testcarver/wrapper/java/util/Date
    DUP
    ALOAD 1
    CHECKCAST java/lang/Long
    INVOKEVIRTUAL java/lang/Long.longValue ()J
    INVOKESPECIAL org/evosuite/testcarver/wrapper/java/util/Date.<init> (J)V
    ASTORE 2
   L4
    LINENUMBER 237 L4
    ACONST_NULL
    ASTORE 3
   L8
    LINENUMBER 238 L8
    ALOAD 0
    GETFIELD com/examples/with/different/packagename/testcarver/DateTimeConverter.useLocaleFormat : Z
    IFEQ L9
    ALOAD 2
    IFNULL L9
   L10
    LINENUMBER 239 L10
    ACONST_NULL
    ASTORE 4
   L11
    LINENUMBER 240 L11
    ALOAD 0
    GETFIELD com/examples/with/different/packagename/testcarver/DateTimeConverter.patterns : [Ljava/lang/String;
    IFNULL L12
    ALOAD 0
    GETFIELD com/examples/with/different/packagename/testcarver/DateTimeConverter.patterns : [Ljava/lang/String;
    ARRAYLENGTH
    IFLE L12
   L13
    LINENUMBER 241 L13
    ALOAD 0
    ALOAD 0
    GETFIELD com/examples/with/different/packagename/testcarver/DateTimeConverter.patterns : [Ljava/lang/String;
    ICONST_0
    AALOAD
    INVOKESPECIAL com/examples/with/different/packagename/testcarver/DateTimeConverter.getFormat (Ljava/lang/String;)Ljava/text/DateFormat;
    ASTORE 4
    GOTO L14
   L12
    LINENUMBER 243 L12
    ALOAD 0
    ALOAD 0
    GETFIELD com/examples/with/different/packagename/testcarver/DateTimeConverter.locale : Ljava/util/Locale;
    ALOAD 0
    GETFIELD com/examples/with/different/packagename/testcarver/DateTimeConverter.timeZone : Ljava/util/TimeZone;
    INVOKEVIRTUAL com/examples/with/different/packagename/testcarver/DateTimeConverter.getFormat (Ljava/util/Locale;Ljava/util/TimeZone;)Ljava/text/DateFormat;
    ASTORE 4
   L14
    LINENUMBER 245 L14
    ALOAD 0
    LDC "Formatting"
    ALOAD 4
    INVOKESPECIAL com/examples/with/different/packagename/testcarver/DateTimeConverter.logFormat (Ljava/lang/String;Ljava/text/DateFormat;)V
   L15
    LINENUMBER 246 L15
    ALOAD 4
    ALOAD 2
    INVOKESTATIC org/evosuite/testcarver/wrapper/java/text/DateFormat.format (Ljava/text/DateFormat;Ljava/util/Date;)Ljava/lang/String;
    ASTORE 3
   L16
    LINENUMBER 247 L16
    GOTO L17
   L9
    LINENUMBER 248 L9
    ALOAD 1
    INVOKEVIRTUAL java/lang/Object.toString ()Ljava/lang/String;
    ASTORE 3
   L17
    LINENUMBER 250 L17
    ALOAD 3
    ARETURN
   L18
    LOCALVARIABLE format Ljava/text/DateFormat; L11 L16 4
    LOCALVARIABLE this Lcom/examples/with/different/packagename/testcarver/DateTimeConverter; L0 L18 0
    LOCALVARIABLE value Ljava/lang/Object; L0 L18 1
    LOCALVARIABLE date Ljava/util/Date; L1 L18 2
    LOCALVARIABLE result Ljava/lang/String; L8 L18 3
    MAXSTACK = 4
    MAXLOCALS = 5

  // access flags 0x4
  protected convertToType(Ljava/lang/Class;Ljava/lang/Object;)Ljava/lang/Object; throws java/lang/Exception
   L0
    LINENUMBER 284 L0
    ALOAD 2
    INVOKEVIRTUAL java/lang/Object.getClass ()Ljava/lang/Class;
    ASTORE 3
   L1
    LINENUMBER 287 L1
    ALOAD 2
    INSTANCEOF java/sql/Timestamp
    IFEQ L2
   L3
    LINENUMBER 293 L3
    ALOAD 2
    CHECKCAST java/sql/Timestamp
    ASTORE 4
   L4
    LINENUMBER 294 L4
    ALOAD 4
    INVOKEVIRTUAL java/sql/Timestamp.getTime ()J
    LDC 1000L
    LDIV
    LDC 1000L
    LMUL
    LSTORE 5
   L5
    LINENUMBER 295 L5
    LLOAD 5
    ALOAD 4
    INVOKEVIRTUAL java/sql/Timestamp.getNanos ()I
    LDC 1000000
    IDIV
    I2L
    LADD
    LSTORE 5
   L6
    LINENUMBER 297 L6
    ALOAD 0
    ALOAD 1
    LLOAD 5
    INVOKESPECIAL com/examples/with/different/packagename/testcarver/DateTimeConverter.toDate (Ljava/lang/Class;J)Ljava/lang/Object;
    ARETURN
   L2
    LINENUMBER 301 L2
    ALOAD 2
    INSTANCEOF java/util/Date
    IFEQ L7
   L8
    LINENUMBER 302 L8
    ALOAD 2
    CHECKCAST org/evosuite/testcarver/wrapper/java/util/Date
    ASTORE 4
   L9
    LINENUMBER 303 L9
    ALOAD 0
    ALOAD 1
    ALOAD 4
    INVOKEVIRTUAL java/util/Date.getTime ()J
    INVOKESPECIAL com/examples/with/different/packagename/testcarver/DateTimeConverter.toDate (Ljava/lang/Class;J)Ljava/lang/Object;
    ARETURN
   L7
    LINENUMBER 307 L7
    ALOAD 2
    INSTANCEOF java/util/Calendar
    IFEQ L10
   L11
    LINENUMBER 308 L11
    ALOAD 2
    CHECKCAST org/evosuite/testcarver/wrapper/java/util/Calendar
    ASTORE 4
   L12
    LINENUMBER 309 L12
    ALOAD 0
    ALOAD 1
    ALOAD 4
    INVOKESTATIC org/evosuite/testcarver/wrapper/java/util/Calendar.getTime (Ljava/util/Calendar;)Ljava/util/Date;
    INVOKEVIRTUAL java/util/Date.getTime ()J
    INVOKESPECIAL com/examples/with/different/packagename/testcarver/DateTimeConverter.toDate (Ljava/lang/Class;J)Ljava/lang/Object;
    ARETURN
   L10
    LINENUMBER 313 L10
    ALOAD 2
    INSTANCEOF java/lang/Long
    IFEQ L13
   L14
    LINENUMBER 314 L14
    ALOAD 2
    CHECKCAST java/lang/Long
    ASTORE 4
   L15
    LINENUMBER 315 L15
    ALOAD 0
    ALOAD 1
    ALOAD 4
    INVOKEVIRTUAL java/lang/Long.longValue ()J
    INVOKESPECIAL com/examples/with/different/packagename/testcarver/DateTimeConverter.toDate (Ljava/lang/Class;J)Ljava/lang/Object;
    ARETURN
   L13
    LINENUMBER 319 L13
    ALOAD 2
    INVOKEVIRTUAL java/lang/Object.toString ()Ljava/lang/String;
    INVOKEVIRTUAL java/lang/String.trim ()Ljava/lang/String;
    ASTORE 4
   L16
    LINENUMBER 320 L16
    ALOAD 4
    INVOKEVIRTUAL java/lang/String.length ()I
    IFNE L17
   L18
    LINENUMBER 321 L18
    ALOAD 0
    ALOAD 1
    INVOKEVIRTUAL com/examples/with/different/packagename/testcarver/DateTimeConverter.handleMissing (Ljava/lang/Class;)Ljava/lang/Object;
    ARETURN
   L17
    LINENUMBER 325 L17
    ALOAD 0
    GETFIELD com/examples/with/different/packagename/testcarver/DateTimeConverter.useLocaleFormat : Z
    IFEQ L19
   L20
    LINENUMBER 326 L20
    ACONST_NULL
    ASTORE 5
   L21
    LINENUMBER 327 L21
    ALOAD 0
    GETFIELD com/examples/with/different/packagename/testcarver/DateTimeConverter.patterns : [Ljava/lang/String;
    IFNULL L22
    ALOAD 0
    GETFIELD com/examples/with/different/packagename/testcarver/DateTimeConverter.patterns : [Ljava/lang/String;
    ARRAYLENGTH
    IFLE L22
   L23
    LINENUMBER 328 L23
    ALOAD 0
    ALOAD 3
    ALOAD 1
    ALOAD 4
    INVOKESPECIAL com/examples/with/different/packagename/testcarver/DateTimeConverter.parse (Ljava/lang/Class;Ljava/lang/Class;Ljava/lang/String;)Ljava/util/Calendar;
    ASTORE 5
    GOTO L24
   L22
    LINENUMBER 330 L22
    ALOAD 0
    ALOAD 0
    GETFIELD com/examples/with/different/packagename/testcarver/DateTimeConverter.locale : Ljava/util/Locale;
    ALOAD 0
    GETFIELD com/examples/with/different/packagename/testcarver/DateTimeConverter.timeZone : Ljava/util/TimeZone;
    INVOKEVIRTUAL com/examples/with/different/packagename/testcarver/DateTimeConverter.getFormat (Ljava/util/Locale;Ljava/util/TimeZone;)Ljava/text/DateFormat;
    ASTORE 6
   L25
    LINENUMBER 331 L25
    ALOAD 0
    ALOAD 3
    ALOAD 1
    ALOAD 4
    ALOAD 6
    INVOKESPECIAL com/examples/with/different/packagename/testcarver/DateTimeConverter.parse (Ljava/lang/Class;Ljava/lang/Class;Ljava/lang/String;Ljava/text/DateFormat;)Ljava/util/Calendar;
    ASTORE 5
   L24
    LINENUMBER 333 L24
    LDC Ljava/util/Calendar;.class
    ALOAD 1
    INVOKEVIRTUAL java/lang/Class.isAssignableFrom (Ljava/lang/Class;)Z
    IFEQ L26
   L27
    LINENUMBER 334 L27
    ALOAD 5
    ARETURN
   L26
    LINENUMBER 336 L26
    ALOAD 0
    ALOAD 1
    ALOAD 5
    INVOKESTATIC org/evosuite/testcarver/wrapper/java/util/Calendar.getTime (Ljava/util/Calendar;)Ljava/util/Date;
    INVOKEVIRTUAL java/util/Date.getTime ()J
    INVOKESPECIAL com/examples/with/different/packagename/testcarver/DateTimeConverter.toDate (Ljava/lang/Class;J)Ljava/lang/Object;
    ARETURN
   L19
    LINENUMBER 341 L19
    ALOAD 0
    ALOAD 1
    ALOAD 4
    INVOKESPECIAL com/examples/with/different/packagename/testcarver/DateTimeConverter.toDate (Ljava/lang/Class;Ljava/lang/String;)Ljava/lang/Object;
    ARETURN
   L28
    LOCALVARIABLE timestamp Ljava/sql/Timestamp; L4 L2 4
    LOCALVARIABLE timeInMillis J L5 L2 5
    LOCALVARIABLE date Ljava/util/Date; L9 L7 4
    LOCALVARIABLE calendar Ljava/util/Calendar; L12 L10 4
    LOCALVARIABLE longObj Ljava/lang/Long; L15 L13 4
    LOCALVARIABLE format Ljava/text/DateFormat; L25 L24 6
    LOCALVARIABLE calendar Ljava/util/Calendar; L21 L19 5
    LOCALVARIABLE this Lcom/examples/with/different/packagename/testcarver/DateTimeConverter; L0 L28 0
    LOCALVARIABLE targetType Ljava/lang/Class; L0 L28 1
    LOCALVARIABLE value Ljava/lang/Object; L0 L28 2
    LOCALVARIABLE sourceType Ljava/lang/Class; L1 L28 3
    LOCALVARIABLE stringValue Ljava/lang/String; L16 L28 4
    MAXSTACK = 5
    MAXLOCALS = 7

  // access flags 0x2
  private toDate(Ljava/lang/Class;J)Ljava/lang/Object;
   L0
    LINENUMBER 366 L0
    ALOAD 1
    LDC Ljava/util/Date;.class
    INVOKEVIRTUAL java/lang/Object.equals (Ljava/lang/Object;)Z
    IFEQ L1
   L2
    LINENUMBER 367 L2
    NEW org/evosuite/testcarver/wrapper/java/util/Date
    DUP
    LLOAD 2
    INVOKESPECIAL org/evosuite/testcarver/wrapper/java/util/Date.<init> (J)V
    ARETURN
   L1
    LINENUMBER 371 L1
    ALOAD 1
    LDC Ljava/sql/Date;.class
    INVOKEVIRTUAL java/lang/Object.equals (Ljava/lang/Object;)Z
    IFEQ L3
   L4
    LINENUMBER 372 L4
    NEW java/sql/Date
    DUP
    LLOAD 2
    INVOKESPECIAL java/sql/Date.<init> (J)V
    ARETURN
   L3
    LINENUMBER 376 L3
    ALOAD 1
    LDC Ljava/sql/Time;.class
    INVOKEVIRTUAL java/lang/Object.equals (Ljava/lang/Object;)Z
    IFEQ L5
   L6
    LINENUMBER 377 L6
    NEW java/sql/Time
    DUP
    LLOAD 2
    INVOKESPECIAL java/sql/Time.<init> (J)V
    ARETURN
   L5
    LINENUMBER 381 L5
    ALOAD 1
    LDC Ljava/sql/Timestamp;.class
    INVOKEVIRTUAL java/lang/Object.equals (Ljava/lang/Object;)Z
    IFEQ L7
   L8
    LINENUMBER 382 L8
    NEW java/sql/Timestamp
    DUP
    LLOAD 2
    INVOKESPECIAL java/sql/Timestamp.<init> (J)V
    ARETURN
   L7
    LINENUMBER 386 L7
    ALOAD 1
    LDC Ljava/util/Calendar;.class
    INVOKEVIRTUAL java/lang/Object.equals (Ljava/lang/Object;)Z
    IFEQ L9
   L10
    LINENUMBER 387 L10
    ACONST_NULL
    ASTORE 4
   L11
    LINENUMBER 388 L11
    ALOAD 0
    GETFIELD com/examples/with/different/packagename/testcarver/DateTimeConverter.locale : Ljava/util/Locale;
    IFNONNULL L12
    ALOAD 0
    GETFIELD com/examples/with/different/packagename/testcarver/DateTimeConverter.timeZone : Ljava/util/TimeZone;
    IFNONNULL L12
   L13
    LINENUMBER 389 L13
    INVOKESTATIC org/evosuite/testcarver/wrapper/java/util/Calendar.getInstance ()Ljava/util/Calendar;
    ASTORE 4
    GOTO L14
   L12
    LINENUMBER 390 L12
    ALOAD 0
    GETFIELD com/examples/with/different/packagename/testcarver/DateTimeConverter.locale : Ljava/util/Locale;
    IFNONNULL L15
   L16
    LINENUMBER 391 L16
    ALOAD 0
    GETFIELD com/examples/with/different/packagename/testcarver/DateTimeConverter.timeZone : Ljava/util/TimeZone;
    INVOKESTATIC org/evosuite/testcarver/wrapper/java/util/Calendar.getInstance (Ljava/util/TimeZone;)Ljava/util/Calendar;
    ASTORE 4
    GOTO L14
   L15
    LINENUMBER 392 L15
    ALOAD 0
    GETFIELD com/examples/with/different/packagename/testcarver/DateTimeConverter.timeZone : Ljava/util/TimeZone;
    IFNONNULL L17
   L18
    LINENUMBER 393 L18
    ALOAD 0
    GETFIELD com/examples/with/different/packagename/testcarver/DateTimeConverter.locale : Ljava/util/Locale;
    INVOKESTATIC org/evosuite/testcarver/wrapper/java/util/Calendar.getInstance (Ljava/util/Locale;)Ljava/util/Calendar;
    ASTORE 4
    GOTO L14
   L17
    LINENUMBER 395 L17
    ALOAD 0
    GETFIELD com/examples/with/different/packagename/testcarver/DateTimeConverter.timeZone : Ljava/util/TimeZone;
    ALOAD 0
    GETFIELD com/examples/with/different/packagename/testcarver/DateTimeConverter.locale : Ljava/util/Locale;
    INVOKESTATIC org/evosuite/testcarver/wrapper/java/util/Calendar.getInstance (Ljava/util/TimeZone;Ljava/util/Locale;)Ljava/util/Calendar;
    ASTORE 4
   L14
    LINENUMBER 397 L14
    ALOAD 4
    NEW org/evosuite/testcarver/wrapper/java/util/Date
    DUP
    LLOAD 2
    INVOKESPECIAL org/evosuite/testcarver/wrapper/java/util/Date.<init> (J)V
    INVOKESTATIC org/evosuite/testcarver/wrapper/java/util/Calendar.setTime (Ljava/util/Calendar;Ljava/util/Date;)V
   L19
    LINENUMBER 398 L19
    ALOAD 4
    ICONST_0
    INVOKEVIRTUAL java/util/Calendar.setLenient (Z)V
   L20
    LINENUMBER 399 L20
    ALOAD 4
    ARETURN
   L9
    LINENUMBER 402 L9
    NEW java/lang/StringBuilder
    DUP
    INVOKESPECIAL java/lang/StringBuilder.<init> ()V
    ALOAD 0
    ALOAD 0
    INVOKEVIRTUAL java/lang/Object.getClass ()Ljava/lang/Class;
    INVOKEVIRTUAL com/examples/with/different/packagename/testcarver/DateTimeConverter.toString (Ljava/lang/Class;)Ljava/lang/String;
    INVOKEVIRTUAL java/lang/StringBuilder.append (Ljava/lang/String;)Ljava/lang/StringBuilder;
    LDC " cannot handle conversion to '"
    INVOKEVIRTUAL java/lang/StringBuilder.append (Ljava/lang/String;)Ljava/lang/StringBuilder;
    ALOAD 0
    ALOAD 1
   L21
    LINENUMBER 403 L21
    INVOKEVIRTUAL com/examples/with/different/packagename/testcarver/DateTimeConverter.toString (Ljava/lang/Class;)Ljava/lang/String;
    INVOKEVIRTUAL java/lang/StringBuilder.append (Ljava/lang/String;)Ljava/lang/StringBuilder;
    LDC "'"
    INVOKEVIRTUAL java/lang/StringBuilder.append (Ljava/lang/String;)Ljava/lang/StringBuilder;
    INVOKEVIRTUAL java/lang/StringBuilder.toString ()Ljava/lang/String;
    ASTORE 4
   L22
    LINENUMBER 404 L22
    NEW com/examples/with/different/packagename/testcarver/ConversionException
    DUP
    ALOAD 4
    INVOKESPECIAL com/examples/with/different/packagename/testcarver/ConversionException.<init> (Ljava/lang/String;)V
    ATHROW
   L23
    LOCALVARIABLE calendar Ljava/util/Calendar; L11 L9 4
    LOCALVARIABLE this Lcom/examples/with/different/packagename/testcarver/DateTimeConverter; L0 L23 0
    LOCALVARIABLE type Ljava/lang/Class; L0 L23 1
    LOCALVARIABLE value J L0 L23 2
    LOCALVARIABLE msg Ljava/lang/String; L22 L23 4
    MAXSTACK = 5
    MAXLOCALS = 5

  // access flags 0x2
  private toDate(Ljava/lang/Class;Ljava/lang/String;)Ljava/lang/Object;
    TRYCATCHBLOCK L0 L1 L2 java/lang/IllegalArgumentException
    TRYCATCHBLOCK L3 L4 L5 java/lang/IllegalArgumentException
    TRYCATCHBLOCK L6 L7 L8 java/lang/IllegalArgumentException
   L9
    LINENUMBER 427 L9
    ALOAD 1
    LDC Ljava/sql/Date;.class
    INVOKEVIRTUAL java/lang/Object.equals (Ljava/lang/Object;)Z
    IFEQ L10
   L0
    LINENUMBER 429 L0
    ALOAD 2
    INVOKESTATIC java/sql/Date.valueOf (Ljava/lang/String;)Ljava/sql/Date;
   L1
    ARETURN
   L2
    LINENUMBER 430 L2
    ASTORE 3
   L11
    LINENUMBER 431 L11
    NEW com/examples/with/different/packagename/testcarver/ConversionException
    DUP
    LDC "String must be in JDBC format [yyyy-MM-dd] to create a java.sql.Date"
    INVOKESPECIAL com/examples/with/different/packagename/testcarver/ConversionException.<init> (Ljava/lang/String;)V
    ATHROW
   L10
    LINENUMBER 437 L10
    ALOAD 1
    LDC Ljava/sql/Time;.class
    INVOKEVIRTUAL java/lang/Object.equals (Ljava/lang/Object;)Z
    IFEQ L12
   L3
    LINENUMBER 439 L3
    ALOAD 2
    INVOKESTATIC java/sql/Time.valueOf (Ljava/lang/String;)Ljava/sql/Time;
   L4
    ARETURN
   L5
    LINENUMBER 440 L5
    ASTORE 3
   L13
    LINENUMBER 441 L13
    NEW com/examples/with/different/packagename/testcarver/ConversionException
    DUP
    LDC "String must be in JDBC format [HH:mm:ss] to create a java.sql.Time"
    INVOKESPECIAL com/examples/with/different/packagename/testcarver/ConversionException.<init> (Ljava/lang/String;)V
    ATHROW
   L12
    LINENUMBER 447 L12
    ALOAD 1
    LDC Ljava/sql/Timestamp;.class
    INVOKEVIRTUAL java/lang/Object.equals (Ljava/lang/Object;)Z
    IFEQ L14
   L6
    LINENUMBER 449 L6
    ALOAD 2
    INVOKESTATIC java/sql/Timestamp.valueOf (Ljava/lang/String;)Ljava/sql/Timestamp;
   L7
    ARETURN
   L8
    LINENUMBER 450 L8
    ASTORE 3
   L15
    LINENUMBER 451 L15
    NEW com/examples/with/different/packagename/testcarver/ConversionException
    DUP
    LDC "String must be in JDBC format [yyyy-MM-dd HH:mm:ss.fffffffff] to create a java.sql.Timestamp"
    INVOKESPECIAL com/examples/with/different/packagename/testcarver/ConversionException.<init> (Ljava/lang/String;)V
    ATHROW
   L14
    LINENUMBER 457 L14
    NEW java/lang/StringBuilder
    DUP
    INVOKESPECIAL java/lang/StringBuilder.<init> ()V
    ALOAD 0
    ALOAD 0
    INVOKEVIRTUAL java/lang/Object.getClass ()Ljava/lang/Class;
    INVOKEVIRTUAL com/examples/with/different/packagename/testcarver/DateTimeConverter.toString (Ljava/lang/Class;)Ljava/lang/String;
    INVOKEVIRTUAL java/lang/StringBuilder.append (Ljava/lang/String;)Ljava/lang/StringBuilder;
    LDC " does not support default String to '"
    INVOKEVIRTUAL java/lang/StringBuilder.append (Ljava/lang/String;)Ljava/lang/StringBuilder;
    ALOAD 0
    ALOAD 1
   L16
    LINENUMBER 458 L16
    INVOKEVIRTUAL com/examples/with/different/packagename/testcarver/DateTimeConverter.toString (Ljava/lang/Class;)Ljava/lang/String;
    INVOKEVIRTUAL java/lang/StringBuilder.append (Ljava/lang/String;)Ljava/lang/StringBuilder;
    LDC "' conversion."
    INVOKEVIRTUAL java/lang/StringBuilder.append (Ljava/lang/String;)Ljava/lang/StringBuilder;
    INVOKEVIRTUAL java/lang/StringBuilder.toString ()Ljava/lang/String;
    ASTORE 3
   L17
    LINENUMBER 459 L17
    NEW com/examples/with/different/packagename/testcarver/ConversionException
    DUP
    ALOAD 3
    INVOKESPECIAL com/examples/with/different/packagename/testcarver/ConversionException.<init> (Ljava/lang/String;)V
    ATHROW
   L18
    LOCALVARIABLE e Ljava/lang/IllegalArgumentException; L11 L10 3
    LOCALVARIABLE e Ljava/lang/IllegalArgumentException; L13 L12 3
    LOCALVARIABLE e Ljava/lang/IllegalArgumentException; L15 L14 3
    LOCALVARIABLE this Lcom/examples/with/different/packagename/testcarver/DateTimeConverter; L9 L18 0
    LOCALVARIABLE type Ljava/lang/Class; L9 L18 1
    LOCALVARIABLE value Ljava/lang/String; L9 L18 2
    LOCALVARIABLE msg Ljava/lang/String; L17 L18 3
    MAXSTACK = 3
    MAXLOCALS = 4

  // access flags 0x4
  protected getFormat(Ljava/util/Locale;Ljava/util/TimeZone;)Ljava/text/DateFormat;
   L0
    LINENUMBER 470 L0
    ACONST_NULL
    ASTORE 3
   L1
    LINENUMBER 471 L1
    ALOAD 1
    IFNONNULL L2
   L3
    LINENUMBER 472 L3
    ICONST_3
    INVOKESTATIC org/evosuite/testcarver/wrapper/java/text/DateFormat.getDateInstance_final (I)Ljava/text/DateFormat;
    ASTORE 3
    GOTO L4
   L2
    LINENUMBER 474 L2
    ICONST_3
    ALOAD 1
    INVOKESTATIC org/evosuite/testcarver/wrapper/java/text/DateFormat.getDateInstance_final (ILjava/util/Locale;)Ljava/text/DateFormat;
    ASTORE 3
   L4
    LINENUMBER 476 L4
    ALOAD 2
    IFNULL L5
   L6
    LINENUMBER 477 L6
    ALOAD 3
    ALOAD 2
    INVOKEVIRTUAL java/text/DateFormat.setTimeZone (Ljava/util/TimeZone;)V
   L5
    LINENUMBER 479 L5
    ALOAD 3
    ARETURN
   L7
    LOCALVARIABLE this Lcom/examples/with/different/packagename/testcarver/DateTimeConverter; L0 L7 0
    LOCALVARIABLE locale Ljava/util/Locale; L0 L7 1
    LOCALVARIABLE timeZone Ljava/util/TimeZone; L0 L7 2
    LOCALVARIABLE format Ljava/text/DateFormat; L1 L7 3
    MAXSTACK = 2
    MAXLOCALS = 4

  // access flags 0x2
  private getFormat(Ljava/lang/String;)Ljava/text/DateFormat;
   L0
    LINENUMBER 489 L0
    NEW org/evosuite/testcarver/wrapper/java/text/SimpleDateFormat
    DUP
    ALOAD 1
    INVOKESPECIAL org/evosuite/testcarver/wrapper/java/text/SimpleDateFormat.<init> (Ljava/lang/String;)V
    ASTORE 2
   L1
    LINENUMBER 490 L1
    ALOAD 0
    GETFIELD com/examples/with/different/packagename/testcarver/DateTimeConverter.timeZone : Ljava/util/TimeZone;
    IFNULL L2
   L3
    LINENUMBER 491 L3
    ALOAD 2
    ALOAD 0
    GETFIELD com/examples/with/different/packagename/testcarver/DateTimeConverter.timeZone : Ljava/util/TimeZone;
    INVOKEVIRTUAL java/text/DateFormat.setTimeZone (Ljava/util/TimeZone;)V
   L2
    LINENUMBER 493 L2
    ALOAD 2
    ARETURN
   L4
    LOCALVARIABLE this Lcom/examples/with/different/packagename/testcarver/DateTimeConverter; L0 L4 0
    LOCALVARIABLE pattern Ljava/lang/String; L0 L4 1
    LOCALVARIABLE format Ljava/text/DateFormat; L1 L4 2
    MAXSTACK = 3
    MAXLOCALS = 3

  // access flags 0x2
  private parse(Ljava/lang/Class;Ljava/lang/Class;Ljava/lang/String;)Ljava/util/Calendar; throws java/lang/Exception
    TRYCATCHBLOCK L0 L1 L2 java/lang/Exception
   L3
    LINENUMBER 506 L3
    ACONST_NULL
    ASTORE 4
   L4
    LINENUMBER 507 L4
    ICONST_0
    ISTORE 5
   L5
    ILOAD 5
    ALOAD 0
    GETFIELD com/examples/with/different/packagename/testcarver/DateTimeConverter.patterns : [Ljava/lang/String;
    ARRAYLENGTH
    IF_ICMPGE L6
   L0
    LINENUMBER 509 L0
    ALOAD 0
    ALOAD 0
    GETFIELD com/examples/with/different/packagename/testcarver/DateTimeConverter.patterns : [Ljava/lang/String;
    ILOAD 5
    AALOAD
    INVOKESPECIAL com/examples/with/different/packagename/testcarver/DateTimeConverter.getFormat (Ljava/lang/String;)Ljava/text/DateFormat;
    ASTORE 6
   L7
    LINENUMBER 510 L7
    ALOAD 0
    ALOAD 1
    ALOAD 2
    ALOAD 3
    ALOAD 6
    INVOKESPECIAL com/examples/with/different/packagename/testcarver/DateTimeConverter.parse (Ljava/lang/Class;Ljava/lang/Class;Ljava/lang/String;Ljava/text/DateFormat;)Ljava/util/Calendar;
    ASTORE 7
   L8
    LINENUMBER 511 L8
    ALOAD 7
   L1
    ARETURN
   L2
    LINENUMBER 512 L2
    ASTORE 6
   L9
    LINENUMBER 513 L9
    ALOAD 4
    IFNONNULL L10
   L11
    LINENUMBER 514 L11
    ALOAD 6
    ASTORE 4
   L10
    LINENUMBER 507 L10
    IINC 5 1
    GOTO L5
   L6
    LINENUMBER 518 L6
    ALOAD 0
    GETFIELD com/examples/with/different/packagename/testcarver/DateTimeConverter.patterns : [Ljava/lang/String;
    ARRAYLENGTH
    ICONST_1
    IF_ICMPLE L12
   L13
    LINENUMBER 519 L13
    NEW com/examples/with/different/packagename/testcarver/ConversionException
    DUP
    NEW java/lang/StringBuilder
    DUP
    INVOKESPECIAL java/lang/StringBuilder.<init> ()V
    LDC "Error converting '"
    INVOKEVIRTUAL java/lang/StringBuilder.append (Ljava/lang/String;)Ljava/lang/StringBuilder;
    ALOAD 0
    ALOAD 1
    INVOKEVIRTUAL com/examples/with/different/packagename/testcarver/DateTimeConverter.toString (Ljava/lang/Class;)Ljava/lang/String;
    INVOKEVIRTUAL java/lang/StringBuilder.append (Ljava/lang/String;)Ljava/lang/StringBuilder;
    LDC "' to '"
    INVOKEVIRTUAL java/lang/StringBuilder.append (Ljava/lang/String;)Ljava/lang/StringBuilder;
    ALOAD 0
    ALOAD 2
    INVOKEVIRTUAL com/examples/with/different/packagename/testcarver/DateTimeConverter.toString (Ljava/lang/Class;)Ljava/lang/String;
    INVOKEVIRTUAL java/lang/StringBuilder.append (Ljava/lang/String;)Ljava/lang/StringBuilder;
    LDC "' using  patterns '"
    INVOKEVIRTUAL java/lang/StringBuilder.append (Ljava/lang/String;)Ljava/lang/StringBuilder;
    ALOAD 0
    GETFIELD com/examples/with/different/packagename/testcarver/DateTimeConverter.displayPatterns : Ljava/lang/String;
    INVOKEVIRTUAL java/lang/StringBuilder.append (Ljava/lang/String;)Ljava/lang/StringBuilder;
    LDC "'"
    INVOKEVIRTUAL java/lang/StringBuilder.append (Ljava/lang/String;)Ljava/lang/StringBuilder;
    INVOKEVIRTUAL java/lang/StringBuilder.toString ()Ljava/lang/String;
    INVOKESPECIAL com/examples/with/different/packagename/testcarver/ConversionException.<init> (Ljava/lang/String;)V
    ATHROW
   L12
    LINENUMBER 522 L12
    ALOAD 4
    ATHROW
   L14
    LOCALVARIABLE format Ljava/text/DateFormat; L7 L2 6
    LOCALVARIABLE calendar Ljava/util/Calendar; L8 L2 7
    LOCALVARIABLE ex Ljava/lang/Exception; L9 L10 6
    LOCALVARIABLE i I L5 L6 5
    LOCALVARIABLE this Lcom/examples/with/different/packagename/testcarver/DateTimeConverter; L3 L14 0
    LOCALVARIABLE sourceType Ljava/lang/Class; L3 L14 1
    LOCALVARIABLE targetType Ljava/lang/Class; L3 L14 2
    LOCALVARIABLE value Ljava/lang/String; L3 L14 3
    LOCALVARIABLE firstEx Ljava/lang/Exception; L4 L14 4
    MAXSTACK = 5
    MAXLOCALS = 8

  // access flags 0x2
  private parse(Ljava/lang/Class;Ljava/lang/Class;Ljava/lang/String;Ljava/text/DateFormat;)Ljava/util/Calendar;
   L0
    LINENUMBER 538 L0
    ALOAD 0
    LDC "Parsing"
    ALOAD 4
    INVOKESPECIAL com/examples/with/different/packagename/testcarver/DateTimeConverter.logFormat (Ljava/lang/String;Ljava/text/DateFormat;)V
   L1
    LINENUMBER 539 L1
    ALOAD 4
    ICONST_0
    INVOKEVIRTUAL java/text/DateFormat.setLenient (Z)V
   L2
    LINENUMBER 540 L2
    NEW java/text/ParsePosition
    DUP
    ICONST_0
    INVOKESPECIAL java/text/ParsePosition.<init> (I)V
    ASTORE 5
   L3
    LINENUMBER 541 L3
    ALOAD 4
    ALOAD 3
    ALOAD 5
    INVOKEVIRTUAL java/text/DateFormat.parse (Ljava/lang/String;Ljava/text/ParsePosition;)Ljava/util/Date;
    ASTORE 6
   L4
    LINENUMBER 542 L4
    ALOAD 5
    INVOKEVIRTUAL java/text/ParsePosition.getErrorIndex ()I
    IFGE L5
    ALOAD 5
    INVOKEVIRTUAL java/text/ParsePosition.getIndex ()I
    ALOAD 3
    INVOKEVIRTUAL java/lang/String.length ()I
    IF_ICMPNE L5
    ALOAD 6
    IFNONNULL L6
   L5
    LINENUMBER 543 L5
    NEW java/lang/StringBuilder
    DUP
    INVOKESPECIAL java/lang/StringBuilder.<init> ()V
    LDC "Error converting '"
    INVOKEVIRTUAL java/lang/StringBuilder.append (Ljava/lang/String;)Ljava/lang/StringBuilder;
    ALOAD 0
    ALOAD 1
    INVOKEVIRTUAL com/examples/with/different/packagename/testcarver/DateTimeConverter.toString (Ljava/lang/Class;)Ljava/lang/String;
    INVOKEVIRTUAL java/lang/StringBuilder.append (Ljava/lang/String;)Ljava/lang/StringBuilder;
    LDC "' to '"
    INVOKEVIRTUAL java/lang/StringBuilder.append (Ljava/lang/String;)Ljava/lang/StringBuilder;
    ALOAD 0
    ALOAD 2
    INVOKEVIRTUAL com/examples/with/different/packagename/testcarver/DateTimeConverter.toString (Ljava/lang/Class;)Ljava/lang/String;
    INVOKEVIRTUAL java/lang/StringBuilder.append (Ljava/lang/String;)Ljava/lang/StringBuilder;
    LDC "'"
    INVOKEVIRTUAL java/lang/StringBuilder.append (Ljava/lang/String;)Ljava/lang/StringBuilder;
    INVOKEVIRTUAL java/lang/StringBuilder.toString ()Ljava/lang/String;
    ASTORE 7
   L7
    LINENUMBER 544 L7
    ALOAD 4
    INSTANCEOF java/text/SimpleDateFormat
    IFEQ L8
   L9
    LINENUMBER 545 L9
    NEW java/lang/StringBuilder
    DUP
    INVOKESPECIAL java/lang/StringBuilder.<init> ()V
    ALOAD 7
    INVOKEVIRTUAL java/lang/StringBuilder.append (Ljava/lang/String;)Ljava/lang/StringBuilder;
    LDC " using pattern '"
    INVOKEVIRTUAL java/lang/StringBuilder.append (Ljava/lang/String;)Ljava/lang/StringBuilder;
    ALOAD 4
    CHECKCAST org/evosuite/testcarver/wrapper/java/text/SimpleDateFormat
    INVOKEVIRTUAL java/text/SimpleDateFormat.toPattern ()Ljava/lang/String;
    INVOKEVIRTUAL java/lang/StringBuilder.append (Ljava/lang/String;)Ljava/lang/StringBuilder;
    LDC "'"
    INVOKEVIRTUAL java/lang/StringBuilder.append (Ljava/lang/String;)Ljava/lang/StringBuilder;
    INVOKEVIRTUAL java/lang/StringBuilder.toString ()Ljava/lang/String;
    ASTORE 7
   L8
    LINENUMBER 547 L8
    NEW com/examples/with/different/packagename/testcarver/ConversionException
    DUP
    ALOAD 7
    INVOKESPECIAL com/examples/with/different/packagename/testcarver/ConversionException.<init> (Ljava/lang/String;)V
    ATHROW
   L6
    LINENUMBER 549 L6
    ALOAD 4
    INVOKEVIRTUAL java/text/DateFormat.getCalendar ()Ljava/util/Calendar;
    ASTORE 7
   L10
    LINENUMBER 550 L10
    ALOAD 7
    ARETURN
   L11
    LOCALVARIABLE msg Ljava/lang/String; L7 L6 7
    LOCALVARIABLE this Lcom/examples/with/different/packagename/testcarver/DateTimeConverter; L0 L11 0
    LOCALVARIABLE sourceType Ljava/lang/Class; L0 L11 1
    LOCALVARIABLE targetType Ljava/lang/Class; L0 L11 2
    LOCALVARIABLE value Ljava/lang/String; L0 L11 3
    LOCALVARIABLE format Ljava/text/DateFormat; L0 L11 4
    LOCALVARIABLE pos Ljava/text/ParsePosition; L3 L11 5
    LOCALVARIABLE parsedDate Ljava/util/Date; L4 L11 6
    LOCALVARIABLE calendar Ljava/util/Calendar; L10 L11 7
    MAXSTACK = 3
    MAXLOCALS = 8

  // access flags 0x2
  private _sw_prototype_original_toString()Ljava/lang/String;
   L0
    LINENUMBER 559 L0
    NEW java/lang/StringBuffer
    DUP
    INVOKESPECIAL java/lang/StringBuffer.<init> ()V
    ASTORE 1
   L1
    LINENUMBER 560 L1
    ALOAD 1
    ALOAD 0
    ALOAD 0
    INVOKEVIRTUAL java/lang/Object.getClass ()Ljava/lang/Class;
    INVOKEVIRTUAL com/examples/with/different/packagename/testcarver/DateTimeConverter.toString (Ljava/lang/Class;)Ljava/lang/String;
    INVOKEVIRTUAL java/lang/StringBuffer.append (Ljava/lang/String;)Ljava/lang/StringBuffer;
    POP
   L2
    LINENUMBER 561 L2
    ALOAD 1
    LDC "[UseDefault="
    INVOKEVIRTUAL java/lang/StringBuffer.append (Ljava/lang/String;)Ljava/lang/StringBuffer;
    POP
   L3
    LINENUMBER 562 L3
    ALOAD 1
    ALOAD 0
    INVOKEVIRTUAL com/examples/with/different/packagename/testcarver/DateTimeConverter.isUseDefault ()Z
    INVOKEVIRTUAL java/lang/StringBuffer.append (Z)Ljava/lang/StringBuffer;
    POP
   L4
    LINENUMBER 563 L4
    ALOAD 1
    LDC ", UseLocaleFormat="
    INVOKEVIRTUAL java/lang/StringBuffer.append (Ljava/lang/String;)Ljava/lang/StringBuffer;
    POP
   L5
    LINENUMBER 564 L5
    ALOAD 1
    ALOAD 0
    DUP
    GETFIELD com/examples/with/different/packagename/testcarver/DateTimeConverter.useLocaleFormat : Z
    SWAP
    LDC -2147483621
    LDC "com/examples/with/different/packagename/testcarver/DateTimeConverter"
    LDC "useLocaleFormat"
    LDC "Z"
    INVOKESTATIC org/evosuite/testcarver/capture/FieldRegistry.notifyReadAccess (Ljava/lang/Object;ILjava/lang/String;Ljava/lang/String;Ljava/lang/String;)V
    INVOKEVIRTUAL java/lang/StringBuffer.append (Z)Ljava/lang/StringBuffer;
    POP
   L6
    LINENUMBER 565 L6
    ALOAD 0
    DUP
    GETFIELD com/examples/with/different/packagename/testcarver/DateTimeConverter.displayPatterns : Ljava/lang/String;
    SWAP
    LDC -2147483620
    LDC "com/examples/with/different/packagename/testcarver/DateTimeConverter"
    LDC "displayPatterns"
    LDC "Ljava/lang/String;"
    INVOKESTATIC org/evosuite/testcarver/capture/FieldRegistry.notifyReadAccess (Ljava/lang/Object;ILjava/lang/String;Ljava/lang/String;Ljava/lang/String;)V
    IFNULL L7
   L8
    LINENUMBER 566 L8
    ALOAD 1
    LDC ", Patterns={"
    INVOKEVIRTUAL java/lang/StringBuffer.append (Ljava/lang/String;)Ljava/lang/StringBuffer;
    POP
   L9
    LINENUMBER 567 L9
    ALOAD 1
    ALOAD 0
    DUP
    GETFIELD com/examples/with/different/packagename/testcarver/DateTimeConverter.displayPatterns : Ljava/lang/String;
    SWAP
    LDC -2147483619
    LDC "com/examples/with/different/packagename/testcarver/DateTimeConverter"
    LDC "displayPatterns"
    LDC "Ljava/lang/String;"
    INVOKESTATIC org/evosuite/testcarver/capture/FieldRegistry.notifyReadAccess (Ljava/lang/Object;ILjava/lang/String;Ljava/lang/String;Ljava/lang/String;)V
    INVOKEVIRTUAL java/lang/StringBuffer.append (Ljava/lang/String;)Ljava/lang/StringBuffer;
    POP
   L10
    LINENUMBER 568 L10
    ALOAD 1
    BIPUSH 125
    INVOKEVIRTUAL java/lang/StringBuffer.append (C)Ljava/lang/StringBuffer;
    POP
   L7
    LINENUMBER 570 L7
    ALOAD 0
    DUP
    GETFIELD com/examples/with/different/packagename/testcarver/DateTimeConverter.locale : Ljava/util/Locale;
    SWAP
    LDC -2147483618
    LDC "com/examples/with/different/packagename/testcarver/DateTimeConverter"
    LDC "locale"
    LDC "Ljava/util/Locale;"
    INVOKESTATIC org/evosuite/testcarver/capture/FieldRegistry.notifyReadAccess (Ljava/lang/Object;ILjava/lang/String;Ljava/lang/String;Ljava/lang/String;)V
    IFNULL L11
   L12
    LINENUMBER 571 L12
    ALOAD 1
    LDC ", Locale="
    INVOKEVIRTUAL java/lang/StringBuffer.append (Ljava/lang/String;)Ljava/lang/StringBuffer;
    POP
   L13
    LINENUMBER 572 L13
    ALOAD 1
    ALOAD 0
    DUP
    GETFIELD com/examples/with/different/packagename/testcarver/DateTimeConverter.locale : Ljava/util/Locale;
    SWAP
    LDC -2147483617
    LDC "com/examples/with/different/packagename/testcarver/DateTimeConverter"
    LDC "locale"
    LDC "Ljava/util/Locale;"
    INVOKESTATIC org/evosuite/testcarver/capture/FieldRegistry.notifyReadAccess (Ljava/lang/Object;ILjava/lang/String;Ljava/lang/String;Ljava/lang/String;)V
    INVOKEVIRTUAL java/lang/StringBuffer.append (Ljava/lang/Object;)Ljava/lang/StringBuffer;
    POP
   L11
    LINENUMBER 574 L11
    ALOAD 0
    DUP
    GETFIELD com/examples/with/different/packagename/testcarver/DateTimeConverter.timeZone : Ljava/util/TimeZone;
    SWAP
    LDC -2147483616
    LDC "com/examples/with/different/packagename/testcarver/DateTimeConverter"
    LDC "timeZone"
    LDC "Ljava/util/TimeZone;"
    INVOKESTATIC org/evosuite/testcarver/capture/FieldRegistry.notifyReadAccess (Ljava/lang/Object;ILjava/lang/String;Ljava/lang/String;Ljava/lang/String;)V
    IFNULL L14
   L15
    LINENUMBER 575 L15
    ALOAD 1
    LDC ", TimeZone="
    INVOKEVIRTUAL java/lang/StringBuffer.append (Ljava/lang/String;)Ljava/lang/StringBuffer;
    POP
   L16
    LINENUMBER 576 L16
    ALOAD 1
    ALOAD 0
    DUP
    GETFIELD com/examples/with/different/packagename/testcarver/DateTimeConverter.timeZone : Ljava/util/TimeZone;
    SWAP
    LDC -2147483615
    LDC "com/examples/with/different/packagename/testcarver/DateTimeConverter"
    LDC "timeZone"
    LDC "Ljava/util/TimeZone;"
    INVOKESTATIC org/evosuite/testcarver/capture/FieldRegistry.notifyReadAccess (Ljava/lang/Object;ILjava/lang/String;Ljava/lang/String;Ljava/lang/String;)V
    INVOKEVIRTUAL java/lang/StringBuffer.append (Ljava/lang/Object;)Ljava/lang/StringBuffer;
    POP
   L14
    LINENUMBER 578 L14
    ALOAD 1
    BIPUSH 93
    INVOKEVIRTUAL java/lang/StringBuffer.append (C)Ljava/lang/StringBuffer;
    POP
   L17
    LINENUMBER 579 L17
    ALOAD 1
    INVOKEVIRTUAL java/lang/StringBuffer.toString ()Ljava/lang/String;
    ARETURN
   L18
    LOCALVARIABLE this Lcom/examples/with/different/packagename/testcarver/DateTimeConverter; L0 L18 0
    LOCALVARIABLE buffer Ljava/lang/StringBuffer; L1 L18 1
    MAXSTACK = 7
    MAXLOCALS = 2

  // access flags 0x2
  private logFormat(Ljava/lang/String;Ljava/text/DateFormat;)V
   L0
    LINENUMBER 590 L0
    RETURN
   L1
    LOCALVARIABLE this Lcom/examples/with/different/packagename/testcarver/DateTimeConverter; L0 L1 0
    LOCALVARIABLE action Ljava/lang/String; L0 L1 1
    LOCALVARIABLE format Ljava/text/DateFormat; L0 L1 2
    MAXSTACK = 0
    MAXLOCALS = 3

  // access flags 0x1
  public setUseLocaleFormat(Z)V
    TRYCATCHBLOCK L0 L1 L1 java/lang/Throwable
   L0
    LDC -2147483640
    ALOAD 0
    LDC "setUseLocaleFormat"
    LDC "(Z)V"
    BIPUSH 1
    ANEWARRAY java/lang/Object
    DUP
    BIPUSH 0
    ILOAD 1
    INVOKESTATIC java/lang/Boolean.valueOf (Z)Ljava/lang/Boolean;
    AASTORE
    INVOKESTATIC org/evosuite/testcarver/capture/Capturer.capture (ILjava/lang/Object;Ljava/lang/String;Ljava/lang/String;[Ljava/lang/Object;)V
    ALOAD 0
    ILOAD 1
    INVOKEVIRTUAL com/examples/with/different/packagename/testcarver/DateTimeConverter._sw_prototype_original_setUseLocaleFormat (Z)V
    GOTO L2
   L1
   FRAME SAME1 java/lang/Throwable
    ASTORE 2
    LDC -2147483640
    ALOAD 0
    GETSTATIC org/evosuite/testcarver/capture/CaptureLog.RETURN_TYPE_VOID : Ljava/lang/Object;
    INVOKESTATIC org/evosuite/testcarver/capture/Capturer.enable (ILjava/lang/Object;Ljava/lang/Object;)V
    ALOAD 2
    ATHROW
   L2
   FRAME SAME
    LDC -2147483640
    ALOAD 0
    GETSTATIC org/evosuite/testcarver/capture/CaptureLog.RETURN_TYPE_VOID : Ljava/lang/Object;
    INVOKESTATIC org/evosuite/testcarver/capture/Capturer.enable (ILjava/lang/Object;Ljava/lang/Object;)V
    RETURN
    MAXSTACK = 6
    MAXLOCALS = 0

  // access flags 0x1
  public getTimeZone()Ljava/util/TimeZone;
    TRYCATCHBLOCK L0 L1 L2 java/lang/Throwable
    ACONST_NULL
    ASTORE 1
   L0
    LDC -2147483638
    ALOAD 0
    LDC "getTimeZone"
    LDC "()Ljava/util/TimeZone;"
    BIPUSH 0
    ANEWARRAY java/lang/Object
    INVOKESTATIC org/evosuite/testcarver/capture/Capturer.capture (ILjava/lang/Object;Ljava/lang/String;Ljava/lang/String;[Ljava/lang/Object;)V
    ALOAD 0
    INVOKEVIRTUAL com/examples/with/different/packagename/testcarver/DateTimeConverter._sw_prototype_original_getTimeZone ()Ljava/util/TimeZone;
    ASTORE 1
    ALOAD 1
    ASTORE 3
   L1
    LDC -2147483638
    ALOAD 0
    ALOAD 1
    INVOKESTATIC org/evosuite/testcarver/capture/Capturer.enable (ILjava/lang/Object;Ljava/lang/Object;)V
    ALOAD 3
    ARETURN
   L2
   FRAME FULL [com/examples/with/different/packagename/testcarver/DateTimeConverter java/util/TimeZone] [java/lang/Throwable]
    ASTORE 2
    LDC -2147483638
    ALOAD 0
    ALOAD 1
    INVOKESTATIC org/evosuite/testcarver/capture/Capturer.enable (ILjava/lang/Object;Ljava/lang/Object;)V
    ALOAD 2
    ATHROW
    MAXSTACK = 5
    MAXLOCALS = 0

  // access flags 0x1
  public setTimeZone(Ljava/util/TimeZone;)V
    TRYCATCHBLOCK L0 L1 L1 java/lang/Throwable
   L0
    LDC -2147483635
    ALOAD 0
    LDC "setTimeZone"
    LDC "(Ljava/util/TimeZone;)V"
    BIPUSH 1
    ANEWARRAY java/lang/Object
    DUP
    BIPUSH 0
    ALOAD 1
    AASTORE
    INVOKESTATIC org/evosuite/testcarver/capture/Capturer.capture (ILjava/lang/Object;Ljava/lang/String;Ljava/lang/String;[Ljava/lang/Object;)V
    ALOAD 0
    ALOAD 1
    INVOKEVIRTUAL com/examples/with/different/packagename/testcarver/DateTimeConverter._sw_prototype_original_setTimeZone (Ljava/util/TimeZone;)V
    GOTO L2
   L1
   FRAME SAME1 java/lang/Throwable
    ASTORE 2
    LDC -2147483635
    ALOAD 0
    GETSTATIC org/evosuite/testcarver/capture/CaptureLog.RETURN_TYPE_VOID : Ljava/lang/Object;
    INVOKESTATIC org/evosuite/testcarver/capture/Capturer.enable (ILjava/lang/Object;Ljava/lang/Object;)V
    ALOAD 2
    ATHROW
   L2
   FRAME SAME
    LDC -2147483635
    ALOAD 0
    GETSTATIC org/evosuite/testcarver/capture/CaptureLog.RETURN_TYPE_VOID : Ljava/lang/Object;
    INVOKESTATIC org/evosuite/testcarver/capture/Capturer.enable (ILjava/lang/Object;Ljava/lang/Object;)V
    RETURN
    MAXSTACK = 6
    MAXLOCALS = 0

  // access flags 0x1
  public getLocale()Ljava/util/Locale;
    TRYCATCHBLOCK L0 L1 L2 java/lang/Throwable
    ACONST_NULL
    ASTORE 1
   L0
    LDC -2147483633
    ALOAD 0
    LDC "getLocale"
    LDC "()Ljava/util/Locale;"
    BIPUSH 0
    ANEWARRAY java/lang/Object
    INVOKESTATIC org/evosuite/testcarver/capture/Capturer.capture (ILjava/lang/Object;Ljava/lang/String;Ljava/lang/String;[Ljava/lang/Object;)V
    ALOAD 0
    INVOKEVIRTUAL com/examples/with/different/packagename/testcarver/DateTimeConverter._sw_prototype_original_getLocale ()Ljava/util/Locale;
    ASTORE 1
    ALOAD 1
    ASTORE 3
   L1
    LDC -2147483633
    ALOAD 0
    ALOAD 1
    INVOKESTATIC org/evosuite/testcarver/capture/Capturer.enable (ILjava/lang/Object;Ljava/lang/Object;)V
    ALOAD 3
    ARETURN
   L2
   FRAME FULL [com/examples/with/different/packagename/testcarver/DateTimeConverter java/util/Locale] [java/lang/Throwable]
    ASTORE 2
    LDC -2147483633
    ALOAD 0
    ALOAD 1
    INVOKESTATIC org/evosuite/testcarver/capture/Capturer.enable (ILjava/lang/Object;Ljava/lang/Object;)V
    ALOAD 2
    ATHROW
    MAXSTACK = 5
    MAXLOCALS = 0

  // access flags 0x1
  public setLocale(Ljava/util/Locale;)V
    TRYCATCHBLOCK L0 L1 L1 java/lang/Throwable
   L0
    LDC -2147483630
    ALOAD 0
    LDC "setLocale"
    LDC "(Ljava/util/Locale;)V"
    BIPUSH 1
    ANEWARRAY java/lang/Object
    DUP
    BIPUSH 0
    ALOAD 1
    AASTORE
    INVOKESTATIC org/evosuite/testcarver/capture/Capturer.capture (ILjava/lang/Object;Ljava/lang/String;Ljava/lang/String;[Ljava/lang/Object;)V
    ALOAD 0
    ALOAD 1
    INVOKEVIRTUAL com/examples/with/different/packagename/testcarver/DateTimeConverter._sw_prototype_original_setLocale (Ljava/util/Locale;)V
    GOTO L2
   L1
   FRAME SAME1 java/lang/Throwable
    ASTORE 2
    LDC -2147483630
    ALOAD 0
    GETSTATIC org/evosuite/testcarver/capture/CaptureLog.RETURN_TYPE_VOID : Ljava/lang/Object;
    INVOKESTATIC org/evosuite/testcarver/capture/Capturer.enable (ILjava/lang/Object;Ljava/lang/Object;)V
    ALOAD 2
    ATHROW
   L2
   FRAME SAME
    LDC -2147483630
    ALOAD 0
    GETSTATIC org/evosuite/testcarver/capture/CaptureLog.RETURN_TYPE_VOID : Ljava/lang/Object;
    INVOKESTATIC org/evosuite/testcarver/capture/Capturer.enable (ILjava/lang/Object;Ljava/lang/Object;)V
    RETURN
    MAXSTACK = 6
    MAXLOCALS = 0

  // access flags 0x1
  public setPattern(Ljava/lang/String;)V
    TRYCATCHBLOCK L0 L1 L1 java/lang/Throwable
   L0
    LDC -2147483629
    ALOAD 0
    LDC "setPattern"
    LDC "(Ljava/lang/String;)V"
    BIPUSH 1
    ANEWARRAY java/lang/Object
    DUP
    BIPUSH 0
    ALOAD 1
    AASTORE
    INVOKESTATIC org/evosuite/testcarver/capture/Capturer.capture (ILjava/lang/Object;Ljava/lang/String;Ljava/lang/String;[Ljava/lang/Object;)V
    ALOAD 0
    ALOAD 1
    INVOKEVIRTUAL com/examples/with/different/packagename/testcarver/DateTimeConverter._sw_prototype_original_setPattern (Ljava/lang/String;)V
    GOTO L2
   L1
   FRAME SAME1 java/lang/Throwable
    ASTORE 2
    LDC -2147483629
    ALOAD 0
    GETSTATIC org/evosuite/testcarver/capture/CaptureLog.RETURN_TYPE_VOID : Ljava/lang/Object;
    INVOKESTATIC org/evosuite/testcarver/capture/Capturer.enable (ILjava/lang/Object;Ljava/lang/Object;)V
    ALOAD 2
    ATHROW
   L2
   FRAME SAME
    LDC -2147483629
    ALOAD 0
    GETSTATIC org/evosuite/testcarver/capture/CaptureLog.RETURN_TYPE_VOID : Ljava/lang/Object;
    INVOKESTATIC org/evosuite/testcarver/capture/Capturer.enable (ILjava/lang/Object;Ljava/lang/Object;)V
    RETURN
    MAXSTACK = 9
    MAXLOCALS = 0

  // access flags 0x1
  public getPatterns()[Ljava/lang/String;
    TRYCATCHBLOCK L0 L1 L2 java/lang/Throwable
    ACONST_NULL
    ASTORE 1
   L0
    LDC -2147483627
    ALOAD 0
    LDC "getPatterns"
    LDC "()[Ljava/lang/String;"
    BIPUSH 0
    ANEWARRAY java/lang/Object
    INVOKESTATIC org/evosuite/testcarver/capture/Capturer.capture (ILjava/lang/Object;Ljava/lang/String;Ljava/lang/String;[Ljava/lang/Object;)V
    ALOAD 0
    INVOKEVIRTUAL com/examples/with/different/packagename/testcarver/DateTimeConverter._sw_prototype_original_getPatterns ()[Ljava/lang/String;
    ASTORE 1
    ALOAD 1
    ASTORE 3
   L1
    LDC -2147483627
    ALOAD 0
    ALOAD 1
    INVOKESTATIC org/evosuite/testcarver/capture/Capturer.enable (ILjava/lang/Object;Ljava/lang/Object;)V
    ALOAD 3
    ARETURN
   L2
   FRAME FULL [com/examples/with/different/packagename/testcarver/DateTimeConverter [Ljava/lang/String;] [java/lang/Throwable]
    ASTORE 2
    LDC -2147483627
    ALOAD 0
    ALOAD 1
    INVOKESTATIC org/evosuite/testcarver/capture/Capturer.enable (ILjava/lang/Object;Ljava/lang/Object;)V
    ALOAD 2
    ATHROW
    MAXSTACK = 5
    MAXLOCALS = 0

  // access flags 0x1
  public setPatterns([Ljava/lang/String;)V
    TRYCATCHBLOCK L0 L1 L1 java/lang/Throwable
   L0
    LDC -2147483622
    ALOAD 0
    LDC "setPatterns"
    LDC "([Ljava/lang/String;)V"
    BIPUSH 1
    ANEWARRAY java/lang/Object
    DUP
    BIPUSH 0
    ALOAD 1
    AASTORE
    INVOKESTATIC org/evosuite/testcarver/capture/Capturer.capture (ILjava/lang/Object;Ljava/lang/String;Ljava/lang/String;[Ljava/lang/Object;)V
    ALOAD 0
    ALOAD 1
    INVOKEVIRTUAL com/examples/with/different/packagename/testcarver/DateTimeConverter._sw_prototype_original_setPatterns ([Ljava/lang/String;)V
    GOTO L2
   L1
   FRAME SAME1 java/lang/Throwable
    ASTORE 2
    LDC -2147483622
    ALOAD 0
    GETSTATIC org/evosuite/testcarver/capture/CaptureLog.RETURN_TYPE_VOID : Ljava/lang/Object;
    INVOKESTATIC org/evosuite/testcarver/capture/Capturer.enable (ILjava/lang/Object;Ljava/lang/Object;)V
    ALOAD 2
    ATHROW
   L2
   FRAME SAME
    LDC -2147483622
    ALOAD 0
    GETSTATIC org/evosuite/testcarver/capture/CaptureLog.RETURN_TYPE_VOID : Ljava/lang/Object;
    INVOKESTATIC org/evosuite/testcarver/capture/Capturer.enable (ILjava/lang/Object;Ljava/lang/Object;)V
    RETURN
    MAXSTACK = 7
    MAXLOCALS = 0

  // access flags 0x1
  public toString()Ljava/lang/String;
    TRYCATCHBLOCK L0 L1 L2 java/lang/Throwable
    ACONST_NULL
    ASTORE 1
   L0
    LDC -2147483614
    ALOAD 0
    LDC "toString"
    LDC "()Ljava/lang/String;"
    BIPUSH 0
    ANEWARRAY java/lang/Object
    INVOKESTATIC org/evosuite/testcarver/capture/Capturer.capture (ILjava/lang/Object;Ljava/lang/String;Ljava/lang/String;[Ljava/lang/Object;)V
    ALOAD 0
    INVOKEVIRTUAL com/examples/with/different/packagename/testcarver/DateTimeConverter._sw_prototype_original_toString ()Ljava/lang/String;
    ASTORE 1
    ALOAD 1
    ASTORE 3
   L1
    LDC -2147483614
    ALOAD 0
    ALOAD 1
    INVOKESTATIC org/evosuite/testcarver/capture/Capturer.enable (ILjava/lang/Object;Ljava/lang/Object;)V
    ALOAD 3
    ARETURN
   L2
   FRAME FULL [com/examples/with/different/packagename/testcarver/DateTimeConverter java/lang/String] [java/lang/Throwable]
    ASTORE 2
    LDC -2147483614
    ALOAD 0
    ALOAD 1
    INVOKESTATIC org/evosuite/testcarver/capture/Capturer.enable (ILjava/lang/Object;Ljava/lang/Object;)V
    ALOAD 2
    ATHROW
    MAXSTACK = 7
    MAXLOCALS = 0
}
INFO  org.evosuite.testcarver.extraction.CarvingClassLoader - Seeing class for first time: com.examples.with.different.packagename.testcarver.AbstractConverter
WARN  org.evosuite.testcarver.extraction.CarvingClassLoader - Instrumenting class 'com.examples.with.different.packagename.testcarver.AbstractConverter'.
INFO  org.evosuite.testcarver.instrument.Instrumenter - Checking package com.examples.with.different.packagename.testcarver for class com/examples/with/different/packagename/testcarver/AbstractConverter
// class version 52.0 (52)
// access flags 0x421
public abstract class com/examples/with/different/packagename/testcarver/AbstractConverter implements com/examples/with/different/packagename/testcarver/Converter {

  // compiled from: AbstractConverter.java

  // access flags 0x1A
  private final static Ljava/lang/String; DEFAULT_CONFIG_MSG = "(N.B. Converters can be configured to use default values to avoid throwing exceptions)"

  // access flags 0x1A
  private final static Ljava/lang/String; PACKAGE = "org.apache.commons.beanutils.converters."

  // access flags 0x2
  private Z useDefault

  // access flags 0x2
  private Ljava/lang/Object; defaultValue

  // access flags 0x1
  public <init>()V
   L0
    LINENUMBER 82 L0
    ALOAD 0
    INVOKESPECIAL java/lang/Object.<init> ()V
   L1
    LINENUMBER 69 L1
    ALOAD 0
    ICONST_0
    PUTFIELD com/examples/with/different/packagename/testcarver/AbstractConverter.useDefault : Z
   L2
    LINENUMBER 74 L2
    ALOAD 0
    ACONST_NULL
    PUTFIELD com/examples/with/different/packagename/testcarver/AbstractConverter.defaultValue : Ljava/lang/Object;
   L3
    LINENUMBER 83 L3
    RETURN
   L4
    LOCALVARIABLE this Lcom/examples/with/different/packagename/testcarver/AbstractConverter; L0 L4 0
    MAXSTACK = 2
    MAXLOCALS = 1

  // access flags 0x1
  public <init>(Ljava/lang/Object;)V
   L0
    LINENUMBER 93 L0
    ALOAD 0
    INVOKESPECIAL java/lang/Object.<init> ()V
   L1
    LINENUMBER 69 L1
    ALOAD 0
    ICONST_0
    PUTFIELD com/examples/with/different/packagename/testcarver/AbstractConverter.useDefault : Z
   L2
    LINENUMBER 74 L2
    ALOAD 0
    ACONST_NULL
    PUTFIELD com/examples/with/different/packagename/testcarver/AbstractConverter.defaultValue : Ljava/lang/Object;
   L3
    LINENUMBER 94 L3
    ALOAD 0
    ALOAD 1
    INVOKEVIRTUAL com/examples/with/different/packagename/testcarver/AbstractConverter.setDefaultValue (Ljava/lang/Object;)V
   L4
    LINENUMBER 95 L4
    RETURN
   L5
    LOCALVARIABLE this Lcom/examples/with/different/packagename/testcarver/AbstractConverter; L0 L5 0
    LOCALVARIABLE defaultValue Ljava/lang/Object; L0 L5 1
    MAXSTACK = 2
    MAXLOCALS = 2

  // access flags 0x2
  private _sw_prototype_original_isUseDefault()Z
   L0
    LINENUMBER 108 L0
    ALOAD 0
    DUP
    GETFIELD com/examples/with/different/packagename/testcarver/AbstractConverter.useDefault : Z
    SWAP
    LDC -2147483613
    LDC "com/examples/with/different/packagename/testcarver/AbstractConverter"
    LDC "useDefault"
    LDC "Z"
    INVOKESTATIC org/evosuite/testcarver/capture/FieldRegistry.notifyReadAccess (Ljava/lang/Object;ILjava/lang/String;Ljava/lang/String;Ljava/lang/String;)V
    IRETURN
   L1
    LOCALVARIABLE this Lcom/examples/with/different/packagename/testcarver/AbstractConverter; L0 L1 0
    MAXSTACK = 5
    MAXLOCALS = 1

  // access flags 0x2
  private _sw_prototype_original_convert(Ljava/lang/Class;Ljava/lang/Object;)Ljava/lang/Object;
    TRYCATCHBLOCK L0 L1 L2 java/lang/Throwable
    TRYCATCHBLOCK L3 L4 L2 java/lang/Throwable
    TRYCATCHBLOCK L5 L6 L2 java/lang/Throwable
   L7
    LINENUMBER 123 L7
    ALOAD 2
    IFNONNULL L8
    ACONST_NULL
    GOTO L9
   L8
    ALOAD 2
    INVOKEVIRTUAL java/lang/Object.getClass ()Ljava/lang/Class;
   L9
    ASTORE 3
   L10
    LINENUMBER 124 L10
    ALOAD 0
    ALOAD 1
    IFNONNULL L11
    ALOAD 0
    INVOKEVIRTUAL com/examples/with/different/packagename/testcarver/AbstractConverter.getDefaultType ()Ljava/lang/Class;
    GOTO L12
   L11
    ALOAD 1
   L12
    INVOKEVIRTUAL com/examples/with/different/packagename/testcarver/AbstractConverter.primitive (Ljava/lang/Class;)Ljava/lang/Class;
    ASTORE 4
   L13
    LINENUMBER 126 L13
    ALOAD 0
    ALOAD 2
    INVOKEVIRTUAL com/examples/with/different/packagename/testcarver/AbstractConverter.convertArray (Ljava/lang/Object;)Ljava/lang/Object;
    ASTORE 2
   L14
    LINENUMBER 129 L14
    ALOAD 2
    IFNONNULL L15
   L16
    LINENUMBER 130 L16
    ALOAD 0
    ALOAD 4
    INVOKEVIRTUAL com/examples/with/different/packagename/testcarver/AbstractConverter.handleMissing (Ljava/lang/Class;)Ljava/lang/Object;
    ARETURN
   L15
    LINENUMBER 133 L15
    ALOAD 2
    INVOKEVIRTUAL java/lang/Object.getClass ()Ljava/lang/Class;
    ASTORE 3
   L0
    LINENUMBER 137 L0
    ALOAD 4
    LDC Ljava/lang/String;.class
    INVOKEVIRTUAL java/lang/Object.equals (Ljava/lang/Object;)Z
    IFEQ L3
   L17
    LINENUMBER 138 L17
    ALOAD 0
    ALOAD 2
    INVOKEVIRTUAL com/examples/with/different/packagename/testcarver/AbstractConverter.convertToString (Ljava/lang/Object;)Ljava/lang/String;
   L1
    ARETURN
   L3
    LINENUMBER 141 L3
    ALOAD 4
    ALOAD 3
    INVOKEVIRTUAL java/lang/Object.equals (Ljava/lang/Object;)Z
    IFEQ L5
   L18
    LINENUMBER 142 L18
    ALOAD 2
   L4
    ARETURN
   L5
    LINENUMBER 146 L5
    ALOAD 0
    ALOAD 4
    ALOAD 2
    INVOKEVIRTUAL com/examples/with/different/packagename/testcarver/AbstractConverter.convertToType (Ljava/lang/Class;Ljava/lang/Object;)Ljava/lang/Object;
    ASTORE 5
   L19
    LINENUMBER 147 L19
    ALOAD 5
   L6
    ARETURN
   L2
    LINENUMBER 149 L2
    ASTORE 5
   L20
    LINENUMBER 150 L20
    ALOAD 0
    ALOAD 4
    ALOAD 2
    ALOAD 5
    INVOKEVIRTUAL com/examples/with/different/packagename/testcarver/AbstractConverter.handleError (Ljava/lang/Class;Ljava/lang/Object;Ljava/lang/Throwable;)Ljava/lang/Object;
    ARETURN
   L21
    LOCALVARIABLE result Ljava/lang/Object; L19 L2 5
    LOCALVARIABLE t Ljava/lang/Throwable; L20 L21 5
    LOCALVARIABLE this Lcom/examples/with/different/packagename/testcarver/AbstractConverter; L7 L21 0
    LOCALVARIABLE type Ljava/lang/Class; L7 L21 1
    LOCALVARIABLE value Ljava/lang/Object; L7 L21 2
    LOCALVARIABLE sourceType Ljava/lang/Class; L10 L21 3
    LOCALVARIABLE targetType Ljava/lang/Class; L13 L21 4
    MAXSTACK = 8
    MAXLOCALS = 6

  // access flags 0x4
  protected convertToString(Ljava/lang/Object;)Ljava/lang/String; throws java/lang/Throwable
   L0
    LINENUMBER 168 L0
    ALOAD 1
    INVOKEVIRTUAL java/lang/Object.toString ()Ljava/lang/String;
    ARETURN
   L1
    LOCALVARIABLE this Lcom/examples/with/different/packagename/testcarver/AbstractConverter; L0 L1 0
    LOCALVARIABLE value Ljava/lang/Object; L0 L1 1
    MAXSTACK = 1
    MAXLOCALS = 2

  // access flags 0x404
  protected abstract convertToType(Ljava/lang/Class;Ljava/lang/Object;)Ljava/lang/Object; throws java/lang/Throwable

  // access flags 0x4
  protected convertArray(Ljava/lang/Object;)Ljava/lang/Object;
   L0
    LINENUMBER 196 L0
    ALOAD 1
    IFNONNULL L1
   L2
    LINENUMBER 197 L2
    ACONST_NULL
    ARETURN
   L1
    LINENUMBER 199 L1
    ALOAD 1
    INVOKEVIRTUAL java/lang/Object.getClass ()Ljava/lang/Class;
    INVOKEVIRTUAL java/lang/Class.isArray ()Z
    IFEQ L3
   L4
    LINENUMBER 200 L4
    ALOAD 1
    INVOKESTATIC java/lang/reflect/Array.getLength (Ljava/lang/Object;)I
    IFLE L5
   L6
    LINENUMBER 201 L6
    ALOAD 1
    ICONST_0
    INVOKESTATIC java/lang/reflect/Array.get (Ljava/lang/Object;I)Ljava/lang/Object;
    ARETURN
   L5
    LINENUMBER 203 L5
    ACONST_NULL
    ARETURN
   L3
    LINENUMBER 206 L3
    ALOAD 1
    INSTANCEOF java/util/Collection
    IFEQ L7
   L8
    LINENUMBER 207 L8
    ALOAD 1
    CHECKCAST java/util/Collection
    ASTORE 2
   L9
    LINENUMBER 208 L9
    ALOAD 2
    INVOKEINTERFACE java/util/Collection.size ()I (itf)
    IFLE L10
   L11
    LINENUMBER 209 L11
    ALOAD 2
    INVOKEINTERFACE java/util/Collection.iterator ()Ljava/util/Iterator; (itf)
    INVOKEINTERFACE java/util/Iterator.next ()Ljava/lang/Object; (itf)
    ARETURN
   L10
    LINENUMBER 211 L10
    ACONST_NULL
    ARETURN
   L7
    LINENUMBER 214 L7
    ALOAD 1
    ARETURN
   L12
    LOCALVARIABLE collection Ljava/util/Collection; L9 L7 2
    LOCALVARIABLE this Lcom/examples/with/different/packagename/testcarver/AbstractConverter; L0 L12 0
    LOCALVARIABLE value Ljava/lang/Object; L0 L12 1
    MAXSTACK = 2
    MAXLOCALS = 3

  // access flags 0x4
  protected handleError(Ljava/lang/Class;Ljava/lang/Object;Ljava/lang/Throwable;)Ljava/lang/Object;
   L0
    LINENUMBER 231 L0
    ALOAD 0
    GETFIELD com/examples/with/different/packagename/testcarver/AbstractConverter.useDefault : Z
    IFEQ L1
   L2
    LINENUMBER 232 L2
    ALOAD 0
    ALOAD 1
    INVOKEVIRTUAL com/examples/with/different/packagename/testcarver/AbstractConverter.handleMissing (Ljava/lang/Class;)Ljava/lang/Object;
    ARETURN
   L1
    LINENUMBER 235 L1
    ACONST_NULL
    ASTORE 4
   L3
    LINENUMBER 236 L3
    ALOAD 3
    INSTANCEOF com/examples/with/different/packagename/testcarver/ConversionException
    IFEQ L4
   L5
    LINENUMBER 237 L5
    ALOAD 3
    CHECKCAST com/examples/with/different/packagename/testcarver/ConversionException
    ASTORE 4
    GOTO L6
   L4
    LINENUMBER 239 L4
    NEW java/lang/StringBuilder
    DUP
    INVOKESPECIAL java/lang/StringBuilder.<init> ()V
    LDC "Error converting from '"
    INVOKEVIRTUAL java/lang/StringBuilder.append (Ljava/lang/String;)Ljava/lang/StringBuilder;
    ALOAD 0
    ALOAD 2
    INVOKEVIRTUAL java/lang/Object.getClass ()Ljava/lang/Class;
    INVOKEVIRTUAL com/examples/with/different/packagename/testcarver/AbstractConverter.toString (Ljava/lang/Class;)Ljava/lang/String;
    INVOKEVIRTUAL java/lang/StringBuilder.append (Ljava/lang/String;)Ljava/lang/StringBuilder;
    LDC "' to '"
    INVOKEVIRTUAL java/lang/StringBuilder.append (Ljava/lang/String;)Ljava/lang/StringBuilder;
    ALOAD 0
    ALOAD 1
   L7
    LINENUMBER 240 L7
    INVOKEVIRTUAL com/examples/with/different/packagename/testcarver/AbstractConverter.toString (Ljava/lang/Class;)Ljava/lang/String;
    INVOKEVIRTUAL java/lang/StringBuilder.append (Ljava/lang/String;)Ljava/lang/StringBuilder;
    LDC "' "
    INVOKEVIRTUAL java/lang/StringBuilder.append (Ljava/lang/String;)Ljava/lang/StringBuilder;
    ALOAD 3
    INVOKEVIRTUAL java/lang/Throwable.getMessage ()Ljava/lang/String;
    INVOKEVIRTUAL java/lang/StringBuilder.append (Ljava/lang/String;)Ljava/lang/StringBuilder;
    INVOKEVIRTUAL java/lang/StringBuilder.toString ()Ljava/lang/String;
    ASTORE 5
   L8
    LINENUMBER 241 L8
    NEW com/examples/with/different/packagename/testcarver/ConversionException
    DUP
    ALOAD 5
    ALOAD 3
    INVOKESPECIAL com/examples/with/different/packagename/testcarver/ConversionException.<init> (Ljava/lang/String;Ljava/lang/Throwable;)V
    ASTORE 4
   L6
    LINENUMBER 245 L6
    ALOAD 4
    ATHROW
   L9
    LOCALVARIABLE msg Ljava/lang/String; L8 L6 5
    LOCALVARIABLE this Lcom/examples/with/different/packagename/testcarver/AbstractConverter; L0 L9 0
    LOCALVARIABLE type Ljava/lang/Class; L0 L9 1
    LOCALVARIABLE value Ljava/lang/Object; L0 L9 2
    LOCALVARIABLE cause Ljava/lang/Throwable; L0 L9 3
    LOCALVARIABLE cex Lcom/examples/with/different/packagename/testcarver/ConversionException; L3 L9 4
    MAXSTACK = 4
    MAXLOCALS = 6

  // access flags 0x4
  protected handleMissing(Ljava/lang/Class;)Ljava/lang/Object;
    TRYCATCHBLOCK L0 L1 L2 java/lang/Throwable
   L3
    LINENUMBER 262 L3
    ALOAD 0
    GETFIELD com/examples/with/different/packagename/testcarver/AbstractConverter.useDefault : Z
    IFNE L4
    ALOAD 1
    LDC Ljava/lang/String;.class
    INVOKEVIRTUAL java/lang/Object.equals (Ljava/lang/Object;)Z
    IFEQ L5
   L4
    LINENUMBER 263 L4
    ALOAD 0
    ALOAD 1
    INVOKEVIRTUAL com/examples/with/different/packagename/testcarver/AbstractConverter.getDefault (Ljava/lang/Class;)Ljava/lang/Object;
    ASTORE 2
   L6
    LINENUMBER 264 L6
    ALOAD 0
    GETFIELD com/examples/with/different/packagename/testcarver/AbstractConverter.useDefault : Z
    IFEQ L7
    ALOAD 2
    IFNULL L7
    ALOAD 1
    ALOAD 2
    INVOKEVIRTUAL java/lang/Object.getClass ()Ljava/lang/Class;
    INVOKEVIRTUAL java/lang/Object.equals (Ljava/lang/Object;)Z
    IFNE L7
   L0
    LINENUMBER 266 L0
    ALOAD 0
    ALOAD 1
    ALOAD 0
    GETFIELD com/examples/with/different/packagename/testcarver/AbstractConverter.defaultValue : Ljava/lang/Object;
    INVOKEVIRTUAL com/examples/with/different/packagename/testcarver/AbstractConverter.convertToType (Ljava/lang/Class;Ljava/lang/Object;)Ljava/lang/Object;
    ASTORE 2
   L1
    LINENUMBER 270 L1
    GOTO L7
   L2
    LINENUMBER 267 L2
    ASTORE 3
   L8
    LINENUMBER 268 L8
    GETSTATIC java/lang/System.err : Ljava/io/PrintStream;
    NEW java/lang/StringBuilder
    DUP
    INVOKESPECIAL java/lang/StringBuilder.<init> ()V
    LDC "    Default conversion to "
    INVOKEVIRTUAL java/lang/StringBuilder.append (Ljava/lang/String;)Ljava/lang/StringBuilder;
    ALOAD 0
    ALOAD 1
    INVOKEVIRTUAL com/examples/with/different/packagename/testcarver/AbstractConverter.toString (Ljava/lang/Class;)Ljava/lang/String;
    INVOKEVIRTUAL java/lang/StringBuilder.append (Ljava/lang/String;)Ljava/lang/StringBuilder;
    LDC "failed: "
    INVOKEVIRTUAL java/lang/StringBuilder.append (Ljava/lang/String;)Ljava/lang/StringBuilder;
    ALOAD 3
    INVOKEVIRTUAL java/lang/StringBuilder.append (Ljava/lang/Object;)Ljava/lang/StringBuilder;
    INVOKEVIRTUAL java/lang/StringBuilder.toString ()Ljava/lang/String;
    INVOKEVIRTUAL java/io/PrintStream.println (Ljava/lang/String;)V
   L7
    LINENUMBER 272 L7
    ALOAD 2
    ARETURN
   L5
    LINENUMBER 275 L5
    NEW com/examples/with/different/packagename/testcarver/ConversionException
    DUP
    NEW java/lang/StringBuilder
    DUP
    INVOKESPECIAL java/lang/StringBuilder.<init> ()V
    LDC "No value specified for '"
    INVOKEVIRTUAL java/lang/StringBuilder.append (Ljava/lang/String;)Ljava/lang/StringBuilder;
    ALOAD 0
    ALOAD 1
   L9
    LINENUMBER 276 L9
    INVOKEVIRTUAL com/examples/with/different/packagename/testcarver/AbstractConverter.toString (Ljava/lang/Class;)Ljava/lang/String;
    INVOKEVIRTUAL java/lang/StringBuilder.append (Ljava/lang/String;)Ljava/lang/StringBuilder;
    LDC "'"
    INVOKEVIRTUAL java/lang/StringBuilder.append (Ljava/lang/String;)Ljava/lang/StringBuilder;
    INVOKEVIRTUAL java/lang/StringBuilder.toString ()Ljava/lang/String;
    INVOKESPECIAL com/examples/with/different/packagename/testcarver/ConversionException.<init> (Ljava/lang/String;)V
    ASTORE 2
   L10
    LINENUMBER 277 L10
    ALOAD 2
    ATHROW
   L11
    LOCALVARIABLE t Ljava/lang/Throwable; L8 L7 3
    LOCALVARIABLE value Ljava/lang/Object; L6 L5 2
    LOCALVARIABLE this Lcom/examples/with/different/packagename/testcarver/AbstractConverter; L3 L11 0
    LOCALVARIABLE type Ljava/lang/Class; L3 L11 1
    LOCALVARIABLE cex Lcom/examples/with/different/packagename/testcarver/ConversionException; L10 L11 2
    MAXSTACK = 5
    MAXLOCALS = 4

  // access flags 0x4
  protected setDefaultValue(Ljava/lang/Object;)V
   L0
    LINENUMBER 295 L0
    ALOAD 0
    ICONST_0
    PUTFIELD com/examples/with/different/packagename/testcarver/AbstractConverter.useDefault : Z
   L1
    LINENUMBER 296 L1
    ALOAD 1
    IFNONNULL L2
   L3
    LINENUMBER 297 L3
    ALOAD 0
    ACONST_NULL
    PUTFIELD com/examples/with/different/packagename/testcarver/AbstractConverter.defaultValue : Ljava/lang/Object;
    GOTO L4
   L2
    LINENUMBER 299 L2
    ALOAD 0
    ALOAD 0
    ALOAD 0
    INVOKEVIRTUAL com/examples/with/different/packagename/testcarver/AbstractConverter.getDefaultType ()Ljava/lang/Class;
    ALOAD 1
    INVOKEVIRTUAL com/examples/with/different/packagename/testcarver/AbstractConverter.convert (Ljava/lang/Class;Ljava/lang/Object;)Ljava/lang/Object;
    PUTFIELD com/examples/with/different/packagename/testcarver/AbstractConverter.defaultValue : Ljava/lang/Object;
   L4
    LINENUMBER 301 L4
    ALOAD 0
    ICONST_1
    PUTFIELD com/examples/with/different/packagename/testcarver/AbstractConverter.useDefault : Z
   L5
    LINENUMBER 302 L5
    RETURN
   L6
    LOCALVARIABLE this Lcom/examples/with/different/packagename/testcarver/AbstractConverter; L0 L6 0
    LOCALVARIABLE defaultValue Ljava/lang/Object; L0 L6 1
    MAXSTACK = 4
    MAXLOCALS = 2

  // access flags 0x404
  protected abstract getDefaultType()Ljava/lang/Class;

  // access flags 0x4
  protected getDefault(Ljava/lang/Class;)Ljava/lang/Object;
   L0
    LINENUMBER 319 L0
    ALOAD 1
    LDC Ljava/lang/String;.class
    INVOKEVIRTUAL java/lang/Object.equals (Ljava/lang/Object;)Z
    IFEQ L1
   L2
    LINENUMBER 320 L2
    ACONST_NULL
    ARETURN
   L1
    LINENUMBER 322 L1
    ALOAD 0
    GETFIELD com/examples/with/different/packagename/testcarver/AbstractConverter.defaultValue : Ljava/lang/Object;
    ARETURN
   L3
    LOCALVARIABLE this Lcom/examples/with/different/packagename/testcarver/AbstractConverter; L0 L3 0
    LOCALVARIABLE type Ljava/lang/Class; L0 L3 1
    MAXSTACK = 2
    MAXLOCALS = 2

  // access flags 0x2
  private _sw_prototype_original_toString()Ljava/lang/String;
   L0
    LINENUMBER 332 L0
    NEW java/lang/StringBuilder
    DUP
    INVOKESPECIAL java/lang/StringBuilder.<init> ()V
    ALOAD 0
    ALOAD 0
    INVOKEVIRTUAL java/lang/Object.getClass ()Ljava/lang/Class;
    INVOKEVIRTUAL com/examples/with/different/packagename/testcarver/AbstractConverter.toString (Ljava/lang/Class;)Ljava/lang/String;
    INVOKEVIRTUAL java/lang/StringBuilder.append (Ljava/lang/String;)Ljava/lang/StringBuilder;
    LDC "[UseDefault="
    INVOKEVIRTUAL java/lang/StringBuilder.append (Ljava/lang/String;)Ljava/lang/StringBuilder;
    ALOAD 0
    DUP
    GETFIELD com/examples/with/different/packagename/testcarver/AbstractConverter.useDefault : Z
    SWAP
    LDC -2147483610
    LDC "com/examples/with/different/packagename/testcarver/AbstractConverter"
    LDC "useDefault"
    LDC "Z"
    INVOKESTATIC org/evosuite/testcarver/capture/FieldRegistry.notifyReadAccess (Ljava/lang/Object;ILjava/lang/String;Ljava/lang/String;Ljava/lang/String;)V
    INVOKEVIRTUAL java/lang/StringBuilder.append (Z)Ljava/lang/StringBuilder;
    LDC "]"
    INVOKEVIRTUAL java/lang/StringBuilder.append (Ljava/lang/String;)Ljava/lang/StringBuilder;
    INVOKEVIRTUAL java/lang/StringBuilder.toString ()Ljava/lang/String;
    ARETURN
   L1
    LOCALVARIABLE this Lcom/examples/with/different/packagename/testcarver/AbstractConverter; L0 L1 0
    MAXSTACK = 7
    MAXLOCALS = 1

  // access flags 0x0
  primitive(Ljava/lang/Class;)Ljava/lang/Class;
   L0
    LINENUMBER 344 L0
    ALOAD 1
    IFNULL L1
    ALOAD 1
    INVOKEVIRTUAL java/lang/Class.isPrimitive ()Z
    IFNE L2
   L1
    LINENUMBER 345 L1
    ALOAD 1
    ARETURN
   L2
    LINENUMBER 348 L2
    ALOAD 1
    GETSTATIC java/lang/Integer.TYPE : Ljava/lang/Class;
    IF_ACMPNE L3
   L4
    LINENUMBER 349 L4
    LDC Ljava/lang/Integer;.class
    ARETURN
   L3
    LINENUMBER 350 L3
    ALOAD 1
    GETSTATIC java/lang/Double.TYPE : Ljava/lang/Class;
    IF_ACMPNE L5
   L6
    LINENUMBER 351 L6
    LDC Ljava/lang/Double;.class
    ARETURN
   L5
    LINENUMBER 352 L5
    ALOAD 1
    GETSTATIC java/lang/Long.TYPE : Ljava/lang/Class;
    IF_ACMPNE L7
   L8
    LINENUMBER 353 L8
    LDC Ljava/lang/Long;.class
    ARETURN
   L7
    LINENUMBER 354 L7
    ALOAD 1
    GETSTATIC java/lang/Boolean.TYPE : Ljava/lang/Class;
    IF_ACMPNE L9
   L10
    LINENUMBER 355 L10
    LDC Ljava/lang/Boolean;.class
    ARETURN
   L9
    LINENUMBER 356 L9
    ALOAD 1
    GETSTATIC java/lang/Float.TYPE : Ljava/lang/Class;
    IF_ACMPNE L11
   L12
    LINENUMBER 357 L12
    LDC Ljava/lang/Float;.class
    ARETURN
   L11
    LINENUMBER 358 L11
    ALOAD 1
    GETSTATIC java/lang/Short.TYPE : Ljava/lang/Class;
    IF_ACMPNE L13
   L14
    LINENUMBER 359 L14
    LDC Ljava/lang/Short;.class
    ARETURN
   L13
    LINENUMBER 360 L13
    ALOAD 1
    GETSTATIC java/lang/Byte.TYPE : Ljava/lang/Class;
    IF_ACMPNE L15
   L16
    LINENUMBER 361 L16
    LDC Ljava/lang/Byte;.class
    ARETURN
   L15
    LINENUMBER 362 L15
    ALOAD 1
    GETSTATIC java/lang/Character.TYPE : Ljava/lang/Class;
    IF_ACMPNE L17
   L18
    LINENUMBER 363 L18
    LDC Ljava/lang/Character;.class
    ARETURN
   L17
    LINENUMBER 365 L17
    ALOAD 1
    ARETURN
   L19
    LOCALVARIABLE this Lcom/examples/with/different/packagename/testcarver/AbstractConverter; L0 L19 0
    LOCALVARIABLE type Ljava/lang/Class; L0 L19 1
    MAXSTACK = 2
    MAXLOCALS = 2

  // access flags 0x0
  toString(Ljava/lang/Class;)Ljava/lang/String;
   L0
    LINENUMBER 376 L0
    ACONST_NULL
    ASTORE 2
   L1
    LINENUMBER 377 L1
    ALOAD 1
    IFNONNULL L2
   L3
    LINENUMBER 378 L3
    LDC "null"
    ASTORE 2
    GOTO L4
   L2
    LINENUMBER 379 L2
    ALOAD 1
    INVOKEVIRTUAL java/lang/Class.isArray ()Z
    IFEQ L5
   L6
    LINENUMBER 380 L6
    ALOAD 1
    INVOKEVIRTUAL java/lang/Class.getComponentType ()Ljava/lang/Class;
    ASTORE 3
   L7
    LINENUMBER 381 L7
    ICONST_1
    ISTORE 4
   L8
    LINENUMBER 382 L8
    ALOAD 3
    INVOKEVIRTUAL java/lang/Class.isArray ()Z
    IFEQ L9
   L10
    LINENUMBER 383 L10
    ALOAD 3
    INVOKEVIRTUAL java/lang/Class.getComponentType ()Ljava/lang/Class;
    ASTORE 3
   L11
    LINENUMBER 384 L11
    IINC 4 1
    GOTO L8
   L9
    LINENUMBER 386 L9
    ALOAD 3
    INVOKEVIRTUAL java/lang/Class.getName ()Ljava/lang/String;
    ASTORE 2
   L12
    LINENUMBER 387 L12
    ICONST_0
    ISTORE 5
   L13
    ILOAD 5
    ILOAD 4
    IF_ICMPGE L14
   L15
    LINENUMBER 388 L15
    NEW java/lang/StringBuilder
    DUP
    INVOKESPECIAL java/lang/StringBuilder.<init> ()V
    ALOAD 2
    INVOKEVIRTUAL java/lang/StringBuilder.append (Ljava/lang/String;)Ljava/lang/StringBuilder;
    LDC "[]"
    INVOKEVIRTUAL java/lang/StringBuilder.append (Ljava/lang/String;)Ljava/lang/StringBuilder;
    INVOKEVIRTUAL java/lang/StringBuilder.toString ()Ljava/lang/String;
    ASTORE 2
   L16
    LINENUMBER 387 L16
    IINC 5 1
    GOTO L13
   L14
    LINENUMBER 390 L14
    GOTO L4
   L5
    LINENUMBER 391 L5
    ALOAD 1
    INVOKEVIRTUAL java/lang/Class.getName ()Ljava/lang/String;
    ASTORE 2
   L4
    LINENUMBER 393 L4
    ALOAD 2
    LDC "java.lang."
    INVOKEVIRTUAL java/lang/String.startsWith (Ljava/lang/String;)Z
    IFNE L17
    ALOAD 2
    LDC "java.util."
   L18
    LINENUMBER 394 L18
    INVOKEVIRTUAL java/lang/String.startsWith (Ljava/lang/String;)Z
    IFNE L17
    ALOAD 2
    LDC "java.math."
   L19
    LINENUMBER 395 L19
    INVOKEVIRTUAL java/lang/String.startsWith (Ljava/lang/String;)Z
    IFEQ L20
   L17
    LINENUMBER 396 L17
    ALOAD 2
    LDC "java.lang."
    INVOKEVIRTUAL java/lang/String.length ()I
    INVOKEVIRTUAL java/lang/String.substring (I)Ljava/lang/String;
    ASTORE 2
    GOTO L21
   L20
    LINENUMBER 397 L20
    ALOAD 2
    LDC "org.apache.commons.beanutils.converters."
    INVOKEVIRTUAL java/lang/String.startsWith (Ljava/lang/String;)Z
    IFEQ L21
   L22
    LINENUMBER 398 L22
    ALOAD 2
    LDC "org.apache.commons.beanutils.converters."
    INVOKEVIRTUAL java/lang/String.length ()I
    INVOKEVIRTUAL java/lang/String.substring (I)Ljava/lang/String;
    ASTORE 2
   L21
    LINENUMBER 400 L21
    ALOAD 2
    ARETURN
   L23
    LOCALVARIABLE i I L13 L14 5
    LOCALVARIABLE elementType Ljava/lang/Class; L7 L14 3
    LOCALVARIABLE count I L8 L14 4
    LOCALVARIABLE this Lcom/examples/with/different/packagename/testcarver/AbstractConverter; L0 L23 0
    LOCALVARIABLE type Ljava/lang/Class; L0 L23 1
    LOCALVARIABLE typeName Ljava/lang/String; L1 L23 2
    MAXSTACK = 2
    MAXLOCALS = 6

  // access flags 0x1
  public isUseDefault()Z
    TRYCATCHBLOCK L0 L1 L2 java/lang/Throwable
    ACONST_NULL
    ASTORE 1
   L0
    LDC -2147483612
    ALOAD 0
    LDC "isUseDefault"
    LDC "()Z"
    BIPUSH 0
    ANEWARRAY java/lang/Object
    INVOKESTATIC org/evosuite/testcarver/capture/Capturer.capture (ILjava/lang/Object;Ljava/lang/String;Ljava/lang/String;[Ljava/lang/Object;)V
    ALOAD 0
    INVOKEVIRTUAL com/examples/with/different/packagename/testcarver/AbstractConverter._sw_prototype_original_isUseDefault ()Z
    INVOKESTATIC java/lang/Boolean.valueOf (Z)Ljava/lang/Boolean;
    ASTORE 1
    ALOAD 1
    INVOKEVIRTUAL java/lang/Boolean.booleanValue ()Z
    ISTORE 3
   L1
    LDC -2147483612
    ALOAD 0
    ALOAD 1
    INVOKESTATIC org/evosuite/testcarver/capture/Capturer.enable (ILjava/lang/Object;Ljava/lang/Object;)V
    ILOAD 3
    IRETURN
   L2
   FRAME FULL [com/examples/with/different/packagename/testcarver/AbstractConverter java/lang/Boolean] [java/lang/Throwable]
    ASTORE 2
    LDC -2147483612
    ALOAD 0
    ALOAD 1
    INVOKESTATIC org/evosuite/testcarver/capture/Capturer.enable (ILjava/lang/Object;Ljava/lang/Object;)V
    ALOAD 2
    ATHROW
    MAXSTACK = 5
    MAXLOCALS = 0

  // access flags 0x1
  public convert(Ljava/lang/Class;Ljava/lang/Object;)Ljava/lang/Object;
    TRYCATCHBLOCK L0 L1 L2 java/lang/Throwable
    ACONST_NULL
    ASTORE 3
   L0
    LDC -2147483611
    ALOAD 0
    LDC "convert"
    LDC "(Ljava/lang/Class;Ljava/lang/Object;)Ljava/lang/Object;"
    BIPUSH 2
    ANEWARRAY java/lang/Object
    DUP
    BIPUSH 0
    ALOAD 1
    AASTORE
    DUP
    BIPUSH 1
    ALOAD 2
    AASTORE
    INVOKESTATIC org/evosuite/testcarver/capture/Capturer.capture (ILjava/lang/Object;Ljava/lang/String;Ljava/lang/String;[Ljava/lang/Object;)V
    ALOAD 0
    ALOAD 1
    ALOAD 2
    INVOKEVIRTUAL com/examples/with/different/packagename/testcarver/AbstractConverter._sw_prototype_original_convert (Ljava/lang/Class;Ljava/lang/Object;)Ljava/lang/Object;
    ASTORE 3
    ALOAD 3
    ASTORE 5
   L1
    LDC -2147483611
    ALOAD 0
    ALOAD 3
    INVOKESTATIC org/evosuite/testcarver/capture/Capturer.enable (ILjava/lang/Object;Ljava/lang/Object;)V
    ALOAD 5
    ARETURN
   L2
   FRAME FULL [com/examples/with/different/packagename/testcarver/AbstractConverter java/lang/Object] [java/lang/Throwable]
    ASTORE 4
    LDC -2147483611
    ALOAD 0
    ALOAD 3
    INVOKESTATIC org/evosuite/testcarver/capture/Capturer.enable (ILjava/lang/Object;Ljava/lang/Object;)V
    ALOAD 4
    ATHROW
    MAXSTACK = 8
    MAXLOCALS = 0

  // access flags 0x1
  public toString()Ljava/lang/String;
    TRYCATCHBLOCK L0 L1 L2 java/lang/Throwable
    ACONST_NULL
    ASTORE 1
   L0
    LDC -2147483609
    ALOAD 0
    LDC "toString"
    LDC "()Ljava/lang/String;"
    BIPUSH 0
    ANEWARRAY java/lang/Object
    INVOKESTATIC org/evosuite/testcarver/capture/Capturer.capture (ILjava/lang/Object;Ljava/lang/String;Ljava/lang/String;[Ljava/lang/Object;)V
    ALOAD 0
    INVOKEVIRTUAL com/examples/with/different/packagename/testcarver/AbstractConverter._sw_prototype_original_toString ()Ljava/lang/String;
    ASTORE 1
    ALOAD 1
    ASTORE 3
   L1
    LDC -2147483609
    ALOAD 0
    ALOAD 1
    INVOKESTATIC org/evosuite/testcarver/capture/Capturer.enable (ILjava/lang/Object;Ljava/lang/Object;)V
    ALOAD 3
    ARETURN
   L2
   FRAME FULL [com/examples/with/different/packagename/testcarver/AbstractConverter java/lang/String] [java/lang/Throwable]
    ASTORE 2
    LDC -2147483609
    ALOAD 0
    ALOAD 1
    INVOKESTATIC org/evosuite/testcarver/capture/Capturer.enable (ILjava/lang/Object;Ljava/lang/Object;)V
    ALOAD 2
    ATHROW
    MAXSTACK = 7
    MAXLOCALS = 0
}
INFO  org.evosuite.testcarver.extraction.CarvingClassLoader - Seeing class for first time: com.examples.with.different.packagename.testcarver.Converter
WARN  org.evosuite.testcarver.extraction.CarvingClassLoader - Instrumenting class 'com.examples.with.different.packagename.testcarver.Converter'.
INFO  org.evosuite.testcarver.extraction.CarvingClassLoader - Keeping class: com.examples.with.different.packagename.testcarver.Converter
INFO  org.evosuite.testcarver.extraction.CarvingClassLoader - Keeping class: com.examples.with.different.packagename.testcarver.AbstractConverter
INFO  org.evosuite.testcarver.extraction.CarvingClassLoader - Keeping class: com.examples.with.different.packagename.testcarver.DateTimeConverter
INFO  org.evosuite.testcarver.extraction.CarvingClassLoader - Keeping class: com.examples.with.different.packagename.testcarver.DateConverter
INFO  org.evosuite.testcarver.extraction.CarvingClassLoader - Seeing class for first time: com.examples.with.different.packagename.testcarver.DateConverterTest3
WARN  org.evosuite.testcarver.extraction.CarvingClassLoader - Instrumenting class 'com.examples.with.different.packagename.testcarver.DateConverterTest3'.
INFO  org.evosuite.testcarver.instrument.Instrumenter - Checking package com.examples.with.different.packagename.testcarver for class com/examples/with/different/packagename/testcarver/DateConverterTest3
// class version 52.0 (52)
// access flags 0x21
public class com/examples/with/different/packagename/testcarver/DateConverterTest3 {

  // compiled from: DateConverterTest3.java

  // access flags 0x2
  private _sw_prototype_original_init_sw_prototype_original_()V
    ALOAD 0
    INVOKESTATIC org/evosuite/testcarver/capture/FieldRegistry.register (Ljava/lang/Object;)V
    RETURN
   L0
    LOCALVARIABLE this Lcom/examples/with/different/packagename/testcarver/DateConverterTest3; L1 L0 0
    MAXSTACK = 5
    MAXLOCALS = 1

  // access flags 0x4
  protected makeConverter()Lcom/examples/with/different/packagename/testcarver/DateTimeConverter;
   L0
    LINENUMBER 41 L0
    NEW com/examples/with/different/packagename/testcarver/DateConverter
    DUP
    INVOKESPECIAL com/examples/with/different/packagename/testcarver/DateConverter.<init> ()V
    ARETURN
   L1
    LOCALVARIABLE this Lcom/examples/with/different/packagename/testcarver/DateConverterTest3; L0 L1 0
    MAXSTACK = 2
    MAXLOCALS = 1

  // access flags 0x4
  protected makeConverter(Ljava/lang/Object;)Lcom/examples/with/different/packagename/testcarver/DateTimeConverter;
   L0
    LINENUMBER 51 L0
    NEW com/examples/with/different/packagename/testcarver/DateConverter
    DUP
    ALOAD 1
    INVOKESPECIAL com/examples/with/different/packagename/testcarver/DateConverter.<init> (Ljava/lang/Object;)V
    ARETURN
   L1
    LOCALVARIABLE this Lcom/examples/with/different/packagename/testcarver/DateConverterTest3; L0 L1 0
    LOCALVARIABLE defaultValue Ljava/lang/Object; L0 L1 1
    MAXSTACK = 3
    MAXLOCALS = 2

  // access flags 0x4
  // signature ()Ljava/lang/Class<*>;
  // declaration: java.lang.Class<?> getExpectedType()
  protected getExpectedType()Ljava/lang/Class;
   L0
    LINENUMBER 60 L0
    LDC Ljava/util/Date;.class
    ARETURN
   L1
    LOCALVARIABLE this Lcom/examples/with/different/packagename/testcarver/DateConverterTest3; L0 L1 0
    MAXSTACK = 1
    MAXLOCALS = 1

  // access flags 0x0
  getTimeInMillis(Ljava/lang/Object;)J
   L0
    LINENUMBER 71 L0
    ALOAD 1
    INSTANCEOF java/sql/Timestamp
    IFEQ L1
   L2
    LINENUMBER 76 L2
    ALOAD 1
    CHECKCAST java/sql/Timestamp
    ASTORE 2
   L3
    LINENUMBER 77 L3
    ALOAD 2
    INVOKEVIRTUAL java/sql/Timestamp.getTime ()J
    LDC 1000L
    LDIV
    LDC 1000L
    LMUL
    LSTORE 3
   L4
    LINENUMBER 78 L4
    LLOAD 3
    ALOAD 2
    INVOKEVIRTUAL java/sql/Timestamp.getNanos ()I
    LDC 1000000
    IDIV
    I2L
    LADD
    LSTORE 3
   L5
    LINENUMBER 79 L5
    LLOAD 3
    LRETURN
   L1
    LINENUMBER 82 L1
    ALOAD 1
    INSTANCEOF java/util/Calendar
    IFEQ L6
   L7
    LINENUMBER 83 L7
    ALOAD 1
    CHECKCAST org/evosuite/testcarver/wrapper/java/util/Calendar
    INVOKESTATIC org/evosuite/testcarver/wrapper/java/util/Calendar.getTime (Ljava/util/Calendar;)Ljava/util/Date;
    INVOKEVIRTUAL java/util/Date.getTime ()J
    LRETURN
   L6
    LINENUMBER 85 L6
    ALOAD 1
    CHECKCAST org/evosuite/testcarver/wrapper/java/util/Date
    INVOKEVIRTUAL java/util/Date.getTime ()J
    LRETURN
   L8
    LOCALVARIABLE timestamp Ljava/sql/Timestamp; L3 L1 2
    LOCALVARIABLE timeInMillis J L4 L1 3
    LOCALVARIABLE this Lcom/examples/with/different/packagename/testcarver/DateConverterTest3; L0 L8 0
    LOCALVARIABLE date Ljava/lang/Object; L0 L8 1
    MAXSTACK = 4
    MAXLOCALS = 5

  // access flags 0x0
  toCalendar(Ljava/lang/String;Ljava/lang/String;Ljava/util/Locale;)Ljava/util/Calendar;
    TRYCATCHBLOCK L0 L1 L2 java/lang/Exception
   L3
    LINENUMBER 98 L3
    ACONST_NULL
    ASTORE 4
   L0
    LINENUMBER 100 L0
    ALOAD 3
    IFNONNULL L4
   L5
    LINENUMBER 101 L5
    NEW org/evosuite/testcarver/wrapper/java/text/SimpleDateFormat
    DUP
    ALOAD 2
    INVOKESPECIAL org/evosuite/testcarver/wrapper/java/text/SimpleDateFormat.<init> (Ljava/lang/String;)V
    GOTO L6
   L4
    LINENUMBER 102 L4
    NEW org/evosuite/testcarver/wrapper/java/text/SimpleDateFormat
    DUP
    ALOAD 2
    ALOAD 3
    INVOKESPECIAL org/evosuite/testcarver/wrapper/java/text/SimpleDateFormat.<init> (Ljava/lang/String;Ljava/util/Locale;)V
   L6
    ASTORE 5
   L7
    LINENUMBER 103 L7
    ALOAD 5
    ICONST_0
    INVOKEVIRTUAL java/text/DateFormat.setLenient (Z)V
   L8
    LINENUMBER 104 L8
    ALOAD 5
    ALOAD 1
    INVOKEVIRTUAL java/text/DateFormat.parse (Ljava/lang/String;)Ljava/util/Date;
    POP
   L9
    LINENUMBER 105 L9
    ALOAD 5
    INVOKEVIRTUAL java/text/DateFormat.getCalendar ()Ljava/util/Calendar;
    ASTORE 4
   L1
    LINENUMBER 109 L1
    GOTO L10
   L2
    LINENUMBER 106 L2
    ASTORE 5
   L11
    LINENUMBER 107 L11
    NEW java/lang/StringBuilder
    DUP
    INVOKESPECIAL java/lang/StringBuilder.<init> ()V
    LDC "Error creating Calendar value ='"
    INVOKEVIRTUAL java/lang/StringBuilder.append (Ljava/lang/String;)Ljava/lang/StringBuilder;
    ALOAD 1
    INVOKEVIRTUAL java/lang/StringBuilder.append (Ljava/lang/String;)Ljava/lang/StringBuilder;
    LDC ", pattern='"
    INVOKEVIRTUAL java/lang/StringBuilder.append (Ljava/lang/String;)Ljava/lang/StringBuilder;
    ALOAD 2
    INVOKEVIRTUAL java/lang/StringBuilder.append (Ljava/lang/String;)Ljava/lang/StringBuilder;
    LDC "' "
    INVOKEVIRTUAL java/lang/StringBuilder.append (Ljava/lang/String;)Ljava/lang/StringBuilder;
    ALOAD 5
   L12
    LINENUMBER 108 L12
    INVOKEVIRTUAL java/lang/Exception.toString ()Ljava/lang/String;
    INVOKEVIRTUAL java/lang/StringBuilder.append (Ljava/lang/String;)Ljava/lang/StringBuilder;
    INVOKEVIRTUAL java/lang/StringBuilder.toString ()Ljava/lang/String;
   L13
    LINENUMBER 107 L13
    INVOKESTATIC org/junit/Assert.fail (Ljava/lang/String;)V
   L10
    LINENUMBER 110 L10
    ALOAD 4
    ARETURN
   L14
    LOCALVARIABLE format Ljava/text/DateFormat; L7 L1 5
    LOCALVARIABLE e Ljava/lang/Exception; L11 L10 5
    LOCALVARIABLE this Lcom/examples/with/different/packagename/testcarver/DateConverterTest3; L3 L14 0
    LOCALVARIABLE value Ljava/lang/String; L3 L14 1
    LOCALVARIABLE pattern Ljava/lang/String; L3 L14 2
    LOCALVARIABLE locale Ljava/util/Locale; L3 L14 3
    LOCALVARIABLE calendar Ljava/util/Calendar; L0 L14 4
    MAXSTACK = 4
    MAXLOCALS = 6

  // access flags 0x0
  toDate(Ljava/util/Calendar;)Ljava/util/Date;
   L0
    LINENUMBER 120 L0
    ALOAD 1
    INVOKESTATIC org/evosuite/testcarver/wrapper/java/util/Calendar.getTime (Ljava/util/Calendar;)Ljava/util/Date;
    ARETURN
   L1
    LOCALVARIABLE this Lcom/examples/with/different/packagename/testcarver/DateConverterTest3; L0 L1 0
    LOCALVARIABLE calendar Ljava/util/Calendar; L0 L1 1
    MAXSTACK = 1
    MAXLOCALS = 2

  // access flags 0x0
  toType(Ljava/lang/String;Ljava/lang/String;Ljava/util/Locale;)Ljava/lang/Object;
   L0
    LINENUMBER 132 L0
    ALOAD 0
    ALOAD 1
    ALOAD 2
    ALOAD 3
    INVOKEVIRTUAL com/examples/with/different/packagename/testcarver/DateConverterTest3.toCalendar (Ljava/lang/String;Ljava/lang/String;Ljava/util/Locale;)Ljava/util/Calendar;
    ASTORE 4
   L1
    LINENUMBER 133 L1
    ALOAD 0
    ALOAD 4
    INVOKEVIRTUAL com/examples/with/different/packagename/testcarver/DateConverterTest3.toType (Ljava/util/Calendar;)Ljava/lang/Object;
    ARETURN
   L2
    LOCALVARIABLE this Lcom/examples/with/different/packagename/testcarver/DateConverterTest3; L0 L2 0
    LOCALVARIABLE value Ljava/lang/String; L0 L2 1
    LOCALVARIABLE pattern Ljava/lang/String; L0 L2 2
    LOCALVARIABLE locale Ljava/util/Locale; L0 L2 3
    LOCALVARIABLE calendar Ljava/util/Calendar; L1 L2 4
    MAXSTACK = 4
    MAXLOCALS = 5

  // access flags 0x4
  protected toType(Ljava/util/Calendar;)Ljava/lang/Object;
   L0
    LINENUMBER 143 L0
    ALOAD 1
    INVOKESTATIC org/evosuite/testcarver/wrapper/java/util/Calendar.getTime (Ljava/util/Calendar;)Ljava/util/Date;
    ARETURN
   L1
    LOCALVARIABLE this Lcom/examples/with/different/packagename/testcarver/DateConverterTest3; L0 L1 0
    LOCALVARIABLE value Ljava/util/Calendar; L0 L1 1
    MAXSTACK = 1
    MAXLOCALS = 2

  // access flags 0x2
  private _sw_prototype_original_testDefaultType()V
   L0
    LINENUMBER 151 L0
    LDC "yyyy-MM-dd"
    ASTORE 1
   L1
    LINENUMBER 154 L1
    ALOAD 0
    INVOKEVIRTUAL com/examples/with/different/packagename/testcarver/DateConverterTest3.makeConverter ()Lcom/examples/with/different/packagename/testcarver/DateTimeConverter;
    ASTORE 2
   L2
    LINENUMBER 155 L2
    ALOAD 2
    ALOAD 1
    INVOKEVIRTUAL com/examples/with/different/packagename/testcarver/DateTimeConverter.setPattern (Ljava/lang/String;)V
   L3
    LINENUMBER 158 L3
    LDC "2006-10-29"
    ASTORE 3
   L4
    LINENUMBER 159 L4
    ALOAD 0
    ALOAD 3
    ALOAD 1
    ACONST_NULL
    INVOKEVIRTUAL com/examples/with/different/packagename/testcarver/DateConverterTest3.toCalendar (Ljava/lang/String;Ljava/lang/String;Ljava/util/Locale;)Ljava/util/Calendar;
    ASTORE 4
   L5
    LINENUMBER 160 L5
    ALOAD 0
    ALOAD 4
    INVOKEVIRTUAL com/examples/with/different/packagename/testcarver/DateConverterTest3.toType (Ljava/util/Calendar;)Ljava/lang/Object;
    ASTORE 5
   L6
    LINENUMBER 162 L6
    ALOAD 2
    ACONST_NULL
    ALOAD 3
    INVOKEVIRTUAL com/examples/with/different/packagename/testcarver/DateTimeConverter.convert (Ljava/lang/Class;Ljava/lang/Object;)Ljava/lang/Object;
    ASTORE 6
   L7
    LINENUMBER 163 L7
    ALOAD 0
    INVOKEVIRTUAL com/examples/with/different/packagename/testcarver/DateConverterTest3.getExpectedType ()Ljava/lang/Class;
    LDC Ljava/util/Calendar;.class
    INVOKEVIRTUAL java/lang/Object.equals (Ljava/lang/Object;)Z
    IFEQ L8
   L9
    LINENUMBER 164 L9
    LDC "TYPE "
    ALOAD 0
    INVOKEVIRTUAL com/examples/with/different/packagename/testcarver/DateConverterTest3.getExpectedType ()Ljava/lang/Class;
    ALOAD 6
    INVOKEVIRTUAL java/lang/Object.getClass ()Ljava/lang/Class;
    INVOKEVIRTUAL java/lang/Class.isAssignableFrom (Ljava/lang/Class;)Z
    INVOKESTATIC org/junit/Assert.assertTrue (Ljava/lang/String;Z)V
    GOTO L10
   L8
    LINENUMBER 166 L8
    LDC "TYPE "
    ALOAD 0
    INVOKEVIRTUAL com/examples/with/different/packagename/testcarver/DateConverterTest3.getExpectedType ()Ljava/lang/Class;
    ALOAD 6
    INVOKEVIRTUAL java/lang/Object.getClass ()Ljava/lang/Class;
    INVOKESTATIC org/junit/Assert.assertEquals (Ljava/lang/String;Ljava/lang/Object;Ljava/lang/Object;)V
   L10
    LINENUMBER 168 L10
    LDC "VALUE "
    ALOAD 5
    ALOAD 6
    INVOKESTATIC org/junit/Assert.assertEquals (Ljava/lang/String;Ljava/lang/Object;Ljava/lang/Object;)V
   L11
    LINENUMBER 169 L11
    RETURN
   L12
    LOCALVARIABLE this Lcom/examples/with/different/packagename/testcarver/DateConverterTest3; L0 L12 0
    LOCALVARIABLE pattern Ljava/lang/String; L1 L12 1
    LOCALVARIABLE converter Lcom/examples/with/different/packagename/testcarver/DateTimeConverter; L2 L12 2
    LOCALVARIABLE testString Ljava/lang/String; L4 L12 3
    LOCALVARIABLE calendar Ljava/util/Calendar; L5 L12 4
    LOCALVARIABLE expected Ljava/lang/Object; L6 L12 5
    LOCALVARIABLE result Ljava/lang/Object; L7 L12 6
    MAXSTACK = 8
    MAXLOCALS = 7

  // access flags 0x1
  public <init>()V
    TRYCATCHBLOCK L0 L1 L1 java/lang/Throwable
   L2
    LINENUMBER 32 L2
    ALOAD 0
    INVOKESPECIAL java/lang/Object.<init> ()V
   L0
    LDC -2147483608
    ALOAD 0
    LDC "<init>"
    LDC "()V"
    BIPUSH 0
    ANEWARRAY java/lang/Object
    INVOKESTATIC org/evosuite/testcarver/capture/Capturer.capture (ILjava/lang/Object;Ljava/lang/String;Ljava/lang/String;[Ljava/lang/Object;)V
    ALOAD 0
    INVOKEVIRTUAL com/examples/with/different/packagename/testcarver/DateConverterTest3._sw_prototype_original_init_sw_prototype_original_ ()V
    GOTO L3
   L1
   FRAME SAME1 java/lang/Throwable
    ASTORE 1
    LDC -2147483608
    ALOAD 0
    GETSTATIC org/evosuite/testcarver/capture/CaptureLog.RETURN_TYPE_VOID : Ljava/lang/Object;
    INVOKESTATIC org/evosuite/testcarver/capture/Capturer.enable (ILjava/lang/Object;Ljava/lang/Object;)V
    ALOAD 1
    ATHROW
   L3
   FRAME SAME
    LDC -2147483608
    ALOAD 0
    GETSTATIC org/evosuite/testcarver/capture/CaptureLog.RETURN_TYPE_VOID : Ljava/lang/Object;
    INVOKESTATIC org/evosuite/testcarver/capture/Capturer.enable (ILjava/lang/Object;Ljava/lang/Object;)V
    RETURN
    MAXSTACK = 5
    MAXLOCALS = 0

  // access flags 0x1
  public testDefaultType()V
  @Lorg/junit/Test;()
    TRYCATCHBLOCK L0 L1 L1 java/lang/Throwable
   L0
    LDC -2147483607
    ALOAD 0
    LDC "testDefaultType"
    LDC "()V"
    BIPUSH 0
    ANEWARRAY java/lang/Object
    INVOKESTATIC org/evosuite/testcarver/capture/Capturer.capture (ILjava/lang/Object;Ljava/lang/String;Ljava/lang/String;[Ljava/lang/Object;)V
    ALOAD 0
    INVOKEVIRTUAL com/examples/with/different/packagename/testcarver/DateConverterTest3._sw_prototype_original_testDefaultType ()V
    GOTO L2
   L1
   FRAME SAME1 java/lang/Throwable
    ASTORE 1
    LDC -2147483607
    ALOAD 0
    GETSTATIC org/evosuite/testcarver/capture/CaptureLog.RETURN_TYPE_VOID : Ljava/lang/Object;
    INVOKESTATIC org/evosuite/testcarver/capture/Capturer.enable (ILjava/lang/Object;Ljava/lang/Object;)V
    ALOAD 1
    ATHROW
   L2
   FRAME SAME
    LDC -2147483607
    ALOAD 0
    GETSTATIC org/evosuite/testcarver/capture/CaptureLog.RETURN_TYPE_VOID : Ljava/lang/Object;
    INVOKESTATIC org/evosuite/testcarver/capture/Capturer.enable (ILjava/lang/Object;Ljava/lang/Object;)V
    RETURN
    MAXSTACK = 8
    MAXLOCALS = 0
}
INFO  org.evosuite.testcarver.extraction.CarvingClassLoader - Keeping class: com.examples.with.different.packagename.testcarver.DateConverterTest3
INFO  org.evosuite.testcarver.extraction.CarvingRunListener - Not yet reached maximum time to carve unit tests - executing test with carver
INFO  org.evosuite.testcarver.capture.Capturer - Starting Capturer...
INFO  org.evosuite.testcarver.capture.Capturer - Capturer has been started successfully
INFO  org.evosuite.testcarver.extraction.CarvingClassLoader - Seeing class for first time: com.examples.with.different.packagename.testcarver.ConversionException
WARN  org.evosuite.testcarver.extraction.CarvingClassLoader - Instrumenting class 'com.examples.with.different.packagename.testcarver.ConversionException'.
INFO  org.evosuite.testcarver.instrument.Instrumenter - Checking package com.examples.with.different.packagename.testcarver for class com/examples/with/different/packagename/testcarver/ConversionException
// class version 52.0 (52)
// access flags 0x21
public class com/examples/with/different/packagename/testcarver/ConversionException extends java/lang/RuntimeException {

  // compiled from: ConversionException.java

  // access flags 0x1A
  private final static J serialVersionUID = -3264207363344909775L

  // access flags 0x4
  protected Ljava/lang/Throwable; cause

  // access flags 0x2
  private _sw_prototype_original_init_sw_prototype_original_(Ljava/lang/String;)V
    ALOAD 0
    INVOKESTATIC org/evosuite/testcarver/capture/FieldRegistry.register (Ljava/lang/Object;)V
   L0
    LINENUMBER 85 L0
    ALOAD 0
    ACONST_NULL
    DUP2
    PUTFIELD com/examples/with/different/packagename/testcarver/ConversionException.cause : Ljava/lang/Throwable;
    POP
    LDC -2147483606
    LDC "com/examples/with/different/packagename/testcarver/ConversionException"
    LDC "cause"
    LDC "Ljava/lang/Throwable;"
    INVOKESTATIC org/evosuite/testcarver/capture/FieldRegistry.notifyModification (Ljava/lang/Object;ILjava/lang/String;Ljava/lang/String;Ljava/lang/String;)V
   L1
    LINENUMBER 48 L1
    RETURN
   L2
    LOCALVARIABLE this Lcom/examples/with/different/packagename/testcarver/ConversionException; L3 L2 0
    LOCALVARIABLE message Ljava/lang/String; L3 L2 1
    MAXSTACK = 6
    MAXLOCALS = 2

  // access flags 0x2
  private _sw_prototype_original_init_sw_prototype_original_(Ljava/lang/String;Ljava/lang/Throwable;)V
    ALOAD 0
    INVOKESTATIC org/evosuite/testcarver/capture/FieldRegistry.register (Ljava/lang/Object;)V
   L0
    LINENUMBER 85 L0
    ALOAD 0
    ACONST_NULL
    DUP2
    PUTFIELD com/examples/with/different/packagename/testcarver/ConversionException.cause : Ljava/lang/Throwable;
    POP
    LDC -2147483603
    LDC "com/examples/with/different/packagename/testcarver/ConversionException"
    LDC "cause"
    LDC "Ljava/lang/Throwable;"
    INVOKESTATIC org/evosuite/testcarver/capture/FieldRegistry.notifyModification (Ljava/lang/Object;ILjava/lang/String;Ljava/lang/String;Ljava/lang/String;)V
   L1
    LINENUMBER 60 L1
    ALOAD 0
    ALOAD 2
    DUP2
    PUTFIELD com/examples/with/different/packagename/testcarver/ConversionException.cause : Ljava/lang/Throwable;
    POP
    LDC -2147483601
    LDC "com/examples/with/different/packagename/testcarver/ConversionException"
    LDC "cause"
    LDC "Ljava/lang/Throwable;"
    INVOKESTATIC org/evosuite/testcarver/capture/FieldRegistry.notifyModification (Ljava/lang/Object;ILjava/lang/String;Ljava/lang/String;Ljava/lang/String;)V
   L2
    LINENUMBER 62 L2
    RETURN
   L3
    LOCALVARIABLE this Lcom/examples/with/different/packagename/testcarver/ConversionException; L4 L3 0
    LOCALVARIABLE message Ljava/lang/String; L4 L3 1
    LOCALVARIABLE cause Ljava/lang/Throwable; L4 L3 2
    MAXSTACK = 6
    MAXLOCALS = 3

  // access flags 0x2
  private _sw_prototype_original_init_sw_prototype_original_(Ljava/lang/Throwable;)V
    ALOAD 0
    INVOKESTATIC org/evosuite/testcarver/capture/FieldRegistry.register (Ljava/lang/Object;)V
   L0
    LINENUMBER 85 L0
    ALOAD 0
    ACONST_NULL
    DUP2
    PUTFIELD com/examples/with/different/packagename/testcarver/ConversionException.cause : Ljava/lang/Throwable;
    POP
    LDC -2147483598
    LDC "com/examples/with/different/packagename/testcarver/ConversionException"
    LDC "cause"
    LDC "Ljava/lang/Throwable;"
    INVOKESTATIC org/evosuite/testcarver/capture/FieldRegistry.notifyModification (Ljava/lang/Object;ILjava/lang/String;Ljava/lang/String;Ljava/lang/String;)V
   L1
    LINENUMBER 73 L1
    ALOAD 0
    ALOAD 1
    DUP2
    PUTFIELD com/examples/with/different/packagename/testcarver/ConversionException.cause : Ljava/lang/Throwable;
    POP
    LDC -2147483596
    LDC "com/examples/with/different/packagename/testcarver/ConversionException"
    LDC "cause"
    LDC "Ljava/lang/Throwable;"
    INVOKESTATIC org/evosuite/testcarver/capture/FieldRegistry.notifyModification (Ljava/lang/Object;ILjava/lang/String;Ljava/lang/String;Ljava/lang/String;)V
   L2
    LINENUMBER 75 L2
    RETURN
   L3
    LOCALVARIABLE this Lcom/examples/with/different/packagename/testcarver/ConversionException; L4 L3 0
    LOCALVARIABLE cause Ljava/lang/Throwable; L4 L3 1
    MAXSTACK = 6
    MAXLOCALS = 2

  // access flags 0x2
  private _sw_prototype_original_getCause()Ljava/lang/Throwable;
   L0
    LINENUMBER 93 L0
    ALOAD 0
    DUP
    GETFIELD com/examples/with/different/packagename/testcarver/ConversionException.cause : Ljava/lang/Throwable;
    SWAP
    LDC -2147483593
    LDC "com/examples/with/different/packagename/testcarver/ConversionException"
    LDC "cause"
    LDC "Ljava/lang/Throwable;"
    INVOKESTATIC org/evosuite/testcarver/capture/FieldRegistry.notifyReadAccess (Ljava/lang/Object;ILjava/lang/String;Ljava/lang/String;Ljava/lang/String;)V
    ARETURN
   L1
    LOCALVARIABLE this Lcom/examples/with/different/packagename/testcarver/ConversionException; L0 L1 0
    MAXSTACK = 5
    MAXLOCALS = 1

  // access flags 0x1
  public <init>(Ljava/lang/String;)V
    TRYCATCHBLOCK L0 L1 L1 java/lang/Throwable
   L2
    LINENUMBER 46 L2
    ALOAD 0
    ALOAD 1
    INVOKESPECIAL java/lang/RuntimeException.<init> (Ljava/lang/String;)V
   L0
    LDC -2147483604
    ALOAD 0
    LDC "<init>"
    LDC "(Ljava/lang/String;)V"
    BIPUSH 1
    ANEWARRAY java/lang/Object
    DUP
    BIPUSH 0
    ALOAD 1
    AASTORE
    INVOKESTATIC org/evosuite/testcarver/capture/Capturer.capture (ILjava/lang/Object;Ljava/lang/String;Ljava/lang/String;[Ljava/lang/Object;)V
    ALOAD 0
    ALOAD 1
    INVOKEVIRTUAL com/examples/with/different/packagename/testcarver/ConversionException._sw_prototype_original_init_sw_prototype_original_ (Ljava/lang/String;)V
    GOTO L3
   L1
   FRAME SAME1 java/lang/Throwable
    ASTORE 2
    LDC -2147483604
    ALOAD 0
    GETSTATIC org/evosuite/testcarver/capture/CaptureLog.RETURN_TYPE_VOID : Ljava/lang/Object;
    INVOKESTATIC org/evosuite/testcarver/capture/Capturer.enable (ILjava/lang/Object;Ljava/lang/Object;)V
    ALOAD 2
    ATHROW
   L3
   FRAME SAME
    LDC -2147483604
    ALOAD 0
    GETSTATIC org/evosuite/testcarver/capture/CaptureLog.RETURN_TYPE_VOID : Ljava/lang/Object;
    INVOKESTATIC org/evosuite/testcarver/capture/Capturer.enable (ILjava/lang/Object;Ljava/lang/Object;)V
    RETURN
    MAXSTACK = 6
    MAXLOCALS = 0

  // access flags 0x1
  public <init>(Ljava/lang/String;Ljava/lang/Throwable;)V
    TRYCATCHBLOCK L0 L1 L1 java/lang/Throwable
   L2
    LINENUMBER 59 L2
    ALOAD 0
    ALOAD 1
    INVOKESPECIAL java/lang/RuntimeException.<init> (Ljava/lang/String;)V
   L0
    LDC -2147483599
    ALOAD 0
    LDC "<init>"
    LDC "(Ljava/lang/String;Ljava/lang/Throwable;)V"
    BIPUSH 2
    ANEWARRAY java/lang/Object
    DUP
    BIPUSH 0
    ALOAD 1
    AASTORE
    DUP
    BIPUSH 1
    ALOAD 2
    AASTORE
    INVOKESTATIC org/evosuite/testcarver/capture/Capturer.capture (ILjava/lang/Object;Ljava/lang/String;Ljava/lang/String;[Ljava/lang/Object;)V
    ALOAD 0
    ALOAD 1
    ALOAD 2
    INVOKEVIRTUAL com/examples/with/different/packagename/testcarver/ConversionException._sw_prototype_original_init_sw_prototype_original_ (Ljava/lang/String;Ljava/lang/Throwable;)V
    GOTO L3
   L1
   FRAME SAME1 java/lang/Throwable
    ASTORE 3
    LDC -2147483599
    ALOAD 0
    GETSTATIC org/evosuite/testcarver/capture/CaptureLog.RETURN_TYPE_VOID : Ljava/lang/Object;
    INVOKESTATIC org/evosuite/testcarver/capture/Capturer.enable (ILjava/lang/Object;Ljava/lang/Object;)V
    ALOAD 3
    ATHROW
   L3
   FRAME SAME
    LDC -2147483599
    ALOAD 0
    GETSTATIC org/evosuite/testcarver/capture/CaptureLog.RETURN_TYPE_VOID : Ljava/lang/Object;
    INVOKESTATIC org/evosuite/testcarver/capture/Capturer.enable (ILjava/lang/Object;Ljava/lang/Object;)V
    RETURN
    MAXSTACK = 6
    MAXLOCALS = 0

  // access flags 0x1
  public <init>(Ljava/lang/Throwable;)V
    TRYCATCHBLOCK L0 L1 L1 java/lang/Throwable
   L2
    LINENUMBER 72 L2
    ALOAD 0
    ALOAD 1
    INVOKEVIRTUAL java/lang/Throwable.getMessage ()Ljava/lang/String;
    INVOKESPECIAL java/lang/RuntimeException.<init> (Ljava/lang/String;)V
   L0
    LDC -2147483594
    ALOAD 0
    LDC "<init>"
    LDC "(Ljava/lang/Throwable;)V"
    BIPUSH 1
    ANEWARRAY java/lang/Object
    DUP
    BIPUSH 0
    ALOAD 1
    AASTORE
    INVOKESTATIC org/evosuite/testcarver/capture/Capturer.capture (ILjava/lang/Object;Ljava/lang/String;Ljava/lang/String;[Ljava/lang/Object;)V
    ALOAD 0
    ALOAD 1
    INVOKEVIRTUAL com/examples/with/different/packagename/testcarver/ConversionException._sw_prototype_original_init_sw_prototype_original_ (Ljava/lang/Throwable;)V
    GOTO L3
   L1
   FRAME SAME1 java/lang/Throwable
    ASTORE 2
    LDC -2147483594
    ALOAD 0
    GETSTATIC org/evosuite/testcarver/capture/CaptureLog.RETURN_TYPE_VOID : Ljava/lang/Object;
    INVOKESTATIC org/evosuite/testcarver/capture/Capturer.enable (ILjava/lang/Object;Ljava/lang/Object;)V
    ALOAD 2
    ATHROW
   L3
   FRAME SAME
    LDC -2147483594
    ALOAD 0
    GETSTATIC org/evosuite/testcarver/capture/CaptureLog.RETURN_TYPE_VOID : Ljava/lang/Object;
    INVOKESTATIC org/evosuite/testcarver/capture/Capturer.enable (ILjava/lang/Object;Ljava/lang/Object;)V
    RETURN
    MAXSTACK = 6
    MAXLOCALS = 0

  // access flags 0x1
  public getCause()Ljava/lang/Throwable;
    TRYCATCHBLOCK L0 L1 L2 java/lang/Throwable
    ACONST_NULL
    ASTORE 1
   L0
    LDC -2147483592
    ALOAD 0
    LDC "getCause"
    LDC "()Ljava/lang/Throwable;"
    BIPUSH 0
    ANEWARRAY java/lang/Object
    INVOKESTATIC org/evosuite/testcarver/capture/Capturer.capture (ILjava/lang/Object;Ljava/lang/String;Ljava/lang/String;[Ljava/lang/Object;)V
    ALOAD 0
    INVOKEVIRTUAL com/examples/with/different/packagename/testcarver/ConversionException._sw_prototype_original_getCause ()Ljava/lang/Throwable;
    ASTORE 1
    ALOAD 1
    ASTORE 3
   L1
    LDC -2147483592
    ALOAD 0
    ALOAD 1
    INVOKESTATIC org/evosuite/testcarver/capture/Capturer.enable (ILjava/lang/Object;Ljava/lang/Object;)V
    ALOAD 3
    ARETURN
   L2
   FRAME FULL [com/examples/with/different/packagename/testcarver/ConversionException java/lang/Throwable] [java/lang/Throwable]
    ASTORE 2
    LDC -2147483592
    ALOAD 0
    ALOAD 1
    INVOKESTATIC org/evosuite/testcarver/capture/Capturer.enable (ILjava/lang/Object;Ljava/lang/Object;)V
    ALOAD 2
    ATHROW
    MAXSTACK = 5
    MAXLOCALS = 0
}
INFO  org.evosuite.testcarver.extraction.CarvingClassLoader - Keeping class: com.examples.with.different.packagename.testcarver.ConversionException
INFO  org.evosuite.testcarver.capture.Capturer - Stopping Capturer...
INFO  org.evosuite.testcarver.capture.Capturer - Capturer has been stopped successfully
INFO  evo_logger -  - Carving test com.examples.with.different.packagename.testcarver.DateConverterTest3.testDefaultType
INFO  org.evosuite.instrumentation.InstrumentingClassLoader - Seeing class for first time: com.examples.with.different.packagename.testcarver.ConversionException
INFO  org.evosuite.instrumentation.BytecodeInstrumentation - Starting transformation of com/examples/with/different/packagename/testcarver/ConversionException
INFO  org.evosuite.runtime.instrumentation.MethodCallReplacementClassAdapter - Adding mock interface to class com/examples/with/different/packagename/testcarver/ConversionException
INFO  org.evosuite.instrumentation.EndOfClassInitializerVisitor - Creating <clinit> in class com/examples/with/different/packagename/testcarver/ConversionException
INFO  org.evosuite.runtime.instrumentation.CreateClassResetClassAdapter - Found static initializer in class com/examples/with/different/packagename/testcarver/ConversionException
INFO  org.evosuite.instrumentation.InstrumentingClassLoader - Loaded class: com.examples.with.different.packagename.testcarver.ConversionException
INFO  org.evosuite.testcarver.extraction.CarvingRunListener - Carved test of length 6
INFO  org.evosuite.utils.generic.GenericTypeInference - Type map empty
INFO  org.evosuite.testcarver.extraction.CarvingManager - Result: 1/1
INFO  org.evosuite.testcarver.extraction.CarvingManager - Failure: TYPE  expected:<class java.util.Date> but was:<class org.evosuite.testcarver.wrapper.java.util.Date>
INFO  org.evosuite.testcarver.extraction.CarvingManager - Exception: {}
java.lang.AssertionError: TYPE  expected:<class java.util.Date> but was:<class org.evosuite.testcarver.wrapper.java.util.Date>
	at org.junit.Assert.fail(Assert.java:89)
	at org.junit.Assert.failNotEquals(Assert.java:835)
	at org.junit.Assert.assertEquals(Assert.java:120)
	at com.examples.with.different.packagename.testcarver.DateConverterTest3._sw_prototype_original_testDefaultType(DateConverterTest3.java:166)
	at com.examples.with.different.packagename.testcarver.DateConverterTest3.testDefaultType(DateConverterTest3.java)
	at java.base/jdk.internal.reflect.DirectMethodHandleAccessor.invoke(DirectMethodHandleAccessor.java:103)
	at java.base/java.lang.reflect.Method.invoke(Method.java:580)
	at org.junit.runners.model.FrameworkMethod$1.runReflectiveCall(FrameworkMethod.java:59)
	at org.junit.internal.runners.model.ReflectiveCallable.run(ReflectiveCallable.java:12)
	at org.junit.runners.model.FrameworkMethod.invokeExplosively(FrameworkMethod.java:56)
	at org.junit.internal.runners.statements.InvokeMethod.evaluate(InvokeMethod.java:17)
	at org.junit.runners.ParentRunner$3.evaluate(ParentRunner.java:306)
	at org.junit.runners.BlockJUnit4ClassRunner$1.evaluate(BlockJUnit4ClassRunner.java:100)
	at org.junit.runners.ParentRunner.runLeaf(ParentRunner.java:366)
	at org.junit.runners.BlockJUnit4ClassRunner.runChild(BlockJUnit4ClassRunner.java:103)
	at org.junit.runners.BlockJUnit4ClassRunner.runChild(BlockJUnit4ClassRunner.java:63)
	at org.junit.runners.ParentRunner$4.run(ParentRunner.java:331)
	at org.junit.runners.ParentRunner$1.schedule(ParentRunner.java:79)
	at org.junit.runners.ParentRunner.runChildren(ParentRunner.java:329)
	at org.junit.runners.ParentRunner.access$100(ParentRunner.java:66)
	at org.junit.runners.ParentRunner$2.evaluate(ParentRunner.java:293)
	at org.junit.runners.ParentRunner$3.evaluate(ParentRunner.java:306)
	at org.junit.runners.ParentRunner.run(ParentRunner.java:413)
	at org.junit.runners.Suite.runChild(Suite.java:128)
	at org.junit.runners.Suite.runChild(Suite.java:27)
	at org.junit.runners.ParentRunner$4.run(ParentRunner.java:331)
	at org.junit.runners.ParentRunner$1.schedule(ParentRunner.java:79)
	at org.junit.runners.ParentRunner.runChildren(ParentRunner.java:329)
	at org.junit.runners.ParentRunner.access$100(ParentRunner.java:66)
	at org.junit.runners.ParentRunner$2.evaluate(ParentRunner.java:293)
	at org.junit.runners.ParentRunner$3.evaluate(ParentRunner.java:306)
	at org.junit.runners.ParentRunner.run(ParentRunner.java:413)
	at org.junit.runner.JUnitCore.run(JUnitCore.java:137)
	at org.junit.runner.JUnitCore.run(JUnitCore.java:115)
	at org.junit.runner.JUnitCore.run(JUnitCore.java:105)
	at org.junit.runner.JUnitCore.run(JUnitCore.java:94)
	at org.evosuite.testcarver.extraction.CarvingManager.readTestCases(CarvingManager.java:129)
	at org.evosuite.testcarver.extraction.CarvingManager.getTestsForClass(CarvingManager.java:216)
	at org.evosuite.testcase.factories.JUnitTestCarvedChromosomeFactory.readTestCases(JUnitTestCarvedChromosomeFactory.java:75)
	at org.evosuite.testcase.factories.JUnitTestCarvedChromosomeFactory.<init>(JUnitTestCarvedChromosomeFactory.java:68)
	at org.evosuite.testcase.JUnitTestCarvedChromosomeFactorySystemTest.testBeanDateConverterUtils3(JUnitTestCarvedChromosomeFactorySystemTest.java:503)
	at java.base/jdk.internal.reflect.DirectMethodHandleAccessor.invoke(DirectMethodHandleAccessor.java:103)
	at java.base/java.lang.reflect.Method.invoke(Method.java:580)
	at org.junit.runners.model.FrameworkMethod$1.runReflectiveCall(FrameworkMethod.java:59)
	at org.junit.internal.runners.model.ReflectiveCallable.run(ReflectiveCallable.java:12)
	at org.junit.runners.model.FrameworkMethod.invokeExplosively(FrameworkMethod.java:56)
	at org.junit.internal.runners.statements.InvokeMethod.evaluate(InvokeMethod.java:17)
	at org.junit.internal.runners.statements.RunBefores.evaluate(RunBefores.java:26)
	at org.junit.internal.runners.statements.RunAfters.evaluate(RunAfters.java:27)
	at org.junit.rules.TestWatcher$1.evaluate(TestWatcher.java:61)
	at org.junit.runners.ParentRunner$3.evaluate(ParentRunner.java:306)
	at org.junit.runners.BlockJUnit4ClassRunner$1.evaluate(BlockJUnit4ClassRunner.java:100)
	at org.junit.runners.ParentRunner.runLeaf(ParentRunner.java:366)
	at org.junit.runners.BlockJUnit4ClassRunner.runChild(BlockJUnit4ClassRunner.java:103)
	at org.junit.runners.BlockJUnit4ClassRunner.runChild(BlockJUnit4ClassRunner.java:63)
	at org.junit.runners.ParentRunner$4.run(ParentRunner.java:331)
	at org.junit.runners.ParentRunner$1.schedule(ParentRunner.java:79)
	at org.junit.runners.ParentRunner.runChildren(ParentRunner.java:329)
	at org.junit.runners.ParentRunner.access$100(ParentRunner.java:66)
	at org.junit.runners.ParentRunner$2.evaluate(ParentRunner.java:293)
	at org.junit.runners.ParentRunner$3.evaluate(ParentRunner.java:306)
	at org.junit.runners.ParentRunner.run(ParentRunner.java:413)
	at org.apache.maven.surefire.junit4.JUnit4Provider.execute(JUnit4Provider.java:316)
	at org.apache.maven.surefire.junit4.JUnit4Provider.executeWithRerun(JUnit4Provider.java:240)
	at org.apache.maven.surefire.junit4.JUnit4Provider.executeTestSet(JUnit4Provider.java:214)
	at org.apache.maven.surefire.junit4.JUnit4Provider.invoke(JUnit4Provider.java:155)
	at org.apache.maven.surefire.booter.ForkedBooter.runSuitesInProcess(ForkedBooter.java:385)
	at org.apache.maven.surefire.booter.ForkedBooter.execute(ForkedBooter.java:162)
	at org.apache.maven.surefire.booter.ForkedBooter.run(ForkedBooter.java:507)
	at org.apache.maven.surefire.booter.ForkedBooter.main(ForkedBooter.java:495)
INFO  org.evosuite.testcase.execution.TestCaseExecutor - No stalled threads
INFO  org.evosuite.testcarver.extraction.CarvingManager - Adding carved test without exception
INFO  org.evosuite.testcarver.extraction.CarvingManager - DateConverter dateConverter0 = new DateConverter();
String string0 = "yyyy-MM-dd";
dateConverter0.setPattern(string0);
String string1 = "2006-10-29";
Class class0 = null;
dateConverter0.convert(class0, string1);

INFO  evo_logger -  -> Carved 1 tests for class class com.examples.with.different.packagename.testcarver.DateConverter from existing JUnit tests
INFO  evo_logger - * Using 1 carved tests from existing JUnit tests for seeding
INFO  org.evosuite.coverage.branch.BranchCoverageSuiteFitness - Total branch coverage goals: 3
INFO  org.evosuite.coverage.branch.BranchCoverageSuiteFitness - Total branches: 0
INFO  org.evosuite.coverage.branch.BranchCoverageSuiteFitness - Total branchless methods: 3
INFO  org.evosuite.coverage.branch.BranchCoverageSuiteFitness - Total methods: 3: [com.examples.with.different.packagename.testcarver.DateConverter.getDefaultType()Ljava/lang/Class;, com.examples.with.different.packagename.testcarver.DateConverter.<init>(Ljava/lang/Object;)V, com.examples.with.different.packagename.testcarver.DateConverter.<init>()V]
INFO  org.evosuite.coverage.branch.BranchCoverageSuiteFitness - (Methods) Best individual covers 0/0 branches and 2/3 methods
INFO  org.evosuite.coverage.branch.BranchCoverageSuiteFitness - Fitness: 1.0, size: 1, length: 6
INFO  org.evosuite.coverage.branch.BranchCoverageSuiteFitness - (Fitness) Best individual covers 0/0 branches and 2/3 methods
INFO  org.evosuite.coverage.branch.BranchCoverageSuiteFitness - Fitness: 1.0, size: 1, length: 6
INFO  org.evosuite.testcase.factories.JUnitTestCarvedChromosomeFactory - Cloning user test
DateConverter dateConverter0 = new DateConverter();
String string0 = "yyyy-MM-dd";
dateConverter0.setPattern(string0);
String string1 = "2006-10-29";
Class class0 = null;
dateConverter0.convert(class0, string1);

INFO  org.evosuite.TestGenerationContext - *** Resetting context
INFO  org.evosuite.testcase.execution.TestCaseExecutor - TestCaseExecutor instance is non-null, but its actual executor is null
INFO  org.evosuite.TestGenerationContext - *** Resetting context
INFO  org.evosuite.testcase.execution.TestCaseExecutor - TestCaseExecutor instance is non-null, but its actual executor is null
INFO  org.evosuite.instrumentation.InstrumentingClassLoader - Seeing class for first time: com.examples.with.different.packagename.testcarver.DateConverter
INFO  org.evosuite.instrumentation.BytecodeInstrumentation - Starting transformation of com/examples/with/different/packagename/testcarver/DateConverter
INFO  org.evosuite.instrumentation.testability.StringTransformation - Current method: <init>
INFO  org.evosuite.instrumentation.testability.StringTransformation - Current method: <init>
INFO  org.evosuite.instrumentation.testability.StringTransformation - Current method: getDefaultType
INFO  org.evosuite.runtime.instrumentation.MethodCallReplacementClassAdapter - Adding mock interface to class com/examples/with/different/packagename/testcarver/DateConverter
INFO  org.evosuite.graphs.cfg.CFGClassAdapter - Analyzing CFG of com/examples/with/different/packagename/testcarver/DateConverter
INFO  org.evosuite.graphs.cfg.CFGMethodAdapter - Analyzing method <init>()V in class com.examples.with.different.packagename.testcarver.DateConverter
INFO  org.evosuite.graphs.cfg.CFGMethodAdapter - Generating CFG for method <init>()V
INFO  org.evosuite.graphs.cfg.RawControlFlowGraph - Creating new RawCFG for com.examples.with.different.packagename.testcarver.DateConverter.<init>()V: 0
INFO  org.evosuite.graphs.cfg.CFGMethodAdapter - Created CFG for method <init>()V
INFO  org.evosuite.graphs.cfg.CFGMethodAdapter - Instrumenting method <init>()V in class com.examples.with.different.packagename.testcarver.DateConverter
INFO  org.evosuite.graphs.cfg.CFGClassAdapter - Analyzing CFG of com/examples/with/different/packagename/testcarver/DateConverter
INFO  org.evosuite.graphs.cfg.CFGMethodAdapter - Analyzing method <init>(Ljava/lang/Object;)V in class com.examples.with.different.packagename.testcarver.DateConverter
INFO  org.evosuite.graphs.cfg.CFGMethodAdapter - Generating CFG for method <init>(Ljava/lang/Object;)V
INFO  org.evosuite.graphs.cfg.RawControlFlowGraph - Creating new RawCFG for com.examples.with.different.packagename.testcarver.DateConverter.<init>(Ljava/lang/Object;)V: 0
INFO  org.evosuite.graphs.cfg.CFGMethodAdapter - Created CFG for method <init>(Ljava/lang/Object;)V
INFO  org.evosuite.graphs.cfg.CFGMethodAdapter - Instrumenting method <init>(Ljava/lang/Object;)V in class com.examples.with.different.packagename.testcarver.DateConverter
INFO  org.evosuite.graphs.cfg.CFGClassAdapter - Analyzing CFG of com/examples/with/different/packagename/testcarver/DateConverter
INFO  org.evosuite.graphs.cfg.CFGMethodAdapter - Analyzing method getDefaultType()Ljava/lang/Class; in class com.examples.with.different.packagename.testcarver.DateConverter
INFO  org.evosuite.graphs.cfg.CFGMethodAdapter - Generating CFG for method getDefaultType()Ljava/lang/Class;
INFO  org.evosuite.graphs.cfg.RawControlFlowGraph - Creating new RawCFG for com.examples.with.different.packagename.testcarver.DateConverter.getDefaultType()Ljava/lang/Class;: 0
INFO  org.evosuite.graphs.cfg.CFGMethodAdapter - Created CFG for method getDefaultType()Ljava/lang/Class;
INFO  org.evosuite.graphs.cfg.CFGMethodAdapter - Instrumenting method getDefaultType()Ljava/lang/Class; in class com.examples.with.different.packagename.testcarver.DateConverter
INFO  org.evosuite.runtime.instrumentation.CreateClassResetClassAdapter - Creating brand-new static initializer in class com/examples/with/different/packagename/testcarver/DateConverter
INFO  org.evosuite.instrumentation.InstrumentingClassLoader - Seeing class for first time: com.examples.with.different.packagename.testcarver.DateTimeConverter
INFO  org.evosuite.instrumentation.BytecodeInstrumentation - Starting transformation of com/examples/with/different/packagename/testcarver/DateTimeConverter
INFO  org.evosuite.runtime.instrumentation.MethodCallReplacementClassAdapter - Adding mock interface to class com/examples/with/different/packagename/testcarver/DateTimeConverter
INFO  org.evosuite.runtime.instrumentation.CreateClassResetClassAdapter - Creating brand-new static initializer in class com/examples/with/different/packagename/testcarver/DateTimeConverter
INFO  org.evosuite.instrumentation.InstrumentingClassLoader - Seeing class for first time: com.examples.with.different.packagename.testcarver.AbstractConverter
INFO  org.evosuite.instrumentation.BytecodeInstrumentation - Starting transformation of com/examples/with/different/packagename/testcarver/AbstractConverter
INFO  org.evosuite.runtime.instrumentation.MethodCallReplacementClassAdapter - Adding mock interface to class com/examples/with/different/packagename/testcarver/AbstractConverter
INFO  org.evosuite.instrumentation.EndOfClassInitializerVisitor - Creating <clinit> in class com/examples/with/different/packagename/testcarver/AbstractConverter
INFO  org.evosuite.runtime.instrumentation.CreateClassResetClassAdapter - Found static initializer in class com/examples/with/different/packagename/testcarver/AbstractConverter
INFO  org.evosuite.instrumentation.InstrumentingClassLoader - Seeing class for first time: com.examples.with.different.packagename.testcarver.Converter
INFO  org.evosuite.instrumentation.BytecodeInstrumentation - Starting transformation of com/examples/with/different/packagename/testcarver/Converter
INFO  org.evosuite.instrumentation.InstrumentingClassLoader - Loaded class: com.examples.with.different.packagename.testcarver.Converter
INFO  org.evosuite.instrumentation.InstrumentingClassLoader - Loaded class: com.examples.with.different.packagename.testcarver.AbstractConverter
INFO  org.evosuite.instrumentation.InstrumentingClassLoader - Loaded class: com.examples.with.different.packagename.testcarver.DateTimeConverter
INFO  org.evosuite.instrumentation.InstrumentingClassLoader - Loaded class: com.examples.with.different.packagename.testcarver.DateConverter
INFO  evo_logger - * Executing tests from 1 test class for carving
INFO  org.evosuite.testcarver.extraction.CarvingClassLoader - Seeing class for first time: com.examples.with.different.packagename.testcarver.DateConverter
WARN  org.evosuite.testcarver.extraction.CarvingClassLoader - Instrumenting class 'com.examples.with.different.packagename.testcarver.DateConverter'.
INFO  org.evosuite.testcarver.instrument.Instrumenter - Checking package com.examples.with.different.packagename.testcarver for class com/examples/with/different/packagename/testcarver/DateConverter
// class version 52.0 (52)
// access flags 0x31
public final class com/examples/with/different/packagename/testcarver/DateConverter extends com/examples/with/different/packagename/testcarver/DateTimeConverter {

  // compiled from: DateConverter.java

  // access flags 0x2
  private _sw_prototype_original_init_sw_prototype_original_()V
    ALOAD 0
    INVOKESTATIC org/evosuite/testcarver/capture/FieldRegistry.register (Ljava/lang/Object;)V
   L0
    LINENUMBER 47 L0
    RETURN
   L1
    LOCALVARIABLE this Lcom/examples/with/different/packagename/testcarver/DateConverter; L2 L1 0
    MAXSTACK = 5
    MAXLOCALS = 1

  // access flags 0x2
  private _sw_prototype_original_init_sw_prototype_original_(Ljava/lang/Object;)V
    ALOAD 0
    INVOKESTATIC org/evosuite/testcarver/capture/FieldRegistry.register (Ljava/lang/Object;)V
   L0
    LINENUMBER 59 L0
    RETURN
   L1
    LOCALVARIABLE this Lcom/examples/with/different/packagename/testcarver/DateConverter; L2 L1 0
    LOCALVARIABLE defaultValue Ljava/lang/Object; L2 L1 1
    MAXSTACK = 6
    MAXLOCALS = 2

  // access flags 0x4
  protected getDefaultType()Ljava/lang/Class;
   L0
    LINENUMBER 67 L0
    LDC Ljava/util/Date;.class
    ARETURN
   L1
    LOCALVARIABLE this Lcom/examples/with/different/packagename/testcarver/DateConverter; L0 L1 0
    MAXSTACK = 1
    MAXLOCALS = 1

  // access flags 0x1
  public <init>()V
    TRYCATCHBLOCK L0 L1 L1 java/lang/Throwable
   L2
    LINENUMBER 46 L2
    ALOAD 0
    INVOKESPECIAL com/examples/with/different/packagename/testcarver/DateTimeConverter.<init> ()V
   L0
    LDC -2147483644
    ALOAD 0
    LDC "<init>"
    LDC "()V"
    BIPUSH 0
    ANEWARRAY java/lang/Object
    INVOKESTATIC org/evosuite/testcarver/capture/Capturer.capture (ILjava/lang/Object;Ljava/lang/String;Ljava/lang/String;[Ljava/lang/Object;)V
    ALOAD 0
    INVOKEVIRTUAL com/examples/with/different/packagename/testcarver/DateConverter._sw_prototype_original_init_sw_prototype_original_ ()V
    GOTO L3
   L1
   FRAME SAME1 java/lang/Throwable
    ASTORE 1
    LDC -2147483644
    ALOAD 0
    GETSTATIC org/evosuite/testcarver/capture/CaptureLog.RETURN_TYPE_VOID : Ljava/lang/Object;
    INVOKESTATIC org/evosuite/testcarver/capture/Capturer.enable (ILjava/lang/Object;Ljava/lang/Object;)V
    ALOAD 1
    ATHROW
   L3
   FRAME SAME
    LDC -2147483644
    ALOAD 0
    GETSTATIC org/evosuite/testcarver/capture/CaptureLog.RETURN_TYPE_VOID : Ljava/lang/Object;
    INVOKESTATIC org/evosuite/testcarver/capture/Capturer.enable (ILjava/lang/Object;Ljava/lang/Object;)V
    RETURN
    MAXSTACK = 5
    MAXLOCALS = 0

  // access flags 0x1
  public <init>(Ljava/lang/Object;)V
    TRYCATCHBLOCK L0 L1 L1 java/lang/Throwable
   L2
    LINENUMBER 58 L2
    ALOAD 0
    ALOAD 1
    INVOKESPECIAL com/examples/with/different/packagename/testcarver/DateTimeConverter.<init> (Ljava/lang/Object;)V
   L0
    LDC -2147483643
    ALOAD 0
    LDC "<init>"
    LDC "(Ljava/lang/Object;)V"
    BIPUSH 1
    ANEWARRAY java/lang/Object
    DUP
    BIPUSH 0
    ALOAD 1
    AASTORE
    INVOKESTATIC org/evosuite/testcarver/capture/Capturer.capture (ILjava/lang/Object;Ljava/lang/String;Ljava/lang/String;[Ljava/lang/Object;)V
    ALOAD 0
    ALOAD 1
    INVOKEVIRTUAL com/examples/with/different/packagename/testcarver/DateConverter._sw_prototype_original_init_sw_prototype_original_ (Ljava/lang/Object;)V
    GOTO L3
   L1
   FRAME SAME1 java/lang/Throwable
    ASTORE 2
    LDC -2147483643
    ALOAD 0
    GETSTATIC org/evosuite/testcarver/capture/CaptureLog.RETURN_TYPE_VOID : Ljava/lang/Object;
    INVOKESTATIC org/evosuite/testcarver/capture/Capturer.enable (ILjava/lang/Object;Ljava/lang/Object;)V
    ALOAD 2
    ATHROW
   L3
   FRAME SAME
    LDC -2147483643
    ALOAD 0
    GETSTATIC org/evosuite/testcarver/capture/CaptureLog.RETURN_TYPE_VOID : Ljava/lang/Object;
    INVOKESTATIC org/evosuite/testcarver/capture/Capturer.enable (ILjava/lang/Object;Ljava/lang/Object;)V
    RETURN
    MAXSTACK = 6
    MAXLOCALS = 0
}
INFO  org.evosuite.testcarver.extraction.CarvingClassLoader - Seeing class for first time: com.examples.with.different.packagename.testcarver.DateTimeConverter
WARN  org.evosuite.testcarver.extraction.CarvingClassLoader - Instrumenting class 'com.examples.with.different.packagename.testcarver.DateTimeConverter'.
INFO  org.evosuite.testcarver.instrument.Instrumenter - Checking package com.examples.with.different.packagename.testcarver for class com/examples/with/different/packagename/testcarver/DateTimeConverter
// class version 52.0 (52)
// access flags 0x421
public abstract class com/examples/with/different/packagename/testcarver/DateTimeConverter extends com/examples/with/different/packagename/testcarver/AbstractConverter {

  // compiled from: DateTimeConverter.java

  // access flags 0x2
  private [Ljava/lang/String; patterns

  // access flags 0x2
  private Ljava/lang/String; displayPatterns

  // access flags 0x2
  private Ljava/util/Locale; locale

  // access flags 0x2
  private Ljava/util/TimeZone; timeZone

  // access flags 0x2
  private Z useLocaleFormat

  // access flags 0x1
  public <init>()V
   L0
    LINENUMBER 99 L0
    ALOAD 0
    INVOKESPECIAL com/examples/with/different/packagename/testcarver/AbstractConverter.<init> ()V
   L1
    LINENUMBER 100 L1
    RETURN
   L2
    LOCALVARIABLE this Lcom/examples/with/different/packagename/testcarver/DateTimeConverter; L0 L2 0
    MAXSTACK = 1
    MAXLOCALS = 1

  // access flags 0x1
  public <init>(Ljava/lang/Object;)V
   L0
    LINENUMBER 111 L0
    ALOAD 0
    ALOAD 1
    INVOKESPECIAL com/examples/with/different/packagename/testcarver/AbstractConverter.<init> (Ljava/lang/Object;)V
   L1
    LINENUMBER 112 L1
    RETURN
   L2
    LOCALVARIABLE this Lcom/examples/with/different/packagename/testcarver/DateTimeConverter; L0 L2 0
    LOCALVARIABLE defaultValue Ljava/lang/Object; L0 L2 1
    MAXSTACK = 2
    MAXLOCALS = 2

  // access flags 0x2
  private _sw_prototype_original_setUseLocaleFormat(Z)V
   L0
    LINENUMBER 124 L0
    ALOAD 0
    ILOAD 1
    DUP2
    PUTFIELD com/examples/with/different/packagename/testcarver/DateTimeConverter.useLocaleFormat : Z
    POP
    LDC -2147483642
    LDC "com/examples/with/different/packagename/testcarver/DateTimeConverter"
    LDC "useLocaleFormat"
    LDC "Z"
    INVOKESTATIC org/evosuite/testcarver/capture/FieldRegistry.notifyModification (Ljava/lang/Object;ILjava/lang/String;Ljava/lang/String;Ljava/lang/String;)V
   L1
    LINENUMBER 125 L1
    RETURN
   L2
    LOCALVARIABLE this Lcom/examples/with/different/packagename/testcarver/DateTimeConverter; L0 L2 0
    LOCALVARIABLE useLocaleFormat Z L0 L2 1
    MAXSTACK = 6
    MAXLOCALS = 2

  // access flags 0x2
  private _sw_prototype_original_getTimeZone()Ljava/util/TimeZone;
   L0
    LINENUMBER 134 L0
    ALOAD 0
    DUP
    GETFIELD com/examples/with/different/packagename/testcarver/DateTimeConverter.timeZone : Ljava/util/TimeZone;
    SWAP
    LDC -2147483639
    LDC "com/examples/with/different/packagename/testcarver/DateTimeConverter"
    LDC "timeZone"
    LDC "Ljava/util/TimeZone;"
    INVOKESTATIC org/evosuite/testcarver/capture/FieldRegistry.notifyReadAccess (Ljava/lang/Object;ILjava/lang/String;Ljava/lang/String;Ljava/lang/String;)V
    ARETURN
   L1
    LOCALVARIABLE this Lcom/examples/with/different/packagename/testcarver/DateTimeConverter; L0 L1 0
    MAXSTACK = 5
    MAXLOCALS = 1

  // access flags 0x2
  private _sw_prototype_original_setTimeZone(Ljava/util/TimeZone;)V
   L0
    LINENUMBER 143 L0
    ALOAD 0
    ALOAD 1
    DUP2
    PUTFIELD com/examples/with/different/packagename/testcarver/DateTimeConverter.timeZone : Ljava/util/TimeZone;
    POP
    LDC -2147483637
    LDC "com/examples/with/different/packagename/testcarver/DateTimeConverter"
    LDC "timeZone"
    LDC "Ljava/util/TimeZone;"
    INVOKESTATIC org/evosuite/testcarver/capture/FieldRegistry.notifyModification (Ljava/lang/Object;ILjava/lang/String;Ljava/lang/String;Ljava/lang/String;)V
   L1
    LINENUMBER 144 L1
    RETURN
   L2
    LOCALVARIABLE this Lcom/examples/with/different/packagename/testcarver/DateTimeConverter; L0 L2 0
    LOCALVARIABLE timeZone Ljava/util/TimeZone; L0 L2 1
    MAXSTACK = 6
    MAXLOCALS = 2

  // access flags 0x2
  private _sw_prototype_original_getLocale()Ljava/util/Locale;
   L0
    LINENUMBER 153 L0
    ALOAD 0
    DUP
    GETFIELD com/examples/with/different/packagename/testcarver/DateTimeConverter.locale : Ljava/util/Locale;
    SWAP
    LDC -2147483634
    LDC "com/examples/with/different/packagename/testcarver/DateTimeConverter"
    LDC "locale"
    LDC "Ljava/util/Locale;"
    INVOKESTATIC org/evosuite/testcarver/capture/FieldRegistry.notifyReadAccess (Ljava/lang/Object;ILjava/lang/String;Ljava/lang/String;Ljava/lang/String;)V
    ARETURN
   L1
    LOCALVARIABLE this Lcom/examples/with/different/packagename/testcarver/DateTimeConverter; L0 L1 0
    MAXSTACK = 5
    MAXLOCALS = 1

  // access flags 0x2
  private _sw_prototype_original_setLocale(Ljava/util/Locale;)V
   L0
    LINENUMBER 162 L0
    ALOAD 0
    ALOAD 1
    DUP2
    PUTFIELD com/examples/with/different/packagename/testcarver/DateTimeConverter.locale : Ljava/util/Locale;
    POP
    LDC -2147483632
    LDC "com/examples/with/different/packagename/testcarver/DateTimeConverter"
    LDC "locale"
    LDC "Ljava/util/Locale;"
    INVOKESTATIC org/evosuite/testcarver/capture/FieldRegistry.notifyModification (Ljava/lang/Object;ILjava/lang/String;Ljava/lang/String;Ljava/lang/String;)V
   L1
    LINENUMBER 163 L1
    ALOAD 0
    ICONST_1
    INVOKEVIRTUAL com/examples/with/different/packagename/testcarver/DateTimeConverter.setUseLocaleFormat (Z)V
   L2
    LINENUMBER 164 L2
    RETURN
   L3
    LOCALVARIABLE this Lcom/examples/with/different/packagename/testcarver/DateTimeConverter; L0 L3 0
    LOCALVARIABLE locale Ljava/util/Locale; L0 L3 1
    MAXSTACK = 6
    MAXLOCALS = 2

  // access flags 0x2
  private _sw_prototype_original_setPattern(Ljava/lang/String;)V
   L0
    LINENUMBER 174 L0
    ALOAD 0
    ICONST_1
    ANEWARRAY java/lang/String
    DUP
    ICONST_0
    ALOAD 1
    AASTORE
    INVOKEVIRTUAL com/examples/with/different/packagename/testcarver/DateTimeConverter.setPatterns ([Ljava/lang/String;)V
   L1
    LINENUMBER 175 L1
    RETURN
   L2
    LOCALVARIABLE this Lcom/examples/with/different/packagename/testcarver/DateTimeConverter; L0 L2 0
    LOCALVARIABLE pattern Ljava/lang/String; L0 L2 1
    MAXSTACK = 9
    MAXLOCALS = 2

  // access flags 0x2
  private _sw_prototype_original_getPatterns()[Ljava/lang/String;
   L0
    LINENUMBER 186 L0
    ALOAD 0
    DUP
    GETFIELD com/examples/with/different/packagename/testcarver/DateTimeConverter.patterns : [Ljava/lang/String;
    SWAP
    LDC -2147483628
    LDC "com/examples/with/different/packagename/testcarver/DateTimeConverter"
    LDC "patterns"
    LDC "[Ljava/lang/String;"
    INVOKESTATIC org/evosuite/testcarver/capture/FieldRegistry.notifyReadAccess (Ljava/lang/Object;ILjava/lang/String;Ljava/lang/String;Ljava/lang/String;)V
    ARETURN
   L1
    LOCALVARIABLE this Lcom/examples/with/different/packagename/testcarver/DateTimeConverter; L0 L1 0
    MAXSTACK = 5
    MAXLOCALS = 1

  // access flags 0x2
  private _sw_prototype_original_setPatterns([Ljava/lang/String;)V
   L0
    LINENUMBER 197 L0
    ALOAD 0
    ALOAD 1
    DUP2
    PUTFIELD com/examples/with/different/packagename/testcarver/DateTimeConverter.patterns : [Ljava/lang/String;
    POP
    LDC -2147483626
    LDC "com/examples/with/different/packagename/testcarver/DateTimeConverter"
    LDC "patterns"
    LDC "[Ljava/lang/String;"
    INVOKESTATIC org/evosuite/testcarver/capture/FieldRegistry.notifyModification (Ljava/lang/Object;ILjava/lang/String;Ljava/lang/String;Ljava/lang/String;)V
   L1
    LINENUMBER 198 L1
    ALOAD 1
    IFNULL L2
    ALOAD 1
    ARRAYLENGTH
    ICONST_1
    IF_ICMPLE L2
   L3
    LINENUMBER 199 L3
    NEW java/lang/StringBuffer
    DUP
    INVOKESPECIAL java/lang/StringBuffer.<init> ()V
    ASTORE 2
   L4
    LINENUMBER 200 L4
    ICONST_0
    ISTORE 3
   L5
    ILOAD 3
    ALOAD 1
    ARRAYLENGTH
    IF_ICMPGE L6
   L7
    LINENUMBER 201 L7
    ILOAD 3
    IFLE L8
   L9
    LINENUMBER 202 L9
    ALOAD 2
    LDC ", "
    INVOKEVIRTUAL java/lang/StringBuffer.append (Ljava/lang/String;)Ljava/lang/StringBuffer;
    POP
   L8
    LINENUMBER 204 L8
    ALOAD 2
    ALOAD 1
    ILOAD 3
    AALOAD
    INVOKEVIRTUAL java/lang/StringBuffer.append (Ljava/lang/String;)Ljava/lang/StringBuffer;
    POP
   L10
    LINENUMBER 200 L10
    IINC 3 1
    GOTO L5
   L6
    LINENUMBER 206 L6
    ALOAD 0
    ALOAD 2
    INVOKEVIRTUAL java/lang/StringBuffer.toString ()Ljava/lang/String;
    DUP2
    PUTFIELD com/examples/with/different/packagename/testcarver/DateTimeConverter.displayPatterns : Ljava/lang/String;
    POP
    LDC -2147483624
    LDC "com/examples/with/different/packagename/testcarver/DateTimeConverter"
    LDC "displayPatterns"
    LDC "Ljava/lang/String;"
    INVOKESTATIC org/evosuite/testcarver/capture/FieldRegistry.notifyModification (Ljava/lang/Object;ILjava/lang/String;Ljava/lang/String;Ljava/lang/String;)V
   L2
    LINENUMBER 208 L2
    ALOAD 0
    ICONST_1
    INVOKEVIRTUAL com/examples/with/different/packagename/testcarver/DateTimeConverter.setUseLocaleFormat (Z)V
   L11
    LINENUMBER 209 L11
    RETURN
   L12
    LOCALVARIABLE i I L5 L6 3
    LOCALVARIABLE buffer Ljava/lang/StringBuffer; L4 L2 2
    LOCALVARIABLE this Lcom/examples/with/different/packagename/testcarver/DateTimeConverter; L0 L12 0
    LOCALVARIABLE patterns [Ljava/lang/String; L0 L12 1
    MAXSTACK = 7
    MAXLOCALS = 4

  // access flags 0x4
  protected convertToString(Ljava/lang/Object;)Ljava/lang/String; throws java/lang/Throwable
   L0
    LINENUMBER 228 L0
    ACONST_NULL
    ASTORE 2
   L1
    LINENUMBER 229 L1
    ALOAD 1
    INSTANCEOF java/util/Date
    IFEQ L2
   L3
    LINENUMBER 230 L3
    ALOAD 1
    CHECKCAST org/evosuite/testcarver/wrapper/java/util/Date
    ASTORE 2
    GOTO L4
   L2
    LINENUMBER 231 L2
    ALOAD 1
    INSTANCEOF java/util/Calendar
    IFEQ L5
   L6
    LINENUMBER 232 L6
    ALOAD 1
    CHECKCAST org/evosuite/testcarver/wrapper/java/util/Calendar
    INVOKESTATIC org/evosuite/testcarver/wrapper/java/util/Calendar.getTime (Ljava/util/Calendar;)Ljava/util/Date;
    ASTORE 2
    GOTO L4
   L5
    LINENUMBER 233 L5
    ALOAD 1
    INSTANCEOF java/lang/Long
    IFEQ L4
   L7
    LINENUMBER 234 L7
    NEW org/evosuite/testcarver/wrapper/java/util/Date
    DUP
    ALOAD 1
    CHECKCAST java/lang/Long
    INVOKEVIRTUAL java/lang/Long.longValue ()J
    INVOKESPECIAL org/evosuite/testcarver/wrapper/java/util/Date.<init> (J)V
    ASTORE 2
   L4
    LINENUMBER 237 L4
    ACONST_NULL
    ASTORE 3
   L8
    LINENUMBER 238 L8
    ALOAD 0
    GETFIELD com/examples/with/different/packagename/testcarver/DateTimeConverter.useLocaleFormat : Z
    IFEQ L9
    ALOAD 2
    IFNULL L9
   L10
    LINENUMBER 239 L10
    ACONST_NULL
    ASTORE 4
   L11
    LINENUMBER 240 L11
    ALOAD 0
    GETFIELD com/examples/with/different/packagename/testcarver/DateTimeConverter.patterns : [Ljava/lang/String;
    IFNULL L12
    ALOAD 0
    GETFIELD com/examples/with/different/packagename/testcarver/DateTimeConverter.patterns : [Ljava/lang/String;
    ARRAYLENGTH
    IFLE L12
   L13
    LINENUMBER 241 L13
    ALOAD 0
    ALOAD 0
    GETFIELD com/examples/with/different/packagename/testcarver/DateTimeConverter.patterns : [Ljava/lang/String;
    ICONST_0
    AALOAD
    INVOKESPECIAL com/examples/with/different/packagename/testcarver/DateTimeConverter.getFormat (Ljava/lang/String;)Ljava/text/DateFormat;
    ASTORE 4
    GOTO L14
   L12
    LINENUMBER 243 L12
    ALOAD 0
    ALOAD 0
    GETFIELD com/examples/with/different/packagename/testcarver/DateTimeConverter.locale : Ljava/util/Locale;
    ALOAD 0
    GETFIELD com/examples/with/different/packagename/testcarver/DateTimeConverter.timeZone : Ljava/util/TimeZone;
    INVOKEVIRTUAL com/examples/with/different/packagename/testcarver/DateTimeConverter.getFormat (Ljava/util/Locale;Ljava/util/TimeZone;)Ljava/text/DateFormat;
    ASTORE 4
   L14
    LINENUMBER 245 L14
    ALOAD 0
    LDC "Formatting"
    ALOAD 4
    INVOKESPECIAL com/examples/with/different/packagename/testcarver/DateTimeConverter.logFormat (Ljava/lang/String;Ljava/text/DateFormat;)V
   L15
    LINENUMBER 246 L15
    ALOAD 4
    ALOAD 2
    INVOKESTATIC org/evosuite/testcarver/wrapper/java/text/DateFormat.format (Ljava/text/DateFormat;Ljava/util/Date;)Ljava/lang/String;
    ASTORE 3
   L16
    LINENUMBER 247 L16
    GOTO L17
   L9
    LINENUMBER 248 L9
    ALOAD 1
    INVOKEVIRTUAL java/lang/Object.toString ()Ljava/lang/String;
    ASTORE 3
   L17
    LINENUMBER 250 L17
    ALOAD 3
    ARETURN
   L18
    LOCALVARIABLE format Ljava/text/DateFormat; L11 L16 4
    LOCALVARIABLE this Lcom/examples/with/different/packagename/testcarver/DateTimeConverter; L0 L18 0
    LOCALVARIABLE value Ljava/lang/Object; L0 L18 1
    LOCALVARIABLE date Ljava/util/Date; L1 L18 2
    LOCALVARIABLE result Ljava/lang/String; L8 L18 3
    MAXSTACK = 4
    MAXLOCALS = 5

  // access flags 0x4
  protected convertToType(Ljava/lang/Class;Ljava/lang/Object;)Ljava/lang/Object; throws java/lang/Exception
   L0
    LINENUMBER 284 L0
    ALOAD 2
    INVOKEVIRTUAL java/lang/Object.getClass ()Ljava/lang/Class;
    ASTORE 3
   L1
    LINENUMBER 287 L1
    ALOAD 2
    INSTANCEOF java/sql/Timestamp
    IFEQ L2
   L3
    LINENUMBER 293 L3
    ALOAD 2
    CHECKCAST java/sql/Timestamp
    ASTORE 4
   L4
    LINENUMBER 294 L4
    ALOAD 4
    INVOKEVIRTUAL java/sql/Timestamp.getTime ()J
    LDC 1000L
    LDIV
    LDC 1000L
    LMUL
    LSTORE 5
   L5
    LINENUMBER 295 L5
    LLOAD 5
    ALOAD 4
    INVOKEVIRTUAL java/sql/Timestamp.getNanos ()I
    LDC 1000000
    IDIV
    I2L
    LADD
    LSTORE 5
   L6
    LINENUMBER 297 L6
    ALOAD 0
    ALOAD 1
    LLOAD 5
    INVOKESPECIAL com/examples/with/different/packagename/testcarver/DateTimeConverter.toDate (Ljava/lang/Class;J)Ljava/lang/Object;
    ARETURN
   L2
    LINENUMBER 301 L2
    ALOAD 2
    INSTANCEOF java/util/Date
    IFEQ L7
   L8
    LINENUMBER 302 L8
    ALOAD 2
    CHECKCAST org/evosuite/testcarver/wrapper/java/util/Date
    ASTORE 4
   L9
    LINENUMBER 303 L9
    ALOAD 0
    ALOAD 1
    ALOAD 4
    INVOKEVIRTUAL java/util/Date.getTime ()J
    INVOKESPECIAL com/examples/with/different/packagename/testcarver/DateTimeConverter.toDate (Ljava/lang/Class;J)Ljava/lang/Object;
    ARETURN
   L7
    LINENUMBER 307 L7
    ALOAD 2
    INSTANCEOF java/util/Calendar
    IFEQ L10
   L11
    LINENUMBER 308 L11
    ALOAD 2
    CHECKCAST org/evosuite/testcarver/wrapper/java/util/Calendar
    ASTORE 4
   L12
    LINENUMBER 309 L12
    ALOAD 0
    ALOAD 1
    ALOAD 4
    INVOKESTATIC org/evosuite/testcarver/wrapper/java/util/Calendar.getTime (Ljava/util/Calendar;)Ljava/util/Date;
    INVOKEVIRTUAL java/util/Date.getTime ()J
    INVOKESPECIAL com/examples/with/different/packagename/testcarver/DateTimeConverter.toDate (Ljava/lang/Class;J)Ljava/lang/Object;
    ARETURN
   L10
    LINENUMBER 313 L10
    ALOAD 2
    INSTANCEOF java/lang/Long
    IFEQ L13
   L14
    LINENUMBER 314 L14
    ALOAD 2
    CHECKCAST java/lang/Long
    ASTORE 4
   L15
    LINENUMBER 315 L15
    ALOAD 0
    ALOAD 1
    ALOAD 4
    INVOKEVIRTUAL java/lang/Long.longValue ()J
    INVOKESPECIAL com/examples/with/different/packagename/testcarver/DateTimeConverter.toDate (Ljava/lang/Class;J)Ljava/lang/Object;
    ARETURN
   L13
    LINENUMBER 319 L13
    ALOAD 2
    INVOKEVIRTUAL java/lang/Object.toString ()Ljava/lang/String;
    INVOKEVIRTUAL java/lang/String.trim ()Ljava/lang/String;
    ASTORE 4
   L16
    LINENUMBER 320 L16
    ALOAD 4
    INVOKEVIRTUAL java/lang/String.length ()I
    IFNE L17
   L18
    LINENUMBER 321 L18
    ALOAD 0
    ALOAD 1
    INVOKEVIRTUAL com/examples/with/different/packagename/testcarver/DateTimeConverter.handleMissing (Ljava/lang/Class;)Ljava/lang/Object;
    ARETURN
   L17
    LINENUMBER 325 L17
    ALOAD 0
    GETFIELD com/examples/with/different/packagename/testcarver/DateTimeConverter.useLocaleFormat : Z
    IFEQ L19
   L20
    LINENUMBER 326 L20
    ACONST_NULL
    ASTORE 5
   L21
    LINENUMBER 327 L21
    ALOAD 0
    GETFIELD com/examples/with/different/packagename/testcarver/DateTimeConverter.patterns : [Ljava/lang/String;
    IFNULL L22
    ALOAD 0
    GETFIELD com/examples/with/different/packagename/testcarver/DateTimeConverter.patterns : [Ljava/lang/String;
    ARRAYLENGTH
    IFLE L22
   L23
    LINENUMBER 328 L23
    ALOAD 0
    ALOAD 3
    ALOAD 1
    ALOAD 4
    INVOKESPECIAL com/examples/with/different/packagename/testcarver/DateTimeConverter.parse (Ljava/lang/Class;Ljava/lang/Class;Ljava/lang/String;)Ljava/util/Calendar;
    ASTORE 5
    GOTO L24
   L22
    LINENUMBER 330 L22
    ALOAD 0
    ALOAD 0
    GETFIELD com/examples/with/different/packagename/testcarver/DateTimeConverter.locale : Ljava/util/Locale;
    ALOAD 0
    GETFIELD com/examples/with/different/packagename/testcarver/DateTimeConverter.timeZone : Ljava/util/TimeZone;
    INVOKEVIRTUAL com/examples/with/different/packagename/testcarver/DateTimeConverter.getFormat (Ljava/util/Locale;Ljava/util/TimeZone;)Ljava/text/DateFormat;
    ASTORE 6
   L25
    LINENUMBER 331 L25
    ALOAD 0
    ALOAD 3
    ALOAD 1
    ALOAD 4
    ALOAD 6
    INVOKESPECIAL com/examples/with/different/packagename/testcarver/DateTimeConverter.parse (Ljava/lang/Class;Ljava/lang/Class;Ljava/lang/String;Ljava/text/DateFormat;)Ljava/util/Calendar;
    ASTORE 5
   L24
    LINENUMBER 333 L24
    LDC Ljava/util/Calendar;.class
    ALOAD 1
    INVOKEVIRTUAL java/lang/Class.isAssignableFrom (Ljava/lang/Class;)Z
    IFEQ L26
   L27
    LINENUMBER 334 L27
    ALOAD 5
    ARETURN
   L26
    LINENUMBER 336 L26
    ALOAD 0
    ALOAD 1
    ALOAD 5
    INVOKESTATIC org/evosuite/testcarver/wrapper/java/util/Calendar.getTime (Ljava/util/Calendar;)Ljava/util/Date;
    INVOKEVIRTUAL java/util/Date.getTime ()J
    INVOKESPECIAL com/examples/with/different/packagename/testcarver/DateTimeConverter.toDate (Ljava/lang/Class;J)Ljava/lang/Object;
    ARETURN
   L19
    LINENUMBER 341 L19
    ALOAD 0
    ALOAD 1
    ALOAD 4
    INVOKESPECIAL com/examples/with/different/packagename/testcarver/DateTimeConverter.toDate (Ljava/lang/Class;Ljava/lang/String;)Ljava/lang/Object;
    ARETURN
   L28
    LOCALVARIABLE timestamp Ljava/sql/Timestamp; L4 L2 4
    LOCALVARIABLE timeInMillis J L5 L2 5
    LOCALVARIABLE date Ljava/util/Date; L9 L7 4
    LOCALVARIABLE calendar Ljava/util/Calendar; L12 L10 4
    LOCALVARIABLE longObj Ljava/lang/Long; L15 L13 4
    LOCALVARIABLE format Ljava/text/DateFormat; L25 L24 6
    LOCALVARIABLE calendar Ljava/util/Calendar; L21 L19 5
    LOCALVARIABLE this Lcom/examples/with/different/packagename/testcarver/DateTimeConverter; L0 L28 0
    LOCALVARIABLE targetType Ljava/lang/Class; L0 L28 1
    LOCALVARIABLE value Ljava/lang/Object; L0 L28 2
    LOCALVARIABLE sourceType Ljava/lang/Class; L1 L28 3
    LOCALVARIABLE stringValue Ljava/lang/String; L16 L28 4
    MAXSTACK = 5
    MAXLOCALS = 7

  // access flags 0x2
  private toDate(Ljava/lang/Class;J)Ljava/lang/Object;
   L0
    LINENUMBER 366 L0
    ALOAD 1
    LDC Ljava/util/Date;.class
    INVOKEVIRTUAL java/lang/Object.equals (Ljava/lang/Object;)Z
    IFEQ L1
   L2
    LINENUMBER 367 L2
    NEW org/evosuite/testcarver/wrapper/java/util/Date
    DUP
    LLOAD 2
    INVOKESPECIAL org/evosuite/testcarver/wrapper/java/util/Date.<init> (J)V
    ARETURN
   L1
    LINENUMBER 371 L1
    ALOAD 1
    LDC Ljava/sql/Date;.class
    INVOKEVIRTUAL java/lang/Object.equals (Ljava/lang/Object;)Z
    IFEQ L3
   L4
    LINENUMBER 372 L4
    NEW java/sql/Date
    DUP
    LLOAD 2
    INVOKESPECIAL java/sql/Date.<init> (J)V
    ARETURN
   L3
    LINENUMBER 376 L3
    ALOAD 1
    LDC Ljava/sql/Time;.class
    INVOKEVIRTUAL java/lang/Object.equals (Ljava/lang/Object;)Z
    IFEQ L5
   L6
    LINENUMBER 377 L6
    NEW java/sql/Time
    DUP
    LLOAD 2
    INVOKESPECIAL java/sql/Time.<init> (J)V
    ARETURN
   L5
    LINENUMBER 381 L5
    ALOAD 1
    LDC Ljava/sql/Timestamp;.class
    INVOKEVIRTUAL java/lang/Object.equals (Ljava/lang/Object;)Z
    IFEQ L7
   L8
    LINENUMBER 382 L8
    NEW java/sql/Timestamp
    DUP
    LLOAD 2
    INVOKESPECIAL java/sql/Timestamp.<init> (J)V
    ARETURN
   L7
    LINENUMBER 386 L7
    ALOAD 1
    LDC Ljava/util/Calendar;.class
    INVOKEVIRTUAL java/lang/Object.equals (Ljava/lang/Object;)Z
    IFEQ L9
   L10
    LINENUMBER 387 L10
    ACONST_NULL
    ASTORE 4
   L11
    LINENUMBER 388 L11
    ALOAD 0
    GETFIELD com/examples/with/different/packagename/testcarver/DateTimeConverter.locale : Ljava/util/Locale;
    IFNONNULL L12
    ALOAD 0
    GETFIELD com/examples/with/different/packagename/testcarver/DateTimeConverter.timeZone : Ljava/util/TimeZone;
    IFNONNULL L12
   L13
    LINENUMBER 389 L13
    INVOKESTATIC org/evosuite/testcarver/wrapper/java/util/Calendar.getInstance ()Ljava/util/Calendar;
    ASTORE 4
    GOTO L14
   L12
    LINENUMBER 390 L12
    ALOAD 0
    GETFIELD com/examples/with/different/packagename/testcarver/DateTimeConverter.locale : Ljava/util/Locale;
    IFNONNULL L15
   L16
    LINENUMBER 391 L16
    ALOAD 0
    GETFIELD com/examples/with/different/packagename/testcarver/DateTimeConverter.timeZone : Ljava/util/TimeZone;
    INVOKESTATIC org/evosuite/testcarver/wrapper/java/util/Calendar.getInstance (Ljava/util/TimeZone;)Ljava/util/Calendar;
    ASTORE 4
    GOTO L14
   L15
    LINENUMBER 392 L15
    ALOAD 0
    GETFIELD com/examples/with/different/packagename/testcarver/DateTimeConverter.timeZone : Ljava/util/TimeZone;
    IFNONNULL L17
   L18
    LINENUMBER 393 L18
    ALOAD 0
    GETFIELD com/examples/with/different/packagename/testcarver/DateTimeConverter.locale : Ljava/util/Locale;
    INVOKESTATIC org/evosuite/testcarver/wrapper/java/util/Calendar.getInstance (Ljava/util/Locale;)Ljava/util/Calendar;
    ASTORE 4
    GOTO L14
   L17
    LINENUMBER 395 L17
    ALOAD 0
    GETFIELD com/examples/with/different/packagename/testcarver/DateTimeConverter.timeZone : Ljava/util/TimeZone;
    ALOAD 0
    GETFIELD com/examples/with/different/packagename/testcarver/DateTimeConverter.locale : Ljava/util/Locale;
    INVOKESTATIC org/evosuite/testcarver/wrapper/java/util/Calendar.getInstance (Ljava/util/TimeZone;Ljava/util/Locale;)Ljava/util/Calendar;
    ASTORE 4
   L14
    LINENUMBER 397 L14
    ALOAD 4
    NEW org/evosuite/testcarver/wrapper/java/util/Date
    DUP
    LLOAD 2
    INVOKESPECIAL org/evosuite/testcarver/wrapper/java/util/Date.<init> (J)V
    INVOKESTATIC org/evosuite/testcarver/wrapper/java/util/Calendar.setTime (Ljava/util/Calendar;Ljava/util/Date;)V
   L19
    LINENUMBER 398 L19
    ALOAD 4
    ICONST_0
    INVOKEVIRTUAL java/util/Calendar.setLenient (Z)V
   L20
    LINENUMBER 399 L20
    ALOAD 4
    ARETURN
   L9
    LINENUMBER 402 L9
    NEW java/lang/StringBuilder
    DUP
    INVOKESPECIAL java/lang/StringBuilder.<init> ()V
    ALOAD 0
    ALOAD 0
    INVOKEVIRTUAL java/lang/Object.getClass ()Ljava/lang/Class;
    INVOKEVIRTUAL com/examples/with/different/packagename/testcarver/DateTimeConverter.toString (Ljava/lang/Class;)Ljava/lang/String;
    INVOKEVIRTUAL java/lang/StringBuilder.append (Ljava/lang/String;)Ljava/lang/StringBuilder;
    LDC " cannot handle conversion to '"
    INVOKEVIRTUAL java/lang/StringBuilder.append (Ljava/lang/String;)Ljava/lang/StringBuilder;
    ALOAD 0
    ALOAD 1
   L21
    LINENUMBER 403 L21
    INVOKEVIRTUAL com/examples/with/different/packagename/testcarver/DateTimeConverter.toString (Ljava/lang/Class;)Ljava/lang/String;
    INVOKEVIRTUAL java/lang/StringBuilder.append (Ljava/lang/String;)Ljava/lang/StringBuilder;
    LDC "'"
    INVOKEVIRTUAL java/lang/StringBuilder.append (Ljava/lang/String;)Ljava/lang/StringBuilder;
    INVOKEVIRTUAL java/lang/StringBuilder.toString ()Ljava/lang/String;
    ASTORE 4
   L22
    LINENUMBER 404 L22
    NEW com/examples/with/different/packagename/testcarver/ConversionException
    DUP
    ALOAD 4
    INVOKESPECIAL com/examples/with/different/packagename/testcarver/ConversionException.<init> (Ljava/lang/String;)V
    ATHROW
   L23
    LOCALVARIABLE calendar Ljava/util/Calendar; L11 L9 4
    LOCALVARIABLE this Lcom/examples/with/different/packagename/testcarver/DateTimeConverter; L0 L23 0
    LOCALVARIABLE type Ljava/lang/Class; L0 L23 1
    LOCALVARIABLE value J L0 L23 2
    LOCALVARIABLE msg Ljava/lang/String; L22 L23 4
    MAXSTACK = 5
    MAXLOCALS = 5

  // access flags 0x2
  private toDate(Ljava/lang/Class;Ljava/lang/String;)Ljava/lang/Object;
    TRYCATCHBLOCK L0 L1 L2 java/lang/IllegalArgumentException
    TRYCATCHBLOCK L3 L4 L5 java/lang/IllegalArgumentException
    TRYCATCHBLOCK L6 L7 L8 java/lang/IllegalArgumentException
   L9
    LINENUMBER 427 L9
    ALOAD 1
    LDC Ljava/sql/Date;.class
    INVOKEVIRTUAL java/lang/Object.equals (Ljava/lang/Object;)Z
    IFEQ L10
   L0
    LINENUMBER 429 L0
    ALOAD 2
    INVOKESTATIC java/sql/Date.valueOf (Ljava/lang/String;)Ljava/sql/Date;
   L1
    ARETURN
   L2
    LINENUMBER 430 L2
    ASTORE 3
   L11
    LINENUMBER 431 L11
    NEW com/examples/with/different/packagename/testcarver/ConversionException
    DUP
    LDC "String must be in JDBC format [yyyy-MM-dd] to create a java.sql.Date"
    INVOKESPECIAL com/examples/with/different/packagename/testcarver/ConversionException.<init> (Ljava/lang/String;)V
    ATHROW
   L10
    LINENUMBER 437 L10
    ALOAD 1
    LDC Ljava/sql/Time;.class
    INVOKEVIRTUAL java/lang/Object.equals (Ljava/lang/Object;)Z
    IFEQ L12
   L3
    LINENUMBER 439 L3
    ALOAD 2
    INVOKESTATIC java/sql/Time.valueOf (Ljava/lang/String;)Ljava/sql/Time;
   L4
    ARETURN
   L5
    LINENUMBER 440 L5
    ASTORE 3
   L13
    LINENUMBER 441 L13
    NEW com/examples/with/different/packagename/testcarver/ConversionException
    DUP
    LDC "String must be in JDBC format [HH:mm:ss] to create a java.sql.Time"
    INVOKESPECIAL com/examples/with/different/packagename/testcarver/ConversionException.<init> (Ljava/lang/String;)V
    ATHROW
   L12
    LINENUMBER 447 L12
    ALOAD 1
    LDC Ljava/sql/Timestamp;.class
    INVOKEVIRTUAL java/lang/Object.equals (Ljava/lang/Object;)Z
    IFEQ L14
   L6
    LINENUMBER 449 L6
    ALOAD 2
    INVOKESTATIC java/sql/Timestamp.valueOf (Ljava/lang/String;)Ljava/sql/Timestamp;
   L7
    ARETURN
   L8
    LINENUMBER 450 L8
    ASTORE 3
   L15
    LINENUMBER 451 L15
    NEW com/examples/with/different/packagename/testcarver/ConversionException
    DUP
    LDC "String must be in JDBC format [yyyy-MM-dd HH:mm:ss.fffffffff] to create a java.sql.Timestamp"
    INVOKESPECIAL com/examples/with/different/packagename/testcarver/ConversionException.<init> (Ljava/lang/String;)V
    ATHROW
   L14
    LINENUMBER 457 L14
    NEW java/lang/StringBuilder
    DUP
    INVOKESPECIAL java/lang/StringBuilder.<init> ()V
    ALOAD 0
    ALOAD 0
    INVOKEVIRTUAL java/lang/Object.getClass ()Ljava/lang/Class;
    INVOKEVIRTUAL com/examples/with/different/packagename/testcarver/DateTimeConverter.toString (Ljava/lang/Class;)Ljava/lang/String;
    INVOKEVIRTUAL java/lang/StringBuilder.append (Ljava/lang/String;)Ljava/lang/StringBuilder;
    LDC " does not support default String to '"
    INVOKEVIRTUAL java/lang/StringBuilder.append (Ljava/lang/String;)Ljava/lang/StringBuilder;
    ALOAD 0
    ALOAD 1
   L16
    LINENUMBER 458 L16
    INVOKEVIRTUAL com/examples/with/different/packagename/testcarver/DateTimeConverter.toString (Ljava/lang/Class;)Ljava/lang/String;
    INVOKEVIRTUAL java/lang/StringBuilder.append (Ljava/lang/String;)Ljava/lang/StringBuilder;
    LDC "' conversion."
    INVOKEVIRTUAL java/lang/StringBuilder.append (Ljava/lang/String;)Ljava/lang/StringBuilder;
    INVOKEVIRTUAL java/lang/StringBuilder.toString ()Ljava/lang/String;
    ASTORE 3
   L17
    LINENUMBER 459 L17
    NEW com/examples/with/different/packagename/testcarver/ConversionException
    DUP
    ALOAD 3
    INVOKESPECIAL com/examples/with/different/packagename/testcarver/ConversionException.<init> (Ljava/lang/String;)V
    ATHROW
   L18
    LOCALVARIABLE e Ljava/lang/IllegalArgumentException; L11 L10 3
    LOCALVARIABLE e Ljava/lang/IllegalArgumentException; L13 L12 3
    LOCALVARIABLE e Ljava/lang/IllegalArgumentException; L15 L14 3
    LOCALVARIABLE this Lcom/examples/with/different/packagename/testcarver/DateTimeConverter; L9 L18 0
    LOCALVARIABLE type Ljava/lang/Class; L9 L18 1
    LOCALVARIABLE value Ljava/lang/String; L9 L18 2
    LOCALVARIABLE msg Ljava/lang/String; L17 L18 3
    MAXSTACK = 3
    MAXLOCALS = 4

  // access flags 0x4
  protected getFormat(Ljava/util/Locale;Ljava/util/TimeZone;)Ljava/text/DateFormat;
   L0
    LINENUMBER 470 L0
    ACONST_NULL
    ASTORE 3
   L1
    LINENUMBER 471 L1
    ALOAD 1
    IFNONNULL L2
   L3
    LINENUMBER 472 L3
    ICONST_3
    INVOKESTATIC org/evosuite/testcarver/wrapper/java/text/DateFormat.getDateInstance_final (I)Ljava/text/DateFormat;
    ASTORE 3
    GOTO L4
   L2
    LINENUMBER 474 L2
    ICONST_3
    ALOAD 1
    INVOKESTATIC org/evosuite/testcarver/wrapper/java/text/DateFormat.getDateInstance_final (ILjava/util/Locale;)Ljava/text/DateFormat;
    ASTORE 3
   L4
    LINENUMBER 476 L4
    ALOAD 2
    IFNULL L5
   L6
    LINENUMBER 477 L6
    ALOAD 3
    ALOAD 2
    INVOKEVIRTUAL java/text/DateFormat.setTimeZone (Ljava/util/TimeZone;)V
   L5
    LINENUMBER 479 L5
    ALOAD 3
    ARETURN
   L7
    LOCALVARIABLE this Lcom/examples/with/different/packagename/testcarver/DateTimeConverter; L0 L7 0
    LOCALVARIABLE locale Ljava/util/Locale; L0 L7 1
    LOCALVARIABLE timeZone Ljava/util/TimeZone; L0 L7 2
    LOCALVARIABLE format Ljava/text/DateFormat; L1 L7 3
    MAXSTACK = 2
    MAXLOCALS = 4

  // access flags 0x2
  private getFormat(Ljava/lang/String;)Ljava/text/DateFormat;
   L0
    LINENUMBER 489 L0
    NEW org/evosuite/testcarver/wrapper/java/text/SimpleDateFormat
    DUP
    ALOAD 1
    INVOKESPECIAL org/evosuite/testcarver/wrapper/java/text/SimpleDateFormat.<init> (Ljava/lang/String;)V
    ASTORE 2
   L1
    LINENUMBER 490 L1
    ALOAD 0
    GETFIELD com/examples/with/different/packagename/testcarver/DateTimeConverter.timeZone : Ljava/util/TimeZone;
    IFNULL L2
   L3
    LINENUMBER 491 L3
    ALOAD 2
    ALOAD 0
    GETFIELD com/examples/with/different/packagename/testcarver/DateTimeConverter.timeZone : Ljava/util/TimeZone;
    INVOKEVIRTUAL java/text/DateFormat.setTimeZone (Ljava/util/TimeZone;)V
   L2
    LINENUMBER 493 L2
    ALOAD 2
    ARETURN
   L4
    LOCALVARIABLE this Lcom/examples/with/different/packagename/testcarver/DateTimeConverter; L0 L4 0
    LOCALVARIABLE pattern Ljava/lang/String; L0 L4 1
    LOCALVARIABLE format Ljava/text/DateFormat; L1 L4 2
    MAXSTACK = 3
    MAXLOCALS = 3

  // access flags 0x2
  private parse(Ljava/lang/Class;Ljava/lang/Class;Ljava/lang/String;)Ljava/util/Calendar; throws java/lang/Exception
    TRYCATCHBLOCK L0 L1 L2 java/lang/Exception
   L3
    LINENUMBER 506 L3
    ACONST_NULL
    ASTORE 4
   L4
    LINENUMBER 507 L4
    ICONST_0
    ISTORE 5
   L5
    ILOAD 5
    ALOAD 0
    GETFIELD com/examples/with/different/packagename/testcarver/DateTimeConverter.patterns : [Ljava/lang/String;
    ARRAYLENGTH
    IF_ICMPGE L6
   L0
    LINENUMBER 509 L0
    ALOAD 0
    ALOAD 0
    GETFIELD com/examples/with/different/packagename/testcarver/DateTimeConverter.patterns : [Ljava/lang/String;
    ILOAD 5
    AALOAD
    INVOKESPECIAL com/examples/with/different/packagename/testcarver/DateTimeConverter.getFormat (Ljava/lang/String;)Ljava/text/DateFormat;
    ASTORE 6
   L7
    LINENUMBER 510 L7
    ALOAD 0
    ALOAD 1
    ALOAD 2
    ALOAD 3
    ALOAD 6
    INVOKESPECIAL com/examples/with/different/packagename/testcarver/DateTimeConverter.parse (Ljava/lang/Class;Ljava/lang/Class;Ljava/lang/String;Ljava/text/DateFormat;)Ljava/util/Calendar;
    ASTORE 7
   L8
    LINENUMBER 511 L8
    ALOAD 7
   L1
    ARETURN
   L2
    LINENUMBER 512 L2
    ASTORE 6
   L9
    LINENUMBER 513 L9
    ALOAD 4
    IFNONNULL L10
   L11
    LINENUMBER 514 L11
    ALOAD 6
    ASTORE 4
   L10
    LINENUMBER 507 L10
    IINC 5 1
    GOTO L5
   L6
    LINENUMBER 518 L6
    ALOAD 0
    GETFIELD com/examples/with/different/packagename/testcarver/DateTimeConverter.patterns : [Ljava/lang/String;
    ARRAYLENGTH
    ICONST_1
    IF_ICMPLE L12
   L13
    LINENUMBER 519 L13
    NEW com/examples/with/different/packagename/testcarver/ConversionException
    DUP
    NEW java/lang/StringBuilder
    DUP
    INVOKESPECIAL java/lang/StringBuilder.<init> ()V
    LDC "Error converting '"
    INVOKEVIRTUAL java/lang/StringBuilder.append (Ljava/lang/String;)Ljava/lang/StringBuilder;
    ALOAD 0
    ALOAD 1
    INVOKEVIRTUAL com/examples/with/different/packagename/testcarver/DateTimeConverter.toString (Ljava/lang/Class;)Ljava/lang/String;
    INVOKEVIRTUAL java/lang/StringBuilder.append (Ljava/lang/String;)Ljava/lang/StringBuilder;
    LDC "' to '"
    INVOKEVIRTUAL java/lang/StringBuilder.append (Ljava/lang/String;)Ljava/lang/StringBuilder;
    ALOAD 0
    ALOAD 2
    INVOKEVIRTUAL com/examples/with/different/packagename/testcarver/DateTimeConverter.toString (Ljava/lang/Class;)Ljava/lang/String;
    INVOKEVIRTUAL java/lang/StringBuilder.append (Ljava/lang/String;)Ljava/lang/StringBuilder;
    LDC "' using  patterns '"
    INVOKEVIRTUAL java/lang/StringBuilder.append (Ljava/lang/String;)Ljava/lang/StringBuilder;
    ALOAD 0
    GETFIELD com/examples/with/different/packagename/testcarver/DateTimeConverter.displayPatterns : Ljava/lang/String;
    INVOKEVIRTUAL java/lang/StringBuilder.append (Ljava/lang/String;)Ljava/lang/StringBuilder;
    LDC "'"
    INVOKEVIRTUAL java/lang/StringBuilder.append (Ljava/lang/String;)Ljava/lang/StringBuilder;
    INVOKEVIRTUAL java/lang/StringBuilder.toString ()Ljava/lang/String;
    INVOKESPECIAL com/examples/with/different/packagename/testcarver/ConversionException.<init> (Ljava/lang/String;)V
    ATHROW
   L12
    LINENUMBER 522 L12
    ALOAD 4
    ATHROW
   L14
    LOCALVARIABLE format Ljava/text/DateFormat; L7 L2 6
    LOCALVARIABLE calendar Ljava/util/Calendar; L8 L2 7
    LOCALVARIABLE ex Ljava/lang/Exception; L9 L10 6
    LOCALVARIABLE i I L5 L6 5
    LOCALVARIABLE this Lcom/examples/with/different/packagename/testcarver/DateTimeConverter; L3 L14 0
    LOCALVARIABLE sourceType Ljava/lang/Class; L3 L14 1
    LOCALVARIABLE targetType Ljava/lang/Class; L3 L14 2
    LOCALVARIABLE value Ljava/lang/String; L3 L14 3
    LOCALVARIABLE firstEx Ljava/lang/Exception; L4 L14 4
    MAXSTACK = 5
    MAXLOCALS = 8

  // access flags 0x2
  private parse(Ljava/lang/Class;Ljava/lang/Class;Ljava/lang/String;Ljava/text/DateFormat;)Ljava/util/Calendar;
   L0
    LINENUMBER 538 L0
    ALOAD 0
    LDC "Parsing"
    ALOAD 4
    INVOKESPECIAL com/examples/with/different/packagename/testcarver/DateTimeConverter.logFormat (Ljava/lang/String;Ljava/text/DateFormat;)V
   L1
    LINENUMBER 539 L1
    ALOAD 4
    ICONST_0
    INVOKEVIRTUAL java/text/DateFormat.setLenient (Z)V
   L2
    LINENUMBER 540 L2
    NEW java/text/ParsePosition
    DUP
    ICONST_0
    INVOKESPECIAL java/text/ParsePosition.<init> (I)V
    ASTORE 5
   L3
    LINENUMBER 541 L3
    ALOAD 4
    ALOAD 3
    ALOAD 5
    INVOKEVIRTUAL java/text/DateFormat.parse (Ljava/lang/String;Ljava/text/ParsePosition;)Ljava/util/Date;
    ASTORE 6
   L4
    LINENUMBER 542 L4
    ALOAD 5
    INVOKEVIRTUAL java/text/ParsePosition.getErrorIndex ()I
    IFGE L5
    ALOAD 5
    INVOKEVIRTUAL java/text/ParsePosition.getIndex ()I
    ALOAD 3
    INVOKEVIRTUAL java/lang/String.length ()I
    IF_ICMPNE L5
    ALOAD 6
    IFNONNULL L6
   L5
    LINENUMBER 543 L5
    NEW java/lang/StringBuilder
    DUP
    INVOKESPECIAL java/lang/StringBuilder.<init> ()V
    LDC "Error converting '"
    INVOKEVIRTUAL java/lang/StringBuilder.append (Ljava/lang/String;)Ljava/lang/StringBuilder;
    ALOAD 0
    ALOAD 1
    INVOKEVIRTUAL com/examples/with/different/packagename/testcarver/DateTimeConverter.toString (Ljava/lang/Class;)Ljava/lang/String;
    INVOKEVIRTUAL java/lang/StringBuilder.append (Ljava/lang/String;)Ljava/lang/StringBuilder;
    LDC "' to '"
    INVOKEVIRTUAL java/lang/StringBuilder.append (Ljava/lang/String;)Ljava/lang/StringBuilder;
    ALOAD 0
    ALOAD 2
    INVOKEVIRTUAL com/examples/with/different/packagename/testcarver/DateTimeConverter.toString (Ljava/lang/Class;)Ljava/lang/String;
    INVOKEVIRTUAL java/lang/StringBuilder.append (Ljava/lang/String;)Ljava/lang/StringBuilder;
    LDC "'"
    INVOKEVIRTUAL java/lang/StringBuilder.append (Ljava/lang/String;)Ljava/lang/StringBuilder;
    INVOKEVIRTUAL java/lang/StringBuilder.toString ()Ljava/lang/String;
    ASTORE 7
   L7
    LINENUMBER 544 L7
    ALOAD 4
    INSTANCEOF java/text/SimpleDateFormat
    IFEQ L8
   L9
    LINENUMBER 545 L9
    NEW java/lang/StringBuilder
    DUP
    INVOKESPECIAL java/lang/StringBuilder.<init> ()V
    ALOAD 7
    INVOKEVIRTUAL java/lang/StringBuilder.append (Ljava/lang/String;)Ljava/lang/StringBuilder;
    LDC " using pattern '"
    INVOKEVIRTUAL java/lang/StringBuilder.append (Ljava/lang/String;)Ljava/lang/StringBuilder;
    ALOAD 4
    CHECKCAST org/evosuite/testcarver/wrapper/java/text/SimpleDateFormat
    INVOKEVIRTUAL java/text/SimpleDateFormat.toPattern ()Ljava/lang/String;
    INVOKEVIRTUAL java/lang/StringBuilder.append (Ljava/lang/String;)Ljava/lang/StringBuilder;
    LDC "'"
    INVOKEVIRTUAL java/lang/StringBuilder.append (Ljava/lang/String;)Ljava/lang/StringBuilder;
    INVOKEVIRTUAL java/lang/StringBuilder.toString ()Ljava/lang/String;
    ASTORE 7
   L8
    LINENUMBER 547 L8
    NEW com/examples/with/different/packagename/testcarver/ConversionException
    DUP
    ALOAD 7
    INVOKESPECIAL com/examples/with/different/packagename/testcarver/ConversionException.<init> (Ljava/lang/String;)V
    ATHROW
   L6
    LINENUMBER 549 L6
    ALOAD 4
    INVOKEVIRTUAL java/text/DateFormat.getCalendar ()Ljava/util/Calendar;
    ASTORE 7
   L10
    LINENUMBER 550 L10
    ALOAD 7
    ARETURN
   L11
    LOCALVARIABLE msg Ljava/lang/String; L7 L6 7
    LOCALVARIABLE this Lcom/examples/with/different/packagename/testcarver/DateTimeConverter; L0 L11 0
    LOCALVARIABLE sourceType Ljava/lang/Class; L0 L11 1
    LOCALVARIABLE targetType Ljava/lang/Class; L0 L11 2
    LOCALVARIABLE value Ljava/lang/String; L0 L11 3
    LOCALVARIABLE format Ljava/text/DateFormat; L0 L11 4
    LOCALVARIABLE pos Ljava/text/ParsePosition; L3 L11 5
    LOCALVARIABLE parsedDate Ljava/util/Date; L4 L11 6
    LOCALVARIABLE calendar Ljava/util/Calendar; L10 L11 7
    MAXSTACK = 3
    MAXLOCALS = 8

  // access flags 0x2
  private _sw_prototype_original_toString()Ljava/lang/String;
   L0
    LINENUMBER 559 L0
    NEW java/lang/StringBuffer
    DUP
    INVOKESPECIAL java/lang/StringBuffer.<init> ()V
    ASTORE 1
   L1
    LINENUMBER 560 L1
    ALOAD 1
    ALOAD 0
    ALOAD 0
    INVOKEVIRTUAL java/lang/Object.getClass ()Ljava/lang/Class;
    INVOKEVIRTUAL com/examples/with/different/packagename/testcarver/DateTimeConverter.toString (Ljava/lang/Class;)Ljava/lang/String;
    INVOKEVIRTUAL java/lang/StringBuffer.append (Ljava/lang/String;)Ljava/lang/StringBuffer;
    POP
   L2
    LINENUMBER 561 L2
    ALOAD 1
    LDC "[UseDefault="
    INVOKEVIRTUAL java/lang/StringBuffer.append (Ljava/lang/String;)Ljava/lang/StringBuffer;
    POP
   L3
    LINENUMBER 562 L3
    ALOAD 1
    ALOAD 0
    INVOKEVIRTUAL com/examples/with/different/packagename/testcarver/DateTimeConverter.isUseDefault ()Z
    INVOKEVIRTUAL java/lang/StringBuffer.append (Z)Ljava/lang/StringBuffer;
    POP
   L4
    LINENUMBER 563 L4
    ALOAD 1
    LDC ", UseLocaleFormat="
    INVOKEVIRTUAL java/lang/StringBuffer.append (Ljava/lang/String;)Ljava/lang/StringBuffer;
    POP
   L5
    LINENUMBER 564 L5
    ALOAD 1
    ALOAD 0
    DUP
    GETFIELD com/examples/with/different/packagename/testcarver/DateTimeConverter.useLocaleFormat : Z
    SWAP
    LDC -2147483621
    LDC "com/examples/with/different/packagename/testcarver/DateTimeConverter"
    LDC "useLocaleFormat"
    LDC "Z"
    INVOKESTATIC org/evosuite/testcarver/capture/FieldRegistry.notifyReadAccess (Ljava/lang/Object;ILjava/lang/String;Ljava/lang/String;Ljava/lang/String;)V
    INVOKEVIRTUAL java/lang/StringBuffer.append (Z)Ljava/lang/StringBuffer;
    POP
   L6
    LINENUMBER 565 L6
    ALOAD 0
    DUP
    GETFIELD com/examples/with/different/packagename/testcarver/DateTimeConverter.displayPatterns : Ljava/lang/String;
    SWAP
    LDC -2147483620
    LDC "com/examples/with/different/packagename/testcarver/DateTimeConverter"
    LDC "displayPatterns"
    LDC "Ljava/lang/String;"
    INVOKESTATIC org/evosuite/testcarver/capture/FieldRegistry.notifyReadAccess (Ljava/lang/Object;ILjava/lang/String;Ljava/lang/String;Ljava/lang/String;)V
    IFNULL L7
   L8
    LINENUMBER 566 L8
    ALOAD 1
    LDC ", Patterns={"
    INVOKEVIRTUAL java/lang/StringBuffer.append (Ljava/lang/String;)Ljava/lang/StringBuffer;
    POP
   L9
    LINENUMBER 567 L9
    ALOAD 1
    ALOAD 0
    DUP
    GETFIELD com/examples/with/different/packagename/testcarver/DateTimeConverter.displayPatterns : Ljava/lang/String;
    SWAP
    LDC -2147483619
    LDC "com/examples/with/different/packagename/testcarver/DateTimeConverter"
    LDC "displayPatterns"
    LDC "Ljava/lang/String;"
    INVOKESTATIC org/evosuite/testcarver/capture/FieldRegistry.notifyReadAccess (Ljava/lang/Object;ILjava/lang/String;Ljava/lang/String;Ljava/lang/String;)V
    INVOKEVIRTUAL java/lang/StringBuffer.append (Ljava/lang/String;)Ljava/lang/StringBuffer;
    POP
   L10
    LINENUMBER 568 L10
    ALOAD 1
    BIPUSH 125
    INVOKEVIRTUAL java/lang/StringBuffer.append (C)Ljava/lang/StringBuffer;
    POP
   L7
    LINENUMBER 570 L7
    ALOAD 0
    DUP
    GETFIELD com/examples/with/different/packagename/testcarver/DateTimeConverter.locale : Ljava/util/Locale;
    SWAP
    LDC -2147483618
    LDC "com/examples/with/different/packagename/testcarver/DateTimeConverter"
    LDC "locale"
    LDC "Ljava/util/Locale;"
    INVOKESTATIC org/evosuite/testcarver/capture/FieldRegistry.notifyReadAccess (Ljava/lang/Object;ILjava/lang/String;Ljava/lang/String;Ljava/lang/String;)V
    IFNULL L11
   L12
    LINENUMBER 571 L12
    ALOAD 1
    LDC ", Locale="
    INVOKEVIRTUAL java/lang/StringBuffer.append (Ljava/lang/String;)Ljava/lang/StringBuffer;
    POP
   L13
    LINENUMBER 572 L13
    ALOAD 1
    ALOAD 0
    DUP
    GETFIELD com/examples/with/different/packagename/testcarver/DateTimeConverter.locale : Ljava/util/Locale;
    SWAP
    LDC -2147483617
    LDC "com/examples/with/different/packagename/testcarver/DateTimeConverter"
    LDC "locale"
    LDC "Ljava/util/Locale;"
    INVOKESTATIC org/evosuite/testcarver/capture/FieldRegistry.notifyReadAccess (Ljava/lang/Object;ILjava/lang/String;Ljava/lang/String;Ljava/lang/String;)V
    INVOKEVIRTUAL java/lang/StringBuffer.append (Ljava/lang/Object;)Ljava/lang/StringBuffer;
    POP
   L11
    LINENUMBER 574 L11
    ALOAD 0
    DUP
    GETFIELD com/examples/with/different/packagename/testcarver/DateTimeConverter.timeZone : Ljava/util/TimeZone;
    SWAP
    LDC -2147483616
    LDC "com/examples/with/different/packagename/testcarver/DateTimeConverter"
    LDC "timeZone"
    LDC "Ljava/util/TimeZone;"
    INVOKESTATIC org/evosuite/testcarver/capture/FieldRegistry.notifyReadAccess (Ljava/lang/Object;ILjava/lang/String;Ljava/lang/String;Ljava/lang/String;)V
    IFNULL L14
   L15
    LINENUMBER 575 L15
    ALOAD 1
    LDC ", TimeZone="
    INVOKEVIRTUAL java/lang/StringBuffer.append (Ljava/lang/String;)Ljava/lang/StringBuffer;
    POP
   L16
    LINENUMBER 576 L16
    ALOAD 1
    ALOAD 0
    DUP
    GETFIELD com/examples/with/different/packagename/testcarver/DateTimeConverter.timeZone : Ljava/util/TimeZone;
    SWAP
    LDC -2147483615
    LDC "com/examples/with/different/packagename/testcarver/DateTimeConverter"
    LDC "timeZone"
    LDC "Ljava/util/TimeZone;"
    INVOKESTATIC org/evosuite/testcarver/capture/FieldRegistry.notifyReadAccess (Ljava/lang/Object;ILjava/lang/String;Ljava/lang/String;Ljava/lang/String;)V
    INVOKEVIRTUAL java/lang/StringBuffer.append (Ljava/lang/Object;)Ljava/lang/StringBuffer;
    POP
   L14
    LINENUMBER 578 L14
    ALOAD 1
    BIPUSH 93
    INVOKEVIRTUAL java/lang/StringBuffer.append (C)Ljava/lang/StringBuffer;
    POP
   L17
    LINENUMBER 579 L17
    ALOAD 1
    INVOKEVIRTUAL java/lang/StringBuffer.toString ()Ljava/lang/String;
    ARETURN
   L18
    LOCALVARIABLE this Lcom/examples/with/different/packagename/testcarver/DateTimeConverter; L0 L18 0
    LOCALVARIABLE buffer Ljava/lang/StringBuffer; L1 L18 1
    MAXSTACK = 7
    MAXLOCALS = 2

  // access flags 0x2
  private logFormat(Ljava/lang/String;Ljava/text/DateFormat;)V
   L0
    LINENUMBER 590 L0
    RETURN
   L1
    LOCALVARIABLE this Lcom/examples/with/different/packagename/testcarver/DateTimeConverter; L0 L1 0
    LOCALVARIABLE action Ljava/lang/String; L0 L1 1
    LOCALVARIABLE format Ljava/text/DateFormat; L0 L1 2
    MAXSTACK = 0
    MAXLOCALS = 3

  // access flags 0x1
  public setUseLocaleFormat(Z)V
    TRYCATCHBLOCK L0 L1 L1 java/lang/Throwable
   L0
    LDC -2147483640
    ALOAD 0
    LDC "setUseLocaleFormat"
    LDC "(Z)V"
    BIPUSH 1
    ANEWARRAY java/lang/Object
    DUP
    BIPUSH 0
    ILOAD 1
    INVOKESTATIC java/lang/Boolean.valueOf (Z)Ljava/lang/Boolean;
    AASTORE
    INVOKESTATIC org/evosuite/testcarver/capture/Capturer.capture (ILjava/lang/Object;Ljava/lang/String;Ljava/lang/String;[Ljava/lang/Object;)V
    ALOAD 0
    ILOAD 1
    INVOKEVIRTUAL com/examples/with/different/packagename/testcarver/DateTimeConverter._sw_prototype_original_setUseLocaleFormat (Z)V
    GOTO L2
   L1
   FRAME SAME1 java/lang/Throwable
    ASTORE 2
    LDC -2147483640
    ALOAD 0
    GETSTATIC org/evosuite/testcarver/capture/CaptureLog.RETURN_TYPE_VOID : Ljava/lang/Object;
    INVOKESTATIC org/evosuite/testcarver/capture/Capturer.enable (ILjava/lang/Object;Ljava/lang/Object;)V
    ALOAD 2
    ATHROW
   L2
   FRAME SAME
    LDC -2147483640
    ALOAD 0
    GETSTATIC org/evosuite/testcarver/capture/CaptureLog.RETURN_TYPE_VOID : Ljava/lang/Object;
    INVOKESTATIC org/evosuite/testcarver/capture/Capturer.enable (ILjava/lang/Object;Ljava/lang/Object;)V
    RETURN
    MAXSTACK = 6
    MAXLOCALS = 0

  // access flags 0x1
  public getTimeZone()Ljava/util/TimeZone;
    TRYCATCHBLOCK L0 L1 L2 java/lang/Throwable
    ACONST_NULL
    ASTORE 1
   L0
    LDC -2147483638
    ALOAD 0
    LDC "getTimeZone"
    LDC "()Ljava/util/TimeZone;"
    BIPUSH 0
    ANEWARRAY java/lang/Object
    INVOKESTATIC org/evosuite/testcarver/capture/Capturer.capture (ILjava/lang/Object;Ljava/lang/String;Ljava/lang/String;[Ljava/lang/Object;)V
    ALOAD 0
    INVOKEVIRTUAL com/examples/with/different/packagename/testcarver/DateTimeConverter._sw_prototype_original_getTimeZone ()Ljava/util/TimeZone;
    ASTORE 1
    ALOAD 1
    ASTORE 3
   L1
    LDC -2147483638
    ALOAD 0
    ALOAD 1
    INVOKESTATIC org/evosuite/testcarver/capture/Capturer.enable (ILjava/lang/Object;Ljava/lang/Object;)V
    ALOAD 3
    ARETURN
   L2
   FRAME FULL [com/examples/with/different/packagename/testcarver/DateTimeConverter java/util/TimeZone] [java/lang/Throwable]
    ASTORE 2
    LDC -2147483638
    ALOAD 0
    ALOAD 1
    INVOKESTATIC org/evosuite/testcarver/capture/Capturer.enable (ILjava/lang/Object;Ljava/lang/Object;)V
    ALOAD 2
    ATHROW
    MAXSTACK = 5
    MAXLOCALS = 0

  // access flags 0x1
  public setTimeZone(Ljava/util/TimeZone;)V
    TRYCATCHBLOCK L0 L1 L1 java/lang/Throwable
   L0
    LDC -2147483635
    ALOAD 0
    LDC "setTimeZone"
    LDC "(Ljava/util/TimeZone;)V"
    BIPUSH 1
    ANEWARRAY java/lang/Object
    DUP
    BIPUSH 0
    ALOAD 1
    AASTORE
    INVOKESTATIC org/evosuite/testcarver/capture/Capturer.capture (ILjava/lang/Object;Ljava/lang/String;Ljava/lang/String;[Ljava/lang/Object;)V
    ALOAD 0
    ALOAD 1
    INVOKEVIRTUAL com/examples/with/different/packagename/testcarver/DateTimeConverter._sw_prototype_original_setTimeZone (Ljava/util/TimeZone;)V
    GOTO L2
   L1
   FRAME SAME1 java/lang/Throwable
    ASTORE 2
    LDC -2147483635
    ALOAD 0
    GETSTATIC org/evosuite/testcarver/capture/CaptureLog.RETURN_TYPE_VOID : Ljava/lang/Object;
    INVOKESTATIC org/evosuite/testcarver/capture/Capturer.enable (ILjava/lang/Object;Ljava/lang/Object;)V
    ALOAD 2
    ATHROW
   L2
   FRAME SAME
    LDC -2147483635
    ALOAD 0
    GETSTATIC org/evosuite/testcarver/capture/CaptureLog.RETURN_TYPE_VOID : Ljava/lang/Object;
    INVOKESTATIC org/evosuite/testcarver/capture/Capturer.enable (ILjava/lang/Object;Ljava/lang/Object;)V
    RETURN
    MAXSTACK = 6
    MAXLOCALS = 0

  // access flags 0x1
  public getLocale()Ljava/util/Locale;
    TRYCATCHBLOCK L0 L1 L2 java/lang/Throwable
    ACONST_NULL
    ASTORE 1
   L0
    LDC -2147483633
    ALOAD 0
    LDC "getLocale"
    LDC "()Ljava/util/Locale;"
    BIPUSH 0
    ANEWARRAY java/lang/Object
    INVOKESTATIC org/evosuite/testcarver/capture/Capturer.capture (ILjava/lang/Object;Ljava/lang/String;Ljava/lang/String;[Ljava/lang/Object;)V
    ALOAD 0
    INVOKEVIRTUAL com/examples/with/different/packagename/testcarver/DateTimeConverter._sw_prototype_original_getLocale ()Ljava/util/Locale;
    ASTORE 1
    ALOAD 1
    ASTORE 3
   L1
    LDC -2147483633
    ALOAD 0
    ALOAD 1
    INVOKESTATIC org/evosuite/testcarver/capture/Capturer.enable (ILjava/lang/Object;Ljava/lang/Object;)V
    ALOAD 3
    ARETURN
   L2
   FRAME FULL [com/examples/with/different/packagename/testcarver/DateTimeConverter java/util/Locale] [java/lang/Throwable]
    ASTORE 2
    LDC -2147483633
    ALOAD 0
    ALOAD 1
    INVOKESTATIC org/evosuite/testcarver/capture/Capturer.enable (ILjava/lang/Object;Ljava/lang/Object;)V
    ALOAD 2
    ATHROW
    MAXSTACK = 5
    MAXLOCALS = 0

  // access flags 0x1
  public setLocale(Ljava/util/Locale;)V
    TRYCATCHBLOCK L0 L1 L1 java/lang/Throwable
   L0
    LDC -2147483630
    ALOAD 0
    LDC "setLocale"
    LDC "(Ljava/util/Locale;)V"
    BIPUSH 1
    ANEWARRAY java/lang/Object
    DUP
    BIPUSH 0
    ALOAD 1
    AASTORE
    INVOKESTATIC org/evosuite/testcarver/capture/Capturer.capture (ILjava/lang/Object;Ljava/lang/String;Ljava/lang/String;[Ljava/lang/Object;)V
    ALOAD 0
    ALOAD 1
    INVOKEVIRTUAL com/examples/with/different/packagename/testcarver/DateTimeConverter._sw_prototype_original_setLocale (Ljava/util/Locale;)V
    GOTO L2
   L1
   FRAME SAME1 java/lang/Throwable
    ASTORE 2
    LDC -2147483630
    ALOAD 0
    GETSTATIC org/evosuite/testcarver/capture/CaptureLog.RETURN_TYPE_VOID : Ljava/lang/Object;
    INVOKESTATIC org/evosuite/testcarver/capture/Capturer.enable (ILjava/lang/Object;Ljava/lang/Object;)V
    ALOAD 2
    ATHROW
   L2
   FRAME SAME
    LDC -2147483630
    ALOAD 0
    GETSTATIC org/evosuite/testcarver/capture/CaptureLog.RETURN_TYPE_VOID : Ljava/lang/Object;
    INVOKESTATIC org/evosuite/testcarver/capture/Capturer.enable (ILjava/lang/Object;Ljava/lang/Object;)V
    RETURN
    MAXSTACK = 6
    MAXLOCALS = 0

  // access flags 0x1
  public setPattern(Ljava/lang/String;)V
    TRYCATCHBLOCK L0 L1 L1 java/lang/Throwable
   L0
    LDC -2147483629
    ALOAD 0
    LDC "setPattern"
    LDC "(Ljava/lang/String;)V"
    BIPUSH 1
    ANEWARRAY java/lang/Object
    DUP
    BIPUSH 0
    ALOAD 1
    AASTORE
    INVOKESTATIC org/evosuite/testcarver/capture/Capturer.capture (ILjava/lang/Object;Ljava/lang/String;Ljava/lang/String;[Ljava/lang/Object;)V
    ALOAD 0
    ALOAD 1
    INVOKEVIRTUAL com/examples/with/different/packagename/testcarver/DateTimeConverter._sw_prototype_original_setPattern (Ljava/lang/String;)V
    GOTO L2
   L1
   FRAME SAME1 java/lang/Throwable
    ASTORE 2
    LDC -2147483629
    ALOAD 0
    GETSTATIC org/evosuite/testcarver/capture/CaptureLog.RETURN_TYPE_VOID : Ljava/lang/Object;
    INVOKESTATIC org/evosuite/testcarver/capture/Capturer.enable (ILjava/lang/Object;Ljava/lang/Object;)V
    ALOAD 2
    ATHROW
   L2
   FRAME SAME
    LDC -2147483629
    ALOAD 0
    GETSTATIC org/evosuite/testcarver/capture/CaptureLog.RETURN_TYPE_VOID : Ljava/lang/Object;
    INVOKESTATIC org/evosuite/testcarver/capture/Capturer.enable (ILjava/lang/Object;Ljava/lang/Object;)V
    RETURN
    MAXSTACK = 9
    MAXLOCALS = 0

  // access flags 0x1
  public getPatterns()[Ljava/lang/String;
    TRYCATCHBLOCK L0 L1 L2 java/lang/Throwable
    ACONST_NULL
    ASTORE 1
   L0
    LDC -2147483627
    ALOAD 0
    LDC "getPatterns"
    LDC "()[Ljava/lang/String;"
    BIPUSH 0
    ANEWARRAY java/lang/Object
    INVOKESTATIC org/evosuite/testcarver/capture/Capturer.capture (ILjava/lang/Object;Ljava/lang/String;Ljava/lang/String;[Ljava/lang/Object;)V
    ALOAD 0
    INVOKEVIRTUAL com/examples/with/different/packagename/testcarver/DateTimeConverter._sw_prototype_original_getPatterns ()[Ljava/lang/String;
    ASTORE 1
    ALOAD 1
    ASTORE 3
   L1
    LDC -2147483627
    ALOAD 0
    ALOAD 1
    INVOKESTATIC org/evosuite/testcarver/capture/Capturer.enable (ILjava/lang/Object;Ljava/lang/Object;)V
    ALOAD 3
    ARETURN
   L2
   FRAME FULL [com/examples/with/different/packagename/testcarver/DateTimeConverter [Ljava/lang/String;] [java/lang/Throwable]
    ASTORE 2
    LDC -2147483627
    ALOAD 0
    ALOAD 1
    INVOKESTATIC org/evosuite/testcarver/capture/Capturer.enable (ILjava/lang/Object;Ljava/lang/Object;)V
    ALOAD 2
    ATHROW
    MAXSTACK = 5
    MAXLOCALS = 0

  // access flags 0x1
  public setPatterns([Ljava/lang/String;)V
    TRYCATCHBLOCK L0 L1 L1 java/lang/Throwable
   L0
    LDC -2147483622
    ALOAD 0
    LDC "setPatterns"
    LDC "([Ljava/lang/String;)V"
    BIPUSH 1
    ANEWARRAY java/lang/Object
    DUP
    BIPUSH 0
    ALOAD 1
    AASTORE
    INVOKESTATIC org/evosuite/testcarver/capture/Capturer.capture (ILjava/lang/Object;Ljava/lang/String;Ljava/lang/String;[Ljava/lang/Object;)V
    ALOAD 0
    ALOAD 1
    INVOKEVIRTUAL com/examples/with/different/packagename/testcarver/DateTimeConverter._sw_prototype_original_setPatterns ([Ljava/lang/String;)V
    GOTO L2
   L1
   FRAME SAME1 java/lang/Throwable
    ASTORE 2
    LDC -2147483622
    ALOAD 0
    GETSTATIC org/evosuite/testcarver/capture/CaptureLog.RETURN_TYPE_VOID : Ljava/lang/Object;
    INVOKESTATIC org/evosuite/testcarver/capture/Capturer.enable (ILjava/lang/Object;Ljava/lang/Object;)V
    ALOAD 2
    ATHROW
   L2
   FRAME SAME
    LDC -2147483622
    ALOAD 0
    GETSTATIC org/evosuite/testcarver/capture/CaptureLog.RETURN_TYPE_VOID : Ljava/lang/Object;
    INVOKESTATIC org/evosuite/testcarver/capture/Capturer.enable (ILjava/lang/Object;Ljava/lang/Object;)V
    RETURN
    MAXSTACK = 7
    MAXLOCALS = 0

  // access flags 0x1
  public toString()Ljava/lang/String;
    TRYCATCHBLOCK L0 L1 L2 java/lang/Throwable
    ACONST_NULL
    ASTORE 1
   L0
    LDC -2147483614
    ALOAD 0
    LDC "toString"
    LDC "()Ljava/lang/String;"
    BIPUSH 0
    ANEWARRAY java/lang/Object
    INVOKESTATIC org/evosuite/testcarver/capture/Capturer.capture (ILjava/lang/Object;Ljava/lang/String;Ljava/lang/String;[Ljava/lang/Object;)V
    ALOAD 0
    INVOKEVIRTUAL com/examples/with/different/packagename/testcarver/DateTimeConverter._sw_prototype_original_toString ()Ljava/lang/String;
    ASTORE 1
    ALOAD 1
    ASTORE 3
   L1
    LDC -2147483614
    ALOAD 0
    ALOAD 1
    INVOKESTATIC org/evosuite/testcarver/capture/Capturer.enable (ILjava/lang/Object;Ljava/lang/Object;)V
    ALOAD 3
    ARETURN
   L2
   FRAME FULL [com/examples/with/different/packagename/testcarver/DateTimeConverter java/lang/String] [java/lang/Throwable]
    ASTORE 2
    LDC -2147483614
    ALOAD 0
    ALOAD 1
    INVOKESTATIC org/evosuite/testcarver/capture/Capturer.enable (ILjava/lang/Object;Ljava/lang/Object;)V
    ALOAD 2
    ATHROW
    MAXSTACK = 7
    MAXLOCALS = 0
}
INFO  org.evosuite.testcarver.extraction.CarvingClassLoader - Seeing class for first time: com.examples.with.different.packagename.testcarver.AbstractConverter
WARN  org.evosuite.testcarver.extraction.CarvingClassLoader - Instrumenting class 'com.examples.with.different.packagename.testcarver.AbstractConverter'.
INFO  org.evosuite.testcarver.instrument.Instrumenter - Checking package com.examples.with.different.packagename.testcarver for class com/examples/with/different/packagename/testcarver/AbstractConverter
// class version 52.0 (52)
// access flags 0x421
public abstract class com/examples/with/different/packagename/testcarver/AbstractConverter implements com/examples/with/different/packagename/testcarver/Converter {

  // compiled from: AbstractConverter.java

  // access flags 0x1A
  private final static Ljava/lang/String; DEFAULT_CONFIG_MSG = "(N.B. Converters can be configured to use default values to avoid throwing exceptions)"

  // access flags 0x1A
  private final static Ljava/lang/String; PACKAGE = "org.apache.commons.beanutils.converters."

  // access flags 0x2
  private Z useDefault

  // access flags 0x2
  private Ljava/lang/Object; defaultValue

  // access flags 0x1
  public <init>()V
   L0
    LINENUMBER 82 L0
    ALOAD 0
    INVOKESPECIAL java/lang/Object.<init> ()V
   L1
    LINENUMBER 69 L1
    ALOAD 0
    ICONST_0
    PUTFIELD com/examples/with/different/packagename/testcarver/AbstractConverter.useDefault : Z
   L2
    LINENUMBER 74 L2
    ALOAD 0
    ACONST_NULL
    PUTFIELD com/examples/with/different/packagename/testcarver/AbstractConverter.defaultValue : Ljava/lang/Object;
   L3
    LINENUMBER 83 L3
    RETURN
   L4
    LOCALVARIABLE this Lcom/examples/with/different/packagename/testcarver/AbstractConverter; L0 L4 0
    MAXSTACK = 2
    MAXLOCALS = 1

  // access flags 0x1
  public <init>(Ljava/lang/Object;)V
   L0
    LINENUMBER 93 L0
    ALOAD 0
    INVOKESPECIAL java/lang/Object.<init> ()V
   L1
    LINENUMBER 69 L1
    ALOAD 0
    ICONST_0
    PUTFIELD com/examples/with/different/packagename/testcarver/AbstractConverter.useDefault : Z
   L2
    LINENUMBER 74 L2
    ALOAD 0
    ACONST_NULL
    PUTFIELD com/examples/with/different/packagename/testcarver/AbstractConverter.defaultValue : Ljava/lang/Object;
   L3
    LINENUMBER 94 L3
    ALOAD 0
    ALOAD 1
    INVOKEVIRTUAL com/examples/with/different/packagename/testcarver/AbstractConverter.setDefaultValue (Ljava/lang/Object;)V
   L4
    LINENUMBER 95 L4
    RETURN
   L5
    LOCALVARIABLE this Lcom/examples/with/different/packagename/testcarver/AbstractConverter; L0 L5 0
    LOCALVARIABLE defaultValue Ljava/lang/Object; L0 L5 1
    MAXSTACK = 2
    MAXLOCALS = 2

  // access flags 0x2
  private _sw_prototype_original_isUseDefault()Z
   L0
    LINENUMBER 108 L0
    ALOAD 0
    DUP
    GETFIELD com/examples/with/different/packagename/testcarver/AbstractConverter.useDefault : Z
    SWAP
    LDC -2147483613
    LDC "com/examples/with/different/packagename/testcarver/AbstractConverter"
    LDC "useDefault"
    LDC "Z"
    INVOKESTATIC org/evosuite/testcarver/capture/FieldRegistry.notifyReadAccess (Ljava/lang/Object;ILjava/lang/String;Ljava/lang/String;Ljava/lang/String;)V
    IRETURN
   L1
    LOCALVARIABLE this Lcom/examples/with/different/packagename/testcarver/AbstractConverter; L0 L1 0
    MAXSTACK = 5
    MAXLOCALS = 1

  // access flags 0x2
  private _sw_prototype_original_convert(Ljava/lang/Class;Ljava/lang/Object;)Ljava/lang/Object;
    TRYCATCHBLOCK L0 L1 L2 java/lang/Throwable
    TRYCATCHBLOCK L3 L4 L2 java/lang/Throwable
    TRYCATCHBLOCK L5 L6 L2 java/lang/Throwable
   L7
    LINENUMBER 123 L7
    ALOAD 2
    IFNONNULL L8
    ACONST_NULL
    GOTO L9
   L8
    ALOAD 2
    INVOKEVIRTUAL java/lang/Object.getClass ()Ljava/lang/Class;
   L9
    ASTORE 3
   L10
    LINENUMBER 124 L10
    ALOAD 0
    ALOAD 1
    IFNONNULL L11
    ALOAD 0
    INVOKEVIRTUAL com/examples/with/different/packagename/testcarver/AbstractConverter.getDefaultType ()Ljava/lang/Class;
    GOTO L12
   L11
    ALOAD 1
   L12
    INVOKEVIRTUAL com/examples/with/different/packagename/testcarver/AbstractConverter.primitive (Ljava/lang/Class;)Ljava/lang/Class;
    ASTORE 4
   L13
    LINENUMBER 126 L13
    ALOAD 0
    ALOAD 2
    INVOKEVIRTUAL com/examples/with/different/packagename/testcarver/AbstractConverter.convertArray (Ljava/lang/Object;)Ljava/lang/Object;
    ASTORE 2
   L14
    LINENUMBER 129 L14
    ALOAD 2
    IFNONNULL L15
   L16
    LINENUMBER 130 L16
    ALOAD 0
    ALOAD 4
    INVOKEVIRTUAL com/examples/with/different/packagename/testcarver/AbstractConverter.handleMissing (Ljava/lang/Class;)Ljava/lang/Object;
    ARETURN
   L15
    LINENUMBER 133 L15
    ALOAD 2
    INVOKEVIRTUAL java/lang/Object.getClass ()Ljava/lang/Class;
    ASTORE 3
   L0
    LINENUMBER 137 L0
    ALOAD 4
    LDC Ljava/lang/String;.class
    INVOKEVIRTUAL java/lang/Object.equals (Ljava/lang/Object;)Z
    IFEQ L3
   L17
    LINENUMBER 138 L17
    ALOAD 0
    ALOAD 2
    INVOKEVIRTUAL com/examples/with/different/packagename/testcarver/AbstractConverter.convertToString (Ljava/lang/Object;)Ljava/lang/String;
   L1
    ARETURN
   L3
    LINENUMBER 141 L3
    ALOAD 4
    ALOAD 3
    INVOKEVIRTUAL java/lang/Object.equals (Ljava/lang/Object;)Z
    IFEQ L5
   L18
    LINENUMBER 142 L18
    ALOAD 2
   L4
    ARETURN
   L5
    LINENUMBER 146 L5
    ALOAD 0
    ALOAD 4
    ALOAD 2
    INVOKEVIRTUAL com/examples/with/different/packagename/testcarver/AbstractConverter.convertToType (Ljava/lang/Class;Ljava/lang/Object;)Ljava/lang/Object;
    ASTORE 5
   L19
    LINENUMBER 147 L19
    ALOAD 5
   L6
    ARETURN
   L2
    LINENUMBER 149 L2
    ASTORE 5
   L20
    LINENUMBER 150 L20
    ALOAD 0
    ALOAD 4
    ALOAD 2
    ALOAD 5
    INVOKEVIRTUAL com/examples/with/different/packagename/testcarver/AbstractConverter.handleError (Ljava/lang/Class;Ljava/lang/Object;Ljava/lang/Throwable;)Ljava/lang/Object;
    ARETURN
   L21
    LOCALVARIABLE result Ljava/lang/Object; L19 L2 5
    LOCALVARIABLE t Ljava/lang/Throwable; L20 L21 5
    LOCALVARIABLE this Lcom/examples/with/different/packagename/testcarver/AbstractConverter; L7 L21 0
    LOCALVARIABLE type Ljava/lang/Class; L7 L21 1
    LOCALVARIABLE value Ljava/lang/Object; L7 L21 2
    LOCALVARIABLE sourceType Ljava/lang/Class; L10 L21 3
    LOCALVARIABLE targetType Ljava/lang/Class; L13 L21 4
    MAXSTACK = 8
    MAXLOCALS = 6

  // access flags 0x4
  protected convertToString(Ljava/lang/Object;)Ljava/lang/String; throws java/lang/Throwable
   L0
    LINENUMBER 168 L0
    ALOAD 1
    INVOKEVIRTUAL java/lang/Object.toString ()Ljava/lang/String;
    ARETURN
   L1
    LOCALVARIABLE this Lcom/examples/with/different/packagename/testcarver/AbstractConverter; L0 L1 0
    LOCALVARIABLE value Ljava/lang/Object; L0 L1 1
    MAXSTACK = 1
    MAXLOCALS = 2

  // access flags 0x404
  protected abstract convertToType(Ljava/lang/Class;Ljava/lang/Object;)Ljava/lang/Object; throws java/lang/Throwable

  // access flags 0x4
  protected convertArray(Ljava/lang/Object;)Ljava/lang/Object;
   L0
    LINENUMBER 196 L0
    ALOAD 1
    IFNONNULL L1
   L2
    LINENUMBER 197 L2
    ACONST_NULL
    ARETURN
   L1
    LINENUMBER 199 L1
    ALOAD 1
    INVOKEVIRTUAL java/lang/Object.getClass ()Ljava/lang/Class;
    INVOKEVIRTUAL java/lang/Class.isArray ()Z
    IFEQ L3
   L4
    LINENUMBER 200 L4
    ALOAD 1
    INVOKESTATIC java/lang/reflect/Array.getLength (Ljava/lang/Object;)I
    IFLE L5
   L6
    LINENUMBER 201 L6
    ALOAD 1
    ICONST_0
    INVOKESTATIC java/lang/reflect/Array.get (Ljava/lang/Object;I)Ljava/lang/Object;
    ARETURN
   L5
    LINENUMBER 203 L5
    ACONST_NULL
    ARETURN
   L3
    LINENUMBER 206 L3
    ALOAD 1
    INSTANCEOF java/util/Collection
    IFEQ L7
   L8
    LINENUMBER 207 L8
    ALOAD 1
    CHECKCAST java/util/Collection
    ASTORE 2
   L9
    LINENUMBER 208 L9
    ALOAD 2
    INVOKEINTERFACE java/util/Collection.size ()I (itf)
    IFLE L10
   L11
    LINENUMBER 209 L11
    ALOAD 2
    INVOKEINTERFACE java/util/Collection.iterator ()Ljava/util/Iterator; (itf)
    INVOKEINTERFACE java/util/Iterator.next ()Ljava/lang/Object; (itf)
    ARETURN
   L10
    LINENUMBER 211 L10
    ACONST_NULL
    ARETURN
   L7
    LINENUMBER 214 L7
    ALOAD 1
    ARETURN
   L12
    LOCALVARIABLE collection Ljava/util/Collection; L9 L7 2
    LOCALVARIABLE this Lcom/examples/with/different/packagename/testcarver/AbstractConverter; L0 L12 0
    LOCALVARIABLE value Ljava/lang/Object; L0 L12 1
    MAXSTACK = 2
    MAXLOCALS = 3

  // access flags 0x4
  protected handleError(Ljava/lang/Class;Ljava/lang/Object;Ljava/lang/Throwable;)Ljava/lang/Object;
   L0
    LINENUMBER 231 L0
    ALOAD 0
    GETFIELD com/examples/with/different/packagename/testcarver/AbstractConverter.useDefault : Z
    IFEQ L1
   L2
    LINENUMBER 232 L2
    ALOAD 0
    ALOAD 1
    INVOKEVIRTUAL com/examples/with/different/packagename/testcarver/AbstractConverter.handleMissing (Ljava/lang/Class;)Ljava/lang/Object;
    ARETURN
   L1
    LINENUMBER 235 L1
    ACONST_NULL
    ASTORE 4
   L3
    LINENUMBER 236 L3
    ALOAD 3
    INSTANCEOF com/examples/with/different/packagename/testcarver/ConversionException
    IFEQ L4
   L5
    LINENUMBER 237 L5
    ALOAD 3
    CHECKCAST com/examples/with/different/packagename/testcarver/ConversionException
    ASTORE 4
    GOTO L6
   L4
    LINENUMBER 239 L4
    NEW java/lang/StringBuilder
    DUP
    INVOKESPECIAL java/lang/StringBuilder.<init> ()V
    LDC "Error converting from '"
    INVOKEVIRTUAL java/lang/StringBuilder.append (Ljava/lang/String;)Ljava/lang/StringBuilder;
    ALOAD 0
    ALOAD 2
    INVOKEVIRTUAL java/lang/Object.getClass ()Ljava/lang/Class;
    INVOKEVIRTUAL com/examples/with/different/packagename/testcarver/AbstractConverter.toString (Ljava/lang/Class;)Ljava/lang/String;
    INVOKEVIRTUAL java/lang/StringBuilder.append (Ljava/lang/String;)Ljava/lang/StringBuilder;
    LDC "' to '"
    INVOKEVIRTUAL java/lang/StringBuilder.append (Ljava/lang/String;)Ljava/lang/StringBuilder;
    ALOAD 0
    ALOAD 1
   L7
    LINENUMBER 240 L7
    INVOKEVIRTUAL com/examples/with/different/packagename/testcarver/AbstractConverter.toString (Ljava/lang/Class;)Ljava/lang/String;
    INVOKEVIRTUAL java/lang/StringBuilder.append (Ljava/lang/String;)Ljava/lang/StringBuilder;
    LDC "' "
    INVOKEVIRTUAL java/lang/StringBuilder.append (Ljava/lang/String;)Ljava/lang/StringBuilder;
    ALOAD 3
    INVOKEVIRTUAL java/lang/Throwable.getMessage ()Ljava/lang/String;
    INVOKEVIRTUAL java/lang/StringBuilder.append (Ljava/lang/String;)Ljava/lang/StringBuilder;
    INVOKEVIRTUAL java/lang/StringBuilder.toString ()Ljava/lang/String;
    ASTORE 5
   L8
    LINENUMBER 241 L8
    NEW com/examples/with/different/packagename/testcarver/ConversionException
    DUP
    ALOAD 5
    ALOAD 3
    INVOKESPECIAL com/examples/with/different/packagename/testcarver/ConversionException.<init> (Ljava/lang/String;Ljava/lang/Throwable;)V
    ASTORE 4
   L6
    LINENUMBER 245 L6
    ALOAD 4
    ATHROW
   L9
    LOCALVARIABLE msg Ljava/lang/String; L8 L6 5
    LOCALVARIABLE this Lcom/examples/with/different/packagename/testcarver/AbstractConverter; L0 L9 0
    LOCALVARIABLE type Ljava/lang/Class; L0 L9 1
    LOCALVARIABLE value Ljava/lang/Object; L0 L9 2
    LOCALVARIABLE cause Ljava/lang/Throwable; L0 L9 3
    LOCALVARIABLE cex Lcom/examples/with/different/packagename/testcarver/ConversionException; L3 L9 4
    MAXSTACK = 4
    MAXLOCALS = 6

  // access flags 0x4
  protected handleMissing(Ljava/lang/Class;)Ljava/lang/Object;
    TRYCATCHBLOCK L0 L1 L2 java/lang/Throwable
   L3
    LINENUMBER 262 L3
    ALOAD 0
    GETFIELD com/examples/with/different/packagename/testcarver/AbstractConverter.useDefault : Z
    IFNE L4
    ALOAD 1
    LDC Ljava/lang/String;.class
    INVOKEVIRTUAL java/lang/Object.equals (Ljava/lang/Object;)Z
    IFEQ L5
   L4
    LINENUMBER 263 L4
    ALOAD 0
    ALOAD 1
    INVOKEVIRTUAL com/examples/with/different/packagename/testcarver/AbstractConverter.getDefault (Ljava/lang/Class;)Ljava/lang/Object;
    ASTORE 2
   L6
    LINENUMBER 264 L6
    ALOAD 0
    GETFIELD com/examples/with/different/packagename/testcarver/AbstractConverter.useDefault : Z
    IFEQ L7
    ALOAD 2
    IFNULL L7
    ALOAD 1
    ALOAD 2
    INVOKEVIRTUAL java/lang/Object.getClass ()Ljava/lang/Class;
    INVOKEVIRTUAL java/lang/Object.equals (Ljava/lang/Object;)Z
    IFNE L7
   L0
    LINENUMBER 266 L0
    ALOAD 0
    ALOAD 1
    ALOAD 0
    GETFIELD com/examples/with/different/packagename/testcarver/AbstractConverter.defaultValue : Ljava/lang/Object;
    INVOKEVIRTUAL com/examples/with/different/packagename/testcarver/AbstractConverter.convertToType (Ljava/lang/Class;Ljava/lang/Object;)Ljava/lang/Object;
    ASTORE 2
   L1
    LINENUMBER 270 L1
    GOTO L7
   L2
    LINENUMBER 267 L2
    ASTORE 3
   L8
    LINENUMBER 268 L8
    GETSTATIC java/lang/System.err : Ljava/io/PrintStream;
    NEW java/lang/StringBuilder
    DUP
    INVOKESPECIAL java/lang/StringBuilder.<init> ()V
    LDC "    Default conversion to "
    INVOKEVIRTUAL java/lang/StringBuilder.append (Ljava/lang/String;)Ljava/lang/StringBuilder;
    ALOAD 0
    ALOAD 1
    INVOKEVIRTUAL com/examples/with/different/packagename/testcarver/AbstractConverter.toString (Ljava/lang/Class;)Ljava/lang/String;
    INVOKEVIRTUAL java/lang/StringBuilder.append (Ljava/lang/String;)Ljava/lang/StringBuilder;
    LDC "failed: "
    INVOKEVIRTUAL java/lang/StringBuilder.append (Ljava/lang/String;)Ljava/lang/StringBuilder;
    ALOAD 3
    INVOKEVIRTUAL java/lang/StringBuilder.append (Ljava/lang/Object;)Ljava/lang/StringBuilder;
    INVOKEVIRTUAL java/lang/StringBuilder.toString ()Ljava/lang/String;
    INVOKEVIRTUAL java/io/PrintStream.println (Ljava/lang/String;)V
   L7
    LINENUMBER 272 L7
    ALOAD 2
    ARETURN
   L5
    LINENUMBER 275 L5
    NEW com/examples/with/different/packagename/testcarver/ConversionException
    DUP
    NEW java/lang/StringBuilder
    DUP
    INVOKESPECIAL java/lang/StringBuilder.<init> ()V
    LDC "No value specified for '"
    INVOKEVIRTUAL java/lang/StringBuilder.append (Ljava/lang/String;)Ljava/lang/StringBuilder;
    ALOAD 0
    ALOAD 1
   L9
    LINENUMBER 276 L9
    INVOKEVIRTUAL com/examples/with/different/packagename/testcarver/AbstractConverter.toString (Ljava/lang/Class;)Ljava/lang/String;
    INVOKEVIRTUAL java/lang/StringBuilder.append (Ljava/lang/String;)Ljava/lang/StringBuilder;
    LDC "'"
    INVOKEVIRTUAL java/lang/StringBuilder.append (Ljava/lang/String;)Ljava/lang/StringBuilder;
    INVOKEVIRTUAL java/lang/StringBuilder.toString ()Ljava/lang/String;
    INVOKESPECIAL com/examples/with/different/packagename/testcarver/ConversionException.<init> (Ljava/lang/String;)V
    ASTORE 2
   L10
    LINENUMBER 277 L10
    ALOAD 2
    ATHROW
   L11
    LOCALVARIABLE t Ljava/lang/Throwable; L8 L7 3
    LOCALVARIABLE value Ljava/lang/Object; L6 L5 2
    LOCALVARIABLE this Lcom/examples/with/different/packagename/testcarver/AbstractConverter; L3 L11 0
    LOCALVARIABLE type Ljava/lang/Class; L3 L11 1
    LOCALVARIABLE cex Lcom/examples/with/different/packagename/testcarver/ConversionException; L10 L11 2
    MAXSTACK = 5
    MAXLOCALS = 4

  // access flags 0x4
  protected setDefaultValue(Ljava/lang/Object;)V
   L0
    LINENUMBER 295 L0
    ALOAD 0
    ICONST_0
    PUTFIELD com/examples/with/different/packagename/testcarver/AbstractConverter.useDefault : Z
   L1
    LINENUMBER 296 L1
    ALOAD 1
    IFNONNULL L2
   L3
    LINENUMBER 297 L3
    ALOAD 0
    ACONST_NULL
    PUTFIELD com/examples/with/different/packagename/testcarver/AbstractConverter.defaultValue : Ljava/lang/Object;
    GOTO L4
   L2
    LINENUMBER 299 L2
    ALOAD 0
    ALOAD 0
    ALOAD 0
    INVOKEVIRTUAL com/examples/with/different/packagename/testcarver/AbstractConverter.getDefaultType ()Ljava/lang/Class;
    ALOAD 1
    INVOKEVIRTUAL com/examples/with/different/packagename/testcarver/AbstractConverter.convert (Ljava/lang/Class;Ljava/lang/Object;)Ljava/lang/Object;
    PUTFIELD com/examples/with/different/packagename/testcarver/AbstractConverter.defaultValue : Ljava/lang/Object;
   L4
    LINENUMBER 301 L4
    ALOAD 0
    ICONST_1
    PUTFIELD com/examples/with/different/packagename/testcarver/AbstractConverter.useDefault : Z
   L5
    LINENUMBER 302 L5
    RETURN
   L6
    LOCALVARIABLE this Lcom/examples/with/different/packagename/testcarver/AbstractConverter; L0 L6 0
    LOCALVARIABLE defaultValue Ljava/lang/Object; L0 L6 1
    MAXSTACK = 4
    MAXLOCALS = 2

  // access flags 0x404
  protected abstract getDefaultType()Ljava/lang/Class;

  // access flags 0x4
  protected getDefault(Ljava/lang/Class;)Ljava/lang/Object;
   L0
    LINENUMBER 319 L0
    ALOAD 1
    LDC Ljava/lang/String;.class
    INVOKEVIRTUAL java/lang/Object.equals (Ljava/lang/Object;)Z
    IFEQ L1
   L2
    LINENUMBER 320 L2
    ACONST_NULL
    ARETURN
   L1
    LINENUMBER 322 L1
    ALOAD 0
    GETFIELD com/examples/with/different/packagename/testcarver/AbstractConverter.defaultValue : Ljava/lang/Object;
    ARETURN
   L3
    LOCALVARIABLE this Lcom/examples/with/different/packagename/testcarver/AbstractConverter; L0 L3 0
    LOCALVARIABLE type Ljava/lang/Class; L0 L3 1
    MAXSTACK = 2
    MAXLOCALS = 2

  // access flags 0x2
  private _sw_prototype_original_toString()Ljava/lang/String;
   L0
    LINENUMBER 332 L0
    NEW java/lang/StringBuilder
    DUP
    INVOKESPECIAL java/lang/StringBuilder.<init> ()V
    ALOAD 0
    ALOAD 0
    INVOKEVIRTUAL java/lang/Object.getClass ()Ljava/lang/Class;
    INVOKEVIRTUAL com/examples/with/different/packagename/testcarver/AbstractConverter.toString (Ljava/lang/Class;)Ljava/lang/String;
    INVOKEVIRTUAL java/lang/StringBuilder.append (Ljava/lang/String;)Ljava/lang/StringBuilder;
    LDC "[UseDefault="
    INVOKEVIRTUAL java/lang/StringBuilder.append (Ljava/lang/String;)Ljava/lang/StringBuilder;
    ALOAD 0
    DUP
    GETFIELD com/examples/with/different/packagename/testcarver/AbstractConverter.useDefault : Z
    SWAP
    LDC -2147483610
    LDC "com/examples/with/different/packagename/testcarver/AbstractConverter"
    LDC "useDefault"
    LDC "Z"
    INVOKESTATIC org/evosuite/testcarver/capture/FieldRegistry.notifyReadAccess (Ljava/lang/Object;ILjava/lang/String;Ljava/lang/String;Ljava/lang/String;)V
    INVOKEVIRTUAL java/lang/StringBuilder.append (Z)Ljava/lang/StringBuilder;
    LDC "]"
    INVOKEVIRTUAL java/lang/StringBuilder.append (Ljava/lang/String;)Ljava/lang/StringBuilder;
    INVOKEVIRTUAL java/lang/StringBuilder.toString ()Ljava/lang/String;
    ARETURN
   L1
    LOCALVARIABLE this Lcom/examples/with/different/packagename/testcarver/AbstractConverter; L0 L1 0
    MAXSTACK = 7
    MAXLOCALS = 1

  // access flags 0x0
  primitive(Ljava/lang/Class;)Ljava/lang/Class;
   L0
    LINENUMBER 344 L0
    ALOAD 1
    IFNULL L1
    ALOAD 1
    INVOKEVIRTUAL java/lang/Class.isPrimitive ()Z
    IFNE L2
   L1
    LINENUMBER 345 L1
    ALOAD 1
    ARETURN
   L2
    LINENUMBER 348 L2
    ALOAD 1
    GETSTATIC java/lang/Integer.TYPE : Ljava/lang/Class;
    IF_ACMPNE L3
   L4
    LINENUMBER 349 L4
    LDC Ljava/lang/Integer;.class
    ARETURN
   L3
    LINENUMBER 350 L3
    ALOAD 1
    GETSTATIC java/lang/Double.TYPE : Ljava/lang/Class;
    IF_ACMPNE L5
   L6
    LINENUMBER 351 L6
    LDC Ljava/lang/Double;.class
    ARETURN
   L5
    LINENUMBER 352 L5
    ALOAD 1
    GETSTATIC java/lang/Long.TYPE : Ljava/lang/Class;
    IF_ACMPNE L7
   L8
    LINENUMBER 353 L8
    LDC Ljava/lang/Long;.class
    ARETURN
   L7
    LINENUMBER 354 L7
    ALOAD 1
    GETSTATIC java/lang/Boolean.TYPE : Ljava/lang/Class;
    IF_ACMPNE L9
   L10
    LINENUMBER 355 L10
    LDC Ljava/lang/Boolean;.class
    ARETURN
   L9
    LINENUMBER 356 L9
    ALOAD 1
    GETSTATIC java/lang/Float.TYPE : Ljava/lang/Class;
    IF_ACMPNE L11
   L12
    LINENUMBER 357 L12
    LDC Ljava/lang/Float;.class
    ARETURN
   L11
    LINENUMBER 358 L11
    ALOAD 1
    GETSTATIC java/lang/Short.TYPE : Ljava/lang/Class;
    IF_ACMPNE L13
   L14
    LINENUMBER 359 L14
    LDC Ljava/lang/Short;.class
    ARETURN
   L13
    LINENUMBER 360 L13
    ALOAD 1
    GETSTATIC java/lang/Byte.TYPE : Ljava/lang/Class;
    IF_ACMPNE L15
   L16
    LINENUMBER 361 L16
    LDC Ljava/lang/Byte;.class
    ARETURN
   L15
    LINENUMBER 362 L15
    ALOAD 1
    GETSTATIC java/lang/Character.TYPE : Ljava/lang/Class;
    IF_ACMPNE L17
   L18
    LINENUMBER 363 L18
    LDC Ljava/lang/Character;.class
    ARETURN
   L17
    LINENUMBER 365 L17
    ALOAD 1
    ARETURN
   L19
    LOCALVARIABLE this Lcom/examples/with/different/packagename/testcarver/AbstractConverter; L0 L19 0
    LOCALVARIABLE type Ljava/lang/Class; L0 L19 1
    MAXSTACK = 2
    MAXLOCALS = 2

  // access flags 0x0
  toString(Ljava/lang/Class;)Ljava/lang/String;
   L0
    LINENUMBER 376 L0
    ACONST_NULL
    ASTORE 2
   L1
    LINENUMBER 377 L1
    ALOAD 1
    IFNONNULL L2
   L3
    LINENUMBER 378 L3
    LDC "null"
    ASTORE 2
    GOTO L4
   L2
    LINENUMBER 379 L2
    ALOAD 1
    INVOKEVIRTUAL java/lang/Class.isArray ()Z
    IFEQ L5
   L6
    LINENUMBER 380 L6
    ALOAD 1
    INVOKEVIRTUAL java/lang/Class.getComponentType ()Ljava/lang/Class;
    ASTORE 3
   L7
    LINENUMBER 381 L7
    ICONST_1
    ISTORE 4
   L8
    LINENUMBER 382 L8
    ALOAD 3
    INVOKEVIRTUAL java/lang/Class.isArray ()Z
    IFEQ L9
   L10
    LINENUMBER 383 L10
    ALOAD 3
    INVOKEVIRTUAL java/lang/Class.getComponentType ()Ljava/lang/Class;
    ASTORE 3
   L11
    LINENUMBER 384 L11
    IINC 4 1
    GOTO L8
   L9
    LINENUMBER 386 L9
    ALOAD 3
    INVOKEVIRTUAL java/lang/Class.getName ()Ljava/lang/String;
    ASTORE 2
   L12
    LINENUMBER 387 L12
    ICONST_0
    ISTORE 5
   L13
    ILOAD 5
    ILOAD 4
    IF_ICMPGE L14
   L15
    LINENUMBER 388 L15
    NEW java/lang/StringBuilder
    DUP
    INVOKESPECIAL java/lang/StringBuilder.<init> ()V
    ALOAD 2
    INVOKEVIRTUAL java/lang/StringBuilder.append (Ljava/lang/String;)Ljava/lang/StringBuilder;
    LDC "[]"
    INVOKEVIRTUAL java/lang/StringBuilder.append (Ljava/lang/String;)Ljava/lang/StringBuilder;
    INVOKEVIRTUAL java/lang/StringBuilder.toString ()Ljava/lang/String;
    ASTORE 2
   L16
    LINENUMBER 387 L16
    IINC 5 1
    GOTO L13
   L14
    LINENUMBER 390 L14
    GOTO L4
   L5
    LINENUMBER 391 L5
    ALOAD 1
    INVOKEVIRTUAL java/lang/Class.getName ()Ljava/lang/String;
    ASTORE 2
   L4
    LINENUMBER 393 L4
    ALOAD 2
    LDC "java.lang."
    INVOKEVIRTUAL java/lang/String.startsWith (Ljava/lang/String;)Z
    IFNE L17
    ALOAD 2
    LDC "java.util."
   L18
    LINENUMBER 394 L18
    INVOKEVIRTUAL java/lang/String.startsWith (Ljava/lang/String;)Z
    IFNE L17
    ALOAD 2
    LDC "java.math."
   L19
    LINENUMBER 395 L19
    INVOKEVIRTUAL java/lang/String.startsWith (Ljava/lang/String;)Z
    IFEQ L20
   L17
    LINENUMBER 396 L17
    ALOAD 2
    LDC "java.lang."
    INVOKEVIRTUAL java/lang/String.length ()I
    INVOKEVIRTUAL java/lang/String.substring (I)Ljava/lang/String;
    ASTORE 2
    GOTO L21
   L20
    LINENUMBER 397 L20
    ALOAD 2
    LDC "org.apache.commons.beanutils.converters."
    INVOKEVIRTUAL java/lang/String.startsWith (Ljava/lang/String;)Z
    IFEQ L21
   L22
    LINENUMBER 398 L22
    ALOAD 2
    LDC "org.apache.commons.beanutils.converters."
    INVOKEVIRTUAL java/lang/String.length ()I
    INVOKEVIRTUAL java/lang/String.substring (I)Ljava/lang/String;
    ASTORE 2
   L21
    LINENUMBER 400 L21
    ALOAD 2
    ARETURN
   L23
    LOCALVARIABLE i I L13 L14 5
    LOCALVARIABLE elementType Ljava/lang/Class; L7 L14 3
    LOCALVARIABLE count I L8 L14 4
    LOCALVARIABLE this Lcom/examples/with/different/packagename/testcarver/AbstractConverter; L0 L23 0
    LOCALVARIABLE type Ljava/lang/Class; L0 L23 1
    LOCALVARIABLE typeName Ljava/lang/String; L1 L23 2
    MAXSTACK = 2
    MAXLOCALS = 6

  // access flags 0x1
  public isUseDefault()Z
    TRYCATCHBLOCK L0 L1 L2 java/lang/Throwable
    ACONST_NULL
    ASTORE 1
   L0
    LDC -2147483612
    ALOAD 0
    LDC "isUseDefault"
    LDC "()Z"
    BIPUSH 0
    ANEWARRAY java/lang/Object
    INVOKESTATIC org/evosuite/testcarver/capture/Capturer.capture (ILjava/lang/Object;Ljava/lang/String;Ljava/lang/String;[Ljava/lang/Object;)V
    ALOAD 0
    INVOKEVIRTUAL com/examples/with/different/packagename/testcarver/AbstractConverter._sw_prototype_original_isUseDefault ()Z
    INVOKESTATIC java/lang/Boolean.valueOf (Z)Ljava/lang/Boolean;
    ASTORE 1
    ALOAD 1
    INVOKEVIRTUAL java/lang/Boolean.booleanValue ()Z
    ISTORE 3
   L1
    LDC -2147483612
    ALOAD 0
    ALOAD 1
    INVOKESTATIC org/evosuite/testcarver/capture/Capturer.enable (ILjava/lang/Object;Ljava/lang/Object;)V
    ILOAD 3
    IRETURN
   L2
   FRAME FULL [com/examples/with/different/packagename/testcarver/AbstractConverter java/lang/Boolean] [java/lang/Throwable]
    ASTORE 2
    LDC -2147483612
    ALOAD 0
    ALOAD 1
    INVOKESTATIC org/evosuite/testcarver/capture/Capturer.enable (ILjava/lang/Object;Ljava/lang/Object;)V
    ALOAD 2
    ATHROW
    MAXSTACK = 5
    MAXLOCALS = 0

  // access flags 0x1
  public convert(Ljava/lang/Class;Ljava/lang/Object;)Ljava/lang/Object;
    TRYCATCHBLOCK L0 L1 L2 java/lang/Throwable
    ACONST_NULL
    ASTORE 3
   L0
    LDC -2147483611
    ALOAD 0
    LDC "convert"
    LDC "(Ljava/lang/Class;Ljava/lang/Object;)Ljava/lang/Object;"
    BIPUSH 2
    ANEWARRAY java/lang/Object
    DUP
    BIPUSH 0
    ALOAD 1
    AASTORE
    DUP
    BIPUSH 1
    ALOAD 2
    AASTORE
    INVOKESTATIC org/evosuite/testcarver/capture/Capturer.capture (ILjava/lang/Object;Ljava/lang/String;Ljava/lang/String;[Ljava/lang/Object;)V
    ALOAD 0
    ALOAD 1
    ALOAD 2
    INVOKEVIRTUAL com/examples/with/different/packagename/testcarver/AbstractConverter._sw_prototype_original_convert (Ljava/lang/Class;Ljava/lang/Object;)Ljava/lang/Object;
    ASTORE 3
    ALOAD 3
    ASTORE 5
   L1
    LDC -2147483611
    ALOAD 0
    ALOAD 3
    INVOKESTATIC org/evosuite/testcarver/capture/Capturer.enable (ILjava/lang/Object;Ljava/lang/Object;)V
    ALOAD 5
    ARETURN
   L2
   FRAME FULL [com/examples/with/different/packagename/testcarver/AbstractConverter java/lang/Object] [java/lang/Throwable]
    ASTORE 4
    LDC -2147483611
    ALOAD 0
    ALOAD 3
    INVOKESTATIC org/evosuite/testcarver/capture/Capturer.enable (ILjava/lang/Object;Ljava/lang/Object;)V
    ALOAD 4
    ATHROW
    MAXSTACK = 8
    MAXLOCALS = 0

  // access flags 0x1
  public toString()Ljava/lang/String;
    TRYCATCHBLOCK L0 L1 L2 java/lang/Throwable
    ACONST_NULL
    ASTORE 1
   L0
    LDC -2147483609
    ALOAD 0
    LDC "toString"
    LDC "()Ljava/lang/String;"
    BIPUSH 0
    ANEWARRAY java/lang/Object
    INVOKESTATIC org/evosuite/testcarver/capture/Capturer.capture (ILjava/lang/Object;Ljava/lang/String;Ljava/lang/String;[Ljava/lang/Object;)V
    ALOAD 0
    INVOKEVIRTUAL com/examples/with/different/packagename/testcarver/AbstractConverter._sw_prototype_original_toString ()Ljava/lang/String;
    ASTORE 1
    ALOAD 1
    ASTORE 3
   L1
    LDC -2147483609
    ALOAD 0
    ALOAD 1
    INVOKESTATIC org/evosuite/testcarver/capture/Capturer.enable (ILjava/lang/Object;Ljava/lang/Object;)V
    ALOAD 3
    ARETURN
   L2
   FRAME FULL [com/examples/with/different/packagename/testcarver/AbstractConverter java/lang/String] [java/lang/Throwable]
    ASTORE 2
    LDC -2147483609
    ALOAD 0
    ALOAD 1
    INVOKESTATIC org/evosuite/testcarver/capture/Capturer.enable (ILjava/lang/Object;Ljava/lang/Object;)V
    ALOAD 2
    ATHROW
    MAXSTACK = 7
    MAXLOCALS = 0
}
INFO  org.evosuite.testcarver.extraction.CarvingClassLoader - Seeing class for first time: com.examples.with.different.packagename.testcarver.Converter
WARN  org.evosuite.testcarver.extraction.CarvingClassLoader - Instrumenting class 'com.examples.with.different.packagename.testcarver.Converter'.
INFO  org.evosuite.testcarver.extraction.CarvingClassLoader - Keeping class: com.examples.with.different.packagename.testcarver.Converter
INFO  org.evosuite.testcarver.extraction.CarvingClassLoader - Keeping class: com.examples.with.different.packagename.testcarver.AbstractConverter
INFO  org.evosuite.testcarver.extraction.CarvingClassLoader - Keeping class: com.examples.with.different.packagename.testcarver.DateTimeConverter
INFO  org.evosuite.testcarver.extraction.CarvingClassLoader - Keeping class: com.examples.with.different.packagename.testcarver.DateConverter
INFO  org.evosuite.testcarver.extraction.CarvingClassLoader - Seeing class for first time: com.examples.with.different.packagename.testcarver.DateConverterTest4
WARN  org.evosuite.testcarver.extraction.CarvingClassLoader - Instrumenting class 'com.examples.with.different.packagename.testcarver.DateConverterTest4'.
INFO  org.evosuite.testcarver.instrument.Instrumenter - Checking package com.examples.with.different.packagename.testcarver for class com/examples/with/different/packagename/testcarver/DateConverterTest4
// class version 52.0 (52)
// access flags 0x21
public class com/examples/with/different/packagename/testcarver/DateConverterTest4 {

  // compiled from: DateConverterTest4.java

  // access flags 0x2
  private _sw_prototype_original_init_sw_prototype_original_()V
    ALOAD 0
    INVOKESTATIC org/evosuite/testcarver/capture/FieldRegistry.register (Ljava/lang/Object;)V
    RETURN
   L0
    LOCALVARIABLE this Lcom/examples/with/different/packagename/testcarver/DateConverterTest4; L1 L0 0
    MAXSTACK = 5
    MAXLOCALS = 1

  // access flags 0x4
  protected makeConverter()Lcom/examples/with/different/packagename/testcarver/DateTimeConverter;
   L0
    LINENUMBER 41 L0
    NEW com/examples/with/different/packagename/testcarver/DateConverter
    DUP
    INVOKESPECIAL com/examples/with/different/packagename/testcarver/DateConverter.<init> ()V
    ARETURN
   L1
    LOCALVARIABLE this Lcom/examples/with/different/packagename/testcarver/DateConverterTest4; L0 L1 0
    MAXSTACK = 2
    MAXLOCALS = 1

  // access flags 0x4
  protected makeConverter(Ljava/lang/Object;)Lcom/examples/with/different/packagename/testcarver/DateTimeConverter;
   L0
    LINENUMBER 51 L0
    NEW com/examples/with/different/packagename/testcarver/DateConverter
    DUP
    ALOAD 1
    INVOKESPECIAL com/examples/with/different/packagename/testcarver/DateConverter.<init> (Ljava/lang/Object;)V
    ARETURN
   L1
    LOCALVARIABLE this Lcom/examples/with/different/packagename/testcarver/DateConverterTest4; L0 L1 0
    LOCALVARIABLE defaultValue Ljava/lang/Object; L0 L1 1
    MAXSTACK = 3
    MAXLOCALS = 2

  // access flags 0x4
  // signature ()Ljava/lang/Class<*>;
  // declaration: java.lang.Class<?> getExpectedType()
  protected getExpectedType()Ljava/lang/Class;
   L0
    LINENUMBER 60 L0
    LDC Ljava/util/Date;.class
    ARETURN
   L1
    LOCALVARIABLE this Lcom/examples/with/different/packagename/testcarver/DateConverterTest4; L0 L1 0
    MAXSTACK = 1
    MAXLOCALS = 1

  // access flags 0x0
  getTimeInMillis(Ljava/lang/Object;)J
   L0
    LINENUMBER 71 L0
    ALOAD 1
    INSTANCEOF java/sql/Timestamp
    IFEQ L1
   L2
    LINENUMBER 76 L2
    ALOAD 1
    CHECKCAST java/sql/Timestamp
    ASTORE 2
   L3
    LINENUMBER 77 L3
    ALOAD 2
    INVOKEVIRTUAL java/sql/Timestamp.getTime ()J
    LDC 1000L
    LDIV
    LDC 1000L
    LMUL
    LSTORE 3
   L4
    LINENUMBER 78 L4
    LLOAD 3
    ALOAD 2
    INVOKEVIRTUAL java/sql/Timestamp.getNanos ()I
    LDC 1000000
    IDIV
    I2L
    LADD
    LSTORE 3
   L5
    LINENUMBER 79 L5
    LLOAD 3
    LRETURN
   L1
    LINENUMBER 82 L1
    ALOAD 1
    INSTANCEOF java/util/Calendar
    IFEQ L6
   L7
    LINENUMBER 83 L7
    ALOAD 1
    CHECKCAST org/evosuite/testcarver/wrapper/java/util/Calendar
    INVOKESTATIC org/evosuite/testcarver/wrapper/java/util/Calendar.getTime (Ljava/util/Calendar;)Ljava/util/Date;
    INVOKEVIRTUAL java/util/Date.getTime ()J
    LRETURN
   L6
    LINENUMBER 85 L6
    ALOAD 1
    CHECKCAST org/evosuite/testcarver/wrapper/java/util/Date
    INVOKEVIRTUAL java/util/Date.getTime ()J
    LRETURN
   L8
    LOCALVARIABLE timestamp Ljava/sql/Timestamp; L3 L1 2
    LOCALVARIABLE timeInMillis J L4 L1 3
    LOCALVARIABLE this Lcom/examples/with/different/packagename/testcarver/DateConverterTest4; L0 L8 0
    LOCALVARIABLE date Ljava/lang/Object; L0 L8 1
    MAXSTACK = 4
    MAXLOCALS = 5

  // access flags 0x0
  toCalendar(Ljava/lang/String;Ljava/lang/String;Ljava/util/Locale;)Ljava/util/Calendar;
    TRYCATCHBLOCK L0 L1 L2 java/lang/Exception
   L3
    LINENUMBER 98 L3
    ACONST_NULL
    ASTORE 4
   L0
    LINENUMBER 100 L0
    ALOAD 3
    IFNONNULL L4
   L5
    LINENUMBER 101 L5
    NEW org/evosuite/testcarver/wrapper/java/text/SimpleDateFormat
    DUP
    ALOAD 2
    INVOKESPECIAL org/evosuite/testcarver/wrapper/java/text/SimpleDateFormat.<init> (Ljava/lang/String;)V
    GOTO L6
   L4
    LINENUMBER 102 L4
    NEW org/evosuite/testcarver/wrapper/java/text/SimpleDateFormat
    DUP
    ALOAD 2
    ALOAD 3
    INVOKESPECIAL org/evosuite/testcarver/wrapper/java/text/SimpleDateFormat.<init> (Ljava/lang/String;Ljava/util/Locale;)V
   L6
    ASTORE 5
   L7
    LINENUMBER 103 L7
    ALOAD 5
    ICONST_0
    INVOKEVIRTUAL java/text/DateFormat.setLenient (Z)V
   L8
    LINENUMBER 104 L8
    ALOAD 5
    ALOAD 1
    INVOKEVIRTUAL java/text/DateFormat.parse (Ljava/lang/String;)Ljava/util/Date;
    POP
   L9
    LINENUMBER 105 L9
    ALOAD 5
    INVOKEVIRTUAL java/text/DateFormat.getCalendar ()Ljava/util/Calendar;
    ASTORE 4
   L1
    LINENUMBER 109 L1
    GOTO L10
   L2
    LINENUMBER 106 L2
    ASTORE 5
   L11
    LINENUMBER 107 L11
    NEW java/lang/StringBuilder
    DUP
    INVOKESPECIAL java/lang/StringBuilder.<init> ()V
    LDC "Error creating Calendar value ='"
    INVOKEVIRTUAL java/lang/StringBuilder.append (Ljava/lang/String;)Ljava/lang/StringBuilder;
    ALOAD 1
    INVOKEVIRTUAL java/lang/StringBuilder.append (Ljava/lang/String;)Ljava/lang/StringBuilder;
    LDC ", pattern='"
    INVOKEVIRTUAL java/lang/StringBuilder.append (Ljava/lang/String;)Ljava/lang/StringBuilder;
    ALOAD 2
    INVOKEVIRTUAL java/lang/StringBuilder.append (Ljava/lang/String;)Ljava/lang/StringBuilder;
    LDC "' "
    INVOKEVIRTUAL java/lang/StringBuilder.append (Ljava/lang/String;)Ljava/lang/StringBuilder;
    ALOAD 5
   L12
    LINENUMBER 108 L12
    INVOKEVIRTUAL java/lang/Exception.toString ()Ljava/lang/String;
    INVOKEVIRTUAL java/lang/StringBuilder.append (Ljava/lang/String;)Ljava/lang/StringBuilder;
    INVOKEVIRTUAL java/lang/StringBuilder.toString ()Ljava/lang/String;
   L13
    LINENUMBER 107 L13
    INVOKESTATIC org/junit/Assert.fail (Ljava/lang/String;)V
   L10
    LINENUMBER 110 L10
    ALOAD 4
    ARETURN
   L14
    LOCALVARIABLE format Ljava/text/DateFormat; L7 L1 5
    LOCALVARIABLE e Ljava/lang/Exception; L11 L10 5
    LOCALVARIABLE this Lcom/examples/with/different/packagename/testcarver/DateConverterTest4; L3 L14 0
    LOCALVARIABLE value Ljava/lang/String; L3 L14 1
    LOCALVARIABLE pattern Ljava/lang/String; L3 L14 2
    LOCALVARIABLE locale Ljava/util/Locale; L3 L14 3
    LOCALVARIABLE calendar Ljava/util/Calendar; L0 L14 4
    MAXSTACK = 4
    MAXLOCALS = 6

  // access flags 0x0
  toDate(Ljava/util/Calendar;)Ljava/util/Date;
   L0
    LINENUMBER 120 L0
    ALOAD 1
    INVOKESTATIC org/evosuite/testcarver/wrapper/java/util/Calendar.getTime (Ljava/util/Calendar;)Ljava/util/Date;
    ARETURN
   L1
    LOCALVARIABLE this Lcom/examples/with/different/packagename/testcarver/DateConverterTest4; L0 L1 0
    LOCALVARIABLE calendar Ljava/util/Calendar; L0 L1 1
    MAXSTACK = 1
    MAXLOCALS = 2

  // access flags 0x0
  toType(Ljava/lang/String;Ljava/lang/String;Ljava/util/Locale;)Ljava/lang/Object;
   L0
    LINENUMBER 132 L0
    ALOAD 0
    ALOAD 1
    ALOAD 2
    ALOAD 3
    INVOKEVIRTUAL com/examples/with/different/packagename/testcarver/DateConverterTest4.toCalendar (Ljava/lang/String;Ljava/lang/String;Ljava/util/Locale;)Ljava/util/Calendar;
    ASTORE 4
   L1
    LINENUMBER 133 L1
    ALOAD 0
    ALOAD 4
    INVOKEVIRTUAL com/examples/with/different/packagename/testcarver/DateConverterTest4.toType (Ljava/util/Calendar;)Ljava/lang/Object;
    ARETURN
   L2
    LOCALVARIABLE this Lcom/examples/with/different/packagename/testcarver/DateConverterTest4; L0 L2 0
    LOCALVARIABLE value Ljava/lang/String; L0 L2 1
    LOCALVARIABLE pattern Ljava/lang/String; L0 L2 2
    LOCALVARIABLE locale Ljava/util/Locale; L0 L2 3
    LOCALVARIABLE calendar Ljava/util/Calendar; L1 L2 4
    MAXSTACK = 4
    MAXLOCALS = 5

  // access flags 0x4
  protected toType(Ljava/util/Calendar;)Ljava/lang/Object;
   L0
    LINENUMBER 143 L0
    ALOAD 1
    INVOKESTATIC org/evosuite/testcarver/wrapper/java/util/Calendar.getTime (Ljava/util/Calendar;)Ljava/util/Date;
    ARETURN
   L1
    LOCALVARIABLE this Lcom/examples/with/different/packagename/testcarver/DateConverterTest4; L0 L1 0
    LOCALVARIABLE value Ljava/util/Calendar; L0 L1 1
    MAXSTACK = 1
    MAXLOCALS = 2

  // access flags 0x2
  private _sw_prototype_original_testDefaultStringToTypeConvert()V
    TRYCATCHBLOCK L0 L1 L2 com/examples/with/different/packagename/testcarver/ConversionException
   L3
    LINENUMBER 156 L3
    ALOAD 0
    INVOKEVIRTUAL com/examples/with/different/packagename/testcarver/DateConverterTest4.makeConverter ()Lcom/examples/with/different/packagename/testcarver/DateTimeConverter;
    ASTORE 1
   L4
    LINENUMBER 157 L4
    ALOAD 1
    ICONST_0
    INVOKEVIRTUAL com/examples/with/different/packagename/testcarver/DateTimeConverter.setUseLocaleFormat (Z)V
   L0
    LINENUMBER 159 L0
    ALOAD 1
    ALOAD 0
    INVOKEVIRTUAL com/examples/with/different/packagename/testcarver/DateConverterTest4.getExpectedType ()Ljava/lang/Class;
    LDC "2006-10-23"
    INVOKEVIRTUAL com/examples/with/different/packagename/testcarver/DateTimeConverter.convert (Ljava/lang/Class;Ljava/lang/Object;)Ljava/lang/Object;
    POP
   L5
    LINENUMBER 160 L5
    LDC "Expected Conversion exception"
    INVOKESTATIC org/junit/Assert.fail (Ljava/lang/String;)V
   L1
    LINENUMBER 163 L1
    GOTO L6
   L2
    LINENUMBER 161 L2
    ASTORE 2
   L6
    LINENUMBER 165 L6
    RETURN
   L7
    LOCALVARIABLE this Lcom/examples/with/different/packagename/testcarver/DateConverterTest4; L3 L7 0
    LOCALVARIABLE converter Lcom/examples/with/different/packagename/testcarver/DateTimeConverter; L4 L7 1
    MAXSTACK = 7
    MAXLOCALS = 3

  // access flags 0x1
  public <init>()V
    TRYCATCHBLOCK L0 L1 L1 java/lang/Throwable
   L2
    LINENUMBER 32 L2
    ALOAD 0
    INVOKESPECIAL java/lang/Object.<init> ()V
   L0
    LDC -2147483608
    ALOAD 0
    LDC "<init>"
    LDC "()V"
    BIPUSH 0
    ANEWARRAY java/lang/Object
    INVOKESTATIC org/evosuite/testcarver/capture/Capturer.capture (ILjava/lang/Object;Ljava/lang/String;Ljava/lang/String;[Ljava/lang/Object;)V
    ALOAD 0
    INVOKEVIRTUAL com/examples/with/different/packagename/testcarver/DateConverterTest4._sw_prototype_original_init_sw_prototype_original_ ()V
    GOTO L3
   L1
   FRAME SAME1 java/lang/Throwable
    ASTORE 1
    LDC -2147483608
    ALOAD 0
    GETSTATIC org/evosuite/testcarver/capture/CaptureLog.RETURN_TYPE_VOID : Ljava/lang/Object;
    INVOKESTATIC org/evosuite/testcarver/capture/Capturer.enable (ILjava/lang/Object;Ljava/lang/Object;)V
    ALOAD 1
    ATHROW
   L3
   FRAME SAME
    LDC -2147483608
    ALOAD 0
    GETSTATIC org/evosuite/testcarver/capture/CaptureLog.RETURN_TYPE_VOID : Ljava/lang/Object;
    INVOKESTATIC org/evosuite/testcarver/capture/Capturer.enable (ILjava/lang/Object;Ljava/lang/Object;)V
    RETURN
    MAXSTACK = 5
    MAXLOCALS = 0

  // access flags 0x1
  public testDefaultStringToTypeConvert()V
  @Lorg/junit/Test;()
    TRYCATCHBLOCK L0 L1 L1 java/lang/Throwable
   L0
    LDC -2147483607
    ALOAD 0
    LDC "testDefaultStringToTypeConvert"
    LDC "()V"
    BIPUSH 0
    ANEWARRAY java/lang/Object
    INVOKESTATIC org/evosuite/testcarver/capture/Capturer.capture (ILjava/lang/Object;Ljava/lang/String;Ljava/lang/String;[Ljava/lang/Object;)V
    ALOAD 0
    INVOKEVIRTUAL com/examples/with/different/packagename/testcarver/DateConverterTest4._sw_prototype_original_testDefaultStringToTypeConvert ()V
    GOTO L2
   L1
   FRAME SAME1 java/lang/Throwable
    ASTORE 1
    LDC -2147483607
    ALOAD 0
    GETSTATIC org/evosuite/testcarver/capture/CaptureLog.RETURN_TYPE_VOID : Ljava/lang/Object;
    INVOKESTATIC org/evosuite/testcarver/capture/Capturer.enable (ILjava/lang/Object;Ljava/lang/Object;)V
    ALOAD 1
    ATHROW
   L2
   FRAME SAME
    LDC -2147483607
    ALOAD 0
    GETSTATIC org/evosuite/testcarver/capture/CaptureLog.RETURN_TYPE_VOID : Ljava/lang/Object;
    INVOKESTATIC org/evosuite/testcarver/capture/Capturer.enable (ILjava/lang/Object;Ljava/lang/Object;)V
    RETURN
    MAXSTACK = 7
    MAXLOCALS = 0
}
INFO  org.evosuite.testcarver.extraction.CarvingClassLoader - Keeping class: com.examples.with.different.packagename.testcarver.DateConverterTest4
INFO  org.evosuite.testcarver.extraction.CarvingClassLoader - Seeing class for first time: com.examples.with.different.packagename.testcarver.ConversionException
WARN  org.evosuite.testcarver.extraction.CarvingClassLoader - Instrumenting class 'com.examples.with.different.packagename.testcarver.ConversionException'.
INFO  org.evosuite.testcarver.instrument.Instrumenter - Checking package com.examples.with.different.packagename.testcarver for class com/examples/with/different/packagename/testcarver/ConversionException
// class version 52.0 (52)
// access flags 0x21
public class com/examples/with/different/packagename/testcarver/ConversionException extends java/lang/RuntimeException {

  // compiled from: ConversionException.java

  // access flags 0x1A
  private final static J serialVersionUID = -3264207363344909775L

  // access flags 0x4
  protected Ljava/lang/Throwable; cause

  // access flags 0x2
  private _sw_prototype_original_init_sw_prototype_original_(Ljava/lang/String;)V
    ALOAD 0
    INVOKESTATIC org/evosuite/testcarver/capture/FieldRegistry.register (Ljava/lang/Object;)V
   L0
    LINENUMBER 85 L0
    ALOAD 0
    ACONST_NULL
    DUP2
    PUTFIELD com/examples/with/different/packagename/testcarver/ConversionException.cause : Ljava/lang/Throwable;
    POP
    LDC -2147483606
    LDC "com/examples/with/different/packagename/testcarver/ConversionException"
    LDC "cause"
    LDC "Ljava/lang/Throwable;"
    INVOKESTATIC org/evosuite/testcarver/capture/FieldRegistry.notifyModification (Ljava/lang/Object;ILjava/lang/String;Ljava/lang/String;Ljava/lang/String;)V
   L1
    LINENUMBER 48 L1
    RETURN
   L2
    LOCALVARIABLE this Lcom/examples/with/different/packagename/testcarver/ConversionException; L3 L2 0
    LOCALVARIABLE message Ljava/lang/String; L3 L2 1
    MAXSTACK = 6
    MAXLOCALS = 2

  // access flags 0x2
  private _sw_prototype_original_init_sw_prototype_original_(Ljava/lang/String;Ljava/lang/Throwable;)V
    ALOAD 0
    INVOKESTATIC org/evosuite/testcarver/capture/FieldRegistry.register (Ljava/lang/Object;)V
   L0
    LINENUMBER 85 L0
    ALOAD 0
    ACONST_NULL
    DUP2
    PUTFIELD com/examples/with/different/packagename/testcarver/ConversionException.cause : Ljava/lang/Throwable;
    POP
    LDC -2147483603
    LDC "com/examples/with/different/packagename/testcarver/ConversionException"
    LDC "cause"
    LDC "Ljava/lang/Throwable;"
    INVOKESTATIC org/evosuite/testcarver/capture/FieldRegistry.notifyModification (Ljava/lang/Object;ILjava/lang/String;Ljava/lang/String;Ljava/lang/String;)V
   L1
    LINENUMBER 60 L1
    ALOAD 0
    ALOAD 2
    DUP2
    PUTFIELD com/examples/with/different/packagename/testcarver/ConversionException.cause : Ljava/lang/Throwable;
    POP
    LDC -2147483601
    LDC "com/examples/with/different/packagename/testcarver/ConversionException"
    LDC "cause"
    LDC "Ljava/lang/Throwable;"
    INVOKESTATIC org/evosuite/testcarver/capture/FieldRegistry.notifyModification (Ljava/lang/Object;ILjava/lang/String;Ljava/lang/String;Ljava/lang/String;)V
   L2
    LINENUMBER 62 L2
    RETURN
   L3
    LOCALVARIABLE this Lcom/examples/with/different/packagename/testcarver/ConversionException; L4 L3 0
    LOCALVARIABLE message Ljava/lang/String; L4 L3 1
    LOCALVARIABLE cause Ljava/lang/Throwable; L4 L3 2
    MAXSTACK = 6
    MAXLOCALS = 3

  // access flags 0x2
  private _sw_prototype_original_init_sw_prototype_original_(Ljava/lang/Throwable;)V
    ALOAD 0
    INVOKESTATIC org/evosuite/testcarver/capture/FieldRegistry.register (Ljava/lang/Object;)V
   L0
    LINENUMBER 85 L0
    ALOAD 0
    ACONST_NULL
    DUP2
    PUTFIELD com/examples/with/different/packagename/testcarver/ConversionException.cause : Ljava/lang/Throwable;
    POP
    LDC -2147483598
    LDC "com/examples/with/different/packagename/testcarver/ConversionException"
    LDC "cause"
    LDC "Ljava/lang/Throwable;"
    INVOKESTATIC org/evosuite/testcarver/capture/FieldRegistry.notifyModification (Ljava/lang/Object;ILjava/lang/String;Ljava/lang/String;Ljava/lang/String;)V
   L1
    LINENUMBER 73 L1
    ALOAD 0
    ALOAD 1
    DUP2
    PUTFIELD com/examples/with/different/packagename/testcarver/ConversionException.cause : Ljava/lang/Throwable;
    POP
    LDC -2147483596
    LDC "com/examples/with/different/packagename/testcarver/ConversionException"
    LDC "cause"
    LDC "Ljava/lang/Throwable;"
    INVOKESTATIC org/evosuite/testcarver/capture/FieldRegistry.notifyModification (Ljava/lang/Object;ILjava/lang/String;Ljava/lang/String;Ljava/lang/String;)V
   L2
    LINENUMBER 75 L2
    RETURN
   L3
    LOCALVARIABLE this Lcom/examples/with/different/packagename/testcarver/ConversionException; L4 L3 0
    LOCALVARIABLE cause Ljava/lang/Throwable; L4 L3 1
    MAXSTACK = 6
    MAXLOCALS = 2

  // access flags 0x2
  private _sw_prototype_original_getCause()Ljava/lang/Throwable;
   L0
    LINENUMBER 93 L0
    ALOAD 0
    DUP
    GETFIELD com/examples/with/different/packagename/testcarver/ConversionException.cause : Ljava/lang/Throwable;
    SWAP
    LDC -2147483593
    LDC "com/examples/with/different/packagename/testcarver/ConversionException"
    LDC "cause"
    LDC "Ljava/lang/Throwable;"
    INVOKESTATIC org/evosuite/testcarver/capture/FieldRegistry.notifyReadAccess (Ljava/lang/Object;ILjava/lang/String;Ljava/lang/String;Ljava/lang/String;)V
    ARETURN
   L1
    LOCALVARIABLE this Lcom/examples/with/different/packagename/testcarver/ConversionException; L0 L1 0
    MAXSTACK = 5
    MAXLOCALS = 1

  // access flags 0x1
  public <init>(Ljava/lang/String;)V
    TRYCATCHBLOCK L0 L1 L1 java/lang/Throwable
   L2
    LINENUMBER 46 L2
    ALOAD 0
    ALOAD 1
    INVOKESPECIAL java/lang/RuntimeException.<init> (Ljava/lang/String;)V
   L0
    LDC -2147483604
    ALOAD 0
    LDC "<init>"
    LDC "(Ljava/lang/String;)V"
    BIPUSH 1
    ANEWARRAY java/lang/Object
    DUP
    BIPUSH 0
    ALOAD 1
    AASTORE
    INVOKESTATIC org/evosuite/testcarver/capture/Capturer.capture (ILjava/lang/Object;Ljava/lang/String;Ljava/lang/String;[Ljava/lang/Object;)V
    ALOAD 0
    ALOAD 1
    INVOKEVIRTUAL com/examples/with/different/packagename/testcarver/ConversionException._sw_prototype_original_init_sw_prototype_original_ (Ljava/lang/String;)V
    GOTO L3
   L1
   FRAME SAME1 java/lang/Throwable
    ASTORE 2
    LDC -2147483604
    ALOAD 0
    GETSTATIC org/evosuite/testcarver/capture/CaptureLog.RETURN_TYPE_VOID : Ljava/lang/Object;
    INVOKESTATIC org/evosuite/testcarver/capture/Capturer.enable (ILjava/lang/Object;Ljava/lang/Object;)V
    ALOAD 2
    ATHROW
   L3
   FRAME SAME
    LDC -2147483604
    ALOAD 0
    GETSTATIC org/evosuite/testcarver/capture/CaptureLog.RETURN_TYPE_VOID : Ljava/lang/Object;
    INVOKESTATIC org/evosuite/testcarver/capture/Capturer.enable (ILjava/lang/Object;Ljava/lang/Object;)V
    RETURN
    MAXSTACK = 6
    MAXLOCALS = 0

  // access flags 0x1
  public <init>(Ljava/lang/String;Ljava/lang/Throwable;)V
    TRYCATCHBLOCK L0 L1 L1 java/lang/Throwable
   L2
    LINENUMBER 59 L2
    ALOAD 0
    ALOAD 1
    INVOKESPECIAL java/lang/RuntimeException.<init> (Ljava/lang/String;)V
   L0
    LDC -2147483599
    ALOAD 0
    LDC "<init>"
    LDC "(Ljava/lang/String;Ljava/lang/Throwable;)V"
    BIPUSH 2
    ANEWARRAY java/lang/Object
    DUP
    BIPUSH 0
    ALOAD 1
    AASTORE
    DUP
    BIPUSH 1
    ALOAD 2
    AASTORE
    INVOKESTATIC org/evosuite/testcarver/capture/Capturer.capture (ILjava/lang/Object;Ljava/lang/String;Ljava/lang/String;[Ljava/lang/Object;)V
    ALOAD 0
    ALOAD 1
    ALOAD 2
    INVOKEVIRTUAL com/examples/with/different/packagename/testcarver/ConversionException._sw_prototype_original_init_sw_prototype_original_ (Ljava/lang/String;Ljava/lang/Throwable;)V
    GOTO L3
   L1
   FRAME SAME1 java/lang/Throwable
    ASTORE 3
    LDC -2147483599
    ALOAD 0
    GETSTATIC org/evosuite/testcarver/capture/CaptureLog.RETURN_TYPE_VOID : Ljava/lang/Object;
    INVOKESTATIC org/evosuite/testcarver/capture/Capturer.enable (ILjava/lang/Object;Ljava/lang/Object;)V
    ALOAD 3
    ATHROW
   L3
   FRAME SAME
    LDC -2147483599
    ALOAD 0
    GETSTATIC org/evosuite/testcarver/capture/CaptureLog.RETURN_TYPE_VOID : Ljava/lang/Object;
    INVOKESTATIC org/evosuite/testcarver/capture/Capturer.enable (ILjava/lang/Object;Ljava/lang/Object;)V
    RETURN
    MAXSTACK = 6
    MAXLOCALS = 0

  // access flags 0x1
  public <init>(Ljava/lang/Throwable;)V
    TRYCATCHBLOCK L0 L1 L1 java/lang/Throwable
   L2
    LINENUMBER 72 L2
    ALOAD 0
    ALOAD 1
    INVOKEVIRTUAL java/lang/Throwable.getMessage ()Ljava/lang/String;
    INVOKESPECIAL java/lang/RuntimeException.<init> (Ljava/lang/String;)V
   L0
    LDC -2147483594
    ALOAD 0
    LDC "<init>"
    LDC "(Ljava/lang/Throwable;)V"
    BIPUSH 1
    ANEWARRAY java/lang/Object
    DUP
    BIPUSH 0
    ALOAD 1
    AASTORE
    INVOKESTATIC org/evosuite/testcarver/capture/Capturer.capture (ILjava/lang/Object;Ljava/lang/String;Ljava/lang/String;[Ljava/lang/Object;)V
    ALOAD 0
    ALOAD 1
    INVOKEVIRTUAL com/examples/with/different/packagename/testcarver/ConversionException._sw_prototype_original_init_sw_prototype_original_ (Ljava/lang/Throwable;)V
    GOTO L3
   L1
   FRAME SAME1 java/lang/Throwable
    ASTORE 2
    LDC -2147483594
    ALOAD 0
    GETSTATIC org/evosuite/testcarver/capture/CaptureLog.RETURN_TYPE_VOID : Ljava/lang/Object;
    INVOKESTATIC org/evosuite/testcarver/capture/Capturer.enable (ILjava/lang/Object;Ljava/lang/Object;)V
    ALOAD 2
    ATHROW
   L3
   FRAME SAME
    LDC -2147483594
    ALOAD 0
    GETSTATIC org/evosuite/testcarver/capture/CaptureLog.RETURN_TYPE_VOID : Ljava/lang/Object;
    INVOKESTATIC org/evosuite/testcarver/capture/Capturer.enable (ILjava/lang/Object;Ljava/lang/Object;)V
    RETURN
    MAXSTACK = 6
    MAXLOCALS = 0

  // access flags 0x1
  public getCause()Ljava/lang/Throwable;
    TRYCATCHBLOCK L0 L1 L2 java/lang/Throwable
    ACONST_NULL
    ASTORE 1
   L0
    LDC -2147483592
    ALOAD 0
    LDC "getCause"
    LDC "()Ljava/lang/Throwable;"
    BIPUSH 0
    ANEWARRAY java/lang/Object
    INVOKESTATIC org/evosuite/testcarver/capture/Capturer.capture (ILjava/lang/Object;Ljava/lang/String;Ljava/lang/String;[Ljava/lang/Object;)V
    ALOAD 0
    INVOKEVIRTUAL com/examples/with/different/packagename/testcarver/ConversionException._sw_prototype_original_getCause ()Ljava/lang/Throwable;
    ASTORE 1
    ALOAD 1
    ASTORE 3
   L1
    LDC -2147483592
    ALOAD 0
    ALOAD 1
    INVOKESTATIC org/evosuite/testcarver/capture/Capturer.enable (ILjava/lang/Object;Ljava/lang/Object;)V
    ALOAD 3
    ARETURN
   L2
   FRAME FULL [com/examples/with/different/packagename/testcarver/ConversionException java/lang/Throwable] [java/lang/Throwable]
    ASTORE 2
    LDC -2147483592
    ALOAD 0
    ALOAD 1
    INVOKESTATIC org/evosuite/testcarver/capture/Capturer.enable (ILjava/lang/Object;Ljava/lang/Object;)V
    ALOAD 2
    ATHROW
    MAXSTACK = 5
    MAXLOCALS = 0
}
INFO  org.evosuite.testcarver.extraction.CarvingClassLoader - Keeping class: com.examples.with.different.packagename.testcarver.ConversionException
INFO  org.evosuite.testcarver.extraction.CarvingRunListener - Not yet reached maximum time to carve unit tests - executing test with carver
INFO  org.evosuite.testcarver.capture.Capturer - Starting Capturer...
INFO  org.evosuite.testcarver.capture.Capturer - Capturer has been started successfully
INFO  org.evosuite.testcarver.capture.Capturer - Stopping Capturer...
INFO  org.evosuite.testcarver.capture.Capturer - Capturer has been stopped successfully
INFO  evo_logger -  - Carving test com.examples.with.different.packagename.testcarver.DateConverterTest4.testDefaultStringToTypeConvert
INFO  org.evosuite.instrumentation.InstrumentingClassLoader - Seeing class for first time: com.examples.with.different.packagename.testcarver.ConversionException
INFO  org.evosuite.instrumentation.BytecodeInstrumentation - Starting transformation of com/examples/with/different/packagename/testcarver/ConversionException
INFO  org.evosuite.runtime.instrumentation.MethodCallReplacementClassAdapter - Adding mock interface to class com/examples/with/different/packagename/testcarver/ConversionException
INFO  org.evosuite.instrumentation.EndOfClassInitializerVisitor - Creating <clinit> in class com/examples/with/different/packagename/testcarver/ConversionException
INFO  org.evosuite.runtime.instrumentation.CreateClassResetClassAdapter - Found static initializer in class com/examples/with/different/packagename/testcarver/ConversionException
INFO  org.evosuite.instrumentation.InstrumentingClassLoader - Loaded class: com.examples.with.different.packagename.testcarver.ConversionException
INFO  org.evosuite.testcarver.extraction.CarvingRunListener - Carved test of length 6
INFO  org.evosuite.utils.generic.GenericTypeInference - Type map empty
INFO  org.evosuite.testcarver.extraction.CarvingManager - Result: 0/1
INFO  org.evosuite.testcase.execution.TestCaseExecutor - No stalled threads
INFO  org.evosuite.testcarver.extraction.CarvingManager - Exception thrown in carved test testDefaultStringToTypeConvert: {}
com.examples.with.different.packagename.testcarver.ConversionException: com.examples.with.different.packagename.testcarver.DateConverter does not support default String to 'Date' conversion.
	at com.examples.with.different.packagename.testcarver.DateTimeConverter.toDate(DateTimeConverter.java:459)
	at com.examples.with.different.packagename.testcarver.DateTimeConverter.convertToType(DateTimeConverter.java:341)
	at com.examples.with.different.packagename.testcarver.AbstractConverter.convert(AbstractConverter.java:146)
	at java.base/jdk.internal.reflect.DirectMethodHandleAccessor.invoke(DirectMethodHandleAccessor.java:103)
	at java.base/java.lang.reflect.Method.invoke(Method.java:580)
	at org.evosuite.testcase.statements.MethodStatement$1.execute(MethodStatement.java:256)
	at org.evosuite.testcase.statements.AbstractStatement.exceptionHandler(AbstractStatement.java:165)
	at org.evosuite.testcase.statements.MethodStatement.execute(MethodStatement.java:220)
	at org.evosuite.testcase.execution.TestRunnable.executeStatements(TestRunnable.java:287)
	at org.evosuite.testcase.execution.TestRunnable.call(TestRunnable.java:193)
	at org.evosuite.testcase.execution.TestRunnable.call(TestRunnable.java:49)
	at java.base/java.util.concurrent.FutureTask.run(FutureTask.java:317)
	at java.base/java.util.concurrent.ThreadPoolExecutor.runWorker(ThreadPoolExecutor.java:1144)
	at java.base/java.util.concurrent.ThreadPoolExecutor$Worker.run(ThreadPoolExecutor.java:642)
	at java.base/java.lang.Thread.run(Thread.java:1583)
INFO  org.evosuite.testcarver.extraction.CarvingManager - com.examples.with.different.packagename.testcarver.DateTimeConverter.toDate(DateTimeConverter.java:459)
INFO  org.evosuite.testcarver.extraction.CarvingManager - com.examples.with.different.packagename.testcarver.DateTimeConverter.convertToType(DateTimeConverter.java:341)
INFO  org.evosuite.testcarver.extraction.CarvingManager - com.examples.with.different.packagename.testcarver.AbstractConverter.convert(AbstractConverter.java:146)
INFO  org.evosuite.testcarver.extraction.CarvingManager - java.base/jdk.internal.reflect.DirectMethodHandleAccessor.invoke(DirectMethodHandleAccessor.java:103)
INFO  org.evosuite.testcarver.extraction.CarvingManager - java.base/java.lang.reflect.Method.invoke(Method.java:580)
INFO  org.evosuite.testcarver.extraction.CarvingManager - org.evosuite.testcase.statements.MethodStatement$1.execute(MethodStatement.java:256)
INFO  org.evosuite.testcarver.extraction.CarvingManager - org.evosuite.testcase.statements.AbstractStatement.exceptionHandler(AbstractStatement.java:165)
INFO  org.evosuite.testcarver.extraction.CarvingManager - org.evosuite.testcase.statements.MethodStatement.execute(MethodStatement.java:220)
INFO  org.evosuite.testcarver.extraction.CarvingManager - org.evosuite.testcase.execution.TestRunnable.executeStatements(TestRunnable.java:287)
INFO  org.evosuite.testcarver.extraction.CarvingManager - org.evosuite.testcase.execution.TestRunnable.call(TestRunnable.java:193)
INFO  org.evosuite.testcarver.extraction.CarvingManager - org.evosuite.testcase.execution.TestRunnable.call(TestRunnable.java:49)
INFO  org.evosuite.testcarver.extraction.CarvingManager - java.base/java.util.concurrent.FutureTask.run(FutureTask.java:317)
INFO  org.evosuite.testcarver.extraction.CarvingManager - java.base/java.util.concurrent.ThreadPoolExecutor.runWorker(ThreadPoolExecutor.java:1144)
INFO  org.evosuite.testcarver.extraction.CarvingManager - java.base/java.util.concurrent.ThreadPoolExecutor$Worker.run(ThreadPoolExecutor.java:642)
INFO  org.evosuite.testcarver.extraction.CarvingManager - java.base/java.lang.Thread.run(Thread.java:1583)
INFO  org.evosuite.testcarver.extraction.CarvingManager - DateConverter dateConverter0 = new DateConverter();
boolean boolean0 = false;
dateConverter0.setUseLocaleFormat(boolean0);
Class<Date> class0 = Date.class;
String string0 = "2006-10-23";
// Undeclared exception!
try {
  dateConverter0.convert(class0, string0);
  fail("Expecting exception: ConversionException");

} catch(ConversionException e) {
   //
   // com.examples.with.different.packagename.testcarver.DateConverter does not support default String to 'Date' conversion.
   //
   verifyException("com.examples.with.different.packagename.testcarver.DateTimeConverter", e);
}


INFO  org.evosuite.testcarver.extraction.CarvingManager - Chopping exception of carved test
INFO  evo_logger -  -> Carved 1 tests for class class com.examples.with.different.packagename.testcarver.DateConverter from existing JUnit tests
INFO  evo_logger - * Using 1 carved tests from existing JUnit tests for seeding
INFO  org.evosuite.coverage.branch.BranchCoverageSuiteFitness - Total branch coverage goals: 3
INFO  org.evosuite.coverage.branch.BranchCoverageSuiteFitness - Total branches: 0
INFO  org.evosuite.coverage.branch.BranchCoverageSuiteFitness - Total branchless methods: 3
INFO  org.evosuite.coverage.branch.BranchCoverageSuiteFitness - Total methods: 3: [com.examples.with.different.packagename.testcarver.DateConverter.getDefaultType()Ljava/lang/Class;, com.examples.with.different.packagename.testcarver.DateConverter.<init>(Ljava/lang/Object;)V, com.examples.with.different.packagename.testcarver.DateConverter.<init>()V]
INFO  org.evosuite.coverage.branch.BranchCoverageSuiteFitness - (Methods) Best individual covers 0/0 branches and 1/3 methods
INFO  org.evosuite.coverage.branch.BranchCoverageSuiteFitness - Fitness: 2.0, size: 1, length: 5
INFO  org.evosuite.coverage.branch.BranchCoverageSuiteFitness - (Fitness) Best individual covers 0/0 branches and 1/3 methods
INFO  org.evosuite.coverage.branch.BranchCoverageSuiteFitness - Fitness: 2.0, size: 1, length: 5
INFO  org.evosuite.testcase.factories.JUnitTestCarvedChromosomeFactory - Cloning user test
DateConverter dateConverter0 = new DateConverter();
boolean boolean0 = false;
dateConverter0.setUseLocaleFormat(boolean0);
Class<Date> class0 = Date.class;
String string0 = "2006-10-23";

INFO  org.evosuite.TestGenerationContext - *** Resetting context
INFO  org.evosuite.testcase.execution.TestCaseExecutor - TestCaseExecutor instance is non-null, but its actual executor is null
INFO  org.evosuite.TestGenerationContext - *** Resetting context
INFO  org.evosuite.testcase.execution.TestCaseExecutor - TestCaseExecutor instance is non-null, but its actual executor is null
INFO  org.evosuite.instrumentation.InstrumentingClassLoader - Seeing class for first time: com.examples.with.different.packagename.testcarver.DateConverter
INFO  org.evosuite.instrumentation.BytecodeInstrumentation - Starting transformation of com/examples/with/different/packagename/testcarver/DateConverter
INFO  org.evosuite.instrumentation.testability.StringTransformation - Current method: <init>
INFO  org.evosuite.instrumentation.testability.StringTransformation - Current method: <init>
INFO  org.evosuite.instrumentation.testability.StringTransformation - Current method: getDefaultType
INFO  org.evosuite.runtime.instrumentation.MethodCallReplacementClassAdapter - Adding mock interface to class com/examples/with/different/packagename/testcarver/DateConverter
INFO  org.evosuite.graphs.cfg.CFGClassAdapter - Analyzing CFG of com/examples/with/different/packagename/testcarver/DateConverter
INFO  org.evosuite.graphs.cfg.CFGMethodAdapter - Analyzing method <init>()V in class com.examples.with.different.packagename.testcarver.DateConverter
INFO  org.evosuite.graphs.cfg.CFGMethodAdapter - Generating CFG for method <init>()V
INFO  org.evosuite.graphs.cfg.RawControlFlowGraph - Creating new RawCFG for com.examples.with.different.packagename.testcarver.DateConverter.<init>()V: 0
INFO  org.evosuite.graphs.cfg.CFGMethodAdapter - Created CFG for method <init>()V
INFO  org.evosuite.graphs.cfg.CFGMethodAdapter - Instrumenting method <init>()V in class com.examples.with.different.packagename.testcarver.DateConverter
INFO  org.evosuite.graphs.cfg.CFGClassAdapter - Analyzing CFG of com/examples/with/different/packagename/testcarver/DateConverter
INFO  org.evosuite.graphs.cfg.CFGMethodAdapter - Analyzing method <init>(Ljava/lang/Object;)V in class com.examples.with.different.packagename.testcarver.DateConverter
INFO  org.evosuite.graphs.cfg.CFGMethodAdapter - Generating CFG for method <init>(Ljava/lang/Object;)V
INFO  org.evosuite.graphs.cfg.RawControlFlowGraph - Creating new RawCFG for com.examples.with.different.packagename.testcarver.DateConverter.<init>(Ljava/lang/Object;)V: 0
INFO  org.evosuite.graphs.cfg.CFGMethodAdapter - Created CFG for method <init>(Ljava/lang/Object;)V
INFO  org.evosuite.graphs.cfg.CFGMethodAdapter - Instrumenting method <init>(Ljava/lang/Object;)V in class com.examples.with.different.packagename.testcarver.DateConverter
INFO  org.evosuite.graphs.cfg.CFGClassAdapter - Analyzing CFG of com/examples/with/different/packagename/testcarver/DateConverter
INFO  org.evosuite.graphs.cfg.CFGMethodAdapter - Analyzing method getDefaultType()Ljava/lang/Class; in class com.examples.with.different.packagename.testcarver.DateConverter
INFO  org.evosuite.graphs.cfg.CFGMethodAdapter - Generating CFG for method getDefaultType()Ljava/lang/Class;
INFO  org.evosuite.graphs.cfg.RawControlFlowGraph - Creating new RawCFG for com.examples.with.different.packagename.testcarver.DateConverter.getDefaultType()Ljava/lang/Class;: 0
INFO  org.evosuite.graphs.cfg.CFGMethodAdapter - Created CFG for method getDefaultType()Ljava/lang/Class;
INFO  org.evosuite.graphs.cfg.CFGMethodAdapter - Instrumenting method getDefaultType()Ljava/lang/Class; in class com.examples.with.different.packagename.testcarver.DateConverter
INFO  org.evosuite.runtime.instrumentation.CreateClassResetClassAdapter - Creating brand-new static initializer in class com/examples/with/different/packagename/testcarver/DateConverter
INFO  org.evosuite.instrumentation.InstrumentingClassLoader - Seeing class for first time: com.examples.with.different.packagename.testcarver.DateTimeConverter
INFO  org.evosuite.instrumentation.BytecodeInstrumentation - Starting transformation of com/examples/with/different/packagename/testcarver/DateTimeConverter
INFO  org.evosuite.runtime.instrumentation.MethodCallReplacementClassAdapter - Adding mock interface to class com/examples/with/different/packagename/testcarver/DateTimeConverter
INFO  org.evosuite.runtime.instrumentation.CreateClassResetClassAdapter - Creating brand-new static initializer in class com/examples/with/different/packagename/testcarver/DateTimeConverter
INFO  org.evosuite.instrumentation.InstrumentingClassLoader - Seeing class for first time: com.examples.with.different.packagename.testcarver.AbstractConverter
INFO  org.evosuite.instrumentation.BytecodeInstrumentation - Starting transformation of com/examples/with/different/packagename/testcarver/AbstractConverter
INFO  org.evosuite.runtime.instrumentation.MethodCallReplacementClassAdapter - Adding mock interface to class com/examples/with/different/packagename/testcarver/AbstractConverter
INFO  org.evosuite.instrumentation.EndOfClassInitializerVisitor - Creating <clinit> in class com/examples/with/different/packagename/testcarver/AbstractConverter
INFO  org.evosuite.runtime.instrumentation.CreateClassResetClassAdapter - Found static initializer in class com/examples/with/different/packagename/testcarver/AbstractConverter
INFO  org.evosuite.instrumentation.InstrumentingClassLoader - Seeing class for first time: com.examples.with.different.packagename.testcarver.Converter
INFO  org.evosuite.instrumentation.BytecodeInstrumentation - Starting transformation of com/examples/with/different/packagename/testcarver/Converter
INFO  org.evosuite.instrumentation.InstrumentingClassLoader - Loaded class: com.examples.with.different.packagename.testcarver.Converter
INFO  org.evosuite.instrumentation.InstrumentingClassLoader - Loaded class: com.examples.with.different.packagename.testcarver.AbstractConverter
INFO  org.evosuite.instrumentation.InstrumentingClassLoader - Loaded class: com.examples.with.different.packagename.testcarver.DateTimeConverter
INFO  org.evosuite.instrumentation.InstrumentingClassLoader - Loaded class: com.examples.with.different.packagename.testcarver.DateConverter
INFO  evo_logger - * Executing tests from 1 test class for carving
INFO  org.evosuite.testcarver.extraction.CarvingClassLoader - Seeing class for first time: com.examples.with.different.packagename.testcarver.DateConverter
WARN  org.evosuite.testcarver.extraction.CarvingClassLoader - Instrumenting class 'com.examples.with.different.packagename.testcarver.DateConverter'.
INFO  org.evosuite.testcarver.instrument.Instrumenter - Checking package com.examples.with.different.packagename.testcarver for class com/examples/with/different/packagename/testcarver/DateConverter
// class version 52.0 (52)
// access flags 0x31
public final class com/examples/with/different/packagename/testcarver/DateConverter extends com/examples/with/different/packagename/testcarver/DateTimeConverter {

  // compiled from: DateConverter.java

  // access flags 0x2
  private _sw_prototype_original_init_sw_prototype_original_()V
    ALOAD 0
    INVOKESTATIC org/evosuite/testcarver/capture/FieldRegistry.register (Ljava/lang/Object;)V
   L0
    LINENUMBER 47 L0
    RETURN
   L1
    LOCALVARIABLE this Lcom/examples/with/different/packagename/testcarver/DateConverter; L2 L1 0
    MAXSTACK = 5
    MAXLOCALS = 1

  // access flags 0x2
  private _sw_prototype_original_init_sw_prototype_original_(Ljava/lang/Object;)V
    ALOAD 0
    INVOKESTATIC org/evosuite/testcarver/capture/FieldRegistry.register (Ljava/lang/Object;)V
   L0
    LINENUMBER 59 L0
    RETURN
   L1
    LOCALVARIABLE this Lcom/examples/with/different/packagename/testcarver/DateConverter; L2 L1 0
    LOCALVARIABLE defaultValue Ljava/lang/Object; L2 L1 1
    MAXSTACK = 6
    MAXLOCALS = 2

  // access flags 0x4
  protected getDefaultType()Ljava/lang/Class;
   L0
    LINENUMBER 67 L0
    LDC Ljava/util/Date;.class
    ARETURN
   L1
    LOCALVARIABLE this Lcom/examples/with/different/packagename/testcarver/DateConverter; L0 L1 0
    MAXSTACK = 1
    MAXLOCALS = 1

  // access flags 0x1
  public <init>()V
    TRYCATCHBLOCK L0 L1 L1 java/lang/Throwable
   L2
    LINENUMBER 46 L2
    ALOAD 0
    INVOKESPECIAL com/examples/with/different/packagename/testcarver/DateTimeConverter.<init> ()V
   L0
    LDC -2147483644
    ALOAD 0
    LDC "<init>"
    LDC "()V"
    BIPUSH 0
    ANEWARRAY java/lang/Object
    INVOKESTATIC org/evosuite/testcarver/capture/Capturer.capture (ILjava/lang/Object;Ljava/lang/String;Ljava/lang/String;[Ljava/lang/Object;)V
    ALOAD 0
    INVOKEVIRTUAL com/examples/with/different/packagename/testcarver/DateConverter._sw_prototype_original_init_sw_prototype_original_ ()V
    GOTO L3
   L1
   FRAME SAME1 java/lang/Throwable
    ASTORE 1
    LDC -2147483644
    ALOAD 0
    GETSTATIC org/evosuite/testcarver/capture/CaptureLog.RETURN_TYPE_VOID : Ljava/lang/Object;
    INVOKESTATIC org/evosuite/testcarver/capture/Capturer.enable (ILjava/lang/Object;Ljava/lang/Object;)V
    ALOAD 1
    ATHROW
   L3
   FRAME SAME
    LDC -2147483644
    ALOAD 0
    GETSTATIC org/evosuite/testcarver/capture/CaptureLog.RETURN_TYPE_VOID : Ljava/lang/Object;
    INVOKESTATIC org/evosuite/testcarver/capture/Capturer.enable (ILjava/lang/Object;Ljava/lang/Object;)V
    RETURN
    MAXSTACK = 5
    MAXLOCALS = 0

  // access flags 0x1
  public <init>(Ljava/lang/Object;)V
    TRYCATCHBLOCK L0 L1 L1 java/lang/Throwable
   L2
    LINENUMBER 58 L2
    ALOAD 0
    ALOAD 1
    INVOKESPECIAL com/examples/with/different/packagename/testcarver/DateTimeConverter.<init> (Ljava/lang/Object;)V
   L0
    LDC -2147483643
    ALOAD 0
    LDC "<init>"
    LDC "(Ljava/lang/Object;)V"
    BIPUSH 1
    ANEWARRAY java/lang/Object
    DUP
    BIPUSH 0
    ALOAD 1
    AASTORE
    INVOKESTATIC org/evosuite/testcarver/capture/Capturer.capture (ILjava/lang/Object;Ljava/lang/String;Ljava/lang/String;[Ljava/lang/Object;)V
    ALOAD 0
    ALOAD 1
    INVOKEVIRTUAL com/examples/with/different/packagename/testcarver/DateConverter._sw_prototype_original_init_sw_prototype_original_ (Ljava/lang/Object;)V
    GOTO L3
   L1
   FRAME SAME1 java/lang/Throwable
    ASTORE 2
    LDC -2147483643
    ALOAD 0
    GETSTATIC org/evosuite/testcarver/capture/CaptureLog.RETURN_TYPE_VOID : Ljava/lang/Object;
    INVOKESTATIC org/evosuite/testcarver/capture/Capturer.enable (ILjava/lang/Object;Ljava/lang/Object;)V
    ALOAD 2
    ATHROW
   L3
   FRAME SAME
    LDC -2147483643
    ALOAD 0
    GETSTATIC org/evosuite/testcarver/capture/CaptureLog.RETURN_TYPE_VOID : Ljava/lang/Object;
    INVOKESTATIC org/evosuite/testcarver/capture/Capturer.enable (ILjava/lang/Object;Ljava/lang/Object;)V
    RETURN
    MAXSTACK = 6
    MAXLOCALS = 0
}
INFO  org.evosuite.testcarver.extraction.CarvingClassLoader - Seeing class for first time: com.examples.with.different.packagename.testcarver.DateTimeConverter
WARN  org.evosuite.testcarver.extraction.CarvingClassLoader - Instrumenting class 'com.examples.with.different.packagename.testcarver.DateTimeConverter'.
INFO  org.evosuite.testcarver.instrument.Instrumenter - Checking package com.examples.with.different.packagename.testcarver for class com/examples/with/different/packagename/testcarver/DateTimeConverter
// class version 52.0 (52)
// access flags 0x421
public abstract class com/examples/with/different/packagename/testcarver/DateTimeConverter extends com/examples/with/different/packagename/testcarver/AbstractConverter {

  // compiled from: DateTimeConverter.java

  // access flags 0x2
  private [Ljava/lang/String; patterns

  // access flags 0x2
  private Ljava/lang/String; displayPatterns

  // access flags 0x2
  private Ljava/util/Locale; locale

  // access flags 0x2
  private Ljava/util/TimeZone; timeZone

  // access flags 0x2
  private Z useLocaleFormat

  // access flags 0x1
  public <init>()V
   L0
    LINENUMBER 99 L0
    ALOAD 0
    INVOKESPECIAL com/examples/with/different/packagename/testcarver/AbstractConverter.<init> ()V
   L1
    LINENUMBER 100 L1
    RETURN
   L2
    LOCALVARIABLE this Lcom/examples/with/different/packagename/testcarver/DateTimeConverter; L0 L2 0
    MAXSTACK = 1
    MAXLOCALS = 1

  // access flags 0x1
  public <init>(Ljava/lang/Object;)V
   L0
    LINENUMBER 111 L0
    ALOAD 0
    ALOAD 1
    INVOKESPECIAL com/examples/with/different/packagename/testcarver/AbstractConverter.<init> (Ljava/lang/Object;)V
   L1
    LINENUMBER 112 L1
    RETURN
   L2
    LOCALVARIABLE this Lcom/examples/with/different/packagename/testcarver/DateTimeConverter; L0 L2 0
    LOCALVARIABLE defaultValue Ljava/lang/Object; L0 L2 1
    MAXSTACK = 2
    MAXLOCALS = 2

  // access flags 0x2
  private _sw_prototype_original_setUseLocaleFormat(Z)V
   L0
    LINENUMBER 124 L0
    ALOAD 0
    ILOAD 1
    DUP2
    PUTFIELD com/examples/with/different/packagename/testcarver/DateTimeConverter.useLocaleFormat : Z
    POP
    LDC -2147483642
    LDC "com/examples/with/different/packagename/testcarver/DateTimeConverter"
    LDC "useLocaleFormat"
    LDC "Z"
    INVOKESTATIC org/evosuite/testcarver/capture/FieldRegistry.notifyModification (Ljava/lang/Object;ILjava/lang/String;Ljava/lang/String;Ljava/lang/String;)V
   L1
    LINENUMBER 125 L1
    RETURN
   L2
    LOCALVARIABLE this Lcom/examples/with/different/packagename/testcarver/DateTimeConverter; L0 L2 0
    LOCALVARIABLE useLocaleFormat Z L0 L2 1
    MAXSTACK = 6
    MAXLOCALS = 2

  // access flags 0x2
  private _sw_prototype_original_getTimeZone()Ljava/util/TimeZone;
   L0
    LINENUMBER 134 L0
    ALOAD 0
    DUP
    GETFIELD com/examples/with/different/packagename/testcarver/DateTimeConverter.timeZone : Ljava/util/TimeZone;
    SWAP
    LDC -2147483639
    LDC "com/examples/with/different/packagename/testcarver/DateTimeConverter"
    LDC "timeZone"
    LDC "Ljava/util/TimeZone;"
    INVOKESTATIC org/evosuite/testcarver/capture/FieldRegistry.notifyReadAccess (Ljava/lang/Object;ILjava/lang/String;Ljava/lang/String;Ljava/lang/String;)V
    ARETURN
   L1
    LOCALVARIABLE this Lcom/examples/with/different/packagename/testcarver/DateTimeConverter; L0 L1 0
    MAXSTACK = 5
    MAXLOCALS = 1

  // access flags 0x2
  private _sw_prototype_original_setTimeZone(Ljava/util/TimeZone;)V
   L0
    LINENUMBER 143 L0
    ALOAD 0
    ALOAD 1
    DUP2
    PUTFIELD com/examples/with/different/packagename/testcarver/DateTimeConverter.timeZone : Ljava/util/TimeZone;
    POP
    LDC -2147483637
    LDC "com/examples/with/different/packagename/testcarver/DateTimeConverter"
    LDC "timeZone"
    LDC "Ljava/util/TimeZone;"
    INVOKESTATIC org/evosuite/testcarver/capture/FieldRegistry.notifyModification (Ljava/lang/Object;ILjava/lang/String;Ljava/lang/String;Ljava/lang/String;)V
   L1
    LINENUMBER 144 L1
    RETURN
   L2
    LOCALVARIABLE this Lcom/examples/with/different/packagename/testcarver/DateTimeConverter; L0 L2 0
    LOCALVARIABLE timeZone Ljava/util/TimeZone; L0 L2 1
    MAXSTACK = 6
    MAXLOCALS = 2

  // access flags 0x2
  private _sw_prototype_original_getLocale()Ljava/util/Locale;
   L0
    LINENUMBER 153 L0
    ALOAD 0
    DUP
    GETFIELD com/examples/with/different/packagename/testcarver/DateTimeConverter.locale : Ljava/util/Locale;
    SWAP
    LDC -2147483634
    LDC "com/examples/with/different/packagename/testcarver/DateTimeConverter"
    LDC "locale"
    LDC "Ljava/util/Locale;"
    INVOKESTATIC org/evosuite/testcarver/capture/FieldRegistry.notifyReadAccess (Ljava/lang/Object;ILjava/lang/String;Ljava/lang/String;Ljava/lang/String;)V
    ARETURN
   L1
    LOCALVARIABLE this Lcom/examples/with/different/packagename/testcarver/DateTimeConverter; L0 L1 0
    MAXSTACK = 5
    MAXLOCALS = 1

  // access flags 0x2
  private _sw_prototype_original_setLocale(Ljava/util/Locale;)V
   L0
    LINENUMBER 162 L0
    ALOAD 0
    ALOAD 1
    DUP2
    PUTFIELD com/examples/with/different/packagename/testcarver/DateTimeConverter.locale : Ljava/util/Locale;
    POP
    LDC -2147483632
    LDC "com/examples/with/different/packagename/testcarver/DateTimeConverter"
    LDC "locale"
    LDC "Ljava/util/Locale;"
    INVOKESTATIC org/evosuite/testcarver/capture/FieldRegistry.notifyModification (Ljava/lang/Object;ILjava/lang/String;Ljava/lang/String;Ljava/lang/String;)V
   L1
    LINENUMBER 163 L1
    ALOAD 0
    ICONST_1
    INVOKEVIRTUAL com/examples/with/different/packagename/testcarver/DateTimeConverter.setUseLocaleFormat (Z)V
   L2
    LINENUMBER 164 L2
    RETURN
   L3
    LOCALVARIABLE this Lcom/examples/with/different/packagename/testcarver/DateTimeConverter; L0 L3 0
    LOCALVARIABLE locale Ljava/util/Locale; L0 L3 1
    MAXSTACK = 6
    MAXLOCALS = 2

  // access flags 0x2
  private _sw_prototype_original_setPattern(Ljava/lang/String;)V
   L0
    LINENUMBER 174 L0
    ALOAD 0
    ICONST_1
    ANEWARRAY java/lang/String
    DUP
    ICONST_0
    ALOAD 1
    AASTORE
    INVOKEVIRTUAL com/examples/with/different/packagename/testcarver/DateTimeConverter.setPatterns ([Ljava/lang/String;)V
   L1
    LINENUMBER 175 L1
    RETURN
   L2
    LOCALVARIABLE this Lcom/examples/with/different/packagename/testcarver/DateTimeConverter; L0 L2 0
    LOCALVARIABLE pattern Ljava/lang/String; L0 L2 1
    MAXSTACK = 9
    MAXLOCALS = 2

  // access flags 0x2
  private _sw_prototype_original_getPatterns()[Ljava/lang/String;
   L0
    LINENUMBER 186 L0
    ALOAD 0
    DUP
    GETFIELD com/examples/with/different/packagename/testcarver/DateTimeConverter.patterns : [Ljava/lang/String;
    SWAP
    LDC -2147483628
    LDC "com/examples/with/different/packagename/testcarver/DateTimeConverter"
    LDC "patterns"
    LDC "[Ljava/lang/String;"
    INVOKESTATIC org/evosuite/testcarver/capture/FieldRegistry.notifyReadAccess (Ljava/lang/Object;ILjava/lang/String;Ljava/lang/String;Ljava/lang/String;)V
    ARETURN
   L1
    LOCALVARIABLE this Lcom/examples/with/different/packagename/testcarver/DateTimeConverter; L0 L1 0
    MAXSTACK = 5
    MAXLOCALS = 1

  // access flags 0x2
  private _sw_prototype_original_setPatterns([Ljava/lang/String;)V
   L0
    LINENUMBER 197 L0
    ALOAD 0
    ALOAD 1
    DUP2
    PUTFIELD com/examples/with/different/packagename/testcarver/DateTimeConverter.patterns : [Ljava/lang/String;
    POP
    LDC -2147483626
    LDC "com/examples/with/different/packagename/testcarver/DateTimeConverter"
    LDC "patterns"
    LDC "[Ljava/lang/String;"
    INVOKESTATIC org/evosuite/testcarver/capture/FieldRegistry.notifyModification (Ljava/lang/Object;ILjava/lang/String;Ljava/lang/String;Ljava/lang/String;)V
   L1
    LINENUMBER 198 L1
    ALOAD 1
    IFNULL L2
    ALOAD 1
    ARRAYLENGTH
    ICONST_1
    IF_ICMPLE L2
   L3
    LINENUMBER 199 L3
    NEW java/lang/StringBuffer
    DUP
    INVOKESPECIAL java/lang/StringBuffer.<init> ()V
    ASTORE 2
   L4
    LINENUMBER 200 L4
    ICONST_0
    ISTORE 3
   L5
    ILOAD 3
    ALOAD 1
    ARRAYLENGTH
    IF_ICMPGE L6
   L7
    LINENUMBER 201 L7
    ILOAD 3
    IFLE L8
   L9
    LINENUMBER 202 L9
    ALOAD 2
    LDC ", "
    INVOKEVIRTUAL java/lang/StringBuffer.append (Ljava/lang/String;)Ljava/lang/StringBuffer;
    POP
   L8
    LINENUMBER 204 L8
    ALOAD 2
    ALOAD 1
    ILOAD 3
    AALOAD
    INVOKEVIRTUAL java/lang/StringBuffer.append (Ljava/lang/String;)Ljava/lang/StringBuffer;
    POP
   L10
    LINENUMBER 200 L10
    IINC 3 1
    GOTO L5
   L6
    LINENUMBER 206 L6
    ALOAD 0
    ALOAD 2
    INVOKEVIRTUAL java/lang/StringBuffer.toString ()Ljava/lang/String;
    DUP2
    PUTFIELD com/examples/with/different/packagename/testcarver/DateTimeConverter.displayPatterns : Ljava/lang/String;
    POP
    LDC -2147483624
    LDC "com/examples/with/different/packagename/testcarver/DateTimeConverter"
    LDC "displayPatterns"
    LDC "Ljava/lang/String;"
    INVOKESTATIC org/evosuite/testcarver/capture/FieldRegistry.notifyModification (Ljava/lang/Object;ILjava/lang/String;Ljava/lang/String;Ljava/lang/String;)V
   L2
    LINENUMBER 208 L2
    ALOAD 0
    ICONST_1
    INVOKEVIRTUAL com/examples/with/different/packagename/testcarver/DateTimeConverter.setUseLocaleFormat (Z)V
   L11
    LINENUMBER 209 L11
    RETURN
   L12
    LOCALVARIABLE i I L5 L6 3
    LOCALVARIABLE buffer Ljava/lang/StringBuffer; L4 L2 2
    LOCALVARIABLE this Lcom/examples/with/different/packagename/testcarver/DateTimeConverter; L0 L12 0
    LOCALVARIABLE patterns [Ljava/lang/String; L0 L12 1
    MAXSTACK = 7
    MAXLOCALS = 4

  // access flags 0x4
  protected convertToString(Ljava/lang/Object;)Ljava/lang/String; throws java/lang/Throwable
   L0
    LINENUMBER 228 L0
    ACONST_NULL
    ASTORE 2
   L1
    LINENUMBER 229 L1
    ALOAD 1
    INSTANCEOF java/util/Date
    IFEQ L2
   L3
    LINENUMBER 230 L3
    ALOAD 1
    CHECKCAST org/evosuite/testcarver/wrapper/java/util/Date
    ASTORE 2
    GOTO L4
   L2
    LINENUMBER 231 L2
    ALOAD 1
    INSTANCEOF java/util/Calendar
    IFEQ L5
   L6
    LINENUMBER 232 L6
    ALOAD 1
    CHECKCAST org/evosuite/testcarver/wrapper/java/util/Calendar
    INVOKESTATIC org/evosuite/testcarver/wrapper/java/util/Calendar.getTime (Ljava/util/Calendar;)Ljava/util/Date;
    ASTORE 2
    GOTO L4
   L5
    LINENUMBER 233 L5
    ALOAD 1
    INSTANCEOF java/lang/Long
    IFEQ L4
   L7
    LINENUMBER 234 L7
    NEW org/evosuite/testcarver/wrapper/java/util/Date
    DUP
    ALOAD 1
    CHECKCAST java/lang/Long
    INVOKEVIRTUAL java/lang/Long.longValue ()J
    INVOKESPECIAL org/evosuite/testcarver/wrapper/java/util/Date.<init> (J)V
    ASTORE 2
   L4
    LINENUMBER 237 L4
    ACONST_NULL
    ASTORE 3
   L8
    LINENUMBER 238 L8
    ALOAD 0
    GETFIELD com/examples/with/different/packagename/testcarver/DateTimeConverter.useLocaleFormat : Z
    IFEQ L9
    ALOAD 2
    IFNULL L9
   L10
    LINENUMBER 239 L10
    ACONST_NULL
    ASTORE 4
   L11
    LINENUMBER 240 L11
    ALOAD 0
    GETFIELD com/examples/with/different/packagename/testcarver/DateTimeConverter.patterns : [Ljava/lang/String;
    IFNULL L12
    ALOAD 0
    GETFIELD com/examples/with/different/packagename/testcarver/DateTimeConverter.patterns : [Ljava/lang/String;
    ARRAYLENGTH
    IFLE L12
   L13
    LINENUMBER 241 L13
    ALOAD 0
    ALOAD 0
    GETFIELD com/examples/with/different/packagename/testcarver/DateTimeConverter.patterns : [Ljava/lang/String;
    ICONST_0
    AALOAD
    INVOKESPECIAL com/examples/with/different/packagename/testcarver/DateTimeConverter.getFormat (Ljava/lang/String;)Ljava/text/DateFormat;
    ASTORE 4
    GOTO L14
   L12
    LINENUMBER 243 L12
    ALOAD 0
    ALOAD 0
    GETFIELD com/examples/with/different/packagename/testcarver/DateTimeConverter.locale : Ljava/util/Locale;
    ALOAD 0
    GETFIELD com/examples/with/different/packagename/testcarver/DateTimeConverter.timeZone : Ljava/util/TimeZone;
    INVOKEVIRTUAL com/examples/with/different/packagename/testcarver/DateTimeConverter.getFormat (Ljava/util/Locale;Ljava/util/TimeZone;)Ljava/text/DateFormat;
    ASTORE 4
   L14
    LINENUMBER 245 L14
    ALOAD 0
    LDC "Formatting"
    ALOAD 4
    INVOKESPECIAL com/examples/with/different/packagename/testcarver/DateTimeConverter.logFormat (Ljava/lang/String;Ljava/text/DateFormat;)V
   L15
    LINENUMBER 246 L15
    ALOAD 4
    ALOAD 2
    INVOKESTATIC org/evosuite/testcarver/wrapper/java/text/DateFormat.format (Ljava/text/DateFormat;Ljava/util/Date;)Ljava/lang/String;
    ASTORE 3
   L16
    LINENUMBER 247 L16
    GOTO L17
   L9
    LINENUMBER 248 L9
    ALOAD 1
    INVOKEVIRTUAL java/lang/Object.toString ()Ljava/lang/String;
    ASTORE 3
   L17
    LINENUMBER 250 L17
    ALOAD 3
    ARETURN
   L18
    LOCALVARIABLE format Ljava/text/DateFormat; L11 L16 4
    LOCALVARIABLE this Lcom/examples/with/different/packagename/testcarver/DateTimeConverter; L0 L18 0
    LOCALVARIABLE value Ljava/lang/Object; L0 L18 1
    LOCALVARIABLE date Ljava/util/Date; L1 L18 2
    LOCALVARIABLE result Ljava/lang/String; L8 L18 3
    MAXSTACK = 4
    MAXLOCALS = 5

  // access flags 0x4
  protected convertToType(Ljava/lang/Class;Ljava/lang/Object;)Ljava/lang/Object; throws java/lang/Exception
   L0
    LINENUMBER 284 L0
    ALOAD 2
    INVOKEVIRTUAL java/lang/Object.getClass ()Ljava/lang/Class;
    ASTORE 3
   L1
    LINENUMBER 287 L1
    ALOAD 2
    INSTANCEOF java/sql/Timestamp
    IFEQ L2
   L3
    LINENUMBER 293 L3
    ALOAD 2
    CHECKCAST java/sql/Timestamp
    ASTORE 4
   L4
    LINENUMBER 294 L4
    ALOAD 4
    INVOKEVIRTUAL java/sql/Timestamp.getTime ()J
    LDC 1000L
    LDIV
    LDC 1000L
    LMUL
    LSTORE 5
   L5
    LINENUMBER 295 L5
    LLOAD 5
    ALOAD 4
    INVOKEVIRTUAL java/sql/Timestamp.getNanos ()I
    LDC 1000000
    IDIV
    I2L
    LADD
    LSTORE 5
   L6
    LINENUMBER 297 L6
    ALOAD 0
    ALOAD 1
    LLOAD 5
    INVOKESPECIAL com/examples/with/different/packagename/testcarver/DateTimeConverter.toDate (Ljava/lang/Class;J)Ljava/lang/Object;
    ARETURN
   L2
    LINENUMBER 301 L2
    ALOAD 2
    INSTANCEOF java/util/Date
    IFEQ L7
   L8
    LINENUMBER 302 L8
    ALOAD 2
    CHECKCAST org/evosuite/testcarver/wrapper/java/util/Date
    ASTORE 4
   L9
    LINENUMBER 303 L9
    ALOAD 0
    ALOAD 1
    ALOAD 4
    INVOKEVIRTUAL java/util/Date.getTime ()J
    INVOKESPECIAL com/examples/with/different/packagename/testcarver/DateTimeConverter.toDate (Ljava/lang/Class;J)Ljava/lang/Object;
    ARETURN
   L7
    LINENUMBER 307 L7
    ALOAD 2
    INSTANCEOF java/util/Calendar
    IFEQ L10
   L11
    LINENUMBER 308 L11
    ALOAD 2
    CHECKCAST org/evosuite/testcarver/wrapper/java/util/Calendar
    ASTORE 4
   L12
    LINENUMBER 309 L12
    ALOAD 0
    ALOAD 1
    ALOAD 4
    INVOKESTATIC org/evosuite/testcarver/wrapper/java/util/Calendar.getTime (Ljava/util/Calendar;)Ljava/util/Date;
    INVOKEVIRTUAL java/util/Date.getTime ()J
    INVOKESPECIAL com/examples/with/different/packagename/testcarver/DateTimeConverter.toDate (Ljava/lang/Class;J)Ljava/lang/Object;
    ARETURN
   L10
    LINENUMBER 313 L10
    ALOAD 2
    INSTANCEOF java/lang/Long
    IFEQ L13
   L14
    LINENUMBER 314 L14
    ALOAD 2
    CHECKCAST java/lang/Long
    ASTORE 4
   L15
    LINENUMBER 315 L15
    ALOAD 0
    ALOAD 1
    ALOAD 4
    INVOKEVIRTUAL java/lang/Long.longValue ()J
    INVOKESPECIAL com/examples/with/different/packagename/testcarver/DateTimeConverter.toDate (Ljava/lang/Class;J)Ljava/lang/Object;
    ARETURN
   L13
    LINENUMBER 319 L13
    ALOAD 2
    INVOKEVIRTUAL java/lang/Object.toString ()Ljava/lang/String;
    INVOKEVIRTUAL java/lang/String.trim ()Ljava/lang/String;
    ASTORE 4
   L16
    LINENUMBER 320 L16
    ALOAD 4
    INVOKEVIRTUAL java/lang/String.length ()I
    IFNE L17
   L18
    LINENUMBER 321 L18
    ALOAD 0
    ALOAD 1
    INVOKEVIRTUAL com/examples/with/different/packagename/testcarver/DateTimeConverter.handleMissing (Ljava/lang/Class;)Ljava/lang/Object;
    ARETURN
   L17
    LINENUMBER 325 L17
    ALOAD 0
    GETFIELD com/examples/with/different/packagename/testcarver/DateTimeConverter.useLocaleFormat : Z
    IFEQ L19
   L20
    LINENUMBER 326 L20
    ACONST_NULL
    ASTORE 5
   L21
    LINENUMBER 327 L21
    ALOAD 0
    GETFIELD com/examples/with/different/packagename/testcarver/DateTimeConverter.patterns : [Ljava/lang/String;
    IFNULL L22
    ALOAD 0
    GETFIELD com/examples/with/different/packagename/testcarver/DateTimeConverter.patterns : [Ljava/lang/String;
    ARRAYLENGTH
    IFLE L22
   L23
    LINENUMBER 328 L23
    ALOAD 0
    ALOAD 3
    ALOAD 1
    ALOAD 4
    INVOKESPECIAL com/examples/with/different/packagename/testcarver/DateTimeConverter.parse (Ljava/lang/Class;Ljava/lang/Class;Ljava/lang/String;)Ljava/util/Calendar;
    ASTORE 5
    GOTO L24
   L22
    LINENUMBER 330 L22
    ALOAD 0
    ALOAD 0
    GETFIELD com/examples/with/different/packagename/testcarver/DateTimeConverter.locale : Ljava/util/Locale;
    ALOAD 0
    GETFIELD com/examples/with/different/packagename/testcarver/DateTimeConverter.timeZone : Ljava/util/TimeZone;
    INVOKEVIRTUAL com/examples/with/different/packagename/testcarver/DateTimeConverter.getFormat (Ljava/util/Locale;Ljava/util/TimeZone;)Ljava/text/DateFormat;
    ASTORE 6
   L25
    LINENUMBER 331 L25
    ALOAD 0
    ALOAD 3
    ALOAD 1
    ALOAD 4
    ALOAD 6
    INVOKESPECIAL com/examples/with/different/packagename/testcarver/DateTimeConverter.parse (Ljava/lang/Class;Ljava/lang/Class;Ljava/lang/String;Ljava/text/DateFormat;)Ljava/util/Calendar;
    ASTORE 5
   L24
    LINENUMBER 333 L24
    LDC Ljava/util/Calendar;.class
    ALOAD 1
    INVOKEVIRTUAL java/lang/Class.isAssignableFrom (Ljava/lang/Class;)Z
    IFEQ L26
   L27
    LINENUMBER 334 L27
    ALOAD 5
    ARETURN
   L26
    LINENUMBER 336 L26
    ALOAD 0
    ALOAD 1
    ALOAD 5
    INVOKESTATIC org/evosuite/testcarver/wrapper/java/util/Calendar.getTime (Ljava/util/Calendar;)Ljava/util/Date;
    INVOKEVIRTUAL java/util/Date.getTime ()J
    INVOKESPECIAL com/examples/with/different/packagename/testcarver/DateTimeConverter.toDate (Ljava/lang/Class;J)Ljava/lang/Object;
    ARETURN
   L19
    LINENUMBER 341 L19
    ALOAD 0
    ALOAD 1
    ALOAD 4
    INVOKESPECIAL com/examples/with/different/packagename/testcarver/DateTimeConverter.toDate (Ljava/lang/Class;Ljava/lang/String;)Ljava/lang/Object;
    ARETURN
   L28
    LOCALVARIABLE timestamp Ljava/sql/Timestamp; L4 L2 4
    LOCALVARIABLE timeInMillis J L5 L2 5
    LOCALVARIABLE date Ljava/util/Date; L9 L7 4
    LOCALVARIABLE calendar Ljava/util/Calendar; L12 L10 4
    LOCALVARIABLE longObj Ljava/lang/Long; L15 L13 4
    LOCALVARIABLE format Ljava/text/DateFormat; L25 L24 6
    LOCALVARIABLE calendar Ljava/util/Calendar; L21 L19 5
    LOCALVARIABLE this Lcom/examples/with/different/packagename/testcarver/DateTimeConverter; L0 L28 0
    LOCALVARIABLE targetType Ljava/lang/Class; L0 L28 1
    LOCALVARIABLE value Ljava/lang/Object; L0 L28 2
    LOCALVARIABLE sourceType Ljava/lang/Class; L1 L28 3
    LOCALVARIABLE stringValue Ljava/lang/String; L16 L28 4
    MAXSTACK = 5
    MAXLOCALS = 7

  // access flags 0x2
  private toDate(Ljava/lang/Class;J)Ljava/lang/Object;
   L0
    LINENUMBER 366 L0
    ALOAD 1
    LDC Ljava/util/Date;.class
    INVOKEVIRTUAL java/lang/Object.equals (Ljava/lang/Object;)Z
    IFEQ L1
   L2
    LINENUMBER 367 L2
    NEW org/evosuite/testcarver/wrapper/java/util/Date
    DUP
    LLOAD 2
    INVOKESPECIAL org/evosuite/testcarver/wrapper/java/util/Date.<init> (J)V
    ARETURN
   L1
    LINENUMBER 371 L1
    ALOAD 1
    LDC Ljava/sql/Date;.class
    INVOKEVIRTUAL java/lang/Object.equals (Ljava/lang/Object;)Z
    IFEQ L3
   L4
    LINENUMBER 372 L4
    NEW java/sql/Date
    DUP
    LLOAD 2
    INVOKESPECIAL java/sql/Date.<init> (J)V
    ARETURN
   L3
    LINENUMBER 376 L3
    ALOAD 1
    LDC Ljava/sql/Time;.class
    INVOKEVIRTUAL java/lang/Object.equals (Ljava/lang/Object;)Z
    IFEQ L5
   L6
    LINENUMBER 377 L6
    NEW java/sql/Time
    DUP
    LLOAD 2
    INVOKESPECIAL java/sql/Time.<init> (J)V
    ARETURN
   L5
    LINENUMBER 381 L5
    ALOAD 1
    LDC Ljava/sql/Timestamp;.class
    INVOKEVIRTUAL java/lang/Object.equals (Ljava/lang/Object;)Z
    IFEQ L7
   L8
    LINENUMBER 382 L8
    NEW java/sql/Timestamp
    DUP
    LLOAD 2
    INVOKESPECIAL java/sql/Timestamp.<init> (J)V
    ARETURN
   L7
    LINENUMBER 386 L7
    ALOAD 1
    LDC Ljava/util/Calendar;.class
    INVOKEVIRTUAL java/lang/Object.equals (Ljava/lang/Object;)Z
    IFEQ L9
   L10
    LINENUMBER 387 L10
    ACONST_NULL
    ASTORE 4
   L11
    LINENUMBER 388 L11
    ALOAD 0
    GETFIELD com/examples/with/different/packagename/testcarver/DateTimeConverter.locale : Ljava/util/Locale;
    IFNONNULL L12
    ALOAD 0
    GETFIELD com/examples/with/different/packagename/testcarver/DateTimeConverter.timeZone : Ljava/util/TimeZone;
    IFNONNULL L12
   L13
    LINENUMBER 389 L13
    INVOKESTATIC org/evosuite/testcarver/wrapper/java/util/Calendar.getInstance ()Ljava/util/Calendar;
    ASTORE 4
    GOTO L14
   L12
    LINENUMBER 390 L12
    ALOAD 0
    GETFIELD com/examples/with/different/packagename/testcarver/DateTimeConverter.locale : Ljava/util/Locale;
    IFNONNULL L15
   L16
    LINENUMBER 391 L16
    ALOAD 0
    GETFIELD com/examples/with/different/packagename/testcarver/DateTimeConverter.timeZone : Ljava/util/TimeZone;
    INVOKESTATIC org/evosuite/testcarver/wrapper/java/util/Calendar.getInstance (Ljava/util/TimeZone;)Ljava/util/Calendar;
    ASTORE 4
    GOTO L14
   L15
    LINENUMBER 392 L15
    ALOAD 0
    GETFIELD com/examples/with/different/packagename/testcarver/DateTimeConverter.timeZone : Ljava/util/TimeZone;
    IFNONNULL L17
   L18
    LINENUMBER 393 L18
    ALOAD 0
    GETFIELD com/examples/with/different/packagename/testcarver/DateTimeConverter.locale : Ljava/util/Locale;
    INVOKESTATIC org/evosuite/testcarver/wrapper/java/util/Calendar.getInstance (Ljava/util/Locale;)Ljava/util/Calendar;
    ASTORE 4
    GOTO L14
   L17
    LINENUMBER 395 L17
    ALOAD 0
    GETFIELD com/examples/with/different/packagename/testcarver/DateTimeConverter.timeZone : Ljava/util/TimeZone;
    ALOAD 0
    GETFIELD com/examples/with/different/packagename/testcarver/DateTimeConverter.locale : Ljava/util/Locale;
    INVOKESTATIC org/evosuite/testcarver/wrapper/java/util/Calendar.getInstance (Ljava/util/TimeZone;Ljava/util/Locale;)Ljava/util/Calendar;
    ASTORE 4
   L14
    LINENUMBER 397 L14
    ALOAD 4
    NEW org/evosuite/testcarver/wrapper/java/util/Date
    DUP
    LLOAD 2
    INVOKESPECIAL org/evosuite/testcarver/wrapper/java/util/Date.<init> (J)V
    INVOKESTATIC org/evosuite/testcarver/wrapper/java/util/Calendar.setTime (Ljava/util/Calendar;Ljava/util/Date;)V
   L19
    LINENUMBER 398 L19
    ALOAD 4
    ICONST_0
    INVOKEVIRTUAL java/util/Calendar.setLenient (Z)V
   L20
    LINENUMBER 399 L20
    ALOAD 4
    ARETURN
   L9
    LINENUMBER 402 L9
    NEW java/lang/StringBuilder
    DUP
    INVOKESPECIAL java/lang/StringBuilder.<init> ()V
    ALOAD 0
    ALOAD 0
    INVOKEVIRTUAL java/lang/Object.getClass ()Ljava/lang/Class;
    INVOKEVIRTUAL com/examples/with/different/packagename/testcarver/DateTimeConverter.toString (Ljava/lang/Class;)Ljava/lang/String;
    INVOKEVIRTUAL java/lang/StringBuilder.append (Ljava/lang/String;)Ljava/lang/StringBuilder;
    LDC " cannot handle conversion to '"
    INVOKEVIRTUAL java/lang/StringBuilder.append (Ljava/lang/String;)Ljava/lang/StringBuilder;
    ALOAD 0
    ALOAD 1
   L21
    LINENUMBER 403 L21
    INVOKEVIRTUAL com/examples/with/different/packagename/testcarver/DateTimeConverter.toString (Ljava/lang/Class;)Ljava/lang/String;
    INVOKEVIRTUAL java/lang/StringBuilder.append (Ljava/lang/String;)Ljava/lang/StringBuilder;
    LDC "'"
    INVOKEVIRTUAL java/lang/StringBuilder.append (Ljava/lang/String;)Ljava/lang/StringBuilder;
    INVOKEVIRTUAL java/lang/StringBuilder.toString ()Ljava/lang/String;
    ASTORE 4
   L22
    LINENUMBER 404 L22
    NEW com/examples/with/different/packagename/testcarver/ConversionException
    DUP
    ALOAD 4
    INVOKESPECIAL com/examples/with/different/packagename/testcarver/ConversionException.<init> (Ljava/lang/String;)V
    ATHROW
   L23
    LOCALVARIABLE calendar Ljava/util/Calendar; L11 L9 4
    LOCALVARIABLE this Lcom/examples/with/different/packagename/testcarver/DateTimeConverter; L0 L23 0
    LOCALVARIABLE type Ljava/lang/Class; L0 L23 1
    LOCALVARIABLE value J L0 L23 2
    LOCALVARIABLE msg Ljava/lang/String; L22 L23 4
    MAXSTACK = 5
    MAXLOCALS = 5

  // access flags 0x2
  private toDate(Ljava/lang/Class;Ljava/lang/String;)Ljava/lang/Object;
    TRYCATCHBLOCK L0 L1 L2 java/lang/IllegalArgumentException
    TRYCATCHBLOCK L3 L4 L5 java/lang/IllegalArgumentException
    TRYCATCHBLOCK L6 L7 L8 java/lang/IllegalArgumentException
   L9
    LINENUMBER 427 L9
    ALOAD 1
    LDC Ljava/sql/Date;.class
    INVOKEVIRTUAL java/lang/Object.equals (Ljava/lang/Object;)Z
    IFEQ L10
   L0
    LINENUMBER 429 L0
    ALOAD 2
    INVOKESTATIC java/sql/Date.valueOf (Ljava/lang/String;)Ljava/sql/Date;
   L1
    ARETURN
   L2
    LINENUMBER 430 L2
    ASTORE 3
   L11
    LINENUMBER 431 L11
    NEW com/examples/with/different/packagename/testcarver/ConversionException
    DUP
    LDC "String must be in JDBC format [yyyy-MM-dd] to create a java.sql.Date"
    INVOKESPECIAL com/examples/with/different/packagename/testcarver/ConversionException.<init> (Ljava/lang/String;)V
    ATHROW
   L10
    LINENUMBER 437 L10
    ALOAD 1
    LDC Ljava/sql/Time;.class
    INVOKEVIRTUAL java/lang/Object.equals (Ljava/lang/Object;)Z
    IFEQ L12
   L3
    LINENUMBER 439 L3
    ALOAD 2
    INVOKESTATIC java/sql/Time.valueOf (Ljava/lang/String;)Ljava/sql/Time;
   L4
    ARETURN
   L5
    LINENUMBER 440 L5
    ASTORE 3
   L13
    LINENUMBER 441 L13
    NEW com/examples/with/different/packagename/testcarver/ConversionException
    DUP
    LDC "String must be in JDBC format [HH:mm:ss] to create a java.sql.Time"
    INVOKESPECIAL com/examples/with/different/packagename/testcarver/ConversionException.<init> (Ljava/lang/String;)V
    ATHROW
   L12
    LINENUMBER 447 L12
    ALOAD 1
    LDC Ljava/sql/Timestamp;.class
    INVOKEVIRTUAL java/lang/Object.equals (Ljava/lang/Object;)Z
    IFEQ L14
   L6
    LINENUMBER 449 L6
    ALOAD 2
    INVOKESTATIC java/sql/Timestamp.valueOf (Ljava/lang/String;)Ljava/sql/Timestamp;
   L7
    ARETURN
   L8
    LINENUMBER 450 L8
    ASTORE 3
   L15
    LINENUMBER 451 L15
    NEW com/examples/with/different/packagename/testcarver/ConversionException
    DUP
    LDC "String must be in JDBC format [yyyy-MM-dd HH:mm:ss.fffffffff] to create a java.sql.Timestamp"
    INVOKESPECIAL com/examples/with/different/packagename/testcarver/ConversionException.<init> (Ljava/lang/String;)V
    ATHROW
   L14
    LINENUMBER 457 L14
    NEW java/lang/StringBuilder
    DUP
    INVOKESPECIAL java/lang/StringBuilder.<init> ()V
    ALOAD 0
    ALOAD 0
    INVOKEVIRTUAL java/lang/Object.getClass ()Ljava/lang/Class;
    INVOKEVIRTUAL com/examples/with/different/packagename/testcarver/DateTimeConverter.toString (Ljava/lang/Class;)Ljava/lang/String;
    INVOKEVIRTUAL java/lang/StringBuilder.append (Ljava/lang/String;)Ljava/lang/StringBuilder;
    LDC " does not support default String to '"
    INVOKEVIRTUAL java/lang/StringBuilder.append (Ljava/lang/String;)Ljava/lang/StringBuilder;
    ALOAD 0
    ALOAD 1
   L16
    LINENUMBER 458 L16
    INVOKEVIRTUAL com/examples/with/different/packagename/testcarver/DateTimeConverter.toString (Ljava/lang/Class;)Ljava/lang/String;
    INVOKEVIRTUAL java/lang/StringBuilder.append (Ljava/lang/String;)Ljava/lang/StringBuilder;
    LDC "' conversion."
    INVOKEVIRTUAL java/lang/StringBuilder.append (Ljava/lang/String;)Ljava/lang/StringBuilder;
    INVOKEVIRTUAL java/lang/StringBuilder.toString ()Ljava/lang/String;
    ASTORE 3
   L17
    LINENUMBER 459 L17
    NEW com/examples/with/different/packagename/testcarver/ConversionException
    DUP
    ALOAD 3
    INVOKESPECIAL com/examples/with/different/packagename/testcarver/ConversionException.<init> (Ljava/lang/String;)V
    ATHROW
   L18
    LOCALVARIABLE e Ljava/lang/IllegalArgumentException; L11 L10 3
    LOCALVARIABLE e Ljava/lang/IllegalArgumentException; L13 L12 3
    LOCALVARIABLE e Ljava/lang/IllegalArgumentException; L15 L14 3
    LOCALVARIABLE this Lcom/examples/with/different/packagename/testcarver/DateTimeConverter; L9 L18 0
    LOCALVARIABLE type Ljava/lang/Class; L9 L18 1
    LOCALVARIABLE value Ljava/lang/String; L9 L18 2
    LOCALVARIABLE msg Ljava/lang/String; L17 L18 3
    MAXSTACK = 3
    MAXLOCALS = 4

  // access flags 0x4
  protected getFormat(Ljava/util/Locale;Ljava/util/TimeZone;)Ljava/text/DateFormat;
   L0
    LINENUMBER 470 L0
    ACONST_NULL
    ASTORE 3
   L1
    LINENUMBER 471 L1
    ALOAD 1
    IFNONNULL L2
   L3
    LINENUMBER 472 L3
    ICONST_3
    INVOKESTATIC org/evosuite/testcarver/wrapper/java/text/DateFormat.getDateInstance_final (I)Ljava/text/DateFormat;
    ASTORE 3
    GOTO L4
   L2
    LINENUMBER 474 L2
    ICONST_3
    ALOAD 1
    INVOKESTATIC org/evosuite/testcarver/wrapper/java/text/DateFormat.getDateInstance_final (ILjava/util/Locale;)Ljava/text/DateFormat;
    ASTORE 3
   L4
    LINENUMBER 476 L4
    ALOAD 2
    IFNULL L5
   L6
    LINENUMBER 477 L6
    ALOAD 3
    ALOAD 2
    INVOKEVIRTUAL java/text/DateFormat.setTimeZone (Ljava/util/TimeZone;)V
   L5
    LINENUMBER 479 L5
    ALOAD 3
    ARETURN
   L7
    LOCALVARIABLE this Lcom/examples/with/different/packagename/testcarver/DateTimeConverter; L0 L7 0
    LOCALVARIABLE locale Ljava/util/Locale; L0 L7 1
    LOCALVARIABLE timeZone Ljava/util/TimeZone; L0 L7 2
    LOCALVARIABLE format Ljava/text/DateFormat; L1 L7 3
    MAXSTACK = 2
    MAXLOCALS = 4

  // access flags 0x2
  private getFormat(Ljava/lang/String;)Ljava/text/DateFormat;
   L0
    LINENUMBER 489 L0
    NEW org/evosuite/testcarver/wrapper/java/text/SimpleDateFormat
    DUP
    ALOAD 1
    INVOKESPECIAL org/evosuite/testcarver/wrapper/java/text/SimpleDateFormat.<init> (Ljava/lang/String;)V
    ASTORE 2
   L1
    LINENUMBER 490 L1
    ALOAD 0
    GETFIELD com/examples/with/different/packagename/testcarver/DateTimeConverter.timeZone : Ljava/util/TimeZone;
    IFNULL L2
   L3
    LINENUMBER 491 L3
    ALOAD 2
    ALOAD 0
    GETFIELD com/examples/with/different/packagename/testcarver/DateTimeConverter.timeZone : Ljava/util/TimeZone;
    INVOKEVIRTUAL java/text/DateFormat.setTimeZone (Ljava/util/TimeZone;)V
   L2
    LINENUMBER 493 L2
    ALOAD 2
    ARETURN
   L4
    LOCALVARIABLE this Lcom/examples/with/different/packagename/testcarver/DateTimeConverter; L0 L4 0
    LOCALVARIABLE pattern Ljava/lang/String; L0 L4 1
    LOCALVARIABLE format Ljava/text/DateFormat; L1 L4 2
    MAXSTACK = 3
    MAXLOCALS = 3

  // access flags 0x2
  private parse(Ljava/lang/Class;Ljava/lang/Class;Ljava/lang/String;)Ljava/util/Calendar; throws java/lang/Exception
    TRYCATCHBLOCK L0 L1 L2 java/lang/Exception
   L3
    LINENUMBER 506 L3
    ACONST_NULL
    ASTORE 4
   L4
    LINENUMBER 507 L4
    ICONST_0
    ISTORE 5
   L5
    ILOAD 5
    ALOAD 0
    GETFIELD com/examples/with/different/packagename/testcarver/DateTimeConverter.patterns : [Ljava/lang/String;
    ARRAYLENGTH
    IF_ICMPGE L6
   L0
    LINENUMBER 509 L0
    ALOAD 0
    ALOAD 0
    GETFIELD com/examples/with/different/packagename/testcarver/DateTimeConverter.patterns : [Ljava/lang/String;
    ILOAD 5
    AALOAD
    INVOKESPECIAL com/examples/with/different/packagename/testcarver/DateTimeConverter.getFormat (Ljava/lang/String;)Ljava/text/DateFormat;
    ASTORE 6
   L7
    LINENUMBER 510 L7
    ALOAD 0
    ALOAD 1
    ALOAD 2
    ALOAD 3
    ALOAD 6
    INVOKESPECIAL com/examples/with/different/packagename/testcarver/DateTimeConverter.parse (Ljava/lang/Class;Ljava/lang/Class;Ljava/lang/String;Ljava/text/DateFormat;)Ljava/util/Calendar;
    ASTORE 7
   L8
    LINENUMBER 511 L8
    ALOAD 7
   L1
    ARETURN
   L2
    LINENUMBER 512 L2
    ASTORE 6
   L9
    LINENUMBER 513 L9
    ALOAD 4
    IFNONNULL L10
   L11
    LINENUMBER 514 L11
    ALOAD 6
    ASTORE 4
   L10
    LINENUMBER 507 L10
    IINC 5 1
    GOTO L5
   L6
    LINENUMBER 518 L6
    ALOAD 0
    GETFIELD com/examples/with/different/packagename/testcarver/DateTimeConverter.patterns : [Ljava/lang/String;
    ARRAYLENGTH
    ICONST_1
    IF_ICMPLE L12
   L13
    LINENUMBER 519 L13
    NEW com/examples/with/different/packagename/testcarver/ConversionException
    DUP
    NEW java/lang/StringBuilder
    DUP
    INVOKESPECIAL java/lang/StringBuilder.<init> ()V
    LDC "Error converting '"
    INVOKEVIRTUAL java/lang/StringBuilder.append (Ljava/lang/String;)Ljava/lang/StringBuilder;
    ALOAD 0
    ALOAD 1
    INVOKEVIRTUAL com/examples/with/different/packagename/testcarver/DateTimeConverter.toString (Ljava/lang/Class;)Ljava/lang/String;
    INVOKEVIRTUAL java/lang/StringBuilder.append (Ljava/lang/String;)Ljava/lang/StringBuilder;
    LDC "' to '"
    INVOKEVIRTUAL java/lang/StringBuilder.append (Ljava/lang/String;)Ljava/lang/StringBuilder;
    ALOAD 0
    ALOAD 2
    INVOKEVIRTUAL com/examples/with/different/packagename/testcarver/DateTimeConverter.toString (Ljava/lang/Class;)Ljava/lang/String;
    INVOKEVIRTUAL java/lang/StringBuilder.append (Ljava/lang/String;)Ljava/lang/StringBuilder;
    LDC "' using  patterns '"
    INVOKEVIRTUAL java/lang/StringBuilder.append (Ljava/lang/String;)Ljava/lang/StringBuilder;
    ALOAD 0
    GETFIELD com/examples/with/different/packagename/testcarver/DateTimeConverter.displayPatterns : Ljava/lang/String;
    INVOKEVIRTUAL java/lang/StringBuilder.append (Ljava/lang/String;)Ljava/lang/StringBuilder;
    LDC "'"
    INVOKEVIRTUAL java/lang/StringBuilder.append (Ljava/lang/String;)Ljava/lang/StringBuilder;
    INVOKEVIRTUAL java/lang/StringBuilder.toString ()Ljava/lang/String;
    INVOKESPECIAL com/examples/with/different/packagename/testcarver/ConversionException.<init> (Ljava/lang/String;)V
    ATHROW
   L12
    LINENUMBER 522 L12
    ALOAD 4
    ATHROW
   L14
    LOCALVARIABLE format Ljava/text/DateFormat; L7 L2 6
    LOCALVARIABLE calendar Ljava/util/Calendar; L8 L2 7
    LOCALVARIABLE ex Ljava/lang/Exception; L9 L10 6
    LOCALVARIABLE i I L5 L6 5
    LOCALVARIABLE this Lcom/examples/with/different/packagename/testcarver/DateTimeConverter; L3 L14 0
    LOCALVARIABLE sourceType Ljava/lang/Class; L3 L14 1
    LOCALVARIABLE targetType Ljava/lang/Class; L3 L14 2
    LOCALVARIABLE value Ljava/lang/String; L3 L14 3
    LOCALVARIABLE firstEx Ljava/lang/Exception; L4 L14 4
    MAXSTACK = 5
    MAXLOCALS = 8

  // access flags 0x2
  private parse(Ljava/lang/Class;Ljava/lang/Class;Ljava/lang/String;Ljava/text/DateFormat;)Ljava/util/Calendar;
   L0
    LINENUMBER 538 L0
    ALOAD 0
    LDC "Parsing"
    ALOAD 4
    INVOKESPECIAL com/examples/with/different/packagename/testcarver/DateTimeConverter.logFormat (Ljava/lang/String;Ljava/text/DateFormat;)V
   L1
    LINENUMBER 539 L1
    ALOAD 4
    ICONST_0
    INVOKEVIRTUAL java/text/DateFormat.setLenient (Z)V
   L2
    LINENUMBER 540 L2
    NEW java/text/ParsePosition
    DUP
    ICONST_0
    INVOKESPECIAL java/text/ParsePosition.<init> (I)V
    ASTORE 5
   L3
    LINENUMBER 541 L3
    ALOAD 4
    ALOAD 3
    ALOAD 5
    INVOKEVIRTUAL java/text/DateFormat.parse (Ljava/lang/String;Ljava/text/ParsePosition;)Ljava/util/Date;
    ASTORE 6
   L4
    LINENUMBER 542 L4
    ALOAD 5
    INVOKEVIRTUAL java/text/ParsePosition.getErrorIndex ()I
    IFGE L5
    ALOAD 5
    INVOKEVIRTUAL java/text/ParsePosition.getIndex ()I
    ALOAD 3
    INVOKEVIRTUAL java/lang/String.length ()I
    IF_ICMPNE L5
    ALOAD 6
    IFNONNULL L6
   L5
    LINENUMBER 543 L5
    NEW java/lang/StringBuilder
    DUP
    INVOKESPECIAL java/lang/StringBuilder.<init> ()V
    LDC "Error converting '"
    INVOKEVIRTUAL java/lang/StringBuilder.append (Ljava/lang/String;)Ljava/lang/StringBuilder;
    ALOAD 0
    ALOAD 1
    INVOKEVIRTUAL com/examples/with/different/packagename/testcarver/DateTimeConverter.toString (Ljava/lang/Class;)Ljava/lang/String;
    INVOKEVIRTUAL java/lang/StringBuilder.append (Ljava/lang/String;)Ljava/lang/StringBuilder;
    LDC "' to '"
    INVOKEVIRTUAL java/lang/StringBuilder.append (Ljava/lang/String;)Ljava/lang/StringBuilder;
    ALOAD 0
    ALOAD 2
    INVOKEVIRTUAL com/examples/with/different/packagename/testcarver/DateTimeConverter.toString (Ljava/lang/Class;)Ljava/lang/String;
    INVOKEVIRTUAL java/lang/StringBuilder.append (Ljava/lang/String;)Ljava/lang/StringBuilder;
    LDC "'"
    INVOKEVIRTUAL java/lang/StringBuilder.append (Ljava/lang/String;)Ljava/lang/StringBuilder;
    INVOKEVIRTUAL java/lang/StringBuilder.toString ()Ljava/lang/String;
    ASTORE 7
   L7
    LINENUMBER 544 L7
    ALOAD 4
    INSTANCEOF java/text/SimpleDateFormat
    IFEQ L8
   L9
    LINENUMBER 545 L9
    NEW java/lang/StringBuilder
    DUP
    INVOKESPECIAL java/lang/StringBuilder.<init> ()V
    ALOAD 7
    INVOKEVIRTUAL java/lang/StringBuilder.append (Ljava/lang/String;)Ljava/lang/StringBuilder;
    LDC " using pattern '"
    INVOKEVIRTUAL java/lang/StringBuilder.append (Ljava/lang/String;)Ljava/lang/StringBuilder;
    ALOAD 4
    CHECKCAST org/evosuite/testcarver/wrapper/java/text/SimpleDateFormat
    INVOKEVIRTUAL java/text/SimpleDateFormat.toPattern ()Ljava/lang/String;
    INVOKEVIRTUAL java/lang/StringBuilder.append (Ljava/lang/String;)Ljava/lang/StringBuilder;
    LDC "'"
    INVOKEVIRTUAL java/lang/StringBuilder.append (Ljava/lang/String;)Ljava/lang/StringBuilder;
    INVOKEVIRTUAL java/lang/StringBuilder.toString ()Ljava/lang/String;
    ASTORE 7
   L8
    LINENUMBER 547 L8
    NEW com/examples/with/different/packagename/testcarver/ConversionException
    DUP
    ALOAD 7
    INVOKESPECIAL com/examples/with/different/packagename/testcarver/ConversionException.<init> (Ljava/lang/String;)V
    ATHROW
   L6
    LINENUMBER 549 L6
    ALOAD 4
    INVOKEVIRTUAL java/text/DateFormat.getCalendar ()Ljava/util/Calendar;
    ASTORE 7
   L10
    LINENUMBER 550 L10
    ALOAD 7
    ARETURN
   L11
    LOCALVARIABLE msg Ljava/lang/String; L7 L6 7
    LOCALVARIABLE this Lcom/examples/with/different/packagename/testcarver/DateTimeConverter; L0 L11 0
    LOCALVARIABLE sourceType Ljava/lang/Class; L0 L11 1
    LOCALVARIABLE targetType Ljava/lang/Class; L0 L11 2
    LOCALVARIABLE value Ljava/lang/String; L0 L11 3
    LOCALVARIABLE format Ljava/text/DateFormat; L0 L11 4
    LOCALVARIABLE pos Ljava/text/ParsePosition; L3 L11 5
    LOCALVARIABLE parsedDate Ljava/util/Date; L4 L11 6
    LOCALVARIABLE calendar Ljava/util/Calendar; L10 L11 7
    MAXSTACK = 3
    MAXLOCALS = 8

  // access flags 0x2
  private _sw_prototype_original_toString()Ljava/lang/String;
   L0
    LINENUMBER 559 L0
    NEW java/lang/StringBuffer
    DUP
    INVOKESPECIAL java/lang/StringBuffer.<init> ()V
    ASTORE 1
   L1
    LINENUMBER 560 L1
    ALOAD 1
    ALOAD 0
    ALOAD 0
    INVOKEVIRTUAL java/lang/Object.getClass ()Ljava/lang/Class;
    INVOKEVIRTUAL com/examples/with/different/packagename/testcarver/DateTimeConverter.toString (Ljava/lang/Class;)Ljava/lang/String;
    INVOKEVIRTUAL java/lang/StringBuffer.append (Ljava/lang/String;)Ljava/lang/StringBuffer;
    POP
   L2
    LINENUMBER 561 L2
    ALOAD 1
    LDC "[UseDefault="
    INVOKEVIRTUAL java/lang/StringBuffer.append (Ljava/lang/String;)Ljava/lang/StringBuffer;
    POP
   L3
    LINENUMBER 562 L3
    ALOAD 1
    ALOAD 0
    INVOKEVIRTUAL com/examples/with/different/packagename/testcarver/DateTimeConverter.isUseDefault ()Z
    INVOKEVIRTUAL java/lang/StringBuffer.append (Z)Ljava/lang/StringBuffer;
    POP
   L4
    LINENUMBER 563 L4
    ALOAD 1
    LDC ", UseLocaleFormat="
    INVOKEVIRTUAL java/lang/StringBuffer.append (Ljava/lang/String;)Ljava/lang/StringBuffer;
    POP
   L5
    LINENUMBER 564 L5
    ALOAD 1
    ALOAD 0
    DUP
    GETFIELD com/examples/with/different/packagename/testcarver/DateTimeConverter.useLocaleFormat : Z
    SWAP
    LDC -2147483621
    LDC "com/examples/with/different/packagename/testcarver/DateTimeConverter"
    LDC "useLocaleFormat"
    LDC "Z"
    INVOKESTATIC org/evosuite/testcarver/capture/FieldRegistry.notifyReadAccess (Ljava/lang/Object;ILjava/lang/String;Ljava/lang/String;Ljava/lang/String;)V
    INVOKEVIRTUAL java/lang/StringBuffer.append (Z)Ljava/lang/StringBuffer;
    POP
   L6
    LINENUMBER 565 L6
    ALOAD 0
    DUP
    GETFIELD com/examples/with/different/packagename/testcarver/DateTimeConverter.displayPatterns : Ljava/lang/String;
    SWAP
    LDC -2147483620
    LDC "com/examples/with/different/packagename/testcarver/DateTimeConverter"
    LDC "displayPatterns"
    LDC "Ljava/lang/String;"
    INVOKESTATIC org/evosuite/testcarver/capture/FieldRegistry.notifyReadAccess (Ljava/lang/Object;ILjava/lang/String;Ljava/lang/String;Ljava/lang/String;)V
    IFNULL L7
   L8
    LINENUMBER 566 L8
    ALOAD 1
    LDC ", Patterns={"
    INVOKEVIRTUAL java/lang/StringBuffer.append (Ljava/lang/String;)Ljava/lang/StringBuffer;
    POP
   L9
    LINENUMBER 567 L9
    ALOAD 1
    ALOAD 0
    DUP
    GETFIELD com/examples/with/different/packagename/testcarver/DateTimeConverter.displayPatterns : Ljava/lang/String;
    SWAP
    LDC -2147483619
    LDC "com/examples/with/different/packagename/testcarver/DateTimeConverter"
    LDC "displayPatterns"
    LDC "Ljava/lang/String;"
    INVOKESTATIC org/evosuite/testcarver/capture/FieldRegistry.notifyReadAccess (Ljava/lang/Object;ILjava/lang/String;Ljava/lang/String;Ljava/lang/String;)V
    INVOKEVIRTUAL java/lang/StringBuffer.append (Ljava/lang/String;)Ljava/lang/StringBuffer;
    POP
   L10
    LINENUMBER 568 L10
    ALOAD 1
    BIPUSH 125
    INVOKEVIRTUAL java/lang/StringBuffer.append (C)Ljava/lang/StringBuffer;
    POP
   L7
    LINENUMBER 570 L7
    ALOAD 0
    DUP
    GETFIELD com/examples/with/different/packagename/testcarver/DateTimeConverter.locale : Ljava/util/Locale;
    SWAP
    LDC -2147483618
    LDC "com/examples/with/different/packagename/testcarver/DateTimeConverter"
    LDC "locale"
    LDC "Ljava/util/Locale;"
    INVOKESTATIC org/evosuite/testcarver/capture/FieldRegistry.notifyReadAccess (Ljava/lang/Object;ILjava/lang/String;Ljava/lang/String;Ljava/lang/String;)V
    IFNULL L11
   L12
    LINENUMBER 571 L12
    ALOAD 1
    LDC ", Locale="
    INVOKEVIRTUAL java/lang/StringBuffer.append (Ljava/lang/String;)Ljava/lang/StringBuffer;
    POP
   L13
    LINENUMBER 572 L13
    ALOAD 1
    ALOAD 0
    DUP
    GETFIELD com/examples/with/different/packagename/testcarver/DateTimeConverter.locale : Ljava/util/Locale;
    SWAP
    LDC -2147483617
    LDC "com/examples/with/different/packagename/testcarver/DateTimeConverter"
    LDC "locale"
    LDC "Ljava/util/Locale;"
    INVOKESTATIC org/evosuite/testcarver/capture/FieldRegistry.notifyReadAccess (Ljava/lang/Object;ILjava/lang/String;Ljava/lang/String;Ljava/lang/String;)V
    INVOKEVIRTUAL java/lang/StringBuffer.append (Ljava/lang/Object;)Ljava/lang/StringBuffer;
    POP
   L11
    LINENUMBER 574 L11
    ALOAD 0
    DUP
    GETFIELD com/examples/with/different/packagename/testcarver/DateTimeConverter.timeZone : Ljava/util/TimeZone;
    SWAP
    LDC -2147483616
    LDC "com/examples/with/different/packagename/testcarver/DateTimeConverter"
    LDC "timeZone"
    LDC "Ljava/util/TimeZone;"
    INVOKESTATIC org/evosuite/testcarver/capture/FieldRegistry.notifyReadAccess (Ljava/lang/Object;ILjava/lang/String;Ljava/lang/String;Ljava/lang/String;)V
    IFNULL L14
   L15
    LINENUMBER 575 L15
    ALOAD 1
    LDC ", TimeZone="
    INVOKEVIRTUAL java/lang/StringBuffer.append (Ljava/lang/String;)Ljava/lang/StringBuffer;
    POP
   L16
    LINENUMBER 576 L16
    ALOAD 1
    ALOAD 0
    DUP
    GETFIELD com/examples/with/different/packagename/testcarver/DateTimeConverter.timeZone : Ljava/util/TimeZone;
    SWAP
    LDC -2147483615
    LDC "com/examples/with/different/packagename/testcarver/DateTimeConverter"
    LDC "timeZone"
    LDC "Ljava/util/TimeZone;"
    INVOKESTATIC org/evosuite/testcarver/capture/FieldRegistry.notifyReadAccess (Ljava/lang/Object;ILjava/lang/String;Ljava/lang/String;Ljava/lang/String;)V
    INVOKEVIRTUAL java/lang/StringBuffer.append (Ljava/lang/Object;)Ljava/lang/StringBuffer;
    POP
   L14
    LINENUMBER 578 L14
    ALOAD 1
    BIPUSH 93
    INVOKEVIRTUAL java/lang/StringBuffer.append (C)Ljava/lang/StringBuffer;
    POP
   L17
    LINENUMBER 579 L17
    ALOAD 1
    INVOKEVIRTUAL java/lang/StringBuffer.toString ()Ljava/lang/String;
    ARETURN
   L18
    LOCALVARIABLE this Lcom/examples/with/different/packagename/testcarver/DateTimeConverter; L0 L18 0
    LOCALVARIABLE buffer Ljava/lang/StringBuffer; L1 L18 1
    MAXSTACK = 7
    MAXLOCALS = 2

  // access flags 0x2
  private logFormat(Ljava/lang/String;Ljava/text/DateFormat;)V
   L0
    LINENUMBER 590 L0
    RETURN
   L1
    LOCALVARIABLE this Lcom/examples/with/different/packagename/testcarver/DateTimeConverter; L0 L1 0
    LOCALVARIABLE action Ljava/lang/String; L0 L1 1
    LOCALVARIABLE format Ljava/text/DateFormat; L0 L1 2
    MAXSTACK = 0
    MAXLOCALS = 3

  // access flags 0x1
  public setUseLocaleFormat(Z)V
    TRYCATCHBLOCK L0 L1 L1 java/lang/Throwable
   L0
    LDC -2147483640
    ALOAD 0
    LDC "setUseLocaleFormat"
    LDC "(Z)V"
    BIPUSH 1
    ANEWARRAY java/lang/Object
    DUP
    BIPUSH 0
    ILOAD 1
    INVOKESTATIC java/lang/Boolean.valueOf (Z)Ljava/lang/Boolean;
    AASTORE
    INVOKESTATIC org/evosuite/testcarver/capture/Capturer.capture (ILjava/lang/Object;Ljava/lang/String;Ljava/lang/String;[Ljava/lang/Object;)V
    ALOAD 0
    ILOAD 1
    INVOKEVIRTUAL com/examples/with/different/packagename/testcarver/DateTimeConverter._sw_prototype_original_setUseLocaleFormat (Z)V
    GOTO L2
   L1
   FRAME SAME1 java/lang/Throwable
    ASTORE 2
    LDC -2147483640
    ALOAD 0
    GETSTATIC org/evosuite/testcarver/capture/CaptureLog.RETURN_TYPE_VOID : Ljava/lang/Object;
    INVOKESTATIC org/evosuite/testcarver/capture/Capturer.enable (ILjava/lang/Object;Ljava/lang/Object;)V
    ALOAD 2
    ATHROW
   L2
   FRAME SAME
    LDC -2147483640
    ALOAD 0
    GETSTATIC org/evosuite/testcarver/capture/CaptureLog.RETURN_TYPE_VOID : Ljava/lang/Object;
    INVOKESTATIC org/evosuite/testcarver/capture/Capturer.enable (ILjava/lang/Object;Ljava/lang/Object;)V
    RETURN
    MAXSTACK = 6
    MAXLOCALS = 0

  // access flags 0x1
  public getTimeZone()Ljava/util/TimeZone;
    TRYCATCHBLOCK L0 L1 L2 java/lang/Throwable
    ACONST_NULL
    ASTORE 1
   L0
    LDC -2147483638
    ALOAD 0
    LDC "getTimeZone"
    LDC "()Ljava/util/TimeZone;"
    BIPUSH 0
    ANEWARRAY java/lang/Object
    INVOKESTATIC org/evosuite/testcarver/capture/Capturer.capture (ILjava/lang/Object;Ljava/lang/String;Ljava/lang/String;[Ljava/lang/Object;)V
    ALOAD 0
    INVOKEVIRTUAL com/examples/with/different/packagename/testcarver/DateTimeConverter._sw_prototype_original_getTimeZone ()Ljava/util/TimeZone;
    ASTORE 1
    ALOAD 1
    ASTORE 3
   L1
    LDC -2147483638
    ALOAD 0
    ALOAD 1
    INVOKESTATIC org/evosuite/testcarver/capture/Capturer.enable (ILjava/lang/Object;Ljava/lang/Object;)V
    ALOAD 3
    ARETURN
   L2
   FRAME FULL [com/examples/with/different/packagename/testcarver/DateTimeConverter java/util/TimeZone] [java/lang/Throwable]
    ASTORE 2
    LDC -2147483638
    ALOAD 0
    ALOAD 1
    INVOKESTATIC org/evosuite/testcarver/capture/Capturer.enable (ILjava/lang/Object;Ljava/lang/Object;)V
    ALOAD 2
    ATHROW
    MAXSTACK = 5
    MAXLOCALS = 0

  // access flags 0x1
  public setTimeZone(Ljava/util/TimeZone;)V
    TRYCATCHBLOCK L0 L1 L1 java/lang/Throwable
   L0
    LDC -2147483635
    ALOAD 0
    LDC "setTimeZone"
    LDC "(Ljava/util/TimeZone;)V"
    BIPUSH 1
    ANEWARRAY java/lang/Object
    DUP
    BIPUSH 0
    ALOAD 1
    AASTORE
    INVOKESTATIC org/evosuite/testcarver/capture/Capturer.capture (ILjava/lang/Object;Ljava/lang/String;Ljava/lang/String;[Ljava/lang/Object;)V
    ALOAD 0
    ALOAD 1
    INVOKEVIRTUAL com/examples/with/different/packagename/testcarver/DateTimeConverter._sw_prototype_original_setTimeZone (Ljava/util/TimeZone;)V
    GOTO L2
   L1
   FRAME SAME1 java/lang/Throwable
    ASTORE 2
    LDC -2147483635
    ALOAD 0
    GETSTATIC org/evosuite/testcarver/capture/CaptureLog.RETURN_TYPE_VOID : Ljava/lang/Object;
    INVOKESTATIC org/evosuite/testcarver/capture/Capturer.enable (ILjava/lang/Object;Ljava/lang/Object;)V
    ALOAD 2
    ATHROW
   L2
   FRAME SAME
    LDC -2147483635
    ALOAD 0
    GETSTATIC org/evosuite/testcarver/capture/CaptureLog.RETURN_TYPE_VOID : Ljava/lang/Object;
    INVOKESTATIC org/evosuite/testcarver/capture/Capturer.enable (ILjava/lang/Object;Ljava/lang/Object;)V
    RETURN
    MAXSTACK = 6
    MAXLOCALS = 0

  // access flags 0x1
  public getLocale()Ljava/util/Locale;
    TRYCATCHBLOCK L0 L1 L2 java/lang/Throwable
    ACONST_NULL
    ASTORE 1
   L0
    LDC -2147483633
    ALOAD 0
    LDC "getLocale"
    LDC "()Ljava/util/Locale;"
    BIPUSH 0
    ANEWARRAY java/lang/Object
    INVOKESTATIC org/evosuite/testcarver/capture/Capturer.capture (ILjava/lang/Object;Ljava/lang/String;Ljava/lang/String;[Ljava/lang/Object;)V
    ALOAD 0
    INVOKEVIRTUAL com/examples/with/different/packagename/testcarver/DateTimeConverter._sw_prototype_original_getLocale ()Ljava/util/Locale;
    ASTORE 1
    ALOAD 1
    ASTORE 3
   L1
    LDC -2147483633
    ALOAD 0
    ALOAD 1
    INVOKESTATIC org/evosuite/testcarver/capture/Capturer.enable (ILjava/lang/Object;Ljava/lang/Object;)V
    ALOAD 3
    ARETURN
   L2
   FRAME FULL [com/examples/with/different/packagename/testcarver/DateTimeConverter java/util/Locale] [java/lang/Throwable]
    ASTORE 2
    LDC -2147483633
    ALOAD 0
    ALOAD 1
    INVOKESTATIC org/evosuite/testcarver/capture/Capturer.enable (ILjava/lang/Object;Ljava/lang/Object;)V
    ALOAD 2
    ATHROW
    MAXSTACK = 5
    MAXLOCALS = 0

  // access flags 0x1
  public setLocale(Ljava/util/Locale;)V
    TRYCATCHBLOCK L0 L1 L1 java/lang/Throwable
   L0
    LDC -2147483630
    ALOAD 0
    LDC "setLocale"
    LDC "(Ljava/util/Locale;)V"
    BIPUSH 1
    ANEWARRAY java/lang/Object
    DUP
    BIPUSH 0
    ALOAD 1
    AASTORE
    INVOKESTATIC org/evosuite/testcarver/capture/Capturer.capture (ILjava/lang/Object;Ljava/lang/String;Ljava/lang/String;[Ljava/lang/Object;)V
    ALOAD 0
    ALOAD 1
    INVOKEVIRTUAL com/examples/with/different/packagename/testcarver/DateTimeConverter._sw_prototype_original_setLocale (Ljava/util/Locale;)V
    GOTO L2
   L1
   FRAME SAME1 java/lang/Throwable
    ASTORE 2
    LDC -2147483630
    ALOAD 0
    GETSTATIC org/evosuite/testcarver/capture/CaptureLog.RETURN_TYPE_VOID : Ljava/lang/Object;
    INVOKESTATIC org/evosuite/testcarver/capture/Capturer.enable (ILjava/lang/Object;Ljava/lang/Object;)V
    ALOAD 2
    ATHROW
   L2
   FRAME SAME
    LDC -2147483630
    ALOAD 0
    GETSTATIC org/evosuite/testcarver/capture/CaptureLog.RETURN_TYPE_VOID : Ljava/lang/Object;
    INVOKESTATIC org/evosuite/testcarver/capture/Capturer.enable (ILjava/lang/Object;Ljava/lang/Object;)V
    RETURN
    MAXSTACK = 6
    MAXLOCALS = 0

  // access flags 0x1
  public setPattern(Ljava/lang/String;)V
    TRYCATCHBLOCK L0 L1 L1 java/lang/Throwable
   L0
    LDC -2147483629
    ALOAD 0
    LDC "setPattern"
    LDC "(Ljava/lang/String;)V"
    BIPUSH 1
    ANEWARRAY java/lang/Object
    DUP
    BIPUSH 0
    ALOAD 1
    AASTORE
    INVOKESTATIC org/evosuite/testcarver/capture/Capturer.capture (ILjava/lang/Object;Ljava/lang/String;Ljava/lang/String;[Ljava/lang/Object;)V
    ALOAD 0
    ALOAD 1
    INVOKEVIRTUAL com/examples/with/different/packagename/testcarver/DateTimeConverter._sw_prototype_original_setPattern (Ljava/lang/String;)V
    GOTO L2
   L1
   FRAME SAME1 java/lang/Throwable
    ASTORE 2
    LDC -2147483629
    ALOAD 0
    GETSTATIC org/evosuite/testcarver/capture/CaptureLog.RETURN_TYPE_VOID : Ljava/lang/Object;
    INVOKESTATIC org/evosuite/testcarver/capture/Capturer.enable (ILjava/lang/Object;Ljava/lang/Object;)V
    ALOAD 2
    ATHROW
   L2
   FRAME SAME
    LDC -2147483629
    ALOAD 0
    GETSTATIC org/evosuite/testcarver/capture/CaptureLog.RETURN_TYPE_VOID : Ljava/lang/Object;
    INVOKESTATIC org/evosuite/testcarver/capture/Capturer.enable (ILjava/lang/Object;Ljava/lang/Object;)V
    RETURN
    MAXSTACK = 9
    MAXLOCALS = 0

  // access flags 0x1
  public getPatterns()[Ljava/lang/String;
    TRYCATCHBLOCK L0 L1 L2 java/lang/Throwable
    ACONST_NULL
    ASTORE 1
   L0
    LDC -2147483627
    ALOAD 0
    LDC "getPatterns"
    LDC "()[Ljava/lang/String;"
    BIPUSH 0
    ANEWARRAY java/lang/Object
    INVOKESTATIC org/evosuite/testcarver/capture/Capturer.capture (ILjava/lang/Object;Ljava/lang/String;Ljava/lang/String;[Ljava/lang/Object;)V
    ALOAD 0
    INVOKEVIRTUAL com/examples/with/different/packagename/testcarver/DateTimeConverter._sw_prototype_original_getPatterns ()[Ljava/lang/String;
    ASTORE 1
    ALOAD 1
    ASTORE 3
   L1
    LDC -2147483627
    ALOAD 0
    ALOAD 1
    INVOKESTATIC org/evosuite/testcarver/capture/Capturer.enable (ILjava/lang/Object;Ljava/lang/Object;)V
    ALOAD 3
    ARETURN
   L2
   FRAME FULL [com/examples/with/different/packagename/testcarver/DateTimeConverter [Ljava/lang/String;] [java/lang/Throwable]
    ASTORE 2
    LDC -2147483627
    ALOAD 0
    ALOAD 1
    INVOKESTATIC org/evosuite/testcarver/capture/Capturer.enable (ILjava/lang/Object;Ljava/lang/Object;)V
    ALOAD 2
    ATHROW
    MAXSTACK = 5
    MAXLOCALS = 0

  // access flags 0x1
  public setPatterns([Ljava/lang/String;)V
    TRYCATCHBLOCK L0 L1 L1 java/lang/Throwable
   L0
    LDC -2147483622
    ALOAD 0
    LDC "setPatterns"
    LDC "([Ljava/lang/String;)V"
    BIPUSH 1
    ANEWARRAY java/lang/Object
    DUP
    BIPUSH 0
    ALOAD 1
    AASTORE
    INVOKESTATIC org/evosuite/testcarver/capture/Capturer.capture (ILjava/lang/Object;Ljava/lang/String;Ljava/lang/String;[Ljava/lang/Object;)V
    ALOAD 0
    ALOAD 1
    INVOKEVIRTUAL com/examples/with/different/packagename/testcarver/DateTimeConverter._sw_prototype_original_setPatterns ([Ljava/lang/String;)V
    GOTO L2
   L1
   FRAME SAME1 java/lang/Throwable
    ASTORE 2
    LDC -2147483622
    ALOAD 0
    GETSTATIC org/evosuite/testcarver/capture/CaptureLog.RETURN_TYPE_VOID : Ljava/lang/Object;
    INVOKESTATIC org/evosuite/testcarver/capture/Capturer.enable (ILjava/lang/Object;Ljava/lang/Object;)V
    ALOAD 2
    ATHROW
   L2
   FRAME SAME
    LDC -2147483622
    ALOAD 0
    GETSTATIC org/evosuite/testcarver/capture/CaptureLog.RETURN_TYPE_VOID : Ljava/lang/Object;
    INVOKESTATIC org/evosuite/testcarver/capture/Capturer.enable (ILjava/lang/Object;Ljava/lang/Object;)V
    RETURN
    MAXSTACK = 7
    MAXLOCALS = 0

  // access flags 0x1
  public toString()Ljava/lang/String;
    TRYCATCHBLOCK L0 L1 L2 java/lang/Throwable
    ACONST_NULL
    ASTORE 1
   L0
    LDC -2147483614
    ALOAD 0
    LDC "toString"
    LDC "()Ljava/lang/String;"
    BIPUSH 0
    ANEWARRAY java/lang/Object
    INVOKESTATIC org/evosuite/testcarver/capture/Capturer.capture (ILjava/lang/Object;Ljava/lang/String;Ljava/lang/String;[Ljava/lang/Object;)V
    ALOAD 0
    INVOKEVIRTUAL com/examples/with/different/packagename/testcarver/DateTimeConverter._sw_prototype_original_toString ()Ljava/lang/String;
    ASTORE 1
    ALOAD 1
    ASTORE 3
   L1
    LDC -2147483614
    ALOAD 0
    ALOAD 1
    INVOKESTATIC org/evosuite/testcarver/capture/Capturer.enable (ILjava/lang/Object;Ljava/lang/Object;)V
    ALOAD 3
    ARETURN
   L2
   FRAME FULL [com/examples/with/different/packagename/testcarver/DateTimeConverter java/lang/String] [java/lang/Throwable]
    ASTORE 2
    LDC -2147483614
    ALOAD 0
    ALOAD 1
    INVOKESTATIC org/evosuite/testcarver/capture/Capturer.enable (ILjava/lang/Object;Ljava/lang/Object;)V
    ALOAD 2
    ATHROW
    MAXSTACK = 7
    MAXLOCALS = 0
}
INFO  org.evosuite.testcarver.extraction.CarvingClassLoader - Seeing class for first time: com.examples.with.different.packagename.testcarver.AbstractConverter
WARN  org.evosuite.testcarver.extraction.CarvingClassLoader - Instrumenting class 'com.examples.with.different.packagename.testcarver.AbstractConverter'.
INFO  org.evosuite.testcarver.instrument.Instrumenter - Checking package com.examples.with.different.packagename.testcarver for class com/examples/with/different/packagename/testcarver/AbstractConverter
// class version 52.0 (52)
// access flags 0x421
public abstract class com/examples/with/different/packagename/testcarver/AbstractConverter implements com/examples/with/different/packagename/testcarver/Converter {

  // compiled from: AbstractConverter.java

  // access flags 0x1A
  private final static Ljava/lang/String; DEFAULT_CONFIG_MSG = "(N.B. Converters can be configured to use default values to avoid throwing exceptions)"

  // access flags 0x1A
  private final static Ljava/lang/String; PACKAGE = "org.apache.commons.beanutils.converters."

  // access flags 0x2
  private Z useDefault

  // access flags 0x2
  private Ljava/lang/Object; defaultValue

  // access flags 0x1
  public <init>()V
   L0
    LINENUMBER 82 L0
    ALOAD 0
    INVOKESPECIAL java/lang/Object.<init> ()V
   L1
    LINENUMBER 69 L1
    ALOAD 0
    ICONST_0
    PUTFIELD com/examples/with/different/packagename/testcarver/AbstractConverter.useDefault : Z
   L2
    LINENUMBER 74 L2
    ALOAD 0
    ACONST_NULL
    PUTFIELD com/examples/with/different/packagename/testcarver/AbstractConverter.defaultValue : Ljava/lang/Object;
   L3
    LINENUMBER 83 L3
    RETURN
   L4
    LOCALVARIABLE this Lcom/examples/with/different/packagename/testcarver/AbstractConverter; L0 L4 0
    MAXSTACK = 2
    MAXLOCALS = 1

  // access flags 0x1
  public <init>(Ljava/lang/Object;)V
   L0
    LINENUMBER 93 L0
    ALOAD 0
    INVOKESPECIAL java/lang/Object.<init> ()V
   L1
    LINENUMBER 69 L1
    ALOAD 0
    ICONST_0
    PUTFIELD com/examples/with/different/packagename/testcarver/AbstractConverter.useDefault : Z
   L2
    LINENUMBER 74 L2
    ALOAD 0
    ACONST_NULL
    PUTFIELD com/examples/with/different/packagename/testcarver/AbstractConverter.defaultValue : Ljava/lang/Object;
   L3
    LINENUMBER 94 L3
    ALOAD 0
    ALOAD 1
    INVOKEVIRTUAL com/examples/with/different/packagename/testcarver/AbstractConverter.setDefaultValue (Ljava/lang/Object;)V
   L4
    LINENUMBER 95 L4
    RETURN
   L5
    LOCALVARIABLE this Lcom/examples/with/different/packagename/testcarver/AbstractConverter; L0 L5 0
    LOCALVARIABLE defaultValue Ljava/lang/Object; L0 L5 1
    MAXSTACK = 2
    MAXLOCALS = 2

  // access flags 0x2
  private _sw_prototype_original_isUseDefault()Z
   L0
    LINENUMBER 108 L0
    ALOAD 0
    DUP
    GETFIELD com/examples/with/different/packagename/testcarver/AbstractConverter.useDefault : Z
    SWAP
    LDC -2147483613
    LDC "com/examples/with/different/packagename/testcarver/AbstractConverter"
    LDC "useDefault"
    LDC "Z"
    INVOKESTATIC org/evosuite/testcarver/capture/FieldRegistry.notifyReadAccess (Ljava/lang/Object;ILjava/lang/String;Ljava/lang/String;Ljava/lang/String;)V
    IRETURN
   L1
    LOCALVARIABLE this Lcom/examples/with/different/packagename/testcarver/AbstractConverter; L0 L1 0
    MAXSTACK = 5
    MAXLOCALS = 1

  // access flags 0x2
  private _sw_prototype_original_convert(Ljava/lang/Class;Ljava/lang/Object;)Ljava/lang/Object;
    TRYCATCHBLOCK L0 L1 L2 java/lang/Throwable
    TRYCATCHBLOCK L3 L4 L2 java/lang/Throwable
    TRYCATCHBLOCK L5 L6 L2 java/lang/Throwable
   L7
    LINENUMBER 123 L7
    ALOAD 2
    IFNONNULL L8
    ACONST_NULL
    GOTO L9
   L8
    ALOAD 2
    INVOKEVIRTUAL java/lang/Object.getClass ()Ljava/lang/Class;
   L9
    ASTORE 3
   L10
    LINENUMBER 124 L10
    ALOAD 0
    ALOAD 1
    IFNONNULL L11
    ALOAD 0
    INVOKEVIRTUAL com/examples/with/different/packagename/testcarver/AbstractConverter.getDefaultType ()Ljava/lang/Class;
    GOTO L12
   L11
    ALOAD 1
   L12
    INVOKEVIRTUAL com/examples/with/different/packagename/testcarver/AbstractConverter.primitive (Ljava/lang/Class;)Ljava/lang/Class;
    ASTORE 4
   L13
    LINENUMBER 126 L13
    ALOAD 0
    ALOAD 2
    INVOKEVIRTUAL com/examples/with/different/packagename/testcarver/AbstractConverter.convertArray (Ljava/lang/Object;)Ljava/lang/Object;
    ASTORE 2
   L14
    LINENUMBER 129 L14
    ALOAD 2
    IFNONNULL L15
   L16
    LINENUMBER 130 L16
    ALOAD 0
    ALOAD 4
    INVOKEVIRTUAL com/examples/with/different/packagename/testcarver/AbstractConverter.handleMissing (Ljava/lang/Class;)Ljava/lang/Object;
    ARETURN
   L15
    LINENUMBER 133 L15
    ALOAD 2
    INVOKEVIRTUAL java/lang/Object.getClass ()Ljava/lang/Class;
    ASTORE 3
   L0
    LINENUMBER 137 L0
    ALOAD 4
    LDC Ljava/lang/String;.class
    INVOKEVIRTUAL java/lang/Object.equals (Ljava/lang/Object;)Z
    IFEQ L3
   L17
    LINENUMBER 138 L17
    ALOAD 0
    ALOAD 2
    INVOKEVIRTUAL com/examples/with/different/packagename/testcarver/AbstractConverter.convertToString (Ljava/lang/Object;)Ljava/lang/String;
   L1
    ARETURN
   L3
    LINENUMBER 141 L3
    ALOAD 4
    ALOAD 3
    INVOKEVIRTUAL java/lang/Object.equals (Ljava/lang/Object;)Z
    IFEQ L5
   L18
    LINENUMBER 142 L18
    ALOAD 2
   L4
    ARETURN
   L5
    LINENUMBER 146 L5
    ALOAD 0
    ALOAD 4
    ALOAD 2
    INVOKEVIRTUAL com/examples/with/different/packagename/testcarver/AbstractConverter.convertToType (Ljava/lang/Class;Ljava/lang/Object;)Ljava/lang/Object;
    ASTORE 5
   L19
    LINENUMBER 147 L19
    ALOAD 5
   L6
    ARETURN
   L2
    LINENUMBER 149 L2
    ASTORE 5
   L20
    LINENUMBER 150 L20
    ALOAD 0
    ALOAD 4
    ALOAD 2
    ALOAD 5
    INVOKEVIRTUAL com/examples/with/different/packagename/testcarver/AbstractConverter.handleError (Ljava/lang/Class;Ljava/lang/Object;Ljava/lang/Throwable;)Ljava/lang/Object;
    ARETURN
   L21
    LOCALVARIABLE result Ljava/lang/Object; L19 L2 5
    LOCALVARIABLE t Ljava/lang/Throwable; L20 L21 5
    LOCALVARIABLE this Lcom/examples/with/different/packagename/testcarver/AbstractConverter; L7 L21 0
    LOCALVARIABLE type Ljava/lang/Class; L7 L21 1
    LOCALVARIABLE value Ljava/lang/Object; L7 L21 2
    LOCALVARIABLE sourceType Ljava/lang/Class; L10 L21 3
    LOCALVARIABLE targetType Ljava/lang/Class; L13 L21 4
    MAXSTACK = 8
    MAXLOCALS = 6

  // access flags 0x4
  protected convertToString(Ljava/lang/Object;)Ljava/lang/String; throws java/lang/Throwable
   L0
    LINENUMBER 168 L0
    ALOAD 1
    INVOKEVIRTUAL java/lang/Object.toString ()Ljava/lang/String;
    ARETURN
   L1
    LOCALVARIABLE this Lcom/examples/with/different/packagename/testcarver/AbstractConverter; L0 L1 0
    LOCALVARIABLE value Ljava/lang/Object; L0 L1 1
    MAXSTACK = 1
    MAXLOCALS = 2

  // access flags 0x404
  protected abstract convertToType(Ljava/lang/Class;Ljava/lang/Object;)Ljava/lang/Object; throws java/lang/Throwable

  // access flags 0x4
  protected convertArray(Ljava/lang/Object;)Ljava/lang/Object;
   L0
    LINENUMBER 196 L0
    ALOAD 1
    IFNONNULL L1
   L2
    LINENUMBER 197 L2
    ACONST_NULL
    ARETURN
   L1
    LINENUMBER 199 L1
    ALOAD 1
    INVOKEVIRTUAL java/lang/Object.getClass ()Ljava/lang/Class;
    INVOKEVIRTUAL java/lang/Class.isArray ()Z
    IFEQ L3
   L4
    LINENUMBER 200 L4
    ALOAD 1
    INVOKESTATIC java/lang/reflect/Array.getLength (Ljava/lang/Object;)I
    IFLE L5
   L6
    LINENUMBER 201 L6
    ALOAD 1
    ICONST_0
    INVOKESTATIC java/lang/reflect/Array.get (Ljava/lang/Object;I)Ljava/lang/Object;
    ARETURN
   L5
    LINENUMBER 203 L5
    ACONST_NULL
    ARETURN
   L3
    LINENUMBER 206 L3
    ALOAD 1
    INSTANCEOF java/util/Collection
    IFEQ L7
   L8
    LINENUMBER 207 L8
    ALOAD 1
    CHECKCAST java/util/Collection
    ASTORE 2
   L9
    LINENUMBER 208 L9
    ALOAD 2
    INVOKEINTERFACE java/util/Collection.size ()I (itf)
    IFLE L10
   L11
    LINENUMBER 209 L11
    ALOAD 2
    INVOKEINTERFACE java/util/Collection.iterator ()Ljava/util/Iterator; (itf)
    INVOKEINTERFACE java/util/Iterator.next ()Ljava/lang/Object; (itf)
    ARETURN
   L10
    LINENUMBER 211 L10
    ACONST_NULL
    ARETURN
   L7
    LINENUMBER 214 L7
    ALOAD 1
    ARETURN
   L12
    LOCALVARIABLE collection Ljava/util/Collection; L9 L7 2
    LOCALVARIABLE this Lcom/examples/with/different/packagename/testcarver/AbstractConverter; L0 L12 0
    LOCALVARIABLE value Ljava/lang/Object; L0 L12 1
    MAXSTACK = 2
    MAXLOCALS = 3

  // access flags 0x4
  protected handleError(Ljava/lang/Class;Ljava/lang/Object;Ljava/lang/Throwable;)Ljava/lang/Object;
   L0
    LINENUMBER 231 L0
    ALOAD 0
    GETFIELD com/examples/with/different/packagename/testcarver/AbstractConverter.useDefault : Z
    IFEQ L1
   L2
    LINENUMBER 232 L2
    ALOAD 0
    ALOAD 1
    INVOKEVIRTUAL com/examples/with/different/packagename/testcarver/AbstractConverter.handleMissing (Ljava/lang/Class;)Ljava/lang/Object;
    ARETURN
   L1
    LINENUMBER 235 L1
    ACONST_NULL
    ASTORE 4
   L3
    LINENUMBER 236 L3
    ALOAD 3
    INSTANCEOF com/examples/with/different/packagename/testcarver/ConversionException
    IFEQ L4
   L5
    LINENUMBER 237 L5
    ALOAD 3
    CHECKCAST com/examples/with/different/packagename/testcarver/ConversionException
    ASTORE 4
    GOTO L6
   L4
    LINENUMBER 239 L4
    NEW java/lang/StringBuilder
    DUP
    INVOKESPECIAL java/lang/StringBuilder.<init> ()V
    LDC "Error converting from '"
    INVOKEVIRTUAL java/lang/StringBuilder.append (Ljava/lang/String;)Ljava/lang/StringBuilder;
    ALOAD 0
    ALOAD 2
    INVOKEVIRTUAL java/lang/Object.getClass ()Ljava/lang/Class;
    INVOKEVIRTUAL com/examples/with/different/packagename/testcarver/AbstractConverter.toString (Ljava/lang/Class;)Ljava/lang/String;
    INVOKEVIRTUAL java/lang/StringBuilder.append (Ljava/lang/String;)Ljava/lang/StringBuilder;
    LDC "' to '"
    INVOKEVIRTUAL java/lang/StringBuilder.append (Ljava/lang/String;)Ljava/lang/StringBuilder;
    ALOAD 0
    ALOAD 1
   L7
    LINENUMBER 240 L7
    INVOKEVIRTUAL com/examples/with/different/packagename/testcarver/AbstractConverter.toString (Ljava/lang/Class;)Ljava/lang/String;
    INVOKEVIRTUAL java/lang/StringBuilder.append (Ljava/lang/String;)Ljava/lang/StringBuilder;
    LDC "' "
    INVOKEVIRTUAL java/lang/StringBuilder.append (Ljava/lang/String;)Ljava/lang/StringBuilder;
    ALOAD 3
    INVOKEVIRTUAL java/lang/Throwable.getMessage ()Ljava/lang/String;
    INVOKEVIRTUAL java/lang/StringBuilder.append (Ljava/lang/String;)Ljava/lang/StringBuilder;
    INVOKEVIRTUAL java/lang/StringBuilder.toString ()Ljava/lang/String;
    ASTORE 5
   L8
    LINENUMBER 241 L8
    NEW com/examples/with/different/packagename/testcarver/ConversionException
    DUP
    ALOAD 5
    ALOAD 3
    INVOKESPECIAL com/examples/with/different/packagename/testcarver/ConversionException.<init> (Ljava/lang/String;Ljava/lang/Throwable;)V
    ASTORE 4
   L6
    LINENUMBER 245 L6
    ALOAD 4
    ATHROW
   L9
    LOCALVARIABLE msg Ljava/lang/String; L8 L6 5
    LOCALVARIABLE this Lcom/examples/with/different/packagename/testcarver/AbstractConverter; L0 L9 0
    LOCALVARIABLE type Ljava/lang/Class; L0 L9 1
    LOCALVARIABLE value Ljava/lang/Object; L0 L9 2
    LOCALVARIABLE cause Ljava/lang/Throwable; L0 L9 3
    LOCALVARIABLE cex Lcom/examples/with/different/packagename/testcarver/ConversionException; L3 L9 4
    MAXSTACK = 4
    MAXLOCALS = 6

  // access flags 0x4
  protected handleMissing(Ljava/lang/Class;)Ljava/lang/Object;
    TRYCATCHBLOCK L0 L1 L2 java/lang/Throwable
   L3
    LINENUMBER 262 L3
    ALOAD 0
    GETFIELD com/examples/with/different/packagename/testcarver/AbstractConverter.useDefault : Z
    IFNE L4
    ALOAD 1
    LDC Ljava/lang/String;.class
    INVOKEVIRTUAL java/lang/Object.equals (Ljava/lang/Object;)Z
    IFEQ L5
   L4
    LINENUMBER 263 L4
    ALOAD 0
    ALOAD 1
    INVOKEVIRTUAL com/examples/with/different/packagename/testcarver/AbstractConverter.getDefault (Ljava/lang/Class;)Ljava/lang/Object;
    ASTORE 2
   L6
    LINENUMBER 264 L6
    ALOAD 0
    GETFIELD com/examples/with/different/packagename/testcarver/AbstractConverter.useDefault : Z
    IFEQ L7
    ALOAD 2
    IFNULL L7
    ALOAD 1
    ALOAD 2
    INVOKEVIRTUAL java/lang/Object.getClass ()Ljava/lang/Class;
    INVOKEVIRTUAL java/lang/Object.equals (Ljava/lang/Object;)Z
    IFNE L7
   L0
    LINENUMBER 266 L0
    ALOAD 0
    ALOAD 1
    ALOAD 0
    GETFIELD com/examples/with/different/packagename/testcarver/AbstractConverter.defaultValue : Ljava/lang/Object;
    INVOKEVIRTUAL com/examples/with/different/packagename/testcarver/AbstractConverter.convertToType (Ljava/lang/Class;Ljava/lang/Object;)Ljava/lang/Object;
    ASTORE 2
   L1
    LINENUMBER 270 L1
    GOTO L7
   L2
    LINENUMBER 267 L2
    ASTORE 3
   L8
    LINENUMBER 268 L8
    GETSTATIC java/lang/System.err : Ljava/io/PrintStream;
    NEW java/lang/StringBuilder
    DUP
    INVOKESPECIAL java/lang/StringBuilder.<init> ()V
    LDC "    Default conversion to "
    INVOKEVIRTUAL java/lang/StringBuilder.append (Ljava/lang/String;)Ljava/lang/StringBuilder;
    ALOAD 0
    ALOAD 1
    INVOKEVIRTUAL com/examples/with/different/packagename/testcarver/AbstractConverter.toString (Ljava/lang/Class;)Ljava/lang/String;
    INVOKEVIRTUAL java/lang/StringBuilder.append (Ljava/lang/String;)Ljava/lang/StringBuilder;
    LDC "failed: "
    INVOKEVIRTUAL java/lang/StringBuilder.append (Ljava/lang/String;)Ljava/lang/StringBuilder;
    ALOAD 3
    INVOKEVIRTUAL java/lang/StringBuilder.append (Ljava/lang/Object;)Ljava/lang/StringBuilder;
    INVOKEVIRTUAL java/lang/StringBuilder.toString ()Ljava/lang/String;
    INVOKEVIRTUAL java/io/PrintStream.println (Ljava/lang/String;)V
   L7
    LINENUMBER 272 L7
    ALOAD 2
    ARETURN
   L5
    LINENUMBER 275 L5
    NEW com/examples/with/different/packagename/testcarver/ConversionException
    DUP
    NEW java/lang/StringBuilder
    DUP
    INVOKESPECIAL java/lang/StringBuilder.<init> ()V
    LDC "No value specified for '"
    INVOKEVIRTUAL java/lang/StringBuilder.append (Ljava/lang/String;)Ljava/lang/StringBuilder;
    ALOAD 0
    ALOAD 1
   L9
    LINENUMBER 276 L9
    INVOKEVIRTUAL com/examples/with/different/packagename/testcarver/AbstractConverter.toString (Ljava/lang/Class;)Ljava/lang/String;
    INVOKEVIRTUAL java/lang/StringBuilder.append (Ljava/lang/String;)Ljava/lang/StringBuilder;
    LDC "'"
    INVOKEVIRTUAL java/lang/StringBuilder.append (Ljava/lang/String;)Ljava/lang/StringBuilder;
    INVOKEVIRTUAL java/lang/StringBuilder.toString ()Ljava/lang/String;
    INVOKESPECIAL com/examples/with/different/packagename/testcarver/ConversionException.<init> (Ljava/lang/String;)V
    ASTORE 2
   L10
    LINENUMBER 277 L10
    ALOAD 2
    ATHROW
   L11
    LOCALVARIABLE t Ljava/lang/Throwable; L8 L7 3
    LOCALVARIABLE value Ljava/lang/Object; L6 L5 2
    LOCALVARIABLE this Lcom/examples/with/different/packagename/testcarver/AbstractConverter; L3 L11 0
    LOCALVARIABLE type Ljava/lang/Class; L3 L11 1
    LOCALVARIABLE cex Lcom/examples/with/different/packagename/testcarver/ConversionException; L10 L11 2
    MAXSTACK = 5
    MAXLOCALS = 4

  // access flags 0x4
  protected setDefaultValue(Ljava/lang/Object;)V
   L0
    LINENUMBER 295 L0
    ALOAD 0
    ICONST_0
    PUTFIELD com/examples/with/different/packagename/testcarver/AbstractConverter.useDefault : Z
   L1
    LINENUMBER 296 L1
    ALOAD 1
    IFNONNULL L2
   L3
    LINENUMBER 297 L3
    ALOAD 0
    ACONST_NULL
    PUTFIELD com/examples/with/different/packagename/testcarver/AbstractConverter.defaultValue : Ljava/lang/Object;
    GOTO L4
   L2
    LINENUMBER 299 L2
    ALOAD 0
    ALOAD 0
    ALOAD 0
    INVOKEVIRTUAL com/examples/with/different/packagename/testcarver/AbstractConverter.getDefaultType ()Ljava/lang/Class;
    ALOAD 1
    INVOKEVIRTUAL com/examples/with/different/packagename/testcarver/AbstractConverter.convert (Ljava/lang/Class;Ljava/lang/Object;)Ljava/lang/Object;
    PUTFIELD com/examples/with/different/packagename/testcarver/AbstractConverter.defaultValue : Ljava/lang/Object;
   L4
    LINENUMBER 301 L4
    ALOAD 0
    ICONST_1
    PUTFIELD com/examples/with/different/packagename/testcarver/AbstractConverter.useDefault : Z
   L5
    LINENUMBER 302 L5
    RETURN
   L6
    LOCALVARIABLE this Lcom/examples/with/different/packagename/testcarver/AbstractConverter; L0 L6 0
    LOCALVARIABLE defaultValue Ljava/lang/Object; L0 L6 1
    MAXSTACK = 4
    MAXLOCALS = 2

  // access flags 0x404
  protected abstract getDefaultType()Ljava/lang/Class;

  // access flags 0x4
  protected getDefault(Ljava/lang/Class;)Ljava/lang/Object;
   L0
    LINENUMBER 319 L0
    ALOAD 1
    LDC Ljava/lang/String;.class
    INVOKEVIRTUAL java/lang/Object.equals (Ljava/lang/Object;)Z
    IFEQ L1
   L2
    LINENUMBER 320 L2
    ACONST_NULL
    ARETURN
   L1
    LINENUMBER 322 L1
    ALOAD 0
    GETFIELD com/examples/with/different/packagename/testcarver/AbstractConverter.defaultValue : Ljava/lang/Object;
    ARETURN
   L3
    LOCALVARIABLE this Lcom/examples/with/different/packagename/testcarver/AbstractConverter; L0 L3 0
    LOCALVARIABLE type Ljava/lang/Class; L0 L3 1
    MAXSTACK = 2
    MAXLOCALS = 2

  // access flags 0x2
  private _sw_prototype_original_toString()Ljava/lang/String;
   L0
    LINENUMBER 332 L0
    NEW java/lang/StringBuilder
    DUP
    INVOKESPECIAL java/lang/StringBuilder.<init> ()V
    ALOAD 0
    ALOAD 0
    INVOKEVIRTUAL java/lang/Object.getClass ()Ljava/lang/Class;
    INVOKEVIRTUAL com/examples/with/different/packagename/testcarver/AbstractConverter.toString (Ljava/lang/Class;)Ljava/lang/String;
    INVOKEVIRTUAL java/lang/StringBuilder.append (Ljava/lang/String;)Ljava/lang/StringBuilder;
    LDC "[UseDefault="
    INVOKEVIRTUAL java/lang/StringBuilder.append (Ljava/lang/String;)Ljava/lang/StringBuilder;
    ALOAD 0
    DUP
    GETFIELD com/examples/with/different/packagename/testcarver/AbstractConverter.useDefault : Z
    SWAP
    LDC -2147483610
    LDC "com/examples/with/different/packagename/testcarver/AbstractConverter"
    LDC "useDefault"
    LDC "Z"
    INVOKESTATIC org/evosuite/testcarver/capture/FieldRegistry.notifyReadAccess (Ljava/lang/Object;ILjava/lang/String;Ljava/lang/String;Ljava/lang/String;)V
    INVOKEVIRTUAL java/lang/StringBuilder.append (Z)Ljava/lang/StringBuilder;
    LDC "]"
    INVOKEVIRTUAL java/lang/StringBuilder.append (Ljava/lang/String;)Ljava/lang/StringBuilder;
    INVOKEVIRTUAL java/lang/StringBuilder.toString ()Ljava/lang/String;
    ARETURN
   L1
    LOCALVARIABLE this Lcom/examples/with/different/packagename/testcarver/AbstractConverter; L0 L1 0
    MAXSTACK = 7
    MAXLOCALS = 1

  // access flags 0x0
  primitive(Ljava/lang/Class;)Ljava/lang/Class;
   L0
    LINENUMBER 344 L0
    ALOAD 1
    IFNULL L1
    ALOAD 1
    INVOKEVIRTUAL java/lang/Class.isPrimitive ()Z
    IFNE L2
   L1
    LINENUMBER 345 L1
    ALOAD 1
    ARETURN
   L2
    LINENUMBER 348 L2
    ALOAD 1
    GETSTATIC java/lang/Integer.TYPE : Ljava/lang/Class;
    IF_ACMPNE L3
   L4
    LINENUMBER 349 L4
    LDC Ljava/lang/Integer;.class
    ARETURN
   L3
    LINENUMBER 350 L3
    ALOAD 1
    GETSTATIC java/lang/Double.TYPE : Ljava/lang/Class;
    IF_ACMPNE L5
   L6
    LINENUMBER 351 L6
    LDC Ljava/lang/Double;.class
    ARETURN
   L5
    LINENUMBER 352 L5
    ALOAD 1
    GETSTATIC java/lang/Long.TYPE : Ljava/lang/Class;
    IF_ACMPNE L7
   L8
    LINENUMBER 353 L8
    LDC Ljava/lang/Long;.class
    ARETURN
   L7
    LINENUMBER 354 L7
    ALOAD 1
    GETSTATIC java/lang/Boolean.TYPE : Ljava/lang/Class;
    IF_ACMPNE L9
   L10
    LINENUMBER 355 L10
    LDC Ljava/lang/Boolean;.class
    ARETURN
   L9
    LINENUMBER 356 L9
    ALOAD 1
    GETSTATIC java/lang/Float.TYPE : Ljava/lang/Class;
    IF_ACMPNE L11
   L12
    LINENUMBER 357 L12
    LDC Ljava/lang/Float;.class
    ARETURN
   L11
    LINENUMBER 358 L11
    ALOAD 1
    GETSTATIC java/lang/Short.TYPE : Ljava/lang/Class;
    IF_ACMPNE L13
   L14
    LINENUMBER 359 L14
    LDC Ljava/lang/Short;.class
    ARETURN
   L13
    LINENUMBER 360 L13
    ALOAD 1
    GETSTATIC java/lang/Byte.TYPE : Ljava/lang/Class;
    IF_ACMPNE L15
   L16
    LINENUMBER 361 L16
    LDC Ljava/lang/Byte;.class
    ARETURN
   L15
    LINENUMBER 362 L15
    ALOAD 1
    GETSTATIC java/lang/Character.TYPE : Ljava/lang/Class;
    IF_ACMPNE L17
   L18
    LINENUMBER 363 L18
    LDC Ljava/lang/Character;.class
    ARETURN
   L17
    LINENUMBER 365 L17
    ALOAD 1
    ARETURN
   L19
    LOCALVARIABLE this Lcom/examples/with/different/packagename/testcarver/AbstractConverter; L0 L19 0
    LOCALVARIABLE type Ljava/lang/Class; L0 L19 1
    MAXSTACK = 2
    MAXLOCALS = 2

  // access flags 0x0
  toString(Ljava/lang/Class;)Ljava/lang/String;
   L0
    LINENUMBER 376 L0
    ACONST_NULL
    ASTORE 2
   L1
    LINENUMBER 377 L1
    ALOAD 1
    IFNONNULL L2
   L3
    LINENUMBER 378 L3
    LDC "null"
    ASTORE 2
    GOTO L4
   L2
    LINENUMBER 379 L2
    ALOAD 1
    INVOKEVIRTUAL java/lang/Class.isArray ()Z
    IFEQ L5
   L6
    LINENUMBER 380 L6
    ALOAD 1
    INVOKEVIRTUAL java/lang/Class.getComponentType ()Ljava/lang/Class;
    ASTORE 3
   L7
    LINENUMBER 381 L7
    ICONST_1
    ISTORE 4
   L8
    LINENUMBER 382 L8
    ALOAD 3
    INVOKEVIRTUAL java/lang/Class.isArray ()Z
    IFEQ L9
   L10
    LINENUMBER 383 L10
    ALOAD 3
    INVOKEVIRTUAL java/lang/Class.getComponentType ()Ljava/lang/Class;
    ASTORE 3
   L11
    LINENUMBER 384 L11
    IINC 4 1
    GOTO L8
   L9
    LINENUMBER 386 L9
    ALOAD 3
    INVOKEVIRTUAL java/lang/Class.getName ()Ljava/lang/String;
    ASTORE 2
   L12
    LINENUMBER 387 L12
    ICONST_0
    ISTORE 5
   L13
    ILOAD 5
    ILOAD 4
    IF_ICMPGE L14
   L15
    LINENUMBER 388 L15
    NEW java/lang/StringBuilder
    DUP
    INVOKESPECIAL java/lang/StringBuilder.<init> ()V
    ALOAD 2
    INVOKEVIRTUAL java/lang/StringBuilder.append (Ljava/lang/String;)Ljava/lang/StringBuilder;
    LDC "[]"
    INVOKEVIRTUAL java/lang/StringBuilder.append (Ljava/lang/String;)Ljava/lang/StringBuilder;
    INVOKEVIRTUAL java/lang/StringBuilder.toString ()Ljava/lang/String;
    ASTORE 2
   L16
    LINENUMBER 387 L16
    IINC 5 1
    GOTO L13
   L14
    LINENUMBER 390 L14
    GOTO L4
   L5
    LINENUMBER 391 L5
    ALOAD 1
    INVOKEVIRTUAL java/lang/Class.getName ()Ljava/lang/String;
    ASTORE 2
   L4
    LINENUMBER 393 L4
    ALOAD 2
    LDC "java.lang."
    INVOKEVIRTUAL java/lang/String.startsWith (Ljava/lang/String;)Z
    IFNE L17
    ALOAD 2
    LDC "java.util."
   L18
    LINENUMBER 394 L18
    INVOKEVIRTUAL java/lang/String.startsWith (Ljava/lang/String;)Z
    IFNE L17
    ALOAD 2
    LDC "java.math."
   L19
    LINENUMBER 395 L19
    INVOKEVIRTUAL java/lang/String.startsWith (Ljava/lang/String;)Z
    IFEQ L20
   L17
    LINENUMBER 396 L17
    ALOAD 2
    LDC "java.lang."
    INVOKEVIRTUAL java/lang/String.length ()I
    INVOKEVIRTUAL java/lang/String.substring (I)Ljava/lang/String;
    ASTORE 2
    GOTO L21
   L20
    LINENUMBER 397 L20
    ALOAD 2
    LDC "org.apache.commons.beanutils.converters."
    INVOKEVIRTUAL java/lang/String.startsWith (Ljava/lang/String;)Z
    IFEQ L21
   L22
    LINENUMBER 398 L22
    ALOAD 2
    LDC "org.apache.commons.beanutils.converters."
    INVOKEVIRTUAL java/lang/String.length ()I
    INVOKEVIRTUAL java/lang/String.substring (I)Ljava/lang/String;
    ASTORE 2
   L21
    LINENUMBER 400 L21
    ALOAD 2
    ARETURN
   L23
    LOCALVARIABLE i I L13 L14 5
    LOCALVARIABLE elementType Ljava/lang/Class; L7 L14 3
    LOCALVARIABLE count I L8 L14 4
    LOCALVARIABLE this Lcom/examples/with/different/packagename/testcarver/AbstractConverter; L0 L23 0
    LOCALVARIABLE type Ljava/lang/Class; L0 L23 1
    LOCALVARIABLE typeName Ljava/lang/String; L1 L23 2
    MAXSTACK = 2
    MAXLOCALS = 6

  // access flags 0x1
  public isUseDefault()Z
    TRYCATCHBLOCK L0 L1 L2 java/lang/Throwable
    ACONST_NULL
    ASTORE 1
   L0
    LDC -2147483612
    ALOAD 0
    LDC "isUseDefault"
    LDC "()Z"
    BIPUSH 0
    ANEWARRAY java/lang/Object
    INVOKESTATIC org/evosuite/testcarver/capture/Capturer.capture (ILjava/lang/Object;Ljava/lang/String;Ljava/lang/String;[Ljava/lang/Object;)V
    ALOAD 0
    INVOKEVIRTUAL com/examples/with/different/packagename/testcarver/AbstractConverter._sw_prototype_original_isUseDefault ()Z
    INVOKESTATIC java/lang/Boolean.valueOf (Z)Ljava/lang/Boolean;
    ASTORE 1
    ALOAD 1
    INVOKEVIRTUAL java/lang/Boolean.booleanValue ()Z
    ISTORE 3
   L1
    LDC -2147483612
    ALOAD 0
    ALOAD 1
    INVOKESTATIC org/evosuite/testcarver/capture/Capturer.enable (ILjava/lang/Object;Ljava/lang/Object;)V
    ILOAD 3
    IRETURN
   L2
   FRAME FULL [com/examples/with/different/packagename/testcarver/AbstractConverter java/lang/Boolean] [java/lang/Throwable]
    ASTORE 2
    LDC -2147483612
    ALOAD 0
    ALOAD 1
    INVOKESTATIC org/evosuite/testcarver/capture/Capturer.enable (ILjava/lang/Object;Ljava/lang/Object;)V
    ALOAD 2
    ATHROW
    MAXSTACK = 5
    MAXLOCALS = 0

  // access flags 0x1
  public convert(Ljava/lang/Class;Ljava/lang/Object;)Ljava/lang/Object;
    TRYCATCHBLOCK L0 L1 L2 java/lang/Throwable
    ACONST_NULL
    ASTORE 3
   L0
    LDC -2147483611
    ALOAD 0
    LDC "convert"
    LDC "(Ljava/lang/Class;Ljava/lang/Object;)Ljava/lang/Object;"
    BIPUSH 2
    ANEWARRAY java/lang/Object
    DUP
    BIPUSH 0
    ALOAD 1
    AASTORE
    DUP
    BIPUSH 1
    ALOAD 2
    AASTORE
    INVOKESTATIC org/evosuite/testcarver/capture/Capturer.capture (ILjava/lang/Object;Ljava/lang/String;Ljava/lang/String;[Ljava/lang/Object;)V
    ALOAD 0
    ALOAD 1
    ALOAD 2
    INVOKEVIRTUAL com/examples/with/different/packagename/testcarver/AbstractConverter._sw_prototype_original_convert (Ljava/lang/Class;Ljava/lang/Object;)Ljava/lang/Object;
    ASTORE 3
    ALOAD 3
    ASTORE 5
   L1
    LDC -2147483611
    ALOAD 0
    ALOAD 3
    INVOKESTATIC org/evosuite/testcarver/capture/Capturer.enable (ILjava/lang/Object;Ljava/lang/Object;)V
    ALOAD 5
    ARETURN
   L2
   FRAME FULL [com/examples/with/different/packagename/testcarver/AbstractConverter java/lang/Object] [java/lang/Throwable]
    ASTORE 4
    LDC -2147483611
    ALOAD 0
    ALOAD 3
    INVOKESTATIC org/evosuite/testcarver/capture/Capturer.enable (ILjava/lang/Object;Ljava/lang/Object;)V
    ALOAD 4
    ATHROW
    MAXSTACK = 8
    MAXLOCALS = 0

  // access flags 0x1
  public toString()Ljava/lang/String;
    TRYCATCHBLOCK L0 L1 L2 java/lang/Throwable
    ACONST_NULL
    ASTORE 1
   L0
    LDC -2147483609
    ALOAD 0
    LDC "toString"
    LDC "()Ljava/lang/String;"
    BIPUSH 0
    ANEWARRAY java/lang/Object
    INVOKESTATIC org/evosuite/testcarver/capture/Capturer.capture (ILjava/lang/Object;Ljava/lang/String;Ljava/lang/String;[Ljava/lang/Object;)V
    ALOAD 0
    INVOKEVIRTUAL com/examples/with/different/packagename/testcarver/AbstractConverter._sw_prototype_original_toString ()Ljava/lang/String;
    ASTORE 1
    ALOAD 1
    ASTORE 3
   L1
    LDC -2147483609
    ALOAD 0
    ALOAD 1
    INVOKESTATIC org/evosuite/testcarver/capture/Capturer.enable (ILjava/lang/Object;Ljava/lang/Object;)V
    ALOAD 3
    ARETURN
   L2
   FRAME FULL [com/examples/with/different/packagename/testcarver/AbstractConverter java/lang/String] [java/lang/Throwable]
    ASTORE 2
    LDC -2147483609
    ALOAD 0
    ALOAD 1
    INVOKESTATIC org/evosuite/testcarver/capture/Capturer.enable (ILjava/lang/Object;Ljava/lang/Object;)V
    ALOAD 2
    ATHROW
    MAXSTACK = 7
    MAXLOCALS = 0
}
INFO  org.evosuite.testcarver.extraction.CarvingClassLoader - Seeing class for first time: com.examples.with.different.packagename.testcarver.Converter
WARN  org.evosuite.testcarver.extraction.CarvingClassLoader - Instrumenting class 'com.examples.with.different.packagename.testcarver.Converter'.
INFO  org.evosuite.testcarver.extraction.CarvingClassLoader - Keeping class: com.examples.with.different.packagename.testcarver.Converter
INFO  org.evosuite.testcarver.extraction.CarvingClassLoader - Keeping class: com.examples.with.different.packagename.testcarver.AbstractConverter
INFO  org.evosuite.testcarver.extraction.CarvingClassLoader - Keeping class: com.examples.with.different.packagename.testcarver.DateTimeConverter
INFO  org.evosuite.testcarver.extraction.CarvingClassLoader - Keeping class: com.examples.with.different.packagename.testcarver.DateConverter
INFO  org.evosuite.testcarver.extraction.CarvingClassLoader - Seeing class for first time: com.examples.with.different.packagename.testcarver.DateConverterTest5
WARN  org.evosuite.testcarver.extraction.CarvingClassLoader - Instrumenting class 'com.examples.with.different.packagename.testcarver.DateConverterTest5'.
INFO  org.evosuite.testcarver.instrument.Instrumenter - Checking package com.examples.with.different.packagename.testcarver for class com/examples/with/different/packagename/testcarver/DateConverterTest5
// class version 52.0 (52)
// access flags 0x21
public class com/examples/with/different/packagename/testcarver/DateConverterTest5 {

  // compiled from: DateConverterTest5.java

  // access flags 0x2
  private _sw_prototype_original_init_sw_prototype_original_()V
    ALOAD 0
    INVOKESTATIC org/evosuite/testcarver/capture/FieldRegistry.register (Ljava/lang/Object;)V
    RETURN
   L0
    LOCALVARIABLE this Lcom/examples/with/different/packagename/testcarver/DateConverterTest5; L1 L0 0
    MAXSTACK = 5
    MAXLOCALS = 1

  // access flags 0x4
  protected makeConverter()Lcom/examples/with/different/packagename/testcarver/DateTimeConverter;
   L0
    LINENUMBER 41 L0
    NEW com/examples/with/different/packagename/testcarver/DateConverter
    DUP
    INVOKESPECIAL com/examples/with/different/packagename/testcarver/DateConverter.<init> ()V
    ARETURN
   L1
    LOCALVARIABLE this Lcom/examples/with/different/packagename/testcarver/DateConverterTest5; L0 L1 0
    MAXSTACK = 2
    MAXLOCALS = 1

  // access flags 0x4
  protected makeConverter(Ljava/lang/Object;)Lcom/examples/with/different/packagename/testcarver/DateTimeConverter;
   L0
    LINENUMBER 51 L0
    NEW com/examples/with/different/packagename/testcarver/DateConverter
    DUP
    ALOAD 1
    INVOKESPECIAL com/examples/with/different/packagename/testcarver/DateConverter.<init> (Ljava/lang/Object;)V
    ARETURN
   L1
    LOCALVARIABLE this Lcom/examples/with/different/packagename/testcarver/DateConverterTest5; L0 L1 0
    LOCALVARIABLE defaultValue Ljava/lang/Object; L0 L1 1
    MAXSTACK = 3
    MAXLOCALS = 2

  // access flags 0x4
  // signature ()Ljava/lang/Class<*>;
  // declaration: java.lang.Class<?> getExpectedType()
  protected getExpectedType()Ljava/lang/Class;
   L0
    LINENUMBER 60 L0
    LDC Ljava/util/Date;.class
    ARETURN
   L1
    LOCALVARIABLE this Lcom/examples/with/different/packagename/testcarver/DateConverterTest5; L0 L1 0
    MAXSTACK = 1
    MAXLOCALS = 1

  // access flags 0x0
  getTimeInMillis(Ljava/lang/Object;)J
   L0
    LINENUMBER 71 L0
    ALOAD 1
    INSTANCEOF java/sql/Timestamp
    IFEQ L1
   L2
    LINENUMBER 76 L2
    ALOAD 1
    CHECKCAST java/sql/Timestamp
    ASTORE 2
   L3
    LINENUMBER 77 L3
    ALOAD 2
    INVOKEVIRTUAL java/sql/Timestamp.getTime ()J
    LDC 1000L
    LDIV
    LDC 1000L
    LMUL
    LSTORE 3
   L4
    LINENUMBER 78 L4
    LLOAD 3
    ALOAD 2
    INVOKEVIRTUAL java/sql/Timestamp.getNanos ()I
    LDC 1000000
    IDIV
    I2L
    LADD
    LSTORE 3
   L5
    LINENUMBER 79 L5
    LLOAD 3
    LRETURN
   L1
    LINENUMBER 82 L1
    ALOAD 1
    INSTANCEOF java/util/Calendar
    IFEQ L6
   L7
    LINENUMBER 83 L7
    ALOAD 1
    CHECKCAST org/evosuite/testcarver/wrapper/java/util/Calendar
    INVOKESTATIC org/evosuite/testcarver/wrapper/java/util/Calendar.getTime (Ljava/util/Calendar;)Ljava/util/Date;
    INVOKEVIRTUAL java/util/Date.getTime ()J
    LRETURN
   L6
    LINENUMBER 85 L6
    ALOAD 1
    CHECKCAST org/evosuite/testcarver/wrapper/java/util/Date
    INVOKEVIRTUAL java/util/Date.getTime ()J
    LRETURN
   L8
    LOCALVARIABLE timestamp Ljava/sql/Timestamp; L3 L1 2
    LOCALVARIABLE timeInMillis J L4 L1 3
    LOCALVARIABLE this Lcom/examples/with/different/packagename/testcarver/DateConverterTest5; L0 L8 0
    LOCALVARIABLE date Ljava/lang/Object; L0 L8 1
    MAXSTACK = 4
    MAXLOCALS = 5

  // access flags 0x0
  toCalendar(Ljava/lang/String;Ljava/lang/String;Ljava/util/Locale;)Ljava/util/Calendar;
    TRYCATCHBLOCK L0 L1 L2 java/lang/Exception
   L3
    LINENUMBER 98 L3
    ACONST_NULL
    ASTORE 4
   L0
    LINENUMBER 100 L0
    ALOAD 3
    IFNONNULL L4
   L5
    LINENUMBER 101 L5
    NEW org/evosuite/testcarver/wrapper/java/text/SimpleDateFormat
    DUP
    ALOAD 2
    INVOKESPECIAL org/evosuite/testcarver/wrapper/java/text/SimpleDateFormat.<init> (Ljava/lang/String;)V
    GOTO L6
   L4
    LINENUMBER 102 L4
    NEW org/evosuite/testcarver/wrapper/java/text/SimpleDateFormat
    DUP
    ALOAD 2
    ALOAD 3
    INVOKESPECIAL org/evosuite/testcarver/wrapper/java/text/SimpleDateFormat.<init> (Ljava/lang/String;Ljava/util/Locale;)V
   L6
    ASTORE 5
   L7
    LINENUMBER 103 L7
    ALOAD 5
    ICONST_0
    INVOKEVIRTUAL java/text/DateFormat.setLenient (Z)V
   L8
    LINENUMBER 104 L8
    ALOAD 5
    ALOAD 1
    INVOKEVIRTUAL java/text/DateFormat.parse (Ljava/lang/String;)Ljava/util/Date;
    POP
   L9
    LINENUMBER 105 L9
    ALOAD 5
    INVOKEVIRTUAL java/text/DateFormat.getCalendar ()Ljava/util/Calendar;
    ASTORE 4
   L1
    LINENUMBER 109 L1
    GOTO L10
   L2
    LINENUMBER 106 L2
    ASTORE 5
   L11
    LINENUMBER 107 L11
    NEW java/lang/StringBuilder
    DUP
    INVOKESPECIAL java/lang/StringBuilder.<init> ()V
    LDC "Error creating Calendar value ='"
    INVOKEVIRTUAL java/lang/StringBuilder.append (Ljava/lang/String;)Ljava/lang/StringBuilder;
    ALOAD 1
    INVOKEVIRTUAL java/lang/StringBuilder.append (Ljava/lang/String;)Ljava/lang/StringBuilder;
    LDC ", pattern='"
    INVOKEVIRTUAL java/lang/StringBuilder.append (Ljava/lang/String;)Ljava/lang/StringBuilder;
    ALOAD 2
    INVOKEVIRTUAL java/lang/StringBuilder.append (Ljava/lang/String;)Ljava/lang/StringBuilder;
    LDC "' "
    INVOKEVIRTUAL java/lang/StringBuilder.append (Ljava/lang/String;)Ljava/lang/StringBuilder;
    ALOAD 5
   L12
    LINENUMBER 108 L12
    INVOKEVIRTUAL java/lang/Exception.toString ()Ljava/lang/String;
    INVOKEVIRTUAL java/lang/StringBuilder.append (Ljava/lang/String;)Ljava/lang/StringBuilder;
    INVOKEVIRTUAL java/lang/StringBuilder.toString ()Ljava/lang/String;
   L13
    LINENUMBER 107 L13
    INVOKESTATIC org/junit/Assert.fail (Ljava/lang/String;)V
   L10
    LINENUMBER 110 L10
    ALOAD 4
    ARETURN
   L14
    LOCALVARIABLE format Ljava/text/DateFormat; L7 L1 5
    LOCALVARIABLE e Ljava/lang/Exception; L11 L10 5
    LOCALVARIABLE this Lcom/examples/with/different/packagename/testcarver/DateConverterTest5; L3 L14 0
    LOCALVARIABLE value Ljava/lang/String; L3 L14 1
    LOCALVARIABLE pattern Ljava/lang/String; L3 L14 2
    LOCALVARIABLE locale Ljava/util/Locale; L3 L14 3
    LOCALVARIABLE calendar Ljava/util/Calendar; L0 L14 4
    MAXSTACK = 4
    MAXLOCALS = 6

  // access flags 0x0
  toDate(Ljava/util/Calendar;)Ljava/util/Date;
   L0
    LINENUMBER 120 L0
    ALOAD 1
    INVOKESTATIC org/evosuite/testcarver/wrapper/java/util/Calendar.getTime (Ljava/util/Calendar;)Ljava/util/Date;
    ARETURN
   L1
    LOCALVARIABLE this Lcom/examples/with/different/packagename/testcarver/DateConverterTest5; L0 L1 0
    LOCALVARIABLE calendar Ljava/util/Calendar; L0 L1 1
    MAXSTACK = 1
    MAXLOCALS = 2

  // access flags 0x0
  toType(Ljava/lang/String;Ljava/lang/String;Ljava/util/Locale;)Ljava/lang/Object;
   L0
    LINENUMBER 132 L0
    ALOAD 0
    ALOAD 1
    ALOAD 2
    ALOAD 3
    INVOKEVIRTUAL com/examples/with/different/packagename/testcarver/DateConverterTest5.toCalendar (Ljava/lang/String;Ljava/lang/String;Ljava/util/Locale;)Ljava/util/Calendar;
    ASTORE 4
   L1
    LINENUMBER 133 L1
    ALOAD 0
    ALOAD 4
    INVOKEVIRTUAL com/examples/with/different/packagename/testcarver/DateConverterTest5.toType (Ljava/util/Calendar;)Ljava/lang/Object;
    ARETURN
   L2
    LOCALVARIABLE this Lcom/examples/with/different/packagename/testcarver/DateConverterTest5; L0 L2 0
    LOCALVARIABLE value Ljava/lang/String; L0 L2 1
    LOCALVARIABLE pattern Ljava/lang/String; L0 L2 2
    LOCALVARIABLE locale Ljava/util/Locale; L0 L2 3
    LOCALVARIABLE calendar Ljava/util/Calendar; L1 L2 4
    MAXSTACK = 4
    MAXLOCALS = 5

  // access flags 0x4
  protected toType(Ljava/util/Calendar;)Ljava/lang/Object;
   L0
    LINENUMBER 143 L0
    ALOAD 1
    INVOKESTATIC org/evosuite/testcarver/wrapper/java/util/Calendar.getTime (Ljava/util/Calendar;)Ljava/util/Date;
    ARETURN
   L1
    LOCALVARIABLE this Lcom/examples/with/different/packagename/testcarver/DateConverterTest5; L0 L1 0
    LOCALVARIABLE value Ljava/util/Calendar; L0 L1 1
    MAXSTACK = 1
    MAXLOCALS = 2

  // access flags 0x0
  toSqlDate(Ljava/util/Calendar;)Ljava/sql/Date;
   L0
    LINENUMBER 153 L0
    NEW java/sql/Date
    DUP
    ALOAD 0
    ALOAD 1
    INVOKEVIRTUAL com/examples/with/different/packagename/testcarver/DateConverterTest5.getTimeInMillis (Ljava/lang/Object;)J
    INVOKESPECIAL java/sql/Date.<init> (J)V
    ARETURN
   L1
    LOCALVARIABLE this Lcom/examples/with/different/packagename/testcarver/DateConverterTest5; L0 L1 0
    LOCALVARIABLE calendar Ljava/util/Calendar; L0 L1 1
    MAXSTACK = 4
    MAXLOCALS = 2

  // access flags 0x0
  toSqlTime(Ljava/util/Calendar;)Ljava/sql/Time;
   L0
    LINENUMBER 163 L0
    NEW java/sql/Time
    DUP
    ALOAD 0
    ALOAD 1
    INVOKEVIRTUAL com/examples/with/different/packagename/testcarver/DateConverterTest5.getTimeInMillis (Ljava/lang/Object;)J
    INVOKESPECIAL java/sql/Time.<init> (J)V
    ARETURN
   L1
    LOCALVARIABLE this Lcom/examples/with/different/packagename/testcarver/DateConverterTest5; L0 L1 0
    LOCALVARIABLE calendar Ljava/util/Calendar; L0 L1 1
    MAXSTACK = 4
    MAXLOCALS = 2

  // access flags 0x0
  toSqlTimestamp(Ljava/util/Calendar;)Ljava/sql/Timestamp;
   L0
    LINENUMBER 173 L0
    NEW java/sql/Timestamp
    DUP
    ALOAD 0
    ALOAD 1
    INVOKEVIRTUAL com/examples/with/different/packagename/testcarver/DateConverterTest5.getTimeInMillis (Ljava/lang/Object;)J
    INVOKESPECIAL java/sql/Timestamp.<init> (J)V
    ARETURN
   L1
    LOCALVARIABLE this Lcom/examples/with/different/packagename/testcarver/DateConverterTest5; L0 L1 0
    LOCALVARIABLE calendar Ljava/util/Calendar; L0 L1 1
    MAXSTACK = 4
    MAXLOCALS = 2

  // access flags 0x0
  stringConversion(Lcom/examples/with/different/packagename/testcarver/Converter;Ljava/lang/String;Ljava/lang/Object;)V
    TRYCATCHBLOCK L0 L1 L2 java/lang/Exception
   L3
    LINENUMBER 185 L3
    ALOAD 3
    IFNONNULL L4
    LDC "null"
    GOTO L5
   L4
    ALOAD 3
    INVOKEVIRTUAL java/lang/Object.getClass ()Ljava/lang/Class;
    INVOKEVIRTUAL java/lang/Class.getName ()Ljava/lang/String;
   L5
    ASTORE 4
   L6
    LINENUMBER 186 L6
    NEW java/lang/StringBuilder
    DUP
    INVOKESPECIAL java/lang/StringBuilder.<init> ()V
    LDC "Converting '"
    INVOKEVIRTUAL java/lang/StringBuilder.append (Ljava/lang/String;)Ljava/lang/StringBuilder;
    ALOAD 4
    INVOKEVIRTUAL java/lang/StringBuilder.append (Ljava/lang/String;)Ljava/lang/StringBuilder;
    LDC "' value '"
    INVOKEVIRTUAL java/lang/StringBuilder.append (Ljava/lang/String;)Ljava/lang/StringBuilder;
    ALOAD 3
    INVOKEVIRTUAL java/lang/StringBuilder.append (Ljava/lang/Object;)Ljava/lang/StringBuilder;
    LDC "' to String"
    INVOKEVIRTUAL java/lang/StringBuilder.append (Ljava/lang/String;)Ljava/lang/StringBuilder;
    INVOKEVIRTUAL java/lang/StringBuilder.toString ()Ljava/lang/String;
    ASTORE 5
   L0
    LINENUMBER 188 L0
    ALOAD 1
    LDC Ljava/lang/String;.class
    ALOAD 3
    INVOKEINTERFACE com/examples/with/different/packagename/testcarver/Converter.convert (Ljava/lang/Class;Ljava/lang/Object;)Ljava/lang/Object; (itf)
    ASTORE 6
   L7
    LINENUMBER 189 L7
    ALOAD 6
    IFNONNULL L8
    ACONST_NULL
    GOTO L9
   L8
    ALOAD 6
    INVOKEVIRTUAL java/lang/Object.getClass ()Ljava/lang/Class;
   L9
    ASTORE 7
   L10
    LINENUMBER 190 L10
    ALOAD 2
    IFNONNULL L11
    ACONST_NULL
    GOTO L12
   L11
    ALOAD 2
    INVOKEVIRTUAL java/lang/Object.getClass ()Ljava/lang/Class;
   L12
    ASTORE 8
   L13
    LINENUMBER 191 L13
    NEW java/lang/StringBuilder
    DUP
    INVOKESPECIAL java/lang/StringBuilder.<init> ()V
    LDC "TYPE "
    INVOKEVIRTUAL java/lang/StringBuilder.append (Ljava/lang/String;)Ljava/lang/StringBuilder;
    ALOAD 5
    INVOKEVIRTUAL java/lang/StringBuilder.append (Ljava/lang/String;)Ljava/lang/StringBuilder;
    INVOKEVIRTUAL java/lang/StringBuilder.toString ()Ljava/lang/String;
    ALOAD 8
    ALOAD 7
    INVOKESTATIC org/junit/Assert.assertEquals (Ljava/lang/String;Ljava/lang/Object;Ljava/lang/Object;)V
   L14
    LINENUMBER 192 L14
    NEW java/lang/StringBuilder
    DUP
    INVOKESPECIAL java/lang/StringBuilder.<init> ()V
    LDC "VALUE "
    INVOKEVIRTUAL java/lang/StringBuilder.append (Ljava/lang/String;)Ljava/lang/StringBuilder;
    ALOAD 5
    INVOKEVIRTUAL java/lang/StringBuilder.append (Ljava/lang/String;)Ljava/lang/StringBuilder;
    INVOKEVIRTUAL java/lang/StringBuilder.toString ()Ljava/lang/String;
    ALOAD 2
    ALOAD 6
    INVOKESTATIC org/junit/Assert.assertEquals (Ljava/lang/String;Ljava/lang/Object;Ljava/lang/Object;)V
   L1
    LINENUMBER 195 L1
    GOTO L15
   L2
    LINENUMBER 193 L2
    ASTORE 6
   L16
    LINENUMBER 194 L16
    NEW java/lang/StringBuilder
    DUP
    INVOKESPECIAL java/lang/StringBuilder.<init> ()V
    ALOAD 5
    INVOKEVIRTUAL java/lang/StringBuilder.append (Ljava/lang/String;)Ljava/lang/StringBuilder;
    LDC " threw "
    INVOKEVIRTUAL java/lang/StringBuilder.append (Ljava/lang/String;)Ljava/lang/StringBuilder;
    ALOAD 6
    INVOKEVIRTUAL java/lang/Exception.toString ()Ljava/lang/String;
    INVOKEVIRTUAL java/lang/StringBuilder.append (Ljava/lang/String;)Ljava/lang/StringBuilder;
    INVOKEVIRTUAL java/lang/StringBuilder.toString ()Ljava/lang/String;
    INVOKESTATIC org/junit/Assert.fail (Ljava/lang/String;)V
   L15
    LINENUMBER 196 L15
    RETURN
   L17
    LOCALVARIABLE result Ljava/lang/Object; L7 L1 6
    LOCALVARIABLE resultType Ljava/lang/Class; L10 L1 7
    // signature Ljava/lang/Class<*>;
    // declaration: resultType extends java.lang.Class<?>
    LOCALVARIABLE expectType Ljava/lang/Class; L13 L1 8
    // signature Ljava/lang/Class<*>;
    // declaration: expectType extends java.lang.Class<?>
    LOCALVARIABLE ex Ljava/lang/Exception; L16 L15 6
    LOCALVARIABLE this Lcom/examples/with/different/packagename/testcarver/DateConverterTest5; L3 L17 0
    LOCALVARIABLE converter Lcom/examples/with/different/packagename/testcarver/Converter; L3 L17 1
    LOCALVARIABLE expected Ljava/lang/String; L3 L17 2
    LOCALVARIABLE value Ljava/lang/Object; L3 L17 3
    LOCALVARIABLE valueType Ljava/lang/String; L6 L17 4
    LOCALVARIABLE msg Ljava/lang/String; L0 L17 5
    MAXSTACK = 3
    MAXLOCALS = 9

  // access flags 0x2
  private _sw_prototype_original_testStringConversion()V
   L0
    LINENUMBER 204 L0
    LDC "yyyy-MM-dd"
    ASTORE 1
   L1
    LINENUMBER 207 L1
    ALOAD 0
    INVOKEVIRTUAL com/examples/with/different/packagename/testcarver/DateConverterTest5.makeConverter ()Lcom/examples/with/different/packagename/testcarver/DateTimeConverter;
    ASTORE 2
   L2
    LINENUMBER 208 L2
    ALOAD 2
    ALOAD 1
    INVOKEVIRTUAL com/examples/with/different/packagename/testcarver/DateTimeConverter.setPattern (Ljava/lang/String;)V
   L3
    LINENUMBER 211 L3
    LDC "2006-10-29"
    ASTORE 3
   L4
    LINENUMBER 212 L4
    ALOAD 0
    ALOAD 3
    ALOAD 1
    ACONST_NULL
    INVOKEVIRTUAL com/examples/with/different/packagename/testcarver/DateConverterTest5.toCalendar (Ljava/lang/String;Ljava/lang/String;Ljava/util/Locale;)Ljava/util/Calendar;
    ASTORE 4
   L5
    LINENUMBER 215 L5
    ALOAD 0
    ALOAD 2
    ALOAD 3
    ALOAD 0
    ALOAD 4
    INVOKEVIRTUAL com/examples/with/different/packagename/testcarver/DateConverterTest5.toType (Ljava/util/Calendar;)Ljava/lang/Object;
    INVOKEVIRTUAL com/examples/with/different/packagename/testcarver/DateConverterTest5.stringConversion (Lcom/examples/with/different/packagename/testcarver/Converter;Ljava/lang/String;Ljava/lang/Object;)V
   L6
    LINENUMBER 218 L6
    ALOAD 0
    ALOAD 2
    ALOAD 3
    ALOAD 4
    INVOKEVIRTUAL com/examples/with/different/packagename/testcarver/DateConverterTest5.stringConversion (Lcom/examples/with/different/packagename/testcarver/Converter;Ljava/lang/String;Ljava/lang/Object;)V
   L7
    LINENUMBER 221 L7
    ALOAD 0
    ALOAD 2
    ALOAD 3
    ALOAD 0
    ALOAD 4
    INVOKEVIRTUAL com/examples/with/different/packagename/testcarver/DateConverterTest5.toDate (Ljava/util/Calendar;)Ljava/util/Date;
    INVOKEVIRTUAL com/examples/with/different/packagename/testcarver/DateConverterTest5.stringConversion (Lcom/examples/with/different/packagename/testcarver/Converter;Ljava/lang/String;Ljava/lang/Object;)V
   L8
    LINENUMBER 224 L8
    ALOAD 0
    ALOAD 2
    ALOAD 3
    ALOAD 0
    ALOAD 4
    INVOKEVIRTUAL com/examples/with/different/packagename/testcarver/DateConverterTest5.toSqlDate (Ljava/util/Calendar;)Ljava/sql/Date;
    INVOKEVIRTUAL com/examples/with/different/packagename/testcarver/DateConverterTest5.stringConversion (Lcom/examples/with/different/packagename/testcarver/Converter;Ljava/lang/String;Ljava/lang/Object;)V
   L9
    LINENUMBER 227 L9
    ALOAD 0
    ALOAD 2
    ALOAD 3
    ALOAD 0
    ALOAD 4
    INVOKEVIRTUAL com/examples/with/different/packagename/testcarver/DateConverterTest5.toSqlTimestamp (Ljava/util/Calendar;)Ljava/sql/Timestamp;
    INVOKEVIRTUAL com/examples/with/different/packagename/testcarver/DateConverterTest5.stringConversion (Lcom/examples/with/different/packagename/testcarver/Converter;Ljava/lang/String;Ljava/lang/Object;)V
   L10
    LINENUMBER 230 L10
    ALOAD 0
    ALOAD 2
    ALOAD 3
    ALOAD 0
    ALOAD 4
    INVOKEVIRTUAL com/examples/with/different/packagename/testcarver/DateConverterTest5.toSqlTime (Ljava/util/Calendar;)Ljava/sql/Time;
    INVOKEVIRTUAL com/examples/with/different/packagename/testcarver/DateConverterTest5.stringConversion (Lcom/examples/with/different/packagename/testcarver/Converter;Ljava/lang/String;Ljava/lang/Object;)V
   L11
    LINENUMBER 232 L11
    ALOAD 0
    ALOAD 2
    ACONST_NULL
    ACONST_NULL
    INVOKEVIRTUAL com/examples/with/different/packagename/testcarver/DateConverterTest5.stringConversion (Lcom/examples/with/different/packagename/testcarver/Converter;Ljava/lang/String;Ljava/lang/Object;)V
   L12
    LINENUMBER 233 L12
    ALOAD 0
    ALOAD 2
    LDC ""
    LDC ""
    INVOKEVIRTUAL com/examples/with/different/packagename/testcarver/DateConverterTest5.stringConversion (Lcom/examples/with/different/packagename/testcarver/Converter;Ljava/lang/String;Ljava/lang/Object;)V
   L13
    LINENUMBER 235 L13
    RETURN
   L14
    LOCALVARIABLE this Lcom/examples/with/different/packagename/testcarver/DateConverterTest5; L0 L14 0
    LOCALVARIABLE pattern Ljava/lang/String; L1 L14 1
    LOCALVARIABLE converter Lcom/examples/with/different/packagename/testcarver/DateTimeConverter; L2 L14 2
    LOCALVARIABLE expected Ljava/lang/String; L4 L14 3
    LOCALVARIABLE calendar Ljava/util/Calendar; L5 L14 4
    MAXSTACK = 9
    MAXLOCALS = 5

  // access flags 0x1
  public <init>()V
    TRYCATCHBLOCK L0 L1 L1 java/lang/Throwable
   L2
    LINENUMBER 32 L2
    ALOAD 0
    INVOKESPECIAL java/lang/Object.<init> ()V
   L0
    LDC -2147483608
    ALOAD 0
    LDC "<init>"
    LDC "()V"
    BIPUSH 0
    ANEWARRAY java/lang/Object
    INVOKESTATIC org/evosuite/testcarver/capture/Capturer.capture (ILjava/lang/Object;Ljava/lang/String;Ljava/lang/String;[Ljava/lang/Object;)V
    ALOAD 0
    INVOKEVIRTUAL com/examples/with/different/packagename/testcarver/DateConverterTest5._sw_prototype_original_init_sw_prototype_original_ ()V
    GOTO L3
   L1
   FRAME SAME1 java/lang/Throwable
    ASTORE 1
    LDC -2147483608
    ALOAD 0
    GETSTATIC org/evosuite/testcarver/capture/CaptureLog.RETURN_TYPE_VOID : Ljava/lang/Object;
    INVOKESTATIC org/evosuite/testcarver/capture/Capturer.enable (ILjava/lang/Object;Ljava/lang/Object;)V
    ALOAD 1
    ATHROW
   L3
   FRAME SAME
    LDC -2147483608
    ALOAD 0
    GETSTATIC org/evosuite/testcarver/capture/CaptureLog.RETURN_TYPE_VOID : Ljava/lang/Object;
    INVOKESTATIC org/evosuite/testcarver/capture/Capturer.enable (ILjava/lang/Object;Ljava/lang/Object;)V
    RETURN
    MAXSTACK = 5
    MAXLOCALS = 0

  // access flags 0x1
  public testStringConversion()V
  @Lorg/junit/Test;()
    TRYCATCHBLOCK L0 L1 L1 java/lang/Throwable
   L0
    LDC -2147483607
    ALOAD 0
    LDC "testStringConversion"
    LDC "()V"
    BIPUSH 0
    ANEWARRAY java/lang/Object
    INVOKESTATIC org/evosuite/testcarver/capture/Capturer.capture (ILjava/lang/Object;Ljava/lang/String;Ljava/lang/String;[Ljava/lang/Object;)V
    ALOAD 0
    INVOKEVIRTUAL com/examples/with/different/packagename/testcarver/DateConverterTest5._sw_prototype_original_testStringConversion ()V
    GOTO L2
   L1
   FRAME SAME1 java/lang/Throwable
    ASTORE 1
    LDC -2147483607
    ALOAD 0
    GETSTATIC org/evosuite/testcarver/capture/CaptureLog.RETURN_TYPE_VOID : Ljava/lang/Object;
    INVOKESTATIC org/evosuite/testcarver/capture/Capturer.enable (ILjava/lang/Object;Ljava/lang/Object;)V
    ALOAD 1
    ATHROW
   L2
   FRAME SAME
    LDC -2147483607
    ALOAD 0
    GETSTATIC org/evosuite/testcarver/capture/CaptureLog.RETURN_TYPE_VOID : Ljava/lang/Object;
    INVOKESTATIC org/evosuite/testcarver/capture/Capturer.enable (ILjava/lang/Object;Ljava/lang/Object;)V
    RETURN
    MAXSTACK = 9
    MAXLOCALS = 0
}
INFO  org.evosuite.testcarver.extraction.CarvingClassLoader - Keeping class: com.examples.with.different.packagename.testcarver.DateConverterTest5
INFO  org.evosuite.testcarver.extraction.CarvingRunListener - Not yet reached maximum time to carve unit tests - executing test with carver
INFO  org.evosuite.testcarver.capture.Capturer - Starting Capturer...
INFO  org.evosuite.testcarver.capture.Capturer - Capturer has been started successfully
INFO  org.evosuite.testcarver.extraction.CarvingClassLoader - Seeing class for first time: com.examples.with.different.packagename.testcarver.ConversionException
WARN  org.evosuite.testcarver.extraction.CarvingClassLoader - Instrumenting class 'com.examples.with.different.packagename.testcarver.ConversionException'.
INFO  org.evosuite.testcarver.instrument.Instrumenter - Checking package com.examples.with.different.packagename.testcarver for class com/examples/with/different/packagename/testcarver/ConversionException
// class version 52.0 (52)
// access flags 0x21
public class com/examples/with/different/packagename/testcarver/ConversionException extends java/lang/RuntimeException {

  // compiled from: ConversionException.java

  // access flags 0x1A
  private final static J serialVersionUID = -3264207363344909775L

  // access flags 0x4
  protected Ljava/lang/Throwable; cause

  // access flags 0x2
  private _sw_prototype_original_init_sw_prototype_original_(Ljava/lang/String;)V
    ALOAD 0
    INVOKESTATIC org/evosuite/testcarver/capture/FieldRegistry.register (Ljava/lang/Object;)V
   L0
    LINENUMBER 85 L0
    ALOAD 0
    ACONST_NULL
    DUP2
    PUTFIELD com/examples/with/different/packagename/testcarver/ConversionException.cause : Ljava/lang/Throwable;
    POP
    LDC -2147483606
    LDC "com/examples/with/different/packagename/testcarver/ConversionException"
    LDC "cause"
    LDC "Ljava/lang/Throwable;"
    INVOKESTATIC org/evosuite/testcarver/capture/FieldRegistry.notifyModification (Ljava/lang/Object;ILjava/lang/String;Ljava/lang/String;Ljava/lang/String;)V
   L1
    LINENUMBER 48 L1
    RETURN
   L2
    LOCALVARIABLE this Lcom/examples/with/different/packagename/testcarver/ConversionException; L3 L2 0
    LOCALVARIABLE message Ljava/lang/String; L3 L2 1
    MAXSTACK = 6
    MAXLOCALS = 2

  // access flags 0x2
  private _sw_prototype_original_init_sw_prototype_original_(Ljava/lang/String;Ljava/lang/Throwable;)V
    ALOAD 0
    INVOKESTATIC org/evosuite/testcarver/capture/FieldRegistry.register (Ljava/lang/Object;)V
   L0
    LINENUMBER 85 L0
    ALOAD 0
    ACONST_NULL
    DUP2
    PUTFIELD com/examples/with/different/packagename/testcarver/ConversionException.cause : Ljava/lang/Throwable;
    POP
    LDC -2147483603
    LDC "com/examples/with/different/packagename/testcarver/ConversionException"
    LDC "cause"
    LDC "Ljava/lang/Throwable;"
    INVOKESTATIC org/evosuite/testcarver/capture/FieldRegistry.notifyModification (Ljava/lang/Object;ILjava/lang/String;Ljava/lang/String;Ljava/lang/String;)V
   L1
    LINENUMBER 60 L1
    ALOAD 0
    ALOAD 2
    DUP2
    PUTFIELD com/examples/with/different/packagename/testcarver/ConversionException.cause : Ljava/lang/Throwable;
    POP
    LDC -2147483601
    LDC "com/examples/with/different/packagename/testcarver/ConversionException"
    LDC "cause"
    LDC "Ljava/lang/Throwable;"
    INVOKESTATIC org/evosuite/testcarver/capture/FieldRegistry.notifyModification (Ljava/lang/Object;ILjava/lang/String;Ljava/lang/String;Ljava/lang/String;)V
   L2
    LINENUMBER 62 L2
    RETURN
   L3
    LOCALVARIABLE this Lcom/examples/with/different/packagename/testcarver/ConversionException; L4 L3 0
    LOCALVARIABLE message Ljava/lang/String; L4 L3 1
    LOCALVARIABLE cause Ljava/lang/Throwable; L4 L3 2
    MAXSTACK = 6
    MAXLOCALS = 3

  // access flags 0x2
  private _sw_prototype_original_init_sw_prototype_original_(Ljava/lang/Throwable;)V
    ALOAD 0
    INVOKESTATIC org/evosuite/testcarver/capture/FieldRegistry.register (Ljava/lang/Object;)V
   L0
    LINENUMBER 85 L0
    ALOAD 0
    ACONST_NULL
    DUP2
    PUTFIELD com/examples/with/different/packagename/testcarver/ConversionException.cause : Ljava/lang/Throwable;
    POP
    LDC -2147483598
    LDC "com/examples/with/different/packagename/testcarver/ConversionException"
    LDC "cause"
    LDC "Ljava/lang/Throwable;"
    INVOKESTATIC org/evosuite/testcarver/capture/FieldRegistry.notifyModification (Ljava/lang/Object;ILjava/lang/String;Ljava/lang/String;Ljava/lang/String;)V
   L1
    LINENUMBER 73 L1
    ALOAD 0
    ALOAD 1
    DUP2
    PUTFIELD com/examples/with/different/packagename/testcarver/ConversionException.cause : Ljava/lang/Throwable;
    POP
    LDC -2147483596
    LDC "com/examples/with/different/packagename/testcarver/ConversionException"
    LDC "cause"
    LDC "Ljava/lang/Throwable;"
    INVOKESTATIC org/evosuite/testcarver/capture/FieldRegistry.notifyModification (Ljava/lang/Object;ILjava/lang/String;Ljava/lang/String;Ljava/lang/String;)V
   L2
    LINENUMBER 75 L2
    RETURN
   L3
    LOCALVARIABLE this Lcom/examples/with/different/packagename/testcarver/ConversionException; L4 L3 0
    LOCALVARIABLE cause Ljava/lang/Throwable; L4 L3 1
    MAXSTACK = 6
    MAXLOCALS = 2

  // access flags 0x2
  private _sw_prototype_original_getCause()Ljava/lang/Throwable;
   L0
    LINENUMBER 93 L0
    ALOAD 0
    DUP
    GETFIELD com/examples/with/different/packagename/testcarver/ConversionException.cause : Ljava/lang/Throwable;
    SWAP
    LDC -2147483593
    LDC "com/examples/with/different/packagename/testcarver/ConversionException"
    LDC "cause"
    LDC "Ljava/lang/Throwable;"
    INVOKESTATIC org/evosuite/testcarver/capture/FieldRegistry.notifyReadAccess (Ljava/lang/Object;ILjava/lang/String;Ljava/lang/String;Ljava/lang/String;)V
    ARETURN
   L1
    LOCALVARIABLE this Lcom/examples/with/different/packagename/testcarver/ConversionException; L0 L1 0
    MAXSTACK = 5
    MAXLOCALS = 1

  // access flags 0x1
  public <init>(Ljava/lang/String;)V
    TRYCATCHBLOCK L0 L1 L1 java/lang/Throwable
   L2
    LINENUMBER 46 L2
    ALOAD 0
    ALOAD 1
    INVOKESPECIAL java/lang/RuntimeException.<init> (Ljava/lang/String;)V
   L0
    LDC -2147483604
    ALOAD 0
    LDC "<init>"
    LDC "(Ljava/lang/String;)V"
    BIPUSH 1
    ANEWARRAY java/lang/Object
    DUP
    BIPUSH 0
    ALOAD 1
    AASTORE
    INVOKESTATIC org/evosuite/testcarver/capture/Capturer.capture (ILjava/lang/Object;Ljava/lang/String;Ljava/lang/String;[Ljava/lang/Object;)V
    ALOAD 0
    ALOAD 1
    INVOKEVIRTUAL com/examples/with/different/packagename/testcarver/ConversionException._sw_prototype_original_init_sw_prototype_original_ (Ljava/lang/String;)V
    GOTO L3
   L1
   FRAME SAME1 java/lang/Throwable
    ASTORE 2
    LDC -2147483604
    ALOAD 0
    GETSTATIC org/evosuite/testcarver/capture/CaptureLog.RETURN_TYPE_VOID : Ljava/lang/Object;
    INVOKESTATIC org/evosuite/testcarver/capture/Capturer.enable (ILjava/lang/Object;Ljava/lang/Object;)V
    ALOAD 2
    ATHROW
   L3
   FRAME SAME
    LDC -2147483604
    ALOAD 0
    GETSTATIC org/evosuite/testcarver/capture/CaptureLog.RETURN_TYPE_VOID : Ljava/lang/Object;
    INVOKESTATIC org/evosuite/testcarver/capture/Capturer.enable (ILjava/lang/Object;Ljava/lang/Object;)V
    RETURN
    MAXSTACK = 6
    MAXLOCALS = 0

  // access flags 0x1
  public <init>(Ljava/lang/String;Ljava/lang/Throwable;)V
    TRYCATCHBLOCK L0 L1 L1 java/lang/Throwable
   L2
    LINENUMBER 59 L2
    ALOAD 0
    ALOAD 1
    INVOKESPECIAL java/lang/RuntimeException.<init> (Ljava/lang/String;)V
   L0
    LDC -2147483599
    ALOAD 0
    LDC "<init>"
    LDC "(Ljava/lang/String;Ljava/lang/Throwable;)V"
    BIPUSH 2
    ANEWARRAY java/lang/Object
    DUP
    BIPUSH 0
    ALOAD 1
    AASTORE
    DUP
    BIPUSH 1
    ALOAD 2
    AASTORE
    INVOKESTATIC org/evosuite/testcarver/capture/Capturer.capture (ILjava/lang/Object;Ljava/lang/String;Ljava/lang/String;[Ljava/lang/Object;)V
    ALOAD 0
    ALOAD 1
    ALOAD 2
    INVOKEVIRTUAL com/examples/with/different/packagename/testcarver/ConversionException._sw_prototype_original_init_sw_prototype_original_ (Ljava/lang/String;Ljava/lang/Throwable;)V
    GOTO L3
   L1
   FRAME SAME1 java/lang/Throwable
    ASTORE 3
    LDC -2147483599
    ALOAD 0
    GETSTATIC org/evosuite/testcarver/capture/CaptureLog.RETURN_TYPE_VOID : Ljava/lang/Object;
    INVOKESTATIC org/evosuite/testcarver/capture/Capturer.enable (ILjava/lang/Object;Ljava/lang/Object;)V
    ALOAD 3
    ATHROW
   L3
   FRAME SAME
    LDC -2147483599
    ALOAD 0
    GETSTATIC org/evosuite/testcarver/capture/CaptureLog.RETURN_TYPE_VOID : Ljava/lang/Object;
    INVOKESTATIC org/evosuite/testcarver/capture/Capturer.enable (ILjava/lang/Object;Ljava/lang/Object;)V
    RETURN
    MAXSTACK = 6
    MAXLOCALS = 0

  // access flags 0x1
  public <init>(Ljava/lang/Throwable;)V
    TRYCATCHBLOCK L0 L1 L1 java/lang/Throwable
   L2
    LINENUMBER 72 L2
    ALOAD 0
    ALOAD 1
    INVOKEVIRTUAL java/lang/Throwable.getMessage ()Ljava/lang/String;
    INVOKESPECIAL java/lang/RuntimeException.<init> (Ljava/lang/String;)V
   L0
    LDC -2147483594
    ALOAD 0
    LDC "<init>"
    LDC "(Ljava/lang/Throwable;)V"
    BIPUSH 1
    ANEWARRAY java/lang/Object
    DUP
    BIPUSH 0
    ALOAD 1
    AASTORE
    INVOKESTATIC org/evosuite/testcarver/capture/Capturer.capture (ILjava/lang/Object;Ljava/lang/String;Ljava/lang/String;[Ljava/lang/Object;)V
    ALOAD 0
    ALOAD 1
    INVOKEVIRTUAL com/examples/with/different/packagename/testcarver/ConversionException._sw_prototype_original_init_sw_prototype_original_ (Ljava/lang/Throwable;)V
    GOTO L3
   L1
   FRAME SAME1 java/lang/Throwable
    ASTORE 2
    LDC -2147483594
    ALOAD 0
    GETSTATIC org/evosuite/testcarver/capture/CaptureLog.RETURN_TYPE_VOID : Ljava/lang/Object;
    INVOKESTATIC org/evosuite/testcarver/capture/Capturer.enable (ILjava/lang/Object;Ljava/lang/Object;)V
    ALOAD 2
    ATHROW
   L3
   FRAME SAME
    LDC -2147483594
    ALOAD 0
    GETSTATIC org/evosuite/testcarver/capture/CaptureLog.RETURN_TYPE_VOID : Ljava/lang/Object;
    INVOKESTATIC org/evosuite/testcarver/capture/Capturer.enable (ILjava/lang/Object;Ljava/lang/Object;)V
    RETURN
    MAXSTACK = 6
    MAXLOCALS = 0

  // access flags 0x1
  public getCause()Ljava/lang/Throwable;
    TRYCATCHBLOCK L0 L1 L2 java/lang/Throwable
    ACONST_NULL
    ASTORE 1
   L0
    LDC -2147483592
    ALOAD 0
    LDC "getCause"
    LDC "()Ljava/lang/Throwable;"
    BIPUSH 0
    ANEWARRAY java/lang/Object
    INVOKESTATIC org/evosuite/testcarver/capture/Capturer.capture (ILjava/lang/Object;Ljava/lang/String;Ljava/lang/String;[Ljava/lang/Object;)V
    ALOAD 0
    INVOKEVIRTUAL com/examples/with/different/packagename/testcarver/ConversionException._sw_prototype_original_getCause ()Ljava/lang/Throwable;
    ASTORE 1
    ALOAD 1
    ASTORE 3
   L1
    LDC -2147483592
    ALOAD 0
    ALOAD 1
    INVOKESTATIC org/evosuite/testcarver/capture/Capturer.enable (ILjava/lang/Object;Ljava/lang/Object;)V
    ALOAD 3
    ARETURN
   L2
   FRAME FULL [com/examples/with/different/packagename/testcarver/ConversionException java/lang/Throwable] [java/lang/Throwable]
    ASTORE 2
    LDC -2147483592
    ALOAD 0
    ALOAD 1
    INVOKESTATIC org/evosuite/testcarver/capture/Capturer.enable (ILjava/lang/Object;Ljava/lang/Object;)V
    ALOAD 2
    ATHROW
    MAXSTACK = 5
    MAXLOCALS = 0
}
INFO  org.evosuite.testcarver.extraction.CarvingClassLoader - Keeping class: com.examples.with.different.packagename.testcarver.ConversionException
INFO  org.evosuite.testcarver.capture.Capturer - Stopping Capturer...
INFO  org.evosuite.testcarver.capture.Capturer - Capturer has been stopped successfully
INFO  evo_logger -  - Carving test com.examples.with.different.packagename.testcarver.DateConverterTest5.testStringConversion
INFO  org.evosuite.instrumentation.InstrumentingClassLoader - Seeing class for first time: com.examples.with.different.packagename.testcarver.ConversionException
INFO  org.evosuite.instrumentation.BytecodeInstrumentation - Starting transformation of com/examples/with/different/packagename/testcarver/ConversionException
INFO  org.evosuite.runtime.instrumentation.MethodCallReplacementClassAdapter - Adding mock interface to class com/examples/with/different/packagename/testcarver/ConversionException
INFO  org.evosuite.instrumentation.EndOfClassInitializerVisitor - Creating <clinit> in class com/examples/with/different/packagename/testcarver/ConversionException
INFO  org.evosuite.runtime.instrumentation.CreateClassResetClassAdapter - Found static initializer in class com/examples/with/different/packagename/testcarver/ConversionException
INFO  org.evosuite.instrumentation.InstrumentingClassLoader - Loaded class: com.examples.with.different.packagename.testcarver.ConversionException
INFO  org.evosuite.testcarver.extraction.CarvingRunListener - Carved test of length 8
INFO  org.evosuite.utils.generic.GenericTypeInference - Type map empty
INFO  org.evosuite.utils.generic.GenericTypeInference - Type map empty
INFO  org.evosuite.testcarver.extraction.CarvingManager - Result: 1/1
INFO  org.evosuite.testcarver.extraction.CarvingManager - Failure: Converting 'org.evosuite.testcarver.wrapper.java.util.Date' value 'Sun Oct 29 00:00:00 UTC 2006' to String threw com.examples.with.different.packagename.testcarver.ConversionException: Error converting from 'org.evosuite.testcarver.wrapper.java.util.Date' to 'String' 'java.lang.String org.evosuite.testcarver.wrapper.java.text.DateFormat.format(java.text.DateFormat, java.util.Date)'
INFO  org.evosuite.testcarver.extraction.CarvingManager - Exception: {}
java.lang.AssertionError: Converting 'org.evosuite.testcarver.wrapper.java.util.Date' value 'Sun Oct 29 00:00:00 UTC 2006' to String threw com.examples.with.different.packagename.testcarver.ConversionException: Error converting from 'org.evosuite.testcarver.wrapper.java.util.Date' to 'String' 'java.lang.String org.evosuite.testcarver.wrapper.java.text.DateFormat.format(java.text.DateFormat, java.util.Date)'
	at org.junit.Assert.fail(Assert.java:89)
	at com.examples.with.different.packagename.testcarver.DateConverterTest5.stringConversion(DateConverterTest5.java:194)
	at com.examples.with.different.packagename.testcarver.DateConverterTest5._sw_prototype_original_testStringConversion(DateConverterTest5.java:215)
	at com.examples.with.different.packagename.testcarver.DateConverterTest5.testStringConversion(DateConverterTest5.java)
	at java.base/jdk.internal.reflect.DirectMethodHandleAccessor.invoke(DirectMethodHandleAccessor.java:103)
	at java.base/java.lang.reflect.Method.invoke(Method.java:580)
	at org.junit.runners.model.FrameworkMethod$1.runReflectiveCall(FrameworkMethod.java:59)
	at org.junit.internal.runners.model.ReflectiveCallable.run(ReflectiveCallable.java:12)
	at org.junit.runners.model.FrameworkMethod.invokeExplosively(FrameworkMethod.java:56)
	at org.junit.internal.runners.statements.InvokeMethod.evaluate(InvokeMethod.java:17)
	at org.junit.runners.ParentRunner$3.evaluate(ParentRunner.java:306)
	at org.junit.runners.BlockJUnit4ClassRunner$1.evaluate(BlockJUnit4ClassRunner.java:100)
	at org.junit.runners.ParentRunner.runLeaf(ParentRunner.java:366)
	at org.junit.runners.BlockJUnit4ClassRunner.runChild(BlockJUnit4ClassRunner.java:103)
	at org.junit.runners.BlockJUnit4ClassRunner.runChild(BlockJUnit4ClassRunner.java:63)
	at org.junit.runners.ParentRunner$4.run(ParentRunner.java:331)
	at org.junit.runners.ParentRunner$1.schedule(ParentRunner.java:79)
	at org.junit.runners.ParentRunner.runChildren(ParentRunner.java:329)
	at org.junit.runners.ParentRunner.access$100(ParentRunner.java:66)
	at org.junit.runners.ParentRunner$2.evaluate(ParentRunner.java:293)
	at org.junit.runners.ParentRunner$3.evaluate(ParentRunner.java:306)
	at org.junit.runners.ParentRunner.run(ParentRunner.java:413)
	at org.junit.runners.Suite.runChild(Suite.java:128)
	at org.junit.runners.Suite.runChild(Suite.java:27)
	at org.junit.runners.ParentRunner$4.run(ParentRunner.java:331)
	at org.junit.runners.ParentRunner$1.schedule(ParentRunner.java:79)
	at org.junit.runners.ParentRunner.runChildren(ParentRunner.java:329)
	at org.junit.runners.ParentRunner.access$100(ParentRunner.java:66)
	at org.junit.runners.ParentRunner$2.evaluate(ParentRunner.java:293)
	at org.junit.runners.ParentRunner$3.evaluate(ParentRunner.java:306)
	at org.junit.runners.ParentRunner.run(ParentRunner.java:413)
	at org.junit.runner.JUnitCore.run(JUnitCore.java:137)
	at org.junit.runner.JUnitCore.run(JUnitCore.java:115)
	at org.junit.runner.JUnitCore.run(JUnitCore.java:105)
	at org.junit.runner.JUnitCore.run(JUnitCore.java:94)
	at org.evosuite.testcarver.extraction.CarvingManager.readTestCases(CarvingManager.java:129)
	at org.evosuite.testcarver.extraction.CarvingManager.getTestsForClass(CarvingManager.java:216)
	at org.evosuite.testcase.factories.JUnitTestCarvedChromosomeFactory.readTestCases(JUnitTestCarvedChromosomeFactory.java:75)
	at org.evosuite.testcase.factories.JUnitTestCarvedChromosomeFactory.<init>(JUnitTestCarvedChromosomeFactory.java:68)
	at org.evosuite.testcase.JUnitTestCarvedChromosomeFactorySystemTest.testBeanDateConverterUtils5(JUnitTestCarvedChromosomeFactorySystemTest.java:535)
	at java.base/jdk.internal.reflect.DirectMethodHandleAccessor.invoke(DirectMethodHandleAccessor.java:103)
	at java.base/java.lang.reflect.Method.invoke(Method.java:580)
	at org.junit.runners.model.FrameworkMethod$1.runReflectiveCall(FrameworkMethod.java:59)
	at org.junit.internal.runners.model.ReflectiveCallable.run(ReflectiveCallable.java:12)
	at org.junit.runners.model.FrameworkMethod.invokeExplosively(FrameworkMethod.java:56)
	at org.junit.internal.runners.statements.InvokeMethod.evaluate(InvokeMethod.java:17)
	at org.junit.internal.runners.statements.RunBefores.evaluate(RunBefores.java:26)
	at org.junit.internal.runners.statements.RunAfters.evaluate(RunAfters.java:27)
	at org.junit.rules.TestWatcher$1.evaluate(TestWatcher.java:61)
	at org.junit.runners.ParentRunner$3.evaluate(ParentRunner.java:306)
	at org.junit.runners.BlockJUnit4ClassRunner$1.evaluate(BlockJUnit4ClassRunner.java:100)
	at org.junit.runners.ParentRunner.runLeaf(ParentRunner.java:366)
	at org.junit.runners.BlockJUnit4ClassRunner.runChild(BlockJUnit4ClassRunner.java:103)
	at org.junit.runners.BlockJUnit4ClassRunner.runChild(BlockJUnit4ClassRunner.java:63)
	at org.junit.runners.ParentRunner$4.run(ParentRunner.java:331)
	at org.junit.runners.ParentRunner$1.schedule(ParentRunner.java:79)
	at org.junit.runners.ParentRunner.runChildren(ParentRunner.java:329)
	at org.junit.runners.ParentRunner.access$100(ParentRunner.java:66)
	at org.junit.runners.ParentRunner$2.evaluate(ParentRunner.java:293)
	at org.junit.runners.ParentRunner$3.evaluate(ParentRunner.java:306)
	at org.junit.runners.ParentRunner.run(ParentRunner.java:413)
	at org.apache.maven.surefire.junit4.JUnit4Provider.execute(JUnit4Provider.java:316)
	at org.apache.maven.surefire.junit4.JUnit4Provider.executeWithRerun(JUnit4Provider.java:240)
	at org.apache.maven.surefire.junit4.JUnit4Provider.executeTestSet(JUnit4Provider.java:214)
	at org.apache.maven.surefire.junit4.JUnit4Provider.invoke(JUnit4Provider.java:155)
	at org.apache.maven.surefire.booter.ForkedBooter.runSuitesInProcess(ForkedBooter.java:385)
	at org.apache.maven.surefire.booter.ForkedBooter.execute(ForkedBooter.java:162)
	at org.apache.maven.surefire.booter.ForkedBooter.run(ForkedBooter.java:507)
	at org.apache.maven.surefire.booter.ForkedBooter.main(ForkedBooter.java:495)
INFO  org.evosuite.testcase.execution.TestCaseExecutor - No stalled threads
INFO  org.evosuite.testcarver.extraction.CarvingManager - Adding carved test without exception
INFO  org.evosuite.testcarver.extraction.CarvingManager - DateConverter dateConverter0 = new DateConverter();
String string0 = "yyyy-MM-dd";
dateConverter0.setPattern(string0);
Class<String> class0 = String.class;
long long0 = 1162080000000L;
Date date0 = new Date(long0);
date0.toString();
dateConverter0.convert(class0, date0);

INFO  evo_logger -  -> Carved 1 tests for class class com.examples.with.different.packagename.testcarver.DateConverter from existing JUnit tests
INFO  evo_logger - * Using 1 carved tests from existing JUnit tests for seeding
INFO  org.evosuite.coverage.branch.BranchCoverageSuiteFitness - Total branch coverage goals: 3
INFO  org.evosuite.coverage.branch.BranchCoverageSuiteFitness - Total branches: 0
INFO  org.evosuite.coverage.branch.BranchCoverageSuiteFitness - Total branchless methods: 3
INFO  org.evosuite.coverage.branch.BranchCoverageSuiteFitness - Total methods: 3: [com.examples.with.different.packagename.testcarver.DateConverter.getDefaultType()Ljava/lang/Class;, com.examples.with.different.packagename.testcarver.DateConverter.<init>(Ljava/lang/Object;)V, com.examples.with.different.packagename.testcarver.DateConverter.<init>()V]
INFO  org.evosuite.coverage.branch.BranchCoverageSuiteFitness - (Methods) Best individual covers 0/0 branches and 1/3 methods
INFO  org.evosuite.coverage.branch.BranchCoverageSuiteFitness - Fitness: 2.0, size: 1, length: 8
INFO  org.evosuite.coverage.branch.BranchCoverageSuiteFitness - (Fitness) Best individual covers 0/0 branches and 1/3 methods
INFO  org.evosuite.coverage.branch.BranchCoverageSuiteFitness - Fitness: 2.0, size: 1, length: 8
INFO  org.evosuite.testcase.factories.JUnitTestCarvedChromosomeFactory - Cloning user test
DateConverter dateConverter0 = new DateConverter();
String string0 = "yyyy-MM-dd";
dateConverter0.setPattern(string0);
Class<String> class0 = String.class;
long long0 = 1162080000000L;
Date date0 = new Date(long0);
date0.toString();
dateConverter0.convert(class0, date0);

INFO  org.evosuite.TestGenerationContext - *** Resetting context
INFO  org.evosuite.testcase.execution.TestCaseExecutor - TestCaseExecutor instance is non-null, but its actual executor is null
INFO  org.evosuite.TestGenerationContext - *** Resetting context
INFO  org.evosuite.testcase.execution.TestCaseExecutor - TestCaseExecutor instance is non-null, but its actual executor is null
INFO  org.evosuite.instrumentation.InstrumentingClassLoader - Seeing class for first time: com.examples.with.different.packagename.testcarver.DateConverter
INFO  org.evosuite.instrumentation.BytecodeInstrumentation - Starting transformation of com/examples/with/different/packagename/testcarver/DateConverter
INFO  org.evosuite.instrumentation.testability.StringTransformation - Current method: <init>
INFO  org.evosuite.instrumentation.testability.StringTransformation - Current method: <init>
INFO  org.evosuite.instrumentation.testability.StringTransformation - Current method: getDefaultType
INFO  org.evosuite.runtime.instrumentation.MethodCallReplacementClassAdapter - Adding mock interface to class com/examples/with/different/packagename/testcarver/DateConverter
INFO  org.evosuite.graphs.cfg.CFGClassAdapter - Analyzing CFG of com/examples/with/different/packagename/testcarver/DateConverter
INFO  org.evosuite.graphs.cfg.CFGMethodAdapter - Analyzing method <init>()V in class com.examples.with.different.packagename.testcarver.DateConverter
INFO  org.evosuite.graphs.cfg.CFGMethodAdapter - Generating CFG for method <init>()V
INFO  org.evosuite.graphs.cfg.RawControlFlowGraph - Creating new RawCFG for com.examples.with.different.packagename.testcarver.DateConverter.<init>()V: 0
INFO  org.evosuite.graphs.cfg.CFGMethodAdapter - Created CFG for method <init>()V
INFO  org.evosuite.graphs.cfg.CFGMethodAdapter - Instrumenting method <init>()V in class com.examples.with.different.packagename.testcarver.DateConverter
INFO  org.evosuite.graphs.cfg.CFGClassAdapter - Analyzing CFG of com/examples/with/different/packagename/testcarver/DateConverter
INFO  org.evosuite.graphs.cfg.CFGMethodAdapter - Analyzing method <init>(Ljava/lang/Object;)V in class com.examples.with.different.packagename.testcarver.DateConverter
INFO  org.evosuite.graphs.cfg.CFGMethodAdapter - Generating CFG for method <init>(Ljava/lang/Object;)V
INFO  org.evosuite.graphs.cfg.RawControlFlowGraph - Creating new RawCFG for com.examples.with.different.packagename.testcarver.DateConverter.<init>(Ljava/lang/Object;)V: 0
INFO  org.evosuite.graphs.cfg.CFGMethodAdapter - Created CFG for method <init>(Ljava/lang/Object;)V
INFO  org.evosuite.graphs.cfg.CFGMethodAdapter - Instrumenting method <init>(Ljava/lang/Object;)V in class com.examples.with.different.packagename.testcarver.DateConverter
INFO  org.evosuite.graphs.cfg.CFGClassAdapter - Analyzing CFG of com/examples/with/different/packagename/testcarver/DateConverter
INFO  org.evosuite.graphs.cfg.CFGMethodAdapter - Analyzing method getDefaultType()Ljava/lang/Class; in class com.examples.with.different.packagename.testcarver.DateConverter
INFO  org.evosuite.graphs.cfg.CFGMethodAdapter - Generating CFG for method getDefaultType()Ljava/lang/Class;
INFO  org.evosuite.graphs.cfg.RawControlFlowGraph - Creating new RawCFG for com.examples.with.different.packagename.testcarver.DateConverter.getDefaultType()Ljava/lang/Class;: 0
INFO  org.evosuite.graphs.cfg.CFGMethodAdapter - Created CFG for method getDefaultType()Ljava/lang/Class;
INFO  org.evosuite.graphs.cfg.CFGMethodAdapter - Instrumenting method getDefaultType()Ljava/lang/Class; in class com.examples.with.different.packagename.testcarver.DateConverter
INFO  org.evosuite.runtime.instrumentation.CreateClassResetClassAdapter - Creating brand-new static initializer in class com/examples/with/different/packagename/testcarver/DateConverter
INFO  org.evosuite.instrumentation.InstrumentingClassLoader - Seeing class for first time: com.examples.with.different.packagename.testcarver.DateTimeConverter
INFO  org.evosuite.instrumentation.BytecodeInstrumentation - Starting transformation of com/examples/with/different/packagename/testcarver/DateTimeConverter
INFO  org.evosuite.runtime.instrumentation.MethodCallReplacementClassAdapter - Adding mock interface to class com/examples/with/different/packagename/testcarver/DateTimeConverter
INFO  org.evosuite.runtime.instrumentation.CreateClassResetClassAdapter - Creating brand-new static initializer in class com/examples/with/different/packagename/testcarver/DateTimeConverter
INFO  org.evosuite.instrumentation.InstrumentingClassLoader - Seeing class for first time: com.examples.with.different.packagename.testcarver.AbstractConverter
INFO  org.evosuite.instrumentation.BytecodeInstrumentation - Starting transformation of com/examples/with/different/packagename/testcarver/AbstractConverter
INFO  org.evosuite.runtime.instrumentation.MethodCallReplacementClassAdapter - Adding mock interface to class com/examples/with/different/packagename/testcarver/AbstractConverter
INFO  org.evosuite.instrumentation.EndOfClassInitializerVisitor - Creating <clinit> in class com/examples/with/different/packagename/testcarver/AbstractConverter
INFO  org.evosuite.runtime.instrumentation.CreateClassResetClassAdapter - Found static initializer in class com/examples/with/different/packagename/testcarver/AbstractConverter
INFO  org.evosuite.instrumentation.InstrumentingClassLoader - Seeing class for first time: com.examples.with.different.packagename.testcarver.Converter
INFO  org.evosuite.instrumentation.BytecodeInstrumentation - Starting transformation of com/examples/with/different/packagename/testcarver/Converter
INFO  org.evosuite.instrumentation.InstrumentingClassLoader - Loaded class: com.examples.with.different.packagename.testcarver.Converter
INFO  org.evosuite.instrumentation.InstrumentingClassLoader - Loaded class: com.examples.with.different.packagename.testcarver.AbstractConverter
INFO  org.evosuite.instrumentation.InstrumentingClassLoader - Loaded class: com.examples.with.different.packagename.testcarver.DateTimeConverter
INFO  org.evosuite.instrumentation.InstrumentingClassLoader - Loaded class: com.examples.with.different.packagename.testcarver.DateConverter
INFO  evo_logger - * Executing tests from 1 test class for carving
INFO  org.evosuite.testcarver.extraction.CarvingClassLoader - Seeing class for first time: com.examples.with.different.packagename.testcarver.DateConverter
WARN  org.evosuite.testcarver.extraction.CarvingClassLoader - Instrumenting class 'com.examples.with.different.packagename.testcarver.DateConverter'.
INFO  org.evosuite.testcarver.instrument.Instrumenter - Checking package com.examples.with.different.packagename.testcarver for class com/examples/with/different/packagename/testcarver/DateConverter
// class version 52.0 (52)
// access flags 0x31
public final class com/examples/with/different/packagename/testcarver/DateConverter extends com/examples/with/different/packagename/testcarver/DateTimeConverter {

  // compiled from: DateConverter.java

  // access flags 0x2
  private _sw_prototype_original_init_sw_prototype_original_()V
    ALOAD 0
    INVOKESTATIC org/evosuite/testcarver/capture/FieldRegistry.register (Ljava/lang/Object;)V
   L0
    LINENUMBER 47 L0
    RETURN
   L1
    LOCALVARIABLE this Lcom/examples/with/different/packagename/testcarver/DateConverter; L2 L1 0
    MAXSTACK = 5
    MAXLOCALS = 1

  // access flags 0x2
  private _sw_prototype_original_init_sw_prototype_original_(Ljava/lang/Object;)V
    ALOAD 0
    INVOKESTATIC org/evosuite/testcarver/capture/FieldRegistry.register (Ljava/lang/Object;)V
   L0
    LINENUMBER 59 L0
    RETURN
   L1
    LOCALVARIABLE this Lcom/examples/with/different/packagename/testcarver/DateConverter; L2 L1 0
    LOCALVARIABLE defaultValue Ljava/lang/Object; L2 L1 1
    MAXSTACK = 6
    MAXLOCALS = 2

  // access flags 0x4
  protected getDefaultType()Ljava/lang/Class;
   L0
    LINENUMBER 67 L0
    LDC Ljava/util/Date;.class
    ARETURN
   L1
    LOCALVARIABLE this Lcom/examples/with/different/packagename/testcarver/DateConverter; L0 L1 0
    MAXSTACK = 1
    MAXLOCALS = 1

  // access flags 0x1
  public <init>()V
    TRYCATCHBLOCK L0 L1 L1 java/lang/Throwable
   L2
    LINENUMBER 46 L2
    ALOAD 0
    INVOKESPECIAL com/examples/with/different/packagename/testcarver/DateTimeConverter.<init> ()V
   L0
    LDC -2147483644
    ALOAD 0
    LDC "<init>"
    LDC "()V"
    BIPUSH 0
    ANEWARRAY java/lang/Object
    INVOKESTATIC org/evosuite/testcarver/capture/Capturer.capture (ILjava/lang/Object;Ljava/lang/String;Ljava/lang/String;[Ljava/lang/Object;)V
    ALOAD 0
    INVOKEVIRTUAL com/examples/with/different/packagename/testcarver/DateConverter._sw_prototype_original_init_sw_prototype_original_ ()V
    GOTO L3
   L1
   FRAME SAME1 java/lang/Throwable
    ASTORE 1
    LDC -2147483644
    ALOAD 0
    GETSTATIC org/evosuite/testcarver/capture/CaptureLog.RETURN_TYPE_VOID : Ljava/lang/Object;
    INVOKESTATIC org/evosuite/testcarver/capture/Capturer.enable (ILjava/lang/Object;Ljava/lang/Object;)V
    ALOAD 1
    ATHROW
   L3
   FRAME SAME
    LDC -2147483644
    ALOAD 0
    GETSTATIC org/evosuite/testcarver/capture/CaptureLog.RETURN_TYPE_VOID : Ljava/lang/Object;
    INVOKESTATIC org/evosuite/testcarver/capture/Capturer.enable (ILjava/lang/Object;Ljava/lang/Object;)V
    RETURN
    MAXSTACK = 5
    MAXLOCALS = 0

  // access flags 0x1
  public <init>(Ljava/lang/Object;)V
    TRYCATCHBLOCK L0 L1 L1 java/lang/Throwable
   L2
    LINENUMBER 58 L2
    ALOAD 0
    ALOAD 1
    INVOKESPECIAL com/examples/with/different/packagename/testcarver/DateTimeConverter.<init> (Ljava/lang/Object;)V
   L0
    LDC -2147483643
    ALOAD 0
    LDC "<init>"
    LDC "(Ljava/lang/Object;)V"
    BIPUSH 1
    ANEWARRAY java/lang/Object
    DUP
    BIPUSH 0
    ALOAD 1
    AASTORE
    INVOKESTATIC org/evosuite/testcarver/capture/Capturer.capture (ILjava/lang/Object;Ljava/lang/String;Ljava/lang/String;[Ljava/lang/Object;)V
    ALOAD 0
    ALOAD 1
    INVOKEVIRTUAL com/examples/with/different/packagename/testcarver/DateConverter._sw_prototype_original_init_sw_prototype_original_ (Ljava/lang/Object;)V
    GOTO L3
   L1
   FRAME SAME1 java/lang/Throwable
    ASTORE 2
    LDC -2147483643
    ALOAD 0
    GETSTATIC org/evosuite/testcarver/capture/CaptureLog.RETURN_TYPE_VOID : Ljava/lang/Object;
    INVOKESTATIC org/evosuite/testcarver/capture/Capturer.enable (ILjava/lang/Object;Ljava/lang/Object;)V
    ALOAD 2
    ATHROW
   L3
   FRAME SAME
    LDC -2147483643
    ALOAD 0
    GETSTATIC org/evosuite/testcarver/capture/CaptureLog.RETURN_TYPE_VOID : Ljava/lang/Object;
    INVOKESTATIC org/evosuite/testcarver/capture/Capturer.enable (ILjava/lang/Object;Ljava/lang/Object;)V
    RETURN
    MAXSTACK = 6
    MAXLOCALS = 0
}
INFO  org.evosuite.testcarver.extraction.CarvingClassLoader - Seeing class for first time: com.examples.with.different.packagename.testcarver.DateTimeConverter
WARN  org.evosuite.testcarver.extraction.CarvingClassLoader - Instrumenting class 'com.examples.with.different.packagename.testcarver.DateTimeConverter'.
INFO  org.evosuite.testcarver.instrument.Instrumenter - Checking package com.examples.with.different.packagename.testcarver for class com/examples/with/different/packagename/testcarver/DateTimeConverter
// class version 52.0 (52)
// access flags 0x421
public abstract class com/examples/with/different/packagename/testcarver/DateTimeConverter extends com/examples/with/different/packagename/testcarver/AbstractConverter {

  // compiled from: DateTimeConverter.java

  // access flags 0x2
  private [Ljava/lang/String; patterns

  // access flags 0x2
  private Ljava/lang/String; displayPatterns

  // access flags 0x2
  private Ljava/util/Locale; locale

  // access flags 0x2
  private Ljava/util/TimeZone; timeZone

  // access flags 0x2
  private Z useLocaleFormat

  // access flags 0x1
  public <init>()V
   L0
    LINENUMBER 99 L0
    ALOAD 0
    INVOKESPECIAL com/examples/with/different/packagename/testcarver/AbstractConverter.<init> ()V
   L1
    LINENUMBER 100 L1
    RETURN
   L2
    LOCALVARIABLE this Lcom/examples/with/different/packagename/testcarver/DateTimeConverter; L0 L2 0
    MAXSTACK = 1
    MAXLOCALS = 1

  // access flags 0x1
  public <init>(Ljava/lang/Object;)V
   L0
    LINENUMBER 111 L0
    ALOAD 0
    ALOAD 1
    INVOKESPECIAL com/examples/with/different/packagename/testcarver/AbstractConverter.<init> (Ljava/lang/Object;)V
   L1
    LINENUMBER 112 L1
    RETURN
   L2
    LOCALVARIABLE this Lcom/examples/with/different/packagename/testcarver/DateTimeConverter; L0 L2 0
    LOCALVARIABLE defaultValue Ljava/lang/Object; L0 L2 1
    MAXSTACK = 2
    MAXLOCALS = 2

  // access flags 0x2
  private _sw_prototype_original_setUseLocaleFormat(Z)V
   L0
    LINENUMBER 124 L0
    ALOAD 0
    ILOAD 1
    DUP2
    PUTFIELD com/examples/with/different/packagename/testcarver/DateTimeConverter.useLocaleFormat : Z
    POP
    LDC -2147483642
    LDC "com/examples/with/different/packagename/testcarver/DateTimeConverter"
    LDC "useLocaleFormat"
    LDC "Z"
    INVOKESTATIC org/evosuite/testcarver/capture/FieldRegistry.notifyModification (Ljava/lang/Object;ILjava/lang/String;Ljava/lang/String;Ljava/lang/String;)V
   L1
    LINENUMBER 125 L1
    RETURN
   L2
    LOCALVARIABLE this Lcom/examples/with/different/packagename/testcarver/DateTimeConverter; L0 L2 0
    LOCALVARIABLE useLocaleFormat Z L0 L2 1
    MAXSTACK = 6
    MAXLOCALS = 2

  // access flags 0x2
  private _sw_prototype_original_getTimeZone()Ljava/util/TimeZone;
   L0
    LINENUMBER 134 L0
    ALOAD 0
    DUP
    GETFIELD com/examples/with/different/packagename/testcarver/DateTimeConverter.timeZone : Ljava/util/TimeZone;
    SWAP
    LDC -2147483639
    LDC "com/examples/with/different/packagename/testcarver/DateTimeConverter"
    LDC "timeZone"
    LDC "Ljava/util/TimeZone;"
    INVOKESTATIC org/evosuite/testcarver/capture/FieldRegistry.notifyReadAccess (Ljava/lang/Object;ILjava/lang/String;Ljava/lang/String;Ljava/lang/String;)V
    ARETURN
   L1
    LOCALVARIABLE this Lcom/examples/with/different/packagename/testcarver/DateTimeConverter; L0 L1 0
    MAXSTACK = 5
    MAXLOCALS = 1

  // access flags 0x2
  private _sw_prototype_original_setTimeZone(Ljava/util/TimeZone;)V
   L0
    LINENUMBER 143 L0
    ALOAD 0
    ALOAD 1
    DUP2
    PUTFIELD com/examples/with/different/packagename/testcarver/DateTimeConverter.timeZone : Ljava/util/TimeZone;
    POP
    LDC -2147483637
    LDC "com/examples/with/different/packagename/testcarver/DateTimeConverter"
    LDC "timeZone"
    LDC "Ljava/util/TimeZone;"
    INVOKESTATIC org/evosuite/testcarver/capture/FieldRegistry.notifyModification (Ljava/lang/Object;ILjava/lang/String;Ljava/lang/String;Ljava/lang/String;)V
   L1
    LINENUMBER 144 L1
    RETURN
   L2
    LOCALVARIABLE this Lcom/examples/with/different/packagename/testcarver/DateTimeConverter; L0 L2 0
    LOCALVARIABLE timeZone Ljava/util/TimeZone; L0 L2 1
    MAXSTACK = 6
    MAXLOCALS = 2

  // access flags 0x2
  private _sw_prototype_original_getLocale()Ljava/util/Locale;
   L0
    LINENUMBER 153 L0
    ALOAD 0
    DUP
    GETFIELD com/examples/with/different/packagename/testcarver/DateTimeConverter.locale : Ljava/util/Locale;
    SWAP
    LDC -2147483634
    LDC "com/examples/with/different/packagename/testcarver/DateTimeConverter"
    LDC "locale"
    LDC "Ljava/util/Locale;"
    INVOKESTATIC org/evosuite/testcarver/capture/FieldRegistry.notifyReadAccess (Ljava/lang/Object;ILjava/lang/String;Ljava/lang/String;Ljava/lang/String;)V
    ARETURN
   L1
    LOCALVARIABLE this Lcom/examples/with/different/packagename/testcarver/DateTimeConverter; L0 L1 0
    MAXSTACK = 5
    MAXLOCALS = 1

  // access flags 0x2
  private _sw_prototype_original_setLocale(Ljava/util/Locale;)V
   L0
    LINENUMBER 162 L0
    ALOAD 0
    ALOAD 1
    DUP2
    PUTFIELD com/examples/with/different/packagename/testcarver/DateTimeConverter.locale : Ljava/util/Locale;
    POP
    LDC -2147483632
    LDC "com/examples/with/different/packagename/testcarver/DateTimeConverter"
    LDC "locale"
    LDC "Ljava/util/Locale;"
    INVOKESTATIC org/evosuite/testcarver/capture/FieldRegistry.notifyModification (Ljava/lang/Object;ILjava/lang/String;Ljava/lang/String;Ljava/lang/String;)V
   L1
    LINENUMBER 163 L1
    ALOAD 0
    ICONST_1
    INVOKEVIRTUAL com/examples/with/different/packagename/testcarver/DateTimeConverter.setUseLocaleFormat (Z)V
   L2
    LINENUMBER 164 L2
    RETURN
   L3
    LOCALVARIABLE this Lcom/examples/with/different/packagename/testcarver/DateTimeConverter; L0 L3 0
    LOCALVARIABLE locale Ljava/util/Locale; L0 L3 1
    MAXSTACK = 6
    MAXLOCALS = 2

  // access flags 0x2
  private _sw_prototype_original_setPattern(Ljava/lang/String;)V
   L0
    LINENUMBER 174 L0
    ALOAD 0
    ICONST_1
    ANEWARRAY java/lang/String
    DUP
    ICONST_0
    ALOAD 1
    AASTORE
    INVOKEVIRTUAL com/examples/with/different/packagename/testcarver/DateTimeConverter.setPatterns ([Ljava/lang/String;)V
   L1
    LINENUMBER 175 L1
    RETURN
   L2
    LOCALVARIABLE this Lcom/examples/with/different/packagename/testcarver/DateTimeConverter; L0 L2 0
    LOCALVARIABLE pattern Ljava/lang/String; L0 L2 1
    MAXSTACK = 9
    MAXLOCALS = 2

  // access flags 0x2
  private _sw_prototype_original_getPatterns()[Ljava/lang/String;
   L0
    LINENUMBER 186 L0
    ALOAD 0
    DUP
    GETFIELD com/examples/with/different/packagename/testcarver/DateTimeConverter.patterns : [Ljava/lang/String;
    SWAP
    LDC -2147483628
    LDC "com/examples/with/different/packagename/testcarver/DateTimeConverter"
    LDC "patterns"
    LDC "[Ljava/lang/String;"
    INVOKESTATIC org/evosuite/testcarver/capture/FieldRegistry.notifyReadAccess (Ljava/lang/Object;ILjava/lang/String;Ljava/lang/String;Ljava/lang/String;)V
    ARETURN
   L1
    LOCALVARIABLE this Lcom/examples/with/different/packagename/testcarver/DateTimeConverter; L0 L1 0
    MAXSTACK = 5
    MAXLOCALS = 1

  // access flags 0x2
  private _sw_prototype_original_setPatterns([Ljava/lang/String;)V
   L0
    LINENUMBER 197 L0
    ALOAD 0
    ALOAD 1
    DUP2
    PUTFIELD com/examples/with/different/packagename/testcarver/DateTimeConverter.patterns : [Ljava/lang/String;
    POP
    LDC -2147483626
    LDC "com/examples/with/different/packagename/testcarver/DateTimeConverter"
    LDC "patterns"
    LDC "[Ljava/lang/String;"
    INVOKESTATIC org/evosuite/testcarver/capture/FieldRegistry.notifyModification (Ljava/lang/Object;ILjava/lang/String;Ljava/lang/String;Ljava/lang/String;)V
   L1
    LINENUMBER 198 L1
    ALOAD 1
    IFNULL L2
    ALOAD 1
    ARRAYLENGTH
    ICONST_1
    IF_ICMPLE L2
   L3
    LINENUMBER 199 L3
    NEW java/lang/StringBuffer
    DUP
    INVOKESPECIAL java/lang/StringBuffer.<init> ()V
    ASTORE 2
   L4
    LINENUMBER 200 L4
    ICONST_0
    ISTORE 3
   L5
    ILOAD 3
    ALOAD 1
    ARRAYLENGTH
    IF_ICMPGE L6
   L7
    LINENUMBER 201 L7
    ILOAD 3
    IFLE L8
   L9
    LINENUMBER 202 L9
    ALOAD 2
    LDC ", "
    INVOKEVIRTUAL java/lang/StringBuffer.append (Ljava/lang/String;)Ljava/lang/StringBuffer;
    POP
   L8
    LINENUMBER 204 L8
    ALOAD 2
    ALOAD 1
    ILOAD 3
    AALOAD
    INVOKEVIRTUAL java/lang/StringBuffer.append (Ljava/lang/String;)Ljava/lang/StringBuffer;
    POP
   L10
    LINENUMBER 200 L10
    IINC 3 1
    GOTO L5
   L6
    LINENUMBER 206 L6
    ALOAD 0
    ALOAD 2
    INVOKEVIRTUAL java/lang/StringBuffer.toString ()Ljava/lang/String;
    DUP2
    PUTFIELD com/examples/with/different/packagename/testcarver/DateTimeConverter.displayPatterns : Ljava/lang/String;
    POP
    LDC -2147483624
    LDC "com/examples/with/different/packagename/testcarver/DateTimeConverter"
    LDC "displayPatterns"
    LDC "Ljava/lang/String;"
    INVOKESTATIC org/evosuite/testcarver/capture/FieldRegistry.notifyModification (Ljava/lang/Object;ILjava/lang/String;Ljava/lang/String;Ljava/lang/String;)V
   L2
    LINENUMBER 208 L2
    ALOAD 0
    ICONST_1
    INVOKEVIRTUAL com/examples/with/different/packagename/testcarver/DateTimeConverter.setUseLocaleFormat (Z)V
   L11
    LINENUMBER 209 L11
    RETURN
   L12
    LOCALVARIABLE i I L5 L6 3
    LOCALVARIABLE buffer Ljava/lang/StringBuffer; L4 L2 2
    LOCALVARIABLE this Lcom/examples/with/different/packagename/testcarver/DateTimeConverter; L0 L12 0
    LOCALVARIABLE patterns [Ljava/lang/String; L0 L12 1
    MAXSTACK = 7
    MAXLOCALS = 4

  // access flags 0x4
  protected convertToString(Ljava/lang/Object;)Ljava/lang/String; throws java/lang/Throwable
   L0
    LINENUMBER 228 L0
    ACONST_NULL
    ASTORE 2
   L1
    LINENUMBER 229 L1
    ALOAD 1
    INSTANCEOF java/util/Date
    IFEQ L2
   L3
    LINENUMBER 230 L3
    ALOAD 1
    CHECKCAST org/evosuite/testcarver/wrapper/java/util/Date
    ASTORE 2
    GOTO L4
   L2
    LINENUMBER 231 L2
    ALOAD 1
    INSTANCEOF java/util/Calendar
    IFEQ L5
   L6
    LINENUMBER 232 L6
    ALOAD 1
    CHECKCAST org/evosuite/testcarver/wrapper/java/util/Calendar
    INVOKESTATIC org/evosuite/testcarver/wrapper/java/util/Calendar.getTime (Ljava/util/Calendar;)Ljava/util/Date;
    ASTORE 2
    GOTO L4
   L5
    LINENUMBER 233 L5
    ALOAD 1
    INSTANCEOF java/lang/Long
    IFEQ L4
   L7
    LINENUMBER 234 L7
    NEW org/evosuite/testcarver/wrapper/java/util/Date
    DUP
    ALOAD 1
    CHECKCAST java/lang/Long
    INVOKEVIRTUAL java/lang/Long.longValue ()J
    INVOKESPECIAL org/evosuite/testcarver/wrapper/java/util/Date.<init> (J)V
    ASTORE 2
   L4
    LINENUMBER 237 L4
    ACONST_NULL
    ASTORE 3
   L8
    LINENUMBER 238 L8
    ALOAD 0
    GETFIELD com/examples/with/different/packagename/testcarver/DateTimeConverter.useLocaleFormat : Z
    IFEQ L9
    ALOAD 2
    IFNULL L9
   L10
    LINENUMBER 239 L10
    ACONST_NULL
    ASTORE 4
   L11
    LINENUMBER 240 L11
    ALOAD 0
    GETFIELD com/examples/with/different/packagename/testcarver/DateTimeConverter.patterns : [Ljava/lang/String;
    IFNULL L12
    ALOAD 0
    GETFIELD com/examples/with/different/packagename/testcarver/DateTimeConverter.patterns : [Ljava/lang/String;
    ARRAYLENGTH
    IFLE L12
   L13
    LINENUMBER 241 L13
    ALOAD 0
    ALOAD 0
    GETFIELD com/examples/with/different/packagename/testcarver/DateTimeConverter.patterns : [Ljava/lang/String;
    ICONST_0
    AALOAD
    INVOKESPECIAL com/examples/with/different/packagename/testcarver/DateTimeConverter.getFormat (Ljava/lang/String;)Ljava/text/DateFormat;
    ASTORE 4
    GOTO L14
   L12
    LINENUMBER 243 L12
    ALOAD 0
    ALOAD 0
    GETFIELD com/examples/with/different/packagename/testcarver/DateTimeConverter.locale : Ljava/util/Locale;
    ALOAD 0
    GETFIELD com/examples/with/different/packagename/testcarver/DateTimeConverter.timeZone : Ljava/util/TimeZone;
    INVOKEVIRTUAL com/examples/with/different/packagename/testcarver/DateTimeConverter.getFormat (Ljava/util/Locale;Ljava/util/TimeZone;)Ljava/text/DateFormat;
    ASTORE 4
   L14
    LINENUMBER 245 L14
    ALOAD 0
    LDC "Formatting"
    ALOAD 4
    INVOKESPECIAL com/examples/with/different/packagename/testcarver/DateTimeConverter.logFormat (Ljava/lang/String;Ljava/text/DateFormat;)V
   L15
    LINENUMBER 246 L15
    ALOAD 4
    ALOAD 2
    INVOKESTATIC org/evosuite/testcarver/wrapper/java/text/DateFormat.format (Ljava/text/DateFormat;Ljava/util/Date;)Ljava/lang/String;
    ASTORE 3
   L16
    LINENUMBER 247 L16
    GOTO L17
   L9
    LINENUMBER 248 L9
    ALOAD 1
    INVOKEVIRTUAL java/lang/Object.toString ()Ljava/lang/String;
    ASTORE 3
   L17
    LINENUMBER 250 L17
    ALOAD 3
    ARETURN
   L18
    LOCALVARIABLE format Ljava/text/DateFormat; L11 L16 4
    LOCALVARIABLE this Lcom/examples/with/different/packagename/testcarver/DateTimeConverter; L0 L18 0
    LOCALVARIABLE value Ljava/lang/Object; L0 L18 1
    LOCALVARIABLE date Ljava/util/Date; L1 L18 2
    LOCALVARIABLE result Ljava/lang/String; L8 L18 3
    MAXSTACK = 4
    MAXLOCALS = 5

  // access flags 0x4
  protected convertToType(Ljava/lang/Class;Ljava/lang/Object;)Ljava/lang/Object; throws java/lang/Exception
   L0
    LINENUMBER 284 L0
    ALOAD 2
    INVOKEVIRTUAL java/lang/Object.getClass ()Ljava/lang/Class;
    ASTORE 3
   L1
    LINENUMBER 287 L1
    ALOAD 2
    INSTANCEOF java/sql/Timestamp
    IFEQ L2
   L3
    LINENUMBER 293 L3
    ALOAD 2
    CHECKCAST java/sql/Timestamp
    ASTORE 4
   L4
    LINENUMBER 294 L4
    ALOAD 4
    INVOKEVIRTUAL java/sql/Timestamp.getTime ()J
    LDC 1000L
    LDIV
    LDC 1000L
    LMUL
    LSTORE 5
   L5
    LINENUMBER 295 L5
    LLOAD 5
    ALOAD 4
    INVOKEVIRTUAL java/sql/Timestamp.getNanos ()I
    LDC 1000000
    IDIV
    I2L
    LADD
    LSTORE 5
   L6
    LINENUMBER 297 L6
    ALOAD 0
    ALOAD 1
    LLOAD 5
    INVOKESPECIAL com/examples/with/different/packagename/testcarver/DateTimeConverter.toDate (Ljava/lang/Class;J)Ljava/lang/Object;
    ARETURN
   L2
    LINENUMBER 301 L2
    ALOAD 2
    INSTANCEOF java/util/Date
    IFEQ L7
   L8
    LINENUMBER 302 L8
    ALOAD 2
    CHECKCAST org/evosuite/testcarver/wrapper/java/util/Date
    ASTORE 4
   L9
    LINENUMBER 303 L9
    ALOAD 0
    ALOAD 1
    ALOAD 4
    INVOKEVIRTUAL java/util/Date.getTime ()J
    INVOKESPECIAL com/examples/with/different/packagename/testcarver/DateTimeConverter.toDate (Ljava/lang/Class;J)Ljava/lang/Object;
    ARETURN
   L7
    LINENUMBER 307 L7
    ALOAD 2
    INSTANCEOF java/util/Calendar
    IFEQ L10
   L11
    LINENUMBER 308 L11
    ALOAD 2
    CHECKCAST org/evosuite/testcarver/wrapper/java/util/Calendar
    ASTORE 4
   L12
    LINENUMBER 309 L12
    ALOAD 0
    ALOAD 1
    ALOAD 4
    INVOKESTATIC org/evosuite/testcarver/wrapper/java/util/Calendar.getTime (Ljava/util/Calendar;)Ljava/util/Date;
    INVOKEVIRTUAL java/util/Date.getTime ()J
    INVOKESPECIAL com/examples/with/different/packagename/testcarver/DateTimeConverter.toDate (Ljava/lang/Class;J)Ljava/lang/Object;
    ARETURN
   L10
    LINENUMBER 313 L10
    ALOAD 2
    INSTANCEOF java/lang/Long
    IFEQ L13
   L14
    LINENUMBER 314 L14
    ALOAD 2
    CHECKCAST java/lang/Long
    ASTORE 4
   L15
    LINENUMBER 315 L15
    ALOAD 0
    ALOAD 1
    ALOAD 4
    INVOKEVIRTUAL java/lang/Long.longValue ()J
    INVOKESPECIAL com/examples/with/different/packagename/testcarver/DateTimeConverter.toDate (Ljava/lang/Class;J)Ljava/lang/Object;
    ARETURN
   L13
    LINENUMBER 319 L13
    ALOAD 2
    INVOKEVIRTUAL java/lang/Object.toString ()Ljava/lang/String;
    INVOKEVIRTUAL java/lang/String.trim ()Ljava/lang/String;
    ASTORE 4
   L16
    LINENUMBER 320 L16
    ALOAD 4
    INVOKEVIRTUAL java/lang/String.length ()I
    IFNE L17
   L18
    LINENUMBER 321 L18
    ALOAD 0
    ALOAD 1
    INVOKEVIRTUAL com/examples/with/different/packagename/testcarver/DateTimeConverter.handleMissing (Ljava/lang/Class;)Ljava/lang/Object;
    ARETURN
   L17
    LINENUMBER 325 L17
    ALOAD 0
    GETFIELD com/examples/with/different/packagename/testcarver/DateTimeConverter.useLocaleFormat : Z
    IFEQ L19
   L20
    LINENUMBER 326 L20
    ACONST_NULL
    ASTORE 5
   L21
    LINENUMBER 327 L21
    ALOAD 0
    GETFIELD com/examples/with/different/packagename/testcarver/DateTimeConverter.patterns : [Ljava/lang/String;
    IFNULL L22
    ALOAD 0
    GETFIELD com/examples/with/different/packagename/testcarver/DateTimeConverter.patterns : [Ljava/lang/String;
    ARRAYLENGTH
    IFLE L22
   L23
    LINENUMBER 328 L23
    ALOAD 0
    ALOAD 3
    ALOAD 1
    ALOAD 4
    INVOKESPECIAL com/examples/with/different/packagename/testcarver/DateTimeConverter.parse (Ljava/lang/Class;Ljava/lang/Class;Ljava/lang/String;)Ljava/util/Calendar;
    ASTORE 5
    GOTO L24
   L22
    LINENUMBER 330 L22
    ALOAD 0
    ALOAD 0
    GETFIELD com/examples/with/different/packagename/testcarver/DateTimeConverter.locale : Ljava/util/Locale;
    ALOAD 0
    GETFIELD com/examples/with/different/packagename/testcarver/DateTimeConverter.timeZone : Ljava/util/TimeZone;
    INVOKEVIRTUAL com/examples/with/different/packagename/testcarver/DateTimeConverter.getFormat (Ljava/util/Locale;Ljava/util/TimeZone;)Ljava/text/DateFormat;
    ASTORE 6
   L25
    LINENUMBER 331 L25
    ALOAD 0
    ALOAD 3
    ALOAD 1
    ALOAD 4
    ALOAD 6
    INVOKESPECIAL com/examples/with/different/packagename/testcarver/DateTimeConverter.parse (Ljava/lang/Class;Ljava/lang/Class;Ljava/lang/String;Ljava/text/DateFormat;)Ljava/util/Calendar;
    ASTORE 5
   L24
    LINENUMBER 333 L24
    LDC Ljava/util/Calendar;.class
    ALOAD 1
    INVOKEVIRTUAL java/lang/Class.isAssignableFrom (Ljava/lang/Class;)Z
    IFEQ L26
   L27
    LINENUMBER 334 L27
    ALOAD 5
    ARETURN
   L26
    LINENUMBER 336 L26
    ALOAD 0
    ALOAD 1
    ALOAD 5
    INVOKESTATIC org/evosuite/testcarver/wrapper/java/util/Calendar.getTime (Ljava/util/Calendar;)Ljava/util/Date;
    INVOKEVIRTUAL java/util/Date.getTime ()J
    INVOKESPECIAL com/examples/with/different/packagename/testcarver/DateTimeConverter.toDate (Ljava/lang/Class;J)Ljava/lang/Object;
    ARETURN
   L19
    LINENUMBER 341 L19
    ALOAD 0
    ALOAD 1
    ALOAD 4
    INVOKESPECIAL com/examples/with/different/packagename/testcarver/DateTimeConverter.toDate (Ljava/lang/Class;Ljava/lang/String;)Ljava/lang/Object;
    ARETURN
   L28
    LOCALVARIABLE timestamp Ljava/sql/Timestamp; L4 L2 4
    LOCALVARIABLE timeInMillis J L5 L2 5
    LOCALVARIABLE date Ljava/util/Date; L9 L7 4
    LOCALVARIABLE calendar Ljava/util/Calendar; L12 L10 4
    LOCALVARIABLE longObj Ljava/lang/Long; L15 L13 4
    LOCALVARIABLE format Ljava/text/DateFormat; L25 L24 6
    LOCALVARIABLE calendar Ljava/util/Calendar; L21 L19 5
    LOCALVARIABLE this Lcom/examples/with/different/packagename/testcarver/DateTimeConverter; L0 L28 0
    LOCALVARIABLE targetType Ljava/lang/Class; L0 L28 1
    LOCALVARIABLE value Ljava/lang/Object; L0 L28 2
    LOCALVARIABLE sourceType Ljava/lang/Class; L1 L28 3
    LOCALVARIABLE stringValue Ljava/lang/String; L16 L28 4
    MAXSTACK = 5
    MAXLOCALS = 7

  // access flags 0x2
  private toDate(Ljava/lang/Class;J)Ljava/lang/Object;
   L0
    LINENUMBER 366 L0
    ALOAD 1
    LDC Ljava/util/Date;.class
    INVOKEVIRTUAL java/lang/Object.equals (Ljava/lang/Object;)Z
    IFEQ L1
   L2
    LINENUMBER 367 L2
    NEW org/evosuite/testcarver/wrapper/java/util/Date
    DUP
    LLOAD 2
    INVOKESPECIAL org/evosuite/testcarver/wrapper/java/util/Date.<init> (J)V
    ARETURN
   L1
    LINENUMBER 371 L1
    ALOAD 1
    LDC Ljava/sql/Date;.class
    INVOKEVIRTUAL java/lang/Object.equals (Ljava/lang/Object;)Z
    IFEQ L3
   L4
    LINENUMBER 372 L4
    NEW java/sql/Date
    DUP
    LLOAD 2
    INVOKESPECIAL java/sql/Date.<init> (J)V
    ARETURN
   L3
    LINENUMBER 376 L3
    ALOAD 1
    LDC Ljava/sql/Time;.class
    INVOKEVIRTUAL java/lang/Object.equals (Ljava/lang/Object;)Z
    IFEQ L5
   L6
    LINENUMBER 377 L6
    NEW java/sql/Time
    DUP
    LLOAD 2
    INVOKESPECIAL java/sql/Time.<init> (J)V
    ARETURN
   L5
    LINENUMBER 381 L5
    ALOAD 1
    LDC Ljava/sql/Timestamp;.class
    INVOKEVIRTUAL java/lang/Object.equals (Ljava/lang/Object;)Z
    IFEQ L7
   L8
    LINENUMBER 382 L8
    NEW java/sql/Timestamp
    DUP
    LLOAD 2
    INVOKESPECIAL java/sql/Timestamp.<init> (J)V
    ARETURN
   L7
    LINENUMBER 386 L7
    ALOAD 1
    LDC Ljava/util/Calendar;.class
    INVOKEVIRTUAL java/lang/Object.equals (Ljava/lang/Object;)Z
    IFEQ L9
   L10
    LINENUMBER 387 L10
    ACONST_NULL
    ASTORE 4
   L11
    LINENUMBER 388 L11
    ALOAD 0
    GETFIELD com/examples/with/different/packagename/testcarver/DateTimeConverter.locale : Ljava/util/Locale;
    IFNONNULL L12
    ALOAD 0
    GETFIELD com/examples/with/different/packagename/testcarver/DateTimeConverter.timeZone : Ljava/util/TimeZone;
    IFNONNULL L12
   L13
    LINENUMBER 389 L13
    INVOKESTATIC org/evosuite/testcarver/wrapper/java/util/Calendar.getInstance ()Ljava/util/Calendar;
    ASTORE 4
    GOTO L14
   L12
    LINENUMBER 390 L12
    ALOAD 0
    GETFIELD com/examples/with/different/packagename/testcarver/DateTimeConverter.locale : Ljava/util/Locale;
    IFNONNULL L15
   L16
    LINENUMBER 391 L16
    ALOAD 0
    GETFIELD com/examples/with/different/packagename/testcarver/DateTimeConverter.timeZone : Ljava/util/TimeZone;
    INVOKESTATIC org/evosuite/testcarver/wrapper/java/util/Calendar.getInstance (Ljava/util/TimeZone;)Ljava/util/Calendar;
    ASTORE 4
    GOTO L14
   L15
    LINENUMBER 392 L15
    ALOAD 0
    GETFIELD com/examples/with/different/packagename/testcarver/DateTimeConverter.timeZone : Ljava/util/TimeZone;
    IFNONNULL L17
   L18
    LINENUMBER 393 L18
    ALOAD 0
    GETFIELD com/examples/with/different/packagename/testcarver/DateTimeConverter.locale : Ljava/util/Locale;
    INVOKESTATIC org/evosuite/testcarver/wrapper/java/util/Calendar.getInstance (Ljava/util/Locale;)Ljava/util/Calendar;
    ASTORE 4
    GOTO L14
   L17
    LINENUMBER 395 L17
    ALOAD 0
    GETFIELD com/examples/with/different/packagename/testcarver/DateTimeConverter.timeZone : Ljava/util/TimeZone;
    ALOAD 0
    GETFIELD com/examples/with/different/packagename/testcarver/DateTimeConverter.locale : Ljava/util/Locale;
    INVOKESTATIC org/evosuite/testcarver/wrapper/java/util/Calendar.getInstance (Ljava/util/TimeZone;Ljava/util/Locale;)Ljava/util/Calendar;
    ASTORE 4
   L14
    LINENUMBER 397 L14
    ALOAD 4
    NEW org/evosuite/testcarver/wrapper/java/util/Date
    DUP
    LLOAD 2
    INVOKESPECIAL org/evosuite/testcarver/wrapper/java/util/Date.<init> (J)V
    INVOKESTATIC org/evosuite/testcarver/wrapper/java/util/Calendar.setTime (Ljava/util/Calendar;Ljava/util/Date;)V
   L19
    LINENUMBER 398 L19
    ALOAD 4
    ICONST_0
    INVOKEVIRTUAL java/util/Calendar.setLenient (Z)V
   L20
    LINENUMBER 399 L20
    ALOAD 4
    ARETURN
   L9
    LINENUMBER 402 L9
    NEW java/lang/StringBuilder
    DUP
    INVOKESPECIAL java/lang/StringBuilder.<init> ()V
    ALOAD 0
    ALOAD 0
    INVOKEVIRTUAL java/lang/Object.getClass ()Ljava/lang/Class;
    INVOKEVIRTUAL com/examples/with/different/packagename/testcarver/DateTimeConverter.toString (Ljava/lang/Class;)Ljava/lang/String;
    INVOKEVIRTUAL java/lang/StringBuilder.append (Ljava/lang/String;)Ljava/lang/StringBuilder;
    LDC " cannot handle conversion to '"
    INVOKEVIRTUAL java/lang/StringBuilder.append (Ljava/lang/String;)Ljava/lang/StringBuilder;
    ALOAD 0
    ALOAD 1
   L21
    LINENUMBER 403 L21
    INVOKEVIRTUAL com/examples/with/different/packagename/testcarver/DateTimeConverter.toString (Ljava/lang/Class;)Ljava/lang/String;
    INVOKEVIRTUAL java/lang/StringBuilder.append (Ljava/lang/String;)Ljava/lang/StringBuilder;
    LDC "'"
    INVOKEVIRTUAL java/lang/StringBuilder.append (Ljava/lang/String;)Ljava/lang/StringBuilder;
    INVOKEVIRTUAL java/lang/StringBuilder.toString ()Ljava/lang/String;
    ASTORE 4
   L22
    LINENUMBER 404 L22
    NEW com/examples/with/different/packagename/testcarver/ConversionException
    DUP
    ALOAD 4
    INVOKESPECIAL com/examples/with/different/packagename/testcarver/ConversionException.<init> (Ljava/lang/String;)V
    ATHROW
   L23
    LOCALVARIABLE calendar Ljava/util/Calendar; L11 L9 4
    LOCALVARIABLE this Lcom/examples/with/different/packagename/testcarver/DateTimeConverter; L0 L23 0
    LOCALVARIABLE type Ljava/lang/Class; L0 L23 1
    LOCALVARIABLE value J L0 L23 2
    LOCALVARIABLE msg Ljava/lang/String; L22 L23 4
    MAXSTACK = 5
    MAXLOCALS = 5

  // access flags 0x2
  private toDate(Ljava/lang/Class;Ljava/lang/String;)Ljava/lang/Object;
    TRYCATCHBLOCK L0 L1 L2 java/lang/IllegalArgumentException
    TRYCATCHBLOCK L3 L4 L5 java/lang/IllegalArgumentException
    TRYCATCHBLOCK L6 L7 L8 java/lang/IllegalArgumentException
   L9
    LINENUMBER 427 L9
    ALOAD 1
    LDC Ljava/sql/Date;.class
    INVOKEVIRTUAL java/lang/Object.equals (Ljava/lang/Object;)Z
    IFEQ L10
   L0
    LINENUMBER 429 L0
    ALOAD 2
    INVOKESTATIC java/sql/Date.valueOf (Ljava/lang/String;)Ljava/sql/Date;
   L1
    ARETURN
   L2
    LINENUMBER 430 L2
    ASTORE 3
   L11
    LINENUMBER 431 L11
    NEW com/examples/with/different/packagename/testcarver/ConversionException
    DUP
    LDC "String must be in JDBC format [yyyy-MM-dd] to create a java.sql.Date"
    INVOKESPECIAL com/examples/with/different/packagename/testcarver/ConversionException.<init> (Ljava/lang/String;)V
    ATHROW
   L10
    LINENUMBER 437 L10
    ALOAD 1
    LDC Ljava/sql/Time;.class
    INVOKEVIRTUAL java/lang/Object.equals (Ljava/lang/Object;)Z
    IFEQ L12
   L3
    LINENUMBER 439 L3
    ALOAD 2
    INVOKESTATIC java/sql/Time.valueOf (Ljava/lang/String;)Ljava/sql/Time;
   L4
    ARETURN
   L5
    LINENUMBER 440 L5
    ASTORE 3
   L13
    LINENUMBER 441 L13
    NEW com/examples/with/different/packagename/testcarver/ConversionException
    DUP
    LDC "String must be in JDBC format [HH:mm:ss] to create a java.sql.Time"
    INVOKESPECIAL com/examples/with/different/packagename/testcarver/ConversionException.<init> (Ljava/lang/String;)V
    ATHROW
   L12
    LINENUMBER 447 L12
    ALOAD 1
    LDC Ljava/sql/Timestamp;.class
    INVOKEVIRTUAL java/lang/Object.equals (Ljava/lang/Object;)Z
    IFEQ L14
   L6
    LINENUMBER 449 L6
    ALOAD 2
    INVOKESTATIC java/sql/Timestamp.valueOf (Ljava/lang/String;)Ljava/sql/Timestamp;
   L7
    ARETURN
   L8
    LINENUMBER 450 L8
    ASTORE 3
   L15
    LINENUMBER 451 L15
    NEW com/examples/with/different/packagename/testcarver/ConversionException
    DUP
    LDC "String must be in JDBC format [yyyy-MM-dd HH:mm:ss.fffffffff] to create a java.sql.Timestamp"
    INVOKESPECIAL com/examples/with/different/packagename/testcarver/ConversionException.<init> (Ljava/lang/String;)V
    ATHROW
   L14
    LINENUMBER 457 L14
    NEW java/lang/StringBuilder
    DUP
    INVOKESPECIAL java/lang/StringBuilder.<init> ()V
    ALOAD 0
    ALOAD 0
    INVOKEVIRTUAL java/lang/Object.getClass ()Ljava/lang/Class;
    INVOKEVIRTUAL com/examples/with/different/packagename/testcarver/DateTimeConverter.toString (Ljava/lang/Class;)Ljava/lang/String;
    INVOKEVIRTUAL java/lang/StringBuilder.append (Ljava/lang/String;)Ljava/lang/StringBuilder;
    LDC " does not support default String to '"
    INVOKEVIRTUAL java/lang/StringBuilder.append (Ljava/lang/String;)Ljava/lang/StringBuilder;
    ALOAD 0
    ALOAD 1
   L16
    LINENUMBER 458 L16
    INVOKEVIRTUAL com/examples/with/different/packagename/testcarver/DateTimeConverter.toString (Ljava/lang/Class;)Ljava/lang/String;
    INVOKEVIRTUAL java/lang/StringBuilder.append (Ljava/lang/String;)Ljava/lang/StringBuilder;
    LDC "' conversion."
    INVOKEVIRTUAL java/lang/StringBuilder.append (Ljava/lang/String;)Ljava/lang/StringBuilder;
    INVOKEVIRTUAL java/lang/StringBuilder.toString ()Ljava/lang/String;
    ASTORE 3
   L17
    LINENUMBER 459 L17
    NEW com/examples/with/different/packagename/testcarver/ConversionException
    DUP
    ALOAD 3
    INVOKESPECIAL com/examples/with/different/packagename/testcarver/ConversionException.<init> (Ljava/lang/String;)V
    ATHROW
   L18
    LOCALVARIABLE e Ljava/lang/IllegalArgumentException; L11 L10 3
    LOCALVARIABLE e Ljava/lang/IllegalArgumentException; L13 L12 3
    LOCALVARIABLE e Ljava/lang/IllegalArgumentException; L15 L14 3
    LOCALVARIABLE this Lcom/examples/with/different/packagename/testcarver/DateTimeConverter; L9 L18 0
    LOCALVARIABLE type Ljava/lang/Class; L9 L18 1
    LOCALVARIABLE value Ljava/lang/String; L9 L18 2
    LOCALVARIABLE msg Ljava/lang/String; L17 L18 3
    MAXSTACK = 3
    MAXLOCALS = 4

  // access flags 0x4
  protected getFormat(Ljava/util/Locale;Ljava/util/TimeZone;)Ljava/text/DateFormat;
   L0
    LINENUMBER 470 L0
    ACONST_NULL
    ASTORE 3
   L1
    LINENUMBER 471 L1
    ALOAD 1
    IFNONNULL L2
   L3
    LINENUMBER 472 L3
    ICONST_3
    INVOKESTATIC org/evosuite/testcarver/wrapper/java/text/DateFormat.getDateInstance_final (I)Ljava/text/DateFormat;
    ASTORE 3
    GOTO L4
   L2
    LINENUMBER 474 L2
    ICONST_3
    ALOAD 1
    INVOKESTATIC org/evosuite/testcarver/wrapper/java/text/DateFormat.getDateInstance_final (ILjava/util/Locale;)Ljava/text/DateFormat;
    ASTORE 3
   L4
    LINENUMBER 476 L4
    ALOAD 2
    IFNULL L5
   L6
    LINENUMBER 477 L6
    ALOAD 3
    ALOAD 2
    INVOKEVIRTUAL java/text/DateFormat.setTimeZone (Ljava/util/TimeZone;)V
   L5
    LINENUMBER 479 L5
    ALOAD 3
    ARETURN
   L7
    LOCALVARIABLE this Lcom/examples/with/different/packagename/testcarver/DateTimeConverter; L0 L7 0
    LOCALVARIABLE locale Ljava/util/Locale; L0 L7 1
    LOCALVARIABLE timeZone Ljava/util/TimeZone; L0 L7 2
    LOCALVARIABLE format Ljava/text/DateFormat; L1 L7 3
    MAXSTACK = 2
    MAXLOCALS = 4

  // access flags 0x2
  private getFormat(Ljava/lang/String;)Ljava/text/DateFormat;
   L0
    LINENUMBER 489 L0
    NEW org/evosuite/testcarver/wrapper/java/text/SimpleDateFormat
    DUP
    ALOAD 1
    INVOKESPECIAL org/evosuite/testcarver/wrapper/java/text/SimpleDateFormat.<init> (Ljava/lang/String;)V
    ASTORE 2
   L1
    LINENUMBER 490 L1
    ALOAD 0
    GETFIELD com/examples/with/different/packagename/testcarver/DateTimeConverter.timeZone : Ljava/util/TimeZone;
    IFNULL L2
   L3
    LINENUMBER 491 L3
    ALOAD 2
    ALOAD 0
    GETFIELD com/examples/with/different/packagename/testcarver/DateTimeConverter.timeZone : Ljava/util/TimeZone;
    INVOKEVIRTUAL java/text/DateFormat.setTimeZone (Ljava/util/TimeZone;)V
   L2
    LINENUMBER 493 L2
    ALOAD 2
    ARETURN
   L4
    LOCALVARIABLE this Lcom/examples/with/different/packagename/testcarver/DateTimeConverter; L0 L4 0
    LOCALVARIABLE pattern Ljava/lang/String; L0 L4 1
    LOCALVARIABLE format Ljava/text/DateFormat; L1 L4 2
    MAXSTACK = 3
    MAXLOCALS = 3

  // access flags 0x2
  private parse(Ljava/lang/Class;Ljava/lang/Class;Ljava/lang/String;)Ljava/util/Calendar; throws java/lang/Exception
    TRYCATCHBLOCK L0 L1 L2 java/lang/Exception
   L3
    LINENUMBER 506 L3
    ACONST_NULL
    ASTORE 4
   L4
    LINENUMBER 507 L4
    ICONST_0
    ISTORE 5
   L5
    ILOAD 5
    ALOAD 0
    GETFIELD com/examples/with/different/packagename/testcarver/DateTimeConverter.patterns : [Ljava/lang/String;
    ARRAYLENGTH
    IF_ICMPGE L6
   L0
    LINENUMBER 509 L0
    ALOAD 0
    ALOAD 0
    GETFIELD com/examples/with/different/packagename/testcarver/DateTimeConverter.patterns : [Ljava/lang/String;
    ILOAD 5
    AALOAD
    INVOKESPECIAL com/examples/with/different/packagename/testcarver/DateTimeConverter.getFormat (Ljava/lang/String;)Ljava/text/DateFormat;
    ASTORE 6
   L7
    LINENUMBER 510 L7
    ALOAD 0
    ALOAD 1
    ALOAD 2
    ALOAD 3
    ALOAD 6
    INVOKESPECIAL com/examples/with/different/packagename/testcarver/DateTimeConverter.parse (Ljava/lang/Class;Ljava/lang/Class;Ljava/lang/String;Ljava/text/DateFormat;)Ljava/util/Calendar;
    ASTORE 7
   L8
    LINENUMBER 511 L8
    ALOAD 7
   L1
    ARETURN
   L2
    LINENUMBER 512 L2
    ASTORE 6
   L9
    LINENUMBER 513 L9
    ALOAD 4
    IFNONNULL L10
   L11
    LINENUMBER 514 L11
    ALOAD 6
    ASTORE 4
   L10
    LINENUMBER 507 L10
    IINC 5 1
    GOTO L5
   L6
    LINENUMBER 518 L6
    ALOAD 0
    GETFIELD com/examples/with/different/packagename/testcarver/DateTimeConverter.patterns : [Ljava/lang/String;
    ARRAYLENGTH
    ICONST_1
    IF_ICMPLE L12
   L13
    LINENUMBER 519 L13
    NEW com/examples/with/different/packagename/testcarver/ConversionException
    DUP
    NEW java/lang/StringBuilder
    DUP
    INVOKESPECIAL java/lang/StringBuilder.<init> ()V
    LDC "Error converting '"
    INVOKEVIRTUAL java/lang/StringBuilder.append (Ljava/lang/String;)Ljava/lang/StringBuilder;
    ALOAD 0
    ALOAD 1
    INVOKEVIRTUAL com/examples/with/different/packagename/testcarver/DateTimeConverter.toString (Ljava/lang/Class;)Ljava/lang/String;
    INVOKEVIRTUAL java/lang/StringBuilder.append (Ljava/lang/String;)Ljava/lang/StringBuilder;
    LDC "' to '"
    INVOKEVIRTUAL java/lang/StringBuilder.append (Ljava/lang/String;)Ljava/lang/StringBuilder;
    ALOAD 0
    ALOAD 2
    INVOKEVIRTUAL com/examples/with/different/packagename/testcarver/DateTimeConverter.toString (Ljava/lang/Class;)Ljava/lang/String;
    INVOKEVIRTUAL java/lang/StringBuilder.append (Ljava/lang/String;)Ljava/lang/StringBuilder;
    LDC "' using  patterns '"
    INVOKEVIRTUAL java/lang/StringBuilder.append (Ljava/lang/String;)Ljava/lang/StringBuilder;
    ALOAD 0
    GETFIELD com/examples/with/different/packagename/testcarver/DateTimeConverter.displayPatterns : Ljava/lang/String;
    INVOKEVIRTUAL java/lang/StringBuilder.append (Ljava/lang/String;)Ljava/lang/StringBuilder;
    LDC "'"
    INVOKEVIRTUAL java/lang/StringBuilder.append (Ljava/lang/String;)Ljava/lang/StringBuilder;
    INVOKEVIRTUAL java/lang/StringBuilder.toString ()Ljava/lang/String;
    INVOKESPECIAL com/examples/with/different/packagename/testcarver/ConversionException.<init> (Ljava/lang/String;)V
    ATHROW
   L12
    LINENUMBER 522 L12
    ALOAD 4
    ATHROW
   L14
    LOCALVARIABLE format Ljava/text/DateFormat; L7 L2 6
    LOCALVARIABLE calendar Ljava/util/Calendar; L8 L2 7
    LOCALVARIABLE ex Ljava/lang/Exception; L9 L10 6
    LOCALVARIABLE i I L5 L6 5
    LOCALVARIABLE this Lcom/examples/with/different/packagename/testcarver/DateTimeConverter; L3 L14 0
    LOCALVARIABLE sourceType Ljava/lang/Class; L3 L14 1
    LOCALVARIABLE targetType Ljava/lang/Class; L3 L14 2
    LOCALVARIABLE value Ljava/lang/String; L3 L14 3
    LOCALVARIABLE firstEx Ljava/lang/Exception; L4 L14 4
    MAXSTACK = 5
    MAXLOCALS = 8

  // access flags 0x2
  private parse(Ljava/lang/Class;Ljava/lang/Class;Ljava/lang/String;Ljava/text/DateFormat;)Ljava/util/Calendar;
   L0
    LINENUMBER 538 L0
    ALOAD 0
    LDC "Parsing"
    ALOAD 4
    INVOKESPECIAL com/examples/with/different/packagename/testcarver/DateTimeConverter.logFormat (Ljava/lang/String;Ljava/text/DateFormat;)V
   L1
    LINENUMBER 539 L1
    ALOAD 4
    ICONST_0
    INVOKEVIRTUAL java/text/DateFormat.setLenient (Z)V
   L2
    LINENUMBER 540 L2
    NEW java/text/ParsePosition
    DUP
    ICONST_0
    INVOKESPECIAL java/text/ParsePosition.<init> (I)V
    ASTORE 5
   L3
    LINENUMBER 541 L3
    ALOAD 4
    ALOAD 3
    ALOAD 5
    INVOKEVIRTUAL java/text/DateFormat.parse (Ljava/lang/String;Ljava/text/ParsePosition;)Ljava/util/Date;
    ASTORE 6
   L4
    LINENUMBER 542 L4
    ALOAD 5
    INVOKEVIRTUAL java/text/ParsePosition.getErrorIndex ()I
    IFGE L5
    ALOAD 5
    INVOKEVIRTUAL java/text/ParsePosition.getIndex ()I
    ALOAD 3
    INVOKEVIRTUAL java/lang/String.length ()I
    IF_ICMPNE L5
    ALOAD 6
    IFNONNULL L6
   L5
    LINENUMBER 543 L5
    NEW java/lang/StringBuilder
    DUP
    INVOKESPECIAL java/lang/StringBuilder.<init> ()V
    LDC "Error converting '"
    INVOKEVIRTUAL java/lang/StringBuilder.append (Ljava/lang/String;)Ljava/lang/StringBuilder;
    ALOAD 0
    ALOAD 1
    INVOKEVIRTUAL com/examples/with/different/packagename/testcarver/DateTimeConverter.toString (Ljava/lang/Class;)Ljava/lang/String;
    INVOKEVIRTUAL java/lang/StringBuilder.append (Ljava/lang/String;)Ljava/lang/StringBuilder;
    LDC "' to '"
    INVOKEVIRTUAL java/lang/StringBuilder.append (Ljava/lang/String;)Ljava/lang/StringBuilder;
    ALOAD 0
    ALOAD 2
    INVOKEVIRTUAL com/examples/with/different/packagename/testcarver/DateTimeConverter.toString (Ljava/lang/Class;)Ljava/lang/String;
    INVOKEVIRTUAL java/lang/StringBuilder.append (Ljava/lang/String;)Ljava/lang/StringBuilder;
    LDC "'"
    INVOKEVIRTUAL java/lang/StringBuilder.append (Ljava/lang/String;)Ljava/lang/StringBuilder;
    INVOKEVIRTUAL java/lang/StringBuilder.toString ()Ljava/lang/String;
    ASTORE 7
   L7
    LINENUMBER 544 L7
    ALOAD 4
    INSTANCEOF java/text/SimpleDateFormat
    IFEQ L8
   L9
    LINENUMBER 545 L9
    NEW java/lang/StringBuilder
    DUP
    INVOKESPECIAL java/lang/StringBuilder.<init> ()V
    ALOAD 7
    INVOKEVIRTUAL java/lang/StringBuilder.append (Ljava/lang/String;)Ljava/lang/StringBuilder;
    LDC " using pattern '"
    INVOKEVIRTUAL java/lang/StringBuilder.append (Ljava/lang/String;)Ljava/lang/StringBuilder;
    ALOAD 4
    CHECKCAST org/evosuite/testcarver/wrapper/java/text/SimpleDateFormat
    INVOKEVIRTUAL java/text/SimpleDateFormat.toPattern ()Ljava/lang/String;
    INVOKEVIRTUAL java/lang/StringBuilder.append (Ljava/lang/String;)Ljava/lang/StringBuilder;
    LDC "'"
    INVOKEVIRTUAL java/lang/StringBuilder.append (Ljava/lang/String;)Ljava/lang/StringBuilder;
    INVOKEVIRTUAL java/lang/StringBuilder.toString ()Ljava/lang/String;
    ASTORE 7
   L8
    LINENUMBER 547 L8
    NEW com/examples/with/different/packagename/testcarver/ConversionException
    DUP
    ALOAD 7
    INVOKESPECIAL com/examples/with/different/packagename/testcarver/ConversionException.<init> (Ljava/lang/String;)V
    ATHROW
   L6
    LINENUMBER 549 L6
    ALOAD 4
    INVOKEVIRTUAL java/text/DateFormat.getCalendar ()Ljava/util/Calendar;
    ASTORE 7
   L10
    LINENUMBER 550 L10
    ALOAD 7
    ARETURN
   L11
    LOCALVARIABLE msg Ljava/lang/String; L7 L6 7
    LOCALVARIABLE this Lcom/examples/with/different/packagename/testcarver/DateTimeConverter; L0 L11 0
    LOCALVARIABLE sourceType Ljava/lang/Class; L0 L11 1
    LOCALVARIABLE targetType Ljava/lang/Class; L0 L11 2
    LOCALVARIABLE value Ljava/lang/String; L0 L11 3
    LOCALVARIABLE format Ljava/text/DateFormat; L0 L11 4
    LOCALVARIABLE pos Ljava/text/ParsePosition; L3 L11 5
    LOCALVARIABLE parsedDate Ljava/util/Date; L4 L11 6
    LOCALVARIABLE calendar Ljava/util/Calendar; L10 L11 7
    MAXSTACK = 3
    MAXLOCALS = 8

  // access flags 0x2
  private _sw_prototype_original_toString()Ljava/lang/String;
   L0
    LINENUMBER 559 L0
    NEW java/lang/StringBuffer
    DUP
    INVOKESPECIAL java/lang/StringBuffer.<init> ()V
    ASTORE 1
   L1
    LINENUMBER 560 L1
    ALOAD 1
    ALOAD 0
    ALOAD 0
    INVOKEVIRTUAL java/lang/Object.getClass ()Ljava/lang/Class;
    INVOKEVIRTUAL com/examples/with/different/packagename/testcarver/DateTimeConverter.toString (Ljava/lang/Class;)Ljava/lang/String;
    INVOKEVIRTUAL java/lang/StringBuffer.append (Ljava/lang/String;)Ljava/lang/StringBuffer;
    POP
   L2
    LINENUMBER 561 L2
    ALOAD 1
    LDC "[UseDefault="
    INVOKEVIRTUAL java/lang/StringBuffer.append (Ljava/lang/String;)Ljava/lang/StringBuffer;
    POP
   L3
    LINENUMBER 562 L3
    ALOAD 1
    ALOAD 0
    INVOKEVIRTUAL com/examples/with/different/packagename/testcarver/DateTimeConverter.isUseDefault ()Z
    INVOKEVIRTUAL java/lang/StringBuffer.append (Z)Ljava/lang/StringBuffer;
    POP
   L4
    LINENUMBER 563 L4
    ALOAD 1
    LDC ", UseLocaleFormat="
    INVOKEVIRTUAL java/lang/StringBuffer.append (Ljava/lang/String;)Ljava/lang/StringBuffer;
    POP
   L5
    LINENUMBER 564 L5
    ALOAD 1
    ALOAD 0
    DUP
    GETFIELD com/examples/with/different/packagename/testcarver/DateTimeConverter.useLocaleFormat : Z
    SWAP
    LDC -2147483621
    LDC "com/examples/with/different/packagename/testcarver/DateTimeConverter"
    LDC "useLocaleFormat"
    LDC "Z"
    INVOKESTATIC org/evosuite/testcarver/capture/FieldRegistry.notifyReadAccess (Ljava/lang/Object;ILjava/lang/String;Ljava/lang/String;Ljava/lang/String;)V
    INVOKEVIRTUAL java/lang/StringBuffer.append (Z)Ljava/lang/StringBuffer;
    POP
   L6
    LINENUMBER 565 L6
    ALOAD 0
    DUP
    GETFIELD com/examples/with/different/packagename/testcarver/DateTimeConverter.displayPatterns : Ljava/lang/String;
    SWAP
    LDC -2147483620
    LDC "com/examples/with/different/packagename/testcarver/DateTimeConverter"
    LDC "displayPatterns"
    LDC "Ljava/lang/String;"
    INVOKESTATIC org/evosuite/testcarver/capture/FieldRegistry.notifyReadAccess (Ljava/lang/Object;ILjava/lang/String;Ljava/lang/String;Ljava/lang/String;)V
    IFNULL L7
   L8
    LINENUMBER 566 L8
    ALOAD 1
    LDC ", Patterns={"
    INVOKEVIRTUAL java/lang/StringBuffer.append (Ljava/lang/String;)Ljava/lang/StringBuffer;
    POP
   L9
    LINENUMBER 567 L9
    ALOAD 1
    ALOAD 0
    DUP
    GETFIELD com/examples/with/different/packagename/testcarver/DateTimeConverter.displayPatterns : Ljava/lang/String;
    SWAP
    LDC -2147483619
    LDC "com/examples/with/different/packagename/testcarver/DateTimeConverter"
    LDC "displayPatterns"
    LDC "Ljava/lang/String;"
    INVOKESTATIC org/evosuite/testcarver/capture/FieldRegistry.notifyReadAccess (Ljava/lang/Object;ILjava/lang/String;Ljava/lang/String;Ljava/lang/String;)V
    INVOKEVIRTUAL java/lang/StringBuffer.append (Ljava/lang/String;)Ljava/lang/StringBuffer;
    POP
   L10
    LINENUMBER 568 L10
    ALOAD 1
    BIPUSH 125
    INVOKEVIRTUAL java/lang/StringBuffer.append (C)Ljava/lang/StringBuffer;
    POP
   L7
    LINENUMBER 570 L7
    ALOAD 0
    DUP
    GETFIELD com/examples/with/different/packagename/testcarver/DateTimeConverter.locale : Ljava/util/Locale;
    SWAP
    LDC -2147483618
    LDC "com/examples/with/different/packagename/testcarver/DateTimeConverter"
    LDC "locale"
    LDC "Ljava/util/Locale;"
    INVOKESTATIC org/evosuite/testcarver/capture/FieldRegistry.notifyReadAccess (Ljava/lang/Object;ILjava/lang/String;Ljava/lang/String;Ljava/lang/String;)V
    IFNULL L11
   L12
    LINENUMBER 571 L12
    ALOAD 1
    LDC ", Locale="
    INVOKEVIRTUAL java/lang/StringBuffer.append (Ljava/lang/String;)Ljava/lang/StringBuffer;
    POP
   L13
    LINENUMBER 572 L13
    ALOAD 1
    ALOAD 0
    DUP
    GETFIELD com/examples/with/different/packagename/testcarver/DateTimeConverter.locale : Ljava/util/Locale;
    SWAP
    LDC -2147483617
    LDC "com/examples/with/different/packagename/testcarver/DateTimeConverter"
    LDC "locale"
    LDC "Ljava/util/Locale;"
    INVOKESTATIC org/evosuite/testcarver/capture/FieldRegistry.notifyReadAccess (Ljava/lang/Object;ILjava/lang/String;Ljava/lang/String;Ljava/lang/String;)V
    INVOKEVIRTUAL java/lang/StringBuffer.append (Ljava/lang/Object;)Ljava/lang/StringBuffer;
    POP
   L11
    LINENUMBER 574 L11
    ALOAD 0
    DUP
    GETFIELD com/examples/with/different/packagename/testcarver/DateTimeConverter.timeZone : Ljava/util/TimeZone;
    SWAP
    LDC -2147483616
    LDC "com/examples/with/different/packagename/testcarver/DateTimeConverter"
    LDC "timeZone"
    LDC "Ljava/util/TimeZone;"
    INVOKESTATIC org/evosuite/testcarver/capture/FieldRegistry.notifyReadAccess (Ljava/lang/Object;ILjava/lang/String;Ljava/lang/String;Ljava/lang/String;)V
    IFNULL L14
   L15
    LINENUMBER 575 L15
    ALOAD 1
    LDC ", TimeZone="
    INVOKEVIRTUAL java/lang/StringBuffer.append (Ljava/lang/String;)Ljava/lang/StringBuffer;
    POP
   L16
    LINENUMBER 576 L16
    ALOAD 1
    ALOAD 0
    DUP
    GETFIELD com/examples/with/different/packagename/testcarver/DateTimeConverter.timeZone : Ljava/util/TimeZone;
    SWAP
    LDC -2147483615
    LDC "com/examples/with/different/packagename/testcarver/DateTimeConverter"
    LDC "timeZone"
    LDC "Ljava/util/TimeZone;"
    INVOKESTATIC org/evosuite/testcarver/capture/FieldRegistry.notifyReadAccess (Ljava/lang/Object;ILjava/lang/String;Ljava/lang/String;Ljava/lang/String;)V
    INVOKEVIRTUAL java/lang/StringBuffer.append (Ljava/lang/Object;)Ljava/lang/StringBuffer;
    POP
   L14
    LINENUMBER 578 L14
    ALOAD 1
    BIPUSH 93
    INVOKEVIRTUAL java/lang/StringBuffer.append (C)Ljava/lang/StringBuffer;
    POP
   L17
    LINENUMBER 579 L17
    ALOAD 1
    INVOKEVIRTUAL java/lang/StringBuffer.toString ()Ljava/lang/String;
    ARETURN
   L18
    LOCALVARIABLE this Lcom/examples/with/different/packagename/testcarver/DateTimeConverter; L0 L18 0
    LOCALVARIABLE buffer Ljava/lang/StringBuffer; L1 L18 1
    MAXSTACK = 7
    MAXLOCALS = 2

  // access flags 0x2
  private logFormat(Ljava/lang/String;Ljava/text/DateFormat;)V
   L0
    LINENUMBER 590 L0
    RETURN
   L1
    LOCALVARIABLE this Lcom/examples/with/different/packagename/testcarver/DateTimeConverter; L0 L1 0
    LOCALVARIABLE action Ljava/lang/String; L0 L1 1
    LOCALVARIABLE format Ljava/text/DateFormat; L0 L1 2
    MAXSTACK = 0
    MAXLOCALS = 3

  // access flags 0x1
  public setUseLocaleFormat(Z)V
    TRYCATCHBLOCK L0 L1 L1 java/lang/Throwable
   L0
    LDC -2147483640
    ALOAD 0
    LDC "setUseLocaleFormat"
    LDC "(Z)V"
    BIPUSH 1
    ANEWARRAY java/lang/Object
    DUP
    BIPUSH 0
    ILOAD 1
    INVOKESTATIC java/lang/Boolean.valueOf (Z)Ljava/lang/Boolean;
    AASTORE
    INVOKESTATIC org/evosuite/testcarver/capture/Capturer.capture (ILjava/lang/Object;Ljava/lang/String;Ljava/lang/String;[Ljava/lang/Object;)V
    ALOAD 0
    ILOAD 1
    INVOKEVIRTUAL com/examples/with/different/packagename/testcarver/DateTimeConverter._sw_prototype_original_setUseLocaleFormat (Z)V
    GOTO L2
   L1
   FRAME SAME1 java/lang/Throwable
    ASTORE 2
    LDC -2147483640
    ALOAD 0
    GETSTATIC org/evosuite/testcarver/capture/CaptureLog.RETURN_TYPE_VOID : Ljava/lang/Object;
    INVOKESTATIC org/evosuite/testcarver/capture/Capturer.enable (ILjava/lang/Object;Ljava/lang/Object;)V
    ALOAD 2
    ATHROW
   L2
   FRAME SAME
    LDC -2147483640
    ALOAD 0
    GETSTATIC org/evosuite/testcarver/capture/CaptureLog.RETURN_TYPE_VOID : Ljava/lang/Object;
    INVOKESTATIC org/evosuite/testcarver/capture/Capturer.enable (ILjava/lang/Object;Ljava/lang/Object;)V
    RETURN
    MAXSTACK = 6
    MAXLOCALS = 0

  // access flags 0x1
  public getTimeZone()Ljava/util/TimeZone;
    TRYCATCHBLOCK L0 L1 L2 java/lang/Throwable
    ACONST_NULL
    ASTORE 1
   L0
    LDC -2147483638
    ALOAD 0
    LDC "getTimeZone"
    LDC "()Ljava/util/TimeZone;"
    BIPUSH 0
    ANEWARRAY java/lang/Object
    INVOKESTATIC org/evosuite/testcarver/capture/Capturer.capture (ILjava/lang/Object;Ljava/lang/String;Ljava/lang/String;[Ljava/lang/Object;)V
    ALOAD 0
    INVOKEVIRTUAL com/examples/with/different/packagename/testcarver/DateTimeConverter._sw_prototype_original_getTimeZone ()Ljava/util/TimeZone;
    ASTORE 1
    ALOAD 1
    ASTORE 3
   L1
    LDC -2147483638
    ALOAD 0
    ALOAD 1
    INVOKESTATIC org/evosuite/testcarver/capture/Capturer.enable (ILjava/lang/Object;Ljava/lang/Object;)V
    ALOAD 3
    ARETURN
   L2
   FRAME FULL [com/examples/with/different/packagename/testcarver/DateTimeConverter java/util/TimeZone] [java/lang/Throwable]
    ASTORE 2
    LDC -2147483638
    ALOAD 0
    ALOAD 1
    INVOKESTATIC org/evosuite/testcarver/capture/Capturer.enable (ILjava/lang/Object;Ljava/lang/Object;)V
    ALOAD 2
    ATHROW
    MAXSTACK = 5
    MAXLOCALS = 0

  // access flags 0x1
  public setTimeZone(Ljava/util/TimeZone;)V
    TRYCATCHBLOCK L0 L1 L1 java/lang/Throwable
   L0
    LDC -2147483635
    ALOAD 0
    LDC "setTimeZone"
    LDC "(Ljava/util/TimeZone;)V"
    BIPUSH 1
    ANEWARRAY java/lang/Object
    DUP
    BIPUSH 0
    ALOAD 1
    AASTORE
    INVOKESTATIC org/evosuite/testcarver/capture/Capturer.capture (ILjava/lang/Object;Ljava/lang/String;Ljava/lang/String;[Ljava/lang/Object;)V
    ALOAD 0
    ALOAD 1
    INVOKEVIRTUAL com/examples/with/different/packagename/testcarver/DateTimeConverter._sw_prototype_original_setTimeZone (Ljava/util/TimeZone;)V
    GOTO L2
   L1
   FRAME SAME1 java/lang/Throwable
    ASTORE 2
    LDC -2147483635
    ALOAD 0
    GETSTATIC org/evosuite/testcarver/capture/CaptureLog.RETURN_TYPE_VOID : Ljava/lang/Object;
    INVOKESTATIC org/evosuite/testcarver/capture/Capturer.enable (ILjava/lang/Object;Ljava/lang/Object;)V
    ALOAD 2
    ATHROW
   L2
   FRAME SAME
    LDC -2147483635
    ALOAD 0
    GETSTATIC org/evosuite/testcarver/capture/CaptureLog.RETURN_TYPE_VOID : Ljava/lang/Object;
    INVOKESTATIC org/evosuite/testcarver/capture/Capturer.enable (ILjava/lang/Object;Ljava/lang/Object;)V
    RETURN
    MAXSTACK = 6
    MAXLOCALS = 0

  // access flags 0x1
  public getLocale()Ljava/util/Locale;
    TRYCATCHBLOCK L0 L1 L2 java/lang/Throwable
    ACONST_NULL
    ASTORE 1
   L0
    LDC -2147483633
    ALOAD 0
    LDC "getLocale"
    LDC "()Ljava/util/Locale;"
    BIPUSH 0
    ANEWARRAY java/lang/Object
    INVOKESTATIC org/evosuite/testcarver/capture/Capturer.capture (ILjava/lang/Object;Ljava/lang/String;Ljava/lang/String;[Ljava/lang/Object;)V
    ALOAD 0
    INVOKEVIRTUAL com/examples/with/different/packagename/testcarver/DateTimeConverter._sw_prototype_original_getLocale ()Ljava/util/Locale;
    ASTORE 1
    ALOAD 1
    ASTORE 3
   L1
    LDC -2147483633
    ALOAD 0
    ALOAD 1
    INVOKESTATIC org/evosuite/testcarver/capture/Capturer.enable (ILjava/lang/Object;Ljava/lang/Object;)V
    ALOAD 3
    ARETURN
   L2
   FRAME FULL [com/examples/with/different/packagename/testcarver/DateTimeConverter java/util/Locale] [java/lang/Throwable]
    ASTORE 2
    LDC -2147483633
    ALOAD 0
    ALOAD 1
    INVOKESTATIC org/evosuite/testcarver/capture/Capturer.enable (ILjava/lang/Object;Ljava/lang/Object;)V
    ALOAD 2
    ATHROW
    MAXSTACK = 5
    MAXLOCALS = 0

  // access flags 0x1
  public setLocale(Ljava/util/Locale;)V
    TRYCATCHBLOCK L0 L1 L1 java/lang/Throwable
   L0
    LDC -2147483630
    ALOAD 0
    LDC "setLocale"
    LDC "(Ljava/util/Locale;)V"
    BIPUSH 1
    ANEWARRAY java/lang/Object
    DUP
    BIPUSH 0
    ALOAD 1
    AASTORE
    INVOKESTATIC org/evosuite/testcarver/capture/Capturer.capture (ILjava/lang/Object;Ljava/lang/String;Ljava/lang/String;[Ljava/lang/Object;)V
    ALOAD 0
    ALOAD 1
    INVOKEVIRTUAL com/examples/with/different/packagename/testcarver/DateTimeConverter._sw_prototype_original_setLocale (Ljava/util/Locale;)V
    GOTO L2
   L1
   FRAME SAME1 java/lang/Throwable
    ASTORE 2
    LDC -2147483630
    ALOAD 0
    GETSTATIC org/evosuite/testcarver/capture/CaptureLog.RETURN_TYPE_VOID : Ljava/lang/Object;
    INVOKESTATIC org/evosuite/testcarver/capture/Capturer.enable (ILjava/lang/Object;Ljava/lang/Object;)V
    ALOAD 2
    ATHROW
   L2
   FRAME SAME
    LDC -2147483630
    ALOAD 0
    GETSTATIC org/evosuite/testcarver/capture/CaptureLog.RETURN_TYPE_VOID : Ljava/lang/Object;
    INVOKESTATIC org/evosuite/testcarver/capture/Capturer.enable (ILjava/lang/Object;Ljava/lang/Object;)V
    RETURN
    MAXSTACK = 6
    MAXLOCALS = 0

  // access flags 0x1
  public setPattern(Ljava/lang/String;)V
    TRYCATCHBLOCK L0 L1 L1 java/lang/Throwable
   L0
    LDC -2147483629
    ALOAD 0
    LDC "setPattern"
    LDC "(Ljava/lang/String;)V"
    BIPUSH 1
    ANEWARRAY java/lang/Object
    DUP
    BIPUSH 0
    ALOAD 1
    AASTORE
    INVOKESTATIC org/evosuite/testcarver/capture/Capturer.capture (ILjava/lang/Object;Ljava/lang/String;Ljava/lang/String;[Ljava/lang/Object;)V
    ALOAD 0
    ALOAD 1
    INVOKEVIRTUAL com/examples/with/different/packagename/testcarver/DateTimeConverter._sw_prototype_original_setPattern (Ljava/lang/String;)V
    GOTO L2
   L1
   FRAME SAME1 java/lang/Throwable
    ASTORE 2
    LDC -2147483629
    ALOAD 0
    GETSTATIC org/evosuite/testcarver/capture/CaptureLog.RETURN_TYPE_VOID : Ljava/lang/Object;
    INVOKESTATIC org/evosuite/testcarver/capture/Capturer.enable (ILjava/lang/Object;Ljava/lang/Object;)V
    ALOAD 2
    ATHROW
   L2
   FRAME SAME
    LDC -2147483629
    ALOAD 0
    GETSTATIC org/evosuite/testcarver/capture/CaptureLog.RETURN_TYPE_VOID : Ljava/lang/Object;
    INVOKESTATIC org/evosuite/testcarver/capture/Capturer.enable (ILjava/lang/Object;Ljava/lang/Object;)V
    RETURN
    MAXSTACK = 9
    MAXLOCALS = 0

  // access flags 0x1
  public getPatterns()[Ljava/lang/String;
    TRYCATCHBLOCK L0 L1 L2 java/lang/Throwable
    ACONST_NULL
    ASTORE 1
   L0
    LDC -2147483627
    ALOAD 0
    LDC "getPatterns"
    LDC "()[Ljava/lang/String;"
    BIPUSH 0
    ANEWARRAY java/lang/Object
    INVOKESTATIC org/evosuite/testcarver/capture/Capturer.capture (ILjava/lang/Object;Ljava/lang/String;Ljava/lang/String;[Ljava/lang/Object;)V
    ALOAD 0
    INVOKEVIRTUAL com/examples/with/different/packagename/testcarver/DateTimeConverter._sw_prototype_original_getPatterns ()[Ljava/lang/String;
    ASTORE 1
    ALOAD 1
    ASTORE 3
   L1
    LDC -2147483627
    ALOAD 0
    ALOAD 1
    INVOKESTATIC org/evosuite/testcarver/capture/Capturer.enable (ILjava/lang/Object;Ljava/lang/Object;)V
    ALOAD 3
    ARETURN
   L2
   FRAME FULL [com/examples/with/different/packagename/testcarver/DateTimeConverter [Ljava/lang/String;] [java/lang/Throwable]
    ASTORE 2
    LDC -2147483627
    ALOAD 0
    ALOAD 1
    INVOKESTATIC org/evosuite/testcarver/capture/Capturer.enable (ILjava/lang/Object;Ljava/lang/Object;)V
    ALOAD 2
    ATHROW
    MAXSTACK = 5
    MAXLOCALS = 0

  // access flags 0x1
  public setPatterns([Ljava/lang/String;)V
    TRYCATCHBLOCK L0 L1 L1 java/lang/Throwable
   L0
    LDC -2147483622
    ALOAD 0
    LDC "setPatterns"
    LDC "([Ljava/lang/String;)V"
    BIPUSH 1
    ANEWARRAY java/lang/Object
    DUP
    BIPUSH 0
    ALOAD 1
    AASTORE
    INVOKESTATIC org/evosuite/testcarver/capture/Capturer.capture (ILjava/lang/Object;Ljava/lang/String;Ljava/lang/String;[Ljava/lang/Object;)V
    ALOAD 0
    ALOAD 1
    INVOKEVIRTUAL com/examples/with/different/packagename/testcarver/DateTimeConverter._sw_prototype_original_setPatterns ([Ljava/lang/String;)V
    GOTO L2
   L1
   FRAME SAME1 java/lang/Throwable
    ASTORE 2
    LDC -2147483622
    ALOAD 0
    GETSTATIC org/evosuite/testcarver/capture/CaptureLog.RETURN_TYPE_VOID : Ljava/lang/Object;
    INVOKESTATIC org/evosuite/testcarver/capture/Capturer.enable (ILjava/lang/Object;Ljava/lang/Object;)V
    ALOAD 2
    ATHROW
   L2
   FRAME SAME
    LDC -2147483622
    ALOAD 0
    GETSTATIC org/evosuite/testcarver/capture/CaptureLog.RETURN_TYPE_VOID : Ljava/lang/Object;
    INVOKESTATIC org/evosuite/testcarver/capture/Capturer.enable (ILjava/lang/Object;Ljava/lang/Object;)V
    RETURN
    MAXSTACK = 7
    MAXLOCALS = 0

  // access flags 0x1
  public toString()Ljava/lang/String;
    TRYCATCHBLOCK L0 L1 L2 java/lang/Throwable
    ACONST_NULL
    ASTORE 1
   L0
    LDC -2147483614
    ALOAD 0
    LDC "toString"
    LDC "()Ljava/lang/String;"
    BIPUSH 0
    ANEWARRAY java/lang/Object
    INVOKESTATIC org/evosuite/testcarver/capture/Capturer.capture (ILjava/lang/Object;Ljava/lang/String;Ljava/lang/String;[Ljava/lang/Object;)V
    ALOAD 0
    INVOKEVIRTUAL com/examples/with/different/packagename/testcarver/DateTimeConverter._sw_prototype_original_toString ()Ljava/lang/String;
    ASTORE 1
    ALOAD 1
    ASTORE 3
   L1
    LDC -2147483614
    ALOAD 0
    ALOAD 1
    INVOKESTATIC org/evosuite/testcarver/capture/Capturer.enable (ILjava/lang/Object;Ljava/lang/Object;)V
    ALOAD 3
    ARETURN
   L2
   FRAME FULL [com/examples/with/different/packagename/testcarver/DateTimeConverter java/lang/String] [java/lang/Throwable]
    ASTORE 2
    LDC -2147483614
    ALOAD 0
    ALOAD 1
    INVOKESTATIC org/evosuite/testcarver/capture/Capturer.enable (ILjava/lang/Object;Ljava/lang/Object;)V
    ALOAD 2
    ATHROW
    MAXSTACK = 7
    MAXLOCALS = 0
}
INFO  org.evosuite.testcarver.extraction.CarvingClassLoader - Seeing class for first time: com.examples.with.different.packagename.testcarver.AbstractConverter
WARN  org.evosuite.testcarver.extraction.CarvingClassLoader - Instrumenting class 'com.examples.with.different.packagename.testcarver.AbstractConverter'.
INFO  org.evosuite.testcarver.instrument.Instrumenter - Checking package com.examples.with.different.packagename.testcarver for class com/examples/with/different/packagename/testcarver/AbstractConverter
// class version 52.0 (52)
// access flags 0x421
public abstract class com/examples/with/different/packagename/testcarver/AbstractConverter implements com/examples/with/different/packagename/testcarver/Converter {

  // compiled from: AbstractConverter.java

  // access flags 0x1A
  private final static Ljava/lang/String; DEFAULT_CONFIG_MSG = "(N.B. Converters can be configured to use default values to avoid throwing exceptions)"

  // access flags 0x1A
  private final static Ljava/lang/String; PACKAGE = "org.apache.commons.beanutils.converters."

  // access flags 0x2
  private Z useDefault

  // access flags 0x2
  private Ljava/lang/Object; defaultValue

  // access flags 0x1
  public <init>()V
   L0
    LINENUMBER 82 L0
    ALOAD 0
    INVOKESPECIAL java/lang/Object.<init> ()V
   L1
    LINENUMBER 69 L1
    ALOAD 0
    ICONST_0
    PUTFIELD com/examples/with/different/packagename/testcarver/AbstractConverter.useDefault : Z
   L2
    LINENUMBER 74 L2
    ALOAD 0
    ACONST_NULL
    PUTFIELD com/examples/with/different/packagename/testcarver/AbstractConverter.defaultValue : Ljava/lang/Object;
   L3
    LINENUMBER 83 L3
    RETURN
   L4
    LOCALVARIABLE this Lcom/examples/with/different/packagename/testcarver/AbstractConverter; L0 L4 0
    MAXSTACK = 2
    MAXLOCALS = 1

  // access flags 0x1
  public <init>(Ljava/lang/Object;)V
   L0
    LINENUMBER 93 L0
    ALOAD 0
    INVOKESPECIAL java/lang/Object.<init> ()V
   L1
    LINENUMBER 69 L1
    ALOAD 0
    ICONST_0
    PUTFIELD com/examples/with/different/packagename/testcarver/AbstractConverter.useDefault : Z
   L2
    LINENUMBER 74 L2
    ALOAD 0
    ACONST_NULL
    PUTFIELD com/examples/with/different/packagename/testcarver/AbstractConverter.defaultValue : Ljava/lang/Object;
   L3
    LINENUMBER 94 L3
    ALOAD 0
    ALOAD 1
    INVOKEVIRTUAL com/examples/with/different/packagename/testcarver/AbstractConverter.setDefaultValue (Ljava/lang/Object;)V
   L4
    LINENUMBER 95 L4
    RETURN
   L5
    LOCALVARIABLE this Lcom/examples/with/different/packagename/testcarver/AbstractConverter; L0 L5 0
    LOCALVARIABLE defaultValue Ljava/lang/Object; L0 L5 1
    MAXSTACK = 2
    MAXLOCALS = 2

  // access flags 0x2
  private _sw_prototype_original_isUseDefault()Z
   L0
    LINENUMBER 108 L0
    ALOAD 0
    DUP
    GETFIELD com/examples/with/different/packagename/testcarver/AbstractConverter.useDefault : Z
    SWAP
    LDC -2147483613
    LDC "com/examples/with/different/packagename/testcarver/AbstractConverter"
    LDC "useDefault"
    LDC "Z"
    INVOKESTATIC org/evosuite/testcarver/capture/FieldRegistry.notifyReadAccess (Ljava/lang/Object;ILjava/lang/String;Ljava/lang/String;Ljava/lang/String;)V
    IRETURN
   L1
    LOCALVARIABLE this Lcom/examples/with/different/packagename/testcarver/AbstractConverter; L0 L1 0
    MAXSTACK = 5
    MAXLOCALS = 1

  // access flags 0x2
  private _sw_prototype_original_convert(Ljava/lang/Class;Ljava/lang/Object;)Ljava/lang/Object;
    TRYCATCHBLOCK L0 L1 L2 java/lang/Throwable
    TRYCATCHBLOCK L3 L4 L2 java/lang/Throwable
    TRYCATCHBLOCK L5 L6 L2 java/lang/Throwable
   L7
    LINENUMBER 123 L7
    ALOAD 2
    IFNONNULL L8
    ACONST_NULL
    GOTO L9
   L8
    ALOAD 2
    INVOKEVIRTUAL java/lang/Object.getClass ()Ljava/lang/Class;
   L9
    ASTORE 3
   L10
    LINENUMBER 124 L10
    ALOAD 0
    ALOAD 1
    IFNONNULL L11
    ALOAD 0
    INVOKEVIRTUAL com/examples/with/different/packagename/testcarver/AbstractConverter.getDefaultType ()Ljava/lang/Class;
    GOTO L12
   L11
    ALOAD 1
   L12
    INVOKEVIRTUAL com/examples/with/different/packagename/testcarver/AbstractConverter.primitive (Ljava/lang/Class;)Ljava/lang/Class;
    ASTORE 4
   L13
    LINENUMBER 126 L13
    ALOAD 0
    ALOAD 2
    INVOKEVIRTUAL com/examples/with/different/packagename/testcarver/AbstractConverter.convertArray (Ljava/lang/Object;)Ljava/lang/Object;
    ASTORE 2
   L14
    LINENUMBER 129 L14
    ALOAD 2
    IFNONNULL L15
   L16
    LINENUMBER 130 L16
    ALOAD 0
    ALOAD 4
    INVOKEVIRTUAL com/examples/with/different/packagename/testcarver/AbstractConverter.handleMissing (Ljava/lang/Class;)Ljava/lang/Object;
    ARETURN
   L15
    LINENUMBER 133 L15
    ALOAD 2
    INVOKEVIRTUAL java/lang/Object.getClass ()Ljava/lang/Class;
    ASTORE 3
   L0
    LINENUMBER 137 L0
    ALOAD 4
    LDC Ljava/lang/String;.class
    INVOKEVIRTUAL java/lang/Object.equals (Ljava/lang/Object;)Z
    IFEQ L3
   L17
    LINENUMBER 138 L17
    ALOAD 0
    ALOAD 2
    INVOKEVIRTUAL com/examples/with/different/packagename/testcarver/AbstractConverter.convertToString (Ljava/lang/Object;)Ljava/lang/String;
   L1
    ARETURN
   L3
    LINENUMBER 141 L3
    ALOAD 4
    ALOAD 3
    INVOKEVIRTUAL java/lang/Object.equals (Ljava/lang/Object;)Z
    IFEQ L5
   L18
    LINENUMBER 142 L18
    ALOAD 2
   L4
    ARETURN
   L5
    LINENUMBER 146 L5
    ALOAD 0
    ALOAD 4
    ALOAD 2
    INVOKEVIRTUAL com/examples/with/different/packagename/testcarver/AbstractConverter.convertToType (Ljava/lang/Class;Ljava/lang/Object;)Ljava/lang/Object;
    ASTORE 5
   L19
    LINENUMBER 147 L19
    ALOAD 5
   L6
    ARETURN
   L2
    LINENUMBER 149 L2
    ASTORE 5
   L20
    LINENUMBER 150 L20
    ALOAD 0
    ALOAD 4
    ALOAD 2
    ALOAD 5
    INVOKEVIRTUAL com/examples/with/different/packagename/testcarver/AbstractConverter.handleError (Ljava/lang/Class;Ljava/lang/Object;Ljava/lang/Throwable;)Ljava/lang/Object;
    ARETURN
   L21
    LOCALVARIABLE result Ljava/lang/Object; L19 L2 5
    LOCALVARIABLE t Ljava/lang/Throwable; L20 L21 5
    LOCALVARIABLE this Lcom/examples/with/different/packagename/testcarver/AbstractConverter; L7 L21 0
    LOCALVARIABLE type Ljava/lang/Class; L7 L21 1
    LOCALVARIABLE value Ljava/lang/Object; L7 L21 2
    LOCALVARIABLE sourceType Ljava/lang/Class; L10 L21 3
    LOCALVARIABLE targetType Ljava/lang/Class; L13 L21 4
    MAXSTACK = 8
    MAXLOCALS = 6

  // access flags 0x4
  protected convertToString(Ljava/lang/Object;)Ljava/lang/String; throws java/lang/Throwable
   L0
    LINENUMBER 168 L0
    ALOAD 1
    INVOKEVIRTUAL java/lang/Object.toString ()Ljava/lang/String;
    ARETURN
   L1
    LOCALVARIABLE this Lcom/examples/with/different/packagename/testcarver/AbstractConverter; L0 L1 0
    LOCALVARIABLE value Ljava/lang/Object; L0 L1 1
    MAXSTACK = 1
    MAXLOCALS = 2

  // access flags 0x404
  protected abstract convertToType(Ljava/lang/Class;Ljava/lang/Object;)Ljava/lang/Object; throws java/lang/Throwable

  // access flags 0x4
  protected convertArray(Ljava/lang/Object;)Ljava/lang/Object;
   L0
    LINENUMBER 196 L0
    ALOAD 1
    IFNONNULL L1
   L2
    LINENUMBER 197 L2
    ACONST_NULL
    ARETURN
   L1
    LINENUMBER 199 L1
    ALOAD 1
    INVOKEVIRTUAL java/lang/Object.getClass ()Ljava/lang/Class;
    INVOKEVIRTUAL java/lang/Class.isArray ()Z
    IFEQ L3
   L4
    LINENUMBER 200 L4
    ALOAD 1
    INVOKESTATIC java/lang/reflect/Array.getLength (Ljava/lang/Object;)I
    IFLE L5
   L6
    LINENUMBER 201 L6
    ALOAD 1
    ICONST_0
    INVOKESTATIC java/lang/reflect/Array.get (Ljava/lang/Object;I)Ljava/lang/Object;
    ARETURN
   L5
    LINENUMBER 203 L5
    ACONST_NULL
    ARETURN
   L3
    LINENUMBER 206 L3
    ALOAD 1
    INSTANCEOF java/util/Collection
    IFEQ L7
   L8
    LINENUMBER 207 L8
    ALOAD 1
    CHECKCAST java/util/Collection
    ASTORE 2
   L9
    LINENUMBER 208 L9
    ALOAD 2
    INVOKEINTERFACE java/util/Collection.size ()I (itf)
    IFLE L10
   L11
    LINENUMBER 209 L11
    ALOAD 2
    INVOKEINTERFACE java/util/Collection.iterator ()Ljava/util/Iterator; (itf)
    INVOKEINTERFACE java/util/Iterator.next ()Ljava/lang/Object; (itf)
    ARETURN
   L10
    LINENUMBER 211 L10
    ACONST_NULL
    ARETURN
   L7
    LINENUMBER 214 L7
    ALOAD 1
    ARETURN
   L12
    LOCALVARIABLE collection Ljava/util/Collection; L9 L7 2
    LOCALVARIABLE this Lcom/examples/with/different/packagename/testcarver/AbstractConverter; L0 L12 0
    LOCALVARIABLE value Ljava/lang/Object; L0 L12 1
    MAXSTACK = 2
    MAXLOCALS = 3

  // access flags 0x4
  protected handleError(Ljava/lang/Class;Ljava/lang/Object;Ljava/lang/Throwable;)Ljava/lang/Object;
   L0
    LINENUMBER 231 L0
    ALOAD 0
    GETFIELD com/examples/with/different/packagename/testcarver/AbstractConverter.useDefault : Z
    IFEQ L1
   L2
    LINENUMBER 232 L2
    ALOAD 0
    ALOAD 1
    INVOKEVIRTUAL com/examples/with/different/packagename/testcarver/AbstractConverter.handleMissing (Ljava/lang/Class;)Ljava/lang/Object;
    ARETURN
   L1
    LINENUMBER 235 L1
    ACONST_NULL
    ASTORE 4
   L3
    LINENUMBER 236 L3
    ALOAD 3
    INSTANCEOF com/examples/with/different/packagename/testcarver/ConversionException
    IFEQ L4
   L5
    LINENUMBER 237 L5
    ALOAD 3
    CHECKCAST com/examples/with/different/packagename/testcarver/ConversionException
    ASTORE 4
    GOTO L6
   L4
    LINENUMBER 239 L4
    NEW java/lang/StringBuilder
    DUP
    INVOKESPECIAL java/lang/StringBuilder.<init> ()V
    LDC "Error converting from '"
    INVOKEVIRTUAL java/lang/StringBuilder.append (Ljava/lang/String;)Ljava/lang/StringBuilder;
    ALOAD 0
    ALOAD 2
    INVOKEVIRTUAL java/lang/Object.getClass ()Ljava/lang/Class;
    INVOKEVIRTUAL com/examples/with/different/packagename/testcarver/AbstractConverter.toString (Ljava/lang/Class;)Ljava/lang/String;
    INVOKEVIRTUAL java/lang/StringBuilder.append (Ljava/lang/String;)Ljava/lang/StringBuilder;
    LDC "' to '"
    INVOKEVIRTUAL java/lang/StringBuilder.append (Ljava/lang/String;)Ljava/lang/StringBuilder;
    ALOAD 0
    ALOAD 1
   L7
    LINENUMBER 240 L7
    INVOKEVIRTUAL com/examples/with/different/packagename/testcarver/AbstractConverter.toString (Ljava/lang/Class;)Ljava/lang/String;
    INVOKEVIRTUAL java/lang/StringBuilder.append (Ljava/lang/String;)Ljava/lang/StringBuilder;
    LDC "' "
    INVOKEVIRTUAL java/lang/StringBuilder.append (Ljava/lang/String;)Ljava/lang/StringBuilder;
    ALOAD 3
    INVOKEVIRTUAL java/lang/Throwable.getMessage ()Ljava/lang/String;
    INVOKEVIRTUAL java/lang/StringBuilder.append (Ljava/lang/String;)Ljava/lang/StringBuilder;
    INVOKEVIRTUAL java/lang/StringBuilder.toString ()Ljava/lang/String;
    ASTORE 5
   L8
    LINENUMBER 241 L8
    NEW com/examples/with/different/packagename/testcarver/ConversionException
    DUP
    ALOAD 5
    ALOAD 3
    INVOKESPECIAL com/examples/with/different/packagename/testcarver/ConversionException.<init> (Ljava/lang/String;Ljava/lang/Throwable;)V
    ASTORE 4
   L6
    LINENUMBER 245 L6
    ALOAD 4
    ATHROW
   L9
    LOCALVARIABLE msg Ljava/lang/String; L8 L6 5
    LOCALVARIABLE this Lcom/examples/with/different/packagename/testcarver/AbstractConverter; L0 L9 0
    LOCALVARIABLE type Ljava/lang/Class; L0 L9 1
    LOCALVARIABLE value Ljava/lang/Object; L0 L9 2
    LOCALVARIABLE cause Ljava/lang/Throwable; L0 L9 3
    LOCALVARIABLE cex Lcom/examples/with/different/packagename/testcarver/ConversionException; L3 L9 4
    MAXSTACK = 4
    MAXLOCALS = 6

  // access flags 0x4
  protected handleMissing(Ljava/lang/Class;)Ljava/lang/Object;
    TRYCATCHBLOCK L0 L1 L2 java/lang/Throwable
   L3
    LINENUMBER 262 L3
    ALOAD 0
    GETFIELD com/examples/with/different/packagename/testcarver/AbstractConverter.useDefault : Z
    IFNE L4
    ALOAD 1
    LDC Ljava/lang/String;.class
    INVOKEVIRTUAL java/lang/Object.equals (Ljava/lang/Object;)Z
    IFEQ L5
   L4
    LINENUMBER 263 L4
    ALOAD 0
    ALOAD 1
    INVOKEVIRTUAL com/examples/with/different/packagename/testcarver/AbstractConverter.getDefault (Ljava/lang/Class;)Ljava/lang/Object;
    ASTORE 2
   L6
    LINENUMBER 264 L6
    ALOAD 0
    GETFIELD com/examples/with/different/packagename/testcarver/AbstractConverter.useDefault : Z
    IFEQ L7
    ALOAD 2
    IFNULL L7
    ALOAD 1
    ALOAD 2
    INVOKEVIRTUAL java/lang/Object.getClass ()Ljava/lang/Class;
    INVOKEVIRTUAL java/lang/Object.equals (Ljava/lang/Object;)Z
    IFNE L7
   L0
    LINENUMBER 266 L0
    ALOAD 0
    ALOAD 1
    ALOAD 0
    GETFIELD com/examples/with/different/packagename/testcarver/AbstractConverter.defaultValue : Ljava/lang/Object;
    INVOKEVIRTUAL com/examples/with/different/packagename/testcarver/AbstractConverter.convertToType (Ljava/lang/Class;Ljava/lang/Object;)Ljava/lang/Object;
    ASTORE 2
   L1
    LINENUMBER 270 L1
    GOTO L7
   L2
    LINENUMBER 267 L2
    ASTORE 3
   L8
    LINENUMBER 268 L8
    GETSTATIC java/lang/System.err : Ljava/io/PrintStream;
    NEW java/lang/StringBuilder
    DUP
    INVOKESPECIAL java/lang/StringBuilder.<init> ()V
    LDC "    Default conversion to "
    INVOKEVIRTUAL java/lang/StringBuilder.append (Ljava/lang/String;)Ljava/lang/StringBuilder;
    ALOAD 0
    ALOAD 1
    INVOKEVIRTUAL com/examples/with/different/packagename/testcarver/AbstractConverter.toString (Ljava/lang/Class;)Ljava/lang/String;
    INVOKEVIRTUAL java/lang/StringBuilder.append (Ljava/lang/String;)Ljava/lang/StringBuilder;
    LDC "failed: "
    INVOKEVIRTUAL java/lang/StringBuilder.append (Ljava/lang/String;)Ljava/lang/StringBuilder;
    ALOAD 3
    INVOKEVIRTUAL java/lang/StringBuilder.append (Ljava/lang/Object;)Ljava/lang/StringBuilder;
    INVOKEVIRTUAL java/lang/StringBuilder.toString ()Ljava/lang/String;
    INVOKEVIRTUAL java/io/PrintStream.println (Ljava/lang/String;)V
   L7
    LINENUMBER 272 L7
    ALOAD 2
    ARETURN
   L5
    LINENUMBER 275 L5
    NEW com/examples/with/different/packagename/testcarver/ConversionException
    DUP
    NEW java/lang/StringBuilder
    DUP
    INVOKESPECIAL java/lang/StringBuilder.<init> ()V
    LDC "No value specified for '"
    INVOKEVIRTUAL java/lang/StringBuilder.append (Ljava/lang/String;)Ljava/lang/StringBuilder;
    ALOAD 0
    ALOAD 1
   L9
    LINENUMBER 276 L9
    INVOKEVIRTUAL com/examples/with/different/packagename/testcarver/AbstractConverter.toString (Ljava/lang/Class;)Ljava/lang/String;
    INVOKEVIRTUAL java/lang/StringBuilder.append (Ljava/lang/String;)Ljava/lang/StringBuilder;
    LDC "'"
    INVOKEVIRTUAL java/lang/StringBuilder.append (Ljava/lang/String;)Ljava/lang/StringBuilder;
    INVOKEVIRTUAL java/lang/StringBuilder.toString ()Ljava/lang/String;
    INVOKESPECIAL com/examples/with/different/packagename/testcarver/ConversionException.<init> (Ljava/lang/String;)V
    ASTORE 2
   L10
    LINENUMBER 277 L10
    ALOAD 2
    ATHROW
   L11
    LOCALVARIABLE t Ljava/lang/Throwable; L8 L7 3
    LOCALVARIABLE value Ljava/lang/Object; L6 L5 2
    LOCALVARIABLE this Lcom/examples/with/different/packagename/testcarver/AbstractConverter; L3 L11 0
    LOCALVARIABLE type Ljava/lang/Class; L3 L11 1
    LOCALVARIABLE cex Lcom/examples/with/different/packagename/testcarver/ConversionException; L10 L11 2
    MAXSTACK = 5
    MAXLOCALS = 4

  // access flags 0x4
  protected setDefaultValue(Ljava/lang/Object;)V
   L0
    LINENUMBER 295 L0
    ALOAD 0
    ICONST_0
    PUTFIELD com/examples/with/different/packagename/testcarver/AbstractConverter.useDefault : Z
   L1
    LINENUMBER 296 L1
    ALOAD 1
    IFNONNULL L2
   L3
    LINENUMBER 297 L3
    ALOAD 0
    ACONST_NULL
    PUTFIELD com/examples/with/different/packagename/testcarver/AbstractConverter.defaultValue : Ljava/lang/Object;
    GOTO L4
   L2
    LINENUMBER 299 L2
    ALOAD 0
    ALOAD 0
    ALOAD 0
    INVOKEVIRTUAL com/examples/with/different/packagename/testcarver/AbstractConverter.getDefaultType ()Ljava/lang/Class;
    ALOAD 1
    INVOKEVIRTUAL com/examples/with/different/packagename/testcarver/AbstractConverter.convert (Ljava/lang/Class;Ljava/lang/Object;)Ljava/lang/Object;
    PUTFIELD com/examples/with/different/packagename/testcarver/AbstractConverter.defaultValue : Ljava/lang/Object;
   L4
    LINENUMBER 301 L4
    ALOAD 0
    ICONST_1
    PUTFIELD com/examples/with/different/packagename/testcarver/AbstractConverter.useDefault : Z
   L5
    LINENUMBER 302 L5
    RETURN
   L6
    LOCALVARIABLE this Lcom/examples/with/different/packagename/testcarver/AbstractConverter; L0 L6 0
    LOCALVARIABLE defaultValue Ljava/lang/Object; L0 L6 1
    MAXSTACK = 4
    MAXLOCALS = 2

  // access flags 0x404
  protected abstract getDefaultType()Ljava/lang/Class;

  // access flags 0x4
  protected getDefault(Ljava/lang/Class;)Ljava/lang/Object;
   L0
    LINENUMBER 319 L0
    ALOAD 1
    LDC Ljava/lang/String;.class
    INVOKEVIRTUAL java/lang/Object.equals (Ljava/lang/Object;)Z
    IFEQ L1
   L2
    LINENUMBER 320 L2
    ACONST_NULL
    ARETURN
   L1
    LINENUMBER 322 L1
    ALOAD 0
    GETFIELD com/examples/with/different/packagename/testcarver/AbstractConverter.defaultValue : Ljava/lang/Object;
    ARETURN
   L3
    LOCALVARIABLE this Lcom/examples/with/different/packagename/testcarver/AbstractConverter; L0 L3 0
    LOCALVARIABLE type Ljava/lang/Class; L0 L3 1
    MAXSTACK = 2
    MAXLOCALS = 2

  // access flags 0x2
  private _sw_prototype_original_toString()Ljava/lang/String;
   L0
    LINENUMBER 332 L0
    NEW java/lang/StringBuilder
    DUP
    INVOKESPECIAL java/lang/StringBuilder.<init> ()V
    ALOAD 0
    ALOAD 0
    INVOKEVIRTUAL java/lang/Object.getClass ()Ljava/lang/Class;
    INVOKEVIRTUAL com/examples/with/different/packagename/testcarver/AbstractConverter.toString (Ljava/lang/Class;)Ljava/lang/String;
    INVOKEVIRTUAL java/lang/StringBuilder.append (Ljava/lang/String;)Ljava/lang/StringBuilder;
    LDC "[UseDefault="
    INVOKEVIRTUAL java/lang/StringBuilder.append (Ljava/lang/String;)Ljava/lang/StringBuilder;
    ALOAD 0
    DUP
    GETFIELD com/examples/with/different/packagename/testcarver/AbstractConverter.useDefault : Z
    SWAP
    LDC -2147483610
    LDC "com/examples/with/different/packagename/testcarver/AbstractConverter"
    LDC "useDefault"
    LDC "Z"
    INVOKESTATIC org/evosuite/testcarver/capture/FieldRegistry.notifyReadAccess (Ljava/lang/Object;ILjava/lang/String;Ljava/lang/String;Ljava/lang/String;)V
    INVOKEVIRTUAL java/lang/StringBuilder.append (Z)Ljava/lang/StringBuilder;
    LDC "]"
    INVOKEVIRTUAL java/lang/StringBuilder.append (Ljava/lang/String;)Ljava/lang/StringBuilder;
    INVOKEVIRTUAL java/lang/StringBuilder.toString ()Ljava/lang/String;
    ARETURN
   L1
    LOCALVARIABLE this Lcom/examples/with/different/packagename/testcarver/AbstractConverter; L0 L1 0
    MAXSTACK = 7
    MAXLOCALS = 1

  // access flags 0x0
  primitive(Ljava/lang/Class;)Ljava/lang/Class;
   L0
    LINENUMBER 344 L0
    ALOAD 1
    IFNULL L1
    ALOAD 1
    INVOKEVIRTUAL java/lang/Class.isPrimitive ()Z
    IFNE L2
   L1
    LINENUMBER 345 L1
    ALOAD 1
    ARETURN
   L2
    LINENUMBER 348 L2
    ALOAD 1
    GETSTATIC java/lang/Integer.TYPE : Ljava/lang/Class;
    IF_ACMPNE L3
   L4
    LINENUMBER 349 L4
    LDC Ljava/lang/Integer;.class
    ARETURN
   L3
    LINENUMBER 350 L3
    ALOAD 1
    GETSTATIC java/lang/Double.TYPE : Ljava/lang/Class;
    IF_ACMPNE L5
   L6
    LINENUMBER 351 L6
    LDC Ljava/lang/Double;.class
    ARETURN
   L5
    LINENUMBER 352 L5
    ALOAD 1
    GETSTATIC java/lang/Long.TYPE : Ljava/lang/Class;
    IF_ACMPNE L7
   L8
    LINENUMBER 353 L8
    LDC Ljava/lang/Long;.class
    ARETURN
   L7
    LINENUMBER 354 L7
    ALOAD 1
    GETSTATIC java/lang/Boolean.TYPE : Ljava/lang/Class;
    IF_ACMPNE L9
   L10
    LINENUMBER 355 L10
    LDC Ljava/lang/Boolean;.class
    ARETURN
   L9
    LINENUMBER 356 L9
    ALOAD 1
    GETSTATIC java/lang/Float.TYPE : Ljava/lang/Class;
    IF_ACMPNE L11
   L12
    LINENUMBER 357 L12
    LDC Ljava/lang/Float;.class
    ARETURN
   L11
    LINENUMBER 358 L11
    ALOAD 1
    GETSTATIC java/lang/Short.TYPE : Ljava/lang/Class;
    IF_ACMPNE L13
   L14
    LINENUMBER 359 L14
    LDC Ljava/lang/Short;.class
    ARETURN
   L13
    LINENUMBER 360 L13
    ALOAD 1
    GETSTATIC java/lang/Byte.TYPE : Ljava/lang/Class;
    IF_ACMPNE L15
   L16
    LINENUMBER 361 L16
    LDC Ljava/lang/Byte;.class
    ARETURN
   L15
    LINENUMBER 362 L15
    ALOAD 1
    GETSTATIC java/lang/Character.TYPE : Ljava/lang/Class;
    IF_ACMPNE L17
   L18
    LINENUMBER 363 L18
    LDC Ljava/lang/Character;.class
    ARETURN
   L17
    LINENUMBER 365 L17
    ALOAD 1
    ARETURN
   L19
    LOCALVARIABLE this Lcom/examples/with/different/packagename/testcarver/AbstractConverter; L0 L19 0
    LOCALVARIABLE type Ljava/lang/Class; L0 L19 1
    MAXSTACK = 2
    MAXLOCALS = 2

  // access flags 0x0
  toString(Ljava/lang/Class;)Ljava/lang/String;
   L0
    LINENUMBER 376 L0
    ACONST_NULL
    ASTORE 2
   L1
    LINENUMBER 377 L1
    ALOAD 1
    IFNONNULL L2
   L3
    LINENUMBER 378 L3
    LDC "null"
    ASTORE 2
    GOTO L4
   L2
    LINENUMBER 379 L2
    ALOAD 1
    INVOKEVIRTUAL java/lang/Class.isArray ()Z
    IFEQ L5
   L6
    LINENUMBER 380 L6
    ALOAD 1
    INVOKEVIRTUAL java/lang/Class.getComponentType ()Ljava/lang/Class;
    ASTORE 3
   L7
    LINENUMBER 381 L7
    ICONST_1
    ISTORE 4
   L8
    LINENUMBER 382 L8
    ALOAD 3
    INVOKEVIRTUAL java/lang/Class.isArray ()Z
    IFEQ L9
   L10
    LINENUMBER 383 L10
    ALOAD 3
    INVOKEVIRTUAL java/lang/Class.getComponentType ()Ljava/lang/Class;
    ASTORE 3
   L11
    LINENUMBER 384 L11
    IINC 4 1
    GOTO L8
   L9
    LINENUMBER 386 L9
    ALOAD 3
    INVOKEVIRTUAL java/lang/Class.getName ()Ljava/lang/String;
    ASTORE 2
   L12
    LINENUMBER 387 L12
    ICONST_0
    ISTORE 5
   L13
    ILOAD 5
    ILOAD 4
    IF_ICMPGE L14
   L15
    LINENUMBER 388 L15
    NEW java/lang/StringBuilder
    DUP
    INVOKESPECIAL java/lang/StringBuilder.<init> ()V
    ALOAD 2
    INVOKEVIRTUAL java/lang/StringBuilder.append (Ljava/lang/String;)Ljava/lang/StringBuilder;
    LDC "[]"
    INVOKEVIRTUAL java/lang/StringBuilder.append (Ljava/lang/String;)Ljava/lang/StringBuilder;
    INVOKEVIRTUAL java/lang/StringBuilder.toString ()Ljava/lang/String;
    ASTORE 2
   L16
    LINENUMBER 387 L16
    IINC 5 1
    GOTO L13
   L14
    LINENUMBER 390 L14
    GOTO L4
   L5
    LINENUMBER 391 L5
    ALOAD 1
    INVOKEVIRTUAL java/lang/Class.getName ()Ljava/lang/String;
    ASTORE 2
   L4
    LINENUMBER 393 L4
    ALOAD 2
    LDC "java.lang."
    INVOKEVIRTUAL java/lang/String.startsWith (Ljava/lang/String;)Z
    IFNE L17
    ALOAD 2
    LDC "java.util."
   L18
    LINENUMBER 394 L18
    INVOKEVIRTUAL java/lang/String.startsWith (Ljava/lang/String;)Z
    IFNE L17
    ALOAD 2
    LDC "java.math."
   L19
    LINENUMBER 395 L19
    INVOKEVIRTUAL java/lang/String.startsWith (Ljava/lang/String;)Z
    IFEQ L20
   L17
    LINENUMBER 396 L17
    ALOAD 2
    LDC "java.lang."
    INVOKEVIRTUAL java/lang/String.length ()I
    INVOKEVIRTUAL java/lang/String.substring (I)Ljava/lang/String;
    ASTORE 2
    GOTO L21
   L20
    LINENUMBER 397 L20
    ALOAD 2
    LDC "org.apache.commons.beanutils.converters."
    INVOKEVIRTUAL java/lang/String.startsWith (Ljava/lang/String;)Z
    IFEQ L21
   L22
    LINENUMBER 398 L22
    ALOAD 2
    LDC "org.apache.commons.beanutils.converters."
    INVOKEVIRTUAL java/lang/String.length ()I
    INVOKEVIRTUAL java/lang/String.substring (I)Ljava/lang/String;
    ASTORE 2
   L21
    LINENUMBER 400 L21
    ALOAD 2
    ARETURN
   L23
    LOCALVARIABLE i I L13 L14 5
    LOCALVARIABLE elementType Ljava/lang/Class; L7 L14 3
    LOCALVARIABLE count I L8 L14 4
    LOCALVARIABLE this Lcom/examples/with/different/packagename/testcarver/AbstractConverter; L0 L23 0
    LOCALVARIABLE type Ljava/lang/Class; L0 L23 1
    LOCALVARIABLE typeName Ljava/lang/String; L1 L23 2
    MAXSTACK = 2
    MAXLOCALS = 6

  // access flags 0x1
  public isUseDefault()Z
    TRYCATCHBLOCK L0 L1 L2 java/lang/Throwable
    ACONST_NULL
    ASTORE 1
   L0
    LDC -2147483612
    ALOAD 0
    LDC "isUseDefault"
    LDC "()Z"
    BIPUSH 0
    ANEWARRAY java/lang/Object
    INVOKESTATIC org/evosuite/testcarver/capture/Capturer.capture (ILjava/lang/Object;Ljava/lang/String;Ljava/lang/String;[Ljava/lang/Object;)V
    ALOAD 0
    INVOKEVIRTUAL com/examples/with/different/packagename/testcarver/AbstractConverter._sw_prototype_original_isUseDefault ()Z
    INVOKESTATIC java/lang/Boolean.valueOf (Z)Ljava/lang/Boolean;
    ASTORE 1
    ALOAD 1
    INVOKEVIRTUAL java/lang/Boolean.booleanValue ()Z
    ISTORE 3
   L1
    LDC -2147483612
    ALOAD 0
    ALOAD 1
    INVOKESTATIC org/evosuite/testcarver/capture/Capturer.enable (ILjava/lang/Object;Ljava/lang/Object;)V
    ILOAD 3
    IRETURN
   L2
   FRAME FULL [com/examples/with/different/packagename/testcarver/AbstractConverter java/lang/Boolean] [java/lang/Throwable]
    ASTORE 2
    LDC -2147483612
    ALOAD 0
    ALOAD 1
    INVOKESTATIC org/evosuite/testcarver/capture/Capturer.enable (ILjava/lang/Object;Ljava/lang/Object;)V
    ALOAD 2
    ATHROW
    MAXSTACK = 5
    MAXLOCALS = 0

  // access flags 0x1
  public convert(Ljava/lang/Class;Ljava/lang/Object;)Ljava/lang/Object;
    TRYCATCHBLOCK L0 L1 L2 java/lang/Throwable
    ACONST_NULL
    ASTORE 3
   L0
    LDC -2147483611
    ALOAD 0
    LDC "convert"
    LDC "(Ljava/lang/Class;Ljava/lang/Object;)Ljava/lang/Object;"
    BIPUSH 2
    ANEWARRAY java/lang/Object
    DUP
    BIPUSH 0
    ALOAD 1
    AASTORE
    DUP
    BIPUSH 1
    ALOAD 2
    AASTORE
    INVOKESTATIC org/evosuite/testcarver/capture/Capturer.capture (ILjava/lang/Object;Ljava/lang/String;Ljava/lang/String;[Ljava/lang/Object;)V
    ALOAD 0
    ALOAD 1
    ALOAD 2
    INVOKEVIRTUAL com/examples/with/different/packagename/testcarver/AbstractConverter._sw_prototype_original_convert (Ljava/lang/Class;Ljava/lang/Object;)Ljava/lang/Object;
    ASTORE 3
    ALOAD 3
    ASTORE 5
   L1
    LDC -2147483611
    ALOAD 0
    ALOAD 3
    INVOKESTATIC org/evosuite/testcarver/capture/Capturer.enable (ILjava/lang/Object;Ljava/lang/Object;)V
    ALOAD 5
    ARETURN
   L2
   FRAME FULL [com/examples/with/different/packagename/testcarver/AbstractConverter java/lang/Object] [java/lang/Throwable]
    ASTORE 4
    LDC -2147483611
    ALOAD 0
    ALOAD 3
    INVOKESTATIC org/evosuite/testcarver/capture/Capturer.enable (ILjava/lang/Object;Ljava/lang/Object;)V
    ALOAD 4
    ATHROW
    MAXSTACK = 8
    MAXLOCALS = 0

  // access flags 0x1
  public toString()Ljava/lang/String;
    TRYCATCHBLOCK L0 L1 L2 java/lang/Throwable
    ACONST_NULL
    ASTORE 1
   L0
    LDC -2147483609
    ALOAD 0
    LDC "toString"
    LDC "()Ljava/lang/String;"
    BIPUSH 0
    ANEWARRAY java/lang/Object
    INVOKESTATIC org/evosuite/testcarver/capture/Capturer.capture (ILjava/lang/Object;Ljava/lang/String;Ljava/lang/String;[Ljava/lang/Object;)V
    ALOAD 0
    INVOKEVIRTUAL com/examples/with/different/packagename/testcarver/AbstractConverter._sw_prototype_original_toString ()Ljava/lang/String;
    ASTORE 1
    ALOAD 1
    ASTORE 3
   L1
    LDC -2147483609
    ALOAD 0
    ALOAD 1
    INVOKESTATIC org/evosuite/testcarver/capture/Capturer.enable (ILjava/lang/Object;Ljava/lang/Object;)V
    ALOAD 3
    ARETURN
   L2
   FRAME FULL [com/examples/with/different/packagename/testcarver/AbstractConverter java/lang/String] [java/lang/Throwable]
    ASTORE 2
    LDC -2147483609
    ALOAD 0
    ALOAD 1
    INVOKESTATIC org/evosuite/testcarver/capture/Capturer.enable (ILjava/lang/Object;Ljava/lang/Object;)V
    ALOAD 2
    ATHROW
    MAXSTACK = 7
    MAXLOCALS = 0
}
INFO  org.evosuite.testcarver.extraction.CarvingClassLoader - Seeing class for first time: com.examples.with.different.packagename.testcarver.Converter
WARN  org.evosuite.testcarver.extraction.CarvingClassLoader - Instrumenting class 'com.examples.with.different.packagename.testcarver.Converter'.
INFO  org.evosuite.testcarver.extraction.CarvingClassLoader - Keeping class: com.examples.with.different.packagename.testcarver.Converter
INFO  org.evosuite.testcarver.extraction.CarvingClassLoader - Keeping class: com.examples.with.different.packagename.testcarver.AbstractConverter
INFO  org.evosuite.testcarver.extraction.CarvingClassLoader - Keeping class: com.examples.with.different.packagename.testcarver.DateTimeConverter
INFO  org.evosuite.testcarver.extraction.CarvingClassLoader - Keeping class: com.examples.with.different.packagename.testcarver.DateConverter
INFO  org.evosuite.testcarver.extraction.CarvingClassLoader - Seeing class for first time: com.examples.with.different.packagename.testcarver.DateConverterTest6
WARN  org.evosuite.testcarver.extraction.CarvingClassLoader - Instrumenting class 'com.examples.with.different.packagename.testcarver.DateConverterTest6'.
INFO  org.evosuite.testcarver.instrument.Instrumenter - Checking package com.examples.with.different.packagename.testcarver for class com/examples/with/different/packagename/testcarver/DateConverterTest6
// class version 52.0 (52)
// access flags 0x21
public class com/examples/with/different/packagename/testcarver/DateConverterTest6 {

  // compiled from: DateConverterTest6.java

  // access flags 0x2
  private _sw_prototype_original_init_sw_prototype_original_()V
    ALOAD 0
    INVOKESTATIC org/evosuite/testcarver/capture/FieldRegistry.register (Ljava/lang/Object;)V
    RETURN
   L0
    LOCALVARIABLE this Lcom/examples/with/different/packagename/testcarver/DateConverterTest6; L1 L0 0
    MAXSTACK = 5
    MAXLOCALS = 1

  // access flags 0x4
  protected makeConverter()Lcom/examples/with/different/packagename/testcarver/DateTimeConverter;
   L0
    LINENUMBER 41 L0
    NEW com/examples/with/different/packagename/testcarver/DateConverter
    DUP
    INVOKESPECIAL com/examples/with/different/packagename/testcarver/DateConverter.<init> ()V
    ARETURN
   L1
    LOCALVARIABLE this Lcom/examples/with/different/packagename/testcarver/DateConverterTest6; L0 L1 0
    MAXSTACK = 2
    MAXLOCALS = 1

  // access flags 0x4
  protected makeConverter(Ljava/lang/Object;)Lcom/examples/with/different/packagename/testcarver/DateTimeConverter;
   L0
    LINENUMBER 51 L0
    NEW com/examples/with/different/packagename/testcarver/DateConverter
    DUP
    ALOAD 1
    INVOKESPECIAL com/examples/with/different/packagename/testcarver/DateConverter.<init> (Ljava/lang/Object;)V
    ARETURN
   L1
    LOCALVARIABLE this Lcom/examples/with/different/packagename/testcarver/DateConverterTest6; L0 L1 0
    LOCALVARIABLE defaultValue Ljava/lang/Object; L0 L1 1
    MAXSTACK = 3
    MAXLOCALS = 2

  // access flags 0x4
  // signature ()Ljava/lang/Class<*>;
  // declaration: java.lang.Class<?> getExpectedType()
  protected getExpectedType()Ljava/lang/Class;
   L0
    LINENUMBER 60 L0
    LDC Ljava/util/Date;.class
    ARETURN
   L1
    LOCALVARIABLE this Lcom/examples/with/different/packagename/testcarver/DateConverterTest6; L0 L1 0
    MAXSTACK = 1
    MAXLOCALS = 1

  // access flags 0x0
  getTimeInMillis(Ljava/lang/Object;)J
   L0
    LINENUMBER 71 L0
    ALOAD 1
    INSTANCEOF java/sql/Timestamp
    IFEQ L1
   L2
    LINENUMBER 76 L2
    ALOAD 1
    CHECKCAST java/sql/Timestamp
    ASTORE 2
   L3
    LINENUMBER 77 L3
    ALOAD 2
    INVOKEVIRTUAL java/sql/Timestamp.getTime ()J
    LDC 1000L
    LDIV
    LDC 1000L
    LMUL
    LSTORE 3
   L4
    LINENUMBER 78 L4
    LLOAD 3
    ALOAD 2
    INVOKEVIRTUAL java/sql/Timestamp.getNanos ()I
    LDC 1000000
    IDIV
    I2L
    LADD
    LSTORE 3
   L5
    LINENUMBER 79 L5
    LLOAD 3
    LRETURN
   L1
    LINENUMBER 82 L1
    ALOAD 1
    INSTANCEOF java/util/Calendar
    IFEQ L6
   L7
    LINENUMBER 83 L7
    ALOAD 1
    CHECKCAST org/evosuite/testcarver/wrapper/java/util/Calendar
    INVOKESTATIC org/evosuite/testcarver/wrapper/java/util/Calendar.getTime (Ljava/util/Calendar;)Ljava/util/Date;
    INVOKEVIRTUAL java/util/Date.getTime ()J
    LRETURN
   L6
    LINENUMBER 85 L6
    ALOAD 1
    CHECKCAST org/evosuite/testcarver/wrapper/java/util/Date
    INVOKEVIRTUAL java/util/Date.getTime ()J
    LRETURN
   L8
    LOCALVARIABLE timestamp Ljava/sql/Timestamp; L3 L1 2
    LOCALVARIABLE timeInMillis J L4 L1 3
    LOCALVARIABLE this Lcom/examples/with/different/packagename/testcarver/DateConverterTest6; L0 L8 0
    LOCALVARIABLE date Ljava/lang/Object; L0 L8 1
    MAXSTACK = 4
    MAXLOCALS = 5

  // access flags 0x0
  validConversion(Lcom/examples/with/different/packagename/testcarver/Converter;Ljava/lang/Object;Ljava/lang/Object;)V
    TRYCATCHBLOCK L0 L1 L2 java/lang/Exception
   L3
    LINENUMBER 98 L3
    ALOAD 3
    IFNONNULL L4
    LDC "null"
    GOTO L5
   L4
    ALOAD 3
    INVOKEVIRTUAL java/lang/Object.getClass ()Ljava/lang/Class;
    INVOKEVIRTUAL java/lang/Class.getName ()Ljava/lang/String;
   L5
    ASTORE 4
   L6
    LINENUMBER 99 L6
    NEW java/lang/StringBuilder
    DUP
    INVOKESPECIAL java/lang/StringBuilder.<init> ()V
    LDC "Converting '"
    INVOKEVIRTUAL java/lang/StringBuilder.append (Ljava/lang/String;)Ljava/lang/StringBuilder;
    ALOAD 4
    INVOKEVIRTUAL java/lang/StringBuilder.append (Ljava/lang/String;)Ljava/lang/StringBuilder;
    LDC "' value '"
    INVOKEVIRTUAL java/lang/StringBuilder.append (Ljava/lang/String;)Ljava/lang/StringBuilder;
    ALOAD 3
    INVOKEVIRTUAL java/lang/StringBuilder.append (Ljava/lang/Object;)Ljava/lang/StringBuilder;
    LDC "'"
    INVOKEVIRTUAL java/lang/StringBuilder.append (Ljava/lang/String;)Ljava/lang/StringBuilder;
    INVOKEVIRTUAL java/lang/StringBuilder.toString ()Ljava/lang/String;
    ASTORE 5
   L0
    LINENUMBER 101 L0
    ALOAD 1
    ALOAD 0
    INVOKEVIRTUAL com/examples/with/different/packagename/testcarver/DateConverterTest6.getExpectedType ()Ljava/lang/Class;
    ALOAD 3
    INVOKEINTERFACE com/examples/with/different/packagename/testcarver/Converter.convert (Ljava/lang/Class;Ljava/lang/Object;)Ljava/lang/Object; (itf)
    ASTORE 6
   L7
    LINENUMBER 102 L7
    ALOAD 6
    IFNONNULL L8
    ACONST_NULL
    GOTO L9
   L8
    ALOAD 6
    INVOKEVIRTUAL java/lang/Object.getClass ()Ljava/lang/Class;
   L9
    ASTORE 7
   L10
    LINENUMBER 103 L10
    ALOAD 2
    IFNONNULL L11
    ACONST_NULL
    GOTO L12
   L11
    ALOAD 2
    INVOKEVIRTUAL java/lang/Object.getClass ()Ljava/lang/Class;
   L12
    ASTORE 8
   L13
    LINENUMBER 104 L13
    NEW java/lang/StringBuilder
    DUP
    INVOKESPECIAL java/lang/StringBuilder.<init> ()V
    LDC "TYPE "
    INVOKEVIRTUAL java/lang/StringBuilder.append (Ljava/lang/String;)Ljava/lang/StringBuilder;
    ALOAD 5
    INVOKEVIRTUAL java/lang/StringBuilder.append (Ljava/lang/String;)Ljava/lang/StringBuilder;
    INVOKEVIRTUAL java/lang/StringBuilder.toString ()Ljava/lang/String;
    ALOAD 8
    ALOAD 7
    INVOKESTATIC org/junit/Assert.assertEquals (Ljava/lang/String;Ljava/lang/Object;Ljava/lang/Object;)V
   L14
    LINENUMBER 105 L14
    NEW java/lang/StringBuilder
    DUP
    INVOKESPECIAL java/lang/StringBuilder.<init> ()V
    LDC "VALUE "
    INVOKEVIRTUAL java/lang/StringBuilder.append (Ljava/lang/String;)Ljava/lang/StringBuilder;
    ALOAD 5
    INVOKEVIRTUAL java/lang/StringBuilder.append (Ljava/lang/String;)Ljava/lang/StringBuilder;
    INVOKEVIRTUAL java/lang/StringBuilder.toString ()Ljava/lang/String;
    ALOAD 2
    ALOAD 6
    INVOKESTATIC org/junit/Assert.assertEquals (Ljava/lang/String;Ljava/lang/Object;Ljava/lang/Object;)V
   L1
    LINENUMBER 108 L1
    GOTO L15
   L2
    LINENUMBER 106 L2
    ASTORE 6
   L16
    LINENUMBER 107 L16
    NEW java/lang/StringBuilder
    DUP
    INVOKESPECIAL java/lang/StringBuilder.<init> ()V
    ALOAD 5
    INVOKEVIRTUAL java/lang/StringBuilder.append (Ljava/lang/String;)Ljava/lang/StringBuilder;
    LDC " threw "
    INVOKEVIRTUAL java/lang/StringBuilder.append (Ljava/lang/String;)Ljava/lang/StringBuilder;
    ALOAD 6
    INVOKEVIRTUAL java/lang/Exception.toString ()Ljava/lang/String;
    INVOKEVIRTUAL java/lang/StringBuilder.append (Ljava/lang/String;)Ljava/lang/StringBuilder;
    INVOKEVIRTUAL java/lang/StringBuilder.toString ()Ljava/lang/String;
    INVOKESTATIC org/junit/Assert.fail (Ljava/lang/String;)V
   L15
    LINENUMBER 109 L15
    RETURN
   L17
    LOCALVARIABLE result Ljava/lang/Object; L7 L1 6
    LOCALVARIABLE resultType Ljava/lang/Class; L10 L1 7
    // signature Ljava/lang/Class<*>;
    // declaration: resultType extends java.lang.Class<?>
    LOCALVARIABLE expectType Ljava/lang/Class; L13 L1 8
    // signature Ljava/lang/Class<*>;
    // declaration: expectType extends java.lang.Class<?>
    LOCALVARIABLE ex Ljava/lang/Exception; L16 L15 6
    LOCALVARIABLE this Lcom/examples/with/different/packagename/testcarver/DateConverterTest6; L3 L17 0
    LOCALVARIABLE converter Lcom/examples/with/different/packagename/testcarver/Converter; L3 L17 1
    LOCALVARIABLE expected Ljava/lang/Object; L3 L17 2
    LOCALVARIABLE value Ljava/lang/Object; L3 L17 3
    LOCALVARIABLE valueType Ljava/lang/String; L6 L17 4
    LOCALVARIABLE msg Ljava/lang/String; L0 L17 5
    MAXSTACK = 3
    MAXLOCALS = 9

  // access flags 0x0
  stringConversion(Lcom/examples/with/different/packagename/testcarver/Converter;Ljava/lang/String;Ljava/lang/Object;)V
    TRYCATCHBLOCK L0 L1 L2 java/lang/Exception
   L3
    LINENUMBER 119 L3
    ALOAD 3
    IFNONNULL L4
    LDC "null"
    GOTO L5
   L4
    ALOAD 3
    INVOKEVIRTUAL java/lang/Object.getClass ()Ljava/lang/Class;
    INVOKEVIRTUAL java/lang/Class.getName ()Ljava/lang/String;
   L5
    ASTORE 4
   L6
    LINENUMBER 120 L6
    NEW java/lang/StringBuilder
    DUP
    INVOKESPECIAL java/lang/StringBuilder.<init> ()V
    LDC "Converting '"
    INVOKEVIRTUAL java/lang/StringBuilder.append (Ljava/lang/String;)Ljava/lang/StringBuilder;
    ALOAD 4
    INVOKEVIRTUAL java/lang/StringBuilder.append (Ljava/lang/String;)Ljava/lang/StringBuilder;
    LDC "' value '"
    INVOKEVIRTUAL java/lang/StringBuilder.append (Ljava/lang/String;)Ljava/lang/StringBuilder;
    ALOAD 3
    INVOKEVIRTUAL java/lang/StringBuilder.append (Ljava/lang/Object;)Ljava/lang/StringBuilder;
    LDC "' to String"
    INVOKEVIRTUAL java/lang/StringBuilder.append (Ljava/lang/String;)Ljava/lang/StringBuilder;
    INVOKEVIRTUAL java/lang/StringBuilder.toString ()Ljava/lang/String;
    ASTORE 5
   L0
    LINENUMBER 122 L0
    ALOAD 1
    LDC Ljava/lang/String;.class
    ALOAD 3
    INVOKEINTERFACE com/examples/with/different/packagename/testcarver/Converter.convert (Ljava/lang/Class;Ljava/lang/Object;)Ljava/lang/Object; (itf)
    ASTORE 6
   L7
    LINENUMBER 123 L7
    ALOAD 6
    IFNONNULL L8
    ACONST_NULL
    GOTO L9
   L8
    ALOAD 6
    INVOKEVIRTUAL java/lang/Object.getClass ()Ljava/lang/Class;
   L9
    ASTORE 7
   L10
    LINENUMBER 124 L10
    ALOAD 2
    IFNONNULL L11
    ACONST_NULL
    GOTO L12
   L11
    ALOAD 2
    INVOKEVIRTUAL java/lang/Object.getClass ()Ljava/lang/Class;
   L12
    ASTORE 8
   L13
    LINENUMBER 125 L13
    NEW java/lang/StringBuilder
    DUP
    INVOKESPECIAL java/lang/StringBuilder.<init> ()V
    LDC "TYPE "
    INVOKEVIRTUAL java/lang/StringBuilder.append (Ljava/lang/String;)Ljava/lang/StringBuilder;
    ALOAD 5
    INVOKEVIRTUAL java/lang/StringBuilder.append (Ljava/lang/String;)Ljava/lang/StringBuilder;
    INVOKEVIRTUAL java/lang/StringBuilder.toString ()Ljava/lang/String;
    ALOAD 8
    ALOAD 7
    INVOKESTATIC org/junit/Assert.assertEquals (Ljava/lang/String;Ljava/lang/Object;Ljava/lang/Object;)V
   L14
    LINENUMBER 126 L14
    NEW java/lang/StringBuilder
    DUP
    INVOKESPECIAL java/lang/StringBuilder.<init> ()V
    LDC "VALUE "
    INVOKEVIRTUAL java/lang/StringBuilder.append (Ljava/lang/String;)Ljava/lang/StringBuilder;
    ALOAD 5
    INVOKEVIRTUAL java/lang/StringBuilder.append (Ljava/lang/String;)Ljava/lang/StringBuilder;
    INVOKEVIRTUAL java/lang/StringBuilder.toString ()Ljava/lang/String;
    ALOAD 2
    ALOAD 6
    INVOKESTATIC org/junit/Assert.assertEquals (Ljava/lang/String;Ljava/lang/Object;Ljava/lang/Object;)V
   L1
    LINENUMBER 129 L1
    GOTO L15
   L2
    LINENUMBER 127 L2
    ASTORE 6
   L16
    LINENUMBER 128 L16
    NEW java/lang/StringBuilder
    DUP
    INVOKESPECIAL java/lang/StringBuilder.<init> ()V
    ALOAD 5
    INVOKEVIRTUAL java/lang/StringBuilder.append (Ljava/lang/String;)Ljava/lang/StringBuilder;
    LDC " threw "
    INVOKEVIRTUAL java/lang/StringBuilder.append (Ljava/lang/String;)Ljava/lang/StringBuilder;
    ALOAD 6
    INVOKEVIRTUAL java/lang/Exception.toString ()Ljava/lang/String;
    INVOKEVIRTUAL java/lang/StringBuilder.append (Ljava/lang/String;)Ljava/lang/StringBuilder;
    INVOKEVIRTUAL java/lang/StringBuilder.toString ()Ljava/lang/String;
    INVOKESTATIC org/junit/Assert.fail (Ljava/lang/String;)V
   L15
    LINENUMBER 130 L15
    RETURN
   L17
    LOCALVARIABLE result Ljava/lang/Object; L7 L1 6
    LOCALVARIABLE resultType Ljava/lang/Class; L10 L1 7
    // signature Ljava/lang/Class<*>;
    // declaration: resultType extends java.lang.Class<?>
    LOCALVARIABLE expectType Ljava/lang/Class; L13 L1 8
    // signature Ljava/lang/Class<*>;
    // declaration: expectType extends java.lang.Class<?>
    LOCALVARIABLE ex Ljava/lang/Exception; L16 L15 6
    LOCALVARIABLE this Lcom/examples/with/different/packagename/testcarver/DateConverterTest6; L3 L17 0
    LOCALVARIABLE converter Lcom/examples/with/different/packagename/testcarver/Converter; L3 L17 1
    LOCALVARIABLE expected Ljava/lang/String; L3 L17 2
    LOCALVARIABLE value Ljava/lang/Object; L3 L17 3
    LOCALVARIABLE valueType Ljava/lang/String; L6 L17 4
    LOCALVARIABLE msg Ljava/lang/String; L0 L17 5
    MAXSTACK = 3
    MAXLOCALS = 9

  // access flags 0x0
  invalidConversion(Lcom/examples/with/different/packagename/testcarver/Converter;Ljava/lang/Object;)V
    TRYCATCHBLOCK L0 L1 L2 com/examples/with/different/packagename/testcarver/ConversionException
   L3
    LINENUMBER 139 L3
    ALOAD 2
    IFNONNULL L4
    LDC "null"
    GOTO L5
   L4
    ALOAD 2
    INVOKEVIRTUAL java/lang/Object.getClass ()Ljava/lang/Class;
    INVOKEVIRTUAL java/lang/Class.getName ()Ljava/lang/String;
   L5
    ASTORE 3
   L6
    LINENUMBER 140 L6
    NEW java/lang/StringBuilder
    DUP
    INVOKESPECIAL java/lang/StringBuilder.<init> ()V
    LDC "Converting '"
    INVOKEVIRTUAL java/lang/StringBuilder.append (Ljava/lang/String;)Ljava/lang/StringBuilder;
    ALOAD 3
    INVOKEVIRTUAL java/lang/StringBuilder.append (Ljava/lang/String;)Ljava/lang/StringBuilder;
    LDC "' value '"
    INVOKEVIRTUAL java/lang/StringBuilder.append (Ljava/lang/String;)Ljava/lang/StringBuilder;
    ALOAD 2
    INVOKEVIRTUAL java/lang/StringBuilder.append (Ljava/lang/Object;)Ljava/lang/StringBuilder;
    LDC "'"
    INVOKEVIRTUAL java/lang/StringBuilder.append (Ljava/lang/String;)Ljava/lang/StringBuilder;
    INVOKEVIRTUAL java/lang/StringBuilder.toString ()Ljava/lang/String;
    ASTORE 4
   L0
    LINENUMBER 142 L0
    ALOAD 1
    ALOAD 0
    INVOKEVIRTUAL com/examples/with/different/packagename/testcarver/DateConverterTest6.getExpectedType ()Ljava/lang/Class;
    ALOAD 2
    INVOKEINTERFACE com/examples/with/different/packagename/testcarver/Converter.convert (Ljava/lang/Class;Ljava/lang/Object;)Ljava/lang/Object; (itf)
    ASTORE 5
   L7
    LINENUMBER 143 L7
    NEW java/lang/StringBuilder
    DUP
    INVOKESPECIAL java/lang/StringBuilder.<init> ()V
    ALOAD 4
    INVOKEVIRTUAL java/lang/StringBuilder.append (Ljava/lang/String;)Ljava/lang/StringBuilder;
    LDC ", expected ConversionException, but result = '"
    INVOKEVIRTUAL java/lang/StringBuilder.append (Ljava/lang/String;)Ljava/lang/StringBuilder;
    ALOAD 5
    INVOKEVIRTUAL java/lang/StringBuilder.append (Ljava/lang/Object;)Ljava/lang/StringBuilder;
    LDC "'"
    INVOKEVIRTUAL java/lang/StringBuilder.append (Ljava/lang/String;)Ljava/lang/StringBuilder;
    INVOKEVIRTUAL java/lang/StringBuilder.toString ()Ljava/lang/String;
    INVOKESTATIC org/junit/Assert.fail (Ljava/lang/String;)V
   L1
    LINENUMBER 146 L1
    GOTO L8
   L2
    LINENUMBER 144 L2
    ASTORE 5
   L8
    LINENUMBER 147 L8
    RETURN
   L9
    LOCALVARIABLE result Ljava/lang/Object; L7 L1 5
    LOCALVARIABLE this Lcom/examples/with/different/packagename/testcarver/DateConverterTest6; L3 L9 0
    LOCALVARIABLE converter Lcom/examples/with/different/packagename/testcarver/Converter; L3 L9 1
    LOCALVARIABLE value Ljava/lang/Object; L3 L9 2
    LOCALVARIABLE valueType Ljava/lang/String; L6 L9 3
    LOCALVARIABLE msg Ljava/lang/String; L0 L9 4
    MAXSTACK = 3
    MAXLOCALS = 6

  // access flags 0x0
  toType(Ljava/lang/String;Ljava/lang/String;Ljava/util/Locale;)Ljava/lang/Object;
   L0
    LINENUMBER 158 L0
    ALOAD 0
    ALOAD 1
    ALOAD 2
    ALOAD 3
    INVOKEVIRTUAL com/examples/with/different/packagename/testcarver/DateConverterTest6.toCalendar (Ljava/lang/String;Ljava/lang/String;Ljava/util/Locale;)Ljava/util/Calendar;
    ASTORE 4
   L1
    LINENUMBER 159 L1
    ALOAD 0
    ALOAD 4
    INVOKEVIRTUAL com/examples/with/different/packagename/testcarver/DateConverterTest6.toType (Ljava/util/Calendar;)Ljava/lang/Object;
    ARETURN
   L2
    LOCALVARIABLE this Lcom/examples/with/different/packagename/testcarver/DateConverterTest6; L0 L2 0
    LOCALVARIABLE value Ljava/lang/String; L0 L2 1
    LOCALVARIABLE pattern Ljava/lang/String; L0 L2 2
    LOCALVARIABLE locale Ljava/util/Locale; L0 L2 3
    LOCALVARIABLE calendar Ljava/util/Calendar; L1 L2 4
    MAXSTACK = 4
    MAXLOCALS = 5

  // access flags 0x0
  toCalendar(Ljava/lang/String;Ljava/lang/String;Ljava/util/Locale;)Ljava/util/Calendar;
    TRYCATCHBLOCK L0 L1 L2 java/lang/Exception
   L3
    LINENUMBER 171 L3
    ACONST_NULL
    ASTORE 4
   L0
    LINENUMBER 173 L0
    ALOAD 3
    IFNONNULL L4
   L5
    LINENUMBER 174 L5
    NEW org/evosuite/testcarver/wrapper/java/text/SimpleDateFormat
    DUP
    ALOAD 2
    INVOKESPECIAL org/evosuite/testcarver/wrapper/java/text/SimpleDateFormat.<init> (Ljava/lang/String;)V
    GOTO L6
   L4
    LINENUMBER 175 L4
    NEW org/evosuite/testcarver/wrapper/java/text/SimpleDateFormat
    DUP
    ALOAD 2
    ALOAD 3
    INVOKESPECIAL org/evosuite/testcarver/wrapper/java/text/SimpleDateFormat.<init> (Ljava/lang/String;Ljava/util/Locale;)V
   L6
    ASTORE 5
   L7
    LINENUMBER 176 L7
    ALOAD 5
    ICONST_0
    INVOKEVIRTUAL java/text/DateFormat.setLenient (Z)V
   L8
    LINENUMBER 177 L8
    ALOAD 5
    ALOAD 1
    INVOKEVIRTUAL java/text/DateFormat.parse (Ljava/lang/String;)Ljava/util/Date;
    POP
   L9
    LINENUMBER 178 L9
    ALOAD 5
    INVOKEVIRTUAL java/text/DateFormat.getCalendar ()Ljava/util/Calendar;
    ASTORE 4
   L1
    LINENUMBER 182 L1
    GOTO L10
   L2
    LINENUMBER 179 L2
    ASTORE 5
   L11
    LINENUMBER 180 L11
    NEW java/lang/StringBuilder
    DUP
    INVOKESPECIAL java/lang/StringBuilder.<init> ()V
    LDC "Error creating Calendar value ='"
    INVOKEVIRTUAL java/lang/StringBuilder.append (Ljava/lang/String;)Ljava/lang/StringBuilder;
    ALOAD 1
    INVOKEVIRTUAL java/lang/StringBuilder.append (Ljava/lang/String;)Ljava/lang/StringBuilder;
    LDC ", pattern='"
    INVOKEVIRTUAL java/lang/StringBuilder.append (Ljava/lang/String;)Ljava/lang/StringBuilder;
    ALOAD 2
    INVOKEVIRTUAL java/lang/StringBuilder.append (Ljava/lang/String;)Ljava/lang/StringBuilder;
    LDC "' "
    INVOKEVIRTUAL java/lang/StringBuilder.append (Ljava/lang/String;)Ljava/lang/StringBuilder;
    ALOAD 5
   L12
    LINENUMBER 181 L12
    INVOKEVIRTUAL java/lang/Exception.toString ()Ljava/lang/String;
    INVOKEVIRTUAL java/lang/StringBuilder.append (Ljava/lang/String;)Ljava/lang/StringBuilder;
    INVOKEVIRTUAL java/lang/StringBuilder.toString ()Ljava/lang/String;
   L13
    LINENUMBER 180 L13
    INVOKESTATIC org/junit/Assert.fail (Ljava/lang/String;)V
   L10
    LINENUMBER 183 L10
    ALOAD 4
    ARETURN
   L14
    LOCALVARIABLE format Ljava/text/DateFormat; L7 L1 5
    LOCALVARIABLE e Ljava/lang/Exception; L11 L10 5
    LOCALVARIABLE this Lcom/examples/with/different/packagename/testcarver/DateConverterTest6; L3 L14 0
    LOCALVARIABLE value Ljava/lang/String; L3 L14 1
    LOCALVARIABLE pattern Ljava/lang/String; L3 L14 2
    LOCALVARIABLE locale Ljava/util/Locale; L3 L14 3
    LOCALVARIABLE calendar Ljava/util/Calendar; L0 L14 4
    MAXSTACK = 4
    MAXLOCALS = 6

  // access flags 0x0
  toDate(Ljava/util/Calendar;)Ljava/util/Date;
   L0
    LINENUMBER 193 L0
    ALOAD 1
    INVOKESTATIC org/evosuite/testcarver/wrapper/java/util/Calendar.getTime (Ljava/util/Calendar;)Ljava/util/Date;
    ARETURN
   L1
    LOCALVARIABLE this Lcom/examples/with/different/packagename/testcarver/DateConverterTest6; L0 L1 0
    LOCALVARIABLE calendar Ljava/util/Calendar; L0 L1 1
    MAXSTACK = 1
    MAXLOCALS = 2

  // access flags 0x0
  toSqlDate(Ljava/util/Calendar;)Ljava/sql/Date;
   L0
    LINENUMBER 203 L0
    NEW java/sql/Date
    DUP
    ALOAD 0
    ALOAD 1
    INVOKEVIRTUAL com/examples/with/different/packagename/testcarver/DateConverterTest6.getTimeInMillis (Ljava/lang/Object;)J
    INVOKESPECIAL java/sql/Date.<init> (J)V
    ARETURN
   L1
    LOCALVARIABLE this Lcom/examples/with/different/packagename/testcarver/DateConverterTest6; L0 L1 0
    LOCALVARIABLE calendar Ljava/util/Calendar; L0 L1 1
    MAXSTACK = 4
    MAXLOCALS = 2

  // access flags 0x0
  toSqlTime(Ljava/util/Calendar;)Ljava/sql/Time;
   L0
    LINENUMBER 213 L0
    NEW java/sql/Time
    DUP
    ALOAD 0
    ALOAD 1
    INVOKEVIRTUAL com/examples/with/different/packagename/testcarver/DateConverterTest6.getTimeInMillis (Ljava/lang/Object;)J
    INVOKESPECIAL java/sql/Time.<init> (J)V
    ARETURN
   L1
    LOCALVARIABLE this Lcom/examples/with/different/packagename/testcarver/DateConverterTest6; L0 L1 0
    LOCALVARIABLE calendar Ljava/util/Calendar; L0 L1 1
    MAXSTACK = 4
    MAXLOCALS = 2

  // access flags 0x0
  toSqlTimestamp(Ljava/util/Calendar;)Ljava/sql/Timestamp;
   L0
    LINENUMBER 223 L0
    NEW java/sql/Timestamp
    DUP
    ALOAD 0
    ALOAD 1
    INVOKEVIRTUAL com/examples/with/different/packagename/testcarver/DateConverterTest6.getTimeInMillis (Ljava/lang/Object;)J
    INVOKESPECIAL java/sql/Timestamp.<init> (J)V
    ARETURN
   L1
    LOCALVARIABLE this Lcom/examples/with/different/packagename/testcarver/DateConverterTest6; L0 L1 0
    LOCALVARIABLE calendar Ljava/util/Calendar; L0 L1 1
    MAXSTACK = 4
    MAXLOCALS = 2

  // access flags 0x4
  protected toType(Ljava/util/Calendar;)Ljava/lang/Object;
   L0
    LINENUMBER 233 L0
    ALOAD 1
    INVOKESTATIC org/evosuite/testcarver/wrapper/java/util/Calendar.getTime (Ljava/util/Calendar;)Ljava/util/Date;
    ARETURN
   L1
    LOCALVARIABLE this Lcom/examples/with/different/packagename/testcarver/DateConverterTest6; L0 L1 0
    LOCALVARIABLE value Ljava/util/Calendar; L0 L1 1
    MAXSTACK = 1
    MAXLOCALS = 2

  // access flags 0x2
  private _sw_prototype_original_testPatternNoDefault()V
   L0
    LINENUMBER 242 L0
    LDC "yyyy-MM-dd"
    ASTORE 1
   L1
    LINENUMBER 245 L1
    ALOAD 0
    INVOKEVIRTUAL com/examples/with/different/packagename/testcarver/DateConverterTest6.makeConverter ()Lcom/examples/with/different/packagename/testcarver/DateTimeConverter;
    ASTORE 2
   L2
    LINENUMBER 246 L2
    ALOAD 2
    ALOAD 1
    INVOKEVIRTUAL com/examples/with/different/packagename/testcarver/DateTimeConverter.setPattern (Ljava/lang/String;)V
   L3
    LINENUMBER 249 L3
    LDC "2006-10-29"
    ASTORE 3
   L4
    LINENUMBER 250 L4
    ALOAD 0
    ALOAD 3
    ALOAD 1
    ACONST_NULL
    INVOKEVIRTUAL com/examples/with/different/packagename/testcarver/DateConverterTest6.toCalendar (Ljava/lang/String;Ljava/lang/String;Ljava/util/Locale;)Ljava/util/Calendar;
    ASTORE 4
   L5
    LINENUMBER 251 L5
    ALOAD 0
    ALOAD 4
    INVOKEVIRTUAL com/examples/with/different/packagename/testcarver/DateConverterTest6.toType (Ljava/util/Calendar;)Ljava/lang/Object;
    ASTORE 5
   L6
    LINENUMBER 252 L6
    ALOAD 0
    ALOAD 2
    ALOAD 5
    ALOAD 3
    INVOKEVIRTUAL com/examples/with/different/packagename/testcarver/DateConverterTest6.validConversion (Lcom/examples/with/different/packagename/testcarver/Converter;Ljava/lang/Object;Ljava/lang/Object;)V
   L7
    LINENUMBER 255 L7
    ALOAD 0
    ALOAD 2
    ALOAD 5
    ALOAD 4
    INVOKEVIRTUAL com/examples/with/different/packagename/testcarver/DateConverterTest6.validConversion (Lcom/examples/with/different/packagename/testcarver/Converter;Ljava/lang/Object;Ljava/lang/Object;)V
   L8
    LINENUMBER 258 L8
    ALOAD 0
    ALOAD 2
    ALOAD 5
    ALOAD 0
    ALOAD 4
    INVOKEVIRTUAL com/examples/with/different/packagename/testcarver/DateConverterTest6.toDate (Ljava/util/Calendar;)Ljava/util/Date;
    INVOKEVIRTUAL com/examples/with/different/packagename/testcarver/DateConverterTest6.validConversion (Lcom/examples/with/different/packagename/testcarver/Converter;Ljava/lang/Object;Ljava/lang/Object;)V
   L9
    LINENUMBER 261 L9
    ALOAD 0
    ALOAD 2
    ALOAD 5
    ALOAD 0
    ALOAD 4
    INVOKEVIRTUAL com/examples/with/different/packagename/testcarver/DateConverterTest6.toSqlDate (Ljava/util/Calendar;)Ljava/sql/Date;
    INVOKEVIRTUAL com/examples/with/different/packagename/testcarver/DateConverterTest6.validConversion (Lcom/examples/with/different/packagename/testcarver/Converter;Ljava/lang/Object;Ljava/lang/Object;)V
   L10
    LINENUMBER 264 L10
    ALOAD 0
    ALOAD 2
    ALOAD 5
    ALOAD 0
    ALOAD 4
    INVOKEVIRTUAL com/examples/with/different/packagename/testcarver/DateConverterTest6.toSqlTimestamp (Ljava/util/Calendar;)Ljava/sql/Timestamp;
    INVOKEVIRTUAL com/examples/with/different/packagename/testcarver/DateConverterTest6.validConversion (Lcom/examples/with/different/packagename/testcarver/Converter;Ljava/lang/Object;Ljava/lang/Object;)V
   L11
    LINENUMBER 267 L11
    ALOAD 0
    ALOAD 2
    ALOAD 5
    ALOAD 0
    ALOAD 4
    INVOKEVIRTUAL com/examples/with/different/packagename/testcarver/DateConverterTest6.toSqlTime (Ljava/util/Calendar;)Ljava/sql/Time;
    INVOKEVIRTUAL com/examples/with/different/packagename/testcarver/DateConverterTest6.validConversion (Lcom/examples/with/different/packagename/testcarver/Converter;Ljava/lang/Object;Ljava/lang/Object;)V
   L12
    LINENUMBER 270 L12
    ALOAD 0
    ALOAD 2
    ACONST_NULL
    INVOKEVIRTUAL com/examples/with/different/packagename/testcarver/DateConverterTest6.invalidConversion (Lcom/examples/with/different/packagename/testcarver/Converter;Ljava/lang/Object;)V
   L13
    LINENUMBER 271 L13
    ALOAD 0
    ALOAD 2
    LDC ""
    INVOKEVIRTUAL com/examples/with/different/packagename/testcarver/DateConverterTest6.invalidConversion (Lcom/examples/with/different/packagename/testcarver/Converter;Ljava/lang/Object;)V
   L14
    LINENUMBER 272 L14
    ALOAD 0
    ALOAD 2
    LDC "2006-10-2X"
    INVOKEVIRTUAL com/examples/with/different/packagename/testcarver/DateConverterTest6.invalidConversion (Lcom/examples/with/different/packagename/testcarver/Converter;Ljava/lang/Object;)V
   L15
    LINENUMBER 273 L15
    ALOAD 0
    ALOAD 2
    LDC "2006/10/01"
    INVOKEVIRTUAL com/examples/with/different/packagename/testcarver/DateConverterTest6.invalidConversion (Lcom/examples/with/different/packagename/testcarver/Converter;Ljava/lang/Object;)V
   L16
    LINENUMBER 274 L16
    ALOAD 0
    ALOAD 2
    LDC "02/10/2006"
    INVOKEVIRTUAL com/examples/with/different/packagename/testcarver/DateConverterTest6.invalidConversion (Lcom/examples/with/different/packagename/testcarver/Converter;Ljava/lang/Object;)V
   L17
    LINENUMBER 275 L17
    ALOAD 0
    ALOAD 2
    LDC "02/10/06"
    INVOKEVIRTUAL com/examples/with/different/packagename/testcarver/DateConverterTest6.invalidConversion (Lcom/examples/with/different/packagename/testcarver/Converter;Ljava/lang/Object;)V
   L18
    LINENUMBER 276 L18
    ALOAD 0
    ALOAD 2
    ICONST_2
    INVOKESTATIC java/lang/Integer.valueOf (I)Ljava/lang/Integer;
    INVOKEVIRTUAL com/examples/with/different/packagename/testcarver/DateConverterTest6.invalidConversion (Lcom/examples/with/different/packagename/testcarver/Converter;Ljava/lang/Object;)V
   L19
    LINENUMBER 278 L19
    RETURN
   L20
    LOCALVARIABLE this Lcom/examples/with/different/packagename/testcarver/DateConverterTest6; L0 L20 0
    LOCALVARIABLE pattern Ljava/lang/String; L1 L20 1
    LOCALVARIABLE converter Lcom/examples/with/different/packagename/testcarver/DateTimeConverter; L2 L20 2
    LOCALVARIABLE testString Ljava/lang/String; L4 L20 3
    LOCALVARIABLE calendar Ljava/util/Calendar; L5 L20 4
    LOCALVARIABLE expected Ljava/lang/Object; L6 L20 5
    MAXSTACK = 9
    MAXLOCALS = 6

  // access flags 0x1
  public <init>()V
    TRYCATCHBLOCK L0 L1 L1 java/lang/Throwable
   L2
    LINENUMBER 32 L2
    ALOAD 0
    INVOKESPECIAL java/lang/Object.<init> ()V
   L0
    LDC -2147483608
    ALOAD 0
    LDC "<init>"
    LDC "()V"
    BIPUSH 0
    ANEWARRAY java/lang/Object
    INVOKESTATIC org/evosuite/testcarver/capture/Capturer.capture (ILjava/lang/Object;Ljava/lang/String;Ljava/lang/String;[Ljava/lang/Object;)V
    ALOAD 0
    INVOKEVIRTUAL com/examples/with/different/packagename/testcarver/DateConverterTest6._sw_prototype_original_init_sw_prototype_original_ ()V
    GOTO L3
   L1
   FRAME SAME1 java/lang/Throwable
    ASTORE 1
    LDC -2147483608
    ALOAD 0
    GETSTATIC org/evosuite/testcarver/capture/CaptureLog.RETURN_TYPE_VOID : Ljava/lang/Object;
    INVOKESTATIC org/evosuite/testcarver/capture/Capturer.enable (ILjava/lang/Object;Ljava/lang/Object;)V
    ALOAD 1
    ATHROW
   L3
   FRAME SAME
    LDC -2147483608
    ALOAD 0
    GETSTATIC org/evosuite/testcarver/capture/CaptureLog.RETURN_TYPE_VOID : Ljava/lang/Object;
    INVOKESTATIC org/evosuite/testcarver/capture/Capturer.enable (ILjava/lang/Object;Ljava/lang/Object;)V
    RETURN
    MAXSTACK = 5
    MAXLOCALS = 0

  // access flags 0x1
  public testPatternNoDefault()V
  @Lorg/junit/Test;()
    TRYCATCHBLOCK L0 L1 L1 java/lang/Throwable
   L0
    LDC -2147483607
    ALOAD 0
    LDC "testPatternNoDefault"
    LDC "()V"
    BIPUSH 0
    ANEWARRAY java/lang/Object
    INVOKESTATIC org/evosuite/testcarver/capture/Capturer.capture (ILjava/lang/Object;Ljava/lang/String;Ljava/lang/String;[Ljava/lang/Object;)V
    ALOAD 0
    INVOKEVIRTUAL com/examples/with/different/packagename/testcarver/DateConverterTest6._sw_prototype_original_testPatternNoDefault ()V
    GOTO L2
   L1
   FRAME SAME1 java/lang/Throwable
    ASTORE 1
    LDC -2147483607
    ALOAD 0
    GETSTATIC org/evosuite/testcarver/capture/CaptureLog.RETURN_TYPE_VOID : Ljava/lang/Object;
    INVOKESTATIC org/evosuite/testcarver/capture/Capturer.enable (ILjava/lang/Object;Ljava/lang/Object;)V
    ALOAD 1
    ATHROW
   L2
   FRAME SAME
    LDC -2147483607
    ALOAD 0
    GETSTATIC org/evosuite/testcarver/capture/CaptureLog.RETURN_TYPE_VOID : Ljava/lang/Object;
    INVOKESTATIC org/evosuite/testcarver/capture/Capturer.enable (ILjava/lang/Object;Ljava/lang/Object;)V
    RETURN
    MAXSTACK = 9
    MAXLOCALS = 0
}
INFO  org.evosuite.testcarver.extraction.CarvingClassLoader - Keeping class: com.examples.with.different.packagename.testcarver.DateConverterTest6
INFO  org.evosuite.testcarver.extraction.CarvingClassLoader - Seeing class for first time: com.examples.with.different.packagename.testcarver.ConversionException
WARN  org.evosuite.testcarver.extraction.CarvingClassLoader - Instrumenting class 'com.examples.with.different.packagename.testcarver.ConversionException'.
INFO  org.evosuite.testcarver.instrument.Instrumenter - Checking package com.examples.with.different.packagename.testcarver for class com/examples/with/different/packagename/testcarver/ConversionException
// class version 52.0 (52)
// access flags 0x21
public class com/examples/with/different/packagename/testcarver/ConversionException extends java/lang/RuntimeException {

  // compiled from: ConversionException.java

  // access flags 0x1A
  private final static J serialVersionUID = -3264207363344909775L

  // access flags 0x4
  protected Ljava/lang/Throwable; cause

  // access flags 0x2
  private _sw_prototype_original_init_sw_prototype_original_(Ljava/lang/String;)V
    ALOAD 0
    INVOKESTATIC org/evosuite/testcarver/capture/FieldRegistry.register (Ljava/lang/Object;)V
   L0
    LINENUMBER 85 L0
    ALOAD 0
    ACONST_NULL
    DUP2
    PUTFIELD com/examples/with/different/packagename/testcarver/ConversionException.cause : Ljava/lang/Throwable;
    POP
    LDC -2147483606
    LDC "com/examples/with/different/packagename/testcarver/ConversionException"
    LDC "cause"
    LDC "Ljava/lang/Throwable;"
    INVOKESTATIC org/evosuite/testcarver/capture/FieldRegistry.notifyModification (Ljava/lang/Object;ILjava/lang/String;Ljava/lang/String;Ljava/lang/String;)V
   L1
    LINENUMBER 48 L1
    RETURN
   L2
    LOCALVARIABLE this Lcom/examples/with/different/packagename/testcarver/ConversionException; L3 L2 0
    LOCALVARIABLE message Ljava/lang/String; L3 L2 1
    MAXSTACK = 6
    MAXLOCALS = 2

  // access flags 0x2
  private _sw_prototype_original_init_sw_prototype_original_(Ljava/lang/String;Ljava/lang/Throwable;)V
    ALOAD 0
    INVOKESTATIC org/evosuite/testcarver/capture/FieldRegistry.register (Ljava/lang/Object;)V
   L0
    LINENUMBER 85 L0
    ALOAD 0
    ACONST_NULL
    DUP2
    PUTFIELD com/examples/with/different/packagename/testcarver/ConversionException.cause : Ljava/lang/Throwable;
    POP
    LDC -2147483603
    LDC "com/examples/with/different/packagename/testcarver/ConversionException"
    LDC "cause"
    LDC "Ljava/lang/Throwable;"
    INVOKESTATIC org/evosuite/testcarver/capture/FieldRegistry.notifyModification (Ljava/lang/Object;ILjava/lang/String;Ljava/lang/String;Ljava/lang/String;)V
   L1
    LINENUMBER 60 L1
    ALOAD 0
    ALOAD 2
    DUP2
    PUTFIELD com/examples/with/different/packagename/testcarver/ConversionException.cause : Ljava/lang/Throwable;
    POP
    LDC -2147483601
    LDC "com/examples/with/different/packagename/testcarver/ConversionException"
    LDC "cause"
    LDC "Ljava/lang/Throwable;"
    INVOKESTATIC org/evosuite/testcarver/capture/FieldRegistry.notifyModification (Ljava/lang/Object;ILjava/lang/String;Ljava/lang/String;Ljava/lang/String;)V
   L2
    LINENUMBER 62 L2
    RETURN
   L3
    LOCALVARIABLE this Lcom/examples/with/different/packagename/testcarver/ConversionException; L4 L3 0
    LOCALVARIABLE message Ljava/lang/String; L4 L3 1
    LOCALVARIABLE cause Ljava/lang/Throwable; L4 L3 2
    MAXSTACK = 6
    MAXLOCALS = 3

  // access flags 0x2
  private _sw_prototype_original_init_sw_prototype_original_(Ljava/lang/Throwable;)V
    ALOAD 0
    INVOKESTATIC org/evosuite/testcarver/capture/FieldRegistry.register (Ljava/lang/Object;)V
   L0
    LINENUMBER 85 L0
    ALOAD 0
    ACONST_NULL
    DUP2
    PUTFIELD com/examples/with/different/packagename/testcarver/ConversionException.cause : Ljava/lang/Throwable;
    POP
    LDC -2147483598
    LDC "com/examples/with/different/packagename/testcarver/ConversionException"
    LDC "cause"
    LDC "Ljava/lang/Throwable;"
    INVOKESTATIC org/evosuite/testcarver/capture/FieldRegistry.notifyModification (Ljava/lang/Object;ILjava/lang/String;Ljava/lang/String;Ljava/lang/String;)V
   L1
    LINENUMBER 73 L1
    ALOAD 0
    ALOAD 1
    DUP2
    PUTFIELD com/examples/with/different/packagename/testcarver/ConversionException.cause : Ljava/lang/Throwable;
    POP
    LDC -2147483596
    LDC "com/examples/with/different/packagename/testcarver/ConversionException"
    LDC "cause"
    LDC "Ljava/lang/Throwable;"
    INVOKESTATIC org/evosuite/testcarver/capture/FieldRegistry.notifyModification (Ljava/lang/Object;ILjava/lang/String;Ljava/lang/String;Ljava/lang/String;)V
   L2
    LINENUMBER 75 L2
    RETURN
   L3
    LOCALVARIABLE this Lcom/examples/with/different/packagename/testcarver/ConversionException; L4 L3 0
    LOCALVARIABLE cause Ljava/lang/Throwable; L4 L3 1
    MAXSTACK = 6
    MAXLOCALS = 2

  // access flags 0x2
  private _sw_prototype_original_getCause()Ljava/lang/Throwable;
   L0
    LINENUMBER 93 L0
    ALOAD 0
    DUP
    GETFIELD com/examples/with/different/packagename/testcarver/ConversionException.cause : Ljava/lang/Throwable;
    SWAP
    LDC -2147483593
    LDC "com/examples/with/different/packagename/testcarver/ConversionException"
    LDC "cause"
    LDC "Ljava/lang/Throwable;"
    INVOKESTATIC org/evosuite/testcarver/capture/FieldRegistry.notifyReadAccess (Ljava/lang/Object;ILjava/lang/String;Ljava/lang/String;Ljava/lang/String;)V
    ARETURN
   L1
    LOCALVARIABLE this Lcom/examples/with/different/packagename/testcarver/ConversionException; L0 L1 0
    MAXSTACK = 5
    MAXLOCALS = 1

  // access flags 0x1
  public <init>(Ljava/lang/String;)V
    TRYCATCHBLOCK L0 L1 L1 java/lang/Throwable
   L2
    LINENUMBER 46 L2
    ALOAD 0
    ALOAD 1
    INVOKESPECIAL java/lang/RuntimeException.<init> (Ljava/lang/String;)V
   L0
    LDC -2147483604
    ALOAD 0
    LDC "<init>"
    LDC "(Ljava/lang/String;)V"
    BIPUSH 1
    ANEWARRAY java/lang/Object
    DUP
    BIPUSH 0
    ALOAD 1
    AASTORE
    INVOKESTATIC org/evosuite/testcarver/capture/Capturer.capture (ILjava/lang/Object;Ljava/lang/String;Ljava/lang/String;[Ljava/lang/Object;)V
    ALOAD 0
    ALOAD 1
    INVOKEVIRTUAL com/examples/with/different/packagename/testcarver/ConversionException._sw_prototype_original_init_sw_prototype_original_ (Ljava/lang/String;)V
    GOTO L3
   L1
   FRAME SAME1 java/lang/Throwable
    ASTORE 2
    LDC -2147483604
    ALOAD 0
    GETSTATIC org/evosuite/testcarver/capture/CaptureLog.RETURN_TYPE_VOID : Ljava/lang/Object;
    INVOKESTATIC org/evosuite/testcarver/capture/Capturer.enable (ILjava/lang/Object;Ljava/lang/Object;)V
    ALOAD 2
    ATHROW
   L3
   FRAME SAME
    LDC -2147483604
    ALOAD 0
    GETSTATIC org/evosuite/testcarver/capture/CaptureLog.RETURN_TYPE_VOID : Ljava/lang/Object;
    INVOKESTATIC org/evosuite/testcarver/capture/Capturer.enable (ILjava/lang/Object;Ljava/lang/Object;)V
    RETURN
    MAXSTACK = 6
    MAXLOCALS = 0

  // access flags 0x1
  public <init>(Ljava/lang/String;Ljava/lang/Throwable;)V
    TRYCATCHBLOCK L0 L1 L1 java/lang/Throwable
   L2
    LINENUMBER 59 L2
    ALOAD 0
    ALOAD 1
    INVOKESPECIAL java/lang/RuntimeException.<init> (Ljava/lang/String;)V
   L0
    LDC -2147483599
    ALOAD 0
    LDC "<init>"
    LDC "(Ljava/lang/String;Ljava/lang/Throwable;)V"
    BIPUSH 2
    ANEWARRAY java/lang/Object
    DUP
    BIPUSH 0
    ALOAD 1
    AASTORE
    DUP
    BIPUSH 1
    ALOAD 2
    AASTORE
    INVOKESTATIC org/evosuite/testcarver/capture/Capturer.capture (ILjava/lang/Object;Ljava/lang/String;Ljava/lang/String;[Ljava/lang/Object;)V
    ALOAD 0
    ALOAD 1
    ALOAD 2
    INVOKEVIRTUAL com/examples/with/different/packagename/testcarver/ConversionException._sw_prototype_original_init_sw_prototype_original_ (Ljava/lang/String;Ljava/lang/Throwable;)V
    GOTO L3
   L1
   FRAME SAME1 java/lang/Throwable
    ASTORE 3
    LDC -2147483599
    ALOAD 0
    GETSTATIC org/evosuite/testcarver/capture/CaptureLog.RETURN_TYPE_VOID : Ljava/lang/Object;
    INVOKESTATIC org/evosuite/testcarver/capture/Capturer.enable (ILjava/lang/Object;Ljava/lang/Object;)V
    ALOAD 3
    ATHROW
   L3
   FRAME SAME
    LDC -2147483599
    ALOAD 0
    GETSTATIC org/evosuite/testcarver/capture/CaptureLog.RETURN_TYPE_VOID : Ljava/lang/Object;
    INVOKESTATIC org/evosuite/testcarver/capture/Capturer.enable (ILjava/lang/Object;Ljava/lang/Object;)V
    RETURN
    MAXSTACK = 6
    MAXLOCALS = 0

  // access flags 0x1
  public <init>(Ljava/lang/Throwable;)V
    TRYCATCHBLOCK L0 L1 L1 java/lang/Throwable
   L2
    LINENUMBER 72 L2
    ALOAD 0
    ALOAD 1
    INVOKEVIRTUAL java/lang/Throwable.getMessage ()Ljava/lang/String;
    INVOKESPECIAL java/lang/RuntimeException.<init> (Ljava/lang/String;)V
   L0
    LDC -2147483594
    ALOAD 0
    LDC "<init>"
    LDC "(Ljava/lang/Throwable;)V"
    BIPUSH 1
    ANEWARRAY java/lang/Object
    DUP
    BIPUSH 0
    ALOAD 1
    AASTORE
    INVOKESTATIC org/evosuite/testcarver/capture/Capturer.capture (ILjava/lang/Object;Ljava/lang/String;Ljava/lang/String;[Ljava/lang/Object;)V
    ALOAD 0
    ALOAD 1
    INVOKEVIRTUAL com/examples/with/different/packagename/testcarver/ConversionException._sw_prototype_original_init_sw_prototype_original_ (Ljava/lang/Throwable;)V
    GOTO L3
   L1
   FRAME SAME1 java/lang/Throwable
    ASTORE 2
    LDC -2147483594
    ALOAD 0
    GETSTATIC org/evosuite/testcarver/capture/CaptureLog.RETURN_TYPE_VOID : Ljava/lang/Object;
    INVOKESTATIC org/evosuite/testcarver/capture/Capturer.enable (ILjava/lang/Object;Ljava/lang/Object;)V
    ALOAD 2
    ATHROW
   L3
   FRAME SAME
    LDC -2147483594
    ALOAD 0
    GETSTATIC org/evosuite/testcarver/capture/CaptureLog.RETURN_TYPE_VOID : Ljava/lang/Object;
    INVOKESTATIC org/evosuite/testcarver/capture/Capturer.enable (ILjava/lang/Object;Ljava/lang/Object;)V
    RETURN
    MAXSTACK = 6
    MAXLOCALS = 0

  // access flags 0x1
  public getCause()Ljava/lang/Throwable;
    TRYCATCHBLOCK L0 L1 L2 java/lang/Throwable
    ACONST_NULL
    ASTORE 1
   L0
    LDC -2147483592
    ALOAD 0
    LDC "getCause"
    LDC "()Ljava/lang/Throwable;"
    BIPUSH 0
    ANEWARRAY java/lang/Object
    INVOKESTATIC org/evosuite/testcarver/capture/Capturer.capture (ILjava/lang/Object;Ljava/lang/String;Ljava/lang/String;[Ljava/lang/Object;)V
    ALOAD 0
    INVOKEVIRTUAL com/examples/with/different/packagename/testcarver/ConversionException._sw_prototype_original_getCause ()Ljava/lang/Throwable;
    ASTORE 1
    ALOAD 1
    ASTORE 3
   L1
    LDC -2147483592
    ALOAD 0
    ALOAD 1
    INVOKESTATIC org/evosuite/testcarver/capture/Capturer.enable (ILjava/lang/Object;Ljava/lang/Object;)V
    ALOAD 3
    ARETURN
   L2
   FRAME FULL [com/examples/with/different/packagename/testcarver/ConversionException java/lang/Throwable] [java/lang/Throwable]
    ASTORE 2
    LDC -2147483592
    ALOAD 0
    ALOAD 1
    INVOKESTATIC org/evosuite/testcarver/capture/Capturer.enable (ILjava/lang/Object;Ljava/lang/Object;)V
    ALOAD 2
    ATHROW
    MAXSTACK = 5
    MAXLOCALS = 0
}
INFO  org.evosuite.testcarver.extraction.CarvingClassLoader - Keeping class: com.examples.with.different.packagename.testcarver.ConversionException
INFO  org.evosuite.testcarver.extraction.CarvingRunListener - Not yet reached maximum time to carve unit tests - executing test with carver
INFO  org.evosuite.testcarver.capture.Capturer - Starting Capturer...
INFO  org.evosuite.testcarver.capture.Capturer - Capturer has been started successfully
INFO  org.evosuite.testcarver.capture.Capturer - Stopping Capturer...
INFO  org.evosuite.testcarver.capture.Capturer - Capturer has been stopped successfully
INFO  evo_logger -  - Carving test com.examples.with.different.packagename.testcarver.DateConverterTest6.testPatternNoDefault
INFO  org.evosuite.instrumentation.InstrumentingClassLoader - Seeing class for first time: com.examples.with.different.packagename.testcarver.ConversionException
INFO  org.evosuite.instrumentation.BytecodeInstrumentation - Starting transformation of com/examples/with/different/packagename/testcarver/ConversionException
INFO  org.evosuite.runtime.instrumentation.MethodCallReplacementClassAdapter - Adding mock interface to class com/examples/with/different/packagename/testcarver/ConversionException
INFO  org.evosuite.instrumentation.EndOfClassInitializerVisitor - Creating <clinit> in class com/examples/with/different/packagename/testcarver/ConversionException
INFO  org.evosuite.runtime.instrumentation.CreateClassResetClassAdapter - Found static initializer in class com/examples/with/different/packagename/testcarver/ConversionException
INFO  org.evosuite.instrumentation.InstrumentingClassLoader - Loaded class: com.examples.with.different.packagename.testcarver.ConversionException
INFO  org.evosuite.testcarver.extraction.CarvingRunListener - Carved test of length 21
INFO  org.evosuite.utils.generic.GenericTypeInference - Type map empty
INFO  org.evosuite.utils.generic.GenericTypeInference - Type map empty
INFO  org.evosuite.utils.generic.GenericTypeInference - Type map empty
INFO  org.evosuite.testcarver.extraction.CarvingManager - Result: 1/1
INFO  org.evosuite.testcarver.extraction.CarvingManager - Failure: Converting 'java.sql.Date' value '2006-10-29' threw com.examples.with.different.packagename.testcarver.ConversionException: Error converting from 'java.sql.Date' to 'Date' class java.sql.Date cannot be cast to class org.evosuite.testcarver.wrapper.java.util.Date (java.sql.Date is in module java.sql of loader 'platform'; org.evosuite.testcarver.wrapper.java.util.Date is in unnamed module of loader 'app')
INFO  org.evosuite.testcarver.extraction.CarvingManager - Exception: {}
java.lang.AssertionError: Converting 'java.sql.Date' value '2006-10-29' threw com.examples.with.different.packagename.testcarver.ConversionException: Error converting from 'java.sql.Date' to 'Date' class java.sql.Date cannot be cast to class org.evosuite.testcarver.wrapper.java.util.Date (java.sql.Date is in module java.sql of loader 'platform'; org.evosuite.testcarver.wrapper.java.util.Date is in unnamed module of loader 'app')
	at org.junit.Assert.fail(Assert.java:89)
	at com.examples.with.different.packagename.testcarver.DateConverterTest6.validConversion(DateConverterTest6.java:107)
	at com.examples.with.different.packagename.testcarver.DateConverterTest6._sw_prototype_original_testPatternNoDefault(DateConverterTest6.java:261)
	at com.examples.with.different.packagename.testcarver.DateConverterTest6.testPatternNoDefault(DateConverterTest6.java)
	at java.base/jdk.internal.reflect.DirectMethodHandleAccessor.invoke(DirectMethodHandleAccessor.java:103)
	at java.base/java.lang.reflect.Method.invoke(Method.java:580)
	at org.junit.runners.model.FrameworkMethod$1.runReflectiveCall(FrameworkMethod.java:59)
	at org.junit.internal.runners.model.ReflectiveCallable.run(ReflectiveCallable.java:12)
	at org.junit.runners.model.FrameworkMethod.invokeExplosively(FrameworkMethod.java:56)
	at org.junit.internal.runners.statements.InvokeMethod.evaluate(InvokeMethod.java:17)
	at org.junit.runners.ParentRunner$3.evaluate(ParentRunner.java:306)
	at org.junit.runners.BlockJUnit4ClassRunner$1.evaluate(BlockJUnit4ClassRunner.java:100)
	at org.junit.runners.ParentRunner.runLeaf(ParentRunner.java:366)
	at org.junit.runners.BlockJUnit4ClassRunner.runChild(BlockJUnit4ClassRunner.java:103)
	at org.junit.runners.BlockJUnit4ClassRunner.runChild(BlockJUnit4ClassRunner.java:63)
	at org.junit.runners.ParentRunner$4.run(ParentRunner.java:331)
	at org.junit.runners.ParentRunner$1.schedule(ParentRunner.java:79)
	at org.junit.runners.ParentRunner.runChildren(ParentRunner.java:329)
	at org.junit.runners.ParentRunner.access$100(ParentRunner.java:66)
	at org.junit.runners.ParentRunner$2.evaluate(ParentRunner.java:293)
	at org.junit.runners.ParentRunner$3.evaluate(ParentRunner.java:306)
	at org.junit.runners.ParentRunner.run(ParentRunner.java:413)
	at org.junit.runners.Suite.runChild(Suite.java:128)
	at org.junit.runners.Suite.runChild(Suite.java:27)
	at org.junit.runners.ParentRunner$4.run(ParentRunner.java:331)
	at org.junit.runners.ParentRunner$1.schedule(ParentRunner.java:79)
	at org.junit.runners.ParentRunner.runChildren(ParentRunner.java:329)
	at org.junit.runners.ParentRunner.access$100(ParentRunner.java:66)
	at org.junit.runners.ParentRunner$2.evaluate(ParentRunner.java:293)
	at org.junit.runners.ParentRunner$3.evaluate(ParentRunner.java:306)
	at org.junit.runners.ParentRunner.run(ParentRunner.java:413)
	at org.junit.runner.JUnitCore.run(JUnitCore.java:137)
	at org.junit.runner.JUnitCore.run(JUnitCore.java:115)
	at org.junit.runner.JUnitCore.run(JUnitCore.java:105)
	at org.junit.runner.JUnitCore.run(JUnitCore.java:94)
	at org.evosuite.testcarver.extraction.CarvingManager.readTestCases(CarvingManager.java:129)
	at org.evosuite.testcarver.extraction.CarvingManager.getTestsForClass(CarvingManager.java:216)
	at org.evosuite.testcase.factories.JUnitTestCarvedChromosomeFactory.readTestCases(JUnitTestCarvedChromosomeFactory.java:75)
	at org.evosuite.testcase.factories.JUnitTestCarvedChromosomeFactory.<init>(JUnitTestCarvedChromosomeFactory.java:68)
	at org.evosuite.testcase.JUnitTestCarvedChromosomeFactorySystemTest.testBeanDateConverterUtils6(JUnitTestCarvedChromosomeFactorySystemTest.java:551)
	at java.base/jdk.internal.reflect.DirectMethodHandleAccessor.invoke(DirectMethodHandleAccessor.java:103)
	at java.base/java.lang.reflect.Method.invoke(Method.java:580)
	at org.junit.runners.model.FrameworkMethod$1.runReflectiveCall(FrameworkMethod.java:59)
	at org.junit.internal.runners.model.ReflectiveCallable.run(ReflectiveCallable.java:12)
	at org.junit.runners.model.FrameworkMethod.invokeExplosively(FrameworkMethod.java:56)
	at org.junit.internal.runners.statements.InvokeMethod.evaluate(InvokeMethod.java:17)
	at org.junit.internal.runners.statements.RunBefores.evaluate(RunBefores.java:26)
	at org.junit.internal.runners.statements.RunAfters.evaluate(RunAfters.java:27)
	at org.junit.rules.TestWatcher$1.evaluate(TestWatcher.java:61)
	at org.junit.runners.ParentRunner$3.evaluate(ParentRunner.java:306)
	at org.junit.runners.BlockJUnit4ClassRunner$1.evaluate(BlockJUnit4ClassRunner.java:100)
	at org.junit.runners.ParentRunner.runLeaf(ParentRunner.java:366)
	at org.junit.runners.BlockJUnit4ClassRunner.runChild(BlockJUnit4ClassRunner.java:103)
	at org.junit.runners.BlockJUnit4ClassRunner.runChild(BlockJUnit4ClassRunner.java:63)
	at org.junit.runners.ParentRunner$4.run(ParentRunner.java:331)
	at org.junit.runners.ParentRunner$1.schedule(ParentRunner.java:79)
	at org.junit.runners.ParentRunner.runChildren(ParentRunner.java:329)
	at org.junit.runners.ParentRunner.access$100(ParentRunner.java:66)
	at org.junit.runners.ParentRunner$2.evaluate(ParentRunner.java:293)
	at org.junit.runners.ParentRunner$3.evaluate(ParentRunner.java:306)
	at org.junit.runners.ParentRunner.run(ParentRunner.java:413)
	at org.apache.maven.surefire.junit4.JUnit4Provider.execute(JUnit4Provider.java:316)
	at org.apache.maven.surefire.junit4.JUnit4Provider.executeWithRerun(JUnit4Provider.java:240)
	at org.apache.maven.surefire.junit4.JUnit4Provider.executeTestSet(JUnit4Provider.java:214)
	at org.apache.maven.surefire.junit4.JUnit4Provider.invoke(JUnit4Provider.java:155)
	at org.apache.maven.surefire.booter.ForkedBooter.runSuitesInProcess(ForkedBooter.java:385)
	at org.apache.maven.surefire.booter.ForkedBooter.execute(ForkedBooter.java:162)
	at org.apache.maven.surefire.booter.ForkedBooter.run(ForkedBooter.java:507)
	at org.apache.maven.surefire.booter.ForkedBooter.main(ForkedBooter.java:495)
INFO  org.evosuite.testcase.execution.TestCaseExecutor - No stalled threads
INFO  org.evosuite.testcarver.extraction.CarvingManager - Adding carved test without exception
INFO  org.evosuite.testcarver.extraction.CarvingManager - DateConverter dateConverter0 = new DateConverter();
String string0 = "yyyy-MM-dd";
dateConverter0.setPattern(string0);
Class<Date> class0 = Date.class;
String string1 = "2006-10-29";
dateConverter0.convert(class0, string1);
SimpleDateFormat simpleDateFormat0 = new SimpleDateFormat(string0);
boolean boolean0 = false;
simpleDateFormat0.setLenient(boolean0);
simpleDateFormat0.parse(string1);
GregorianCalendar gregorianCalendar0 = (GregorianCalendar)simpleDateFormat0.getCalendar();
gregorianCalendar0.getTime();
gregorianCalendar0.toString();
dateConverter0.convert(class0, gregorianCalendar0);
long long0 = 1162080000000L;
Date date0 = new Date(long0);
date0.toString();
dateConverter0.convert(class0, date0);
String string2 = "<sql-date>2006-10-29</sql-date>";
java.sql.Date date1 = (java.sql.Date)EvoSuiteXStream.fromString(string2);
dateConverter0.convert(class0, date1);

INFO  evo_logger -  -> Carved 1 tests for class class com.examples.with.different.packagename.testcarver.DateConverter from existing JUnit tests
INFO  evo_logger - * Using 1 carved tests from existing JUnit tests for seeding
INFO  org.evosuite.coverage.branch.BranchCoverageSuiteFitness - Total branch coverage goals: 3
INFO  org.evosuite.coverage.branch.BranchCoverageSuiteFitness - Total branches: 0
INFO  org.evosuite.coverage.branch.BranchCoverageSuiteFitness - Total branchless methods: 3
INFO  org.evosuite.coverage.branch.BranchCoverageSuiteFitness - Total methods: 3: [com.examples.with.different.packagename.testcarver.DateConverter.getDefaultType()Ljava/lang/Class;, com.examples.with.different.packagename.testcarver.DateConverter.<init>(Ljava/lang/Object;)V, com.examples.with.different.packagename.testcarver.DateConverter.<init>()V]
INFO  org.evosuite.coverage.branch.BranchCoverageSuiteFitness - (Methods) Best individual covers 0/0 branches and 1/3 methods
INFO  org.evosuite.coverage.branch.BranchCoverageSuiteFitness - Fitness: 2.0, size: 1, length: 21
INFO  org.evosuite.coverage.branch.BranchCoverageSuiteFitness - (Fitness) Best individual covers 0/0 branches and 1/3 methods
INFO  org.evosuite.coverage.branch.BranchCoverageSuiteFitness - Fitness: 2.0, size: 1, length: 21
INFO  org.evosuite.testcase.factories.JUnitTestCarvedChromosomeFactory - Cloning user test
DateConverter dateConverter0 = new DateConverter();
String string0 = "yyyy-MM-dd";
dateConverter0.setPattern(string0);
Class<Date> class0 = Date.class;
String string1 = "2006-10-29";
dateConverter0.convert(class0, string1);
SimpleDateFormat simpleDateFormat0 = new SimpleDateFormat(string0);
boolean boolean0 = false;
simpleDateFormat0.setLenient(boolean0);
simpleDateFormat0.parse(string1);
GregorianCalendar gregorianCalendar0 = (GregorianCalendar)simpleDateFormat0.getCalendar();
gregorianCalendar0.getTime();
gregorianCalendar0.toString();
dateConverter0.convert(class0, gregorianCalendar0);
long long0 = 1162080000000L;
Date date0 = new Date(long0);
date0.toString();
dateConverter0.convert(class0, date0);
String string2 = "<sql-date>2006-10-29</sql-date>";
java.sql.Date date1 = (java.sql.Date)EvoSuiteXStream.fromString(string2);
dateConverter0.convert(class0, date1);

INFO  org.evosuite.TestGenerationContext - *** Resetting context
INFO  org.evosuite.testcase.execution.TestCaseExecutor - TestCaseExecutor instance is non-null, but its actual executor is null
INFO  org.evosuite.TestGenerationContext - *** Resetting context
INFO  org.evosuite.testcase.execution.TestCaseExecutor - TestCaseExecutor instance is non-null, but its actual executor is null
INFO  org.evosuite.instrumentation.InstrumentingClassLoader - Seeing class for first time: com.examples.with.different.packagename.testcarver.DateConverter
INFO  org.evosuite.instrumentation.BytecodeInstrumentation - Starting transformation of com/examples/with/different/packagename/testcarver/DateConverter
INFO  org.evosuite.instrumentation.testability.StringTransformation - Current method: <init>
INFO  org.evosuite.instrumentation.testability.StringTransformation - Current method: <init>
INFO  org.evosuite.instrumentation.testability.StringTransformation - Current method: getDefaultType
INFO  org.evosuite.runtime.instrumentation.MethodCallReplacementClassAdapter - Adding mock interface to class com/examples/with/different/packagename/testcarver/DateConverter
INFO  org.evosuite.graphs.cfg.CFGClassAdapter - Analyzing CFG of com/examples/with/different/packagename/testcarver/DateConverter
INFO  org.evosuite.graphs.cfg.CFGMethodAdapter - Analyzing method <init>()V in class com.examples.with.different.packagename.testcarver.DateConverter
INFO  org.evosuite.graphs.cfg.CFGMethodAdapter - Generating CFG for method <init>()V
INFO  org.evosuite.graphs.cfg.RawControlFlowGraph - Creating new RawCFG for com.examples.with.different.packagename.testcarver.DateConverter.<init>()V: 0
INFO  org.evosuite.graphs.cfg.CFGMethodAdapter - Created CFG for method <init>()V
INFO  org.evosuite.graphs.cfg.CFGMethodAdapter - Instrumenting method <init>()V in class com.examples.with.different.packagename.testcarver.DateConverter
INFO  org.evosuite.graphs.cfg.CFGClassAdapter - Analyzing CFG of com/examples/with/different/packagename/testcarver/DateConverter
INFO  org.evosuite.graphs.cfg.CFGMethodAdapter - Analyzing method <init>(Ljava/lang/Object;)V in class com.examples.with.different.packagename.testcarver.DateConverter
INFO  org.evosuite.graphs.cfg.CFGMethodAdapter - Generating CFG for method <init>(Ljava/lang/Object;)V
INFO  org.evosuite.graphs.cfg.RawControlFlowGraph - Creating new RawCFG for com.examples.with.different.packagename.testcarver.DateConverter.<init>(Ljava/lang/Object;)V: 0
INFO  org.evosuite.graphs.cfg.CFGMethodAdapter - Created CFG for method <init>(Ljava/lang/Object;)V
INFO  org.evosuite.graphs.cfg.CFGMethodAdapter - Instrumenting method <init>(Ljava/lang/Object;)V in class com.examples.with.different.packagename.testcarver.DateConverter
INFO  org.evosuite.graphs.cfg.CFGClassAdapter - Analyzing CFG of com/examples/with/different/packagename/testcarver/DateConverter
INFO  org.evosuite.graphs.cfg.CFGMethodAdapter - Analyzing method getDefaultType()Ljava/lang/Class; in class com.examples.with.different.packagename.testcarver.DateConverter
INFO  org.evosuite.graphs.cfg.CFGMethodAdapter - Generating CFG for method getDefaultType()Ljava/lang/Class;
INFO  org.evosuite.graphs.cfg.RawControlFlowGraph - Creating new RawCFG for com.examples.with.different.packagename.testcarver.DateConverter.getDefaultType()Ljava/lang/Class;: 0
INFO  org.evosuite.graphs.cfg.CFGMethodAdapter - Created CFG for method getDefaultType()Ljava/lang/Class;
INFO  org.evosuite.graphs.cfg.CFGMethodAdapter - Instrumenting method getDefaultType()Ljava/lang/Class; in class com.examples.with.different.packagename.testcarver.DateConverter
INFO  org.evosuite.runtime.instrumentation.CreateClassResetClassAdapter - Creating brand-new static initializer in class com/examples/with/different/packagename/testcarver/DateConverter
INFO  org.evosuite.instrumentation.InstrumentingClassLoader - Seeing class for first time: com.examples.with.different.packagename.testcarver.DateTimeConverter
INFO  org.evosuite.instrumentation.BytecodeInstrumentation - Starting transformation of com/examples/with/different/packagename/testcarver/DateTimeConverter
INFO  org.evosuite.runtime.instrumentation.MethodCallReplacementClassAdapter - Adding mock interface to class com/examples/with/different/packagename/testcarver/DateTimeConverter
INFO  org.evosuite.runtime.instrumentation.CreateClassResetClassAdapter - Creating brand-new static initializer in class com/examples/with/different/packagename/testcarver/DateTimeConverter
INFO  org.evosuite.instrumentation.InstrumentingClassLoader - Seeing class for first time: com.examples.with.different.packagename.testcarver.AbstractConverter
INFO  org.evosuite.instrumentation.BytecodeInstrumentation - Starting transformation of com/examples/with/different/packagename/testcarver/AbstractConverter
INFO  org.evosuite.runtime.instrumentation.MethodCallReplacementClassAdapter - Adding mock interface to class com/examples/with/different/packagename/testcarver/AbstractConverter
INFO  org.evosuite.instrumentation.EndOfClassInitializerVisitor - Creating <clinit> in class com/examples/with/different/packagename/testcarver/AbstractConverter
INFO  org.evosuite.runtime.instrumentation.CreateClassResetClassAdapter - Found static initializer in class com/examples/with/different/packagename/testcarver/AbstractConverter
INFO  org.evosuite.instrumentation.InstrumentingClassLoader - Seeing class for first time: com.examples.with.different.packagename.testcarver.Converter
INFO  org.evosuite.instrumentation.BytecodeInstrumentation - Starting transformation of com/examples/with/different/packagename/testcarver/Converter
INFO  org.evosuite.instrumentation.InstrumentingClassLoader - Loaded class: com.examples.with.different.packagename.testcarver.Converter
INFO  org.evosuite.instrumentation.InstrumentingClassLoader - Loaded class: com.examples.with.different.packagename.testcarver.AbstractConverter
INFO  org.evosuite.instrumentation.InstrumentingClassLoader - Loaded class: com.examples.with.different.packagename.testcarver.DateTimeConverter
INFO  org.evosuite.instrumentation.InstrumentingClassLoader - Loaded class: com.examples.with.different.packagename.testcarver.DateConverter
INFO  evo_logger - * Executing tests from 1 test class for carving
INFO  org.evosuite.testcarver.extraction.CarvingClassLoader - Seeing class for first time: com.examples.with.different.packagename.testcarver.DateConverter
WARN  org.evosuite.testcarver.extraction.CarvingClassLoader - Instrumenting class 'com.examples.with.different.packagename.testcarver.DateConverter'.
INFO  org.evosuite.testcarver.instrument.Instrumenter - Checking package com.examples.with.different.packagename.testcarver for class com/examples/with/different/packagename/testcarver/DateConverter
// class version 52.0 (52)
// access flags 0x31
public final class com/examples/with/different/packagename/testcarver/DateConverter extends com/examples/with/different/packagename/testcarver/DateTimeConverter {

  // compiled from: DateConverter.java

  // access flags 0x2
  private _sw_prototype_original_init_sw_prototype_original_()V
    ALOAD 0
    INVOKESTATIC org/evosuite/testcarver/capture/FieldRegistry.register (Ljava/lang/Object;)V
   L0
    LINENUMBER 47 L0
    RETURN
   L1
    LOCALVARIABLE this Lcom/examples/with/different/packagename/testcarver/DateConverter; L2 L1 0
    MAXSTACK = 5
    MAXLOCALS = 1

  // access flags 0x2
  private _sw_prototype_original_init_sw_prototype_original_(Ljava/lang/Object;)V
    ALOAD 0
    INVOKESTATIC org/evosuite/testcarver/capture/FieldRegistry.register (Ljava/lang/Object;)V
   L0
    LINENUMBER 59 L0
    RETURN
   L1
    LOCALVARIABLE this Lcom/examples/with/different/packagename/testcarver/DateConverter; L2 L1 0
    LOCALVARIABLE defaultValue Ljava/lang/Object; L2 L1 1
    MAXSTACK = 6
    MAXLOCALS = 2

  // access flags 0x4
  protected getDefaultType()Ljava/lang/Class;
   L0
    LINENUMBER 67 L0
    LDC Ljava/util/Date;.class
    ARETURN
   L1
    LOCALVARIABLE this Lcom/examples/with/different/packagename/testcarver/DateConverter; L0 L1 0
    MAXSTACK = 1
    MAXLOCALS = 1

  // access flags 0x1
  public <init>()V
    TRYCATCHBLOCK L0 L1 L1 java/lang/Throwable
   L2
    LINENUMBER 46 L2
    ALOAD 0
    INVOKESPECIAL com/examples/with/different/packagename/testcarver/DateTimeConverter.<init> ()V
   L0
    LDC -2147483644
    ALOAD 0
    LDC "<init>"
    LDC "()V"
    BIPUSH 0
    ANEWARRAY java/lang/Object
    INVOKESTATIC org/evosuite/testcarver/capture/Capturer.capture (ILjava/lang/Object;Ljava/lang/String;Ljava/lang/String;[Ljava/lang/Object;)V
    ALOAD 0
    INVOKEVIRTUAL com/examples/with/different/packagename/testcarver/DateConverter._sw_prototype_original_init_sw_prototype_original_ ()V
    GOTO L3
   L1
   FRAME SAME1 java/lang/Throwable
    ASTORE 1
    LDC -2147483644
    ALOAD 0
    GETSTATIC org/evosuite/testcarver/capture/CaptureLog.RETURN_TYPE_VOID : Ljava/lang/Object;
    INVOKESTATIC org/evosuite/testcarver/capture/Capturer.enable (ILjava/lang/Object;Ljava/lang/Object;)V
    ALOAD 1
    ATHROW
   L3
   FRAME SAME
    LDC -2147483644
    ALOAD 0
    GETSTATIC org/evosuite/testcarver/capture/CaptureLog.RETURN_TYPE_VOID : Ljava/lang/Object;
    INVOKESTATIC org/evosuite/testcarver/capture/Capturer.enable (ILjava/lang/Object;Ljava/lang/Object;)V
    RETURN
    MAXSTACK = 5
    MAXLOCALS = 0

  // access flags 0x1
  public <init>(Ljava/lang/Object;)V
    TRYCATCHBLOCK L0 L1 L1 java/lang/Throwable
   L2
    LINENUMBER 58 L2
    ALOAD 0
    ALOAD 1
    INVOKESPECIAL com/examples/with/different/packagename/testcarver/DateTimeConverter.<init> (Ljava/lang/Object;)V
   L0
    LDC -2147483643
    ALOAD 0
    LDC "<init>"
    LDC "(Ljava/lang/Object;)V"
    BIPUSH 1
    ANEWARRAY java/lang/Object
    DUP
    BIPUSH 0
    ALOAD 1
    AASTORE
    INVOKESTATIC org/evosuite/testcarver/capture/Capturer.capture (ILjava/lang/Object;Ljava/lang/String;Ljava/lang/String;[Ljava/lang/Object;)V
    ALOAD 0
    ALOAD 1
    INVOKEVIRTUAL com/examples/with/different/packagename/testcarver/DateConverter._sw_prototype_original_init_sw_prototype_original_ (Ljava/lang/Object;)V
    GOTO L3
   L1
   FRAME SAME1 java/lang/Throwable
    ASTORE 2
    LDC -2147483643
    ALOAD 0
    GETSTATIC org/evosuite/testcarver/capture/CaptureLog.RETURN_TYPE_VOID : Ljava/lang/Object;
    INVOKESTATIC org/evosuite/testcarver/capture/Capturer.enable (ILjava/lang/Object;Ljava/lang/Object;)V
    ALOAD 2
    ATHROW
   L3
   FRAME SAME
    LDC -2147483643
    ALOAD 0
    GETSTATIC org/evosuite/testcarver/capture/CaptureLog.RETURN_TYPE_VOID : Ljava/lang/Object;
    INVOKESTATIC org/evosuite/testcarver/capture/Capturer.enable (ILjava/lang/Object;Ljava/lang/Object;)V
    RETURN
    MAXSTACK = 6
    MAXLOCALS = 0
}
INFO  org.evosuite.testcarver.extraction.CarvingClassLoader - Seeing class for first time: com.examples.with.different.packagename.testcarver.DateTimeConverter
WARN  org.evosuite.testcarver.extraction.CarvingClassLoader - Instrumenting class 'com.examples.with.different.packagename.testcarver.DateTimeConverter'.
INFO  org.evosuite.testcarver.instrument.Instrumenter - Checking package com.examples.with.different.packagename.testcarver for class com/examples/with/different/packagename/testcarver/DateTimeConverter
// class version 52.0 (52)
// access flags 0x421
public abstract class com/examples/with/different/packagename/testcarver/DateTimeConverter extends com/examples/with/different/packagename/testcarver/AbstractConverter {

  // compiled from: DateTimeConverter.java

  // access flags 0x2
  private [Ljava/lang/String; patterns

  // access flags 0x2
  private Ljava/lang/String; displayPatterns

  // access flags 0x2
  private Ljava/util/Locale; locale

  // access flags 0x2
  private Ljava/util/TimeZone; timeZone

  // access flags 0x2
  private Z useLocaleFormat

  // access flags 0x1
  public <init>()V
   L0
    LINENUMBER 99 L0
    ALOAD 0
    INVOKESPECIAL com/examples/with/different/packagename/testcarver/AbstractConverter.<init> ()V
   L1
    LINENUMBER 100 L1
    RETURN
   L2
    LOCALVARIABLE this Lcom/examples/with/different/packagename/testcarver/DateTimeConverter; L0 L2 0
    MAXSTACK = 1
    MAXLOCALS = 1

  // access flags 0x1
  public <init>(Ljava/lang/Object;)V
   L0
    LINENUMBER 111 L0
    ALOAD 0
    ALOAD 1
    INVOKESPECIAL com/examples/with/different/packagename/testcarver/AbstractConverter.<init> (Ljava/lang/Object;)V
   L1
    LINENUMBER 112 L1
    RETURN
   L2
    LOCALVARIABLE this Lcom/examples/with/different/packagename/testcarver/DateTimeConverter; L0 L2 0
    LOCALVARIABLE defaultValue Ljava/lang/Object; L0 L2 1
    MAXSTACK = 2
    MAXLOCALS = 2

  // access flags 0x2
  private _sw_prototype_original_setUseLocaleFormat(Z)V
   L0
    LINENUMBER 124 L0
    ALOAD 0
    ILOAD 1
    DUP2
    PUTFIELD com/examples/with/different/packagename/testcarver/DateTimeConverter.useLocaleFormat : Z
    POP
    LDC -2147483642
    LDC "com/examples/with/different/packagename/testcarver/DateTimeConverter"
    LDC "useLocaleFormat"
    LDC "Z"
    INVOKESTATIC org/evosuite/testcarver/capture/FieldRegistry.notifyModification (Ljava/lang/Object;ILjava/lang/String;Ljava/lang/String;Ljava/lang/String;)V
   L1
    LINENUMBER 125 L1
    RETURN
   L2
    LOCALVARIABLE this Lcom/examples/with/different/packagename/testcarver/DateTimeConverter; L0 L2 0
    LOCALVARIABLE useLocaleFormat Z L0 L2 1
    MAXSTACK = 6
    MAXLOCALS = 2

  // access flags 0x2
  private _sw_prototype_original_getTimeZone()Ljava/util/TimeZone;
   L0
    LINENUMBER 134 L0
    ALOAD 0
    DUP
    GETFIELD com/examples/with/different/packagename/testcarver/DateTimeConverter.timeZone : Ljava/util/TimeZone;
    SWAP
    LDC -2147483639
    LDC "com/examples/with/different/packagename/testcarver/DateTimeConverter"
    LDC "timeZone"
    LDC "Ljava/util/TimeZone;"
    INVOKESTATIC org/evosuite/testcarver/capture/FieldRegistry.notifyReadAccess (Ljava/lang/Object;ILjava/lang/String;Ljava/lang/String;Ljava/lang/String;)V
    ARETURN
   L1
    LOCALVARIABLE this Lcom/examples/with/different/packagename/testcarver/DateTimeConverter; L0 L1 0
    MAXSTACK = 5
    MAXLOCALS = 1

  // access flags 0x2
  private _sw_prototype_original_setTimeZone(Ljava/util/TimeZone;)V
   L0
    LINENUMBER 143 L0
    ALOAD 0
    ALOAD 1
    DUP2
    PUTFIELD com/examples/with/different/packagename/testcarver/DateTimeConverter.timeZone : Ljava/util/TimeZone;
    POP
    LDC -2147483637
    LDC "com/examples/with/different/packagename/testcarver/DateTimeConverter"
    LDC "timeZone"
    LDC "Ljava/util/TimeZone;"
    INVOKESTATIC org/evosuite/testcarver/capture/FieldRegistry.notifyModification (Ljava/lang/Object;ILjava/lang/String;Ljava/lang/String;Ljava/lang/String;)V
   L1
    LINENUMBER 144 L1
    RETURN
   L2
    LOCALVARIABLE this Lcom/examples/with/different/packagename/testcarver/DateTimeConverter; L0 L2 0
    LOCALVARIABLE timeZone Ljava/util/TimeZone; L0 L2 1
    MAXSTACK = 6
    MAXLOCALS = 2

  // access flags 0x2
  private _sw_prototype_original_getLocale()Ljava/util/Locale;
   L0
    LINENUMBER 153 L0
    ALOAD 0
    DUP
    GETFIELD com/examples/with/different/packagename/testcarver/DateTimeConverter.locale : Ljava/util/Locale;
    SWAP
    LDC -2147483634
    LDC "com/examples/with/different/packagename/testcarver/DateTimeConverter"
    LDC "locale"
    LDC "Ljava/util/Locale;"
    INVOKESTATIC org/evosuite/testcarver/capture/FieldRegistry.notifyReadAccess (Ljava/lang/Object;ILjava/lang/String;Ljava/lang/String;Ljava/lang/String;)V
    ARETURN
   L1
    LOCALVARIABLE this Lcom/examples/with/different/packagename/testcarver/DateTimeConverter; L0 L1 0
    MAXSTACK = 5
    MAXLOCALS = 1

  // access flags 0x2
  private _sw_prototype_original_setLocale(Ljava/util/Locale;)V
   L0
    LINENUMBER 162 L0
    ALOAD 0
    ALOAD 1
    DUP2
    PUTFIELD com/examples/with/different/packagename/testcarver/DateTimeConverter.locale : Ljava/util/Locale;
    POP
    LDC -2147483632
    LDC "com/examples/with/different/packagename/testcarver/DateTimeConverter"
    LDC "locale"
    LDC "Ljava/util/Locale;"
    INVOKESTATIC org/evosuite/testcarver/capture/FieldRegistry.notifyModification (Ljava/lang/Object;ILjava/lang/String;Ljava/lang/String;Ljava/lang/String;)V
   L1
    LINENUMBER 163 L1
    ALOAD 0
    ICONST_1
    INVOKEVIRTUAL com/examples/with/different/packagename/testcarver/DateTimeConverter.setUseLocaleFormat (Z)V
   L2
    LINENUMBER 164 L2
    RETURN
   L3
    LOCALVARIABLE this Lcom/examples/with/different/packagename/testcarver/DateTimeConverter; L0 L3 0
    LOCALVARIABLE locale Ljava/util/Locale; L0 L3 1
    MAXSTACK = 6
    MAXLOCALS = 2

  // access flags 0x2
  private _sw_prototype_original_setPattern(Ljava/lang/String;)V
   L0
    LINENUMBER 174 L0
    ALOAD 0
    ICONST_1
    ANEWARRAY java/lang/String
    DUP
    ICONST_0
    ALOAD 1
    AASTORE
    INVOKEVIRTUAL com/examples/with/different/packagename/testcarver/DateTimeConverter.setPatterns ([Ljava/lang/String;)V
   L1
    LINENUMBER 175 L1
    RETURN
   L2
    LOCALVARIABLE this Lcom/examples/with/different/packagename/testcarver/DateTimeConverter; L0 L2 0
    LOCALVARIABLE pattern Ljava/lang/String; L0 L2 1
    MAXSTACK = 9
    MAXLOCALS = 2

  // access flags 0x2
  private _sw_prototype_original_getPatterns()[Ljava/lang/String;
   L0
    LINENUMBER 186 L0
    ALOAD 0
    DUP
    GETFIELD com/examples/with/different/packagename/testcarver/DateTimeConverter.patterns : [Ljava/lang/String;
    SWAP
    LDC -2147483628
    LDC "com/examples/with/different/packagename/testcarver/DateTimeConverter"
    LDC "patterns"
    LDC "[Ljava/lang/String;"
    INVOKESTATIC org/evosuite/testcarver/capture/FieldRegistry.notifyReadAccess (Ljava/lang/Object;ILjava/lang/String;Ljava/lang/String;Ljava/lang/String;)V
    ARETURN
   L1
    LOCALVARIABLE this Lcom/examples/with/different/packagename/testcarver/DateTimeConverter; L0 L1 0
    MAXSTACK = 5
    MAXLOCALS = 1

  // access flags 0x2
  private _sw_prototype_original_setPatterns([Ljava/lang/String;)V
   L0
    LINENUMBER 197 L0
    ALOAD 0
    ALOAD 1
    DUP2
    PUTFIELD com/examples/with/different/packagename/testcarver/DateTimeConverter.patterns : [Ljava/lang/String;
    POP
    LDC -2147483626
    LDC "com/examples/with/different/packagename/testcarver/DateTimeConverter"
    LDC "patterns"
    LDC "[Ljava/lang/String;"
    INVOKESTATIC org/evosuite/testcarver/capture/FieldRegistry.notifyModification (Ljava/lang/Object;ILjava/lang/String;Ljava/lang/String;Ljava/lang/String;)V
   L1
    LINENUMBER 198 L1
    ALOAD 1
    IFNULL L2
    ALOAD 1
    ARRAYLENGTH
    ICONST_1
    IF_ICMPLE L2
   L3
    LINENUMBER 199 L3
    NEW java/lang/StringBuffer
    DUP
    INVOKESPECIAL java/lang/StringBuffer.<init> ()V
    ASTORE 2
   L4
    LINENUMBER 200 L4
    ICONST_0
    ISTORE 3
   L5
    ILOAD 3
    ALOAD 1
    ARRAYLENGTH
    IF_ICMPGE L6
   L7
    LINENUMBER 201 L7
    ILOAD 3
    IFLE L8
   L9
    LINENUMBER 202 L9
    ALOAD 2
    LDC ", "
    INVOKEVIRTUAL java/lang/StringBuffer.append (Ljava/lang/String;)Ljava/lang/StringBuffer;
    POP
   L8
    LINENUMBER 204 L8
    ALOAD 2
    ALOAD 1
    ILOAD 3
    AALOAD
    INVOKEVIRTUAL java/lang/StringBuffer.append (Ljava/lang/String;)Ljava/lang/StringBuffer;
    POP
   L10
    LINENUMBER 200 L10
    IINC 3 1
    GOTO L5
   L6
    LINENUMBER 206 L6
    ALOAD 0
    ALOAD 2
    INVOKEVIRTUAL java/lang/StringBuffer.toString ()Ljava/lang/String;
    DUP2
    PUTFIELD com/examples/with/different/packagename/testcarver/DateTimeConverter.displayPatterns : Ljava/lang/String;
    POP
    LDC -2147483624
    LDC "com/examples/with/different/packagename/testcarver/DateTimeConverter"
    LDC "displayPatterns"
    LDC "Ljava/lang/String;"
    INVOKESTATIC org/evosuite/testcarver/capture/FieldRegistry.notifyModification (Ljava/lang/Object;ILjava/lang/String;Ljava/lang/String;Ljava/lang/String;)V
   L2
    LINENUMBER 208 L2
    ALOAD 0
    ICONST_1
    INVOKEVIRTUAL com/examples/with/different/packagename/testcarver/DateTimeConverter.setUseLocaleFormat (Z)V
   L11
    LINENUMBER 209 L11
    RETURN
   L12
    LOCALVARIABLE i I L5 L6 3
    LOCALVARIABLE buffer Ljava/lang/StringBuffer; L4 L2 2
    LOCALVARIABLE this Lcom/examples/with/different/packagename/testcarver/DateTimeConverter; L0 L12 0
    LOCALVARIABLE patterns [Ljava/lang/String; L0 L12 1
    MAXSTACK = 7
    MAXLOCALS = 4

  // access flags 0x4
  protected convertToString(Ljava/lang/Object;)Ljava/lang/String; throws java/lang/Throwable
   L0
    LINENUMBER 228 L0
    ACONST_NULL
    ASTORE 2
   L1
    LINENUMBER 229 L1
    ALOAD 1
    INSTANCEOF java/util/Date
    IFEQ L2
   L3
    LINENUMBER 230 L3
    ALOAD 1
    CHECKCAST org/evosuite/testcarver/wrapper/java/util/Date
    ASTORE 2
    GOTO L4
   L2
    LINENUMBER 231 L2
    ALOAD 1
    INSTANCEOF java/util/Calendar
    IFEQ L5
   L6
    LINENUMBER 232 L6
    ALOAD 1
    CHECKCAST org/evosuite/testcarver/wrapper/java/util/Calendar
    INVOKESTATIC org/evosuite/testcarver/wrapper/java/util/Calendar.getTime (Ljava/util/Calendar;)Ljava/util/Date;
    ASTORE 2
    GOTO L4
   L5
    LINENUMBER 233 L5
    ALOAD 1
    INSTANCEOF java/lang/Long
    IFEQ L4
   L7
    LINENUMBER 234 L7
    NEW org/evosuite/testcarver/wrapper/java/util/Date
    DUP
    ALOAD 1
    CHECKCAST java/lang/Long
    INVOKEVIRTUAL java/lang/Long.longValue ()J
    INVOKESPECIAL org/evosuite/testcarver/wrapper/java/util/Date.<init> (J)V
    ASTORE 2
   L4
    LINENUMBER 237 L4
    ACONST_NULL
    ASTORE 3
   L8
    LINENUMBER 238 L8
    ALOAD 0
    GETFIELD com/examples/with/different/packagename/testcarver/DateTimeConverter.useLocaleFormat : Z
    IFEQ L9
    ALOAD 2
    IFNULL L9
   L10
    LINENUMBER 239 L10
    ACONST_NULL
    ASTORE 4
   L11
    LINENUMBER 240 L11
    ALOAD 0
    GETFIELD com/examples/with/different/packagename/testcarver/DateTimeConverter.patterns : [Ljava/lang/String;
    IFNULL L12
    ALOAD 0
    GETFIELD com/examples/with/different/packagename/testcarver/DateTimeConverter.patterns : [Ljava/lang/String;
    ARRAYLENGTH
    IFLE L12
   L13
    LINENUMBER 241 L13
    ALOAD 0
    ALOAD 0
    GETFIELD com/examples/with/different/packagename/testcarver/DateTimeConverter.patterns : [Ljava/lang/String;
    ICONST_0
    AALOAD
    INVOKESPECIAL com/examples/with/different/packagename/testcarver/DateTimeConverter.getFormat (Ljava/lang/String;)Ljava/text/DateFormat;
    ASTORE 4
    GOTO L14
   L12
    LINENUMBER 243 L12
    ALOAD 0
    ALOAD 0
    GETFIELD com/examples/with/different/packagename/testcarver/DateTimeConverter.locale : Ljava/util/Locale;
    ALOAD 0
    GETFIELD com/examples/with/different/packagename/testcarver/DateTimeConverter.timeZone : Ljava/util/TimeZone;
    INVOKEVIRTUAL com/examples/with/different/packagename/testcarver/DateTimeConverter.getFormat (Ljava/util/Locale;Ljava/util/TimeZone;)Ljava/text/DateFormat;
    ASTORE 4
   L14
    LINENUMBER 245 L14
    ALOAD 0
    LDC "Formatting"
    ALOAD 4
    INVOKESPECIAL com/examples/with/different/packagename/testcarver/DateTimeConverter.logFormat (Ljava/lang/String;Ljava/text/DateFormat;)V
   L15
    LINENUMBER 246 L15
    ALOAD 4
    ALOAD 2
    INVOKESTATIC org/evosuite/testcarver/wrapper/java/text/DateFormat.format (Ljava/text/DateFormat;Ljava/util/Date;)Ljava/lang/String;
    ASTORE 3
   L16
    LINENUMBER 247 L16
    GOTO L17
   L9
    LINENUMBER 248 L9
    ALOAD 1
    INVOKEVIRTUAL java/lang/Object.toString ()Ljava/lang/String;
    ASTORE 3
   L17
    LINENUMBER 250 L17
    ALOAD 3
    ARETURN
   L18
    LOCALVARIABLE format Ljava/text/DateFormat; L11 L16 4
    LOCALVARIABLE this Lcom/examples/with/different/packagename/testcarver/DateTimeConverter; L0 L18 0
    LOCALVARIABLE value Ljava/lang/Object; L0 L18 1
    LOCALVARIABLE date Ljava/util/Date; L1 L18 2
    LOCALVARIABLE result Ljava/lang/String; L8 L18 3
    MAXSTACK = 4
    MAXLOCALS = 5

  // access flags 0x4
  protected convertToType(Ljava/lang/Class;Ljava/lang/Object;)Ljava/lang/Object; throws java/lang/Exception
   L0
    LINENUMBER 284 L0
    ALOAD 2
    INVOKEVIRTUAL java/lang/Object.getClass ()Ljava/lang/Class;
    ASTORE 3
   L1
    LINENUMBER 287 L1
    ALOAD 2
    INSTANCEOF java/sql/Timestamp
    IFEQ L2
   L3
    LINENUMBER 293 L3
    ALOAD 2
    CHECKCAST java/sql/Timestamp
    ASTORE 4
   L4
    LINENUMBER 294 L4
    ALOAD 4
    INVOKEVIRTUAL java/sql/Timestamp.getTime ()J
    LDC 1000L
    LDIV
    LDC 1000L
    LMUL
    LSTORE 5
   L5
    LINENUMBER 295 L5
    LLOAD 5
    ALOAD 4
    INVOKEVIRTUAL java/sql/Timestamp.getNanos ()I
    LDC 1000000
    IDIV
    I2L
    LADD
    LSTORE 5
   L6
    LINENUMBER 297 L6
    ALOAD 0
    ALOAD 1
    LLOAD 5
    INVOKESPECIAL com/examples/with/different/packagename/testcarver/DateTimeConverter.toDate (Ljava/lang/Class;J)Ljava/lang/Object;
    ARETURN
   L2
    LINENUMBER 301 L2
    ALOAD 2
    INSTANCEOF java/util/Date
    IFEQ L7
   L8
    LINENUMBER 302 L8
    ALOAD 2
    CHECKCAST org/evosuite/testcarver/wrapper/java/util/Date
    ASTORE 4
   L9
    LINENUMBER 303 L9
    ALOAD 0
    ALOAD 1
    ALOAD 4
    INVOKEVIRTUAL java/util/Date.getTime ()J
    INVOKESPECIAL com/examples/with/different/packagename/testcarver/DateTimeConverter.toDate (Ljava/lang/Class;J)Ljava/lang/Object;
    ARETURN
   L7
    LINENUMBER 307 L7
    ALOAD 2
    INSTANCEOF java/util/Calendar
    IFEQ L10
   L11
    LINENUMBER 308 L11
    ALOAD 2
    CHECKCAST org/evosuite/testcarver/wrapper/java/util/Calendar
    ASTORE 4
   L12
    LINENUMBER 309 L12
    ALOAD 0
    ALOAD 1
    ALOAD 4
    INVOKESTATIC org/evosuite/testcarver/wrapper/java/util/Calendar.getTime (Ljava/util/Calendar;)Ljava/util/Date;
    INVOKEVIRTUAL java/util/Date.getTime ()J
    INVOKESPECIAL com/examples/with/different/packagename/testcarver/DateTimeConverter.toDate (Ljava/lang/Class;J)Ljava/lang/Object;
    ARETURN
   L10
    LINENUMBER 313 L10
    ALOAD 2
    INSTANCEOF java/lang/Long
    IFEQ L13
   L14
    LINENUMBER 314 L14
    ALOAD 2
    CHECKCAST java/lang/Long
    ASTORE 4
   L15
    LINENUMBER 315 L15
    ALOAD 0
    ALOAD 1
    ALOAD 4
    INVOKEVIRTUAL java/lang/Long.longValue ()J
    INVOKESPECIAL com/examples/with/different/packagename/testcarver/DateTimeConverter.toDate (Ljava/lang/Class;J)Ljava/lang/Object;
    ARETURN
   L13
    LINENUMBER 319 L13
    ALOAD 2
    INVOKEVIRTUAL java/lang/Object.toString ()Ljava/lang/String;
    INVOKEVIRTUAL java/lang/String.trim ()Ljava/lang/String;
    ASTORE 4
   L16
    LINENUMBER 320 L16
    ALOAD 4
    INVOKEVIRTUAL java/lang/String.length ()I
    IFNE L17
   L18
    LINENUMBER 321 L18
    ALOAD 0
    ALOAD 1
    INVOKEVIRTUAL com/examples/with/different/packagename/testcarver/DateTimeConverter.handleMissing (Ljava/lang/Class;)Ljava/lang/Object;
    ARETURN
   L17
    LINENUMBER 325 L17
    ALOAD 0
    GETFIELD com/examples/with/different/packagename/testcarver/DateTimeConverter.useLocaleFormat : Z
    IFEQ L19
   L20
    LINENUMBER 326 L20
    ACONST_NULL
    ASTORE 5
   L21
    LINENUMBER 327 L21
    ALOAD 0
    GETFIELD com/examples/with/different/packagename/testcarver/DateTimeConverter.patterns : [Ljava/lang/String;
    IFNULL L22
    ALOAD 0
    GETFIELD com/examples/with/different/packagename/testcarver/DateTimeConverter.patterns : [Ljava/lang/String;
    ARRAYLENGTH
    IFLE L22
   L23
    LINENUMBER 328 L23
    ALOAD 0
    ALOAD 3
    ALOAD 1
    ALOAD 4
    INVOKESPECIAL com/examples/with/different/packagename/testcarver/DateTimeConverter.parse (Ljava/lang/Class;Ljava/lang/Class;Ljava/lang/String;)Ljava/util/Calendar;
    ASTORE 5
    GOTO L24
   L22
    LINENUMBER 330 L22
    ALOAD 0
    ALOAD 0
    GETFIELD com/examples/with/different/packagename/testcarver/DateTimeConverter.locale : Ljava/util/Locale;
    ALOAD 0
    GETFIELD com/examples/with/different/packagename/testcarver/DateTimeConverter.timeZone : Ljava/util/TimeZone;
    INVOKEVIRTUAL com/examples/with/different/packagename/testcarver/DateTimeConverter.getFormat (Ljava/util/Locale;Ljava/util/TimeZone;)Ljava/text/DateFormat;
    ASTORE 6
   L25
    LINENUMBER 331 L25
    ALOAD 0
    ALOAD 3
    ALOAD 1
    ALOAD 4
    ALOAD 6
    INVOKESPECIAL com/examples/with/different/packagename/testcarver/DateTimeConverter.parse (Ljava/lang/Class;Ljava/lang/Class;Ljava/lang/String;Ljava/text/DateFormat;)Ljava/util/Calendar;
    ASTORE 5
   L24
    LINENUMBER 333 L24
    LDC Ljava/util/Calendar;.class
    ALOAD 1
    INVOKEVIRTUAL java/lang/Class.isAssignableFrom (Ljava/lang/Class;)Z
    IFEQ L26
   L27
    LINENUMBER 334 L27
    ALOAD 5
    ARETURN
   L26
    LINENUMBER 336 L26
    ALOAD 0
    ALOAD 1
    ALOAD 5
    INVOKESTATIC org/evosuite/testcarver/wrapper/java/util/Calendar.getTime (Ljava/util/Calendar;)Ljava/util/Date;
    INVOKEVIRTUAL java/util/Date.getTime ()J
    INVOKESPECIAL com/examples/with/different/packagename/testcarver/DateTimeConverter.toDate (Ljava/lang/Class;J)Ljava/lang/Object;
    ARETURN
   L19
    LINENUMBER 341 L19
    ALOAD 0
    ALOAD 1
    ALOAD 4
    INVOKESPECIAL com/examples/with/different/packagename/testcarver/DateTimeConverter.toDate (Ljava/lang/Class;Ljava/lang/String;)Ljava/lang/Object;
    ARETURN
   L28
    LOCALVARIABLE timestamp Ljava/sql/Timestamp; L4 L2 4
    LOCALVARIABLE timeInMillis J L5 L2 5
    LOCALVARIABLE date Ljava/util/Date; L9 L7 4
    LOCALVARIABLE calendar Ljava/util/Calendar; L12 L10 4
    LOCALVARIABLE longObj Ljava/lang/Long; L15 L13 4
    LOCALVARIABLE format Ljava/text/DateFormat; L25 L24 6
    LOCALVARIABLE calendar Ljava/util/Calendar; L21 L19 5
    LOCALVARIABLE this Lcom/examples/with/different/packagename/testcarver/DateTimeConverter; L0 L28 0
    LOCALVARIABLE targetType Ljava/lang/Class; L0 L28 1
    LOCALVARIABLE value Ljava/lang/Object; L0 L28 2
    LOCALVARIABLE sourceType Ljava/lang/Class; L1 L28 3
    LOCALVARIABLE stringValue Ljava/lang/String; L16 L28 4
    MAXSTACK = 5
    MAXLOCALS = 7

  // access flags 0x2
  private toDate(Ljava/lang/Class;J)Ljava/lang/Object;
   L0
    LINENUMBER 366 L0
    ALOAD 1
    LDC Ljava/util/Date;.class
    INVOKEVIRTUAL java/lang/Object.equals (Ljava/lang/Object;)Z
    IFEQ L1
   L2
    LINENUMBER 367 L2
    NEW org/evosuite/testcarver/wrapper/java/util/Date
    DUP
    LLOAD 2
    INVOKESPECIAL org/evosuite/testcarver/wrapper/java/util/Date.<init> (J)V
    ARETURN
   L1
    LINENUMBER 371 L1
    ALOAD 1
    LDC Ljava/sql/Date;.class
    INVOKEVIRTUAL java/lang/Object.equals (Ljava/lang/Object;)Z
    IFEQ L3
   L4
    LINENUMBER 372 L4
    NEW java/sql/Date
    DUP
    LLOAD 2
    INVOKESPECIAL java/sql/Date.<init> (J)V
    ARETURN
   L3
    LINENUMBER 376 L3
    ALOAD 1
    LDC Ljava/sql/Time;.class
    INVOKEVIRTUAL java/lang/Object.equals (Ljava/lang/Object;)Z
    IFEQ L5
   L6
    LINENUMBER 377 L6
    NEW java/sql/Time
    DUP
    LLOAD 2
    INVOKESPECIAL java/sql/Time.<init> (J)V
    ARETURN
   L5
    LINENUMBER 381 L5
    ALOAD 1
    LDC Ljava/sql/Timestamp;.class
    INVOKEVIRTUAL java/lang/Object.equals (Ljava/lang/Object;)Z
    IFEQ L7
   L8
    LINENUMBER 382 L8
    NEW java/sql/Timestamp
    DUP
    LLOAD 2
    INVOKESPECIAL java/sql/Timestamp.<init> (J)V
    ARETURN
   L7
    LINENUMBER 386 L7
    ALOAD 1
    LDC Ljava/util/Calendar;.class
    INVOKEVIRTUAL java/lang/Object.equals (Ljava/lang/Object;)Z
    IFEQ L9
   L10
    LINENUMBER 387 L10
    ACONST_NULL
    ASTORE 4
   L11
    LINENUMBER 388 L11
    ALOAD 0
    GETFIELD com/examples/with/different/packagename/testcarver/DateTimeConverter.locale : Ljava/util/Locale;
    IFNONNULL L12
    ALOAD 0
    GETFIELD com/examples/with/different/packagename/testcarver/DateTimeConverter.timeZone : Ljava/util/TimeZone;
    IFNONNULL L12
   L13
    LINENUMBER 389 L13
    INVOKESTATIC org/evosuite/testcarver/wrapper/java/util/Calendar.getInstance ()Ljava/util/Calendar;
    ASTORE 4
    GOTO L14
   L12
    LINENUMBER 390 L12
    ALOAD 0
    GETFIELD com/examples/with/different/packagename/testcarver/DateTimeConverter.locale : Ljava/util/Locale;
    IFNONNULL L15
   L16
    LINENUMBER 391 L16
    ALOAD 0
    GETFIELD com/examples/with/different/packagename/testcarver/DateTimeConverter.timeZone : Ljava/util/TimeZone;
    INVOKESTATIC org/evosuite/testcarver/wrapper/java/util/Calendar.getInstance (Ljava/util/TimeZone;)Ljava/util/Calendar;
    ASTORE 4
    GOTO L14
   L15
    LINENUMBER 392 L15
    ALOAD 0
    GETFIELD com/examples/with/different/packagename/testcarver/DateTimeConverter.timeZone : Ljava/util/TimeZone;
    IFNONNULL L17
   L18
    LINENUMBER 393 L18
    ALOAD 0
    GETFIELD com/examples/with/different/packagename/testcarver/DateTimeConverter.locale : Ljava/util/Locale;
    INVOKESTATIC org/evosuite/testcarver/wrapper/java/util/Calendar.getInstance (Ljava/util/Locale;)Ljava/util/Calendar;
    ASTORE 4
    GOTO L14
   L17
    LINENUMBER 395 L17
    ALOAD 0
    GETFIELD com/examples/with/different/packagename/testcarver/DateTimeConverter.timeZone : Ljava/util/TimeZone;
    ALOAD 0
    GETFIELD com/examples/with/different/packagename/testcarver/DateTimeConverter.locale : Ljava/util/Locale;
    INVOKESTATIC org/evosuite/testcarver/wrapper/java/util/Calendar.getInstance (Ljava/util/TimeZone;Ljava/util/Locale;)Ljava/util/Calendar;
    ASTORE 4
   L14
    LINENUMBER 397 L14
    ALOAD 4
    NEW org/evosuite/testcarver/wrapper/java/util/Date
    DUP
    LLOAD 2
    INVOKESPECIAL org/evosuite/testcarver/wrapper/java/util/Date.<init> (J)V
    INVOKESTATIC org/evosuite/testcarver/wrapper/java/util/Calendar.setTime (Ljava/util/Calendar;Ljava/util/Date;)V
   L19
    LINENUMBER 398 L19
    ALOAD 4
    ICONST_0
    INVOKEVIRTUAL java/util/Calendar.setLenient (Z)V
   L20
    LINENUMBER 399 L20
    ALOAD 4
    ARETURN
   L9
    LINENUMBER 402 L9
    NEW java/lang/StringBuilder
    DUP
    INVOKESPECIAL java/lang/StringBuilder.<init> ()V
    ALOAD 0
    ALOAD 0
    INVOKEVIRTUAL java/lang/Object.getClass ()Ljava/lang/Class;
    INVOKEVIRTUAL com/examples/with/different/packagename/testcarver/DateTimeConverter.toString (Ljava/lang/Class;)Ljava/lang/String;
    INVOKEVIRTUAL java/lang/StringBuilder.append (Ljava/lang/String;)Ljava/lang/StringBuilder;
    LDC " cannot handle conversion to '"
    INVOKEVIRTUAL java/lang/StringBuilder.append (Ljava/lang/String;)Ljava/lang/StringBuilder;
    ALOAD 0
    ALOAD 1
   L21
    LINENUMBER 403 L21
    INVOKEVIRTUAL com/examples/with/different/packagename/testcarver/DateTimeConverter.toString (Ljava/lang/Class;)Ljava/lang/String;
    INVOKEVIRTUAL java/lang/StringBuilder.append (Ljava/lang/String;)Ljava/lang/StringBuilder;
    LDC "'"
    INVOKEVIRTUAL java/lang/StringBuilder.append (Ljava/lang/String;)Ljava/lang/StringBuilder;
    INVOKEVIRTUAL java/lang/StringBuilder.toString ()Ljava/lang/String;
    ASTORE 4
   L22
    LINENUMBER 404 L22
    NEW com/examples/with/different/packagename/testcarver/ConversionException
    DUP
    ALOAD 4
    INVOKESPECIAL com/examples/with/different/packagename/testcarver/ConversionException.<init> (Ljava/lang/String;)V
    ATHROW
   L23
    LOCALVARIABLE calendar Ljava/util/Calendar; L11 L9 4
    LOCALVARIABLE this Lcom/examples/with/different/packagename/testcarver/DateTimeConverter; L0 L23 0
    LOCALVARIABLE type Ljava/lang/Class; L0 L23 1
    LOCALVARIABLE value J L0 L23 2
    LOCALVARIABLE msg Ljava/lang/String; L22 L23 4
    MAXSTACK = 5
    MAXLOCALS = 5

  // access flags 0x2
  private toDate(Ljava/lang/Class;Ljava/lang/String;)Ljava/lang/Object;
    TRYCATCHBLOCK L0 L1 L2 java/lang/IllegalArgumentException
    TRYCATCHBLOCK L3 L4 L5 java/lang/IllegalArgumentException
    TRYCATCHBLOCK L6 L7 L8 java/lang/IllegalArgumentException
   L9
    LINENUMBER 427 L9
    ALOAD 1
    LDC Ljava/sql/Date;.class
    INVOKEVIRTUAL java/lang/Object.equals (Ljava/lang/Object;)Z
    IFEQ L10
   L0
    LINENUMBER 429 L0
    ALOAD 2
    INVOKESTATIC java/sql/Date.valueOf (Ljava/lang/String;)Ljava/sql/Date;
   L1
    ARETURN
   L2
    LINENUMBER 430 L2
    ASTORE 3
   L11
    LINENUMBER 431 L11
    NEW com/examples/with/different/packagename/testcarver/ConversionException
    DUP
    LDC "String must be in JDBC format [yyyy-MM-dd] to create a java.sql.Date"
    INVOKESPECIAL com/examples/with/different/packagename/testcarver/ConversionException.<init> (Ljava/lang/String;)V
    ATHROW
   L10
    LINENUMBER 437 L10
    ALOAD 1
    LDC Ljava/sql/Time;.class
    INVOKEVIRTUAL java/lang/Object.equals (Ljava/lang/Object;)Z
    IFEQ L12
   L3
    LINENUMBER 439 L3
    ALOAD 2
    INVOKESTATIC java/sql/Time.valueOf (Ljava/lang/String;)Ljava/sql/Time;
   L4
    ARETURN
   L5
    LINENUMBER 440 L5
    ASTORE 3
   L13
    LINENUMBER 441 L13
    NEW com/examples/with/different/packagename/testcarver/ConversionException
    DUP
    LDC "String must be in JDBC format [HH:mm:ss] to create a java.sql.Time"
    INVOKESPECIAL com/examples/with/different/packagename/testcarver/ConversionException.<init> (Ljava/lang/String;)V
    ATHROW
   L12
    LINENUMBER 447 L12
    ALOAD 1
    LDC Ljava/sql/Timestamp;.class
    INVOKEVIRTUAL java/lang/Object.equals (Ljava/lang/Object;)Z
    IFEQ L14
   L6
    LINENUMBER 449 L6
    ALOAD 2
    INVOKESTATIC java/sql/Timestamp.valueOf (Ljava/lang/String;)Ljava/sql/Timestamp;
   L7
    ARETURN
   L8
    LINENUMBER 450 L8
    ASTORE 3
   L15
    LINENUMBER 451 L15
    NEW com/examples/with/different/packagename/testcarver/ConversionException
    DUP
    LDC "String must be in JDBC format [yyyy-MM-dd HH:mm:ss.fffffffff] to create a java.sql.Timestamp"
    INVOKESPECIAL com/examples/with/different/packagename/testcarver/ConversionException.<init> (Ljava/lang/String;)V
    ATHROW
   L14
    LINENUMBER 457 L14
    NEW java/lang/StringBuilder
    DUP
    INVOKESPECIAL java/lang/StringBuilder.<init> ()V
    ALOAD 0
    ALOAD 0
    INVOKEVIRTUAL java/lang/Object.getClass ()Ljava/lang/Class;
    INVOKEVIRTUAL com/examples/with/different/packagename/testcarver/DateTimeConverter.toString (Ljava/lang/Class;)Ljava/lang/String;
    INVOKEVIRTUAL java/lang/StringBuilder.append (Ljava/lang/String;)Ljava/lang/StringBuilder;
    LDC " does not support default String to '"
    INVOKEVIRTUAL java/lang/StringBuilder.append (Ljava/lang/String;)Ljava/lang/StringBuilder;
    ALOAD 0
    ALOAD 1
   L16
    LINENUMBER 458 L16
    INVOKEVIRTUAL com/examples/with/different/packagename/testcarver/DateTimeConverter.toString (Ljava/lang/Class;)Ljava/lang/String;
    INVOKEVIRTUAL java/lang/StringBuilder.append (Ljava/lang/String;)Ljava/lang/StringBuilder;
    LDC "' conversion."
    INVOKEVIRTUAL java/lang/StringBuilder.append (Ljava/lang/String;)Ljava/lang/StringBuilder;
    INVOKEVIRTUAL java/lang/StringBuilder.toString ()Ljava/lang/String;
    ASTORE 3
   L17
    LINENUMBER 459 L17
    NEW com/examples/with/different/packagename/testcarver/ConversionException
    DUP
    ALOAD 3
    INVOKESPECIAL com/examples/with/different/packagename/testcarver/ConversionException.<init> (Ljava/lang/String;)V
    ATHROW
   L18
    LOCALVARIABLE e Ljava/lang/IllegalArgumentException; L11 L10 3
    LOCALVARIABLE e Ljava/lang/IllegalArgumentException; L13 L12 3
    LOCALVARIABLE e Ljava/lang/IllegalArgumentException; L15 L14 3
    LOCALVARIABLE this Lcom/examples/with/different/packagename/testcarver/DateTimeConverter; L9 L18 0
    LOCALVARIABLE type Ljava/lang/Class; L9 L18 1
    LOCALVARIABLE value Ljava/lang/String; L9 L18 2
    LOCALVARIABLE msg Ljava/lang/String; L17 L18 3
    MAXSTACK = 3
    MAXLOCALS = 4

  // access flags 0x4
  protected getFormat(Ljava/util/Locale;Ljava/util/TimeZone;)Ljava/text/DateFormat;
   L0
    LINENUMBER 470 L0
    ACONST_NULL
    ASTORE 3
   L1
    LINENUMBER 471 L1
    ALOAD 1
    IFNONNULL L2
   L3
    LINENUMBER 472 L3
    ICONST_3
    INVOKESTATIC org/evosuite/testcarver/wrapper/java/text/DateFormat.getDateInstance_final (I)Ljava/text/DateFormat;
    ASTORE 3
    GOTO L4
   L2
    LINENUMBER 474 L2
    ICONST_3
    ALOAD 1
    INVOKESTATIC org/evosuite/testcarver/wrapper/java/text/DateFormat.getDateInstance_final (ILjava/util/Locale;)Ljava/text/DateFormat;
    ASTORE 3
   L4
    LINENUMBER 476 L4
    ALOAD 2
    IFNULL L5
   L6
    LINENUMBER 477 L6
    ALOAD 3
    ALOAD 2
    INVOKEVIRTUAL java/text/DateFormat.setTimeZone (Ljava/util/TimeZone;)V
   L5
    LINENUMBER 479 L5
    ALOAD 3
    ARETURN
   L7
    LOCALVARIABLE this Lcom/examples/with/different/packagename/testcarver/DateTimeConverter; L0 L7 0
    LOCALVARIABLE locale Ljava/util/Locale; L0 L7 1
    LOCALVARIABLE timeZone Ljava/util/TimeZone; L0 L7 2
    LOCALVARIABLE format Ljava/text/DateFormat; L1 L7 3
    MAXSTACK = 2
    MAXLOCALS = 4

  // access flags 0x2
  private getFormat(Ljava/lang/String;)Ljava/text/DateFormat;
   L0
    LINENUMBER 489 L0
    NEW org/evosuite/testcarver/wrapper/java/text/SimpleDateFormat
    DUP
    ALOAD 1
    INVOKESPECIAL org/evosuite/testcarver/wrapper/java/text/SimpleDateFormat.<init> (Ljava/lang/String;)V
    ASTORE 2
   L1
    LINENUMBER 490 L1
    ALOAD 0
    GETFIELD com/examples/with/different/packagename/testcarver/DateTimeConverter.timeZone : Ljava/util/TimeZone;
    IFNULL L2
   L3
    LINENUMBER 491 L3
    ALOAD 2
    ALOAD 0
    GETFIELD com/examples/with/different/packagename/testcarver/DateTimeConverter.timeZone : Ljava/util/TimeZone;
    INVOKEVIRTUAL java/text/DateFormat.setTimeZone (Ljava/util/TimeZone;)V
   L2
    LINENUMBER 493 L2
    ALOAD 2
    ARETURN
   L4
    LOCALVARIABLE this Lcom/examples/with/different/packagename/testcarver/DateTimeConverter; L0 L4 0
    LOCALVARIABLE pattern Ljava/lang/String; L0 L4 1
    LOCALVARIABLE format Ljava/text/DateFormat; L1 L4 2
    MAXSTACK = 3
    MAXLOCALS = 3

  // access flags 0x2
  private parse(Ljava/lang/Class;Ljava/lang/Class;Ljava/lang/String;)Ljava/util/Calendar; throws java/lang/Exception
    TRYCATCHBLOCK L0 L1 L2 java/lang/Exception
   L3
    LINENUMBER 506 L3
    ACONST_NULL
    ASTORE 4
   L4
    LINENUMBER 507 L4
    ICONST_0
    ISTORE 5
   L5
    ILOAD 5
    ALOAD 0
    GETFIELD com/examples/with/different/packagename/testcarver/DateTimeConverter.patterns : [Ljava/lang/String;
    ARRAYLENGTH
    IF_ICMPGE L6
   L0
    LINENUMBER 509 L0
    ALOAD 0
    ALOAD 0
    GETFIELD com/examples/with/different/packagename/testcarver/DateTimeConverter.patterns : [Ljava/lang/String;
    ILOAD 5
    AALOAD
    INVOKESPECIAL com/examples/with/different/packagename/testcarver/DateTimeConverter.getFormat (Ljava/lang/String;)Ljava/text/DateFormat;
    ASTORE 6
   L7
    LINENUMBER 510 L7
    ALOAD 0
    ALOAD 1
    ALOAD 2
    ALOAD 3
    ALOAD 6
    INVOKESPECIAL com/examples/with/different/packagename/testcarver/DateTimeConverter.parse (Ljava/lang/Class;Ljava/lang/Class;Ljava/lang/String;Ljava/text/DateFormat;)Ljava/util/Calendar;
    ASTORE 7
   L8
    LINENUMBER 511 L8
    ALOAD 7
   L1
    ARETURN
   L2
    LINENUMBER 512 L2
    ASTORE 6
   L9
    LINENUMBER 513 L9
    ALOAD 4
    IFNONNULL L10
   L11
    LINENUMBER 514 L11
    ALOAD 6
    ASTORE 4
   L10
    LINENUMBER 507 L10
    IINC 5 1
    GOTO L5
   L6
    LINENUMBER 518 L6
    ALOAD 0
    GETFIELD com/examples/with/different/packagename/testcarver/DateTimeConverter.patterns : [Ljava/lang/String;
    ARRAYLENGTH
    ICONST_1
    IF_ICMPLE L12
   L13
    LINENUMBER 519 L13
    NEW com/examples/with/different/packagename/testcarver/ConversionException
    DUP
    NEW java/lang/StringBuilder
    DUP
    INVOKESPECIAL java/lang/StringBuilder.<init> ()V
    LDC "Error converting '"
    INVOKEVIRTUAL java/lang/StringBuilder.append (Ljava/lang/String;)Ljava/lang/StringBuilder;
    ALOAD 0
    ALOAD 1
    INVOKEVIRTUAL com/examples/with/different/packagename/testcarver/DateTimeConverter.toString (Ljava/lang/Class;)Ljava/lang/String;
    INVOKEVIRTUAL java/lang/StringBuilder.append (Ljava/lang/String;)Ljava/lang/StringBuilder;
    LDC "' to '"
    INVOKEVIRTUAL java/lang/StringBuilder.append (Ljava/lang/String;)Ljava/lang/StringBuilder;
    ALOAD 0
    ALOAD 2
    INVOKEVIRTUAL com/examples/with/different/packagename/testcarver/DateTimeConverter.toString (Ljava/lang/Class;)Ljava/lang/String;
    INVOKEVIRTUAL java/lang/StringBuilder.append (Ljava/lang/String;)Ljava/lang/StringBuilder;
    LDC "' using  patterns '"
    INVOKEVIRTUAL java/lang/StringBuilder.append (Ljava/lang/String;)Ljava/lang/StringBuilder;
    ALOAD 0
    GETFIELD com/examples/with/different/packagename/testcarver/DateTimeConverter.displayPatterns : Ljava/lang/String;
    INVOKEVIRTUAL java/lang/StringBuilder.append (Ljava/lang/String;)Ljava/lang/StringBuilder;
    LDC "'"
    INVOKEVIRTUAL java/lang/StringBuilder.append (Ljava/lang/String;)Ljava/lang/StringBuilder;
    INVOKEVIRTUAL java/lang/StringBuilder.toString ()Ljava/lang/String;
    INVOKESPECIAL com/examples/with/different/packagename/testcarver/ConversionException.<init> (Ljava/lang/String;)V
    ATHROW
   L12
    LINENUMBER 522 L12
    ALOAD 4
    ATHROW
   L14
    LOCALVARIABLE format Ljava/text/DateFormat; L7 L2 6
    LOCALVARIABLE calendar Ljava/util/Calendar; L8 L2 7
    LOCALVARIABLE ex Ljava/lang/Exception; L9 L10 6
    LOCALVARIABLE i I L5 L6 5
    LOCALVARIABLE this Lcom/examples/with/different/packagename/testcarver/DateTimeConverter; L3 L14 0
    LOCALVARIABLE sourceType Ljava/lang/Class; L3 L14 1
    LOCALVARIABLE targetType Ljava/lang/Class; L3 L14 2
    LOCALVARIABLE value Ljava/lang/String; L3 L14 3
    LOCALVARIABLE firstEx Ljava/lang/Exception; L4 L14 4
    MAXSTACK = 5
    MAXLOCALS = 8

  // access flags 0x2
  private parse(Ljava/lang/Class;Ljava/lang/Class;Ljava/lang/String;Ljava/text/DateFormat;)Ljava/util/Calendar;
   L0
    LINENUMBER 538 L0
    ALOAD 0
    LDC "Parsing"
    ALOAD 4
    INVOKESPECIAL com/examples/with/different/packagename/testcarver/DateTimeConverter.logFormat (Ljava/lang/String;Ljava/text/DateFormat;)V
   L1
    LINENUMBER 539 L1
    ALOAD 4
    ICONST_0
    INVOKEVIRTUAL java/text/DateFormat.setLenient (Z)V
   L2
    LINENUMBER 540 L2
    NEW java/text/ParsePosition
    DUP
    ICONST_0
    INVOKESPECIAL java/text/ParsePosition.<init> (I)V
    ASTORE 5
   L3
    LINENUMBER 541 L3
    ALOAD 4
    ALOAD 3
    ALOAD 5
    INVOKEVIRTUAL java/text/DateFormat.parse (Ljava/lang/String;Ljava/text/ParsePosition;)Ljava/util/Date;
    ASTORE 6
   L4
    LINENUMBER 542 L4
    ALOAD 5
    INVOKEVIRTUAL java/text/ParsePosition.getErrorIndex ()I
    IFGE L5
    ALOAD 5
    INVOKEVIRTUAL java/text/ParsePosition.getIndex ()I
    ALOAD 3
    INVOKEVIRTUAL java/lang/String.length ()I
    IF_ICMPNE L5
    ALOAD 6
    IFNONNULL L6
   L5
    LINENUMBER 543 L5
    NEW java/lang/StringBuilder
    DUP
    INVOKESPECIAL java/lang/StringBuilder.<init> ()V
    LDC "Error converting '"
    INVOKEVIRTUAL java/lang/StringBuilder.append (Ljava/lang/String;)Ljava/lang/StringBuilder;
    ALOAD 0
    ALOAD 1
    INVOKEVIRTUAL com/examples/with/different/packagename/testcarver/DateTimeConverter.toString (Ljava/lang/Class;)Ljava/lang/String;
    INVOKEVIRTUAL java/lang/StringBuilder.append (Ljava/lang/String;)Ljava/lang/StringBuilder;
    LDC "' to '"
    INVOKEVIRTUAL java/lang/StringBuilder.append (Ljava/lang/String;)Ljava/lang/StringBuilder;
    ALOAD 0
    ALOAD 2
    INVOKEVIRTUAL com/examples/with/different/packagename/testcarver/DateTimeConverter.toString (Ljava/lang/Class;)Ljava/lang/String;
    INVOKEVIRTUAL java/lang/StringBuilder.append (Ljava/lang/String;)Ljava/lang/StringBuilder;
    LDC "'"
    INVOKEVIRTUAL java/lang/StringBuilder.append (Ljava/lang/String;)Ljava/lang/StringBuilder;
    INVOKEVIRTUAL java/lang/StringBuilder.toString ()Ljava/lang/String;
    ASTORE 7
   L7
    LINENUMBER 544 L7
    ALOAD 4
    INSTANCEOF java/text/SimpleDateFormat
    IFEQ L8
   L9
    LINENUMBER 545 L9
    NEW java/lang/StringBuilder
    DUP
    INVOKESPECIAL java/lang/StringBuilder.<init> ()V
    ALOAD 7
    INVOKEVIRTUAL java/lang/StringBuilder.append (Ljava/lang/String;)Ljava/lang/StringBuilder;
    LDC " using pattern '"
    INVOKEVIRTUAL java/lang/StringBuilder.append (Ljava/lang/String;)Ljava/lang/StringBuilder;
    ALOAD 4
    CHECKCAST org/evosuite/testcarver/wrapper/java/text/SimpleDateFormat
    INVOKEVIRTUAL java/text/SimpleDateFormat.toPattern ()Ljava/lang/String;
    INVOKEVIRTUAL java/lang/StringBuilder.append (Ljava/lang/String;)Ljava/lang/StringBuilder;
    LDC "'"
    INVOKEVIRTUAL java/lang/StringBuilder.append (Ljava/lang/String;)Ljava/lang/StringBuilder;
    INVOKEVIRTUAL java/lang/StringBuilder.toString ()Ljava/lang/String;
    ASTORE 7
   L8
    LINENUMBER 547 L8
    NEW com/examples/with/different/packagename/testcarver/ConversionException
    DUP
    ALOAD 7
    INVOKESPECIAL com/examples/with/different/packagename/testcarver/ConversionException.<init> (Ljava/lang/String;)V
    ATHROW
   L6
    LINENUMBER 549 L6
    ALOAD 4
    INVOKEVIRTUAL java/text/DateFormat.getCalendar ()Ljava/util/Calendar;
    ASTORE 7
   L10
    LINENUMBER 550 L10
    ALOAD 7
    ARETURN
   L11
    LOCALVARIABLE msg Ljava/lang/String; L7 L6 7
    LOCALVARIABLE this Lcom/examples/with/different/packagename/testcarver/DateTimeConverter; L0 L11 0
    LOCALVARIABLE sourceType Ljava/lang/Class; L0 L11 1
    LOCALVARIABLE targetType Ljava/lang/Class; L0 L11 2
    LOCALVARIABLE value Ljava/lang/String; L0 L11 3
    LOCALVARIABLE format Ljava/text/DateFormat; L0 L11 4
    LOCALVARIABLE pos Ljava/text/ParsePosition; L3 L11 5
    LOCALVARIABLE parsedDate Ljava/util/Date; L4 L11 6
    LOCALVARIABLE calendar Ljava/util/Calendar; L10 L11 7
    MAXSTACK = 3
    MAXLOCALS = 8

  // access flags 0x2
  private _sw_prototype_original_toString()Ljava/lang/String;
   L0
    LINENUMBER 559 L0
    NEW java/lang/StringBuffer
    DUP
    INVOKESPECIAL java/lang/StringBuffer.<init> ()V
    ASTORE 1
   L1
    LINENUMBER 560 L1
    ALOAD 1
    ALOAD 0
    ALOAD 0
    INVOKEVIRTUAL java/lang/Object.getClass ()Ljava/lang/Class;
    INVOKEVIRTUAL com/examples/with/different/packagename/testcarver/DateTimeConverter.toString (Ljava/lang/Class;)Ljava/lang/String;
    INVOKEVIRTUAL java/lang/StringBuffer.append (Ljava/lang/String;)Ljava/lang/StringBuffer;
    POP
   L2
    LINENUMBER 561 L2
    ALOAD 1
    LDC "[UseDefault="
    INVOKEVIRTUAL java/lang/StringBuffer.append (Ljava/lang/String;)Ljava/lang/StringBuffer;
    POP
   L3
    LINENUMBER 562 L3
    ALOAD 1
    ALOAD 0
    INVOKEVIRTUAL com/examples/with/different/packagename/testcarver/DateTimeConverter.isUseDefault ()Z
    INVOKEVIRTUAL java/lang/StringBuffer.append (Z)Ljava/lang/StringBuffer;
    POP
   L4
    LINENUMBER 563 L4
    ALOAD 1
    LDC ", UseLocaleFormat="
    INVOKEVIRTUAL java/lang/StringBuffer.append (Ljava/lang/String;)Ljava/lang/StringBuffer;
    POP
   L5
    LINENUMBER 564 L5
    ALOAD 1
    ALOAD 0
    DUP
    GETFIELD com/examples/with/different/packagename/testcarver/DateTimeConverter.useLocaleFormat : Z
    SWAP
    LDC -2147483621
    LDC "com/examples/with/different/packagename/testcarver/DateTimeConverter"
    LDC "useLocaleFormat"
    LDC "Z"
    INVOKESTATIC org/evosuite/testcarver/capture/FieldRegistry.notifyReadAccess (Ljava/lang/Object;ILjava/lang/String;Ljava/lang/String;Ljava/lang/String;)V
    INVOKEVIRTUAL java/lang/StringBuffer.append (Z)Ljava/lang/StringBuffer;
    POP
   L6
    LINENUMBER 565 L6
    ALOAD 0
    DUP
    GETFIELD com/examples/with/different/packagename/testcarver/DateTimeConverter.displayPatterns : Ljava/lang/String;
    SWAP
    LDC -2147483620
    LDC "com/examples/with/different/packagename/testcarver/DateTimeConverter"
    LDC "displayPatterns"
    LDC "Ljava/lang/String;"
    INVOKESTATIC org/evosuite/testcarver/capture/FieldRegistry.notifyReadAccess (Ljava/lang/Object;ILjava/lang/String;Ljava/lang/String;Ljava/lang/String;)V
    IFNULL L7
   L8
    LINENUMBER 566 L8
    ALOAD 1
    LDC ", Patterns={"
    INVOKEVIRTUAL java/lang/StringBuffer.append (Ljava/lang/String;)Ljava/lang/StringBuffer;
    POP
   L9
    LINENUMBER 567 L9
    ALOAD 1
    ALOAD 0
    DUP
    GETFIELD com/examples/with/different/packagename/testcarver/DateTimeConverter.displayPatterns : Ljava/lang/String;
    SWAP
    LDC -2147483619
    LDC "com/examples/with/different/packagename/testcarver/DateTimeConverter"
    LDC "displayPatterns"
    LDC "Ljava/lang/String;"
    INVOKESTATIC org/evosuite/testcarver/capture/FieldRegistry.notifyReadAccess (Ljava/lang/Object;ILjava/lang/String;Ljava/lang/String;Ljava/lang/String;)V
    INVOKEVIRTUAL java/lang/StringBuffer.append (Ljava/lang/String;)Ljava/lang/StringBuffer;
    POP
   L10
    LINENUMBER 568 L10
    ALOAD 1
    BIPUSH 125
    INVOKEVIRTUAL java/lang/StringBuffer.append (C)Ljava/lang/StringBuffer;
    POP
   L7
    LINENUMBER 570 L7
    ALOAD 0
    DUP
    GETFIELD com/examples/with/different/packagename/testcarver/DateTimeConverter.locale : Ljava/util/Locale;
    SWAP
    LDC -2147483618
    LDC "com/examples/with/different/packagename/testcarver/DateTimeConverter"
    LDC "locale"
    LDC "Ljava/util/Locale;"
    INVOKESTATIC org/evosuite/testcarver/capture/FieldRegistry.notifyReadAccess (Ljava/lang/Object;ILjava/lang/String;Ljava/lang/String;Ljava/lang/String;)V
    IFNULL L11
   L12
    LINENUMBER 571 L12
    ALOAD 1
    LDC ", Locale="
    INVOKEVIRTUAL java/lang/StringBuffer.append (Ljava/lang/String;)Ljava/lang/StringBuffer;
    POP
   L13
    LINENUMBER 572 L13
    ALOAD 1
    ALOAD 0
    DUP
    GETFIELD com/examples/with/different/packagename/testcarver/DateTimeConverter.locale : Ljava/util/Locale;
    SWAP
    LDC -2147483617
    LDC "com/examples/with/different/packagename/testcarver/DateTimeConverter"
    LDC "locale"
    LDC "Ljava/util/Locale;"
    INVOKESTATIC org/evosuite/testcarver/capture/FieldRegistry.notifyReadAccess (Ljava/lang/Object;ILjava/lang/String;Ljava/lang/String;Ljava/lang/String;)V
    INVOKEVIRTUAL java/lang/StringBuffer.append (Ljava/lang/Object;)Ljava/lang/StringBuffer;
    POP
   L11
    LINENUMBER 574 L11
    ALOAD 0
    DUP
    GETFIELD com/examples/with/different/packagename/testcarver/DateTimeConverter.timeZone : Ljava/util/TimeZone;
    SWAP
    LDC -2147483616
    LDC "com/examples/with/different/packagename/testcarver/DateTimeConverter"
    LDC "timeZone"
    LDC "Ljava/util/TimeZone;"
    INVOKESTATIC org/evosuite/testcarver/capture/FieldRegistry.notifyReadAccess (Ljava/lang/Object;ILjava/lang/String;Ljava/lang/String;Ljava/lang/String;)V
    IFNULL L14
   L15
    LINENUMBER 575 L15
    ALOAD 1
    LDC ", TimeZone="
    INVOKEVIRTUAL java/lang/StringBuffer.append (Ljava/lang/String;)Ljava/lang/StringBuffer;
    POP
   L16
    LINENUMBER 576 L16
    ALOAD 1
    ALOAD 0
    DUP
    GETFIELD com/examples/with/different/packagename/testcarver/DateTimeConverter.timeZone : Ljava/util/TimeZone;
    SWAP
    LDC -2147483615
    LDC "com/examples/with/different/packagename/testcarver/DateTimeConverter"
    LDC "timeZone"
    LDC "Ljava/util/TimeZone;"
    INVOKESTATIC org/evosuite/testcarver/capture/FieldRegistry.notifyReadAccess (Ljava/lang/Object;ILjava/lang/String;Ljava/lang/String;Ljava/lang/String;)V
    INVOKEVIRTUAL java/lang/StringBuffer.append (Ljava/lang/Object;)Ljava/lang/StringBuffer;
    POP
   L14
    LINENUMBER 578 L14
    ALOAD 1
    BIPUSH 93
    INVOKEVIRTUAL java/lang/StringBuffer.append (C)Ljava/lang/StringBuffer;
    POP
   L17
    LINENUMBER 579 L17
    ALOAD 1
    INVOKEVIRTUAL java/lang/StringBuffer.toString ()Ljava/lang/String;
    ARETURN
   L18
    LOCALVARIABLE this Lcom/examples/with/different/packagename/testcarver/DateTimeConverter; L0 L18 0
    LOCALVARIABLE buffer Ljava/lang/StringBuffer; L1 L18 1
    MAXSTACK = 7
    MAXLOCALS = 2

  // access flags 0x2
  private logFormat(Ljava/lang/String;Ljava/text/DateFormat;)V
   L0
    LINENUMBER 590 L0
    RETURN
   L1
    LOCALVARIABLE this Lcom/examples/with/different/packagename/testcarver/DateTimeConverter; L0 L1 0
    LOCALVARIABLE action Ljava/lang/String; L0 L1 1
    LOCALVARIABLE format Ljava/text/DateFormat; L0 L1 2
    MAXSTACK = 0
    MAXLOCALS = 3

  // access flags 0x1
  public setUseLocaleFormat(Z)V
    TRYCATCHBLOCK L0 L1 L1 java/lang/Throwable
   L0
    LDC -2147483640
    ALOAD 0
    LDC "setUseLocaleFormat"
    LDC "(Z)V"
    BIPUSH 1
    ANEWARRAY java/lang/Object
    DUP
    BIPUSH 0
    ILOAD 1
    INVOKESTATIC java/lang/Boolean.valueOf (Z)Ljava/lang/Boolean;
    AASTORE
    INVOKESTATIC org/evosuite/testcarver/capture/Capturer.capture (ILjava/lang/Object;Ljava/lang/String;Ljava/lang/String;[Ljava/lang/Object;)V
    ALOAD 0
    ILOAD 1
    INVOKEVIRTUAL com/examples/with/different/packagename/testcarver/DateTimeConverter._sw_prototype_original_setUseLocaleFormat (Z)V
    GOTO L2
   L1
   FRAME SAME1 java/lang/Throwable
    ASTORE 2
    LDC -2147483640
    ALOAD 0
    GETSTATIC org/evosuite/testcarver/capture/CaptureLog.RETURN_TYPE_VOID : Ljava/lang/Object;
    INVOKESTATIC org/evosuite/testcarver/capture/Capturer.enable (ILjava/lang/Object;Ljava/lang/Object;)V
    ALOAD 2
    ATHROW
   L2
   FRAME SAME
    LDC -2147483640
    ALOAD 0
    GETSTATIC org/evosuite/testcarver/capture/CaptureLog.RETURN_TYPE_VOID : Ljava/lang/Object;
    INVOKESTATIC org/evosuite/testcarver/capture/Capturer.enable (ILjava/lang/Object;Ljava/lang/Object;)V
    RETURN
    MAXSTACK = 6
    MAXLOCALS = 0

  // access flags 0x1
  public getTimeZone()Ljava/util/TimeZone;
    TRYCATCHBLOCK L0 L1 L2 java/lang/Throwable
    ACONST_NULL
    ASTORE 1
   L0
    LDC -2147483638
    ALOAD 0
    LDC "getTimeZone"
    LDC "()Ljava/util/TimeZone;"
    BIPUSH 0
    ANEWARRAY java/lang/Object
    INVOKESTATIC org/evosuite/testcarver/capture/Capturer.capture (ILjava/lang/Object;Ljava/lang/String;Ljava/lang/String;[Ljava/lang/Object;)V
    ALOAD 0
    INVOKEVIRTUAL com/examples/with/different/packagename/testcarver/DateTimeConverter._sw_prototype_original_getTimeZone ()Ljava/util/TimeZone;
    ASTORE 1
    ALOAD 1
    ASTORE 3
   L1
    LDC -2147483638
    ALOAD 0
    ALOAD 1
    INVOKESTATIC org/evosuite/testcarver/capture/Capturer.enable (ILjava/lang/Object;Ljava/lang/Object;)V
    ALOAD 3
    ARETURN
   L2
   FRAME FULL [com/examples/with/different/packagename/testcarver/DateTimeConverter java/util/TimeZone] [java/lang/Throwable]
    ASTORE 2
    LDC -2147483638
    ALOAD 0
    ALOAD 1
    INVOKESTATIC org/evosuite/testcarver/capture/Capturer.enable (ILjava/lang/Object;Ljava/lang/Object;)V
    ALOAD 2
    ATHROW
    MAXSTACK = 5
    MAXLOCALS = 0

  // access flags 0x1
  public setTimeZone(Ljava/util/TimeZone;)V
    TRYCATCHBLOCK L0 L1 L1 java/lang/Throwable
   L0
    LDC -2147483635
    ALOAD 0
    LDC "setTimeZone"
    LDC "(Ljava/util/TimeZone;)V"
    BIPUSH 1
    ANEWARRAY java/lang/Object
    DUP
    BIPUSH 0
    ALOAD 1
    AASTORE
    INVOKESTATIC org/evosuite/testcarver/capture/Capturer.capture (ILjava/lang/Object;Ljava/lang/String;Ljava/lang/String;[Ljava/lang/Object;)V
    ALOAD 0
    ALOAD 1
    INVOKEVIRTUAL com/examples/with/different/packagename/testcarver/DateTimeConverter._sw_prototype_original_setTimeZone (Ljava/util/TimeZone;)V
    GOTO L2
   L1
   FRAME SAME1 java/lang/Throwable
    ASTORE 2
    LDC -2147483635
    ALOAD 0
    GETSTATIC org/evosuite/testcarver/capture/CaptureLog.RETURN_TYPE_VOID : Ljava/lang/Object;
    INVOKESTATIC org/evosuite/testcarver/capture/Capturer.enable (ILjava/lang/Object;Ljava/lang/Object;)V
    ALOAD 2
    ATHROW
   L2
   FRAME SAME
    LDC -2147483635
    ALOAD 0
    GETSTATIC org/evosuite/testcarver/capture/CaptureLog.RETURN_TYPE_VOID : Ljava/lang/Object;
    INVOKESTATIC org/evosuite/testcarver/capture/Capturer.enable (ILjava/lang/Object;Ljava/lang/Object;)V
    RETURN
    MAXSTACK = 6
    MAXLOCALS = 0

  // access flags 0x1
  public getLocale()Ljava/util/Locale;
    TRYCATCHBLOCK L0 L1 L2 java/lang/Throwable
    ACONST_NULL
    ASTORE 1
   L0
    LDC -2147483633
    ALOAD 0
    LDC "getLocale"
    LDC "()Ljava/util/Locale;"
    BIPUSH 0
    ANEWARRAY java/lang/Object
    INVOKESTATIC org/evosuite/testcarver/capture/Capturer.capture (ILjava/lang/Object;Ljava/lang/String;Ljava/lang/String;[Ljava/lang/Object;)V
    ALOAD 0
    INVOKEVIRTUAL com/examples/with/different/packagename/testcarver/DateTimeConverter._sw_prototype_original_getLocale ()Ljava/util/Locale;
    ASTORE 1
    ALOAD 1
    ASTORE 3
   L1
    LDC -2147483633
    ALOAD 0
    ALOAD 1
    INVOKESTATIC org/evosuite/testcarver/capture/Capturer.enable (ILjava/lang/Object;Ljava/lang/Object;)V
    ALOAD 3
    ARETURN
   L2
   FRAME FULL [com/examples/with/different/packagename/testcarver/DateTimeConverter java/util/Locale] [java/lang/Throwable]
    ASTORE 2
    LDC -2147483633
    ALOAD 0
    ALOAD 1
    INVOKESTATIC org/evosuite/testcarver/capture/Capturer.enable (ILjava/lang/Object;Ljava/lang/Object;)V
    ALOAD 2
    ATHROW
    MAXSTACK = 5
    MAXLOCALS = 0

  // access flags 0x1
  public setLocale(Ljava/util/Locale;)V
    TRYCATCHBLOCK L0 L1 L1 java/lang/Throwable
   L0
    LDC -2147483630
    ALOAD 0
    LDC "setLocale"
    LDC "(Ljava/util/Locale;)V"
    BIPUSH 1
    ANEWARRAY java/lang/Object
    DUP
    BIPUSH 0
    ALOAD 1
    AASTORE
    INVOKESTATIC org/evosuite/testcarver/capture/Capturer.capture (ILjava/lang/Object;Ljava/lang/String;Ljava/lang/String;[Ljava/lang/Object;)V
    ALOAD 0
    ALOAD 1
    INVOKEVIRTUAL com/examples/with/different/packagename/testcarver/DateTimeConverter._sw_prototype_original_setLocale (Ljava/util/Locale;)V
    GOTO L2
   L1
   FRAME SAME1 java/lang/Throwable
    ASTORE 2
    LDC -2147483630
    ALOAD 0
    GETSTATIC org/evosuite/testcarver/capture/CaptureLog.RETURN_TYPE_VOID : Ljava/lang/Object;
    INVOKESTATIC org/evosuite/testcarver/capture/Capturer.enable (ILjava/lang/Object;Ljava/lang/Object;)V
    ALOAD 2
    ATHROW
   L2
   FRAME SAME
    LDC -2147483630
    ALOAD 0
    GETSTATIC org/evosuite/testcarver/capture/CaptureLog.RETURN_TYPE_VOID : Ljava/lang/Object;
    INVOKESTATIC org/evosuite/testcarver/capture/Capturer.enable (ILjava/lang/Object;Ljava/lang/Object;)V
    RETURN
    MAXSTACK = 6
    MAXLOCALS = 0

  // access flags 0x1
  public setPattern(Ljava/lang/String;)V
    TRYCATCHBLOCK L0 L1 L1 java/lang/Throwable
   L0
    LDC -2147483629
    ALOAD 0
    LDC "setPattern"
    LDC "(Ljava/lang/String;)V"
    BIPUSH 1
    ANEWARRAY java/lang/Object
    DUP
    BIPUSH 0
    ALOAD 1
    AASTORE
    INVOKESTATIC org/evosuite/testcarver/capture/Capturer.capture (ILjava/lang/Object;Ljava/lang/String;Ljava/lang/String;[Ljava/lang/Object;)V
    ALOAD 0
    ALOAD 1
    INVOKEVIRTUAL com/examples/with/different/packagename/testcarver/DateTimeConverter._sw_prototype_original_setPattern (Ljava/lang/String;)V
    GOTO L2
   L1
   FRAME SAME1 java/lang/Throwable
    ASTORE 2
    LDC -2147483629
    ALOAD 0
    GETSTATIC org/evosuite/testcarver/capture/CaptureLog.RETURN_TYPE_VOID : Ljava/lang/Object;
    INVOKESTATIC org/evosuite/testcarver/capture/Capturer.enable (ILjava/lang/Object;Ljava/lang/Object;)V
    ALOAD 2
    ATHROW
   L2
   FRAME SAME
    LDC -2147483629
    ALOAD 0
    GETSTATIC org/evosuite/testcarver/capture/CaptureLog.RETURN_TYPE_VOID : Ljava/lang/Object;
    INVOKESTATIC org/evosuite/testcarver/capture/Capturer.enable (ILjava/lang/Object;Ljava/lang/Object;)V
    RETURN
    MAXSTACK = 9
    MAXLOCALS = 0

  // access flags 0x1
  public getPatterns()[Ljava/lang/String;
    TRYCATCHBLOCK L0 L1 L2 java/lang/Throwable
    ACONST_NULL
    ASTORE 1
   L0
    LDC -2147483627
    ALOAD 0
    LDC "getPatterns"
    LDC "()[Ljava/lang/String;"
    BIPUSH 0
    ANEWARRAY java/lang/Object
    INVOKESTATIC org/evosuite/testcarver/capture/Capturer.capture (ILjava/lang/Object;Ljava/lang/String;Ljava/lang/String;[Ljava/lang/Object;)V
    ALOAD 0
    INVOKEVIRTUAL com/examples/with/different/packagename/testcarver/DateTimeConverter._sw_prototype_original_getPatterns ()[Ljava/lang/String;
    ASTORE 1
    ALOAD 1
    ASTORE 3
   L1
    LDC -2147483627
    ALOAD 0
    ALOAD 1
    INVOKESTATIC org/evosuite/testcarver/capture/Capturer.enable (ILjava/lang/Object;Ljava/lang/Object;)V
    ALOAD 3
    ARETURN
   L2
   FRAME FULL [com/examples/with/different/packagename/testcarver/DateTimeConverter [Ljava/lang/String;] [java/lang/Throwable]
    ASTORE 2
    LDC -2147483627
    ALOAD 0
    ALOAD 1
    INVOKESTATIC org/evosuite/testcarver/capture/Capturer.enable (ILjava/lang/Object;Ljava/lang/Object;)V
    ALOAD 2
    ATHROW
    MAXSTACK = 5
    MAXLOCALS = 0

  // access flags 0x1
  public setPatterns([Ljava/lang/String;)V
    TRYCATCHBLOCK L0 L1 L1 java/lang/Throwable
   L0
    LDC -2147483622
    ALOAD 0
    LDC "setPatterns"
    LDC "([Ljava/lang/String;)V"
    BIPUSH 1
    ANEWARRAY java/lang/Object
    DUP
    BIPUSH 0
    ALOAD 1
    AASTORE
    INVOKESTATIC org/evosuite/testcarver/capture/Capturer.capture (ILjava/lang/Object;Ljava/lang/String;Ljava/lang/String;[Ljava/lang/Object;)V
    ALOAD 0
    ALOAD 1
    INVOKEVIRTUAL com/examples/with/different/packagename/testcarver/DateTimeConverter._sw_prototype_original_setPatterns ([Ljava/lang/String;)V
    GOTO L2
   L1
   FRAME SAME1 java/lang/Throwable
    ASTORE 2
    LDC -2147483622
    ALOAD 0
    GETSTATIC org/evosuite/testcarver/capture/CaptureLog.RETURN_TYPE_VOID : Ljava/lang/Object;
    INVOKESTATIC org/evosuite/testcarver/capture/Capturer.enable (ILjava/lang/Object;Ljava/lang/Object;)V
    ALOAD 2
    ATHROW
   L2
   FRAME SAME
    LDC -2147483622
    ALOAD 0
    GETSTATIC org/evosuite/testcarver/capture/CaptureLog.RETURN_TYPE_VOID : Ljava/lang/Object;
    INVOKESTATIC org/evosuite/testcarver/capture/Capturer.enable (ILjava/lang/Object;Ljava/lang/Object;)V
    RETURN
    MAXSTACK = 7
    MAXLOCALS = 0

  // access flags 0x1
  public toString()Ljava/lang/String;
    TRYCATCHBLOCK L0 L1 L2 java/lang/Throwable
    ACONST_NULL
    ASTORE 1
   L0
    LDC -2147483614
    ALOAD 0
    LDC "toString"
    LDC "()Ljava/lang/String;"
    BIPUSH 0
    ANEWARRAY java/lang/Object
    INVOKESTATIC org/evosuite/testcarver/capture/Capturer.capture (ILjava/lang/Object;Ljava/lang/String;Ljava/lang/String;[Ljava/lang/Object;)V
    ALOAD 0
    INVOKEVIRTUAL com/examples/with/different/packagename/testcarver/DateTimeConverter._sw_prototype_original_toString ()Ljava/lang/String;
    ASTORE 1
    ALOAD 1
    ASTORE 3
   L1
    LDC -2147483614
    ALOAD 0
    ALOAD 1
    INVOKESTATIC org/evosuite/testcarver/capture/Capturer.enable (ILjava/lang/Object;Ljava/lang/Object;)V
    ALOAD 3
    ARETURN
   L2
   FRAME FULL [com/examples/with/different/packagename/testcarver/DateTimeConverter java/lang/String] [java/lang/Throwable]
    ASTORE 2
    LDC -2147483614
    ALOAD 0
    ALOAD 1
    INVOKESTATIC org/evosuite/testcarver/capture/Capturer.enable (ILjava/lang/Object;Ljava/lang/Object;)V
    ALOAD 2
    ATHROW
    MAXSTACK = 7
    MAXLOCALS = 0
}
INFO  org.evosuite.testcarver.extraction.CarvingClassLoader - Seeing class for first time: com.examples.with.different.packagename.testcarver.AbstractConverter
WARN  org.evosuite.testcarver.extraction.CarvingClassLoader - Instrumenting class 'com.examples.with.different.packagename.testcarver.AbstractConverter'.
INFO  org.evosuite.testcarver.instrument.Instrumenter - Checking package com.examples.with.different.packagename.testcarver for class com/examples/with/different/packagename/testcarver/AbstractConverter
// class version 52.0 (52)
// access flags 0x421
public abstract class com/examples/with/different/packagename/testcarver/AbstractConverter implements com/examples/with/different/packagename/testcarver/Converter {

  // compiled from: AbstractConverter.java

  // access flags 0x1A
  private final static Ljava/lang/String; DEFAULT_CONFIG_MSG = "(N.B. Converters can be configured to use default values to avoid throwing exceptions)"

  // access flags 0x1A
  private final static Ljava/lang/String; PACKAGE = "org.apache.commons.beanutils.converters."

  // access flags 0x2
  private Z useDefault

  // access flags 0x2
  private Ljava/lang/Object; defaultValue

  // access flags 0x1
  public <init>()V
   L0
    LINENUMBER 82 L0
    ALOAD 0
    INVOKESPECIAL java/lang/Object.<init> ()V
   L1
    LINENUMBER 69 L1
    ALOAD 0
    ICONST_0
    PUTFIELD com/examples/with/different/packagename/testcarver/AbstractConverter.useDefault : Z
   L2
    LINENUMBER 74 L2
    ALOAD 0
    ACONST_NULL
    PUTFIELD com/examples/with/different/packagename/testcarver/AbstractConverter.defaultValue : Ljava/lang/Object;
   L3
    LINENUMBER 83 L3
    RETURN
   L4
    LOCALVARIABLE this Lcom/examples/with/different/packagename/testcarver/AbstractConverter; L0 L4 0
    MAXSTACK = 2
    MAXLOCALS = 1

  // access flags 0x1
  public <init>(Ljava/lang/Object;)V
   L0
    LINENUMBER 93 L0
    ALOAD 0
    INVOKESPECIAL java/lang/Object.<init> ()V
   L1
    LINENUMBER 69 L1
    ALOAD 0
    ICONST_0
    PUTFIELD com/examples/with/different/packagename/testcarver/AbstractConverter.useDefault : Z
   L2
    LINENUMBER 74 L2
    ALOAD 0
    ACONST_NULL
    PUTFIELD com/examples/with/different/packagename/testcarver/AbstractConverter.defaultValue : Ljava/lang/Object;
   L3
    LINENUMBER 94 L3
    ALOAD 0
    ALOAD 1
    INVOKEVIRTUAL com/examples/with/different/packagename/testcarver/AbstractConverter.setDefaultValue (Ljava/lang/Object;)V
   L4
    LINENUMBER 95 L4
    RETURN
   L5
    LOCALVARIABLE this Lcom/examples/with/different/packagename/testcarver/AbstractConverter; L0 L5 0
    LOCALVARIABLE defaultValue Ljava/lang/Object; L0 L5 1
    MAXSTACK = 2
    MAXLOCALS = 2

  // access flags 0x2
  private _sw_prototype_original_isUseDefault()Z
   L0
    LINENUMBER 108 L0
    ALOAD 0
    DUP
    GETFIELD com/examples/with/different/packagename/testcarver/AbstractConverter.useDefault : Z
    SWAP
    LDC -2147483613
    LDC "com/examples/with/different/packagename/testcarver/AbstractConverter"
    LDC "useDefault"
    LDC "Z"
    INVOKESTATIC org/evosuite/testcarver/capture/FieldRegistry.notifyReadAccess (Ljava/lang/Object;ILjava/lang/String;Ljava/lang/String;Ljava/lang/String;)V
    IRETURN
   L1
    LOCALVARIABLE this Lcom/examples/with/different/packagename/testcarver/AbstractConverter; L0 L1 0
    MAXSTACK = 5
    MAXLOCALS = 1

  // access flags 0x2
  private _sw_prototype_original_convert(Ljava/lang/Class;Ljava/lang/Object;)Ljava/lang/Object;
    TRYCATCHBLOCK L0 L1 L2 java/lang/Throwable
    TRYCATCHBLOCK L3 L4 L2 java/lang/Throwable
    TRYCATCHBLOCK L5 L6 L2 java/lang/Throwable
   L7
    LINENUMBER 123 L7
    ALOAD 2
    IFNONNULL L8
    ACONST_NULL
    GOTO L9
   L8
    ALOAD 2
    INVOKEVIRTUAL java/lang/Object.getClass ()Ljava/lang/Class;
   L9
    ASTORE 3
   L10
    LINENUMBER 124 L10
    ALOAD 0
    ALOAD 1
    IFNONNULL L11
    ALOAD 0
    INVOKEVIRTUAL com/examples/with/different/packagename/testcarver/AbstractConverter.getDefaultType ()Ljava/lang/Class;
    GOTO L12
   L11
    ALOAD 1
   L12
    INVOKEVIRTUAL com/examples/with/different/packagename/testcarver/AbstractConverter.primitive (Ljava/lang/Class;)Ljava/lang/Class;
    ASTORE 4
   L13
    LINENUMBER 126 L13
    ALOAD 0
    ALOAD 2
    INVOKEVIRTUAL com/examples/with/different/packagename/testcarver/AbstractConverter.convertArray (Ljava/lang/Object;)Ljava/lang/Object;
    ASTORE 2
   L14
    LINENUMBER 129 L14
    ALOAD 2
    IFNONNULL L15
   L16
    LINENUMBER 130 L16
    ALOAD 0
    ALOAD 4
    INVOKEVIRTUAL com/examples/with/different/packagename/testcarver/AbstractConverter.handleMissing (Ljava/lang/Class;)Ljava/lang/Object;
    ARETURN
   L15
    LINENUMBER 133 L15
    ALOAD 2
    INVOKEVIRTUAL java/lang/Object.getClass ()Ljava/lang/Class;
    ASTORE 3
   L0
    LINENUMBER 137 L0
    ALOAD 4
    LDC Ljava/lang/String;.class
    INVOKEVIRTUAL java/lang/Object.equals (Ljava/lang/Object;)Z
    IFEQ L3
   L17
    LINENUMBER 138 L17
    ALOAD 0
    ALOAD 2
    INVOKEVIRTUAL com/examples/with/different/packagename/testcarver/AbstractConverter.convertToString (Ljava/lang/Object;)Ljava/lang/String;
   L1
    ARETURN
   L3
    LINENUMBER 141 L3
    ALOAD 4
    ALOAD 3
    INVOKEVIRTUAL java/lang/Object.equals (Ljava/lang/Object;)Z
    IFEQ L5
   L18
    LINENUMBER 142 L18
    ALOAD 2
   L4
    ARETURN
   L5
    LINENUMBER 146 L5
    ALOAD 0
    ALOAD 4
    ALOAD 2
    INVOKEVIRTUAL com/examples/with/different/packagename/testcarver/AbstractConverter.convertToType (Ljava/lang/Class;Ljava/lang/Object;)Ljava/lang/Object;
    ASTORE 5
   L19
    LINENUMBER 147 L19
    ALOAD 5
   L6
    ARETURN
   L2
    LINENUMBER 149 L2
    ASTORE 5
   L20
    LINENUMBER 150 L20
    ALOAD 0
    ALOAD 4
    ALOAD 2
    ALOAD 5
    INVOKEVIRTUAL com/examples/with/different/packagename/testcarver/AbstractConverter.handleError (Ljava/lang/Class;Ljava/lang/Object;Ljava/lang/Throwable;)Ljava/lang/Object;
    ARETURN
   L21
    LOCALVARIABLE result Ljava/lang/Object; L19 L2 5
    LOCALVARIABLE t Ljava/lang/Throwable; L20 L21 5
    LOCALVARIABLE this Lcom/examples/with/different/packagename/testcarver/AbstractConverter; L7 L21 0
    LOCALVARIABLE type Ljava/lang/Class; L7 L21 1
    LOCALVARIABLE value Ljava/lang/Object; L7 L21 2
    LOCALVARIABLE sourceType Ljava/lang/Class; L10 L21 3
    LOCALVARIABLE targetType Ljava/lang/Class; L13 L21 4
    MAXSTACK = 8
    MAXLOCALS = 6

  // access flags 0x4
  protected convertToString(Ljava/lang/Object;)Ljava/lang/String; throws java/lang/Throwable
   L0
    LINENUMBER 168 L0
    ALOAD 1
    INVOKEVIRTUAL java/lang/Object.toString ()Ljava/lang/String;
    ARETURN
   L1
    LOCALVARIABLE this Lcom/examples/with/different/packagename/testcarver/AbstractConverter; L0 L1 0
    LOCALVARIABLE value Ljava/lang/Object; L0 L1 1
    MAXSTACK = 1
    MAXLOCALS = 2

  // access flags 0x404
  protected abstract convertToType(Ljava/lang/Class;Ljava/lang/Object;)Ljava/lang/Object; throws java/lang/Throwable

  // access flags 0x4
  protected convertArray(Ljava/lang/Object;)Ljava/lang/Object;
   L0
    LINENUMBER 196 L0
    ALOAD 1
    IFNONNULL L1
   L2
    LINENUMBER 197 L2
    ACONST_NULL
    ARETURN
   L1
    LINENUMBER 199 L1
    ALOAD 1
    INVOKEVIRTUAL java/lang/Object.getClass ()Ljava/lang/Class;
    INVOKEVIRTUAL java/lang/Class.isArray ()Z
    IFEQ L3
   L4
    LINENUMBER 200 L4
    ALOAD 1
    INVOKESTATIC java/lang/reflect/Array.getLength (Ljava/lang/Object;)I
    IFLE L5
   L6
    LINENUMBER 201 L6
    ALOAD 1
    ICONST_0
    INVOKESTATIC java/lang/reflect/Array.get (Ljava/lang/Object;I)Ljava/lang/Object;
    ARETURN
   L5
    LINENUMBER 203 L5
    ACONST_NULL
    ARETURN
   L3
    LINENUMBER 206 L3
    ALOAD 1
    INSTANCEOF java/util/Collection
    IFEQ L7
   L8
    LINENUMBER 207 L8
    ALOAD 1
    CHECKCAST java/util/Collection
    ASTORE 2
   L9
    LINENUMBER 208 L9
    ALOAD 2
    INVOKEINTERFACE java/util/Collection.size ()I (itf)
    IFLE L10
   L11
    LINENUMBER 209 L11
    ALOAD 2
    INVOKEINTERFACE java/util/Collection.iterator ()Ljava/util/Iterator; (itf)
    INVOKEINTERFACE java/util/Iterator.next ()Ljava/lang/Object; (itf)
    ARETURN
   L10
    LINENUMBER 211 L10
    ACONST_NULL
    ARETURN
   L7
    LINENUMBER 214 L7
    ALOAD 1
    ARETURN
   L12
    LOCALVARIABLE collection Ljava/util/Collection; L9 L7 2
    LOCALVARIABLE this Lcom/examples/with/different/packagename/testcarver/AbstractConverter; L0 L12 0
    LOCALVARIABLE value Ljava/lang/Object; L0 L12 1
    MAXSTACK = 2
    MAXLOCALS = 3

  // access flags 0x4
  protected handleError(Ljava/lang/Class;Ljava/lang/Object;Ljava/lang/Throwable;)Ljava/lang/Object;
   L0
    LINENUMBER 231 L0
    ALOAD 0
    GETFIELD com/examples/with/different/packagename/testcarver/AbstractConverter.useDefault : Z
    IFEQ L1
   L2
    LINENUMBER 232 L2
    ALOAD 0
    ALOAD 1
    INVOKEVIRTUAL com/examples/with/different/packagename/testcarver/AbstractConverter.handleMissing (Ljava/lang/Class;)Ljava/lang/Object;
    ARETURN
   L1
    LINENUMBER 235 L1
    ACONST_NULL
    ASTORE 4
   L3
    LINENUMBER 236 L3
    ALOAD 3
    INSTANCEOF com/examples/with/different/packagename/testcarver/ConversionException
    IFEQ L4
   L5
    LINENUMBER 237 L5
    ALOAD 3
    CHECKCAST com/examples/with/different/packagename/testcarver/ConversionException
    ASTORE 4
    GOTO L6
   L4
    LINENUMBER 239 L4
    NEW java/lang/StringBuilder
    DUP
    INVOKESPECIAL java/lang/StringBuilder.<init> ()V
    LDC "Error converting from '"
    INVOKEVIRTUAL java/lang/StringBuilder.append (Ljava/lang/String;)Ljava/lang/StringBuilder;
    ALOAD 0
    ALOAD 2
    INVOKEVIRTUAL java/lang/Object.getClass ()Ljava/lang/Class;
    INVOKEVIRTUAL com/examples/with/different/packagename/testcarver/AbstractConverter.toString (Ljava/lang/Class;)Ljava/lang/String;
    INVOKEVIRTUAL java/lang/StringBuilder.append (Ljava/lang/String;)Ljava/lang/StringBuilder;
    LDC "' to '"
    INVOKEVIRTUAL java/lang/StringBuilder.append (Ljava/lang/String;)Ljava/lang/StringBuilder;
    ALOAD 0
    ALOAD 1
   L7
    LINENUMBER 240 L7
    INVOKEVIRTUAL com/examples/with/different/packagename/testcarver/AbstractConverter.toString (Ljava/lang/Class;)Ljava/lang/String;
    INVOKEVIRTUAL java/lang/StringBuilder.append (Ljava/lang/String;)Ljava/lang/StringBuilder;
    LDC "' "
    INVOKEVIRTUAL java/lang/StringBuilder.append (Ljava/lang/String;)Ljava/lang/StringBuilder;
    ALOAD 3
    INVOKEVIRTUAL java/lang/Throwable.getMessage ()Ljava/lang/String;
    INVOKEVIRTUAL java/lang/StringBuilder.append (Ljava/lang/String;)Ljava/lang/StringBuilder;
    INVOKEVIRTUAL java/lang/StringBuilder.toString ()Ljava/lang/String;
    ASTORE 5
   L8
    LINENUMBER 241 L8
    NEW com/examples/with/different/packagename/testcarver/ConversionException
    DUP
    ALOAD 5
    ALOAD 3
    INVOKESPECIAL com/examples/with/different/packagename/testcarver/ConversionException.<init> (Ljava/lang/String;Ljava/lang/Throwable;)V
    ASTORE 4
   L6
    LINENUMBER 245 L6
    ALOAD 4
    ATHROW
   L9
    LOCALVARIABLE msg Ljava/lang/String; L8 L6 5
    LOCALVARIABLE this Lcom/examples/with/different/packagename/testcarver/AbstractConverter; L0 L9 0
    LOCALVARIABLE type Ljava/lang/Class; L0 L9 1
    LOCALVARIABLE value Ljava/lang/Object; L0 L9 2
    LOCALVARIABLE cause Ljava/lang/Throwable; L0 L9 3
    LOCALVARIABLE cex Lcom/examples/with/different/packagename/testcarver/ConversionException; L3 L9 4
    MAXSTACK = 4
    MAXLOCALS = 6

  // access flags 0x4
  protected handleMissing(Ljava/lang/Class;)Ljava/lang/Object;
    TRYCATCHBLOCK L0 L1 L2 java/lang/Throwable
   L3
    LINENUMBER 262 L3
    ALOAD 0
    GETFIELD com/examples/with/different/packagename/testcarver/AbstractConverter.useDefault : Z
    IFNE L4
    ALOAD 1
    LDC Ljava/lang/String;.class
    INVOKEVIRTUAL java/lang/Object.equals (Ljava/lang/Object;)Z
    IFEQ L5
   L4
    LINENUMBER 263 L4
    ALOAD 0
    ALOAD 1
    INVOKEVIRTUAL com/examples/with/different/packagename/testcarver/AbstractConverter.getDefault (Ljava/lang/Class;)Ljava/lang/Object;
    ASTORE 2
   L6
    LINENUMBER 264 L6
    ALOAD 0
    GETFIELD com/examples/with/different/packagename/testcarver/AbstractConverter.useDefault : Z
    IFEQ L7
    ALOAD 2
    IFNULL L7
    ALOAD 1
    ALOAD 2
    INVOKEVIRTUAL java/lang/Object.getClass ()Ljava/lang/Class;
    INVOKEVIRTUAL java/lang/Object.equals (Ljava/lang/Object;)Z
    IFNE L7
   L0
    LINENUMBER 266 L0
    ALOAD 0
    ALOAD 1
    ALOAD 0
    GETFIELD com/examples/with/different/packagename/testcarver/AbstractConverter.defaultValue : Ljava/lang/Object;
    INVOKEVIRTUAL com/examples/with/different/packagename/testcarver/AbstractConverter.convertToType (Ljava/lang/Class;Ljava/lang/Object;)Ljava/lang/Object;
    ASTORE 2
   L1
    LINENUMBER 270 L1
    GOTO L7
   L2
    LINENUMBER 267 L2
    ASTORE 3
   L8
    LINENUMBER 268 L8
    GETSTATIC java/lang/System.err : Ljava/io/PrintStream;
    NEW java/lang/StringBuilder
    DUP
    INVOKESPECIAL java/lang/StringBuilder.<init> ()V
    LDC "    Default conversion to "
    INVOKEVIRTUAL java/lang/StringBuilder.append (Ljava/lang/String;)Ljava/lang/StringBuilder;
    ALOAD 0
    ALOAD 1
    INVOKEVIRTUAL com/examples/with/different/packagename/testcarver/AbstractConverter.toString (Ljava/lang/Class;)Ljava/lang/String;
    INVOKEVIRTUAL java/lang/StringBuilder.append (Ljava/lang/String;)Ljava/lang/StringBuilder;
    LDC "failed: "
    INVOKEVIRTUAL java/lang/StringBuilder.append (Ljava/lang/String;)Ljava/lang/StringBuilder;
    ALOAD 3
    INVOKEVIRTUAL java/lang/StringBuilder.append (Ljava/lang/Object;)Ljava/lang/StringBuilder;
    INVOKEVIRTUAL java/lang/StringBuilder.toString ()Ljava/lang/String;
    INVOKEVIRTUAL java/io/PrintStream.println (Ljava/lang/String;)V
   L7
    LINENUMBER 272 L7
    ALOAD 2
    ARETURN
   L5
    LINENUMBER 275 L5
    NEW com/examples/with/different/packagename/testcarver/ConversionException
    DUP
    NEW java/lang/StringBuilder
    DUP
    INVOKESPECIAL java/lang/StringBuilder.<init> ()V
    LDC "No value specified for '"
    INVOKEVIRTUAL java/lang/StringBuilder.append (Ljava/lang/String;)Ljava/lang/StringBuilder;
    ALOAD 0
    ALOAD 1
   L9
    LINENUMBER 276 L9
    INVOKEVIRTUAL com/examples/with/different/packagename/testcarver/AbstractConverter.toString (Ljava/lang/Class;)Ljava/lang/String;
    INVOKEVIRTUAL java/lang/StringBuilder.append (Ljava/lang/String;)Ljava/lang/StringBuilder;
    LDC "'"
    INVOKEVIRTUAL java/lang/StringBuilder.append (Ljava/lang/String;)Ljava/lang/StringBuilder;
    INVOKEVIRTUAL java/lang/StringBuilder.toString ()Ljava/lang/String;
    INVOKESPECIAL com/examples/with/different/packagename/testcarver/ConversionException.<init> (Ljava/lang/String;)V
    ASTORE 2
   L10
    LINENUMBER 277 L10
    ALOAD 2
    ATHROW
   L11
    LOCALVARIABLE t Ljava/lang/Throwable; L8 L7 3
    LOCALVARIABLE value Ljava/lang/Object; L6 L5 2
    LOCALVARIABLE this Lcom/examples/with/different/packagename/testcarver/AbstractConverter; L3 L11 0
    LOCALVARIABLE type Ljava/lang/Class; L3 L11 1
    LOCALVARIABLE cex Lcom/examples/with/different/packagename/testcarver/ConversionException; L10 L11 2
    MAXSTACK = 5
    MAXLOCALS = 4

  // access flags 0x4
  protected setDefaultValue(Ljava/lang/Object;)V
   L0
    LINENUMBER 295 L0
    ALOAD 0
    ICONST_0
    PUTFIELD com/examples/with/different/packagename/testcarver/AbstractConverter.useDefault : Z
   L1
    LINENUMBER 296 L1
    ALOAD 1
    IFNONNULL L2
   L3
    LINENUMBER 297 L3
    ALOAD 0
    ACONST_NULL
    PUTFIELD com/examples/with/different/packagename/testcarver/AbstractConverter.defaultValue : Ljava/lang/Object;
    GOTO L4
   L2
    LINENUMBER 299 L2
    ALOAD 0
    ALOAD 0
    ALOAD 0
    INVOKEVIRTUAL com/examples/with/different/packagename/testcarver/AbstractConverter.getDefaultType ()Ljava/lang/Class;
    ALOAD 1
    INVOKEVIRTUAL com/examples/with/different/packagename/testcarver/AbstractConverter.convert (Ljava/lang/Class;Ljava/lang/Object;)Ljava/lang/Object;
    PUTFIELD com/examples/with/different/packagename/testcarver/AbstractConverter.defaultValue : Ljava/lang/Object;
   L4
    LINENUMBER 301 L4
    ALOAD 0
    ICONST_1
    PUTFIELD com/examples/with/different/packagename/testcarver/AbstractConverter.useDefault : Z
   L5
    LINENUMBER 302 L5
    RETURN
   L6
    LOCALVARIABLE this Lcom/examples/with/different/packagename/testcarver/AbstractConverter; L0 L6 0
    LOCALVARIABLE defaultValue Ljava/lang/Object; L0 L6 1
    MAXSTACK = 4
    MAXLOCALS = 2

  // access flags 0x404
  protected abstract getDefaultType()Ljava/lang/Class;

  // access flags 0x4
  protected getDefault(Ljava/lang/Class;)Ljava/lang/Object;
   L0
    LINENUMBER 319 L0
    ALOAD 1
    LDC Ljava/lang/String;.class
    INVOKEVIRTUAL java/lang/Object.equals (Ljava/lang/Object;)Z
    IFEQ L1
   L2
    LINENUMBER 320 L2
    ACONST_NULL
    ARETURN
   L1
    LINENUMBER 322 L1
    ALOAD 0
    GETFIELD com/examples/with/different/packagename/testcarver/AbstractConverter.defaultValue : Ljava/lang/Object;
    ARETURN
   L3
    LOCALVARIABLE this Lcom/examples/with/different/packagename/testcarver/AbstractConverter; L0 L3 0
    LOCALVARIABLE type Ljava/lang/Class; L0 L3 1
    MAXSTACK = 2
    MAXLOCALS = 2

  // access flags 0x2
  private _sw_prototype_original_toString()Ljava/lang/String;
   L0
    LINENUMBER 332 L0
    NEW java/lang/StringBuilder
    DUP
    INVOKESPECIAL java/lang/StringBuilder.<init> ()V
    ALOAD 0
    ALOAD 0
    INVOKEVIRTUAL java/lang/Object.getClass ()Ljava/lang/Class;
    INVOKEVIRTUAL com/examples/with/different/packagename/testcarver/AbstractConverter.toString (Ljava/lang/Class;)Ljava/lang/String;
    INVOKEVIRTUAL java/lang/StringBuilder.append (Ljava/lang/String;)Ljava/lang/StringBuilder;
    LDC "[UseDefault="
    INVOKEVIRTUAL java/lang/StringBuilder.append (Ljava/lang/String;)Ljava/lang/StringBuilder;
    ALOAD 0
    DUP
    GETFIELD com/examples/with/different/packagename/testcarver/AbstractConverter.useDefault : Z
    SWAP
    LDC -2147483610
    LDC "com/examples/with/different/packagename/testcarver/AbstractConverter"
    LDC "useDefault"
    LDC "Z"
    INVOKESTATIC org/evosuite/testcarver/capture/FieldRegistry.notifyReadAccess (Ljava/lang/Object;ILjava/lang/String;Ljava/lang/String;Ljava/lang/String;)V
    INVOKEVIRTUAL java/lang/StringBuilder.append (Z)Ljava/lang/StringBuilder;
    LDC "]"
    INVOKEVIRTUAL java/lang/StringBuilder.append (Ljava/lang/String;)Ljava/lang/StringBuilder;
    INVOKEVIRTUAL java/lang/StringBuilder.toString ()Ljava/lang/String;
    ARETURN
   L1
    LOCALVARIABLE this Lcom/examples/with/different/packagename/testcarver/AbstractConverter; L0 L1 0
    MAXSTACK = 7
    MAXLOCALS = 1

  // access flags 0x0
  primitive(Ljava/lang/Class;)Ljava/lang/Class;
   L0
    LINENUMBER 344 L0
    ALOAD 1
    IFNULL L1
    ALOAD 1
    INVOKEVIRTUAL java/lang/Class.isPrimitive ()Z
    IFNE L2
   L1
    LINENUMBER 345 L1
    ALOAD 1
    ARETURN
   L2
    LINENUMBER 348 L2
    ALOAD 1
    GETSTATIC java/lang/Integer.TYPE : Ljava/lang/Class;
    IF_ACMPNE L3
   L4
    LINENUMBER 349 L4
    LDC Ljava/lang/Integer;.class
    ARETURN
   L3
    LINENUMBER 350 L3
    ALOAD 1
    GETSTATIC java/lang/Double.TYPE : Ljava/lang/Class;
    IF_ACMPNE L5
   L6
    LINENUMBER 351 L6
    LDC Ljava/lang/Double;.class
    ARETURN
   L5
    LINENUMBER 352 L5
    ALOAD 1
    GETSTATIC java/lang/Long.TYPE : Ljava/lang/Class;
    IF_ACMPNE L7
   L8
    LINENUMBER 353 L8
    LDC Ljava/lang/Long;.class
    ARETURN
   L7
    LINENUMBER 354 L7
    ALOAD 1
    GETSTATIC java/lang/Boolean.TYPE : Ljava/lang/Class;
    IF_ACMPNE L9
   L10
    LINENUMBER 355 L10
    LDC Ljava/lang/Boolean;.class
    ARETURN
   L9
    LINENUMBER 356 L9
    ALOAD 1
    GETSTATIC java/lang/Float.TYPE : Ljava/lang/Class;
    IF_ACMPNE L11
   L12
    LINENUMBER 357 L12
    LDC Ljava/lang/Float;.class
    ARETURN
   L11
    LINENUMBER 358 L11
    ALOAD 1
    GETSTATIC java/lang/Short.TYPE : Ljava/lang/Class;
    IF_ACMPNE L13
   L14
    LINENUMBER 359 L14
    LDC Ljava/lang/Short;.class
    ARETURN
   L13
    LINENUMBER 360 L13
    ALOAD 1
    GETSTATIC java/lang/Byte.TYPE : Ljava/lang/Class;
    IF_ACMPNE L15
   L16
    LINENUMBER 361 L16
    LDC Ljava/lang/Byte;.class
    ARETURN
   L15
    LINENUMBER 362 L15
    ALOAD 1
    GETSTATIC java/lang/Character.TYPE : Ljava/lang/Class;
    IF_ACMPNE L17
   L18
    LINENUMBER 363 L18
    LDC Ljava/lang/Character;.class
    ARETURN
   L17
    LINENUMBER 365 L17
    ALOAD 1
    ARETURN
   L19
    LOCALVARIABLE this Lcom/examples/with/different/packagename/testcarver/AbstractConverter; L0 L19 0
    LOCALVARIABLE type Ljava/lang/Class; L0 L19 1
    MAXSTACK = 2
    MAXLOCALS = 2

  // access flags 0x0
  toString(Ljava/lang/Class;)Ljava/lang/String;
   L0
    LINENUMBER 376 L0
    ACONST_NULL
    ASTORE 2
   L1
    LINENUMBER 377 L1
    ALOAD 1
    IFNONNULL L2
   L3
    LINENUMBER 378 L3
    LDC "null"
    ASTORE 2
    GOTO L4
   L2
    LINENUMBER 379 L2
    ALOAD 1
    INVOKEVIRTUAL java/lang/Class.isArray ()Z
    IFEQ L5
   L6
    LINENUMBER 380 L6
    ALOAD 1
    INVOKEVIRTUAL java/lang/Class.getComponentType ()Ljava/lang/Class;
    ASTORE 3
   L7
    LINENUMBER 381 L7
    ICONST_1
    ISTORE 4
   L8
    LINENUMBER 382 L8
    ALOAD 3
    INVOKEVIRTUAL java/lang/Class.isArray ()Z
    IFEQ L9
   L10
    LINENUMBER 383 L10
    ALOAD 3
    INVOKEVIRTUAL java/lang/Class.getComponentType ()Ljava/lang/Class;
    ASTORE 3
   L11
    LINENUMBER 384 L11
    IINC 4 1
    GOTO L8
   L9
    LINENUMBER 386 L9
    ALOAD 3
    INVOKEVIRTUAL java/lang/Class.getName ()Ljava/lang/String;
    ASTORE 2
   L12
    LINENUMBER 387 L12
    ICONST_0
    ISTORE 5
   L13
    ILOAD 5
    ILOAD 4
    IF_ICMPGE L14
   L15
    LINENUMBER 388 L15
    NEW java/lang/StringBuilder
    DUP
    INVOKESPECIAL java/lang/StringBuilder.<init> ()V
    ALOAD 2
    INVOKEVIRTUAL java/lang/StringBuilder.append (Ljava/lang/String;)Ljava/lang/StringBuilder;
    LDC "[]"
    INVOKEVIRTUAL java/lang/StringBuilder.append (Ljava/lang/String;)Ljava/lang/StringBuilder;
    INVOKEVIRTUAL java/lang/StringBuilder.toString ()Ljava/lang/String;
    ASTORE 2
   L16
    LINENUMBER 387 L16
    IINC 5 1
    GOTO L13
   L14
    LINENUMBER 390 L14
    GOTO L4
   L5
    LINENUMBER 391 L5
    ALOAD 1
    INVOKEVIRTUAL java/lang/Class.getName ()Ljava/lang/String;
    ASTORE 2
   L4
    LINENUMBER 393 L4
    ALOAD 2
    LDC "java.lang."
    INVOKEVIRTUAL java/lang/String.startsWith (Ljava/lang/String;)Z
    IFNE L17
    ALOAD 2
    LDC "java.util."
   L18
    LINENUMBER 394 L18
    INVOKEVIRTUAL java/lang/String.startsWith (Ljava/lang/String;)Z
    IFNE L17
    ALOAD 2
    LDC "java.math."
   L19
    LINENUMBER 395 L19
    INVOKEVIRTUAL java/lang/String.startsWith (Ljava/lang/String;)Z
    IFEQ L20
   L17
    LINENUMBER 396 L17
    ALOAD 2
    LDC "java.lang."
    INVOKEVIRTUAL java/lang/String.length ()I
    INVOKEVIRTUAL java/lang/String.substring (I)Ljava/lang/String;
    ASTORE 2
    GOTO L21
   L20
    LINENUMBER 397 L20
    ALOAD 2
    LDC "org.apache.commons.beanutils.converters."
    INVOKEVIRTUAL java/lang/String.startsWith (Ljava/lang/String;)Z
    IFEQ L21
   L22
    LINENUMBER 398 L22
    ALOAD 2
    LDC "org.apache.commons.beanutils.converters."
    INVOKEVIRTUAL java/lang/String.length ()I
    INVOKEVIRTUAL java/lang/String.substring (I)Ljava/lang/String;
    ASTORE 2
   L21
    LINENUMBER 400 L21
    ALOAD 2
    ARETURN
   L23
    LOCALVARIABLE i I L13 L14 5
    LOCALVARIABLE elementType Ljava/lang/Class; L7 L14 3
    LOCALVARIABLE count I L8 L14 4
    LOCALVARIABLE this Lcom/examples/with/different/packagename/testcarver/AbstractConverter; L0 L23 0
    LOCALVARIABLE type Ljava/lang/Class; L0 L23 1
    LOCALVARIABLE typeName Ljava/lang/String; L1 L23 2
    MAXSTACK = 2
    MAXLOCALS = 6

  // access flags 0x1
  public isUseDefault()Z
    TRYCATCHBLOCK L0 L1 L2 java/lang/Throwable
    ACONST_NULL
    ASTORE 1
   L0
    LDC -2147483612
    ALOAD 0
    LDC "isUseDefault"
    LDC "()Z"
    BIPUSH 0
    ANEWARRAY java/lang/Object
    INVOKESTATIC org/evosuite/testcarver/capture/Capturer.capture (ILjava/lang/Object;Ljava/lang/String;Ljava/lang/String;[Ljava/lang/Object;)V
    ALOAD 0
    INVOKEVIRTUAL com/examples/with/different/packagename/testcarver/AbstractConverter._sw_prototype_original_isUseDefault ()Z
    INVOKESTATIC java/lang/Boolean.valueOf (Z)Ljava/lang/Boolean;
    ASTORE 1
    ALOAD 1
    INVOKEVIRTUAL java/lang/Boolean.booleanValue ()Z
    ISTORE 3
   L1
    LDC -2147483612
    ALOAD 0
    ALOAD 1
    INVOKESTATIC org/evosuite/testcarver/capture/Capturer.enable (ILjava/lang/Object;Ljava/lang/Object;)V
    ILOAD 3
    IRETURN
   L2
   FRAME FULL [com/examples/with/different/packagename/testcarver/AbstractConverter java/lang/Boolean] [java/lang/Throwable]
    ASTORE 2
    LDC -2147483612
    ALOAD 0
    ALOAD 1
    INVOKESTATIC org/evosuite/testcarver/capture/Capturer.enable (ILjava/lang/Object;Ljava/lang/Object;)V
    ALOAD 2
    ATHROW
    MAXSTACK = 5
    MAXLOCALS = 0

  // access flags 0x1
  public convert(Ljava/lang/Class;Ljava/lang/Object;)Ljava/lang/Object;
    TRYCATCHBLOCK L0 L1 L2 java/lang/Throwable
    ACONST_NULL
    ASTORE 3
   L0
    LDC -2147483611
    ALOAD 0
    LDC "convert"
    LDC "(Ljava/lang/Class;Ljava/lang/Object;)Ljava/lang/Object;"
    BIPUSH 2
    ANEWARRAY java/lang/Object
    DUP
    BIPUSH 0
    ALOAD 1
    AASTORE
    DUP
    BIPUSH 1
    ALOAD 2
    AASTORE
    INVOKESTATIC org/evosuite/testcarver/capture/Capturer.capture (ILjava/lang/Object;Ljava/lang/String;Ljava/lang/String;[Ljava/lang/Object;)V
    ALOAD 0
    ALOAD 1
    ALOAD 2
    INVOKEVIRTUAL com/examples/with/different/packagename/testcarver/AbstractConverter._sw_prototype_original_convert (Ljava/lang/Class;Ljava/lang/Object;)Ljava/lang/Object;
    ASTORE 3
    ALOAD 3
    ASTORE 5
   L1
    LDC -2147483611
    ALOAD 0
    ALOAD 3
    INVOKESTATIC org/evosuite/testcarver/capture/Capturer.enable (ILjava/lang/Object;Ljava/lang/Object;)V
    ALOAD 5
    ARETURN
   L2
   FRAME FULL [com/examples/with/different/packagename/testcarver/AbstractConverter java/lang/Object] [java/lang/Throwable]
    ASTORE 4
    LDC -2147483611
    ALOAD 0
    ALOAD 3
    INVOKESTATIC org/evosuite/testcarver/capture/Capturer.enable (ILjava/lang/Object;Ljava/lang/Object;)V
    ALOAD 4
    ATHROW
    MAXSTACK = 8
    MAXLOCALS = 0

  // access flags 0x1
  public toString()Ljava/lang/String;
    TRYCATCHBLOCK L0 L1 L2 java/lang/Throwable
    ACONST_NULL
    ASTORE 1
   L0
    LDC -2147483609
    ALOAD 0
    LDC "toString"
    LDC "()Ljava/lang/String;"
    BIPUSH 0
    ANEWARRAY java/lang/Object
    INVOKESTATIC org/evosuite/testcarver/capture/Capturer.capture (ILjava/lang/Object;Ljava/lang/String;Ljava/lang/String;[Ljava/lang/Object;)V
    ALOAD 0
    INVOKEVIRTUAL com/examples/with/different/packagename/testcarver/AbstractConverter._sw_prototype_original_toString ()Ljava/lang/String;
    ASTORE 1
    ALOAD 1
    ASTORE 3
   L1
    LDC -2147483609
    ALOAD 0
    ALOAD 1
    INVOKESTATIC org/evosuite/testcarver/capture/Capturer.enable (ILjava/lang/Object;Ljava/lang/Object;)V
    ALOAD 3
    ARETURN
   L2
   FRAME FULL [com/examples/with/different/packagename/testcarver/AbstractConverter java/lang/String] [java/lang/Throwable]
    ASTORE 2
    LDC -2147483609
    ALOAD 0
    ALOAD 1
    INVOKESTATIC org/evosuite/testcarver/capture/Capturer.enable (ILjava/lang/Object;Ljava/lang/Object;)V
    ALOAD 2
    ATHROW
    MAXSTACK = 7
    MAXLOCALS = 0
}
INFO  org.evosuite.testcarver.extraction.CarvingClassLoader - Seeing class for first time: com.examples.with.different.packagename.testcarver.Converter
WARN  org.evosuite.testcarver.extraction.CarvingClassLoader - Instrumenting class 'com.examples.with.different.packagename.testcarver.Converter'.
INFO  org.evosuite.testcarver.extraction.CarvingClassLoader - Keeping class: com.examples.with.different.packagename.testcarver.Converter
INFO  org.evosuite.testcarver.extraction.CarvingClassLoader - Keeping class: com.examples.with.different.packagename.testcarver.AbstractConverter
INFO  org.evosuite.testcarver.extraction.CarvingClassLoader - Keeping class: com.examples.with.different.packagename.testcarver.DateTimeConverter
INFO  org.evosuite.testcarver.extraction.CarvingClassLoader - Keeping class: com.examples.with.different.packagename.testcarver.DateConverter
INFO  org.evosuite.testcarver.extraction.CarvingClassLoader - Seeing class for first time: com.examples.with.different.packagename.testcarver.DateConverterTest7
WARN  org.evosuite.testcarver.extraction.CarvingClassLoader - Instrumenting class 'com.examples.with.different.packagename.testcarver.DateConverterTest7'.
INFO  org.evosuite.testcarver.instrument.Instrumenter - Checking package com.examples.with.different.packagename.testcarver for class com/examples/with/different/packagename/testcarver/DateConverterTest7
// class version 52.0 (52)
// access flags 0x21
public class com/examples/with/different/packagename/testcarver/DateConverterTest7 {

  // compiled from: DateConverterTest7.java

  // access flags 0x2
  private _sw_prototype_original_init_sw_prototype_original_()V
    ALOAD 0
    INVOKESTATIC org/evosuite/testcarver/capture/FieldRegistry.register (Ljava/lang/Object;)V
    RETURN
   L0
    LOCALVARIABLE this Lcom/examples/with/different/packagename/testcarver/DateConverterTest7; L1 L0 0
    MAXSTACK = 5
    MAXLOCALS = 1

  // access flags 0x4
  protected makeConverter()Lcom/examples/with/different/packagename/testcarver/DateTimeConverter;
   L0
    LINENUMBER 41 L0
    NEW com/examples/with/different/packagename/testcarver/DateConverter
    DUP
    INVOKESPECIAL com/examples/with/different/packagename/testcarver/DateConverter.<init> ()V
    ARETURN
   L1
    LOCALVARIABLE this Lcom/examples/with/different/packagename/testcarver/DateConverterTest7; L0 L1 0
    MAXSTACK = 2
    MAXLOCALS = 1

  // access flags 0x4
  protected makeConverter(Ljava/lang/Object;)Lcom/examples/with/different/packagename/testcarver/DateTimeConverter;
   L0
    LINENUMBER 51 L0
    NEW com/examples/with/different/packagename/testcarver/DateConverter
    DUP
    ALOAD 1
    INVOKESPECIAL com/examples/with/different/packagename/testcarver/DateConverter.<init> (Ljava/lang/Object;)V
    ARETURN
   L1
    LOCALVARIABLE this Lcom/examples/with/different/packagename/testcarver/DateConverterTest7; L0 L1 0
    LOCALVARIABLE defaultValue Ljava/lang/Object; L0 L1 1
    MAXSTACK = 3
    MAXLOCALS = 2

  // access flags 0x4
  // signature ()Ljava/lang/Class<*>;
  // declaration: java.lang.Class<?> getExpectedType()
  protected getExpectedType()Ljava/lang/Class;
   L0
    LINENUMBER 60 L0
    LDC Ljava/util/Date;.class
    ARETURN
   L1
    LOCALVARIABLE this Lcom/examples/with/different/packagename/testcarver/DateConverterTest7; L0 L1 0
    MAXSTACK = 1
    MAXLOCALS = 1

  // access flags 0x0
  getTimeInMillis(Ljava/lang/Object;)J
   L0
    LINENUMBER 71 L0
    ALOAD 1
    INSTANCEOF java/sql/Timestamp
    IFEQ L1
   L2
    LINENUMBER 76 L2
    ALOAD 1
    CHECKCAST java/sql/Timestamp
    ASTORE 2
   L3
    LINENUMBER 77 L3
    ALOAD 2
    INVOKEVIRTUAL java/sql/Timestamp.getTime ()J
    LDC 1000L
    LDIV
    LDC 1000L
    LMUL
    LSTORE 3
   L4
    LINENUMBER 78 L4
    LLOAD 3
    ALOAD 2
    INVOKEVIRTUAL java/sql/Timestamp.getNanos ()I
    LDC 1000000
    IDIV
    I2L
    LADD
    LSTORE 3
   L5
    LINENUMBER 79 L5
    LLOAD 3
    LRETURN
   L1
    LINENUMBER 82 L1
    ALOAD 1
    INSTANCEOF java/util/Calendar
    IFEQ L6
   L7
    LINENUMBER 83 L7
    ALOAD 1
    CHECKCAST org/evosuite/testcarver/wrapper/java/util/Calendar
    INVOKESTATIC org/evosuite/testcarver/wrapper/java/util/Calendar.getTime (Ljava/util/Calendar;)Ljava/util/Date;
    INVOKEVIRTUAL java/util/Date.getTime ()J
    LRETURN
   L6
    LINENUMBER 85 L6
    ALOAD 1
    CHECKCAST org/evosuite/testcarver/wrapper/java/util/Date
    INVOKEVIRTUAL java/util/Date.getTime ()J
    LRETURN
   L8
    LOCALVARIABLE timestamp Ljava/sql/Timestamp; L3 L1 2
    LOCALVARIABLE timeInMillis J L4 L1 3
    LOCALVARIABLE this Lcom/examples/with/different/packagename/testcarver/DateConverterTest7; L0 L8 0
    LOCALVARIABLE date Ljava/lang/Object; L0 L8 1
    MAXSTACK = 4
    MAXLOCALS = 5

  // access flags 0x0
  validConversion(Lcom/examples/with/different/packagename/testcarver/Converter;Ljava/lang/Object;Ljava/lang/Object;)V
    TRYCATCHBLOCK L0 L1 L2 java/lang/Exception
   L3
    LINENUMBER 98 L3
    ALOAD 3
    IFNONNULL L4
    LDC "null"
    GOTO L5
   L4
    ALOAD 3
    INVOKEVIRTUAL java/lang/Object.getClass ()Ljava/lang/Class;
    INVOKEVIRTUAL java/lang/Class.getName ()Ljava/lang/String;
   L5
    ASTORE 4
   L6
    LINENUMBER 99 L6
    NEW java/lang/StringBuilder
    DUP
    INVOKESPECIAL java/lang/StringBuilder.<init> ()V
    LDC "Converting '"
    INVOKEVIRTUAL java/lang/StringBuilder.append (Ljava/lang/String;)Ljava/lang/StringBuilder;
    ALOAD 4
    INVOKEVIRTUAL java/lang/StringBuilder.append (Ljava/lang/String;)Ljava/lang/StringBuilder;
    LDC "' value '"
    INVOKEVIRTUAL java/lang/StringBuilder.append (Ljava/lang/String;)Ljava/lang/StringBuilder;
    ALOAD 3
    INVOKEVIRTUAL java/lang/StringBuilder.append (Ljava/lang/Object;)Ljava/lang/StringBuilder;
    LDC "'"
    INVOKEVIRTUAL java/lang/StringBuilder.append (Ljava/lang/String;)Ljava/lang/StringBuilder;
    INVOKEVIRTUAL java/lang/StringBuilder.toString ()Ljava/lang/String;
    ASTORE 5
   L0
    LINENUMBER 101 L0
    ALOAD 1
    ALOAD 0
    INVOKEVIRTUAL com/examples/with/different/packagename/testcarver/DateConverterTest7.getExpectedType ()Ljava/lang/Class;
    ALOAD 3
    INVOKEINTERFACE com/examples/with/different/packagename/testcarver/Converter.convert (Ljava/lang/Class;Ljava/lang/Object;)Ljava/lang/Object; (itf)
    ASTORE 6
   L7
    LINENUMBER 102 L7
    ALOAD 6
    IFNONNULL L8
    ACONST_NULL
    GOTO L9
   L8
    ALOAD 6
    INVOKEVIRTUAL java/lang/Object.getClass ()Ljava/lang/Class;
   L9
    ASTORE 7
   L10
    LINENUMBER 103 L10
    ALOAD 2
    IFNONNULL L11
    ACONST_NULL
    GOTO L12
   L11
    ALOAD 2
    INVOKEVIRTUAL java/lang/Object.getClass ()Ljava/lang/Class;
   L12
    ASTORE 8
   L13
    LINENUMBER 104 L13
    NEW java/lang/StringBuilder
    DUP
    INVOKESPECIAL java/lang/StringBuilder.<init> ()V
    LDC "TYPE "
    INVOKEVIRTUAL java/lang/StringBuilder.append (Ljava/lang/String;)Ljava/lang/StringBuilder;
    ALOAD 5
    INVOKEVIRTUAL java/lang/StringBuilder.append (Ljava/lang/String;)Ljava/lang/StringBuilder;
    INVOKEVIRTUAL java/lang/StringBuilder.toString ()Ljava/lang/String;
    ALOAD 8
    ALOAD 7
    INVOKESTATIC org/junit/Assert.assertEquals (Ljava/lang/String;Ljava/lang/Object;Ljava/lang/Object;)V
   L14
    LINENUMBER 105 L14
    ALOAD 2
    INSTANCEOF java/util/Date
    ISTORE 9
   L15
    LINENUMBER 106 L15
    ALOAD 6
    INSTANCEOF java/util/Date
    ISTORE 10
   L16
    LINENUMBER 107 L16
    ALOAD 2
    CHECKCAST org/evosuite/testcarver/wrapper/java/util/Date
    INVOKEVIRTUAL java/util/Date.getTime ()J
    LSTORE 11
   L17
    LINENUMBER 108 L17
    ALOAD 6
    CHECKCAST org/evosuite/testcarver/wrapper/java/util/Date
    INVOKEVIRTUAL java/util/Date.getTime ()J
    LSTORE 13
   L18
    LINENUMBER 109 L18
    NEW java/lang/StringBuilder
    DUP
    INVOKESPECIAL java/lang/StringBuilder.<init> ()V
    LDC "VALUE "
    INVOKEVIRTUAL java/lang/StringBuilder.append (Ljava/lang/String;)Ljava/lang/StringBuilder;
    ALOAD 5
    INVOKEVIRTUAL java/lang/StringBuilder.append (Ljava/lang/String;)Ljava/lang/StringBuilder;
    LDC ", "
    INVOKEVIRTUAL java/lang/StringBuilder.append (Ljava/lang/String;)Ljava/lang/StringBuilder;
    ILOAD 9
    INVOKEVIRTUAL java/lang/StringBuilder.append (Z)Ljava/lang/StringBuilder;
    LDC ", "
    INVOKEVIRTUAL java/lang/StringBuilder.append (Ljava/lang/String;)Ljava/lang/StringBuilder;
    ILOAD 10
    INVOKEVIRTUAL java/lang/StringBuilder.append (Z)Ljava/lang/StringBuilder;
    LDC ", "
    INVOKEVIRTUAL java/lang/StringBuilder.append (Ljava/lang/String;)Ljava/lang/StringBuilder;
    LLOAD 11
    INVOKEVIRTUAL java/lang/StringBuilder.append (J)Ljava/lang/StringBuilder;
    LDC ", "
    INVOKEVIRTUAL java/lang/StringBuilder.append (Ljava/lang/String;)Ljava/lang/StringBuilder;
    LLOAD 13
    INVOKEVIRTUAL java/lang/StringBuilder.append (J)Ljava/lang/StringBuilder;
    INVOKEVIRTUAL java/lang/StringBuilder.toString ()Ljava/lang/String;
    ALOAD 2
    ALOAD 6
    INVOKESTATIC org/junit/Assert.assertEquals (Ljava/lang/String;Ljava/lang/Object;Ljava/lang/Object;)V
   L1
    LINENUMBER 112 L1
    GOTO L19
   L2
    LINENUMBER 110 L2
    ASTORE 6
   L20
    LINENUMBER 111 L20
    NEW java/lang/StringBuilder
    DUP
    INVOKESPECIAL java/lang/StringBuilder.<init> ()V
    ALOAD 5
    INVOKEVIRTUAL java/lang/StringBuilder.append (Ljava/lang/String;)Ljava/lang/StringBuilder;
    LDC " threw "
    INVOKEVIRTUAL java/lang/StringBuilder.append (Ljava/lang/String;)Ljava/lang/StringBuilder;
    ALOAD 6
    INVOKEVIRTUAL java/lang/Exception.toString ()Ljava/lang/String;
    INVOKEVIRTUAL java/lang/StringBuilder.append (Ljava/lang/String;)Ljava/lang/StringBuilder;
    INVOKEVIRTUAL java/lang/StringBuilder.toString ()Ljava/lang/String;
    INVOKESTATIC org/junit/Assert.fail (Ljava/lang/String;)V
   L19
    LINENUMBER 113 L19
    RETURN
   L21
    LOCALVARIABLE result Ljava/lang/Object; L7 L1 6
    LOCALVARIABLE resultType Ljava/lang/Class; L10 L1 7
    // signature Ljava/lang/Class<*>;
    // declaration: resultType extends java.lang.Class<?>
    LOCALVARIABLE expectType Ljava/lang/Class; L13 L1 8
    // signature Ljava/lang/Class<*>;
    // declaration: expectType extends java.lang.Class<?>
    LOCALVARIABLE v1 Z L15 L1 9
    LOCALVARIABLE v2 Z L16 L1 10
    LOCALVARIABLE t1 J L17 L1 11
    LOCALVARIABLE t2 J L18 L1 13
    LOCALVARIABLE ex Ljava/lang/Exception; L20 L19 6
    LOCALVARIABLE this Lcom/examples/with/different/packagename/testcarver/DateConverterTest7; L3 L21 0
    LOCALVARIABLE converter Lcom/examples/with/different/packagename/testcarver/Converter; L3 L21 1
    LOCALVARIABLE expected Ljava/lang/Object; L3 L21 2
    LOCALVARIABLE value Ljava/lang/Object; L3 L21 3
    LOCALVARIABLE valueType Ljava/lang/String; L6 L21 4
    LOCALVARIABLE msg Ljava/lang/String; L0 L21 5
    MAXSTACK = 3
    MAXLOCALS = 15

  // access flags 0x0
  stringConversion(Lcom/examples/with/different/packagename/testcarver/Converter;Ljava/lang/String;Ljava/lang/Object;)V
    TRYCATCHBLOCK L0 L1 L2 java/lang/Exception
   L3
    LINENUMBER 123 L3
    ALOAD 3
    IFNONNULL L4
    LDC "null"
    GOTO L5
   L4
    ALOAD 3
    INVOKEVIRTUAL java/lang/Object.getClass ()Ljava/lang/Class;
    INVOKEVIRTUAL java/lang/Class.getName ()Ljava/lang/String;
   L5
    ASTORE 4
   L6
    LINENUMBER 124 L6
    NEW java/lang/StringBuilder
    DUP
    INVOKESPECIAL java/lang/StringBuilder.<init> ()V
    LDC "Converting '"
    INVOKEVIRTUAL java/lang/StringBuilder.append (Ljava/lang/String;)Ljava/lang/StringBuilder;
    ALOAD 4
    INVOKEVIRTUAL java/lang/StringBuilder.append (Ljava/lang/String;)Ljava/lang/StringBuilder;
    LDC "' value '"
    INVOKEVIRTUAL java/lang/StringBuilder.append (Ljava/lang/String;)Ljava/lang/StringBuilder;
    ALOAD 3
    INVOKEVIRTUAL java/lang/StringBuilder.append (Ljava/lang/Object;)Ljava/lang/StringBuilder;
    LDC "' to String"
    INVOKEVIRTUAL java/lang/StringBuilder.append (Ljava/lang/String;)Ljava/lang/StringBuilder;
    INVOKEVIRTUAL java/lang/StringBuilder.toString ()Ljava/lang/String;
    ASTORE 5
   L0
    LINENUMBER 126 L0
    ALOAD 1
    LDC Ljava/lang/String;.class
    ALOAD 3
    INVOKEINTERFACE com/examples/with/different/packagename/testcarver/Converter.convert (Ljava/lang/Class;Ljava/lang/Object;)Ljava/lang/Object; (itf)
    ASTORE 6
   L7
    LINENUMBER 127 L7
    ALOAD 6
    IFNONNULL L8
    ACONST_NULL
    GOTO L9
   L8
    ALOAD 6
    INVOKEVIRTUAL java/lang/Object.getClass ()Ljava/lang/Class;
   L9
    ASTORE 7
   L10
    LINENUMBER 128 L10
    ALOAD 2
    IFNONNULL L11
    ACONST_NULL
    GOTO L12
   L11
    ALOAD 2
    INVOKEVIRTUAL java/lang/Object.getClass ()Ljava/lang/Class;
   L12
    ASTORE 8
   L13
    LINENUMBER 129 L13
    NEW java/lang/StringBuilder
    DUP
    INVOKESPECIAL java/lang/StringBuilder.<init> ()V
    LDC "TYPE "
    INVOKEVIRTUAL java/lang/StringBuilder.append (Ljava/lang/String;)Ljava/lang/StringBuilder;
    ALOAD 5
    INVOKEVIRTUAL java/lang/StringBuilder.append (Ljava/lang/String;)Ljava/lang/StringBuilder;
    INVOKEVIRTUAL java/lang/StringBuilder.toString ()Ljava/lang/String;
    ALOAD 8
    ALOAD 7
    INVOKESTATIC org/junit/Assert.assertEquals (Ljava/lang/String;Ljava/lang/Object;Ljava/lang/Object;)V
   L14
    LINENUMBER 130 L14
    NEW java/lang/StringBuilder
    DUP
    INVOKESPECIAL java/lang/StringBuilder.<init> ()V
    LDC "VALUE "
    INVOKEVIRTUAL java/lang/StringBuilder.append (Ljava/lang/String;)Ljava/lang/StringBuilder;
    ALOAD 5
    INVOKEVIRTUAL java/lang/StringBuilder.append (Ljava/lang/String;)Ljava/lang/StringBuilder;
    INVOKEVIRTUAL java/lang/StringBuilder.toString ()Ljava/lang/String;
    ALOAD 2
    ALOAD 6
    INVOKESTATIC org/junit/Assert.assertEquals (Ljava/lang/String;Ljava/lang/Object;Ljava/lang/Object;)V
   L1
    LINENUMBER 133 L1
    GOTO L15
   L2
    LINENUMBER 131 L2
    ASTORE 6
   L16
    LINENUMBER 132 L16
    NEW java/lang/StringBuilder
    DUP
    INVOKESPECIAL java/lang/StringBuilder.<init> ()V
    ALOAD 5
    INVOKEVIRTUAL java/lang/StringBuilder.append (Ljava/lang/String;)Ljava/lang/StringBuilder;
    LDC " threw "
    INVOKEVIRTUAL java/lang/StringBuilder.append (Ljava/lang/String;)Ljava/lang/StringBuilder;
    ALOAD 6
    INVOKEVIRTUAL java/lang/Exception.toString ()Ljava/lang/String;
    INVOKEVIRTUAL java/lang/StringBuilder.append (Ljava/lang/String;)Ljava/lang/StringBuilder;
    INVOKEVIRTUAL java/lang/StringBuilder.toString ()Ljava/lang/String;
    INVOKESTATIC org/junit/Assert.fail (Ljava/lang/String;)V
   L15
    LINENUMBER 134 L15
    RETURN
   L17
    LOCALVARIABLE result Ljava/lang/Object; L7 L1 6
    LOCALVARIABLE resultType Ljava/lang/Class; L10 L1 7
    // signature Ljava/lang/Class<*>;
    // declaration: resultType extends java.lang.Class<?>
    LOCALVARIABLE expectType Ljava/lang/Class; L13 L1 8
    // signature Ljava/lang/Class<*>;
    // declaration: expectType extends java.lang.Class<?>
    LOCALVARIABLE ex Ljava/lang/Exception; L16 L15 6
    LOCALVARIABLE this Lcom/examples/with/different/packagename/testcarver/DateConverterTest7; L3 L17 0
    LOCALVARIABLE converter Lcom/examples/with/different/packagename/testcarver/Converter; L3 L17 1
    LOCALVARIABLE expected Ljava/lang/String; L3 L17 2
    LOCALVARIABLE value Ljava/lang/Object; L3 L17 3
    LOCALVARIABLE valueType Ljava/lang/String; L6 L17 4
    LOCALVARIABLE msg Ljava/lang/String; L0 L17 5
    MAXSTACK = 3
    MAXLOCALS = 9

  // access flags 0x0
  invalidConversion(Lcom/examples/with/different/packagename/testcarver/Converter;Ljava/lang/Object;)V
    TRYCATCHBLOCK L0 L1 L2 com/examples/with/different/packagename/testcarver/ConversionException
   L3
    LINENUMBER 143 L3
    ALOAD 2
    IFNONNULL L4
    LDC "null"
    GOTO L5
   L4
    ALOAD 2
    INVOKEVIRTUAL java/lang/Object.getClass ()Ljava/lang/Class;
    INVOKEVIRTUAL java/lang/Class.getName ()Ljava/lang/String;
   L5
    ASTORE 3
   L6
    LINENUMBER 144 L6
    NEW java/lang/StringBuilder
    DUP
    INVOKESPECIAL java/lang/StringBuilder.<init> ()V
    LDC "Converting '"
    INVOKEVIRTUAL java/lang/StringBuilder.append (Ljava/lang/String;)Ljava/lang/StringBuilder;
    ALOAD 3
    INVOKEVIRTUAL java/lang/StringBuilder.append (Ljava/lang/String;)Ljava/lang/StringBuilder;
    LDC "' value '"
    INVOKEVIRTUAL java/lang/StringBuilder.append (Ljava/lang/String;)Ljava/lang/StringBuilder;
    ALOAD 2
    INVOKEVIRTUAL java/lang/StringBuilder.append (Ljava/lang/Object;)Ljava/lang/StringBuilder;
    LDC "'"
    INVOKEVIRTUAL java/lang/StringBuilder.append (Ljava/lang/String;)Ljava/lang/StringBuilder;
    INVOKEVIRTUAL java/lang/StringBuilder.toString ()Ljava/lang/String;
    ASTORE 4
   L0
    LINENUMBER 146 L0
    ALOAD 1
    ALOAD 0
    INVOKEVIRTUAL com/examples/with/different/packagename/testcarver/DateConverterTest7.getExpectedType ()Ljava/lang/Class;
    ALOAD 2
    INVOKEINTERFACE com/examples/with/different/packagename/testcarver/Converter.convert (Ljava/lang/Class;Ljava/lang/Object;)Ljava/lang/Object; (itf)
    ASTORE 5
   L7
    LINENUMBER 147 L7
    NEW java/lang/StringBuilder
    DUP
    INVOKESPECIAL java/lang/StringBuilder.<init> ()V
    ALOAD 4
    INVOKEVIRTUAL java/lang/StringBuilder.append (Ljava/lang/String;)Ljava/lang/StringBuilder;
    LDC ", expected ConversionException, but result = '"
    INVOKEVIRTUAL java/lang/StringBuilder.append (Ljava/lang/String;)Ljava/lang/StringBuilder;
    ALOAD 5
    INVOKEVIRTUAL java/lang/StringBuilder.append (Ljava/lang/Object;)Ljava/lang/StringBuilder;
    LDC "'"
    INVOKEVIRTUAL java/lang/StringBuilder.append (Ljava/lang/String;)Ljava/lang/StringBuilder;
    INVOKEVIRTUAL java/lang/StringBuilder.toString ()Ljava/lang/String;
    INVOKESTATIC org/junit/Assert.fail (Ljava/lang/String;)V
   L1
    LINENUMBER 150 L1
    GOTO L8
   L2
    LINENUMBER 148 L2
    ASTORE 5
   L8
    LINENUMBER 151 L8
    RETURN
   L9
    LOCALVARIABLE result Ljava/lang/Object; L7 L1 5
    LOCALVARIABLE this Lcom/examples/with/different/packagename/testcarver/DateConverterTest7; L3 L9 0
    LOCALVARIABLE converter Lcom/examples/with/different/packagename/testcarver/Converter; L3 L9 1
    LOCALVARIABLE value Ljava/lang/Object; L3 L9 2
    LOCALVARIABLE valueType Ljava/lang/String; L6 L9 3
    LOCALVARIABLE msg Ljava/lang/String; L0 L9 4
    MAXSTACK = 3
    MAXLOCALS = 6

  // access flags 0x0
  toType(Ljava/lang/String;Ljava/lang/String;Ljava/util/Locale;)Ljava/lang/Object;
   L0
    LINENUMBER 162 L0
    ALOAD 0
    ALOAD 1
    ALOAD 2
    ALOAD 3
    INVOKEVIRTUAL com/examples/with/different/packagename/testcarver/DateConverterTest7.toCalendar (Ljava/lang/String;Ljava/lang/String;Ljava/util/Locale;)Ljava/util/Calendar;
    ASTORE 4
   L1
    LINENUMBER 163 L1
    ALOAD 0
    ALOAD 4
    INVOKEVIRTUAL com/examples/with/different/packagename/testcarver/DateConverterTest7.toType (Ljava/util/Calendar;)Ljava/lang/Object;
    ARETURN
   L2
    LOCALVARIABLE this Lcom/examples/with/different/packagename/testcarver/DateConverterTest7; L0 L2 0
    LOCALVARIABLE value Ljava/lang/String; L0 L2 1
    LOCALVARIABLE pattern Ljava/lang/String; L0 L2 2
    LOCALVARIABLE locale Ljava/util/Locale; L0 L2 3
    LOCALVARIABLE calendar Ljava/util/Calendar; L1 L2 4
    MAXSTACK = 4
    MAXLOCALS = 5

  // access flags 0x0
  toCalendar(Ljava/lang/String;Ljava/lang/String;Ljava/util/Locale;)Ljava/util/Calendar;
    TRYCATCHBLOCK L0 L1 L2 java/lang/Exception
   L3
    LINENUMBER 175 L3
    ACONST_NULL
    ASTORE 4
   L0
    LINENUMBER 177 L0
    ALOAD 3
    IFNONNULL L4
   L5
    LINENUMBER 178 L5
    NEW org/evosuite/testcarver/wrapper/java/text/SimpleDateFormat
    DUP
    ALOAD 2
    INVOKESPECIAL org/evosuite/testcarver/wrapper/java/text/SimpleDateFormat.<init> (Ljava/lang/String;)V
    GOTO L6
   L4
    LINENUMBER 179 L4
    NEW org/evosuite/testcarver/wrapper/java/text/SimpleDateFormat
    DUP
    ALOAD 2
    ALOAD 3
    INVOKESPECIAL org/evosuite/testcarver/wrapper/java/text/SimpleDateFormat.<init> (Ljava/lang/String;Ljava/util/Locale;)V
   L6
    ASTORE 5
   L7
    LINENUMBER 180 L7
    ALOAD 5
    ICONST_0
    INVOKEVIRTUAL java/text/DateFormat.setLenient (Z)V
   L8
    LINENUMBER 181 L8
    ALOAD 5
    ALOAD 1
    INVOKEVIRTUAL java/text/DateFormat.parse (Ljava/lang/String;)Ljava/util/Date;
    POP
   L9
    LINENUMBER 182 L9
    ALOAD 5
    INVOKEVIRTUAL java/text/DateFormat.getCalendar ()Ljava/util/Calendar;
    ASTORE 4
   L1
    LINENUMBER 186 L1
    GOTO L10
   L2
    LINENUMBER 183 L2
    ASTORE 5
   L11
    LINENUMBER 184 L11
    NEW java/lang/StringBuilder
    DUP
    INVOKESPECIAL java/lang/StringBuilder.<init> ()V
    LDC "Error creating Calendar value ='"
    INVOKEVIRTUAL java/lang/StringBuilder.append (Ljava/lang/String;)Ljava/lang/StringBuilder;
    ALOAD 1
    INVOKEVIRTUAL java/lang/StringBuilder.append (Ljava/lang/String;)Ljava/lang/StringBuilder;
    LDC ", pattern='"
    INVOKEVIRTUAL java/lang/StringBuilder.append (Ljava/lang/String;)Ljava/lang/StringBuilder;
    ALOAD 2
    INVOKEVIRTUAL java/lang/StringBuilder.append (Ljava/lang/String;)Ljava/lang/StringBuilder;
    LDC "' "
    INVOKEVIRTUAL java/lang/StringBuilder.append (Ljava/lang/String;)Ljava/lang/StringBuilder;
    ALOAD 5
   L12
    LINENUMBER 185 L12
    INVOKEVIRTUAL java/lang/Exception.toString ()Ljava/lang/String;
    INVOKEVIRTUAL java/lang/StringBuilder.append (Ljava/lang/String;)Ljava/lang/StringBuilder;
    INVOKEVIRTUAL java/lang/StringBuilder.toString ()Ljava/lang/String;
   L13
    LINENUMBER 184 L13
    INVOKESTATIC org/junit/Assert.fail (Ljava/lang/String;)V
   L10
    LINENUMBER 187 L10
    ALOAD 4
    ARETURN
   L14
    LOCALVARIABLE format Ljava/text/DateFormat; L7 L1 5
    LOCALVARIABLE e Ljava/lang/Exception; L11 L10 5
    LOCALVARIABLE this Lcom/examples/with/different/packagename/testcarver/DateConverterTest7; L3 L14 0
    LOCALVARIABLE value Ljava/lang/String; L3 L14 1
    LOCALVARIABLE pattern Ljava/lang/String; L3 L14 2
    LOCALVARIABLE locale Ljava/util/Locale; L3 L14 3
    LOCALVARIABLE calendar Ljava/util/Calendar; L0 L14 4
    MAXSTACK = 4
    MAXLOCALS = 6

  // access flags 0x0
  toDate(Ljava/util/Calendar;)Ljava/util/Date;
   L0
    LINENUMBER 197 L0
    ALOAD 1
    INVOKESTATIC org/evosuite/testcarver/wrapper/java/util/Calendar.getTime (Ljava/util/Calendar;)Ljava/util/Date;
    ARETURN
   L1
    LOCALVARIABLE this Lcom/examples/with/different/packagename/testcarver/DateConverterTest7; L0 L1 0
    LOCALVARIABLE calendar Ljava/util/Calendar; L0 L1 1
    MAXSTACK = 1
    MAXLOCALS = 2

  // access flags 0x0
  toSqlDate(Ljava/util/Calendar;)Ljava/sql/Date;
   L0
    LINENUMBER 207 L0
    NEW java/sql/Date
    DUP
    ALOAD 0
    ALOAD 1
    INVOKEVIRTUAL com/examples/with/different/packagename/testcarver/DateConverterTest7.getTimeInMillis (Ljava/lang/Object;)J
    INVOKESPECIAL java/sql/Date.<init> (J)V
    ARETURN
   L1
    LOCALVARIABLE this Lcom/examples/with/different/packagename/testcarver/DateConverterTest7; L0 L1 0
    LOCALVARIABLE calendar Ljava/util/Calendar; L0 L1 1
    MAXSTACK = 4
    MAXLOCALS = 2

  // access flags 0x0
  toSqlTime(Ljava/util/Calendar;)Ljava/sql/Time;
   L0
    LINENUMBER 217 L0
    NEW java/sql/Time
    DUP
    ALOAD 0
    ALOAD 1
    INVOKEVIRTUAL com/examples/with/different/packagename/testcarver/DateConverterTest7.getTimeInMillis (Ljava/lang/Object;)J
    INVOKESPECIAL java/sql/Time.<init> (J)V
    ARETURN
   L1
    LOCALVARIABLE this Lcom/examples/with/different/packagename/testcarver/DateConverterTest7; L0 L1 0
    LOCALVARIABLE calendar Ljava/util/Calendar; L0 L1 1
    MAXSTACK = 4
    MAXLOCALS = 2

  // access flags 0x0
  toSqlTimestamp(Ljava/util/Calendar;)Ljava/sql/Timestamp;
   L0
    LINENUMBER 227 L0
    NEW java/sql/Timestamp
    DUP
    ALOAD 0
    ALOAD 1
    INVOKEVIRTUAL com/examples/with/different/packagename/testcarver/DateConverterTest7.getTimeInMillis (Ljava/lang/Object;)J
    INVOKESPECIAL java/sql/Timestamp.<init> (J)V
    ARETURN
   L1
    LOCALVARIABLE this Lcom/examples/with/different/packagename/testcarver/DateConverterTest7; L0 L1 0
    LOCALVARIABLE calendar Ljava/util/Calendar; L0 L1 1
    MAXSTACK = 4
    MAXLOCALS = 2

  // access flags 0x4
  protected toType(Ljava/util/Calendar;)Ljava/lang/Object;
   L0
    LINENUMBER 237 L0
    ALOAD 1
    INVOKESTATIC org/evosuite/testcarver/wrapper/java/util/Calendar.getTime (Ljava/util/Calendar;)Ljava/util/Date;
    ARETURN
   L1
    LOCALVARIABLE this Lcom/examples/with/different/packagename/testcarver/DateConverterTest7; L0 L1 0
    LOCALVARIABLE value Ljava/util/Calendar; L0 L1 1
    MAXSTACK = 1
    MAXLOCALS = 2

  // access flags 0x2
  private _sw_prototype_original_testPatternDefault()V
   L0
    LINENUMBER 246 L0
    LDC "yyyy-MM-dd"
    ASTORE 1
   L1
    LINENUMBER 249 L1
    ALOAD 0
    LDC "2000-01-01"
    ALOAD 1
    ACONST_NULL
    INVOKEVIRTUAL com/examples/with/different/packagename/testcarver/DateConverterTest7.toType (Ljava/lang/String;Ljava/lang/String;Ljava/util/Locale;)Ljava/lang/Object;
    ASTORE 2
   L2
    LINENUMBER 250 L2
    LDC "Check default date"
    ALOAD 2
    INVOKESTATIC org/junit/Assert.assertNotNull (Ljava/lang/String;Ljava/lang/Object;)V
   L3
    LINENUMBER 251 L3
    ALOAD 0
    ALOAD 2
    INVOKEVIRTUAL com/examples/with/different/packagename/testcarver/DateConverterTest7.makeConverter (Ljava/lang/Object;)Lcom/examples/with/different/packagename/testcarver/DateTimeConverter;
    ASTORE 3
   L4
    LINENUMBER 252 L4
    ALOAD 3
    ALOAD 1
    INVOKEVIRTUAL com/examples/with/different/packagename/testcarver/DateTimeConverter.setPattern (Ljava/lang/String;)V
   L5
    LINENUMBER 255 L5
    LDC "2006-10-29"
    ASTORE 4
   L6
    LINENUMBER 256 L6
    ALOAD 0
    ALOAD 4
    ALOAD 1
    ACONST_NULL
    INVOKEVIRTUAL com/examples/with/different/packagename/testcarver/DateConverterTest7.toType (Ljava/lang/String;Ljava/lang/String;Ljava/util/Locale;)Ljava/lang/Object;
    ASTORE 5
   L7
    LINENUMBER 257 L7
    ALOAD 0
    ALOAD 3
    ALOAD 5
    ALOAD 4
    INVOKEVIRTUAL com/examples/with/different/packagename/testcarver/DateConverterTest7.validConversion (Lcom/examples/with/different/packagename/testcarver/Converter;Ljava/lang/Object;Ljava/lang/Object;)V
   L8
    LINENUMBER 260 L8
    ALOAD 0
    ALOAD 3
    ALOAD 2
    ACONST_NULL
    INVOKEVIRTUAL com/examples/with/different/packagename/testcarver/DateConverterTest7.validConversion (Lcom/examples/with/different/packagename/testcarver/Converter;Ljava/lang/Object;Ljava/lang/Object;)V
   L9
    LINENUMBER 261 L9
    ALOAD 0
    ALOAD 3
    ALOAD 2
    LDC ""
    INVOKEVIRTUAL com/examples/with/different/packagename/testcarver/DateConverterTest7.validConversion (Lcom/examples/with/different/packagename/testcarver/Converter;Ljava/lang/Object;Ljava/lang/Object;)V
   L10
    LINENUMBER 262 L10
    ALOAD 0
    ALOAD 3
    ALOAD 2
    LDC "2006-10-2X"
    INVOKEVIRTUAL com/examples/with/different/packagename/testcarver/DateConverterTest7.validConversion (Lcom/examples/with/different/packagename/testcarver/Converter;Ljava/lang/Object;Ljava/lang/Object;)V
   L11
    LINENUMBER 263 L11
    ALOAD 0
    ALOAD 3
    ALOAD 2
    LDC "2006/10/01"
    INVOKEVIRTUAL com/examples/with/different/packagename/testcarver/DateConverterTest7.validConversion (Lcom/examples/with/different/packagename/testcarver/Converter;Ljava/lang/Object;Ljava/lang/Object;)V
   L12
    LINENUMBER 264 L12
    ALOAD 0
    ALOAD 3
    ALOAD 2
    LDC "02/10/06"
    INVOKEVIRTUAL com/examples/with/different/packagename/testcarver/DateConverterTest7.validConversion (Lcom/examples/with/different/packagename/testcarver/Converter;Ljava/lang/Object;Ljava/lang/Object;)V
   L13
    LINENUMBER 265 L13
    ALOAD 0
    ALOAD 3
    ALOAD 2
    ICONST_2
    INVOKESTATIC java/lang/Integer.valueOf (I)Ljava/lang/Integer;
    INVOKEVIRTUAL com/examples/with/different/packagename/testcarver/DateConverterTest7.validConversion (Lcom/examples/with/different/packagename/testcarver/Converter;Ljava/lang/Object;Ljava/lang/Object;)V
   L14
    LINENUMBER 267 L14
    RETURN
   L15
    LOCALVARIABLE this Lcom/examples/with/different/packagename/testcarver/DateConverterTest7; L0 L15 0
    LOCALVARIABLE pattern Ljava/lang/String; L1 L15 1
    LOCALVARIABLE defaultValue Ljava/lang/Object; L2 L15 2
    LOCALVARIABLE converter Lcom/examples/with/different/packagename/testcarver/DateTimeConverter; L4 L15 3
    LOCALVARIABLE testString Ljava/lang/String; L6 L15 4
    LOCALVARIABLE expected Ljava/lang/Object; L7 L15 5
    MAXSTACK = 8
    MAXLOCALS = 6

  // access flags 0x1
  public <init>()V
    TRYCATCHBLOCK L0 L1 L1 java/lang/Throwable
   L2
    LINENUMBER 32 L2
    ALOAD 0
    INVOKESPECIAL java/lang/Object.<init> ()V
   L0
    LDC -2147483608
    ALOAD 0
    LDC "<init>"
    LDC "()V"
    BIPUSH 0
    ANEWARRAY java/lang/Object
    INVOKESTATIC org/evosuite/testcarver/capture/Capturer.capture (ILjava/lang/Object;Ljava/lang/String;Ljava/lang/String;[Ljava/lang/Object;)V
    ALOAD 0
    INVOKEVIRTUAL com/examples/with/different/packagename/testcarver/DateConverterTest7._sw_prototype_original_init_sw_prototype_original_ ()V
    GOTO L3
   L1
   FRAME SAME1 java/lang/Throwable
    ASTORE 1
    LDC -2147483608
    ALOAD 0
    GETSTATIC org/evosuite/testcarver/capture/CaptureLog.RETURN_TYPE_VOID : Ljava/lang/Object;
    INVOKESTATIC org/evosuite/testcarver/capture/Capturer.enable (ILjava/lang/Object;Ljava/lang/Object;)V
    ALOAD 1
    ATHROW
   L3
   FRAME SAME
    LDC -2147483608
    ALOAD 0
    GETSTATIC org/evosuite/testcarver/capture/CaptureLog.RETURN_TYPE_VOID : Ljava/lang/Object;
    INVOKESTATIC org/evosuite/testcarver/capture/Capturer.enable (ILjava/lang/Object;Ljava/lang/Object;)V
    RETURN
    MAXSTACK = 5
    MAXLOCALS = 0

  // access flags 0x1
  public testPatternDefault()V
  @Lorg/junit/Test;()
    TRYCATCHBLOCK L0 L1 L1 java/lang/Throwable
   L0
    LDC -2147483607
    ALOAD 0
    LDC "testPatternDefault"
    LDC "()V"
    BIPUSH 0
    ANEWARRAY java/lang/Object
    INVOKESTATIC org/evosuite/testcarver/capture/Capturer.capture (ILjava/lang/Object;Ljava/lang/String;Ljava/lang/String;[Ljava/lang/Object;)V
    ALOAD 0
    INVOKEVIRTUAL com/examples/with/different/packagename/testcarver/DateConverterTest7._sw_prototype_original_testPatternDefault ()V
    GOTO L2
   L1
   FRAME SAME1 java/lang/Throwable
    ASTORE 1
    LDC -2147483607
    ALOAD 0
    GETSTATIC org/evosuite/testcarver/capture/CaptureLog.RETURN_TYPE_VOID : Ljava/lang/Object;
    INVOKESTATIC org/evosuite/testcarver/capture/Capturer.enable (ILjava/lang/Object;Ljava/lang/Object;)V
    ALOAD 1
    ATHROW
   L2
   FRAME SAME
    LDC -2147483607
    ALOAD 0
    GETSTATIC org/evosuite/testcarver/capture/CaptureLog.RETURN_TYPE_VOID : Ljava/lang/Object;
    INVOKESTATIC org/evosuite/testcarver/capture/Capturer.enable (ILjava/lang/Object;Ljava/lang/Object;)V
    RETURN
    MAXSTACK = 8
    MAXLOCALS = 0
}
INFO  org.evosuite.testcarver.extraction.CarvingClassLoader - Keeping class: com.examples.with.different.packagename.testcarver.DateConverterTest7
INFO  org.evosuite.testcarver.extraction.CarvingClassLoader - Seeing class for first time: com.examples.with.different.packagename.testcarver.ConversionException
WARN  org.evosuite.testcarver.extraction.CarvingClassLoader - Instrumenting class 'com.examples.with.different.packagename.testcarver.ConversionException'.
INFO  org.evosuite.testcarver.instrument.Instrumenter - Checking package com.examples.with.different.packagename.testcarver for class com/examples/with/different/packagename/testcarver/ConversionException
// class version 52.0 (52)
// access flags 0x21
public class com/examples/with/different/packagename/testcarver/ConversionException extends java/lang/RuntimeException {

  // compiled from: ConversionException.java

  // access flags 0x1A
  private final static J serialVersionUID = -3264207363344909775L

  // access flags 0x4
  protected Ljava/lang/Throwable; cause

  // access flags 0x2
  private _sw_prototype_original_init_sw_prototype_original_(Ljava/lang/String;)V
    ALOAD 0
    INVOKESTATIC org/evosuite/testcarver/capture/FieldRegistry.register (Ljava/lang/Object;)V
   L0
    LINENUMBER 85 L0
    ALOAD 0
    ACONST_NULL
    DUP2
    PUTFIELD com/examples/with/different/packagename/testcarver/ConversionException.cause : Ljava/lang/Throwable;
    POP
    LDC -2147483606
    LDC "com/examples/with/different/packagename/testcarver/ConversionException"
    LDC "cause"
    LDC "Ljava/lang/Throwable;"
    INVOKESTATIC org/evosuite/testcarver/capture/FieldRegistry.notifyModification (Ljava/lang/Object;ILjava/lang/String;Ljava/lang/String;Ljava/lang/String;)V
   L1
    LINENUMBER 48 L1
    RETURN
   L2
    LOCALVARIABLE this Lcom/examples/with/different/packagename/testcarver/ConversionException; L3 L2 0
    LOCALVARIABLE message Ljava/lang/String; L3 L2 1
    MAXSTACK = 6
    MAXLOCALS = 2

  // access flags 0x2
  private _sw_prototype_original_init_sw_prototype_original_(Ljava/lang/String;Ljava/lang/Throwable;)V
    ALOAD 0
    INVOKESTATIC org/evosuite/testcarver/capture/FieldRegistry.register (Ljava/lang/Object;)V
   L0
    LINENUMBER 85 L0
    ALOAD 0
    ACONST_NULL
    DUP2
    PUTFIELD com/examples/with/different/packagename/testcarver/ConversionException.cause : Ljava/lang/Throwable;
    POP
    LDC -2147483603
    LDC "com/examples/with/different/packagename/testcarver/ConversionException"
    LDC "cause"
    LDC "Ljava/lang/Throwable;"
    INVOKESTATIC org/evosuite/testcarver/capture/FieldRegistry.notifyModification (Ljava/lang/Object;ILjava/lang/String;Ljava/lang/String;Ljava/lang/String;)V
   L1
    LINENUMBER 60 L1
    ALOAD 0
    ALOAD 2
    DUP2
    PUTFIELD com/examples/with/different/packagename/testcarver/ConversionException.cause : Ljava/lang/Throwable;
    POP
    LDC -2147483601
    LDC "com/examples/with/different/packagename/testcarver/ConversionException"
    LDC "cause"
    LDC "Ljava/lang/Throwable;"
    INVOKESTATIC org/evosuite/testcarver/capture/FieldRegistry.notifyModification (Ljava/lang/Object;ILjava/lang/String;Ljava/lang/String;Ljava/lang/String;)V
   L2
    LINENUMBER 62 L2
    RETURN
   L3
    LOCALVARIABLE this Lcom/examples/with/different/packagename/testcarver/ConversionException; L4 L3 0
    LOCALVARIABLE message Ljava/lang/String; L4 L3 1
    LOCALVARIABLE cause Ljava/lang/Throwable; L4 L3 2
    MAXSTACK = 6
    MAXLOCALS = 3

  // access flags 0x2
  private _sw_prototype_original_init_sw_prototype_original_(Ljava/lang/Throwable;)V
    ALOAD 0
    INVOKESTATIC org/evosuite/testcarver/capture/FieldRegistry.register (Ljava/lang/Object;)V
   L0
    LINENUMBER 85 L0
    ALOAD 0
    ACONST_NULL
    DUP2
    PUTFIELD com/examples/with/different/packagename/testcarver/ConversionException.cause : Ljava/lang/Throwable;
    POP
    LDC -2147483598
    LDC "com/examples/with/different/packagename/testcarver/ConversionException"
    LDC "cause"
    LDC "Ljava/lang/Throwable;"
    INVOKESTATIC org/evosuite/testcarver/capture/FieldRegistry.notifyModification (Ljava/lang/Object;ILjava/lang/String;Ljava/lang/String;Ljava/lang/String;)V
   L1
    LINENUMBER 73 L1
    ALOAD 0
    ALOAD 1
    DUP2
    PUTFIELD com/examples/with/different/packagename/testcarver/ConversionException.cause : Ljava/lang/Throwable;
    POP
    LDC -2147483596
    LDC "com/examples/with/different/packagename/testcarver/ConversionException"
    LDC "cause"
    LDC "Ljava/lang/Throwable;"
    INVOKESTATIC org/evosuite/testcarver/capture/FieldRegistry.notifyModification (Ljava/lang/Object;ILjava/lang/String;Ljava/lang/String;Ljava/lang/String;)V
   L2
    LINENUMBER 75 L2
    RETURN
   L3
    LOCALVARIABLE this Lcom/examples/with/different/packagename/testcarver/ConversionException; L4 L3 0
    LOCALVARIABLE cause Ljava/lang/Throwable; L4 L3 1
    MAXSTACK = 6
    MAXLOCALS = 2

  // access flags 0x2
  private _sw_prototype_original_getCause()Ljava/lang/Throwable;
   L0
    LINENUMBER 93 L0
    ALOAD 0
    DUP
    GETFIELD com/examples/with/different/packagename/testcarver/ConversionException.cause : Ljava/lang/Throwable;
    SWAP
    LDC -2147483593
    LDC "com/examples/with/different/packagename/testcarver/ConversionException"
    LDC "cause"
    LDC "Ljava/lang/Throwable;"
    INVOKESTATIC org/evosuite/testcarver/capture/FieldRegistry.notifyReadAccess (Ljava/lang/Object;ILjava/lang/String;Ljava/lang/String;Ljava/lang/String;)V
    ARETURN
   L1
    LOCALVARIABLE this Lcom/examples/with/different/packagename/testcarver/ConversionException; L0 L1 0
    MAXSTACK = 5
    MAXLOCALS = 1

  // access flags 0x1
  public <init>(Ljava/lang/String;)V
    TRYCATCHBLOCK L0 L1 L1 java/lang/Throwable
   L2
    LINENUMBER 46 L2
    ALOAD 0
    ALOAD 1
    INVOKESPECIAL java/lang/RuntimeException.<init> (Ljava/lang/String;)V
   L0
    LDC -2147483604
    ALOAD 0
    LDC "<init>"
    LDC "(Ljava/lang/String;)V"
    BIPUSH 1
    ANEWARRAY java/lang/Object
    DUP
    BIPUSH 0
    ALOAD 1
    AASTORE
    INVOKESTATIC org/evosuite/testcarver/capture/Capturer.capture (ILjava/lang/Object;Ljava/lang/String;Ljava/lang/String;[Ljava/lang/Object;)V
    ALOAD 0
    ALOAD 1
    INVOKEVIRTUAL com/examples/with/different/packagename/testcarver/ConversionException._sw_prototype_original_init_sw_prototype_original_ (Ljava/lang/String;)V
    GOTO L3
   L1
   FRAME SAME1 java/lang/Throwable
    ASTORE 2
    LDC -2147483604
    ALOAD 0
    GETSTATIC org/evosuite/testcarver/capture/CaptureLog.RETURN_TYPE_VOID : Ljava/lang/Object;
    INVOKESTATIC org/evosuite/testcarver/capture/Capturer.enable (ILjava/lang/Object;Ljava/lang/Object;)V
    ALOAD 2
    ATHROW
   L3
   FRAME SAME
    LDC -2147483604
    ALOAD 0
    GETSTATIC org/evosuite/testcarver/capture/CaptureLog.RETURN_TYPE_VOID : Ljava/lang/Object;
    INVOKESTATIC org/evosuite/testcarver/capture/Capturer.enable (ILjava/lang/Object;Ljava/lang/Object;)V
    RETURN
    MAXSTACK = 6
    MAXLOCALS = 0

  // access flags 0x1
  public <init>(Ljava/lang/String;Ljava/lang/Throwable;)V
    TRYCATCHBLOCK L0 L1 L1 java/lang/Throwable
   L2
    LINENUMBER 59 L2
    ALOAD 0
    ALOAD 1
    INVOKESPECIAL java/lang/RuntimeException.<init> (Ljava/lang/String;)V
   L0
    LDC -2147483599
    ALOAD 0
    LDC "<init>"
    LDC "(Ljava/lang/String;Ljava/lang/Throwable;)V"
    BIPUSH 2
    ANEWARRAY java/lang/Object
    DUP
    BIPUSH 0
    ALOAD 1
    AASTORE
    DUP
    BIPUSH 1
    ALOAD 2
    AASTORE
    INVOKESTATIC org/evosuite/testcarver/capture/Capturer.capture (ILjava/lang/Object;Ljava/lang/String;Ljava/lang/String;[Ljava/lang/Object;)V
    ALOAD 0
    ALOAD 1
    ALOAD 2
    INVOKEVIRTUAL com/examples/with/different/packagename/testcarver/ConversionException._sw_prototype_original_init_sw_prototype_original_ (Ljava/lang/String;Ljava/lang/Throwable;)V
    GOTO L3
   L1
   FRAME SAME1 java/lang/Throwable
    ASTORE 3
    LDC -2147483599
    ALOAD 0
    GETSTATIC org/evosuite/testcarver/capture/CaptureLog.RETURN_TYPE_VOID : Ljava/lang/Object;
    INVOKESTATIC org/evosuite/testcarver/capture/Capturer.enable (ILjava/lang/Object;Ljava/lang/Object;)V
    ALOAD 3
    ATHROW
   L3
   FRAME SAME
    LDC -2147483599
    ALOAD 0
    GETSTATIC org/evosuite/testcarver/capture/CaptureLog.RETURN_TYPE_VOID : Ljava/lang/Object;
    INVOKESTATIC org/evosuite/testcarver/capture/Capturer.enable (ILjava/lang/Object;Ljava/lang/Object;)V
    RETURN
    MAXSTACK = 6
    MAXLOCALS = 0

  // access flags 0x1
  public <init>(Ljava/lang/Throwable;)V
    TRYCATCHBLOCK L0 L1 L1 java/lang/Throwable
   L2
    LINENUMBER 72 L2
    ALOAD 0
    ALOAD 1
    INVOKEVIRTUAL java/lang/Throwable.getMessage ()Ljava/lang/String;
    INVOKESPECIAL java/lang/RuntimeException.<init> (Ljava/lang/String;)V
   L0
    LDC -2147483594
    ALOAD 0
    LDC "<init>"
    LDC "(Ljava/lang/Throwable;)V"
    BIPUSH 1
    ANEWARRAY java/lang/Object
    DUP
    BIPUSH 0
    ALOAD 1
    AASTORE
    INVOKESTATIC org/evosuite/testcarver/capture/Capturer.capture (ILjava/lang/Object;Ljava/lang/String;Ljava/lang/String;[Ljava/lang/Object;)V
    ALOAD 0
    ALOAD 1
    INVOKEVIRTUAL com/examples/with/different/packagename/testcarver/ConversionException._sw_prototype_original_init_sw_prototype_original_ (Ljava/lang/Throwable;)V
    GOTO L3
   L1
   FRAME SAME1 java/lang/Throwable
    ASTORE 2
    LDC -2147483594
    ALOAD 0
    GETSTATIC org/evosuite/testcarver/capture/CaptureLog.RETURN_TYPE_VOID : Ljava/lang/Object;
    INVOKESTATIC org/evosuite/testcarver/capture/Capturer.enable (ILjava/lang/Object;Ljava/lang/Object;)V
    ALOAD 2
    ATHROW
   L3
   FRAME SAME
    LDC -2147483594
    ALOAD 0
    GETSTATIC org/evosuite/testcarver/capture/CaptureLog.RETURN_TYPE_VOID : Ljava/lang/Object;
    INVOKESTATIC org/evosuite/testcarver/capture/Capturer.enable (ILjava/lang/Object;Ljava/lang/Object;)V
    RETURN
    MAXSTACK = 6
    MAXLOCALS = 0

  // access flags 0x1
  public getCause()Ljava/lang/Throwable;
    TRYCATCHBLOCK L0 L1 L2 java/lang/Throwable
    ACONST_NULL
    ASTORE 1
   L0
    LDC -2147483592
    ALOAD 0
    LDC "getCause"
    LDC "()Ljava/lang/Throwable;"
    BIPUSH 0
    ANEWARRAY java/lang/Object
    INVOKESTATIC org/evosuite/testcarver/capture/Capturer.capture (ILjava/lang/Object;Ljava/lang/String;Ljava/lang/String;[Ljava/lang/Object;)V
    ALOAD 0
    INVOKEVIRTUAL com/examples/with/different/packagename/testcarver/ConversionException._sw_prototype_original_getCause ()Ljava/lang/Throwable;
    ASTORE 1
    ALOAD 1
    ASTORE 3
   L1
    LDC -2147483592
    ALOAD 0
    ALOAD 1
    INVOKESTATIC org/evosuite/testcarver/capture/Capturer.enable (ILjava/lang/Object;Ljava/lang/Object;)V
    ALOAD 3
    ARETURN
   L2
   FRAME FULL [com/examples/with/different/packagename/testcarver/ConversionException java/lang/Throwable] [java/lang/Throwable]
    ASTORE 2
    LDC -2147483592
    ALOAD 0
    ALOAD 1
    INVOKESTATIC org/evosuite/testcarver/capture/Capturer.enable (ILjava/lang/Object;Ljava/lang/Object;)V
    ALOAD 2
    ATHROW
    MAXSTACK = 5
    MAXLOCALS = 0
}
INFO  org.evosuite.testcarver.extraction.CarvingClassLoader - Keeping class: com.examples.with.different.packagename.testcarver.ConversionException
INFO  org.evosuite.testcarver.extraction.CarvingRunListener - Not yet reached maximum time to carve unit tests - executing test with carver
INFO  org.evosuite.testcarver.capture.Capturer - Starting Capturer...
INFO  org.evosuite.testcarver.capture.Capturer - Capturer has been started successfully
INFO  org.evosuite.testcarver.capture.CaptureLog - method convert was called on object com.examples.with.different.packagename.testcarver.DateConverter[UseDefault=false, UseLocaleFormat=false] with oid 1862784020 without foregoing (observed) init stmt --> creating unobserved init stmt
INFO  org.evosuite.testcarver.capture.Capturer - Stopping Capturer...
INFO  org.evosuite.testcarver.capture.Capturer - Capturer has been stopped successfully
INFO  evo_logger -  - Carving test com.examples.with.different.packagename.testcarver.DateConverterTest7.testPatternDefault
INFO  org.evosuite.instrumentation.InstrumentingClassLoader - Seeing class for first time: com.examples.with.different.packagename.testcarver.ConversionException
INFO  org.evosuite.instrumentation.BytecodeInstrumentation - Starting transformation of com/examples/with/different/packagename/testcarver/ConversionException
INFO  org.evosuite.runtime.instrumentation.MethodCallReplacementClassAdapter - Adding mock interface to class com/examples/with/different/packagename/testcarver/ConversionException
INFO  org.evosuite.instrumentation.EndOfClassInitializerVisitor - Creating <clinit> in class com/examples/with/different/packagename/testcarver/ConversionException
INFO  org.evosuite.runtime.instrumentation.CreateClassResetClassAdapter - Found static initializer in class com/examples/with/different/packagename/testcarver/ConversionException
INFO  org.evosuite.instrumentation.InstrumentingClassLoader - Loaded class: com.examples.with.different.packagename.testcarver.ConversionException
INFO  org.evosuite.testcarver.extraction.CarvingRunListener - Carved test of length 21
INFO  org.evosuite.utils.generic.GenericTypeInference - Type map empty
INFO  org.evosuite.utils.generic.GenericTypeInference - Type map empty
INFO  org.evosuite.testcarver.extraction.CarvingManager - Result: 0/1
INFO  org.evosuite.testcase.execution.TestCaseExecutor - No stalled threads
INFO  org.evosuite.testcarver.extraction.CarvingManager - Adding carved test without exception
INFO  org.evosuite.testcarver.extraction.CarvingManager - long long0 = 946684800000L;
Date date0 = new Date(long0);
date0.getTime();
DateConverter dateConverter0 = new DateConverter(date0);
String string0 = "yyyy-MM-dd";
dateConverter0.setPattern(string0);
Class<Date> class0 = Date.class;
String string1 = "2006-10-29";
dateConverter0.convert(class0, string1);
Object object0 = null;
dateConverter0.convert(class0, object0);
String string2 = "";
dateConverter0.convert(class0, string2);
String string3 = "2006-10-2X";
dateConverter0.convert(class0, string3);
String string4 = "2006/10/01";
dateConverter0.convert(class0, string4);
String string5 = "02/10/06";
dateConverter0.convert(class0, string5);
int int0 = 2;
dateConverter0.convert(class0, int0);

INFO  evo_logger -  -> Carved 1 tests for class class com.examples.with.different.packagename.testcarver.DateConverter from existing JUnit tests
INFO  evo_logger - * Using 1 carved tests from existing JUnit tests for seeding
INFO  org.evosuite.coverage.branch.BranchCoverageSuiteFitness - Total branch coverage goals: 3
INFO  org.evosuite.coverage.branch.BranchCoverageSuiteFitness - Total branches: 0
INFO  org.evosuite.coverage.branch.BranchCoverageSuiteFitness - Total branchless methods: 3
INFO  org.evosuite.coverage.branch.BranchCoverageSuiteFitness - Total methods: 3: [com.examples.with.different.packagename.testcarver.DateConverter.getDefaultType()Ljava/lang/Class;, com.examples.with.different.packagename.testcarver.DateConverter.<init>(Ljava/lang/Object;)V, com.examples.with.different.packagename.testcarver.DateConverter.<init>()V]
INFO  org.evosuite.coverage.branch.BranchCoverageSuiteFitness - (Methods) Best individual covers 0/0 branches and 2/3 methods
INFO  org.evosuite.coverage.branch.BranchCoverageSuiteFitness - Fitness: 1.0, size: 1, length: 21
INFO  org.evosuite.coverage.branch.BranchCoverageSuiteFitness - (Fitness) Best individual covers 0/0 branches and 2/3 methods
INFO  org.evosuite.coverage.branch.BranchCoverageSuiteFitness - Fitness: 1.0, size: 1, length: 21
INFO  org.evosuite.testcase.factories.JUnitTestCarvedChromosomeFactory - Cloning user test
long long0 = 946684800000L;
Date date0 = new Date(long0);
date0.getTime();
DateConverter dateConverter0 = new DateConverter(date0);
String string0 = "yyyy-MM-dd";
dateConverter0.setPattern(string0);
Class<Date> class0 = Date.class;
String string1 = "2006-10-29";
dateConverter0.convert(class0, string1);
Object object0 = null;
dateConverter0.convert(class0, object0);
String string2 = "";
dateConverter0.convert(class0, string2);
String string3 = "2006-10-2X";
dateConverter0.convert(class0, string3);
String string4 = "2006/10/01";
dateConverter0.convert(class0, string4);
String string5 = "02/10/06";
dateConverter0.convert(class0, string5);
int int0 = 2;
dateConverter0.convert(class0, int0);

INFO  org.evosuite.TestGenerationContext - *** Resetting context
INFO  org.evosuite.testcase.execution.TestCaseExecutor - TestCaseExecutor instance is non-null, but its actual executor is null
INFO  org.evosuite.TestGenerationContext - *** Resetting context
INFO  org.evosuite.testcase.execution.TestCaseExecutor - TestCaseExecutor instance is non-null, but its actual executor is null
INFO  org.evosuite.instrumentation.InstrumentingClassLoader - Seeing class for first time: com.examples.with.different.packagename.testcarver.DateConverter
INFO  org.evosuite.instrumentation.BytecodeInstrumentation - Starting transformation of com/examples/with/different/packagename/testcarver/DateConverter
INFO  org.evosuite.instrumentation.testability.StringTransformation - Current method: <init>
INFO  org.evosuite.instrumentation.testability.StringTransformation - Current method: <init>
INFO  org.evosuite.instrumentation.testability.StringTransformation - Current method: getDefaultType
INFO  org.evosuite.runtime.instrumentation.MethodCallReplacementClassAdapter - Adding mock interface to class com/examples/with/different/packagename/testcarver/DateConverter
INFO  org.evosuite.graphs.cfg.CFGClassAdapter - Analyzing CFG of com/examples/with/different/packagename/testcarver/DateConverter
INFO  org.evosuite.graphs.cfg.CFGMethodAdapter - Analyzing method <init>()V in class com.examples.with.different.packagename.testcarver.DateConverter
INFO  org.evosuite.graphs.cfg.CFGMethodAdapter - Generating CFG for method <init>()V
INFO  org.evosuite.graphs.cfg.RawControlFlowGraph - Creating new RawCFG for com.examples.with.different.packagename.testcarver.DateConverter.<init>()V: 0
INFO  org.evosuite.graphs.cfg.CFGMethodAdapter - Created CFG for method <init>()V
INFO  org.evosuite.graphs.cfg.CFGMethodAdapter - Instrumenting method <init>()V in class com.examples.with.different.packagename.testcarver.DateConverter
INFO  org.evosuite.graphs.cfg.CFGClassAdapter - Analyzing CFG of com/examples/with/different/packagename/testcarver/DateConverter
INFO  org.evosuite.graphs.cfg.CFGMethodAdapter - Analyzing method <init>(Ljava/lang/Object;)V in class com.examples.with.different.packagename.testcarver.DateConverter
INFO  org.evosuite.graphs.cfg.CFGMethodAdapter - Generating CFG for method <init>(Ljava/lang/Object;)V
INFO  org.evosuite.graphs.cfg.RawControlFlowGraph - Creating new RawCFG for com.examples.with.different.packagename.testcarver.DateConverter.<init>(Ljava/lang/Object;)V: 0
INFO  org.evosuite.graphs.cfg.CFGMethodAdapter - Created CFG for method <init>(Ljava/lang/Object;)V
INFO  org.evosuite.graphs.cfg.CFGMethodAdapter - Instrumenting method <init>(Ljava/lang/Object;)V in class com.examples.with.different.packagename.testcarver.DateConverter
INFO  org.evosuite.graphs.cfg.CFGClassAdapter - Analyzing CFG of com/examples/with/different/packagename/testcarver/DateConverter
INFO  org.evosuite.graphs.cfg.CFGMethodAdapter - Analyzing method getDefaultType()Ljava/lang/Class; in class com.examples.with.different.packagename.testcarver.DateConverter
INFO  org.evosuite.graphs.cfg.CFGMethodAdapter - Generating CFG for method getDefaultType()Ljava/lang/Class;
INFO  org.evosuite.graphs.cfg.RawControlFlowGraph - Creating new RawCFG for com.examples.with.different.packagename.testcarver.DateConverter.getDefaultType()Ljava/lang/Class;: 0
INFO  org.evosuite.graphs.cfg.CFGMethodAdapter - Created CFG for method getDefaultType()Ljava/lang/Class;
INFO  org.evosuite.graphs.cfg.CFGMethodAdapter - Instrumenting method getDefaultType()Ljava/lang/Class; in class com.examples.with.different.packagename.testcarver.DateConverter
INFO  org.evosuite.runtime.instrumentation.CreateClassResetClassAdapter - Creating brand-new static initializer in class com/examples/with/different/packagename/testcarver/DateConverter
INFO  org.evosuite.instrumentation.InstrumentingClassLoader - Seeing class for first time: com.examples.with.different.packagename.testcarver.DateTimeConverter
INFO  org.evosuite.instrumentation.BytecodeInstrumentation - Starting transformation of com/examples/with/different/packagename/testcarver/DateTimeConverter
INFO  org.evosuite.runtime.instrumentation.MethodCallReplacementClassAdapter - Adding mock interface to class com/examples/with/different/packagename/testcarver/DateTimeConverter
INFO  org.evosuite.runtime.instrumentation.CreateClassResetClassAdapter - Creating brand-new static initializer in class com/examples/with/different/packagename/testcarver/DateTimeConverter
INFO  org.evosuite.instrumentation.InstrumentingClassLoader - Seeing class for first time: com.examples.with.different.packagename.testcarver.AbstractConverter
INFO  org.evosuite.instrumentation.BytecodeInstrumentation - Starting transformation of com/examples/with/different/packagename/testcarver/AbstractConverter
INFO  org.evosuite.runtime.instrumentation.MethodCallReplacementClassAdapter - Adding mock interface to class com/examples/with/different/packagename/testcarver/AbstractConverter
INFO  org.evosuite.instrumentation.EndOfClassInitializerVisitor - Creating <clinit> in class com/examples/with/different/packagename/testcarver/AbstractConverter
INFO  org.evosuite.runtime.instrumentation.CreateClassResetClassAdapter - Found static initializer in class com/examples/with/different/packagename/testcarver/AbstractConverter
INFO  org.evosuite.instrumentation.InstrumentingClassLoader - Seeing class for first time: com.examples.with.different.packagename.testcarver.Converter
INFO  org.evosuite.instrumentation.BytecodeInstrumentation - Starting transformation of com/examples/with/different/packagename/testcarver/Converter
INFO  org.evosuite.instrumentation.InstrumentingClassLoader - Loaded class: com.examples.with.different.packagename.testcarver.Converter
INFO  org.evosuite.instrumentation.InstrumentingClassLoader - Loaded class: com.examples.with.different.packagename.testcarver.AbstractConverter
INFO  org.evosuite.instrumentation.InstrumentingClassLoader - Loaded class: com.examples.with.different.packagename.testcarver.DateTimeConverter
INFO  org.evosuite.instrumentation.InstrumentingClassLoader - Loaded class: com.examples.with.different.packagename.testcarver.DateConverter
INFO  evo_logger - * Executing tests from 1 test class for carving
INFO  org.evosuite.testcarver.extraction.CarvingClassLoader - Seeing class for first time: com.examples.with.different.packagename.testcarver.DateConverter
WARN  org.evosuite.testcarver.extraction.CarvingClassLoader - Instrumenting class 'com.examples.with.different.packagename.testcarver.DateConverter'.
INFO  org.evosuite.testcarver.instrument.Instrumenter - Checking package com.examples.with.different.packagename.testcarver for class com/examples/with/different/packagename/testcarver/DateConverter
// class version 52.0 (52)
// access flags 0x31
public final class com/examples/with/different/packagename/testcarver/DateConverter extends com/examples/with/different/packagename/testcarver/DateTimeConverter {

  // compiled from: DateConverter.java

  // access flags 0x2
  private _sw_prototype_original_init_sw_prototype_original_()V
    ALOAD 0
    INVOKESTATIC org/evosuite/testcarver/capture/FieldRegistry.register (Ljava/lang/Object;)V
   L0
    LINENUMBER 47 L0
    RETURN
   L1
    LOCALVARIABLE this Lcom/examples/with/different/packagename/testcarver/DateConverter; L2 L1 0
    MAXSTACK = 5
    MAXLOCALS = 1

  // access flags 0x2
  private _sw_prototype_original_init_sw_prototype_original_(Ljava/lang/Object;)V
    ALOAD 0
    INVOKESTATIC org/evosuite/testcarver/capture/FieldRegistry.register (Ljava/lang/Object;)V
   L0
    LINENUMBER 59 L0
    RETURN
   L1
    LOCALVARIABLE this Lcom/examples/with/different/packagename/testcarver/DateConverter; L2 L1 0
    LOCALVARIABLE defaultValue Ljava/lang/Object; L2 L1 1
    MAXSTACK = 6
    MAXLOCALS = 2

  // access flags 0x4
  protected getDefaultType()Ljava/lang/Class;
   L0
    LINENUMBER 67 L0
    LDC Ljava/util/Date;.class
    ARETURN
   L1
    LOCALVARIABLE this Lcom/examples/with/different/packagename/testcarver/DateConverter; L0 L1 0
    MAXSTACK = 1
    MAXLOCALS = 1

  // access flags 0x1
  public <init>()V
    TRYCATCHBLOCK L0 L1 L1 java/lang/Throwable
   L2
    LINENUMBER 46 L2
    ALOAD 0
    INVOKESPECIAL com/examples/with/different/packagename/testcarver/DateTimeConverter.<init> ()V
   L0
    LDC -2147483644
    ALOAD 0
    LDC "<init>"
    LDC "()V"
    BIPUSH 0
    ANEWARRAY java/lang/Object
    INVOKESTATIC org/evosuite/testcarver/capture/Capturer.capture (ILjava/lang/Object;Ljava/lang/String;Ljava/lang/String;[Ljava/lang/Object;)V
    ALOAD 0
    INVOKEVIRTUAL com/examples/with/different/packagename/testcarver/DateConverter._sw_prototype_original_init_sw_prototype_original_ ()V
    GOTO L3
   L1
   FRAME SAME1 java/lang/Throwable
    ASTORE 1
    LDC -2147483644
    ALOAD 0
    GETSTATIC org/evosuite/testcarver/capture/CaptureLog.RETURN_TYPE_VOID : Ljava/lang/Object;
    INVOKESTATIC org/evosuite/testcarver/capture/Capturer.enable (ILjava/lang/Object;Ljava/lang/Object;)V
    ALOAD 1
    ATHROW
   L3
   FRAME SAME
    LDC -2147483644
    ALOAD 0
    GETSTATIC org/evosuite/testcarver/capture/CaptureLog.RETURN_TYPE_VOID : Ljava/lang/Object;
    INVOKESTATIC org/evosuite/testcarver/capture/Capturer.enable (ILjava/lang/Object;Ljava/lang/Object;)V
    RETURN
    MAXSTACK = 5
    MAXLOCALS = 0

  // access flags 0x1
  public <init>(Ljava/lang/Object;)V
    TRYCATCHBLOCK L0 L1 L1 java/lang/Throwable
   L2
    LINENUMBER 58 L2
    ALOAD 0
    ALOAD 1
    INVOKESPECIAL com/examples/with/different/packagename/testcarver/DateTimeConverter.<init> (Ljava/lang/Object;)V
   L0
    LDC -2147483643
    ALOAD 0
    LDC "<init>"
    LDC "(Ljava/lang/Object;)V"
    BIPUSH 1
    ANEWARRAY java/lang/Object
    DUP
    BIPUSH 0
    ALOAD 1
    AASTORE
    INVOKESTATIC org/evosuite/testcarver/capture/Capturer.capture (ILjava/lang/Object;Ljava/lang/String;Ljava/lang/String;[Ljava/lang/Object;)V
    ALOAD 0
    ALOAD 1
    INVOKEVIRTUAL com/examples/with/different/packagename/testcarver/DateConverter._sw_prototype_original_init_sw_prototype_original_ (Ljava/lang/Object;)V
    GOTO L3
   L1
   FRAME SAME1 java/lang/Throwable
    ASTORE 2
    LDC -2147483643
    ALOAD 0
    GETSTATIC org/evosuite/testcarver/capture/CaptureLog.RETURN_TYPE_VOID : Ljava/lang/Object;
    INVOKESTATIC org/evosuite/testcarver/capture/Capturer.enable (ILjava/lang/Object;Ljava/lang/Object;)V
    ALOAD 2
    ATHROW
   L3
   FRAME SAME
    LDC -2147483643
    ALOAD 0
    GETSTATIC org/evosuite/testcarver/capture/CaptureLog.RETURN_TYPE_VOID : Ljava/lang/Object;
    INVOKESTATIC org/evosuite/testcarver/capture/Capturer.enable (ILjava/lang/Object;Ljava/lang/Object;)V
    RETURN
    MAXSTACK = 6
    MAXLOCALS = 0
}
INFO  org.evosuite.testcarver.extraction.CarvingClassLoader - Seeing class for first time: com.examples.with.different.packagename.testcarver.DateTimeConverter
WARN  org.evosuite.testcarver.extraction.CarvingClassLoader - Instrumenting class 'com.examples.with.different.packagename.testcarver.DateTimeConverter'.
INFO  org.evosuite.testcarver.instrument.Instrumenter - Checking package com.examples.with.different.packagename.testcarver for class com/examples/with/different/packagename/testcarver/DateTimeConverter
// class version 52.0 (52)
// access flags 0x421
public abstract class com/examples/with/different/packagename/testcarver/DateTimeConverter extends com/examples/with/different/packagename/testcarver/AbstractConverter {

  // compiled from: DateTimeConverter.java

  // access flags 0x2
  private [Ljava/lang/String; patterns

  // access flags 0x2
  private Ljava/lang/String; displayPatterns

  // access flags 0x2
  private Ljava/util/Locale; locale

  // access flags 0x2
  private Ljava/util/TimeZone; timeZone

  // access flags 0x2
  private Z useLocaleFormat

  // access flags 0x1
  public <init>()V
   L0
    LINENUMBER 99 L0
    ALOAD 0
    INVOKESPECIAL com/examples/with/different/packagename/testcarver/AbstractConverter.<init> ()V
   L1
    LINENUMBER 100 L1
    RETURN
   L2
    LOCALVARIABLE this Lcom/examples/with/different/packagename/testcarver/DateTimeConverter; L0 L2 0
    MAXSTACK = 1
    MAXLOCALS = 1

  // access flags 0x1
  public <init>(Ljava/lang/Object;)V
   L0
    LINENUMBER 111 L0
    ALOAD 0
    ALOAD 1
    INVOKESPECIAL com/examples/with/different/packagename/testcarver/AbstractConverter.<init> (Ljava/lang/Object;)V
   L1
    LINENUMBER 112 L1
    RETURN
   L2
    LOCALVARIABLE this Lcom/examples/with/different/packagename/testcarver/DateTimeConverter; L0 L2 0
    LOCALVARIABLE defaultValue Ljava/lang/Object; L0 L2 1
    MAXSTACK = 2
    MAXLOCALS = 2

  // access flags 0x2
  private _sw_prototype_original_setUseLocaleFormat(Z)V
   L0
    LINENUMBER 124 L0
    ALOAD 0
    ILOAD 1
    DUP2
    PUTFIELD com/examples/with/different/packagename/testcarver/DateTimeConverter.useLocaleFormat : Z
    POP
    LDC -2147483642
    LDC "com/examples/with/different/packagename/testcarver/DateTimeConverter"
    LDC "useLocaleFormat"
    LDC "Z"
    INVOKESTATIC org/evosuite/testcarver/capture/FieldRegistry.notifyModification (Ljava/lang/Object;ILjava/lang/String;Ljava/lang/String;Ljava/lang/String;)V
   L1
    LINENUMBER 125 L1
    RETURN
   L2
    LOCALVARIABLE this Lcom/examples/with/different/packagename/testcarver/DateTimeConverter; L0 L2 0
    LOCALVARIABLE useLocaleFormat Z L0 L2 1
    MAXSTACK = 6
    MAXLOCALS = 2

  // access flags 0x2
  private _sw_prototype_original_getTimeZone()Ljava/util/TimeZone;
   L0
    LINENUMBER 134 L0
    ALOAD 0
    DUP
    GETFIELD com/examples/with/different/packagename/testcarver/DateTimeConverter.timeZone : Ljava/util/TimeZone;
    SWAP
    LDC -2147483639
    LDC "com/examples/with/different/packagename/testcarver/DateTimeConverter"
    LDC "timeZone"
    LDC "Ljava/util/TimeZone;"
    INVOKESTATIC org/evosuite/testcarver/capture/FieldRegistry.notifyReadAccess (Ljava/lang/Object;ILjava/lang/String;Ljava/lang/String;Ljava/lang/String;)V
    ARETURN
   L1
    LOCALVARIABLE this Lcom/examples/with/different/packagename/testcarver/DateTimeConverter; L0 L1 0
    MAXSTACK = 5
    MAXLOCALS = 1

  // access flags 0x2
  private _sw_prototype_original_setTimeZone(Ljava/util/TimeZone;)V
   L0
    LINENUMBER 143 L0
    ALOAD 0
    ALOAD 1
    DUP2
    PUTFIELD com/examples/with/different/packagename/testcarver/DateTimeConverter.timeZone : Ljava/util/TimeZone;
    POP
    LDC -2147483637
    LDC "com/examples/with/different/packagename/testcarver/DateTimeConverter"
    LDC "timeZone"
    LDC "Ljava/util/TimeZone;"
    INVOKESTATIC org/evosuite/testcarver/capture/FieldRegistry.notifyModification (Ljava/lang/Object;ILjava/lang/String;Ljava/lang/String;Ljava/lang/String;)V
   L1
    LINENUMBER 144 L1
    RETURN
   L2
    LOCALVARIABLE this Lcom/examples/with/different/packagename/testcarver/DateTimeConverter; L0 L2 0
    LOCALVARIABLE timeZone Ljava/util/TimeZone; L0 L2 1
    MAXSTACK = 6
    MAXLOCALS = 2

  // access flags 0x2
  private _sw_prototype_original_getLocale()Ljava/util/Locale;
   L0
    LINENUMBER 153 L0
    ALOAD 0
    DUP
    GETFIELD com/examples/with/different/packagename/testcarver/DateTimeConverter.locale : Ljava/util/Locale;
    SWAP
    LDC -2147483634
    LDC "com/examples/with/different/packagename/testcarver/DateTimeConverter"
    LDC "locale"
    LDC "Ljava/util/Locale;"
    INVOKESTATIC org/evosuite/testcarver/capture/FieldRegistry.notifyReadAccess (Ljava/lang/Object;ILjava/lang/String;Ljava/lang/String;Ljava/lang/String;)V
    ARETURN
   L1
    LOCALVARIABLE this Lcom/examples/with/different/packagename/testcarver/DateTimeConverter; L0 L1 0
    MAXSTACK = 5
    MAXLOCALS = 1

  // access flags 0x2
  private _sw_prototype_original_setLocale(Ljava/util/Locale;)V
   L0
    LINENUMBER 162 L0
    ALOAD 0
    ALOAD 1
    DUP2
    PUTFIELD com/examples/with/different/packagename/testcarver/DateTimeConverter.locale : Ljava/util/Locale;
    POP
    LDC -2147483632
    LDC "com/examples/with/different/packagename/testcarver/DateTimeConverter"
    LDC "locale"
    LDC "Ljava/util/Locale;"
    INVOKESTATIC org/evosuite/testcarver/capture/FieldRegistry.notifyModification (Ljava/lang/Object;ILjava/lang/String;Ljava/lang/String;Ljava/lang/String;)V
   L1
    LINENUMBER 163 L1
    ALOAD 0
    ICONST_1
    INVOKEVIRTUAL com/examples/with/different/packagename/testcarver/DateTimeConverter.setUseLocaleFormat (Z)V
   L2
    LINENUMBER 164 L2
    RETURN
   L3
    LOCALVARIABLE this Lcom/examples/with/different/packagename/testcarver/DateTimeConverter; L0 L3 0
    LOCALVARIABLE locale Ljava/util/Locale; L0 L3 1
    MAXSTACK = 6
    MAXLOCALS = 2

  // access flags 0x2
  private _sw_prototype_original_setPattern(Ljava/lang/String;)V
   L0
    LINENUMBER 174 L0
    ALOAD 0
    ICONST_1
    ANEWARRAY java/lang/String
    DUP
    ICONST_0
    ALOAD 1
    AASTORE
    INVOKEVIRTUAL com/examples/with/different/packagename/testcarver/DateTimeConverter.setPatterns ([Ljava/lang/String;)V
   L1
    LINENUMBER 175 L1
    RETURN
   L2
    LOCALVARIABLE this Lcom/examples/with/different/packagename/testcarver/DateTimeConverter; L0 L2 0
    LOCALVARIABLE pattern Ljava/lang/String; L0 L2 1
    MAXSTACK = 9
    MAXLOCALS = 2

  // access flags 0x2
  private _sw_prototype_original_getPatterns()[Ljava/lang/String;
   L0
    LINENUMBER 186 L0
    ALOAD 0
    DUP
    GETFIELD com/examples/with/different/packagename/testcarver/DateTimeConverter.patterns : [Ljava/lang/String;
    SWAP
    LDC -2147483628
    LDC "com/examples/with/different/packagename/testcarver/DateTimeConverter"
    LDC "patterns"
    LDC "[Ljava/lang/String;"
    INVOKESTATIC org/evosuite/testcarver/capture/FieldRegistry.notifyReadAccess (Ljava/lang/Object;ILjava/lang/String;Ljava/lang/String;Ljava/lang/String;)V
    ARETURN
   L1
    LOCALVARIABLE this Lcom/examples/with/different/packagename/testcarver/DateTimeConverter; L0 L1 0
    MAXSTACK = 5
    MAXLOCALS = 1

  // access flags 0x2
  private _sw_prototype_original_setPatterns([Ljava/lang/String;)V
   L0
    LINENUMBER 197 L0
    ALOAD 0
    ALOAD 1
    DUP2
    PUTFIELD com/examples/with/different/packagename/testcarver/DateTimeConverter.patterns : [Ljava/lang/String;
    POP
    LDC -2147483626
    LDC "com/examples/with/different/packagename/testcarver/DateTimeConverter"
    LDC "patterns"
    LDC "[Ljava/lang/String;"
    INVOKESTATIC org/evosuite/testcarver/capture/FieldRegistry.notifyModification (Ljava/lang/Object;ILjava/lang/String;Ljava/lang/String;Ljava/lang/String;)V
   L1
    LINENUMBER 198 L1
    ALOAD 1
    IFNULL L2
    ALOAD 1
    ARRAYLENGTH
    ICONST_1
    IF_ICMPLE L2
   L3
    LINENUMBER 199 L3
    NEW java/lang/StringBuffer
    DUP
    INVOKESPECIAL java/lang/StringBuffer.<init> ()V
    ASTORE 2
   L4
    LINENUMBER 200 L4
    ICONST_0
    ISTORE 3
   L5
    ILOAD 3
    ALOAD 1
    ARRAYLENGTH
    IF_ICMPGE L6
   L7
    LINENUMBER 201 L7
    ILOAD 3
    IFLE L8
   L9
    LINENUMBER 202 L9
    ALOAD 2
    LDC ", "
    INVOKEVIRTUAL java/lang/StringBuffer.append (Ljava/lang/String;)Ljava/lang/StringBuffer;
    POP
   L8
    LINENUMBER 204 L8
    ALOAD 2
    ALOAD 1
    ILOAD 3
    AALOAD
    INVOKEVIRTUAL java/lang/StringBuffer.append (Ljava/lang/String;)Ljava/lang/StringBuffer;
    POP
   L10
    LINENUMBER 200 L10
    IINC 3 1
    GOTO L5
   L6
    LINENUMBER 206 L6
    ALOAD 0
    ALOAD 2
    INVOKEVIRTUAL java/lang/StringBuffer.toString ()Ljava/lang/String;
    DUP2
    PUTFIELD com/examples/with/different/packagename/testcarver/DateTimeConverter.displayPatterns : Ljava/lang/String;
    POP
    LDC -2147483624
    LDC "com/examples/with/different/packagename/testcarver/DateTimeConverter"
    LDC "displayPatterns"
    LDC "Ljava/lang/String;"
    INVOKESTATIC org/evosuite/testcarver/capture/FieldRegistry.notifyModification (Ljava/lang/Object;ILjava/lang/String;Ljava/lang/String;Ljava/lang/String;)V
   L2
    LINENUMBER 208 L2
    ALOAD 0
    ICONST_1
    INVOKEVIRTUAL com/examples/with/different/packagename/testcarver/DateTimeConverter.setUseLocaleFormat (Z)V
   L11
    LINENUMBER 209 L11
    RETURN
   L12
    LOCALVARIABLE i I L5 L6 3
    LOCALVARIABLE buffer Ljava/lang/StringBuffer; L4 L2 2
    LOCALVARIABLE this Lcom/examples/with/different/packagename/testcarver/DateTimeConverter; L0 L12 0
    LOCALVARIABLE patterns [Ljava/lang/String; L0 L12 1
    MAXSTACK = 7
    MAXLOCALS = 4

  // access flags 0x4
  protected convertToString(Ljava/lang/Object;)Ljava/lang/String; throws java/lang/Throwable
   L0
    LINENUMBER 228 L0
    ACONST_NULL
    ASTORE 2
   L1
    LINENUMBER 229 L1
    ALOAD 1
    INSTANCEOF java/util/Date
    IFEQ L2
   L3
    LINENUMBER 230 L3
    ALOAD 1
    CHECKCAST org/evosuite/testcarver/wrapper/java/util/Date
    ASTORE 2
    GOTO L4
   L2
    LINENUMBER 231 L2
    ALOAD 1
    INSTANCEOF java/util/Calendar
    IFEQ L5
   L6
    LINENUMBER 232 L6
    ALOAD 1
    CHECKCAST org/evosuite/testcarver/wrapper/java/util/Calendar
    INVOKESTATIC org/evosuite/testcarver/wrapper/java/util/Calendar.getTime (Ljava/util/Calendar;)Ljava/util/Date;
    ASTORE 2
    GOTO L4
   L5
    LINENUMBER 233 L5
    ALOAD 1
    INSTANCEOF java/lang/Long
    IFEQ L4
   L7
    LINENUMBER 234 L7
    NEW org/evosuite/testcarver/wrapper/java/util/Date
    DUP
    ALOAD 1
    CHECKCAST java/lang/Long
    INVOKEVIRTUAL java/lang/Long.longValue ()J
    INVOKESPECIAL org/evosuite/testcarver/wrapper/java/util/Date.<init> (J)V
    ASTORE 2
   L4
    LINENUMBER 237 L4
    ACONST_NULL
    ASTORE 3
   L8
    LINENUMBER 238 L8
    ALOAD 0
    GETFIELD com/examples/with/different/packagename/testcarver/DateTimeConverter.useLocaleFormat : Z
    IFEQ L9
    ALOAD 2
    IFNULL L9
   L10
    LINENUMBER 239 L10
    ACONST_NULL
    ASTORE 4
   L11
    LINENUMBER 240 L11
    ALOAD 0
    GETFIELD com/examples/with/different/packagename/testcarver/DateTimeConverter.patterns : [Ljava/lang/String;
    IFNULL L12
    ALOAD 0
    GETFIELD com/examples/with/different/packagename/testcarver/DateTimeConverter.patterns : [Ljava/lang/String;
    ARRAYLENGTH
    IFLE L12
   L13
    LINENUMBER 241 L13
    ALOAD 0
    ALOAD 0
    GETFIELD com/examples/with/different/packagename/testcarver/DateTimeConverter.patterns : [Ljava/lang/String;
    ICONST_0
    AALOAD
    INVOKESPECIAL com/examples/with/different/packagename/testcarver/DateTimeConverter.getFormat (Ljava/lang/String;)Ljava/text/DateFormat;
    ASTORE 4
    GOTO L14
   L12
    LINENUMBER 243 L12
    ALOAD 0
    ALOAD 0
    GETFIELD com/examples/with/different/packagename/testcarver/DateTimeConverter.locale : Ljava/util/Locale;
    ALOAD 0
    GETFIELD com/examples/with/different/packagename/testcarver/DateTimeConverter.timeZone : Ljava/util/TimeZone;
    INVOKEVIRTUAL com/examples/with/different/packagename/testcarver/DateTimeConverter.getFormat (Ljava/util/Locale;Ljava/util/TimeZone;)Ljava/text/DateFormat;
    ASTORE 4
   L14
    LINENUMBER 245 L14
    ALOAD 0
    LDC "Formatting"
    ALOAD 4
    INVOKESPECIAL com/examples/with/different/packagename/testcarver/DateTimeConverter.logFormat (Ljava/lang/String;Ljava/text/DateFormat;)V
   L15
    LINENUMBER 246 L15
    ALOAD 4
    ALOAD 2
    INVOKESTATIC org/evosuite/testcarver/wrapper/java/text/DateFormat.format (Ljava/text/DateFormat;Ljava/util/Date;)Ljava/lang/String;
    ASTORE 3
   L16
    LINENUMBER 247 L16
    GOTO L17
   L9
    LINENUMBER 248 L9
    ALOAD 1
    INVOKEVIRTUAL java/lang/Object.toString ()Ljava/lang/String;
    ASTORE 3
   L17
    LINENUMBER 250 L17
    ALOAD 3
    ARETURN
   L18
    LOCALVARIABLE format Ljava/text/DateFormat; L11 L16 4
    LOCALVARIABLE this Lcom/examples/with/different/packagename/testcarver/DateTimeConverter; L0 L18 0
    LOCALVARIABLE value Ljava/lang/Object; L0 L18 1
    LOCALVARIABLE date Ljava/util/Date; L1 L18 2
    LOCALVARIABLE result Ljava/lang/String; L8 L18 3
    MAXSTACK = 4
    MAXLOCALS = 5

  // access flags 0x4
  protected convertToType(Ljava/lang/Class;Ljava/lang/Object;)Ljava/lang/Object; throws java/lang/Exception
   L0
    LINENUMBER 284 L0
    ALOAD 2
    INVOKEVIRTUAL java/lang/Object.getClass ()Ljava/lang/Class;
    ASTORE 3
   L1
    LINENUMBER 287 L1
    ALOAD 2
    INSTANCEOF java/sql/Timestamp
    IFEQ L2
   L3
    LINENUMBER 293 L3
    ALOAD 2
    CHECKCAST java/sql/Timestamp
    ASTORE 4
   L4
    LINENUMBER 294 L4
    ALOAD 4
    INVOKEVIRTUAL java/sql/Timestamp.getTime ()J
    LDC 1000L
    LDIV
    LDC 1000L
    LMUL
    LSTORE 5
   L5
    LINENUMBER 295 L5
    LLOAD 5
    ALOAD 4
    INVOKEVIRTUAL java/sql/Timestamp.getNanos ()I
    LDC 1000000
    IDIV
    I2L
    LADD
    LSTORE 5
   L6
    LINENUMBER 297 L6
    ALOAD 0
    ALOAD 1
    LLOAD 5
    INVOKESPECIAL com/examples/with/different/packagename/testcarver/DateTimeConverter.toDate (Ljava/lang/Class;J)Ljava/lang/Object;
    ARETURN
   L2
    LINENUMBER 301 L2
    ALOAD 2
    INSTANCEOF java/util/Date
    IFEQ L7
   L8
    LINENUMBER 302 L8
    ALOAD 2
    CHECKCAST org/evosuite/testcarver/wrapper/java/util/Date
    ASTORE 4
   L9
    LINENUMBER 303 L9
    ALOAD 0
    ALOAD 1
    ALOAD 4
    INVOKEVIRTUAL java/util/Date.getTime ()J
    INVOKESPECIAL com/examples/with/different/packagename/testcarver/DateTimeConverter.toDate (Ljava/lang/Class;J)Ljava/lang/Object;
    ARETURN
   L7
    LINENUMBER 307 L7
    ALOAD 2
    INSTANCEOF java/util/Calendar
    IFEQ L10
   L11
    LINENUMBER 308 L11
    ALOAD 2
    CHECKCAST org/evosuite/testcarver/wrapper/java/util/Calendar
    ASTORE 4
   L12
    LINENUMBER 309 L12
    ALOAD 0
    ALOAD 1
    ALOAD 4
    INVOKESTATIC org/evosuite/testcarver/wrapper/java/util/Calendar.getTime (Ljava/util/Calendar;)Ljava/util/Date;
    INVOKEVIRTUAL java/util/Date.getTime ()J
    INVOKESPECIAL com/examples/with/different/packagename/testcarver/DateTimeConverter.toDate (Ljava/lang/Class;J)Ljava/lang/Object;
    ARETURN
   L10
    LINENUMBER 313 L10
    ALOAD 2
    INSTANCEOF java/lang/Long
    IFEQ L13
   L14
    LINENUMBER 314 L14
    ALOAD 2
    CHECKCAST java/lang/Long
    ASTORE 4
   L15
    LINENUMBER 315 L15
    ALOAD 0
    ALOAD 1
    ALOAD 4
    INVOKEVIRTUAL java/lang/Long.longValue ()J
    INVOKESPECIAL com/examples/with/different/packagename/testcarver/DateTimeConverter.toDate (Ljava/lang/Class;J)Ljava/lang/Object;
    ARETURN
   L13
    LINENUMBER 319 L13
    ALOAD 2
    INVOKEVIRTUAL java/lang/Object.toString ()Ljava/lang/String;
    INVOKEVIRTUAL java/lang/String.trim ()Ljava/lang/String;
    ASTORE 4
   L16
    LINENUMBER 320 L16
    ALOAD 4
    INVOKEVIRTUAL java/lang/String.length ()I
    IFNE L17
   L18
    LINENUMBER 321 L18
    ALOAD 0
    ALOAD 1
    INVOKEVIRTUAL com/examples/with/different/packagename/testcarver/DateTimeConverter.handleMissing (Ljava/lang/Class;)Ljava/lang/Object;
    ARETURN
   L17
    LINENUMBER 325 L17
    ALOAD 0
    GETFIELD com/examples/with/different/packagename/testcarver/DateTimeConverter.useLocaleFormat : Z
    IFEQ L19
   L20
    LINENUMBER 326 L20
    ACONST_NULL
    ASTORE 5
   L21
    LINENUMBER 327 L21
    ALOAD 0
    GETFIELD com/examples/with/different/packagename/testcarver/DateTimeConverter.patterns : [Ljava/lang/String;
    IFNULL L22
    ALOAD 0
    GETFIELD com/examples/with/different/packagename/testcarver/DateTimeConverter.patterns : [Ljava/lang/String;
    ARRAYLENGTH
    IFLE L22
   L23
    LINENUMBER 328 L23
    ALOAD 0
    ALOAD 3
    ALOAD 1
    ALOAD 4
    INVOKESPECIAL com/examples/with/different/packagename/testcarver/DateTimeConverter.parse (Ljava/lang/Class;Ljava/lang/Class;Ljava/lang/String;)Ljava/util/Calendar;
    ASTORE 5
    GOTO L24
   L22
    LINENUMBER 330 L22
    ALOAD 0
    ALOAD 0
    GETFIELD com/examples/with/different/packagename/testcarver/DateTimeConverter.locale : Ljava/util/Locale;
    ALOAD 0
    GETFIELD com/examples/with/different/packagename/testcarver/DateTimeConverter.timeZone : Ljava/util/TimeZone;
    INVOKEVIRTUAL com/examples/with/different/packagename/testcarver/DateTimeConverter.getFormat (Ljava/util/Locale;Ljava/util/TimeZone;)Ljava/text/DateFormat;
    ASTORE 6
   L25
    LINENUMBER 331 L25
    ALOAD 0
    ALOAD 3
    ALOAD 1
    ALOAD 4
    ALOAD 6
    INVOKESPECIAL com/examples/with/different/packagename/testcarver/DateTimeConverter.parse (Ljava/lang/Class;Ljava/lang/Class;Ljava/lang/String;Ljava/text/DateFormat;)Ljava/util/Calendar;
    ASTORE 5
   L24
    LINENUMBER 333 L24
    LDC Ljava/util/Calendar;.class
    ALOAD 1
    INVOKEVIRTUAL java/lang/Class.isAssignableFrom (Ljava/lang/Class;)Z
    IFEQ L26
   L27
    LINENUMBER 334 L27
    ALOAD 5
    ARETURN
   L26
    LINENUMBER 336 L26
    ALOAD 0
    ALOAD 1
    ALOAD 5
    INVOKESTATIC org/evosuite/testcarver/wrapper/java/util/Calendar.getTime (Ljava/util/Calendar;)Ljava/util/Date;
    INVOKEVIRTUAL java/util/Date.getTime ()J
    INVOKESPECIAL com/examples/with/different/packagename/testcarver/DateTimeConverter.toDate (Ljava/lang/Class;J)Ljava/lang/Object;
    ARETURN
   L19
    LINENUMBER 341 L19
    ALOAD 0
    ALOAD 1
    ALOAD 4
    INVOKESPECIAL com/examples/with/different/packagename/testcarver/DateTimeConverter.toDate (Ljava/lang/Class;Ljava/lang/String;)Ljava/lang/Object;
    ARETURN
   L28
    LOCALVARIABLE timestamp Ljava/sql/Timestamp; L4 L2 4
    LOCALVARIABLE timeInMillis J L5 L2 5
    LOCALVARIABLE date Ljava/util/Date; L9 L7 4
    LOCALVARIABLE calendar Ljava/util/Calendar; L12 L10 4
    LOCALVARIABLE longObj Ljava/lang/Long; L15 L13 4
    LOCALVARIABLE format Ljava/text/DateFormat; L25 L24 6
    LOCALVARIABLE calendar Ljava/util/Calendar; L21 L19 5
    LOCALVARIABLE this Lcom/examples/with/different/packagename/testcarver/DateTimeConverter; L0 L28 0
    LOCALVARIABLE targetType Ljava/lang/Class; L0 L28 1
    LOCALVARIABLE value Ljava/lang/Object; L0 L28 2
    LOCALVARIABLE sourceType Ljava/lang/Class; L1 L28 3
    LOCALVARIABLE stringValue Ljava/lang/String; L16 L28 4
    MAXSTACK = 5
    MAXLOCALS = 7

  // access flags 0x2
  private toDate(Ljava/lang/Class;J)Ljava/lang/Object;
   L0
    LINENUMBER 366 L0
    ALOAD 1
    LDC Ljava/util/Date;.class
    INVOKEVIRTUAL java/lang/Object.equals (Ljava/lang/Object;)Z
    IFEQ L1
   L2
    LINENUMBER 367 L2
    NEW org/evosuite/testcarver/wrapper/java/util/Date
    DUP
    LLOAD 2
    INVOKESPECIAL org/evosuite/testcarver/wrapper/java/util/Date.<init> (J)V
    ARETURN
   L1
    LINENUMBER 371 L1
    ALOAD 1
    LDC Ljava/sql/Date;.class
    INVOKEVIRTUAL java/lang/Object.equals (Ljava/lang/Object;)Z
    IFEQ L3
   L4
    LINENUMBER 372 L4
    NEW java/sql/Date
    DUP
    LLOAD 2
    INVOKESPECIAL java/sql/Date.<init> (J)V
    ARETURN
   L3
    LINENUMBER 376 L3
    ALOAD 1
    LDC Ljava/sql/Time;.class
    INVOKEVIRTUAL java/lang/Object.equals (Ljava/lang/Object;)Z
    IFEQ L5
   L6
    LINENUMBER 377 L6
    NEW java/sql/Time
    DUP
    LLOAD 2
    INVOKESPECIAL java/sql/Time.<init> (J)V
    ARETURN
   L5
    LINENUMBER 381 L5
    ALOAD 1
    LDC Ljava/sql/Timestamp;.class
    INVOKEVIRTUAL java/lang/Object.equals (Ljava/lang/Object;)Z
    IFEQ L7
   L8
    LINENUMBER 382 L8
    NEW java/sql/Timestamp
    DUP
    LLOAD 2
    INVOKESPECIAL java/sql/Timestamp.<init> (J)V
    ARETURN
   L7
    LINENUMBER 386 L7
    ALOAD 1
    LDC Ljava/util/Calendar;.class
    INVOKEVIRTUAL java/lang/Object.equals (Ljava/lang/Object;)Z
    IFEQ L9
   L10
    LINENUMBER 387 L10
    ACONST_NULL
    ASTORE 4
   L11
    LINENUMBER 388 L11
    ALOAD 0
    GETFIELD com/examples/with/different/packagename/testcarver/DateTimeConverter.locale : Ljava/util/Locale;
    IFNONNULL L12
    ALOAD 0
    GETFIELD com/examples/with/different/packagename/testcarver/DateTimeConverter.timeZone : Ljava/util/TimeZone;
    IFNONNULL L12
   L13
    LINENUMBER 389 L13
    INVOKESTATIC org/evosuite/testcarver/wrapper/java/util/Calendar.getInstance ()Ljava/util/Calendar;
    ASTORE 4
    GOTO L14
   L12
    LINENUMBER 390 L12
    ALOAD 0
    GETFIELD com/examples/with/different/packagename/testcarver/DateTimeConverter.locale : Ljava/util/Locale;
    IFNONNULL L15
   L16
    LINENUMBER 391 L16
    ALOAD 0
    GETFIELD com/examples/with/different/packagename/testcarver/DateTimeConverter.timeZone : Ljava/util/TimeZone;
    INVOKESTATIC org/evosuite/testcarver/wrapper/java/util/Calendar.getInstance (Ljava/util/TimeZone;)Ljava/util/Calendar;
    ASTORE 4
    GOTO L14
   L15
    LINENUMBER 392 L15
    ALOAD 0
    GETFIELD com/examples/with/different/packagename/testcarver/DateTimeConverter.timeZone : Ljava/util/TimeZone;
    IFNONNULL L17
   L18
    LINENUMBER 393 L18
    ALOAD 0
    GETFIELD com/examples/with/different/packagename/testcarver/DateTimeConverter.locale : Ljava/util/Locale;
    INVOKESTATIC org/evosuite/testcarver/wrapper/java/util/Calendar.getInstance (Ljava/util/Locale;)Ljava/util/Calendar;
    ASTORE 4
    GOTO L14
   L17
    LINENUMBER 395 L17
    ALOAD 0
    GETFIELD com/examples/with/different/packagename/testcarver/DateTimeConverter.timeZone : Ljava/util/TimeZone;
    ALOAD 0
    GETFIELD com/examples/with/different/packagename/testcarver/DateTimeConverter.locale : Ljava/util/Locale;
    INVOKESTATIC org/evosuite/testcarver/wrapper/java/util/Calendar.getInstance (Ljava/util/TimeZone;Ljava/util/Locale;)Ljava/util/Calendar;
    ASTORE 4
   L14
    LINENUMBER 397 L14
    ALOAD 4
    NEW org/evosuite/testcarver/wrapper/java/util/Date
    DUP
    LLOAD 2
    INVOKESPECIAL org/evosuite/testcarver/wrapper/java/util/Date.<init> (J)V
    INVOKESTATIC org/evosuite/testcarver/wrapper/java/util/Calendar.setTime (Ljava/util/Calendar;Ljava/util/Date;)V
   L19
    LINENUMBER 398 L19
    ALOAD 4
    ICONST_0
    INVOKEVIRTUAL java/util/Calendar.setLenient (Z)V
   L20
    LINENUMBER 399 L20
    ALOAD 4
    ARETURN
   L9
    LINENUMBER 402 L9
    NEW java/lang/StringBuilder
    DUP
    INVOKESPECIAL java/lang/StringBuilder.<init> ()V
    ALOAD 0
    ALOAD 0
    INVOKEVIRTUAL java/lang/Object.getClass ()Ljava/lang/Class;
    INVOKEVIRTUAL com/examples/with/different/packagename/testcarver/DateTimeConverter.toString (Ljava/lang/Class;)Ljava/lang/String;
    INVOKEVIRTUAL java/lang/StringBuilder.append (Ljava/lang/String;)Ljava/lang/StringBuilder;
    LDC " cannot handle conversion to '"
    INVOKEVIRTUAL java/lang/StringBuilder.append (Ljava/lang/String;)Ljava/lang/StringBuilder;
    ALOAD 0
    ALOAD 1
   L21
    LINENUMBER 403 L21
    INVOKEVIRTUAL com/examples/with/different/packagename/testcarver/DateTimeConverter.toString (Ljava/lang/Class;)Ljava/lang/String;
    INVOKEVIRTUAL java/lang/StringBuilder.append (Ljava/lang/String;)Ljava/lang/StringBuilder;
    LDC "'"
    INVOKEVIRTUAL java/lang/StringBuilder.append (Ljava/lang/String;)Ljava/lang/StringBuilder;
    INVOKEVIRTUAL java/lang/StringBuilder.toString ()Ljava/lang/String;
    ASTORE 4
   L22
    LINENUMBER 404 L22
    NEW com/examples/with/different/packagename/testcarver/ConversionException
    DUP
    ALOAD 4
    INVOKESPECIAL com/examples/with/different/packagename/testcarver/ConversionException.<init> (Ljava/lang/String;)V
    ATHROW
   L23
    LOCALVARIABLE calendar Ljava/util/Calendar; L11 L9 4
    LOCALVARIABLE this Lcom/examples/with/different/packagename/testcarver/DateTimeConverter; L0 L23 0
    LOCALVARIABLE type Ljava/lang/Class; L0 L23 1
    LOCALVARIABLE value J L0 L23 2
    LOCALVARIABLE msg Ljava/lang/String; L22 L23 4
    MAXSTACK = 5
    MAXLOCALS = 5

  // access flags 0x2
  private toDate(Ljava/lang/Class;Ljava/lang/String;)Ljava/lang/Object;
    TRYCATCHBLOCK L0 L1 L2 java/lang/IllegalArgumentException
    TRYCATCHBLOCK L3 L4 L5 java/lang/IllegalArgumentException
    TRYCATCHBLOCK L6 L7 L8 java/lang/IllegalArgumentException
   L9
    LINENUMBER 427 L9
    ALOAD 1
    LDC Ljava/sql/Date;.class
    INVOKEVIRTUAL java/lang/Object.equals (Ljava/lang/Object;)Z
    IFEQ L10
   L0
    LINENUMBER 429 L0
    ALOAD 2
    INVOKESTATIC java/sql/Date.valueOf (Ljava/lang/String;)Ljava/sql/Date;
   L1
    ARETURN
   L2
    LINENUMBER 430 L2
    ASTORE 3
   L11
    LINENUMBER 431 L11
    NEW com/examples/with/different/packagename/testcarver/ConversionException
    DUP
    LDC "String must be in JDBC format [yyyy-MM-dd] to create a java.sql.Date"
    INVOKESPECIAL com/examples/with/different/packagename/testcarver/ConversionException.<init> (Ljava/lang/String;)V
    ATHROW
   L10
    LINENUMBER 437 L10
    ALOAD 1
    LDC Ljava/sql/Time;.class
    INVOKEVIRTUAL java/lang/Object.equals (Ljava/lang/Object;)Z
    IFEQ L12
   L3
    LINENUMBER 439 L3
    ALOAD 2
    INVOKESTATIC java/sql/Time.valueOf (Ljava/lang/String;)Ljava/sql/Time;
   L4
    ARETURN
   L5
    LINENUMBER 440 L5
    ASTORE 3
   L13
    LINENUMBER 441 L13
    NEW com/examples/with/different/packagename/testcarver/ConversionException
    DUP
    LDC "String must be in JDBC format [HH:mm:ss] to create a java.sql.Time"
    INVOKESPECIAL com/examples/with/different/packagename/testcarver/ConversionException.<init> (Ljava/lang/String;)V
    ATHROW
   L12
    LINENUMBER 447 L12
    ALOAD 1
    LDC Ljava/sql/Timestamp;.class
    INVOKEVIRTUAL java/lang/Object.equals (Ljava/lang/Object;)Z
    IFEQ L14
   L6
    LINENUMBER 449 L6
    ALOAD 2
    INVOKESTATIC java/sql/Timestamp.valueOf (Ljava/lang/String;)Ljava/sql/Timestamp;
   L7
    ARETURN
   L8
    LINENUMBER 450 L8
    ASTORE 3
   L15
    LINENUMBER 451 L15
    NEW com/examples/with/different/packagename/testcarver/ConversionException
    DUP
    LDC "String must be in JDBC format [yyyy-MM-dd HH:mm:ss.fffffffff] to create a java.sql.Timestamp"
    INVOKESPECIAL com/examples/with/different/packagename/testcarver/ConversionException.<init> (Ljava/lang/String;)V
    ATHROW
   L14
    LINENUMBER 457 L14
    NEW java/lang/StringBuilder
    DUP
    INVOKESPECIAL java/lang/StringBuilder.<init> ()V
    ALOAD 0
    ALOAD 0
    INVOKEVIRTUAL java/lang/Object.getClass ()Ljava/lang/Class;
    INVOKEVIRTUAL com/examples/with/different/packagename/testcarver/DateTimeConverter.toString (Ljava/lang/Class;)Ljava/lang/String;
    INVOKEVIRTUAL java/lang/StringBuilder.append (Ljava/lang/String;)Ljava/lang/StringBuilder;
    LDC " does not support default String to '"
    INVOKEVIRTUAL java/lang/StringBuilder.append (Ljava/lang/String;)Ljava/lang/StringBuilder;
    ALOAD 0
    ALOAD 1
   L16
    LINENUMBER 458 L16
    INVOKEVIRTUAL com/examples/with/different/packagename/testcarver/DateTimeConverter.toString (Ljava/lang/Class;)Ljava/lang/String;
    INVOKEVIRTUAL java/lang/StringBuilder.append (Ljava/lang/String;)Ljava/lang/StringBuilder;
    LDC "' conversion."
    INVOKEVIRTUAL java/lang/StringBuilder.append (Ljava/lang/String;)Ljava/lang/StringBuilder;
    INVOKEVIRTUAL java/lang/StringBuilder.toString ()Ljava/lang/String;
    ASTORE 3
   L17
    LINENUMBER 459 L17
    NEW com/examples/with/different/packagename/testcarver/ConversionException
    DUP
    ALOAD 3
    INVOKESPECIAL com/examples/with/different/packagename/testcarver/ConversionException.<init> (Ljava/lang/String;)V
    ATHROW
   L18
    LOCALVARIABLE e Ljava/lang/IllegalArgumentException; L11 L10 3
    LOCALVARIABLE e Ljava/lang/IllegalArgumentException; L13 L12 3
    LOCALVARIABLE e Ljava/lang/IllegalArgumentException; L15 L14 3
    LOCALVARIABLE this Lcom/examples/with/different/packagename/testcarver/DateTimeConverter; L9 L18 0
    LOCALVARIABLE type Ljava/lang/Class; L9 L18 1
    LOCALVARIABLE value Ljava/lang/String; L9 L18 2
    LOCALVARIABLE msg Ljava/lang/String; L17 L18 3
    MAXSTACK = 3
    MAXLOCALS = 4

  // access flags 0x4
  protected getFormat(Ljava/util/Locale;Ljava/util/TimeZone;)Ljava/text/DateFormat;
   L0
    LINENUMBER 470 L0
    ACONST_NULL
    ASTORE 3
   L1
    LINENUMBER 471 L1
    ALOAD 1
    IFNONNULL L2
   L3
    LINENUMBER 472 L3
    ICONST_3
    INVOKESTATIC org/evosuite/testcarver/wrapper/java/text/DateFormat.getDateInstance_final (I)Ljava/text/DateFormat;
    ASTORE 3
    GOTO L4
   L2
    LINENUMBER 474 L2
    ICONST_3
    ALOAD 1
    INVOKESTATIC org/evosuite/testcarver/wrapper/java/text/DateFormat.getDateInstance_final (ILjava/util/Locale;)Ljava/text/DateFormat;
    ASTORE 3
   L4
    LINENUMBER 476 L4
    ALOAD 2
    IFNULL L5
   L6
    LINENUMBER 477 L6
    ALOAD 3
    ALOAD 2
    INVOKEVIRTUAL java/text/DateFormat.setTimeZone (Ljava/util/TimeZone;)V
   L5
    LINENUMBER 479 L5
    ALOAD 3
    ARETURN
   L7
    LOCALVARIABLE this Lcom/examples/with/different/packagename/testcarver/DateTimeConverter; L0 L7 0
    LOCALVARIABLE locale Ljava/util/Locale; L0 L7 1
    LOCALVARIABLE timeZone Ljava/util/TimeZone; L0 L7 2
    LOCALVARIABLE format Ljava/text/DateFormat; L1 L7 3
    MAXSTACK = 2
    MAXLOCALS = 4

  // access flags 0x2
  private getFormat(Ljava/lang/String;)Ljava/text/DateFormat;
   L0
    LINENUMBER 489 L0
    NEW org/evosuite/testcarver/wrapper/java/text/SimpleDateFormat
    DUP
    ALOAD 1
    INVOKESPECIAL org/evosuite/testcarver/wrapper/java/text/SimpleDateFormat.<init> (Ljava/lang/String;)V
    ASTORE 2
   L1
    LINENUMBER 490 L1
    ALOAD 0
    GETFIELD com/examples/with/different/packagename/testcarver/DateTimeConverter.timeZone : Ljava/util/TimeZone;
    IFNULL L2
   L3
    LINENUMBER 491 L3
    ALOAD 2
    ALOAD 0
    GETFIELD com/examples/with/different/packagename/testcarver/DateTimeConverter.timeZone : Ljava/util/TimeZone;
    INVOKEVIRTUAL java/text/DateFormat.setTimeZone (Ljava/util/TimeZone;)V
   L2
    LINENUMBER 493 L2
    ALOAD 2
    ARETURN
   L4
    LOCALVARIABLE this Lcom/examples/with/different/packagename/testcarver/DateTimeConverter; L0 L4 0
    LOCALVARIABLE pattern Ljava/lang/String; L0 L4 1
    LOCALVARIABLE format Ljava/text/DateFormat; L1 L4 2
    MAXSTACK = 3
    MAXLOCALS = 3

  // access flags 0x2
  private parse(Ljava/lang/Class;Ljava/lang/Class;Ljava/lang/String;)Ljava/util/Calendar; throws java/lang/Exception
    TRYCATCHBLOCK L0 L1 L2 java/lang/Exception
   L3
    LINENUMBER 506 L3
    ACONST_NULL
    ASTORE 4
   L4
    LINENUMBER 507 L4
    ICONST_0
    ISTORE 5
   L5
    ILOAD 5
    ALOAD 0
    GETFIELD com/examples/with/different/packagename/testcarver/DateTimeConverter.patterns : [Ljava/lang/String;
    ARRAYLENGTH
    IF_ICMPGE L6
   L0
    LINENUMBER 509 L0
    ALOAD 0
    ALOAD 0
    GETFIELD com/examples/with/different/packagename/testcarver/DateTimeConverter.patterns : [Ljava/lang/String;
    ILOAD 5
    AALOAD
    INVOKESPECIAL com/examples/with/different/packagename/testcarver/DateTimeConverter.getFormat (Ljava/lang/String;)Ljava/text/DateFormat;
    ASTORE 6
   L7
    LINENUMBER 510 L7
    ALOAD 0
    ALOAD 1
    ALOAD 2
    ALOAD 3
    ALOAD 6
    INVOKESPECIAL com/examples/with/different/packagename/testcarver/DateTimeConverter.parse (Ljava/lang/Class;Ljava/lang/Class;Ljava/lang/String;Ljava/text/DateFormat;)Ljava/util/Calendar;
    ASTORE 7
   L8
    LINENUMBER 511 L8
    ALOAD 7
   L1
    ARETURN
   L2
    LINENUMBER 512 L2
    ASTORE 6
   L9
    LINENUMBER 513 L9
    ALOAD 4
    IFNONNULL L10
   L11
    LINENUMBER 514 L11
    ALOAD 6
    ASTORE 4
   L10
    LINENUMBER 507 L10
    IINC 5 1
    GOTO L5
   L6
    LINENUMBER 518 L6
    ALOAD 0
    GETFIELD com/examples/with/different/packagename/testcarver/DateTimeConverter.patterns : [Ljava/lang/String;
    ARRAYLENGTH
    ICONST_1
    IF_ICMPLE L12
   L13
    LINENUMBER 519 L13
    NEW com/examples/with/different/packagename/testcarver/ConversionException
    DUP
    NEW java/lang/StringBuilder
    DUP
    INVOKESPECIAL java/lang/StringBuilder.<init> ()V
    LDC "Error converting '"
    INVOKEVIRTUAL java/lang/StringBuilder.append (Ljava/lang/String;)Ljava/lang/StringBuilder;
    ALOAD 0
    ALOAD 1
    INVOKEVIRTUAL com/examples/with/different/packagename/testcarver/DateTimeConverter.toString (Ljava/lang/Class;)Ljava/lang/String;
    INVOKEVIRTUAL java/lang/StringBuilder.append (Ljava/lang/String;)Ljava/lang/StringBuilder;
    LDC "' to '"
    INVOKEVIRTUAL java/lang/StringBuilder.append (Ljava/lang/String;)Ljava/lang/StringBuilder;
    ALOAD 0
    ALOAD 2
    INVOKEVIRTUAL com/examples/with/different/packagename/testcarver/DateTimeConverter.toString (Ljava/lang/Class;)Ljava/lang/String;
    INVOKEVIRTUAL java/lang/StringBuilder.append (Ljava/lang/String;)Ljava/lang/StringBuilder;
    LDC "' using  patterns '"
    INVOKEVIRTUAL java/lang/StringBuilder.append (Ljava/lang/String;)Ljava/lang/StringBuilder;
    ALOAD 0
    GETFIELD com/examples/with/different/packagename/testcarver/DateTimeConverter.displayPatterns : Ljava/lang/String;
    INVOKEVIRTUAL java/lang/StringBuilder.append (Ljava/lang/String;)Ljava/lang/StringBuilder;
    LDC "'"
    INVOKEVIRTUAL java/lang/StringBuilder.append (Ljava/lang/String;)Ljava/lang/StringBuilder;
    INVOKEVIRTUAL java/lang/StringBuilder.toString ()Ljava/lang/String;
    INVOKESPECIAL com/examples/with/different/packagename/testcarver/ConversionException.<init> (Ljava/lang/String;)V
    ATHROW
   L12
    LINENUMBER 522 L12
    ALOAD 4
    ATHROW
   L14
    LOCALVARIABLE format Ljava/text/DateFormat; L7 L2 6
    LOCALVARIABLE calendar Ljava/util/Calendar; L8 L2 7
    LOCALVARIABLE ex Ljava/lang/Exception; L9 L10 6
    LOCALVARIABLE i I L5 L6 5
    LOCALVARIABLE this Lcom/examples/with/different/packagename/testcarver/DateTimeConverter; L3 L14 0
    LOCALVARIABLE sourceType Ljava/lang/Class; L3 L14 1
    LOCALVARIABLE targetType Ljava/lang/Class; L3 L14 2
    LOCALVARIABLE value Ljava/lang/String; L3 L14 3
    LOCALVARIABLE firstEx Ljava/lang/Exception; L4 L14 4
    MAXSTACK = 5
    MAXLOCALS = 8

  // access flags 0x2
  private parse(Ljava/lang/Class;Ljava/lang/Class;Ljava/lang/String;Ljava/text/DateFormat;)Ljava/util/Calendar;
   L0
    LINENUMBER 538 L0
    ALOAD 0
    LDC "Parsing"
    ALOAD 4
    INVOKESPECIAL com/examples/with/different/packagename/testcarver/DateTimeConverter.logFormat (Ljava/lang/String;Ljava/text/DateFormat;)V
   L1
    LINENUMBER 539 L1
    ALOAD 4
    ICONST_0
    INVOKEVIRTUAL java/text/DateFormat.setLenient (Z)V
   L2
    LINENUMBER 540 L2
    NEW java/text/ParsePosition
    DUP
    ICONST_0
    INVOKESPECIAL java/text/ParsePosition.<init> (I)V
    ASTORE 5
   L3
    LINENUMBER 541 L3
    ALOAD 4
    ALOAD 3
    ALOAD 5
    INVOKEVIRTUAL java/text/DateFormat.parse (Ljava/lang/String;Ljava/text/ParsePosition;)Ljava/util/Date;
    ASTORE 6
   L4
    LINENUMBER 542 L4
    ALOAD 5
    INVOKEVIRTUAL java/text/ParsePosition.getErrorIndex ()I
    IFGE L5
    ALOAD 5
    INVOKEVIRTUAL java/text/ParsePosition.getIndex ()I
    ALOAD 3
    INVOKEVIRTUAL java/lang/String.length ()I
    IF_ICMPNE L5
    ALOAD 6
    IFNONNULL L6
   L5
    LINENUMBER 543 L5
    NEW java/lang/StringBuilder
    DUP
    INVOKESPECIAL java/lang/StringBuilder.<init> ()V
    LDC "Error converting '"
    INVOKEVIRTUAL java/lang/StringBuilder.append (Ljava/lang/String;)Ljava/lang/StringBuilder;
    ALOAD 0
    ALOAD 1
    INVOKEVIRTUAL com/examples/with/different/packagename/testcarver/DateTimeConverter.toString (Ljava/lang/Class;)Ljava/lang/String;
    INVOKEVIRTUAL java/lang/StringBuilder.append (Ljava/lang/String;)Ljava/lang/StringBuilder;
    LDC "' to '"
    INVOKEVIRTUAL java/lang/StringBuilder.append (Ljava/lang/String;)Ljava/lang/StringBuilder;
    ALOAD 0
    ALOAD 2
    INVOKEVIRTUAL com/examples/with/different/packagename/testcarver/DateTimeConverter.toString (Ljava/lang/Class;)Ljava/lang/String;
    INVOKEVIRTUAL java/lang/StringBuilder.append (Ljava/lang/String;)Ljava/lang/StringBuilder;
    LDC "'"
    INVOKEVIRTUAL java/lang/StringBuilder.append (Ljava/lang/String;)Ljava/lang/StringBuilder;
    INVOKEVIRTUAL java/lang/StringBuilder.toString ()Ljava/lang/String;
    ASTORE 7
   L7
    LINENUMBER 544 L7
    ALOAD 4
    INSTANCEOF java/text/SimpleDateFormat
    IFEQ L8
   L9
    LINENUMBER 545 L9
    NEW java/lang/StringBuilder
    DUP
    INVOKESPECIAL java/lang/StringBuilder.<init> ()V
    ALOAD 7
    INVOKEVIRTUAL java/lang/StringBuilder.append (Ljava/lang/String;)Ljava/lang/StringBuilder;
    LDC " using pattern '"
    INVOKEVIRTUAL java/lang/StringBuilder.append (Ljava/lang/String;)Ljava/lang/StringBuilder;
    ALOAD 4
    CHECKCAST org/evosuite/testcarver/wrapper/java/text/SimpleDateFormat
    INVOKEVIRTUAL java/text/SimpleDateFormat.toPattern ()Ljava/lang/String;
    INVOKEVIRTUAL java/lang/StringBuilder.append (Ljava/lang/String;)Ljava/lang/StringBuilder;
    LDC "'"
    INVOKEVIRTUAL java/lang/StringBuilder.append (Ljava/lang/String;)Ljava/lang/StringBuilder;
    INVOKEVIRTUAL java/lang/StringBuilder.toString ()Ljava/lang/String;
    ASTORE 7
   L8
    LINENUMBER 547 L8
    NEW com/examples/with/different/packagename/testcarver/ConversionException
    DUP
    ALOAD 7
    INVOKESPECIAL com/examples/with/different/packagename/testcarver/ConversionException.<init> (Ljava/lang/String;)V
    ATHROW
   L6
    LINENUMBER 549 L6
    ALOAD 4
    INVOKEVIRTUAL java/text/DateFormat.getCalendar ()Ljava/util/Calendar;
    ASTORE 7
   L10
    LINENUMBER 550 L10
    ALOAD 7
    ARETURN
   L11
    LOCALVARIABLE msg Ljava/lang/String; L7 L6 7
    LOCALVARIABLE this Lcom/examples/with/different/packagename/testcarver/DateTimeConverter; L0 L11 0
    LOCALVARIABLE sourceType Ljava/lang/Class; L0 L11 1
    LOCALVARIABLE targetType Ljava/lang/Class; L0 L11 2
    LOCALVARIABLE value Ljava/lang/String; L0 L11 3
    LOCALVARIABLE format Ljava/text/DateFormat; L0 L11 4
    LOCALVARIABLE pos Ljava/text/ParsePosition; L3 L11 5
    LOCALVARIABLE parsedDate Ljava/util/Date; L4 L11 6
    LOCALVARIABLE calendar Ljava/util/Calendar; L10 L11 7
    MAXSTACK = 3
    MAXLOCALS = 8

  // access flags 0x2
  private _sw_prototype_original_toString()Ljava/lang/String;
   L0
    LINENUMBER 559 L0
    NEW java/lang/StringBuffer
    DUP
    INVOKESPECIAL java/lang/StringBuffer.<init> ()V
    ASTORE 1
   L1
    LINENUMBER 560 L1
    ALOAD 1
    ALOAD 0
    ALOAD 0
    INVOKEVIRTUAL java/lang/Object.getClass ()Ljava/lang/Class;
    INVOKEVIRTUAL com/examples/with/different/packagename/testcarver/DateTimeConverter.toString (Ljava/lang/Class;)Ljava/lang/String;
    INVOKEVIRTUAL java/lang/StringBuffer.append (Ljava/lang/String;)Ljava/lang/StringBuffer;
    POP
   L2
    LINENUMBER 561 L2
    ALOAD 1
    LDC "[UseDefault="
    INVOKEVIRTUAL java/lang/StringBuffer.append (Ljava/lang/String;)Ljava/lang/StringBuffer;
    POP
   L3
    LINENUMBER 562 L3
    ALOAD 1
    ALOAD 0
    INVOKEVIRTUAL com/examples/with/different/packagename/testcarver/DateTimeConverter.isUseDefault ()Z
    INVOKEVIRTUAL java/lang/StringBuffer.append (Z)Ljava/lang/StringBuffer;
    POP
   L4
    LINENUMBER 563 L4
    ALOAD 1
    LDC ", UseLocaleFormat="
    INVOKEVIRTUAL java/lang/StringBuffer.append (Ljava/lang/String;)Ljava/lang/StringBuffer;
    POP
   L5
    LINENUMBER 564 L5
    ALOAD 1
    ALOAD 0
    DUP
    GETFIELD com/examples/with/different/packagename/testcarver/DateTimeConverter.useLocaleFormat : Z
    SWAP
    LDC -2147483621
    LDC "com/examples/with/different/packagename/testcarver/DateTimeConverter"
    LDC "useLocaleFormat"
    LDC "Z"
    INVOKESTATIC org/evosuite/testcarver/capture/FieldRegistry.notifyReadAccess (Ljava/lang/Object;ILjava/lang/String;Ljava/lang/String;Ljava/lang/String;)V
    INVOKEVIRTUAL java/lang/StringBuffer.append (Z)Ljava/lang/StringBuffer;
    POP
   L6
    LINENUMBER 565 L6
    ALOAD 0
    DUP
    GETFIELD com/examples/with/different/packagename/testcarver/DateTimeConverter.displayPatterns : Ljava/lang/String;
    SWAP
    LDC -2147483620
    LDC "com/examples/with/different/packagename/testcarver/DateTimeConverter"
    LDC "displayPatterns"
    LDC "Ljava/lang/String;"
    INVOKESTATIC org/evosuite/testcarver/capture/FieldRegistry.notifyReadAccess (Ljava/lang/Object;ILjava/lang/String;Ljava/lang/String;Ljava/lang/String;)V
    IFNULL L7
   L8
    LINENUMBER 566 L8
    ALOAD 1
    LDC ", Patterns={"
    INVOKEVIRTUAL java/lang/StringBuffer.append (Ljava/lang/String;)Ljava/lang/StringBuffer;
    POP
   L9
    LINENUMBER 567 L9
    ALOAD 1
    ALOAD 0
    DUP
    GETFIELD com/examples/with/different/packagename/testcarver/DateTimeConverter.displayPatterns : Ljava/lang/String;
    SWAP
    LDC -2147483619
    LDC "com/examples/with/different/packagename/testcarver/DateTimeConverter"
    LDC "displayPatterns"
    LDC "Ljava/lang/String;"
    INVOKESTATIC org/evosuite/testcarver/capture/FieldRegistry.notifyReadAccess (Ljava/lang/Object;ILjava/lang/String;Ljava/lang/String;Ljava/lang/String;)V
    INVOKEVIRTUAL java/lang/StringBuffer.append (Ljava/lang/String;)Ljava/lang/StringBuffer;
    POP
   L10
    LINENUMBER 568 L10
    ALOAD 1
    BIPUSH 125
    INVOKEVIRTUAL java/lang/StringBuffer.append (C)Ljava/lang/StringBuffer;
    POP
   L7
    LINENUMBER 570 L7
    ALOAD 0
    DUP
    GETFIELD com/examples/with/different/packagename/testcarver/DateTimeConverter.locale : Ljava/util/Locale;
    SWAP
    LDC -2147483618
    LDC "com/examples/with/different/packagename/testcarver/DateTimeConverter"
    LDC "locale"
    LDC "Ljava/util/Locale;"
    INVOKESTATIC org/evosuite/testcarver/capture/FieldRegistry.notifyReadAccess (Ljava/lang/Object;ILjava/lang/String;Ljava/lang/String;Ljava/lang/String;)V
    IFNULL L11
   L12
    LINENUMBER 571 L12
    ALOAD 1
    LDC ", Locale="
    INVOKEVIRTUAL java/lang/StringBuffer.append (Ljava/lang/String;)Ljava/lang/StringBuffer;
    POP
   L13
    LINENUMBER 572 L13
    ALOAD 1
    ALOAD 0
    DUP
    GETFIELD com/examples/with/different/packagename/testcarver/DateTimeConverter.locale : Ljava/util/Locale;
    SWAP
    LDC -2147483617
    LDC "com/examples/with/different/packagename/testcarver/DateTimeConverter"
    LDC "locale"
    LDC "Ljava/util/Locale;"
    INVOKESTATIC org/evosuite/testcarver/capture/FieldRegistry.notifyReadAccess (Ljava/lang/Object;ILjava/lang/String;Ljava/lang/String;Ljava/lang/String;)V
    INVOKEVIRTUAL java/lang/StringBuffer.append (Ljava/lang/Object;)Ljava/lang/StringBuffer;
    POP
   L11
    LINENUMBER 574 L11
    ALOAD 0
    DUP
    GETFIELD com/examples/with/different/packagename/testcarver/DateTimeConverter.timeZone : Ljava/util/TimeZone;
    SWAP
    LDC -2147483616
    LDC "com/examples/with/different/packagename/testcarver/DateTimeConverter"
    LDC "timeZone"
    LDC "Ljava/util/TimeZone;"
    INVOKESTATIC org/evosuite/testcarver/capture/FieldRegistry.notifyReadAccess (Ljava/lang/Object;ILjava/lang/String;Ljava/lang/String;Ljava/lang/String;)V
    IFNULL L14
   L15
    LINENUMBER 575 L15
    ALOAD 1
    LDC ", TimeZone="
    INVOKEVIRTUAL java/lang/StringBuffer.append (Ljava/lang/String;)Ljava/lang/StringBuffer;
    POP
   L16
    LINENUMBER 576 L16
    ALOAD 1
    ALOAD 0
    DUP
    GETFIELD com/examples/with/different/packagename/testcarver/DateTimeConverter.timeZone : Ljava/util/TimeZone;
    SWAP
    LDC -2147483615
    LDC "com/examples/with/different/packagename/testcarver/DateTimeConverter"
    LDC "timeZone"
    LDC "Ljava/util/TimeZone;"
    INVOKESTATIC org/evosuite/testcarver/capture/FieldRegistry.notifyReadAccess (Ljava/lang/Object;ILjava/lang/String;Ljava/lang/String;Ljava/lang/String;)V
    INVOKEVIRTUAL java/lang/StringBuffer.append (Ljava/lang/Object;)Ljava/lang/StringBuffer;
    POP
   L14
    LINENUMBER 578 L14
    ALOAD 1
    BIPUSH 93
    INVOKEVIRTUAL java/lang/StringBuffer.append (C)Ljava/lang/StringBuffer;
    POP
   L17
    LINENUMBER 579 L17
    ALOAD 1
    INVOKEVIRTUAL java/lang/StringBuffer.toString ()Ljava/lang/String;
    ARETURN
   L18
    LOCALVARIABLE this Lcom/examples/with/different/packagename/testcarver/DateTimeConverter; L0 L18 0
    LOCALVARIABLE buffer Ljava/lang/StringBuffer; L1 L18 1
    MAXSTACK = 7
    MAXLOCALS = 2

  // access flags 0x2
  private logFormat(Ljava/lang/String;Ljava/text/DateFormat;)V
   L0
    LINENUMBER 590 L0
    RETURN
   L1
    LOCALVARIABLE this Lcom/examples/with/different/packagename/testcarver/DateTimeConverter; L0 L1 0
    LOCALVARIABLE action Ljava/lang/String; L0 L1 1
    LOCALVARIABLE format Ljava/text/DateFormat; L0 L1 2
    MAXSTACK = 0
    MAXLOCALS = 3

  // access flags 0x1
  public setUseLocaleFormat(Z)V
    TRYCATCHBLOCK L0 L1 L1 java/lang/Throwable
   L0
    LDC -2147483640
    ALOAD 0
    LDC "setUseLocaleFormat"
    LDC "(Z)V"
    BIPUSH 1
    ANEWARRAY java/lang/Object
    DUP
    BIPUSH 0
    ILOAD 1
    INVOKESTATIC java/lang/Boolean.valueOf (Z)Ljava/lang/Boolean;
    AASTORE
    INVOKESTATIC org/evosuite/testcarver/capture/Capturer.capture (ILjava/lang/Object;Ljava/lang/String;Ljava/lang/String;[Ljava/lang/Object;)V
    ALOAD 0
    ILOAD 1
    INVOKEVIRTUAL com/examples/with/different/packagename/testcarver/DateTimeConverter._sw_prototype_original_setUseLocaleFormat (Z)V
    GOTO L2
   L1
   FRAME SAME1 java/lang/Throwable
    ASTORE 2
    LDC -2147483640
    ALOAD 0
    GETSTATIC org/evosuite/testcarver/capture/CaptureLog.RETURN_TYPE_VOID : Ljava/lang/Object;
    INVOKESTATIC org/evosuite/testcarver/capture/Capturer.enable (ILjava/lang/Object;Ljava/lang/Object;)V
    ALOAD 2
    ATHROW
   L2
   FRAME SAME
    LDC -2147483640
    ALOAD 0
    GETSTATIC org/evosuite/testcarver/capture/CaptureLog.RETURN_TYPE_VOID : Ljava/lang/Object;
    INVOKESTATIC org/evosuite/testcarver/capture/Capturer.enable (ILjava/lang/Object;Ljava/lang/Object;)V
    RETURN
    MAXSTACK = 6
    MAXLOCALS = 0

  // access flags 0x1
  public getTimeZone()Ljava/util/TimeZone;
    TRYCATCHBLOCK L0 L1 L2 java/lang/Throwable
    ACONST_NULL
    ASTORE 1
   L0
    LDC -2147483638
    ALOAD 0
    LDC "getTimeZone"
    LDC "()Ljava/util/TimeZone;"
    BIPUSH 0
    ANEWARRAY java/lang/Object
    INVOKESTATIC org/evosuite/testcarver/capture/Capturer.capture (ILjava/lang/Object;Ljava/lang/String;Ljava/lang/String;[Ljava/lang/Object;)V
    ALOAD 0
    INVOKEVIRTUAL com/examples/with/different/packagename/testcarver/DateTimeConverter._sw_prototype_original_getTimeZone ()Ljava/util/TimeZone;
    ASTORE 1
    ALOAD 1
    ASTORE 3
   L1
    LDC -2147483638
    ALOAD 0
    ALOAD 1
    INVOKESTATIC org/evosuite/testcarver/capture/Capturer.enable (ILjava/lang/Object;Ljava/lang/Object;)V
    ALOAD 3
    ARETURN
   L2
   FRAME FULL [com/examples/with/different/packagename/testcarver/DateTimeConverter java/util/TimeZone] [java/lang/Throwable]
    ASTORE 2
    LDC -2147483638
    ALOAD 0
    ALOAD 1
    INVOKESTATIC org/evosuite/testcarver/capture/Capturer.enable (ILjava/lang/Object;Ljava/lang/Object;)V
    ALOAD 2
    ATHROW
    MAXSTACK = 5
    MAXLOCALS = 0

  // access flags 0x1
  public setTimeZone(Ljava/util/TimeZone;)V
    TRYCATCHBLOCK L0 L1 L1 java/lang/Throwable
   L0
    LDC -2147483635
    ALOAD 0
    LDC "setTimeZone"
    LDC "(Ljava/util/TimeZone;)V"
    BIPUSH 1
    ANEWARRAY java/lang/Object
    DUP
    BIPUSH 0
    ALOAD 1
    AASTORE
    INVOKESTATIC org/evosuite/testcarver/capture/Capturer.capture (ILjava/lang/Object;Ljava/lang/String;Ljava/lang/String;[Ljava/lang/Object;)V
    ALOAD 0
    ALOAD 1
    INVOKEVIRTUAL com/examples/with/different/packagename/testcarver/DateTimeConverter._sw_prototype_original_setTimeZone (Ljava/util/TimeZone;)V
    GOTO L2
   L1
   FRAME SAME1 java/lang/Throwable
    ASTORE 2
    LDC -2147483635
    ALOAD 0
    GETSTATIC org/evosuite/testcarver/capture/CaptureLog.RETURN_TYPE_VOID : Ljava/lang/Object;
    INVOKESTATIC org/evosuite/testcarver/capture/Capturer.enable (ILjava/lang/Object;Ljava/lang/Object;)V
    ALOAD 2
    ATHROW
   L2
   FRAME SAME
    LDC -2147483635
    ALOAD 0
    GETSTATIC org/evosuite/testcarver/capture/CaptureLog.RETURN_TYPE_VOID : Ljava/lang/Object;
    INVOKESTATIC org/evosuite/testcarver/capture/Capturer.enable (ILjava/lang/Object;Ljava/lang/Object;)V
    RETURN
    MAXSTACK = 6
    MAXLOCALS = 0

  // access flags 0x1
  public getLocale()Ljava/util/Locale;
    TRYCATCHBLOCK L0 L1 L2 java/lang/Throwable
    ACONST_NULL
    ASTORE 1
   L0
    LDC -2147483633
    ALOAD 0
    LDC "getLocale"
    LDC "()Ljava/util/Locale;"
    BIPUSH 0
    ANEWARRAY java/lang/Object
    INVOKESTATIC org/evosuite/testcarver/capture/Capturer.capture (ILjava/lang/Object;Ljava/lang/String;Ljava/lang/String;[Ljava/lang/Object;)V
    ALOAD 0
    INVOKEVIRTUAL com/examples/with/different/packagename/testcarver/DateTimeConverter._sw_prototype_original_getLocale ()Ljava/util/Locale;
    ASTORE 1
    ALOAD 1
    ASTORE 3
   L1
    LDC -2147483633
    ALOAD 0
    ALOAD 1
    INVOKESTATIC org/evosuite/testcarver/capture/Capturer.enable (ILjava/lang/Object;Ljava/lang/Object;)V
    ALOAD 3
    ARETURN
   L2
   FRAME FULL [com/examples/with/different/packagename/testcarver/DateTimeConverter java/util/Locale] [java/lang/Throwable]
    ASTORE 2
    LDC -2147483633
    ALOAD 0
    ALOAD 1
    INVOKESTATIC org/evosuite/testcarver/capture/Capturer.enable (ILjava/lang/Object;Ljava/lang/Object;)V
    ALOAD 2
    ATHROW
    MAXSTACK = 5
    MAXLOCALS = 0

  // access flags 0x1
  public setLocale(Ljava/util/Locale;)V
    TRYCATCHBLOCK L0 L1 L1 java/lang/Throwable
   L0
    LDC -2147483630
    ALOAD 0
    LDC "setLocale"
    LDC "(Ljava/util/Locale;)V"
    BIPUSH 1
    ANEWARRAY java/lang/Object
    DUP
    BIPUSH 0
    ALOAD 1
    AASTORE
    INVOKESTATIC org/evosuite/testcarver/capture/Capturer.capture (ILjava/lang/Object;Ljava/lang/String;Ljava/lang/String;[Ljava/lang/Object;)V
    ALOAD 0
    ALOAD 1
    INVOKEVIRTUAL com/examples/with/different/packagename/testcarver/DateTimeConverter._sw_prototype_original_setLocale (Ljava/util/Locale;)V
    GOTO L2
   L1
   FRAME SAME1 java/lang/Throwable
    ASTORE 2
    LDC -2147483630
    ALOAD 0
    GETSTATIC org/evosuite/testcarver/capture/CaptureLog.RETURN_TYPE_VOID : Ljava/lang/Object;
    INVOKESTATIC org/evosuite/testcarver/capture/Capturer.enable (ILjava/lang/Object;Ljava/lang/Object;)V
    ALOAD 2
    ATHROW
   L2
   FRAME SAME
    LDC -2147483630
    ALOAD 0
    GETSTATIC org/evosuite/testcarver/capture/CaptureLog.RETURN_TYPE_VOID : Ljava/lang/Object;
    INVOKESTATIC org/evosuite/testcarver/capture/Capturer.enable (ILjava/lang/Object;Ljava/lang/Object;)V
    RETURN
    MAXSTACK = 6
    MAXLOCALS = 0

  // access flags 0x1
  public setPattern(Ljava/lang/String;)V
    TRYCATCHBLOCK L0 L1 L1 java/lang/Throwable
   L0
    LDC -2147483629
    ALOAD 0
    LDC "setPattern"
    LDC "(Ljava/lang/String;)V"
    BIPUSH 1
    ANEWARRAY java/lang/Object
    DUP
    BIPUSH 0
    ALOAD 1
    AASTORE
    INVOKESTATIC org/evosuite/testcarver/capture/Capturer.capture (ILjava/lang/Object;Ljava/lang/String;Ljava/lang/String;[Ljava/lang/Object;)V
    ALOAD 0
    ALOAD 1
    INVOKEVIRTUAL com/examples/with/different/packagename/testcarver/DateTimeConverter._sw_prototype_original_setPattern (Ljava/lang/String;)V
    GOTO L2
   L1
   FRAME SAME1 java/lang/Throwable
    ASTORE 2
    LDC -2147483629
    ALOAD 0
    GETSTATIC org/evosuite/testcarver/capture/CaptureLog.RETURN_TYPE_VOID : Ljava/lang/Object;
    INVOKESTATIC org/evosuite/testcarver/capture/Capturer.enable (ILjava/lang/Object;Ljava/lang/Object;)V
    ALOAD 2
    ATHROW
   L2
   FRAME SAME
    LDC -2147483629
    ALOAD 0
    GETSTATIC org/evosuite/testcarver/capture/CaptureLog.RETURN_TYPE_VOID : Ljava/lang/Object;
    INVOKESTATIC org/evosuite/testcarver/capture/Capturer.enable (ILjava/lang/Object;Ljava/lang/Object;)V
    RETURN
    MAXSTACK = 9
    MAXLOCALS = 0

  // access flags 0x1
  public getPatterns()[Ljava/lang/String;
    TRYCATCHBLOCK L0 L1 L2 java/lang/Throwable
    ACONST_NULL
    ASTORE 1
   L0
    LDC -2147483627
    ALOAD 0
    LDC "getPatterns"
    LDC "()[Ljava/lang/String;"
    BIPUSH 0
    ANEWARRAY java/lang/Object
    INVOKESTATIC org/evosuite/testcarver/capture/Capturer.capture (ILjava/lang/Object;Ljava/lang/String;Ljava/lang/String;[Ljava/lang/Object;)V
    ALOAD 0
    INVOKEVIRTUAL com/examples/with/different/packagename/testcarver/DateTimeConverter._sw_prototype_original_getPatterns ()[Ljava/lang/String;
    ASTORE 1
    ALOAD 1
    ASTORE 3
   L1
    LDC -2147483627
    ALOAD 0
    ALOAD 1
    INVOKESTATIC org/evosuite/testcarver/capture/Capturer.enable (ILjava/lang/Object;Ljava/lang/Object;)V
    ALOAD 3
    ARETURN
   L2
   FRAME FULL [com/examples/with/different/packagename/testcarver/DateTimeConverter [Ljava/lang/String;] [java/lang/Throwable]
    ASTORE 2
    LDC -2147483627
    ALOAD 0
    ALOAD 1
    INVOKESTATIC org/evosuite/testcarver/capture/Capturer.enable (ILjava/lang/Object;Ljava/lang/Object;)V
    ALOAD 2
    ATHROW
    MAXSTACK = 5
    MAXLOCALS = 0

  // access flags 0x1
  public setPatterns([Ljava/lang/String;)V
    TRYCATCHBLOCK L0 L1 L1 java/lang/Throwable
   L0
    LDC -2147483622
    ALOAD 0
    LDC "setPatterns"
    LDC "([Ljava/lang/String;)V"
    BIPUSH 1
    ANEWARRAY java/lang/Object
    DUP
    BIPUSH 0
    ALOAD 1
    AASTORE
    INVOKESTATIC org/evosuite/testcarver/capture/Capturer.capture (ILjava/lang/Object;Ljava/lang/String;Ljava/lang/String;[Ljava/lang/Object;)V
    ALOAD 0
    ALOAD 1
    INVOKEVIRTUAL com/examples/with/different/packagename/testcarver/DateTimeConverter._sw_prototype_original_setPatterns ([Ljava/lang/String;)V
    GOTO L2
   L1
   FRAME SAME1 java/lang/Throwable
    ASTORE 2
    LDC -2147483622
    ALOAD 0
    GETSTATIC org/evosuite/testcarver/capture/CaptureLog.RETURN_TYPE_VOID : Ljava/lang/Object;
    INVOKESTATIC org/evosuite/testcarver/capture/Capturer.enable (ILjava/lang/Object;Ljava/lang/Object;)V
    ALOAD 2
    ATHROW
   L2
   FRAME SAME
    LDC -2147483622
    ALOAD 0
    GETSTATIC org/evosuite/testcarver/capture/CaptureLog.RETURN_TYPE_VOID : Ljava/lang/Object;
    INVOKESTATIC org/evosuite/testcarver/capture/Capturer.enable (ILjava/lang/Object;Ljava/lang/Object;)V
    RETURN
    MAXSTACK = 7
    MAXLOCALS = 0

  // access flags 0x1
  public toString()Ljava/lang/String;
    TRYCATCHBLOCK L0 L1 L2 java/lang/Throwable
    ACONST_NULL
    ASTORE 1
   L0
    LDC -2147483614
    ALOAD 0
    LDC "toString"
    LDC "()Ljava/lang/String;"
    BIPUSH 0
    ANEWARRAY java/lang/Object
    INVOKESTATIC org/evosuite/testcarver/capture/Capturer.capture (ILjava/lang/Object;Ljava/lang/String;Ljava/lang/String;[Ljava/lang/Object;)V
    ALOAD 0
    INVOKEVIRTUAL com/examples/with/different/packagename/testcarver/DateTimeConverter._sw_prototype_original_toString ()Ljava/lang/String;
    ASTORE 1
    ALOAD 1
    ASTORE 3
   L1
    LDC -2147483614
    ALOAD 0
    ALOAD 1
    INVOKESTATIC org/evosuite/testcarver/capture/Capturer.enable (ILjava/lang/Object;Ljava/lang/Object;)V
    ALOAD 3
    ARETURN
   L2
   FRAME FULL [com/examples/with/different/packagename/testcarver/DateTimeConverter java/lang/String] [java/lang/Throwable]
    ASTORE 2
    LDC -2147483614
    ALOAD 0
    ALOAD 1
    INVOKESTATIC org/evosuite/testcarver/capture/Capturer.enable (ILjava/lang/Object;Ljava/lang/Object;)V
    ALOAD 2
    ATHROW
    MAXSTACK = 7
    MAXLOCALS = 0
}
INFO  org.evosuite.testcarver.extraction.CarvingClassLoader - Seeing class for first time: com.examples.with.different.packagename.testcarver.AbstractConverter
WARN  org.evosuite.testcarver.extraction.CarvingClassLoader - Instrumenting class 'com.examples.with.different.packagename.testcarver.AbstractConverter'.
INFO  org.evosuite.testcarver.instrument.Instrumenter - Checking package com.examples.with.different.packagename.testcarver for class com/examples/with/different/packagename/testcarver/AbstractConverter
// class version 52.0 (52)
// access flags 0x421
public abstract class com/examples/with/different/packagename/testcarver/AbstractConverter implements com/examples/with/different/packagename/testcarver/Converter {

  // compiled from: AbstractConverter.java

  // access flags 0x1A
  private final static Ljava/lang/String; DEFAULT_CONFIG_MSG = "(N.B. Converters can be configured to use default values to avoid throwing exceptions)"

  // access flags 0x1A
  private final static Ljava/lang/String; PACKAGE = "org.apache.commons.beanutils.converters."

  // access flags 0x2
  private Z useDefault

  // access flags 0x2
  private Ljava/lang/Object; defaultValue

  // access flags 0x1
  public <init>()V
   L0
    LINENUMBER 82 L0
    ALOAD 0
    INVOKESPECIAL java/lang/Object.<init> ()V
   L1
    LINENUMBER 69 L1
    ALOAD 0
    ICONST_0
    PUTFIELD com/examples/with/different/packagename/testcarver/AbstractConverter.useDefault : Z
   L2
    LINENUMBER 74 L2
    ALOAD 0
    ACONST_NULL
    PUTFIELD com/examples/with/different/packagename/testcarver/AbstractConverter.defaultValue : Ljava/lang/Object;
   L3
    LINENUMBER 83 L3
    RETURN
   L4
    LOCALVARIABLE this Lcom/examples/with/different/packagename/testcarver/AbstractConverter; L0 L4 0
    MAXSTACK = 2
    MAXLOCALS = 1

  // access flags 0x1
  public <init>(Ljava/lang/Object;)V
   L0
    LINENUMBER 93 L0
    ALOAD 0
    INVOKESPECIAL java/lang/Object.<init> ()V
   L1
    LINENUMBER 69 L1
    ALOAD 0
    ICONST_0
    PUTFIELD com/examples/with/different/packagename/testcarver/AbstractConverter.useDefault : Z
   L2
    LINENUMBER 74 L2
    ALOAD 0
    ACONST_NULL
    PUTFIELD com/examples/with/different/packagename/testcarver/AbstractConverter.defaultValue : Ljava/lang/Object;
   L3
    LINENUMBER 94 L3
    ALOAD 0
    ALOAD 1
    INVOKEVIRTUAL com/examples/with/different/packagename/testcarver/AbstractConverter.setDefaultValue (Ljava/lang/Object;)V
   L4
    LINENUMBER 95 L4
    RETURN
   L5
    LOCALVARIABLE this Lcom/examples/with/different/packagename/testcarver/AbstractConverter; L0 L5 0
    LOCALVARIABLE defaultValue Ljava/lang/Object; L0 L5 1
    MAXSTACK = 2
    MAXLOCALS = 2

  // access flags 0x2
  private _sw_prototype_original_isUseDefault()Z
   L0
    LINENUMBER 108 L0
    ALOAD 0
    DUP
    GETFIELD com/examples/with/different/packagename/testcarver/AbstractConverter.useDefault : Z
    SWAP
    LDC -2147483613
    LDC "com/examples/with/different/packagename/testcarver/AbstractConverter"
    LDC "useDefault"
    LDC "Z"
    INVOKESTATIC org/evosuite/testcarver/capture/FieldRegistry.notifyReadAccess (Ljava/lang/Object;ILjava/lang/String;Ljava/lang/String;Ljava/lang/String;)V
    IRETURN
   L1
    LOCALVARIABLE this Lcom/examples/with/different/packagename/testcarver/AbstractConverter; L0 L1 0
    MAXSTACK = 5
    MAXLOCALS = 1

  // access flags 0x2
  private _sw_prototype_original_convert(Ljava/lang/Class;Ljava/lang/Object;)Ljava/lang/Object;
    TRYCATCHBLOCK L0 L1 L2 java/lang/Throwable
    TRYCATCHBLOCK L3 L4 L2 java/lang/Throwable
    TRYCATCHBLOCK L5 L6 L2 java/lang/Throwable
   L7
    LINENUMBER 123 L7
    ALOAD 2
    IFNONNULL L8
    ACONST_NULL
    GOTO L9
   L8
    ALOAD 2
    INVOKEVIRTUAL java/lang/Object.getClass ()Ljava/lang/Class;
   L9
    ASTORE 3
   L10
    LINENUMBER 124 L10
    ALOAD 0
    ALOAD 1
    IFNONNULL L11
    ALOAD 0
    INVOKEVIRTUAL com/examples/with/different/packagename/testcarver/AbstractConverter.getDefaultType ()Ljava/lang/Class;
    GOTO L12
   L11
    ALOAD 1
   L12
    INVOKEVIRTUAL com/examples/with/different/packagename/testcarver/AbstractConverter.primitive (Ljava/lang/Class;)Ljava/lang/Class;
    ASTORE 4
   L13
    LINENUMBER 126 L13
    ALOAD 0
    ALOAD 2
    INVOKEVIRTUAL com/examples/with/different/packagename/testcarver/AbstractConverter.convertArray (Ljava/lang/Object;)Ljava/lang/Object;
    ASTORE 2
   L14
    LINENUMBER 129 L14
    ALOAD 2
    IFNONNULL L15
   L16
    LINENUMBER 130 L16
    ALOAD 0
    ALOAD 4
    INVOKEVIRTUAL com/examples/with/different/packagename/testcarver/AbstractConverter.handleMissing (Ljava/lang/Class;)Ljava/lang/Object;
    ARETURN
   L15
    LINENUMBER 133 L15
    ALOAD 2
    INVOKEVIRTUAL java/lang/Object.getClass ()Ljava/lang/Class;
    ASTORE 3
   L0
    LINENUMBER 137 L0
    ALOAD 4
    LDC Ljava/lang/String;.class
    INVOKEVIRTUAL java/lang/Object.equals (Ljava/lang/Object;)Z
    IFEQ L3
   L17
    LINENUMBER 138 L17
    ALOAD 0
    ALOAD 2
    INVOKEVIRTUAL com/examples/with/different/packagename/testcarver/AbstractConverter.convertToString (Ljava/lang/Object;)Ljava/lang/String;
   L1
    ARETURN
   L3
    LINENUMBER 141 L3
    ALOAD 4
    ALOAD 3
    INVOKEVIRTUAL java/lang/Object.equals (Ljava/lang/Object;)Z
    IFEQ L5
   L18
    LINENUMBER 142 L18
    ALOAD 2
   L4
    ARETURN
   L5
    LINENUMBER 146 L5
    ALOAD 0
    ALOAD 4
    ALOAD 2
    INVOKEVIRTUAL com/examples/with/different/packagename/testcarver/AbstractConverter.convertToType (Ljava/lang/Class;Ljava/lang/Object;)Ljava/lang/Object;
    ASTORE 5
   L19
    LINENUMBER 147 L19
    ALOAD 5
   L6
    ARETURN
   L2
    LINENUMBER 149 L2
    ASTORE 5
   L20
    LINENUMBER 150 L20
    ALOAD 0
    ALOAD 4
    ALOAD 2
    ALOAD 5
    INVOKEVIRTUAL com/examples/with/different/packagename/testcarver/AbstractConverter.handleError (Ljava/lang/Class;Ljava/lang/Object;Ljava/lang/Throwable;)Ljava/lang/Object;
    ARETURN
   L21
    LOCALVARIABLE result Ljava/lang/Object; L19 L2 5
    LOCALVARIABLE t Ljava/lang/Throwable; L20 L21 5
    LOCALVARIABLE this Lcom/examples/with/different/packagename/testcarver/AbstractConverter; L7 L21 0
    LOCALVARIABLE type Ljava/lang/Class; L7 L21 1
    LOCALVARIABLE value Ljava/lang/Object; L7 L21 2
    LOCALVARIABLE sourceType Ljava/lang/Class; L10 L21 3
    LOCALVARIABLE targetType Ljava/lang/Class; L13 L21 4
    MAXSTACK = 8
    MAXLOCALS = 6

  // access flags 0x4
  protected convertToString(Ljava/lang/Object;)Ljava/lang/String; throws java/lang/Throwable
   L0
    LINENUMBER 168 L0
    ALOAD 1
    INVOKEVIRTUAL java/lang/Object.toString ()Ljava/lang/String;
    ARETURN
   L1
    LOCALVARIABLE this Lcom/examples/with/different/packagename/testcarver/AbstractConverter; L0 L1 0
    LOCALVARIABLE value Ljava/lang/Object; L0 L1 1
    MAXSTACK = 1
    MAXLOCALS = 2

  // access flags 0x404
  protected abstract convertToType(Ljava/lang/Class;Ljava/lang/Object;)Ljava/lang/Object; throws java/lang/Throwable

  // access flags 0x4
  protected convertArray(Ljava/lang/Object;)Ljava/lang/Object;
   L0
    LINENUMBER 196 L0
    ALOAD 1
    IFNONNULL L1
   L2
    LINENUMBER 197 L2
    ACONST_NULL
    ARETURN
   L1
    LINENUMBER 199 L1
    ALOAD 1
    INVOKEVIRTUAL java/lang/Object.getClass ()Ljava/lang/Class;
    INVOKEVIRTUAL java/lang/Class.isArray ()Z
    IFEQ L3
   L4
    LINENUMBER 200 L4
    ALOAD 1
    INVOKESTATIC java/lang/reflect/Array.getLength (Ljava/lang/Object;)I
    IFLE L5
   L6
    LINENUMBER 201 L6
    ALOAD 1
    ICONST_0
    INVOKESTATIC java/lang/reflect/Array.get (Ljava/lang/Object;I)Ljava/lang/Object;
    ARETURN
   L5
    LINENUMBER 203 L5
    ACONST_NULL
    ARETURN
   L3
    LINENUMBER 206 L3
    ALOAD 1
    INSTANCEOF java/util/Collection
    IFEQ L7
   L8
    LINENUMBER 207 L8
    ALOAD 1
    CHECKCAST java/util/Collection
    ASTORE 2
   L9
    LINENUMBER 208 L9
    ALOAD 2
    INVOKEINTERFACE java/util/Collection.size ()I (itf)
    IFLE L10
   L11
    LINENUMBER 209 L11
    ALOAD 2
    INVOKEINTERFACE java/util/Collection.iterator ()Ljava/util/Iterator; (itf)
    INVOKEINTERFACE java/util/Iterator.next ()Ljava/lang/Object; (itf)
    ARETURN
   L10
    LINENUMBER 211 L10
    ACONST_NULL
    ARETURN
   L7
    LINENUMBER 214 L7
    ALOAD 1
    ARETURN
   L12
    LOCALVARIABLE collection Ljava/util/Collection; L9 L7 2
    LOCALVARIABLE this Lcom/examples/with/different/packagename/testcarver/AbstractConverter; L0 L12 0
    LOCALVARIABLE value Ljava/lang/Object; L0 L12 1
    MAXSTACK = 2
    MAXLOCALS = 3

  // access flags 0x4
  protected handleError(Ljava/lang/Class;Ljava/lang/Object;Ljava/lang/Throwable;)Ljava/lang/Object;
   L0
    LINENUMBER 231 L0
    ALOAD 0
    GETFIELD com/examples/with/different/packagename/testcarver/AbstractConverter.useDefault : Z
    IFEQ L1
   L2
    LINENUMBER 232 L2
    ALOAD 0
    ALOAD 1
    INVOKEVIRTUAL com/examples/with/different/packagename/testcarver/AbstractConverter.handleMissing (Ljava/lang/Class;)Ljava/lang/Object;
    ARETURN
   L1
    LINENUMBER 235 L1
    ACONST_NULL
    ASTORE 4
   L3
    LINENUMBER 236 L3
    ALOAD 3
    INSTANCEOF com/examples/with/different/packagename/testcarver/ConversionException
    IFEQ L4
   L5
    LINENUMBER 237 L5
    ALOAD 3
    CHECKCAST com/examples/with/different/packagename/testcarver/ConversionException
    ASTORE 4
    GOTO L6
   L4
    LINENUMBER 239 L4
    NEW java/lang/StringBuilder
    DUP
    INVOKESPECIAL java/lang/StringBuilder.<init> ()V
    LDC "Error converting from '"
    INVOKEVIRTUAL java/lang/StringBuilder.append (Ljava/lang/String;)Ljava/lang/StringBuilder;
    ALOAD 0
    ALOAD 2
    INVOKEVIRTUAL java/lang/Object.getClass ()Ljava/lang/Class;
    INVOKEVIRTUAL com/examples/with/different/packagename/testcarver/AbstractConverter.toString (Ljava/lang/Class;)Ljava/lang/String;
    INVOKEVIRTUAL java/lang/StringBuilder.append (Ljava/lang/String;)Ljava/lang/StringBuilder;
    LDC "' to '"
    INVOKEVIRTUAL java/lang/StringBuilder.append (Ljava/lang/String;)Ljava/lang/StringBuilder;
    ALOAD 0
    ALOAD 1
   L7
    LINENUMBER 240 L7
    INVOKEVIRTUAL com/examples/with/different/packagename/testcarver/AbstractConverter.toString (Ljava/lang/Class;)Ljava/lang/String;
    INVOKEVIRTUAL java/lang/StringBuilder.append (Ljava/lang/String;)Ljava/lang/StringBuilder;
    LDC "' "
    INVOKEVIRTUAL java/lang/StringBuilder.append (Ljava/lang/String;)Ljava/lang/StringBuilder;
    ALOAD 3
    INVOKEVIRTUAL java/lang/Throwable.getMessage ()Ljava/lang/String;
    INVOKEVIRTUAL java/lang/StringBuilder.append (Ljava/lang/String;)Ljava/lang/StringBuilder;
    INVOKEVIRTUAL java/lang/StringBuilder.toString ()Ljava/lang/String;
    ASTORE 5
   L8
    LINENUMBER 241 L8
    NEW com/examples/with/different/packagename/testcarver/ConversionException
    DUP
    ALOAD 5
    ALOAD 3
    INVOKESPECIAL com/examples/with/different/packagename/testcarver/ConversionException.<init> (Ljava/lang/String;Ljava/lang/Throwable;)V
    ASTORE 4
   L6
    LINENUMBER 245 L6
    ALOAD 4
    ATHROW
   L9
    LOCALVARIABLE msg Ljava/lang/String; L8 L6 5
    LOCALVARIABLE this Lcom/examples/with/different/packagename/testcarver/AbstractConverter; L0 L9 0
    LOCALVARIABLE type Ljava/lang/Class; L0 L9 1
    LOCALVARIABLE value Ljava/lang/Object; L0 L9 2
    LOCALVARIABLE cause Ljava/lang/Throwable; L0 L9 3
    LOCALVARIABLE cex Lcom/examples/with/different/packagename/testcarver/ConversionException; L3 L9 4
    MAXSTACK = 4
    MAXLOCALS = 6

  // access flags 0x4
  protected handleMissing(Ljava/lang/Class;)Ljava/lang/Object;
    TRYCATCHBLOCK L0 L1 L2 java/lang/Throwable
   L3
    LINENUMBER 262 L3
    ALOAD 0
    GETFIELD com/examples/with/different/packagename/testcarver/AbstractConverter.useDefault : Z
    IFNE L4
    ALOAD 1
    LDC Ljava/lang/String;.class
    INVOKEVIRTUAL java/lang/Object.equals (Ljava/lang/Object;)Z
    IFEQ L5
   L4
    LINENUMBER 263 L4
    ALOAD 0
    ALOAD 1
    INVOKEVIRTUAL com/examples/with/different/packagename/testcarver/AbstractConverter.getDefault (Ljava/lang/Class;)Ljava/lang/Object;
    ASTORE 2
   L6
    LINENUMBER 264 L6
    ALOAD 0
    GETFIELD com/examples/with/different/packagename/testcarver/AbstractConverter.useDefault : Z
    IFEQ L7
    ALOAD 2
    IFNULL L7
    ALOAD 1
    ALOAD 2
    INVOKEVIRTUAL java/lang/Object.getClass ()Ljava/lang/Class;
    INVOKEVIRTUAL java/lang/Object.equals (Ljava/lang/Object;)Z
    IFNE L7
   L0
    LINENUMBER 266 L0
    ALOAD 0
    ALOAD 1
    ALOAD 0
    GETFIELD com/examples/with/different/packagename/testcarver/AbstractConverter.defaultValue : Ljava/lang/Object;
    INVOKEVIRTUAL com/examples/with/different/packagename/testcarver/AbstractConverter.convertToType (Ljava/lang/Class;Ljava/lang/Object;)Ljava/lang/Object;
    ASTORE 2
   L1
    LINENUMBER 270 L1
    GOTO L7
   L2
    LINENUMBER 267 L2
    ASTORE 3
   L8
    LINENUMBER 268 L8
    GETSTATIC java/lang/System.err : Ljava/io/PrintStream;
    NEW java/lang/StringBuilder
    DUP
    INVOKESPECIAL java/lang/StringBuilder.<init> ()V
    LDC "    Default conversion to "
    INVOKEVIRTUAL java/lang/StringBuilder.append (Ljava/lang/String;)Ljava/lang/StringBuilder;
    ALOAD 0
    ALOAD 1
    INVOKEVIRTUAL com/examples/with/different/packagename/testcarver/AbstractConverter.toString (Ljava/lang/Class;)Ljava/lang/String;
    INVOKEVIRTUAL java/lang/StringBuilder.append (Ljava/lang/String;)Ljava/lang/StringBuilder;
    LDC "failed: "
    INVOKEVIRTUAL java/lang/StringBuilder.append (Ljava/lang/String;)Ljava/lang/StringBuilder;
    ALOAD 3
    INVOKEVIRTUAL java/lang/StringBuilder.append (Ljava/lang/Object;)Ljava/lang/StringBuilder;
    INVOKEVIRTUAL java/lang/StringBuilder.toString ()Ljava/lang/String;
    INVOKEVIRTUAL java/io/PrintStream.println (Ljava/lang/String;)V
   L7
    LINENUMBER 272 L7
    ALOAD 2
    ARETURN
   L5
    LINENUMBER 275 L5
    NEW com/examples/with/different/packagename/testcarver/ConversionException
    DUP
    NEW java/lang/StringBuilder
    DUP
    INVOKESPECIAL java/lang/StringBuilder.<init> ()V
    LDC "No value specified for '"
    INVOKEVIRTUAL java/lang/StringBuilder.append (Ljava/lang/String;)Ljava/lang/StringBuilder;
    ALOAD 0
    ALOAD 1
   L9
    LINENUMBER 276 L9
    INVOKEVIRTUAL com/examples/with/different/packagename/testcarver/AbstractConverter.toString (Ljava/lang/Class;)Ljava/lang/String;
    INVOKEVIRTUAL java/lang/StringBuilder.append (Ljava/lang/String;)Ljava/lang/StringBuilder;
    LDC "'"
    INVOKEVIRTUAL java/lang/StringBuilder.append (Ljava/lang/String;)Ljava/lang/StringBuilder;
    INVOKEVIRTUAL java/lang/StringBuilder.toString ()Ljava/lang/String;
    INVOKESPECIAL com/examples/with/different/packagename/testcarver/ConversionException.<init> (Ljava/lang/String;)V
    ASTORE 2
   L10
    LINENUMBER 277 L10
    ALOAD 2
    ATHROW
   L11
    LOCALVARIABLE t Ljava/lang/Throwable; L8 L7 3
    LOCALVARIABLE value Ljava/lang/Object; L6 L5 2
    LOCALVARIABLE this Lcom/examples/with/different/packagename/testcarver/AbstractConverter; L3 L11 0
    LOCALVARIABLE type Ljava/lang/Class; L3 L11 1
    LOCALVARIABLE cex Lcom/examples/with/different/packagename/testcarver/ConversionException; L10 L11 2
    MAXSTACK = 5
    MAXLOCALS = 4

  // access flags 0x4
  protected setDefaultValue(Ljava/lang/Object;)V
   L0
    LINENUMBER 295 L0
    ALOAD 0
    ICONST_0
    PUTFIELD com/examples/with/different/packagename/testcarver/AbstractConverter.useDefault : Z
   L1
    LINENUMBER 296 L1
    ALOAD 1
    IFNONNULL L2
   L3
    LINENUMBER 297 L3
    ALOAD 0
    ACONST_NULL
    PUTFIELD com/examples/with/different/packagename/testcarver/AbstractConverter.defaultValue : Ljava/lang/Object;
    GOTO L4
   L2
    LINENUMBER 299 L2
    ALOAD 0
    ALOAD 0
    ALOAD 0
    INVOKEVIRTUAL com/examples/with/different/packagename/testcarver/AbstractConverter.getDefaultType ()Ljava/lang/Class;
    ALOAD 1
    INVOKEVIRTUAL com/examples/with/different/packagename/testcarver/AbstractConverter.convert (Ljava/lang/Class;Ljava/lang/Object;)Ljava/lang/Object;
    PUTFIELD com/examples/with/different/packagename/testcarver/AbstractConverter.defaultValue : Ljava/lang/Object;
   L4
    LINENUMBER 301 L4
    ALOAD 0
    ICONST_1
    PUTFIELD com/examples/with/different/packagename/testcarver/AbstractConverter.useDefault : Z
   L5
    LINENUMBER 302 L5
    RETURN
   L6
    LOCALVARIABLE this Lcom/examples/with/different/packagename/testcarver/AbstractConverter; L0 L6 0
    LOCALVARIABLE defaultValue Ljava/lang/Object; L0 L6 1
    MAXSTACK = 4
    MAXLOCALS = 2

  // access flags 0x404
  protected abstract getDefaultType()Ljava/lang/Class;

  // access flags 0x4
  protected getDefault(Ljava/lang/Class;)Ljava/lang/Object;
   L0
    LINENUMBER 319 L0
    ALOAD 1
    LDC Ljava/lang/String;.class
    INVOKEVIRTUAL java/lang/Object.equals (Ljava/lang/Object;)Z
    IFEQ L1
   L2
    LINENUMBER 320 L2
    ACONST_NULL
    ARETURN
   L1
    LINENUMBER 322 L1
    ALOAD 0
    GETFIELD com/examples/with/different/packagename/testcarver/AbstractConverter.defaultValue : Ljava/lang/Object;
    ARETURN
   L3
    LOCALVARIABLE this Lcom/examples/with/different/packagename/testcarver/AbstractConverter; L0 L3 0
    LOCALVARIABLE type Ljava/lang/Class; L0 L3 1
    MAXSTACK = 2
    MAXLOCALS = 2

  // access flags 0x2
  private _sw_prototype_original_toString()Ljava/lang/String;
   L0
    LINENUMBER 332 L0
    NEW java/lang/StringBuilder
    DUP
    INVOKESPECIAL java/lang/StringBuilder.<init> ()V
    ALOAD 0
    ALOAD 0
    INVOKEVIRTUAL java/lang/Object.getClass ()Ljava/lang/Class;
    INVOKEVIRTUAL com/examples/with/different/packagename/testcarver/AbstractConverter.toString (Ljava/lang/Class;)Ljava/lang/String;
    INVOKEVIRTUAL java/lang/StringBuilder.append (Ljava/lang/String;)Ljava/lang/StringBuilder;
    LDC "[UseDefault="
    INVOKEVIRTUAL java/lang/StringBuilder.append (Ljava/lang/String;)Ljava/lang/StringBuilder;
    ALOAD 0
    DUP
    GETFIELD com/examples/with/different/packagename/testcarver/AbstractConverter.useDefault : Z
    SWAP
    LDC -2147483610
    LDC "com/examples/with/different/packagename/testcarver/AbstractConverter"
    LDC "useDefault"
    LDC "Z"
    INVOKESTATIC org/evosuite/testcarver/capture/FieldRegistry.notifyReadAccess (Ljava/lang/Object;ILjava/lang/String;Ljava/lang/String;Ljava/lang/String;)V
    INVOKEVIRTUAL java/lang/StringBuilder.append (Z)Ljava/lang/StringBuilder;
    LDC "]"
    INVOKEVIRTUAL java/lang/StringBuilder.append (Ljava/lang/String;)Ljava/lang/StringBuilder;
    INVOKEVIRTUAL java/lang/StringBuilder.toString ()Ljava/lang/String;
    ARETURN
   L1
    LOCALVARIABLE this Lcom/examples/with/different/packagename/testcarver/AbstractConverter; L0 L1 0
    MAXSTACK = 7
    MAXLOCALS = 1

  // access flags 0x0
  primitive(Ljava/lang/Class;)Ljava/lang/Class;
   L0
    LINENUMBER 344 L0
    ALOAD 1
    IFNULL L1
    ALOAD 1
    INVOKEVIRTUAL java/lang/Class.isPrimitive ()Z
    IFNE L2
   L1
    LINENUMBER 345 L1
    ALOAD 1
    ARETURN
   L2
    LINENUMBER 348 L2
    ALOAD 1
    GETSTATIC java/lang/Integer.TYPE : Ljava/lang/Class;
    IF_ACMPNE L3
   L4
    LINENUMBER 349 L4
    LDC Ljava/lang/Integer;.class
    ARETURN
   L3
    LINENUMBER 350 L3
    ALOAD 1
    GETSTATIC java/lang/Double.TYPE : Ljava/lang/Class;
    IF_ACMPNE L5
   L6
    LINENUMBER 351 L6
    LDC Ljava/lang/Double;.class
    ARETURN
   L5
    LINENUMBER 352 L5
    ALOAD 1
    GETSTATIC java/lang/Long.TYPE : Ljava/lang/Class;
    IF_ACMPNE L7
   L8
    LINENUMBER 353 L8
    LDC Ljava/lang/Long;.class
    ARETURN
   L7
    LINENUMBER 354 L7
    ALOAD 1
    GETSTATIC java/lang/Boolean.TYPE : Ljava/lang/Class;
    IF_ACMPNE L9
   L10
    LINENUMBER 355 L10
    LDC Ljava/lang/Boolean;.class
    ARETURN
   L9
    LINENUMBER 356 L9
    ALOAD 1
    GETSTATIC java/lang/Float.TYPE : Ljava/lang/Class;
    IF_ACMPNE L11
   L12
    LINENUMBER 357 L12
    LDC Ljava/lang/Float;.class
    ARETURN
   L11
    LINENUMBER 358 L11
    ALOAD 1
    GETSTATIC java/lang/Short.TYPE : Ljava/lang/Class;
    IF_ACMPNE L13
   L14
    LINENUMBER 359 L14
    LDC Ljava/lang/Short;.class
    ARETURN
   L13
    LINENUMBER 360 L13
    ALOAD 1
    GETSTATIC java/lang/Byte.TYPE : Ljava/lang/Class;
    IF_ACMPNE L15
   L16
    LINENUMBER 361 L16
    LDC Ljava/lang/Byte;.class
    ARETURN
   L15
    LINENUMBER 362 L15
    ALOAD 1
    GETSTATIC java/lang/Character.TYPE : Ljava/lang/Class;
    IF_ACMPNE L17
   L18
    LINENUMBER 363 L18
    LDC Ljava/lang/Character;.class
    ARETURN
   L17
    LINENUMBER 365 L17
    ALOAD 1
    ARETURN
   L19
    LOCALVARIABLE this Lcom/examples/with/different/packagename/testcarver/AbstractConverter; L0 L19 0
    LOCALVARIABLE type Ljava/lang/Class; L0 L19 1
    MAXSTACK = 2
    MAXLOCALS = 2

  // access flags 0x0
  toString(Ljava/lang/Class;)Ljava/lang/String;
   L0
    LINENUMBER 376 L0
    ACONST_NULL
    ASTORE 2
   L1
    LINENUMBER 377 L1
    ALOAD 1
    IFNONNULL L2
   L3
    LINENUMBER 378 L3
    LDC "null"
    ASTORE 2
    GOTO L4
   L2
    LINENUMBER 379 L2
    ALOAD 1
    INVOKEVIRTUAL java/lang/Class.isArray ()Z
    IFEQ L5
   L6
    LINENUMBER 380 L6
    ALOAD 1
    INVOKEVIRTUAL java/lang/Class.getComponentType ()Ljava/lang/Class;
    ASTORE 3
   L7
    LINENUMBER 381 L7
    ICONST_1
    ISTORE 4
   L8
    LINENUMBER 382 L8
    ALOAD 3
    INVOKEVIRTUAL java/lang/Class.isArray ()Z
    IFEQ L9
   L10
    LINENUMBER 383 L10
    ALOAD 3
    INVOKEVIRTUAL java/lang/Class.getComponentType ()Ljava/lang/Class;
    ASTORE 3
   L11
    LINENUMBER 384 L11
    IINC 4 1
    GOTO L8
   L9
    LINENUMBER 386 L9
    ALOAD 3
    INVOKEVIRTUAL java/lang/Class.getName ()Ljava/lang/String;
    ASTORE 2
   L12
    LINENUMBER 387 L12
    ICONST_0
    ISTORE 5
   L13
    ILOAD 5
    ILOAD 4
    IF_ICMPGE L14
   L15
    LINENUMBER 388 L15
    NEW java/lang/StringBuilder
    DUP
    INVOKESPECIAL java/lang/StringBuilder.<init> ()V
    ALOAD 2
    INVOKEVIRTUAL java/lang/StringBuilder.append (Ljava/lang/String;)Ljava/lang/StringBuilder;
    LDC "[]"
    INVOKEVIRTUAL java/lang/StringBuilder.append (Ljava/lang/String;)Ljava/lang/StringBuilder;
    INVOKEVIRTUAL java/lang/StringBuilder.toString ()Ljava/lang/String;
    ASTORE 2
   L16
    LINENUMBER 387 L16
    IINC 5 1
    GOTO L13
   L14
    LINENUMBER 390 L14
    GOTO L4
   L5
    LINENUMBER 391 L5
    ALOAD 1
    INVOKEVIRTUAL java/lang/Class.getName ()Ljava/lang/String;
    ASTORE 2
   L4
    LINENUMBER 393 L4
    ALOAD 2
    LDC "java.lang."
    INVOKEVIRTUAL java/lang/String.startsWith (Ljava/lang/String;)Z
    IFNE L17
    ALOAD 2
    LDC "java.util."
   L18
    LINENUMBER 394 L18
    INVOKEVIRTUAL java/lang/String.startsWith (Ljava/lang/String;)Z
    IFNE L17
    ALOAD 2
    LDC "java.math."
   L19
    LINENUMBER 395 L19
    INVOKEVIRTUAL java/lang/String.startsWith (Ljava/lang/String;)Z
    IFEQ L20
   L17
    LINENUMBER 396 L17
    ALOAD 2
    LDC "java.lang."
    INVOKEVIRTUAL java/lang/String.length ()I
    INVOKEVIRTUAL java/lang/String.substring (I)Ljava/lang/String;
    ASTORE 2
    GOTO L21
   L20
    LINENUMBER 397 L20
    ALOAD 2
    LDC "org.apache.commons.beanutils.converters."
    INVOKEVIRTUAL java/lang/String.startsWith (Ljava/lang/String;)Z
    IFEQ L21
   L22
    LINENUMBER 398 L22
    ALOAD 2
    LDC "org.apache.commons.beanutils.converters."
    INVOKEVIRTUAL java/lang/String.length ()I
    INVOKEVIRTUAL java/lang/String.substring (I)Ljava/lang/String;
    ASTORE 2
   L21
    LINENUMBER 400 L21
    ALOAD 2
    ARETURN
   L23
    LOCALVARIABLE i I L13 L14 5
    LOCALVARIABLE elementType Ljava/lang/Class; L7 L14 3
    LOCALVARIABLE count I L8 L14 4
    LOCALVARIABLE this Lcom/examples/with/different/packagename/testcarver/AbstractConverter; L0 L23 0
    LOCALVARIABLE type Ljava/lang/Class; L0 L23 1
    LOCALVARIABLE typeName Ljava/lang/String; L1 L23 2
    MAXSTACK = 2
    MAXLOCALS = 6

  // access flags 0x1
  public isUseDefault()Z
    TRYCATCHBLOCK L0 L1 L2 java/lang/Throwable
    ACONST_NULL
    ASTORE 1
   L0
    LDC -2147483612
    ALOAD 0
    LDC "isUseDefault"
    LDC "()Z"
    BIPUSH 0
    ANEWARRAY java/lang/Object
    INVOKESTATIC org/evosuite/testcarver/capture/Capturer.capture (ILjava/lang/Object;Ljava/lang/String;Ljava/lang/String;[Ljava/lang/Object;)V
    ALOAD 0
    INVOKEVIRTUAL com/examples/with/different/packagename/testcarver/AbstractConverter._sw_prototype_original_isUseDefault ()Z
    INVOKESTATIC java/lang/Boolean.valueOf (Z)Ljava/lang/Boolean;
    ASTORE 1
    ALOAD 1
    INVOKEVIRTUAL java/lang/Boolean.booleanValue ()Z
    ISTORE 3
   L1
    LDC -2147483612
    ALOAD 0
    ALOAD 1
    INVOKESTATIC org/evosuite/testcarver/capture/Capturer.enable (ILjava/lang/Object;Ljava/lang/Object;)V
    ILOAD 3
    IRETURN
   L2
   FRAME FULL [com/examples/with/different/packagename/testcarver/AbstractConverter java/lang/Boolean] [java/lang/Throwable]
    ASTORE 2
    LDC -2147483612
    ALOAD 0
    ALOAD 1
    INVOKESTATIC org/evosuite/testcarver/capture/Capturer.enable (ILjava/lang/Object;Ljava/lang/Object;)V
    ALOAD 2
    ATHROW
    MAXSTACK = 5
    MAXLOCALS = 0

  // access flags 0x1
  public convert(Ljava/lang/Class;Ljava/lang/Object;)Ljava/lang/Object;
    TRYCATCHBLOCK L0 L1 L2 java/lang/Throwable
    ACONST_NULL
    ASTORE 3
   L0
    LDC -2147483611
    ALOAD 0
    LDC "convert"
    LDC "(Ljava/lang/Class;Ljava/lang/Object;)Ljava/lang/Object;"
    BIPUSH 2
    ANEWARRAY java/lang/Object
    DUP
    BIPUSH 0
    ALOAD 1
    AASTORE
    DUP
    BIPUSH 1
    ALOAD 2
    AASTORE
    INVOKESTATIC org/evosuite/testcarver/capture/Capturer.capture (ILjava/lang/Object;Ljava/lang/String;Ljava/lang/String;[Ljava/lang/Object;)V
    ALOAD 0
    ALOAD 1
    ALOAD 2
    INVOKEVIRTUAL com/examples/with/different/packagename/testcarver/AbstractConverter._sw_prototype_original_convert (Ljava/lang/Class;Ljava/lang/Object;)Ljava/lang/Object;
    ASTORE 3
    ALOAD 3
    ASTORE 5
   L1
    LDC -2147483611
    ALOAD 0
    ALOAD 3
    INVOKESTATIC org/evosuite/testcarver/capture/Capturer.enable (ILjava/lang/Object;Ljava/lang/Object;)V
    ALOAD 5
    ARETURN
   L2
   FRAME FULL [com/examples/with/different/packagename/testcarver/AbstractConverter java/lang/Object] [java/lang/Throwable]
    ASTORE 4
    LDC -2147483611
    ALOAD 0
    ALOAD 3
    INVOKESTATIC org/evosuite/testcarver/capture/Capturer.enable (ILjava/lang/Object;Ljava/lang/Object;)V
    ALOAD 4
    ATHROW
    MAXSTACK = 8
    MAXLOCALS = 0

  // access flags 0x1
  public toString()Ljava/lang/String;
    TRYCATCHBLOCK L0 L1 L2 java/lang/Throwable
    ACONST_NULL
    ASTORE 1
   L0
    LDC -2147483609
    ALOAD 0
    LDC "toString"
    LDC "()Ljava/lang/String;"
    BIPUSH 0
    ANEWARRAY java/lang/Object
    INVOKESTATIC org/evosuite/testcarver/capture/Capturer.capture (ILjava/lang/Object;Ljava/lang/String;Ljava/lang/String;[Ljava/lang/Object;)V
    ALOAD 0
    INVOKEVIRTUAL com/examples/with/different/packagename/testcarver/AbstractConverter._sw_prototype_original_toString ()Ljava/lang/String;
    ASTORE 1
    ALOAD 1
    ASTORE 3
   L1
    LDC -2147483609
    ALOAD 0
    ALOAD 1
    INVOKESTATIC org/evosuite/testcarver/capture/Capturer.enable (ILjava/lang/Object;Ljava/lang/Object;)V
    ALOAD 3
    ARETURN
   L2
   FRAME FULL [com/examples/with/different/packagename/testcarver/AbstractConverter java/lang/String] [java/lang/Throwable]
    ASTORE 2
    LDC -2147483609
    ALOAD 0
    ALOAD 1
    INVOKESTATIC org/evosuite/testcarver/capture/Capturer.enable (ILjava/lang/Object;Ljava/lang/Object;)V
    ALOAD 2
    ATHROW
    MAXSTACK = 7
    MAXLOCALS = 0
}
INFO  org.evosuite.testcarver.extraction.CarvingClassLoader - Seeing class for first time: com.examples.with.different.packagename.testcarver.Converter
WARN  org.evosuite.testcarver.extraction.CarvingClassLoader - Instrumenting class 'com.examples.with.different.packagename.testcarver.Converter'.
INFO  org.evosuite.testcarver.extraction.CarvingClassLoader - Keeping class: com.examples.with.different.packagename.testcarver.Converter
INFO  org.evosuite.testcarver.extraction.CarvingClassLoader - Keeping class: com.examples.with.different.packagename.testcarver.AbstractConverter
INFO  org.evosuite.testcarver.extraction.CarvingClassLoader - Keeping class: com.examples.with.different.packagename.testcarver.DateTimeConverter
INFO  org.evosuite.testcarver.extraction.CarvingClassLoader - Keeping class: com.examples.with.different.packagename.testcarver.DateConverter
INFO  org.evosuite.testcarver.extraction.CarvingClassLoader - Seeing class for first time: com.examples.with.different.packagename.testcarver.DateConverterTest8
WARN  org.evosuite.testcarver.extraction.CarvingClassLoader - Instrumenting class 'com.examples.with.different.packagename.testcarver.DateConverterTest8'.
INFO  org.evosuite.testcarver.instrument.Instrumenter - Checking package com.examples.with.different.packagename.testcarver for class com/examples/with/different/packagename/testcarver/DateConverterTest8
// class version 52.0 (52)
// access flags 0x21
public class com/examples/with/different/packagename/testcarver/DateConverterTest8 {

  // compiled from: DateConverterTest8.java

  // access flags 0x2
  private _sw_prototype_original_init_sw_prototype_original_()V
    ALOAD 0
    INVOKESTATIC org/evosuite/testcarver/capture/FieldRegistry.register (Ljava/lang/Object;)V
    RETURN
   L0
    LOCALVARIABLE this Lcom/examples/with/different/packagename/testcarver/DateConverterTest8; L1 L0 0
    MAXSTACK = 5
    MAXLOCALS = 1

  // access flags 0x4
  protected makeConverter()Lcom/examples/with/different/packagename/testcarver/DateTimeConverter;
   L0
    LINENUMBER 42 L0
    NEW com/examples/with/different/packagename/testcarver/DateConverter
    DUP
    INVOKESPECIAL com/examples/with/different/packagename/testcarver/DateConverter.<init> ()V
    ARETURN
   L1
    LOCALVARIABLE this Lcom/examples/with/different/packagename/testcarver/DateConverterTest8; L0 L1 0
    MAXSTACK = 2
    MAXLOCALS = 1

  // access flags 0x4
  protected makeConverter(Ljava/lang/Object;)Lcom/examples/with/different/packagename/testcarver/DateTimeConverter;
   L0
    LINENUMBER 52 L0
    NEW com/examples/with/different/packagename/testcarver/DateConverter
    DUP
    ALOAD 1
    INVOKESPECIAL com/examples/with/different/packagename/testcarver/DateConverter.<init> (Ljava/lang/Object;)V
    ARETURN
   L1
    LOCALVARIABLE this Lcom/examples/with/different/packagename/testcarver/DateConverterTest8; L0 L1 0
    LOCALVARIABLE defaultValue Ljava/lang/Object; L0 L1 1
    MAXSTACK = 3
    MAXLOCALS = 2

  // access flags 0x4
  // signature ()Ljava/lang/Class<*>;
  // declaration: java.lang.Class<?> getExpectedType()
  protected getExpectedType()Ljava/lang/Class;
   L0
    LINENUMBER 61 L0
    LDC Ljava/util/Date;.class
    ARETURN
   L1
    LOCALVARIABLE this Lcom/examples/with/different/packagename/testcarver/DateConverterTest8; L0 L1 0
    MAXSTACK = 1
    MAXLOCALS = 1

  // access flags 0x0
  getTimeInMillis(Ljava/lang/Object;)J
   L0
    LINENUMBER 72 L0
    ALOAD 1
    INSTANCEOF java/sql/Timestamp
    IFEQ L1
   L2
    LINENUMBER 77 L2
    ALOAD 1
    CHECKCAST java/sql/Timestamp
    ASTORE 2
   L3
    LINENUMBER 78 L3
    ALOAD 2
    INVOKEVIRTUAL java/sql/Timestamp.getTime ()J
    LDC 1000L
    LDIV
    LDC 1000L
    LMUL
    LSTORE 3
   L4
    LINENUMBER 79 L4
    LLOAD 3
    ALOAD 2
    INVOKEVIRTUAL java/sql/Timestamp.getNanos ()I
    LDC 1000000
    IDIV
    I2L
    LADD
    LSTORE 3
   L5
    LINENUMBER 80 L5
    LLOAD 3
    LRETURN
   L1
    LINENUMBER 83 L1
    ALOAD 1
    INSTANCEOF java/util/Calendar
    IFEQ L6
   L7
    LINENUMBER 84 L7
    ALOAD 1
    CHECKCAST org/evosuite/testcarver/wrapper/java/util/Calendar
    INVOKESTATIC org/evosuite/testcarver/wrapper/java/util/Calendar.getTime (Ljava/util/Calendar;)Ljava/util/Date;
    INVOKEVIRTUAL java/util/Date.getTime ()J
    LRETURN
   L6
    LINENUMBER 86 L6
    ALOAD 1
    CHECKCAST org/evosuite/testcarver/wrapper/java/util/Date
    INVOKEVIRTUAL java/util/Date.getTime ()J
    LRETURN
   L8
    LOCALVARIABLE timestamp Ljava/sql/Timestamp; L3 L1 2
    LOCALVARIABLE timeInMillis J L4 L1 3
    LOCALVARIABLE this Lcom/examples/with/different/packagename/testcarver/DateConverterTest8; L0 L8 0
    LOCALVARIABLE date Ljava/lang/Object; L0 L8 1
    MAXSTACK = 4
    MAXLOCALS = 5

  // access flags 0x0
  validConversion(Lcom/examples/with/different/packagename/testcarver/Converter;Ljava/lang/Object;Ljava/lang/Object;)V
    TRYCATCHBLOCK L0 L1 L2 java/lang/Exception
   L3
    LINENUMBER 99 L3
    ALOAD 3
    IFNONNULL L4
    LDC "null"
    GOTO L5
   L4
    ALOAD 3
    INVOKEVIRTUAL java/lang/Object.getClass ()Ljava/lang/Class;
    INVOKEVIRTUAL java/lang/Class.getName ()Ljava/lang/String;
   L5
    ASTORE 4
   L6
    LINENUMBER 100 L6
    NEW java/lang/StringBuilder
    DUP
    INVOKESPECIAL java/lang/StringBuilder.<init> ()V
    LDC "Converting '"
    INVOKEVIRTUAL java/lang/StringBuilder.append (Ljava/lang/String;)Ljava/lang/StringBuilder;
    ALOAD 4
    INVOKEVIRTUAL java/lang/StringBuilder.append (Ljava/lang/String;)Ljava/lang/StringBuilder;
    LDC "' value '"
    INVOKEVIRTUAL java/lang/StringBuilder.append (Ljava/lang/String;)Ljava/lang/StringBuilder;
    ALOAD 3
    INVOKEVIRTUAL java/lang/StringBuilder.append (Ljava/lang/Object;)Ljava/lang/StringBuilder;
    LDC "'"
    INVOKEVIRTUAL java/lang/StringBuilder.append (Ljava/lang/String;)Ljava/lang/StringBuilder;
    INVOKEVIRTUAL java/lang/StringBuilder.toString ()Ljava/lang/String;
    ASTORE 5
   L0
    LINENUMBER 102 L0
    ALOAD 1
    ALOAD 0
    INVOKEVIRTUAL com/examples/with/different/packagename/testcarver/DateConverterTest8.getExpectedType ()Ljava/lang/Class;
    ALOAD 3
    INVOKEINTERFACE com/examples/with/different/packagename/testcarver/Converter.convert (Ljava/lang/Class;Ljava/lang/Object;)Ljava/lang/Object; (itf)
    ASTORE 6
   L7
    LINENUMBER 103 L7
    ALOAD 6
    IFNONNULL L8
    ACONST_NULL
    GOTO L9
   L8
    ALOAD 6
    INVOKEVIRTUAL java/lang/Object.getClass ()Ljava/lang/Class;
   L9
    ASTORE 7
   L10
    LINENUMBER 104 L10
    ALOAD 2
    IFNONNULL L11
    ACONST_NULL
    GOTO L12
   L11
    ALOAD 2
    INVOKEVIRTUAL java/lang/Object.getClass ()Ljava/lang/Class;
   L12
    ASTORE 8
   L13
    LINENUMBER 105 L13
    NEW java/lang/StringBuilder
    DUP
    INVOKESPECIAL java/lang/StringBuilder.<init> ()V
    LDC "TYPE "
    INVOKEVIRTUAL java/lang/StringBuilder.append (Ljava/lang/String;)Ljava/lang/StringBuilder;
    ALOAD 5
    INVOKEVIRTUAL java/lang/StringBuilder.append (Ljava/lang/String;)Ljava/lang/StringBuilder;
    INVOKEVIRTUAL java/lang/StringBuilder.toString ()Ljava/lang/String;
    ALOAD 8
    ALOAD 7
    INVOKESTATIC org/junit/Assert.assertEquals (Ljava/lang/String;Ljava/lang/Object;Ljava/lang/Object;)V
   L14
    LINENUMBER 106 L14
    NEW java/lang/StringBuilder
    DUP
    INVOKESPECIAL java/lang/StringBuilder.<init> ()V
    LDC "VALUE "
    INVOKEVIRTUAL java/lang/StringBuilder.append (Ljava/lang/String;)Ljava/lang/StringBuilder;
    ALOAD 5
    INVOKEVIRTUAL java/lang/StringBuilder.append (Ljava/lang/String;)Ljava/lang/StringBuilder;
    INVOKEVIRTUAL java/lang/StringBuilder.toString ()Ljava/lang/String;
    ALOAD 2
    ALOAD 6
    INVOKESTATIC org/junit/Assert.assertEquals (Ljava/lang/String;Ljava/lang/Object;Ljava/lang/Object;)V
   L1
    LINENUMBER 109 L1
    GOTO L15
   L2
    LINENUMBER 107 L2
    ASTORE 6
   L16
    LINENUMBER 108 L16
    NEW java/lang/StringBuilder
    DUP
    INVOKESPECIAL java/lang/StringBuilder.<init> ()V
    ALOAD 5
    INVOKEVIRTUAL java/lang/StringBuilder.append (Ljava/lang/String;)Ljava/lang/StringBuilder;
    LDC " threw "
    INVOKEVIRTUAL java/lang/StringBuilder.append (Ljava/lang/String;)Ljava/lang/StringBuilder;
    ALOAD 6
    INVOKEVIRTUAL java/lang/Exception.toString ()Ljava/lang/String;
    INVOKEVIRTUAL java/lang/StringBuilder.append (Ljava/lang/String;)Ljava/lang/StringBuilder;
    INVOKEVIRTUAL java/lang/StringBuilder.toString ()Ljava/lang/String;
    INVOKESTATIC org/junit/Assert.fail (Ljava/lang/String;)V
   L15
    LINENUMBER 110 L15
    RETURN
   L17
    LOCALVARIABLE result Ljava/lang/Object; L7 L1 6
    LOCALVARIABLE resultType Ljava/lang/Class; L10 L1 7
    // signature Ljava/lang/Class<*>;
    // declaration: resultType extends java.lang.Class<?>
    LOCALVARIABLE expectType Ljava/lang/Class; L13 L1 8
    // signature Ljava/lang/Class<*>;
    // declaration: expectType extends java.lang.Class<?>
    LOCALVARIABLE ex Ljava/lang/Exception; L16 L15 6
    LOCALVARIABLE this Lcom/examples/with/different/packagename/testcarver/DateConverterTest8; L3 L17 0
    LOCALVARIABLE converter Lcom/examples/with/different/packagename/testcarver/Converter; L3 L17 1
    LOCALVARIABLE expected Ljava/lang/Object; L3 L17 2
    LOCALVARIABLE value Ljava/lang/Object; L3 L17 3
    LOCALVARIABLE valueType Ljava/lang/String; L6 L17 4
    LOCALVARIABLE msg Ljava/lang/String; L0 L17 5
    MAXSTACK = 3
    MAXLOCALS = 9

  // access flags 0x0
  stringConversion(Lcom/examples/with/different/packagename/testcarver/Converter;Ljava/lang/String;Ljava/lang/Object;)V
    TRYCATCHBLOCK L0 L1 L2 java/lang/Exception
   L3
    LINENUMBER 120 L3
    ALOAD 3
    IFNONNULL L4
    LDC "null"
    GOTO L5
   L4
    ALOAD 3
    INVOKEVIRTUAL java/lang/Object.getClass ()Ljava/lang/Class;
    INVOKEVIRTUAL java/lang/Class.getName ()Ljava/lang/String;
   L5
    ASTORE 4
   L6
    LINENUMBER 121 L6
    NEW java/lang/StringBuilder
    DUP
    INVOKESPECIAL java/lang/StringBuilder.<init> ()V
    LDC "Converting '"
    INVOKEVIRTUAL java/lang/StringBuilder.append (Ljava/lang/String;)Ljava/lang/StringBuilder;
    ALOAD 4
    INVOKEVIRTUAL java/lang/StringBuilder.append (Ljava/lang/String;)Ljava/lang/StringBuilder;
    LDC "' value '"
    INVOKEVIRTUAL java/lang/StringBuilder.append (Ljava/lang/String;)Ljava/lang/StringBuilder;
    ALOAD 3
    INVOKEVIRTUAL java/lang/StringBuilder.append (Ljava/lang/Object;)Ljava/lang/StringBuilder;
    LDC "' to String"
    INVOKEVIRTUAL java/lang/StringBuilder.append (Ljava/lang/String;)Ljava/lang/StringBuilder;
    INVOKEVIRTUAL java/lang/StringBuilder.toString ()Ljava/lang/String;
    ASTORE 5
   L0
    LINENUMBER 123 L0
    ALOAD 1
    LDC Ljava/lang/String;.class
    ALOAD 3
    INVOKEINTERFACE com/examples/with/different/packagename/testcarver/Converter.convert (Ljava/lang/Class;Ljava/lang/Object;)Ljava/lang/Object; (itf)
    ASTORE 6
   L7
    LINENUMBER 124 L7
    ALOAD 6
    IFNONNULL L8
    ACONST_NULL
    GOTO L9
   L8
    ALOAD 6
    INVOKEVIRTUAL java/lang/Object.getClass ()Ljava/lang/Class;
   L9
    ASTORE 7
   L10
    LINENUMBER 125 L10
    ALOAD 2
    IFNONNULL L11
    ACONST_NULL
    GOTO L12
   L11
    ALOAD 2
    INVOKEVIRTUAL java/lang/Object.getClass ()Ljava/lang/Class;
   L12
    ASTORE 8
   L13
    LINENUMBER 126 L13
    NEW java/lang/StringBuilder
    DUP
    INVOKESPECIAL java/lang/StringBuilder.<init> ()V
    LDC "TYPE "
    INVOKEVIRTUAL java/lang/StringBuilder.append (Ljava/lang/String;)Ljava/lang/StringBuilder;
    ALOAD 5
    INVOKEVIRTUAL java/lang/StringBuilder.append (Ljava/lang/String;)Ljava/lang/StringBuilder;
    INVOKEVIRTUAL java/lang/StringBuilder.toString ()Ljava/lang/String;
    ALOAD 8
    ALOAD 7
    INVOKESTATIC org/junit/Assert.assertEquals (Ljava/lang/String;Ljava/lang/Object;Ljava/lang/Object;)V
   L14
    LINENUMBER 127 L14
    NEW java/lang/StringBuilder
    DUP
    INVOKESPECIAL java/lang/StringBuilder.<init> ()V
    LDC "VALUE "
    INVOKEVIRTUAL java/lang/StringBuilder.append (Ljava/lang/String;)Ljava/lang/StringBuilder;
    ALOAD 5
    INVOKEVIRTUAL java/lang/StringBuilder.append (Ljava/lang/String;)Ljava/lang/StringBuilder;
    INVOKEVIRTUAL java/lang/StringBuilder.toString ()Ljava/lang/String;
    ALOAD 2
    ALOAD 6
    INVOKESTATIC org/junit/Assert.assertEquals (Ljava/lang/String;Ljava/lang/Object;Ljava/lang/Object;)V
   L1
    LINENUMBER 130 L1
    GOTO L15
   L2
    LINENUMBER 128 L2
    ASTORE 6
   L16
    LINENUMBER 129 L16
    NEW java/lang/StringBuilder
    DUP
    INVOKESPECIAL java/lang/StringBuilder.<init> ()V
    ALOAD 5
    INVOKEVIRTUAL java/lang/StringBuilder.append (Ljava/lang/String;)Ljava/lang/StringBuilder;
    LDC " threw "
    INVOKEVIRTUAL java/lang/StringBuilder.append (Ljava/lang/String;)Ljava/lang/StringBuilder;
    ALOAD 6
    INVOKEVIRTUAL java/lang/Exception.toString ()Ljava/lang/String;
    INVOKEVIRTUAL java/lang/StringBuilder.append (Ljava/lang/String;)Ljava/lang/StringBuilder;
    INVOKEVIRTUAL java/lang/StringBuilder.toString ()Ljava/lang/String;
    INVOKESTATIC org/junit/Assert.fail (Ljava/lang/String;)V
   L15
    LINENUMBER 131 L15
    RETURN
   L17
    LOCALVARIABLE result Ljava/lang/Object; L7 L1 6
    LOCALVARIABLE resultType Ljava/lang/Class; L10 L1 7
    // signature Ljava/lang/Class<*>;
    // declaration: resultType extends java.lang.Class<?>
    LOCALVARIABLE expectType Ljava/lang/Class; L13 L1 8
    // signature Ljava/lang/Class<*>;
    // declaration: expectType extends java.lang.Class<?>
    LOCALVARIABLE ex Ljava/lang/Exception; L16 L15 6
    LOCALVARIABLE this Lcom/examples/with/different/packagename/testcarver/DateConverterTest8; L3 L17 0
    LOCALVARIABLE converter Lcom/examples/with/different/packagename/testcarver/Converter; L3 L17 1
    LOCALVARIABLE expected Ljava/lang/String; L3 L17 2
    LOCALVARIABLE value Ljava/lang/Object; L3 L17 3
    LOCALVARIABLE valueType Ljava/lang/String; L6 L17 4
    LOCALVARIABLE msg Ljava/lang/String; L0 L17 5
    MAXSTACK = 3
    MAXLOCALS = 9

  // access flags 0x0
  invalidConversion(Lcom/examples/with/different/packagename/testcarver/Converter;Ljava/lang/Object;)V
    TRYCATCHBLOCK L0 L1 L2 com/examples/with/different/packagename/testcarver/ConversionException
   L3
    LINENUMBER 140 L3
    ALOAD 2
    IFNONNULL L4
    LDC "null"
    GOTO L5
   L4
    ALOAD 2
    INVOKEVIRTUAL java/lang/Object.getClass ()Ljava/lang/Class;
    INVOKEVIRTUAL java/lang/Class.getName ()Ljava/lang/String;
   L5
    ASTORE 3
   L6
    LINENUMBER 141 L6
    NEW java/lang/StringBuilder
    DUP
    INVOKESPECIAL java/lang/StringBuilder.<init> ()V
    LDC "Converting '"
    INVOKEVIRTUAL java/lang/StringBuilder.append (Ljava/lang/String;)Ljava/lang/StringBuilder;
    ALOAD 3
    INVOKEVIRTUAL java/lang/StringBuilder.append (Ljava/lang/String;)Ljava/lang/StringBuilder;
    LDC "' value '"
    INVOKEVIRTUAL java/lang/StringBuilder.append (Ljava/lang/String;)Ljava/lang/StringBuilder;
    ALOAD 2
    INVOKEVIRTUAL java/lang/StringBuilder.append (Ljava/lang/Object;)Ljava/lang/StringBuilder;
    LDC "'"
    INVOKEVIRTUAL java/lang/StringBuilder.append (Ljava/lang/String;)Ljava/lang/StringBuilder;
    INVOKEVIRTUAL java/lang/StringBuilder.toString ()Ljava/lang/String;
    ASTORE 4
   L0
    LINENUMBER 143 L0
    ALOAD 1
    ALOAD 0
    INVOKEVIRTUAL com/examples/with/different/packagename/testcarver/DateConverterTest8.getExpectedType ()Ljava/lang/Class;
    ALOAD 2
    INVOKEINTERFACE com/examples/with/different/packagename/testcarver/Converter.convert (Ljava/lang/Class;Ljava/lang/Object;)Ljava/lang/Object; (itf)
    ASTORE 5
   L7
    LINENUMBER 144 L7
    NEW java/lang/StringBuilder
    DUP
    INVOKESPECIAL java/lang/StringBuilder.<init> ()V
    ALOAD 4
    INVOKEVIRTUAL java/lang/StringBuilder.append (Ljava/lang/String;)Ljava/lang/StringBuilder;
    LDC ", expected ConversionException, but result = '"
    INVOKEVIRTUAL java/lang/StringBuilder.append (Ljava/lang/String;)Ljava/lang/StringBuilder;
    ALOAD 5
    INVOKEVIRTUAL java/lang/StringBuilder.append (Ljava/lang/Object;)Ljava/lang/StringBuilder;
    LDC "'"
    INVOKEVIRTUAL java/lang/StringBuilder.append (Ljava/lang/String;)Ljava/lang/StringBuilder;
    INVOKEVIRTUAL java/lang/StringBuilder.toString ()Ljava/lang/String;
    INVOKESTATIC org/junit/Assert.fail (Ljava/lang/String;)V
   L1
    LINENUMBER 147 L1
    GOTO L8
   L2
    LINENUMBER 145 L2
    ASTORE 5
   L8
    LINENUMBER 148 L8
    RETURN
   L9
    LOCALVARIABLE result Ljava/lang/Object; L7 L1 5
    LOCALVARIABLE this Lcom/examples/with/different/packagename/testcarver/DateConverterTest8; L3 L9 0
    LOCALVARIABLE converter Lcom/examples/with/different/packagename/testcarver/Converter; L3 L9 1
    LOCALVARIABLE value Ljava/lang/Object; L3 L9 2
    LOCALVARIABLE valueType Ljava/lang/String; L6 L9 3
    LOCALVARIABLE msg Ljava/lang/String; L0 L9 4
    MAXSTACK = 3
    MAXLOCALS = 6

  // access flags 0x0
  toType(Ljava/lang/String;Ljava/lang/String;Ljava/util/Locale;)Ljava/lang/Object;
   L0
    LINENUMBER 159 L0
    ALOAD 0
    ALOAD 1
    ALOAD 2
    ALOAD 3
    INVOKEVIRTUAL com/examples/with/different/packagename/testcarver/DateConverterTest8.toCalendar (Ljava/lang/String;Ljava/lang/String;Ljava/util/Locale;)Ljava/util/Calendar;
    ASTORE 4
   L1
    LINENUMBER 160 L1
    ALOAD 0
    ALOAD 4
    INVOKEVIRTUAL com/examples/with/different/packagename/testcarver/DateConverterTest8.toType (Ljava/util/Calendar;)Ljava/lang/Object;
    ARETURN
   L2
    LOCALVARIABLE this Lcom/examples/with/different/packagename/testcarver/DateConverterTest8; L0 L2 0
    LOCALVARIABLE value Ljava/lang/String; L0 L2 1
    LOCALVARIABLE pattern Ljava/lang/String; L0 L2 2
    LOCALVARIABLE locale Ljava/util/Locale; L0 L2 3
    LOCALVARIABLE calendar Ljava/util/Calendar; L1 L2 4
    MAXSTACK = 4
    MAXLOCALS = 5

  // access flags 0x0
  toCalendar(Ljava/lang/String;Ljava/lang/String;Ljava/util/Locale;)Ljava/util/Calendar;
    TRYCATCHBLOCK L0 L1 L2 java/lang/Exception
   L3
    LINENUMBER 172 L3
    ACONST_NULL
    ASTORE 4
   L0
    LINENUMBER 174 L0
    ALOAD 3
    IFNONNULL L4
   L5
    LINENUMBER 175 L5
    NEW org/evosuite/testcarver/wrapper/java/text/SimpleDateFormat
    DUP
    ALOAD 2
    INVOKESPECIAL org/evosuite/testcarver/wrapper/java/text/SimpleDateFormat.<init> (Ljava/lang/String;)V
    GOTO L6
   L4
    LINENUMBER 176 L4
    NEW org/evosuite/testcarver/wrapper/java/text/SimpleDateFormat
    DUP
    ALOAD 2
    ALOAD 3
    INVOKESPECIAL org/evosuite/testcarver/wrapper/java/text/SimpleDateFormat.<init> (Ljava/lang/String;Ljava/util/Locale;)V
   L6
    ASTORE 5
   L7
    LINENUMBER 177 L7
    ALOAD 5
    ICONST_0
    INVOKEVIRTUAL java/text/DateFormat.setLenient (Z)V
   L8
    LINENUMBER 178 L8
    ALOAD 5
    ALOAD 1
    INVOKEVIRTUAL java/text/DateFormat.parse (Ljava/lang/String;)Ljava/util/Date;
    POP
   L9
    LINENUMBER 179 L9
    ALOAD 5
    INVOKEVIRTUAL java/text/DateFormat.getCalendar ()Ljava/util/Calendar;
    ASTORE 4
   L1
    LINENUMBER 183 L1
    GOTO L10
   L2
    LINENUMBER 180 L2
    ASTORE 5
   L11
    LINENUMBER 181 L11
    NEW java/lang/StringBuilder
    DUP
    INVOKESPECIAL java/lang/StringBuilder.<init> ()V
    LDC "Error creating Calendar value ='"
    INVOKEVIRTUAL java/lang/StringBuilder.append (Ljava/lang/String;)Ljava/lang/StringBuilder;
    ALOAD 1
    INVOKEVIRTUAL java/lang/StringBuilder.append (Ljava/lang/String;)Ljava/lang/StringBuilder;
    LDC ", pattern='"
    INVOKEVIRTUAL java/lang/StringBuilder.append (Ljava/lang/String;)Ljava/lang/StringBuilder;
    ALOAD 2
    INVOKEVIRTUAL java/lang/StringBuilder.append (Ljava/lang/String;)Ljava/lang/StringBuilder;
    LDC "' "
    INVOKEVIRTUAL java/lang/StringBuilder.append (Ljava/lang/String;)Ljava/lang/StringBuilder;
    ALOAD 5
   L12
    LINENUMBER 182 L12
    INVOKEVIRTUAL java/lang/Exception.toString ()Ljava/lang/String;
    INVOKEVIRTUAL java/lang/StringBuilder.append (Ljava/lang/String;)Ljava/lang/StringBuilder;
    INVOKEVIRTUAL java/lang/StringBuilder.toString ()Ljava/lang/String;
   L13
    LINENUMBER 181 L13
    INVOKESTATIC org/junit/Assert.fail (Ljava/lang/String;)V
   L10
    LINENUMBER 184 L10
    ALOAD 4
    ARETURN
   L14
    LOCALVARIABLE format Ljava/text/DateFormat; L7 L1 5
    LOCALVARIABLE e Ljava/lang/Exception; L11 L10 5
    LOCALVARIABLE this Lcom/examples/with/different/packagename/testcarver/DateConverterTest8; L3 L14 0
    LOCALVARIABLE value Ljava/lang/String; L3 L14 1
    LOCALVARIABLE pattern Ljava/lang/String; L3 L14 2
    LOCALVARIABLE locale Ljava/util/Locale; L3 L14 3
    LOCALVARIABLE calendar Ljava/util/Calendar; L0 L14 4
    MAXSTACK = 4
    MAXLOCALS = 6

  // access flags 0x0
  toDate(Ljava/util/Calendar;)Ljava/util/Date;
   L0
    LINENUMBER 194 L0
    ALOAD 1
    INVOKESTATIC org/evosuite/testcarver/wrapper/java/util/Calendar.getTime (Ljava/util/Calendar;)Ljava/util/Date;
    ARETURN
   L1
    LOCALVARIABLE this Lcom/examples/with/different/packagename/testcarver/DateConverterTest8; L0 L1 0
    LOCALVARIABLE calendar Ljava/util/Calendar; L0 L1 1
    MAXSTACK = 1
    MAXLOCALS = 2

  // access flags 0x0
  toSqlDate(Ljava/util/Calendar;)Ljava/sql/Date;
   L0
    LINENUMBER 204 L0
    NEW java/sql/Date
    DUP
    ALOAD 0
    ALOAD 1
    INVOKEVIRTUAL com/examples/with/different/packagename/testcarver/DateConverterTest8.getTimeInMillis (Ljava/lang/Object;)J
    INVOKESPECIAL java/sql/Date.<init> (J)V
    ARETURN
   L1
    LOCALVARIABLE this Lcom/examples/with/different/packagename/testcarver/DateConverterTest8; L0 L1 0
    LOCALVARIABLE calendar Ljava/util/Calendar; L0 L1 1
    MAXSTACK = 4
    MAXLOCALS = 2

  // access flags 0x0
  toSqlTime(Ljava/util/Calendar;)Ljava/sql/Time;
   L0
    LINENUMBER 214 L0
    NEW java/sql/Time
    DUP
    ALOAD 0
    ALOAD 1
    INVOKEVIRTUAL com/examples/with/different/packagename/testcarver/DateConverterTest8.getTimeInMillis (Ljava/lang/Object;)J
    INVOKESPECIAL java/sql/Time.<init> (J)V
    ARETURN
   L1
    LOCALVARIABLE this Lcom/examples/with/different/packagename/testcarver/DateConverterTest8; L0 L1 0
    LOCALVARIABLE calendar Ljava/util/Calendar; L0 L1 1
    MAXSTACK = 4
    MAXLOCALS = 2

  // access flags 0x0
  toSqlTimestamp(Ljava/util/Calendar;)Ljava/sql/Timestamp;
   L0
    LINENUMBER 224 L0
    NEW java/sql/Timestamp
    DUP
    ALOAD 0
    ALOAD 1
    INVOKEVIRTUAL com/examples/with/different/packagename/testcarver/DateConverterTest8.getTimeInMillis (Ljava/lang/Object;)J
    INVOKESPECIAL java/sql/Timestamp.<init> (J)V
    ARETURN
   L1
    LOCALVARIABLE this Lcom/examples/with/different/packagename/testcarver/DateConverterTest8; L0 L1 0
    LOCALVARIABLE calendar Ljava/util/Calendar; L0 L1 1
    MAXSTACK = 4
    MAXLOCALS = 2

  // access flags 0x4
  protected toType(Ljava/util/Calendar;)Ljava/lang/Object;
   L0
    LINENUMBER 234 L0
    ALOAD 1
    INVOKESTATIC org/evosuite/testcarver/wrapper/java/util/Calendar.getTime (Ljava/util/Calendar;)Ljava/util/Date;
    ARETURN
   L1
    LOCALVARIABLE this Lcom/examples/with/different/packagename/testcarver/DateConverterTest8; L0 L1 0
    LOCALVARIABLE value Ljava/util/Calendar; L0 L1 1
    MAXSTACK = 1
    MAXLOCALS = 2

  // access flags 0x2
  private _sw_prototype_original_testPatternNullDefault()V
   L0
    LINENUMBER 243 L0
    LDC "yyyy-MM-dd"
    ASTORE 1
   L1
    LINENUMBER 246 L1
    ACONST_NULL
    ASTORE 2
   L2
    LINENUMBER 247 L2
    ALOAD 0
    ALOAD 2
    INVOKEVIRTUAL com/examples/with/different/packagename/testcarver/DateConverterTest8.makeConverter (Ljava/lang/Object;)Lcom/examples/with/different/packagename/testcarver/DateTimeConverter;
    ASTORE 3
   L3
    LINENUMBER 248 L3
    ALOAD 3
    ALOAD 1
    INVOKEVIRTUAL com/examples/with/different/packagename/testcarver/DateTimeConverter.setPattern (Ljava/lang/String;)V
   L4
    LINENUMBER 251 L4
    LDC "2006-10-29"
    ASTORE 4
   L5
    LINENUMBER 252 L5
    ALOAD 0
    ALOAD 4
    ALOAD 1
    ACONST_NULL
    INVOKEVIRTUAL com/examples/with/different/packagename/testcarver/DateConverterTest8.toType (Ljava/lang/String;Ljava/lang/String;Ljava/util/Locale;)Ljava/lang/Object;
    ASTORE 5
   L6
    LINENUMBER 253 L6
    ALOAD 0
    ALOAD 3
    ALOAD 5
    ALOAD 4
    INVOKEVIRTUAL com/examples/with/different/packagename/testcarver/DateConverterTest8.validConversion (Lcom/examples/with/different/packagename/testcarver/Converter;Ljava/lang/Object;Ljava/lang/Object;)V
   L7
    LINENUMBER 256 L7
    ALOAD 0
    ALOAD 3
    ALOAD 2
    ACONST_NULL
    INVOKEVIRTUAL com/examples/with/different/packagename/testcarver/DateConverterTest8.validConversion (Lcom/examples/with/different/packagename/testcarver/Converter;Ljava/lang/Object;Ljava/lang/Object;)V
   L8
    LINENUMBER 257 L8
    ALOAD 0
    ALOAD 3
    ALOAD 2
    LDC ""
    INVOKEVIRTUAL com/examples/with/different/packagename/testcarver/DateConverterTest8.validConversion (Lcom/examples/with/different/packagename/testcarver/Converter;Ljava/lang/Object;Ljava/lang/Object;)V
   L9
    LINENUMBER 258 L9
    ALOAD 0
    ALOAD 3
    ALOAD 2
    LDC "2006-10-2X"
    INVOKEVIRTUAL com/examples/with/different/packagename/testcarver/DateConverterTest8.validConversion (Lcom/examples/with/different/packagename/testcarver/Converter;Ljava/lang/Object;Ljava/lang/Object;)V
   L10
    LINENUMBER 259 L10
    ALOAD 0
    ALOAD 3
    ALOAD 2
    LDC "2006/10/01"
    INVOKEVIRTUAL com/examples/with/different/packagename/testcarver/DateConverterTest8.validConversion (Lcom/examples/with/different/packagename/testcarver/Converter;Ljava/lang/Object;Ljava/lang/Object;)V
   L11
    LINENUMBER 260 L11
    ALOAD 0
    ALOAD 3
    ALOAD 2
    LDC "02/10/06"
    INVOKEVIRTUAL com/examples/with/different/packagename/testcarver/DateConverterTest8.validConversion (Lcom/examples/with/different/packagename/testcarver/Converter;Ljava/lang/Object;Ljava/lang/Object;)V
   L12
    LINENUMBER 261 L12
    ALOAD 0
    ALOAD 3
    ALOAD 2
    ICONST_2
    INVOKESTATIC java/lang/Integer.valueOf (I)Ljava/lang/Integer;
    INVOKEVIRTUAL com/examples/with/different/packagename/testcarver/DateConverterTest8.validConversion (Lcom/examples/with/different/packagename/testcarver/Converter;Ljava/lang/Object;Ljava/lang/Object;)V
   L13
    LINENUMBER 263 L13
    RETURN
   L14
    LOCALVARIABLE this Lcom/examples/with/different/packagename/testcarver/DateConverterTest8; L0 L14 0
    LOCALVARIABLE pattern Ljava/lang/String; L1 L14 1
    LOCALVARIABLE defaultValue Ljava/lang/Object; L2 L14 2
    LOCALVARIABLE converter Lcom/examples/with/different/packagename/testcarver/DateTimeConverter; L3 L14 3
    LOCALVARIABLE testString Ljava/lang/String; L5 L14 4
    LOCALVARIABLE expected Ljava/lang/Object; L6 L14 5
    MAXSTACK = 8
    MAXLOCALS = 6

  // access flags 0x1
  public <init>()V
    TRYCATCHBLOCK L0 L1 L1 java/lang/Throwable
   L2
    LINENUMBER 33 L2
    ALOAD 0
    INVOKESPECIAL java/lang/Object.<init> ()V
   L0
    LDC -2147483608
    ALOAD 0
    LDC "<init>"
    LDC "()V"
    BIPUSH 0
    ANEWARRAY java/lang/Object
    INVOKESTATIC org/evosuite/testcarver/capture/Capturer.capture (ILjava/lang/Object;Ljava/lang/String;Ljava/lang/String;[Ljava/lang/Object;)V
    ALOAD 0
    INVOKEVIRTUAL com/examples/with/different/packagename/testcarver/DateConverterTest8._sw_prototype_original_init_sw_prototype_original_ ()V
    GOTO L3
   L1
   FRAME SAME1 java/lang/Throwable
    ASTORE 1
    LDC -2147483608
    ALOAD 0
    GETSTATIC org/evosuite/testcarver/capture/CaptureLog.RETURN_TYPE_VOID : Ljava/lang/Object;
    INVOKESTATIC org/evosuite/testcarver/capture/Capturer.enable (ILjava/lang/Object;Ljava/lang/Object;)V
    ALOAD 1
    ATHROW
   L3
   FRAME SAME
    LDC -2147483608
    ALOAD 0
    GETSTATIC org/evosuite/testcarver/capture/CaptureLog.RETURN_TYPE_VOID : Ljava/lang/Object;
    INVOKESTATIC org/evosuite/testcarver/capture/Capturer.enable (ILjava/lang/Object;Ljava/lang/Object;)V
    RETURN
    MAXSTACK = 5
    MAXLOCALS = 0

  // access flags 0x1
  public testPatternNullDefault()V
  @Lorg/junit/Test;()
    TRYCATCHBLOCK L0 L1 L1 java/lang/Throwable
   L0
    LDC -2147483607
    ALOAD 0
    LDC "testPatternNullDefault"
    LDC "()V"
    BIPUSH 0
    ANEWARRAY java/lang/Object
    INVOKESTATIC org/evosuite/testcarver/capture/Capturer.capture (ILjava/lang/Object;Ljava/lang/String;Ljava/lang/String;[Ljava/lang/Object;)V
    ALOAD 0
    INVOKEVIRTUAL com/examples/with/different/packagename/testcarver/DateConverterTest8._sw_prototype_original_testPatternNullDefault ()V
    GOTO L2
   L1
   FRAME SAME1 java/lang/Throwable
    ASTORE 1
    LDC -2147483607
    ALOAD 0
    GETSTATIC org/evosuite/testcarver/capture/CaptureLog.RETURN_TYPE_VOID : Ljava/lang/Object;
    INVOKESTATIC org/evosuite/testcarver/capture/Capturer.enable (ILjava/lang/Object;Ljava/lang/Object;)V
    ALOAD 1
    ATHROW
   L2
   FRAME SAME
    LDC -2147483607
    ALOAD 0
    GETSTATIC org/evosuite/testcarver/capture/CaptureLog.RETURN_TYPE_VOID : Ljava/lang/Object;
    INVOKESTATIC org/evosuite/testcarver/capture/Capturer.enable (ILjava/lang/Object;Ljava/lang/Object;)V
    RETURN
    MAXSTACK = 8
    MAXLOCALS = 0
}
INFO  org.evosuite.testcarver.extraction.CarvingClassLoader - Keeping class: com.examples.with.different.packagename.testcarver.DateConverterTest8
INFO  org.evosuite.testcarver.extraction.CarvingClassLoader - Seeing class for first time: com.examples.with.different.packagename.testcarver.ConversionException
WARN  org.evosuite.testcarver.extraction.CarvingClassLoader - Instrumenting class 'com.examples.with.different.packagename.testcarver.ConversionException'.
INFO  org.evosuite.testcarver.instrument.Instrumenter - Checking package com.examples.with.different.packagename.testcarver for class com/examples/with/different/packagename/testcarver/ConversionException
// class version 52.0 (52)
// access flags 0x21
public class com/examples/with/different/packagename/testcarver/ConversionException extends java/lang/RuntimeException {

  // compiled from: ConversionException.java

  // access flags 0x1A
  private final static J serialVersionUID = -3264207363344909775L

  // access flags 0x4
  protected Ljava/lang/Throwable; cause

  // access flags 0x2
  private _sw_prototype_original_init_sw_prototype_original_(Ljava/lang/String;)V
    ALOAD 0
    INVOKESTATIC org/evosuite/testcarver/capture/FieldRegistry.register (Ljava/lang/Object;)V
   L0
    LINENUMBER 85 L0
    ALOAD 0
    ACONST_NULL
    DUP2
    PUTFIELD com/examples/with/different/packagename/testcarver/ConversionException.cause : Ljava/lang/Throwable;
    POP
    LDC -2147483606
    LDC "com/examples/with/different/packagename/testcarver/ConversionException"
    LDC "cause"
    LDC "Ljava/lang/Throwable;"
    INVOKESTATIC org/evosuite/testcarver/capture/FieldRegistry.notifyModification (Ljava/lang/Object;ILjava/lang/String;Ljava/lang/String;Ljava/lang/String;)V
   L1
    LINENUMBER 48 L1
    RETURN
   L2
    LOCALVARIABLE this Lcom/examples/with/different/packagename/testcarver/ConversionException; L3 L2 0
    LOCALVARIABLE message Ljava/lang/String; L3 L2 1
    MAXSTACK = 6
    MAXLOCALS = 2

  // access flags 0x2
  private _sw_prototype_original_init_sw_prototype_original_(Ljava/lang/String;Ljava/lang/Throwable;)V
    ALOAD 0
    INVOKESTATIC org/evosuite/testcarver/capture/FieldRegistry.register (Ljava/lang/Object;)V
   L0
    LINENUMBER 85 L0
    ALOAD 0
    ACONST_NULL
    DUP2
    PUTFIELD com/examples/with/different/packagename/testcarver/ConversionException.cause : Ljava/lang/Throwable;
    POP
    LDC -2147483603
    LDC "com/examples/with/different/packagename/testcarver/ConversionException"
    LDC "cause"
    LDC "Ljava/lang/Throwable;"
    INVOKESTATIC org/evosuite/testcarver/capture/FieldRegistry.notifyModification (Ljava/lang/Object;ILjava/lang/String;Ljava/lang/String;Ljava/lang/String;)V
   L1
    LINENUMBER 60 L1
    ALOAD 0
    ALOAD 2
    DUP2
    PUTFIELD com/examples/with/different/packagename/testcarver/ConversionException.cause : Ljava/lang/Throwable;
    POP
    LDC -2147483601
    LDC "com/examples/with/different/packagename/testcarver/ConversionException"
    LDC "cause"
    LDC "Ljava/lang/Throwable;"
    INVOKESTATIC org/evosuite/testcarver/capture/FieldRegistry.notifyModification (Ljava/lang/Object;ILjava/lang/String;Ljava/lang/String;Ljava/lang/String;)V
   L2
    LINENUMBER 62 L2
    RETURN
   L3
    LOCALVARIABLE this Lcom/examples/with/different/packagename/testcarver/ConversionException; L4 L3 0
    LOCALVARIABLE message Ljava/lang/String; L4 L3 1
    LOCALVARIABLE cause Ljava/lang/Throwable; L4 L3 2
    MAXSTACK = 6
    MAXLOCALS = 3

  // access flags 0x2
  private _sw_prototype_original_init_sw_prototype_original_(Ljava/lang/Throwable;)V
    ALOAD 0
    INVOKESTATIC org/evosuite/testcarver/capture/FieldRegistry.register (Ljava/lang/Object;)V
   L0
    LINENUMBER 85 L0
    ALOAD 0
    ACONST_NULL
    DUP2
    PUTFIELD com/examples/with/different/packagename/testcarver/ConversionException.cause : Ljava/lang/Throwable;
    POP
    LDC -2147483598
    LDC "com/examples/with/different/packagename/testcarver/ConversionException"
    LDC "cause"
    LDC "Ljava/lang/Throwable;"
    INVOKESTATIC org/evosuite/testcarver/capture/FieldRegistry.notifyModification (Ljava/lang/Object;ILjava/lang/String;Ljava/lang/String;Ljava/lang/String;)V
   L1
    LINENUMBER 73 L1
    ALOAD 0
    ALOAD 1
    DUP2
    PUTFIELD com/examples/with/different/packagename/testcarver/ConversionException.cause : Ljava/lang/Throwable;
    POP
    LDC -2147483596
    LDC "com/examples/with/different/packagename/testcarver/ConversionException"
    LDC "cause"
    LDC "Ljava/lang/Throwable;"
    INVOKESTATIC org/evosuite/testcarver/capture/FieldRegistry.notifyModification (Ljava/lang/Object;ILjava/lang/String;Ljava/lang/String;Ljava/lang/String;)V
   L2
    LINENUMBER 75 L2
    RETURN
   L3
    LOCALVARIABLE this Lcom/examples/with/different/packagename/testcarver/ConversionException; L4 L3 0
    LOCALVARIABLE cause Ljava/lang/Throwable; L4 L3 1
    MAXSTACK = 6
    MAXLOCALS = 2

  // access flags 0x2
  private _sw_prototype_original_getCause()Ljava/lang/Throwable;
   L0
    LINENUMBER 93 L0
    ALOAD 0
    DUP
    GETFIELD com/examples/with/different/packagename/testcarver/ConversionException.cause : Ljava/lang/Throwable;
    SWAP
    LDC -2147483593
    LDC "com/examples/with/different/packagename/testcarver/ConversionException"
    LDC "cause"
    LDC "Ljava/lang/Throwable;"
    INVOKESTATIC org/evosuite/testcarver/capture/FieldRegistry.notifyReadAccess (Ljava/lang/Object;ILjava/lang/String;Ljava/lang/String;Ljava/lang/String;)V
    ARETURN
   L1
    LOCALVARIABLE this Lcom/examples/with/different/packagename/testcarver/ConversionException; L0 L1 0
    MAXSTACK = 5
    MAXLOCALS = 1

  // access flags 0x1
  public <init>(Ljava/lang/String;)V
    TRYCATCHBLOCK L0 L1 L1 java/lang/Throwable
   L2
    LINENUMBER 46 L2
    ALOAD 0
    ALOAD 1
    INVOKESPECIAL java/lang/RuntimeException.<init> (Ljava/lang/String;)V
   L0
    LDC -2147483604
    ALOAD 0
    LDC "<init>"
    LDC "(Ljava/lang/String;)V"
    BIPUSH 1
    ANEWARRAY java/lang/Object
    DUP
    BIPUSH 0
    ALOAD 1
    AASTORE
    INVOKESTATIC org/evosuite/testcarver/capture/Capturer.capture (ILjava/lang/Object;Ljava/lang/String;Ljava/lang/String;[Ljava/lang/Object;)V
    ALOAD 0
    ALOAD 1
    INVOKEVIRTUAL com/examples/with/different/packagename/testcarver/ConversionException._sw_prototype_original_init_sw_prototype_original_ (Ljava/lang/String;)V
    GOTO L3
   L1
   FRAME SAME1 java/lang/Throwable
    ASTORE 2
    LDC -2147483604
    ALOAD 0
    GETSTATIC org/evosuite/testcarver/capture/CaptureLog.RETURN_TYPE_VOID : Ljava/lang/Object;
    INVOKESTATIC org/evosuite/testcarver/capture/Capturer.enable (ILjava/lang/Object;Ljava/lang/Object;)V
    ALOAD 2
    ATHROW
   L3
   FRAME SAME
    LDC -2147483604
    ALOAD 0
    GETSTATIC org/evosuite/testcarver/capture/CaptureLog.RETURN_TYPE_VOID : Ljava/lang/Object;
    INVOKESTATIC org/evosuite/testcarver/capture/Capturer.enable (ILjava/lang/Object;Ljava/lang/Object;)V
    RETURN
    MAXSTACK = 6
    MAXLOCALS = 0

  // access flags 0x1
  public <init>(Ljava/lang/String;Ljava/lang/Throwable;)V
    TRYCATCHBLOCK L0 L1 L1 java/lang/Throwable
   L2
    LINENUMBER 59 L2
    ALOAD 0
    ALOAD 1
    INVOKESPECIAL java/lang/RuntimeException.<init> (Ljava/lang/String;)V
   L0
    LDC -2147483599
    ALOAD 0
    LDC "<init>"
    LDC "(Ljava/lang/String;Ljava/lang/Throwable;)V"
    BIPUSH 2
    ANEWARRAY java/lang/Object
    DUP
    BIPUSH 0
    ALOAD 1
    AASTORE
    DUP
    BIPUSH 1
    ALOAD 2
    AASTORE
    INVOKESTATIC org/evosuite/testcarver/capture/Capturer.capture (ILjava/lang/Object;Ljava/lang/String;Ljava/lang/String;[Ljava/lang/Object;)V
    ALOAD 0
    ALOAD 1
    ALOAD 2
    INVOKEVIRTUAL com/examples/with/different/packagename/testcarver/ConversionException._sw_prototype_original_init_sw_prototype_original_ (Ljava/lang/String;Ljava/lang/Throwable;)V
    GOTO L3
   L1
   FRAME SAME1 java/lang/Throwable
    ASTORE 3
    LDC -2147483599
    ALOAD 0
    GETSTATIC org/evosuite/testcarver/capture/CaptureLog.RETURN_TYPE_VOID : Ljava/lang/Object;
    INVOKESTATIC org/evosuite/testcarver/capture/Capturer.enable (ILjava/lang/Object;Ljava/lang/Object;)V
    ALOAD 3
    ATHROW
   L3
   FRAME SAME
    LDC -2147483599
    ALOAD 0
    GETSTATIC org/evosuite/testcarver/capture/CaptureLog.RETURN_TYPE_VOID : Ljava/lang/Object;
    INVOKESTATIC org/evosuite/testcarver/capture/Capturer.enable (ILjava/lang/Object;Ljava/lang/Object;)V
    RETURN
    MAXSTACK = 6
    MAXLOCALS = 0

  // access flags 0x1
  public <init>(Ljava/lang/Throwable;)V
    TRYCATCHBLOCK L0 L1 L1 java/lang/Throwable
   L2
    LINENUMBER 72 L2
    ALOAD 0
    ALOAD 1
    INVOKEVIRTUAL java/lang/Throwable.getMessage ()Ljava/lang/String;
    INVOKESPECIAL java/lang/RuntimeException.<init> (Ljava/lang/String;)V
   L0
    LDC -2147483594
    ALOAD 0
    LDC "<init>"
    LDC "(Ljava/lang/Throwable;)V"
    BIPUSH 1
    ANEWARRAY java/lang/Object
    DUP
    BIPUSH 0
    ALOAD 1
    AASTORE
    INVOKESTATIC org/evosuite/testcarver/capture/Capturer.capture (ILjava/lang/Object;Ljava/lang/String;Ljava/lang/String;[Ljava/lang/Object;)V
    ALOAD 0
    ALOAD 1
    INVOKEVIRTUAL com/examples/with/different/packagename/testcarver/ConversionException._sw_prototype_original_init_sw_prototype_original_ (Ljava/lang/Throwable;)V
    GOTO L3
   L1
   FRAME SAME1 java/lang/Throwable
    ASTORE 2
    LDC -2147483594
    ALOAD 0
    GETSTATIC org/evosuite/testcarver/capture/CaptureLog.RETURN_TYPE_VOID : Ljava/lang/Object;
    INVOKESTATIC org/evosuite/testcarver/capture/Capturer.enable (ILjava/lang/Object;Ljava/lang/Object;)V
    ALOAD 2
    ATHROW
   L3
   FRAME SAME
    LDC -2147483594
    ALOAD 0
    GETSTATIC org/evosuite/testcarver/capture/CaptureLog.RETURN_TYPE_VOID : Ljava/lang/Object;
    INVOKESTATIC org/evosuite/testcarver/capture/Capturer.enable (ILjava/lang/Object;Ljava/lang/Object;)V
    RETURN
    MAXSTACK = 6
    MAXLOCALS = 0

  // access flags 0x1
  public getCause()Ljava/lang/Throwable;
    TRYCATCHBLOCK L0 L1 L2 java/lang/Throwable
    ACONST_NULL
    ASTORE 1
   L0
    LDC -2147483592
    ALOAD 0
    LDC "getCause"
    LDC "()Ljava/lang/Throwable;"
    BIPUSH 0
    ANEWARRAY java/lang/Object
    INVOKESTATIC org/evosuite/testcarver/capture/Capturer.capture (ILjava/lang/Object;Ljava/lang/String;Ljava/lang/String;[Ljava/lang/Object;)V
    ALOAD 0
    INVOKEVIRTUAL com/examples/with/different/packagename/testcarver/ConversionException._sw_prototype_original_getCause ()Ljava/lang/Throwable;
    ASTORE 1
    ALOAD 1
    ASTORE 3
   L1
    LDC -2147483592
    ALOAD 0
    ALOAD 1
    INVOKESTATIC org/evosuite/testcarver/capture/Capturer.enable (ILjava/lang/Object;Ljava/lang/Object;)V
    ALOAD 3
    ARETURN
   L2
   FRAME FULL [com/examples/with/different/packagename/testcarver/ConversionException java/lang/Throwable] [java/lang/Throwable]
    ASTORE 2
    LDC -2147483592
    ALOAD 0
    ALOAD 1
    INVOKESTATIC org/evosuite/testcarver/capture/Capturer.enable (ILjava/lang/Object;Ljava/lang/Object;)V
    ALOAD 2
    ATHROW
    MAXSTACK = 5
    MAXLOCALS = 0
}
INFO  org.evosuite.testcarver.extraction.CarvingClassLoader - Keeping class: com.examples.with.different.packagename.testcarver.ConversionException
INFO  org.evosuite.testcarver.extraction.CarvingRunListener - Not yet reached maximum time to carve unit tests - executing test with carver
INFO  org.evosuite.testcarver.capture.Capturer - Starting Capturer...
INFO  org.evosuite.testcarver.capture.Capturer - Capturer has been started successfully
INFO  org.evosuite.testcarver.capture.Capturer - Stopping Capturer...
INFO  org.evosuite.testcarver.capture.Capturer - Capturer has been stopped successfully
INFO  evo_logger -  - Carving test com.examples.with.different.packagename.testcarver.DateConverterTest8.testPatternNullDefault
INFO  org.evosuite.instrumentation.InstrumentingClassLoader - Seeing class for first time: com.examples.with.different.packagename.testcarver.ConversionException
INFO  org.evosuite.instrumentation.BytecodeInstrumentation - Starting transformation of com/examples/with/different/packagename/testcarver/ConversionException
INFO  org.evosuite.runtime.instrumentation.MethodCallReplacementClassAdapter - Adding mock interface to class com/examples/with/different/packagename/testcarver/ConversionException
INFO  org.evosuite.instrumentation.EndOfClassInitializerVisitor - Creating <clinit> in class com/examples/with/different/packagename/testcarver/ConversionException
INFO  org.evosuite.runtime.instrumentation.CreateClassResetClassAdapter - Found static initializer in class com/examples/with/different/packagename/testcarver/ConversionException
INFO  org.evosuite.instrumentation.InstrumentingClassLoader - Loaded class: com.examples.with.different.packagename.testcarver.ConversionException
INFO  org.evosuite.testcarver.extraction.CarvingRunListener - Carved test of length 19
INFO  org.evosuite.utils.generic.GenericTypeInference - Type map empty
INFO  org.evosuite.testcarver.extraction.CarvingManager - Result: 0/1
INFO  org.evosuite.testcase.execution.TestCaseExecutor - No stalled threads
INFO  org.evosuite.testcarver.extraction.CarvingManager - Adding carved test without exception
INFO  org.evosuite.testcarver.extraction.CarvingManager - Object object0 = null;
DateConverter dateConverter0 = new DateConverter(object0);
String string0 = "yyyy-MM-dd";
dateConverter0.setPattern(string0);
Class<Date> class0 = Date.class;
String string1 = "2006-10-29";
dateConverter0.convert(class0, string1);
Object object1 = null;
dateConverter0.convert(class0, object1);
String string2 = "";
dateConverter0.convert(class0, string2);
String string3 = "2006-10-2X";
dateConverter0.convert(class0, string3);
String string4 = "2006/10/01";
dateConverter0.convert(class0, string4);
String string5 = "02/10/06";
dateConverter0.convert(class0, string5);
int int0 = 2;
dateConverter0.convert(class0, int0);

INFO  evo_logger -  -> Carved 1 tests for class class com.examples.with.different.packagename.testcarver.DateConverter from existing JUnit tests
INFO  evo_logger - * Using 1 carved tests from existing JUnit tests for seeding
INFO  org.evosuite.coverage.branch.BranchCoverageSuiteFitness - Total branch coverage goals: 3
INFO  org.evosuite.coverage.branch.BranchCoverageSuiteFitness - Total branches: 0
INFO  org.evosuite.coverage.branch.BranchCoverageSuiteFitness - Total branchless methods: 3
INFO  org.evosuite.coverage.branch.BranchCoverageSuiteFitness - Total methods: 3: [com.examples.with.different.packagename.testcarver.DateConverter.getDefaultType()Ljava/lang/Class;, com.examples.with.different.packagename.testcarver.DateConverter.<init>(Ljava/lang/Object;)V, com.examples.with.different.packagename.testcarver.DateConverter.<init>()V]
INFO  org.evosuite.coverage.branch.BranchCoverageSuiteFitness - (Methods) Best individual covers 0/0 branches and 1/3 methods
INFO  org.evosuite.coverage.branch.BranchCoverageSuiteFitness - Fitness: 2.0, size: 1, length: 19
INFO  org.evosuite.coverage.branch.BranchCoverageSuiteFitness - (Fitness) Best individual covers 0/0 branches and 1/3 methods
INFO  org.evosuite.coverage.branch.BranchCoverageSuiteFitness - Fitness: 2.0, size: 1, length: 19
INFO  org.evosuite.testcase.factories.JUnitTestCarvedChromosomeFactory - Cloning user test
Object object0 = null;
DateConverter dateConverter0 = new DateConverter(object0);
String string0 = "yyyy-MM-dd";
dateConverter0.setPattern(string0);
Class<Date> class0 = Date.class;
String string1 = "2006-10-29";
dateConverter0.convert(class0, string1);
Object object1 = null;
dateConverter0.convert(class0, object1);
String string2 = "";
dateConverter0.convert(class0, string2);
String string3 = "2006-10-2X";
dateConverter0.convert(class0, string3);
String string4 = "2006/10/01";
dateConverter0.convert(class0, string4);
String string5 = "02/10/06";
dateConverter0.convert(class0, string5);
int int0 = 2;
dateConverter0.convert(class0, int0);

INFO  org.evosuite.TestGenerationContext - *** Resetting context
INFO  org.evosuite.testcase.execution.TestCaseExecutor - TestCaseExecutor instance is non-null, but its actual executor is null
INFO  org.evosuite.TestGenerationContext - *** Resetting context
INFO  org.evosuite.testcase.execution.TestCaseExecutor - TestCaseExecutor instance is non-null, but its actual executor is null
INFO  org.evosuite.instrumentation.InstrumentingClassLoader - Seeing class for first time: com.examples.with.different.packagename.testcarver.DateConverter
INFO  org.evosuite.instrumentation.BytecodeInstrumentation - Starting transformation of com/examples/with/different/packagename/testcarver/DateConverter
INFO  org.evosuite.instrumentation.testability.StringTransformation - Current method: <init>
INFO  org.evosuite.instrumentation.testability.StringTransformation - Current method: <init>
INFO  org.evosuite.instrumentation.testability.StringTransformation - Current method: getDefaultType
INFO  org.evosuite.runtime.instrumentation.MethodCallReplacementClassAdapter - Adding mock interface to class com/examples/with/different/packagename/testcarver/DateConverter
INFO  org.evosuite.graphs.cfg.CFGClassAdapter - Analyzing CFG of com/examples/with/different/packagename/testcarver/DateConverter
INFO  org.evosuite.graphs.cfg.CFGMethodAdapter - Analyzing method <init>()V in class com.examples.with.different.packagename.testcarver.DateConverter
INFO  org.evosuite.graphs.cfg.CFGMethodAdapter - Generating CFG for method <init>()V
INFO  org.evosuite.graphs.cfg.RawControlFlowGraph - Creating new RawCFG for com.examples.with.different.packagename.testcarver.DateConverter.<init>()V: 0
INFO  org.evosuite.graphs.cfg.CFGMethodAdapter - Created CFG for method <init>()V
INFO  org.evosuite.graphs.cfg.CFGMethodAdapter - Instrumenting method <init>()V in class com.examples.with.different.packagename.testcarver.DateConverter
INFO  org.evosuite.graphs.cfg.CFGClassAdapter - Analyzing CFG of com/examples/with/different/packagename/testcarver/DateConverter
INFO  org.evosuite.graphs.cfg.CFGMethodAdapter - Analyzing method <init>(Ljava/lang/Object;)V in class com.examples.with.different.packagename.testcarver.DateConverter
INFO  org.evosuite.graphs.cfg.CFGMethodAdapter - Generating CFG for method <init>(Ljava/lang/Object;)V
INFO  org.evosuite.graphs.cfg.RawControlFlowGraph - Creating new RawCFG for com.examples.with.different.packagename.testcarver.DateConverter.<init>(Ljava/lang/Object;)V: 0
INFO  org.evosuite.graphs.cfg.CFGMethodAdapter - Created CFG for method <init>(Ljava/lang/Object;)V
INFO  org.evosuite.graphs.cfg.CFGMethodAdapter - Instrumenting method <init>(Ljava/lang/Object;)V in class com.examples.with.different.packagename.testcarver.DateConverter
INFO  org.evosuite.graphs.cfg.CFGClassAdapter - Analyzing CFG of com/examples/with/different/packagename/testcarver/DateConverter
INFO  org.evosuite.graphs.cfg.CFGMethodAdapter - Analyzing method getDefaultType()Ljava/lang/Class; in class com.examples.with.different.packagename.testcarver.DateConverter
INFO  org.evosuite.graphs.cfg.CFGMethodAdapter - Generating CFG for method getDefaultType()Ljava/lang/Class;
INFO  org.evosuite.graphs.cfg.RawControlFlowGraph - Creating new RawCFG for com.examples.with.different.packagename.testcarver.DateConverter.getDefaultType()Ljava/lang/Class;: 0
INFO  org.evosuite.graphs.cfg.CFGMethodAdapter - Created CFG for method getDefaultType()Ljava/lang/Class;
INFO  org.evosuite.graphs.cfg.CFGMethodAdapter - Instrumenting method getDefaultType()Ljava/lang/Class; in class com.examples.with.different.packagename.testcarver.DateConverter
INFO  org.evosuite.runtime.instrumentation.CreateClassResetClassAdapter - Creating brand-new static initializer in class com/examples/with/different/packagename/testcarver/DateConverter
INFO  org.evosuite.instrumentation.InstrumentingClassLoader - Seeing class for first time: com.examples.with.different.packagename.testcarver.DateTimeConverter
INFO  org.evosuite.instrumentation.BytecodeInstrumentation - Starting transformation of com/examples/with/different/packagename/testcarver/DateTimeConverter
INFO  org.evosuite.runtime.instrumentation.MethodCallReplacementClassAdapter - Adding mock interface to class com/examples/with/different/packagename/testcarver/DateTimeConverter
INFO  org.evosuite.runtime.instrumentation.CreateClassResetClassAdapter - Creating brand-new static initializer in class com/examples/with/different/packagename/testcarver/DateTimeConverter
INFO  org.evosuite.instrumentation.InstrumentingClassLoader - Seeing class for first time: com.examples.with.different.packagename.testcarver.AbstractConverter
INFO  org.evosuite.instrumentation.BytecodeInstrumentation - Starting transformation of com/examples/with/different/packagename/testcarver/AbstractConverter
INFO  org.evosuite.runtime.instrumentation.MethodCallReplacementClassAdapter - Adding mock interface to class com/examples/with/different/packagename/testcarver/AbstractConverter
INFO  org.evosuite.instrumentation.EndOfClassInitializerVisitor - Creating <clinit> in class com/examples/with/different/packagename/testcarver/AbstractConverter
INFO  org.evosuite.runtime.instrumentation.CreateClassResetClassAdapter - Found static initializer in class com/examples/with/different/packagename/testcarver/AbstractConverter
INFO  org.evosuite.instrumentation.InstrumentingClassLoader - Seeing class for first time: com.examples.with.different.packagename.testcarver.Converter
INFO  org.evosuite.instrumentation.BytecodeInstrumentation - Starting transformation of com/examples/with/different/packagename/testcarver/Converter
INFO  org.evosuite.instrumentation.InstrumentingClassLoader - Loaded class: com.examples.with.different.packagename.testcarver.Converter
INFO  org.evosuite.instrumentation.InstrumentingClassLoader - Loaded class: com.examples.with.different.packagename.testcarver.AbstractConverter
INFO  org.evosuite.instrumentation.InstrumentingClassLoader - Loaded class: com.examples.with.different.packagename.testcarver.DateTimeConverter
INFO  org.evosuite.instrumentation.InstrumentingClassLoader - Loaded class: com.examples.with.different.packagename.testcarver.DateConverter
INFO  evo_logger - * Executing tests from 1 test class for carving
INFO  org.evosuite.testcarver.extraction.CarvingClassLoader - Seeing class for first time: com.examples.with.different.packagename.testcarver.DateConverter
WARN  org.evosuite.testcarver.extraction.CarvingClassLoader - Instrumenting class 'com.examples.with.different.packagename.testcarver.DateConverter'.
INFO  org.evosuite.testcarver.instrument.Instrumenter - Checking package com.examples.with.different.packagename.testcarver for class com/examples/with/different/packagename/testcarver/DateConverter
// class version 52.0 (52)
// access flags 0x31
public final class com/examples/with/different/packagename/testcarver/DateConverter extends com/examples/with/different/packagename/testcarver/DateTimeConverter {

  // compiled from: DateConverter.java

  // access flags 0x2
  private _sw_prototype_original_init_sw_prototype_original_()V
    ALOAD 0
    INVOKESTATIC org/evosuite/testcarver/capture/FieldRegistry.register (Ljava/lang/Object;)V
   L0
    LINENUMBER 47 L0
    RETURN
   L1
    LOCALVARIABLE this Lcom/examples/with/different/packagename/testcarver/DateConverter; L2 L1 0
    MAXSTACK = 5
    MAXLOCALS = 1

  // access flags 0x2
  private _sw_prototype_original_init_sw_prototype_original_(Ljava/lang/Object;)V
    ALOAD 0
    INVOKESTATIC org/evosuite/testcarver/capture/FieldRegistry.register (Ljava/lang/Object;)V
   L0
    LINENUMBER 59 L0
    RETURN
   L1
    LOCALVARIABLE this Lcom/examples/with/different/packagename/testcarver/DateConverter; L2 L1 0
    LOCALVARIABLE defaultValue Ljava/lang/Object; L2 L1 1
    MAXSTACK = 6
    MAXLOCALS = 2

  // access flags 0x4
  protected getDefaultType()Ljava/lang/Class;
   L0
    LINENUMBER 67 L0
    LDC Ljava/util/Date;.class
    ARETURN
   L1
    LOCALVARIABLE this Lcom/examples/with/different/packagename/testcarver/DateConverter; L0 L1 0
    MAXSTACK = 1
    MAXLOCALS = 1

  // access flags 0x1
  public <init>()V
    TRYCATCHBLOCK L0 L1 L1 java/lang/Throwable
   L2
    LINENUMBER 46 L2
    ALOAD 0
    INVOKESPECIAL com/examples/with/different/packagename/testcarver/DateTimeConverter.<init> ()V
   L0
    LDC -2147483644
    ALOAD 0
    LDC "<init>"
    LDC "()V"
    BIPUSH 0
    ANEWARRAY java/lang/Object
    INVOKESTATIC org/evosuite/testcarver/capture/Capturer.capture (ILjava/lang/Object;Ljava/lang/String;Ljava/lang/String;[Ljava/lang/Object;)V
    ALOAD 0
    INVOKEVIRTUAL com/examples/with/different/packagename/testcarver/DateConverter._sw_prototype_original_init_sw_prototype_original_ ()V
    GOTO L3
   L1
   FRAME SAME1 java/lang/Throwable
    ASTORE 1
    LDC -2147483644
    ALOAD 0
    GETSTATIC org/evosuite/testcarver/capture/CaptureLog.RETURN_TYPE_VOID : Ljava/lang/Object;
    INVOKESTATIC org/evosuite/testcarver/capture/Capturer.enable (ILjava/lang/Object;Ljava/lang/Object;)V
    ALOAD 1
    ATHROW
   L3
   FRAME SAME
    LDC -2147483644
    ALOAD 0
    GETSTATIC org/evosuite/testcarver/capture/CaptureLog.RETURN_TYPE_VOID : Ljava/lang/Object;
    INVOKESTATIC org/evosuite/testcarver/capture/Capturer.enable (ILjava/lang/Object;Ljava/lang/Object;)V
    RETURN
    MAXSTACK = 5
    MAXLOCALS = 0

  // access flags 0x1
  public <init>(Ljava/lang/Object;)V
    TRYCATCHBLOCK L0 L1 L1 java/lang/Throwable
   L2
    LINENUMBER 58 L2
    ALOAD 0
    ALOAD 1
    INVOKESPECIAL com/examples/with/different/packagename/testcarver/DateTimeConverter.<init> (Ljava/lang/Object;)V
   L0
    LDC -2147483643
    ALOAD 0
    LDC "<init>"
    LDC "(Ljava/lang/Object;)V"
    BIPUSH 1
    ANEWARRAY java/lang/Object
    DUP
    BIPUSH 0
    ALOAD 1
    AASTORE
    INVOKESTATIC org/evosuite/testcarver/capture/Capturer.capture (ILjava/lang/Object;Ljava/lang/String;Ljava/lang/String;[Ljava/lang/Object;)V
    ALOAD 0
    ALOAD 1
    INVOKEVIRTUAL com/examples/with/different/packagename/testcarver/DateConverter._sw_prototype_original_init_sw_prototype_original_ (Ljava/lang/Object;)V
    GOTO L3
   L1
   FRAME SAME1 java/lang/Throwable
    ASTORE 2
    LDC -2147483643
    ALOAD 0
    GETSTATIC org/evosuite/testcarver/capture/CaptureLog.RETURN_TYPE_VOID : Ljava/lang/Object;
    INVOKESTATIC org/evosuite/testcarver/capture/Capturer.enable (ILjava/lang/Object;Ljava/lang/Object;)V
    ALOAD 2
    ATHROW
   L3
   FRAME SAME
    LDC -2147483643
    ALOAD 0
    GETSTATIC org/evosuite/testcarver/capture/CaptureLog.RETURN_TYPE_VOID : Ljava/lang/Object;
    INVOKESTATIC org/evosuite/testcarver/capture/Capturer.enable (ILjava/lang/Object;Ljava/lang/Object;)V
    RETURN
    MAXSTACK = 6
    MAXLOCALS = 0
}
INFO  org.evosuite.testcarver.extraction.CarvingClassLoader - Seeing class for first time: com.examples.with.different.packagename.testcarver.DateTimeConverter
WARN  org.evosuite.testcarver.extraction.CarvingClassLoader - Instrumenting class 'com.examples.with.different.packagename.testcarver.DateTimeConverter'.
INFO  org.evosuite.testcarver.instrument.Instrumenter - Checking package com.examples.with.different.packagename.testcarver for class com/examples/with/different/packagename/testcarver/DateTimeConverter
// class version 52.0 (52)
// access flags 0x421
public abstract class com/examples/with/different/packagename/testcarver/DateTimeConverter extends com/examples/with/different/packagename/testcarver/AbstractConverter {

  // compiled from: DateTimeConverter.java

  // access flags 0x2
  private [Ljava/lang/String; patterns

  // access flags 0x2
  private Ljava/lang/String; displayPatterns

  // access flags 0x2
  private Ljava/util/Locale; locale

  // access flags 0x2
  private Ljava/util/TimeZone; timeZone

  // access flags 0x2
  private Z useLocaleFormat

  // access flags 0x1
  public <init>()V
   L0
    LINENUMBER 99 L0
    ALOAD 0
    INVOKESPECIAL com/examples/with/different/packagename/testcarver/AbstractConverter.<init> ()V
   L1
    LINENUMBER 100 L1
    RETURN
   L2
    LOCALVARIABLE this Lcom/examples/with/different/packagename/testcarver/DateTimeConverter; L0 L2 0
    MAXSTACK = 1
    MAXLOCALS = 1

  // access flags 0x1
  public <init>(Ljava/lang/Object;)V
   L0
    LINENUMBER 111 L0
    ALOAD 0
    ALOAD 1
    INVOKESPECIAL com/examples/with/different/packagename/testcarver/AbstractConverter.<init> (Ljava/lang/Object;)V
   L1
    LINENUMBER 112 L1
    RETURN
   L2
    LOCALVARIABLE this Lcom/examples/with/different/packagename/testcarver/DateTimeConverter; L0 L2 0
    LOCALVARIABLE defaultValue Ljava/lang/Object; L0 L2 1
    MAXSTACK = 2
    MAXLOCALS = 2

  // access flags 0x2
  private _sw_prototype_original_setUseLocaleFormat(Z)V
   L0
    LINENUMBER 124 L0
    ALOAD 0
    ILOAD 1
    DUP2
    PUTFIELD com/examples/with/different/packagename/testcarver/DateTimeConverter.useLocaleFormat : Z
    POP
    LDC -2147483642
    LDC "com/examples/with/different/packagename/testcarver/DateTimeConverter"
    LDC "useLocaleFormat"
    LDC "Z"
    INVOKESTATIC org/evosuite/testcarver/capture/FieldRegistry.notifyModification (Ljava/lang/Object;ILjava/lang/String;Ljava/lang/String;Ljava/lang/String;)V
   L1
    LINENUMBER 125 L1
    RETURN
   L2
    LOCALVARIABLE this Lcom/examples/with/different/packagename/testcarver/DateTimeConverter; L0 L2 0
    LOCALVARIABLE useLocaleFormat Z L0 L2 1
    MAXSTACK = 6
    MAXLOCALS = 2

  // access flags 0x2
  private _sw_prototype_original_getTimeZone()Ljava/util/TimeZone;
   L0
    LINENUMBER 134 L0
    ALOAD 0
    DUP
    GETFIELD com/examples/with/different/packagename/testcarver/DateTimeConverter.timeZone : Ljava/util/TimeZone;
    SWAP
    LDC -2147483639
    LDC "com/examples/with/different/packagename/testcarver/DateTimeConverter"
    LDC "timeZone"
    LDC "Ljava/util/TimeZone;"
    INVOKESTATIC org/evosuite/testcarver/capture/FieldRegistry.notifyReadAccess (Ljava/lang/Object;ILjava/lang/String;Ljava/lang/String;Ljava/lang/String;)V
    ARETURN
   L1
    LOCALVARIABLE this Lcom/examples/with/different/packagename/testcarver/DateTimeConverter; L0 L1 0
    MAXSTACK = 5
    MAXLOCALS = 1

  // access flags 0x2
  private _sw_prototype_original_setTimeZone(Ljava/util/TimeZone;)V
   L0
    LINENUMBER 143 L0
    ALOAD 0
    ALOAD 1
    DUP2
    PUTFIELD com/examples/with/different/packagename/testcarver/DateTimeConverter.timeZone : Ljava/util/TimeZone;
    POP
    LDC -2147483637
    LDC "com/examples/with/different/packagename/testcarver/DateTimeConverter"
    LDC "timeZone"
    LDC "Ljava/util/TimeZone;"
    INVOKESTATIC org/evosuite/testcarver/capture/FieldRegistry.notifyModification (Ljava/lang/Object;ILjava/lang/String;Ljava/lang/String;Ljava/lang/String;)V
   L1
    LINENUMBER 144 L1
    RETURN
   L2
    LOCALVARIABLE this Lcom/examples/with/different/packagename/testcarver/DateTimeConverter; L0 L2 0
    LOCALVARIABLE timeZone Ljava/util/TimeZone; L0 L2 1
    MAXSTACK = 6
    MAXLOCALS = 2

  // access flags 0x2
  private _sw_prototype_original_getLocale()Ljava/util/Locale;
   L0
    LINENUMBER 153 L0
    ALOAD 0
    DUP
    GETFIELD com/examples/with/different/packagename/testcarver/DateTimeConverter.locale : Ljava/util/Locale;
    SWAP
    LDC -2147483634
    LDC "com/examples/with/different/packagename/testcarver/DateTimeConverter"
    LDC "locale"
    LDC "Ljava/util/Locale;"
    INVOKESTATIC org/evosuite/testcarver/capture/FieldRegistry.notifyReadAccess (Ljava/lang/Object;ILjava/lang/String;Ljava/lang/String;Ljava/lang/String;)V
    ARETURN
   L1
    LOCALVARIABLE this Lcom/examples/with/different/packagename/testcarver/DateTimeConverter; L0 L1 0
    MAXSTACK = 5
    MAXLOCALS = 1

  // access flags 0x2
  private _sw_prototype_original_setLocale(Ljava/util/Locale;)V
   L0
    LINENUMBER 162 L0
    ALOAD 0
    ALOAD 1
    DUP2
    PUTFIELD com/examples/with/different/packagename/testcarver/DateTimeConverter.locale : Ljava/util/Locale;
    POP
    LDC -2147483632
    LDC "com/examples/with/different/packagename/testcarver/DateTimeConverter"
    LDC "locale"
    LDC "Ljava/util/Locale;"
    INVOKESTATIC org/evosuite/testcarver/capture/FieldRegistry.notifyModification (Ljava/lang/Object;ILjava/lang/String;Ljava/lang/String;Ljava/lang/String;)V
   L1
    LINENUMBER 163 L1
    ALOAD 0
    ICONST_1
    INVOKEVIRTUAL com/examples/with/different/packagename/testcarver/DateTimeConverter.setUseLocaleFormat (Z)V
   L2
    LINENUMBER 164 L2
    RETURN
   L3
    LOCALVARIABLE this Lcom/examples/with/different/packagename/testcarver/DateTimeConverter; L0 L3 0
    LOCALVARIABLE locale Ljava/util/Locale; L0 L3 1
    MAXSTACK = 6
    MAXLOCALS = 2

  // access flags 0x2
  private _sw_prototype_original_setPattern(Ljava/lang/String;)V
   L0
    LINENUMBER 174 L0
    ALOAD 0
    ICONST_1
    ANEWARRAY java/lang/String
    DUP
    ICONST_0
    ALOAD 1
    AASTORE
    INVOKEVIRTUAL com/examples/with/different/packagename/testcarver/DateTimeConverter.setPatterns ([Ljava/lang/String;)V
   L1
    LINENUMBER 175 L1
    RETURN
   L2
    LOCALVARIABLE this Lcom/examples/with/different/packagename/testcarver/DateTimeConverter; L0 L2 0
    LOCALVARIABLE pattern Ljava/lang/String; L0 L2 1
    MAXSTACK = 9
    MAXLOCALS = 2

  // access flags 0x2
  private _sw_prototype_original_getPatterns()[Ljava/lang/String;
   L0
    LINENUMBER 186 L0
    ALOAD 0
    DUP
    GETFIELD com/examples/with/different/packagename/testcarver/DateTimeConverter.patterns : [Ljava/lang/String;
    SWAP
    LDC -2147483628
    LDC "com/examples/with/different/packagename/testcarver/DateTimeConverter"
    LDC "patterns"
    LDC "[Ljava/lang/String;"
    INVOKESTATIC org/evosuite/testcarver/capture/FieldRegistry.notifyReadAccess (Ljava/lang/Object;ILjava/lang/String;Ljava/lang/String;Ljava/lang/String;)V
    ARETURN
   L1
    LOCALVARIABLE this Lcom/examples/with/different/packagename/testcarver/DateTimeConverter; L0 L1 0
    MAXSTACK = 5
    MAXLOCALS = 1

  // access flags 0x2
  private _sw_prototype_original_setPatterns([Ljava/lang/String;)V
   L0
    LINENUMBER 197 L0
    ALOAD 0
    ALOAD 1
    DUP2
    PUTFIELD com/examples/with/different/packagename/testcarver/DateTimeConverter.patterns : [Ljava/lang/String;
    POP
    LDC -2147483626
    LDC "com/examples/with/different/packagename/testcarver/DateTimeConverter"
    LDC "patterns"
    LDC "[Ljava/lang/String;"
    INVOKESTATIC org/evosuite/testcarver/capture/FieldRegistry.notifyModification (Ljava/lang/Object;ILjava/lang/String;Ljava/lang/String;Ljava/lang/String;)V
   L1
    LINENUMBER 198 L1
    ALOAD 1
    IFNULL L2
    ALOAD 1
    ARRAYLENGTH
    ICONST_1
    IF_ICMPLE L2
   L3
    LINENUMBER 199 L3
    NEW java/lang/StringBuffer
    DUP
    INVOKESPECIAL java/lang/StringBuffer.<init> ()V
    ASTORE 2
   L4
    LINENUMBER 200 L4
    ICONST_0
    ISTORE 3
   L5
    ILOAD 3
    ALOAD 1
    ARRAYLENGTH
    IF_ICMPGE L6
   L7
    LINENUMBER 201 L7
    ILOAD 3
    IFLE L8
   L9
    LINENUMBER 202 L9
    ALOAD 2
    LDC ", "
    INVOKEVIRTUAL java/lang/StringBuffer.append (Ljava/lang/String;)Ljava/lang/StringBuffer;
    POP
   L8
    LINENUMBER 204 L8
    ALOAD 2
    ALOAD 1
    ILOAD 3
    AALOAD
    INVOKEVIRTUAL java/lang/StringBuffer.append (Ljava/lang/String;)Ljava/lang/StringBuffer;
    POP
   L10
    LINENUMBER 200 L10
    IINC 3 1
    GOTO L5
   L6
    LINENUMBER 206 L6
    ALOAD 0
    ALOAD 2
    INVOKEVIRTUAL java/lang/StringBuffer.toString ()Ljava/lang/String;
    DUP2
    PUTFIELD com/examples/with/different/packagename/testcarver/DateTimeConverter.displayPatterns : Ljava/lang/String;
    POP
    LDC -2147483624
    LDC "com/examples/with/different/packagename/testcarver/DateTimeConverter"
    LDC "displayPatterns"
    LDC "Ljava/lang/String;"
    INVOKESTATIC org/evosuite/testcarver/capture/FieldRegistry.notifyModification (Ljava/lang/Object;ILjava/lang/String;Ljava/lang/String;Ljava/lang/String;)V
   L2
    LINENUMBER 208 L2
    ALOAD 0
    ICONST_1
    INVOKEVIRTUAL com/examples/with/different/packagename/testcarver/DateTimeConverter.setUseLocaleFormat (Z)V
   L11
    LINENUMBER 209 L11
    RETURN
   L12
    LOCALVARIABLE i I L5 L6 3
    LOCALVARIABLE buffer Ljava/lang/StringBuffer; L4 L2 2
    LOCALVARIABLE this Lcom/examples/with/different/packagename/testcarver/DateTimeConverter; L0 L12 0
    LOCALVARIABLE patterns [Ljava/lang/String; L0 L12 1
    MAXSTACK = 7
    MAXLOCALS = 4

  // access flags 0x4
  protected convertToString(Ljava/lang/Object;)Ljava/lang/String; throws java/lang/Throwable
   L0
    LINENUMBER 228 L0
    ACONST_NULL
    ASTORE 2
   L1
    LINENUMBER 229 L1
    ALOAD 1
    INSTANCEOF java/util/Date
    IFEQ L2
   L3
    LINENUMBER 230 L3
    ALOAD 1
    CHECKCAST org/evosuite/testcarver/wrapper/java/util/Date
    ASTORE 2
    GOTO L4
   L2
    LINENUMBER 231 L2
    ALOAD 1
    INSTANCEOF java/util/Calendar
    IFEQ L5
   L6
    LINENUMBER 232 L6
    ALOAD 1
    CHECKCAST org/evosuite/testcarver/wrapper/java/util/Calendar
    INVOKESTATIC org/evosuite/testcarver/wrapper/java/util/Calendar.getTime (Ljava/util/Calendar;)Ljava/util/Date;
    ASTORE 2
    GOTO L4
   L5
    LINENUMBER 233 L5
    ALOAD 1
    INSTANCEOF java/lang/Long
    IFEQ L4
   L7
    LINENUMBER 234 L7
    NEW org/evosuite/testcarver/wrapper/java/util/Date
    DUP
    ALOAD 1
    CHECKCAST java/lang/Long
    INVOKEVIRTUAL java/lang/Long.longValue ()J
    INVOKESPECIAL org/evosuite/testcarver/wrapper/java/util/Date.<init> (J)V
    ASTORE 2
   L4
    LINENUMBER 237 L4
    ACONST_NULL
    ASTORE 3
   L8
    LINENUMBER 238 L8
    ALOAD 0
    GETFIELD com/examples/with/different/packagename/testcarver/DateTimeConverter.useLocaleFormat : Z
    IFEQ L9
    ALOAD 2
    IFNULL L9
   L10
    LINENUMBER 239 L10
    ACONST_NULL
    ASTORE 4
   L11
    LINENUMBER 240 L11
    ALOAD 0
    GETFIELD com/examples/with/different/packagename/testcarver/DateTimeConverter.patterns : [Ljava/lang/String;
    IFNULL L12
    ALOAD 0
    GETFIELD com/examples/with/different/packagename/testcarver/DateTimeConverter.patterns : [Ljava/lang/String;
    ARRAYLENGTH
    IFLE L12
   L13
    LINENUMBER 241 L13
    ALOAD 0
    ALOAD 0
    GETFIELD com/examples/with/different/packagename/testcarver/DateTimeConverter.patterns : [Ljava/lang/String;
    ICONST_0
    AALOAD
    INVOKESPECIAL com/examples/with/different/packagename/testcarver/DateTimeConverter.getFormat (Ljava/lang/String;)Ljava/text/DateFormat;
    ASTORE 4
    GOTO L14
   L12
    LINENUMBER 243 L12
    ALOAD 0
    ALOAD 0
    GETFIELD com/examples/with/different/packagename/testcarver/DateTimeConverter.locale : Ljava/util/Locale;
    ALOAD 0
    GETFIELD com/examples/with/different/packagename/testcarver/DateTimeConverter.timeZone : Ljava/util/TimeZone;
    INVOKEVIRTUAL com/examples/with/different/packagename/testcarver/DateTimeConverter.getFormat (Ljava/util/Locale;Ljava/util/TimeZone;)Ljava/text/DateFormat;
    ASTORE 4
   L14
    LINENUMBER 245 L14
    ALOAD 0
    LDC "Formatting"
    ALOAD 4
    INVOKESPECIAL com/examples/with/different/packagename/testcarver/DateTimeConverter.logFormat (Ljava/lang/String;Ljava/text/DateFormat;)V
   L15
    LINENUMBER 246 L15
    ALOAD 4
    ALOAD 2
    INVOKESTATIC org/evosuite/testcarver/wrapper/java/text/DateFormat.format (Ljava/text/DateFormat;Ljava/util/Date;)Ljava/lang/String;
    ASTORE 3
   L16
    LINENUMBER 247 L16
    GOTO L17
   L9
    LINENUMBER 248 L9
    ALOAD 1
    INVOKEVIRTUAL java/lang/Object.toString ()Ljava/lang/String;
    ASTORE 3
   L17
    LINENUMBER 250 L17
    ALOAD 3
    ARETURN
   L18
    LOCALVARIABLE format Ljava/text/DateFormat; L11 L16 4
    LOCALVARIABLE this Lcom/examples/with/different/packagename/testcarver/DateTimeConverter; L0 L18 0
    LOCALVARIABLE value Ljava/lang/Object; L0 L18 1
    LOCALVARIABLE date Ljava/util/Date; L1 L18 2
    LOCALVARIABLE result Ljava/lang/String; L8 L18 3
    MAXSTACK = 4
    MAXLOCALS = 5

  // access flags 0x4
  protected convertToType(Ljava/lang/Class;Ljava/lang/Object;)Ljava/lang/Object; throws java/lang/Exception
   L0
    LINENUMBER 284 L0
    ALOAD 2
    INVOKEVIRTUAL java/lang/Object.getClass ()Ljava/lang/Class;
    ASTORE 3
   L1
    LINENUMBER 287 L1
    ALOAD 2
    INSTANCEOF java/sql/Timestamp
    IFEQ L2
   L3
    LINENUMBER 293 L3
    ALOAD 2
    CHECKCAST java/sql/Timestamp
    ASTORE 4
   L4
    LINENUMBER 294 L4
    ALOAD 4
    INVOKEVIRTUAL java/sql/Timestamp.getTime ()J
    LDC 1000L
    LDIV
    LDC 1000L
    LMUL
    LSTORE 5
   L5
    LINENUMBER 295 L5
    LLOAD 5
    ALOAD 4
    INVOKEVIRTUAL java/sql/Timestamp.getNanos ()I
    LDC 1000000
    IDIV
    I2L
    LADD
    LSTORE 5
   L6
    LINENUMBER 297 L6
    ALOAD 0
    ALOAD 1
    LLOAD 5
    INVOKESPECIAL com/examples/with/different/packagename/testcarver/DateTimeConverter.toDate (Ljava/lang/Class;J)Ljava/lang/Object;
    ARETURN
   L2
    LINENUMBER 301 L2
    ALOAD 2
    INSTANCEOF java/util/Date
    IFEQ L7
   L8
    LINENUMBER 302 L8
    ALOAD 2
    CHECKCAST org/evosuite/testcarver/wrapper/java/util/Date
    ASTORE 4
   L9
    LINENUMBER 303 L9
    ALOAD 0
    ALOAD 1
    ALOAD 4
    INVOKEVIRTUAL java/util/Date.getTime ()J
    INVOKESPECIAL com/examples/with/different/packagename/testcarver/DateTimeConverter.toDate (Ljava/lang/Class;J)Ljava/lang/Object;
    ARETURN
   L7
    LINENUMBER 307 L7
    ALOAD 2
    INSTANCEOF java/util/Calendar
    IFEQ L10
   L11
    LINENUMBER 308 L11
    ALOAD 2
    CHECKCAST org/evosuite/testcarver/wrapper/java/util/Calendar
    ASTORE 4
   L12
    LINENUMBER 309 L12
    ALOAD 0
    ALOAD 1
    ALOAD 4
    INVOKESTATIC org/evosuite/testcarver/wrapper/java/util/Calendar.getTime (Ljava/util/Calendar;)Ljava/util/Date;
    INVOKEVIRTUAL java/util/Date.getTime ()J
    INVOKESPECIAL com/examples/with/different/packagename/testcarver/DateTimeConverter.toDate (Ljava/lang/Class;J)Ljava/lang/Object;
    ARETURN
   L10
    LINENUMBER 313 L10
    ALOAD 2
    INSTANCEOF java/lang/Long
    IFEQ L13
   L14
    LINENUMBER 314 L14
    ALOAD 2
    CHECKCAST java/lang/Long
    ASTORE 4
   L15
    LINENUMBER 315 L15
    ALOAD 0
    ALOAD 1
    ALOAD 4
    INVOKEVIRTUAL java/lang/Long.longValue ()J
    INVOKESPECIAL com/examples/with/different/packagename/testcarver/DateTimeConverter.toDate (Ljava/lang/Class;J)Ljava/lang/Object;
    ARETURN
   L13
    LINENUMBER 319 L13
    ALOAD 2
    INVOKEVIRTUAL java/lang/Object.toString ()Ljava/lang/String;
    INVOKEVIRTUAL java/lang/String.trim ()Ljava/lang/String;
    ASTORE 4
   L16
    LINENUMBER 320 L16
    ALOAD 4
    INVOKEVIRTUAL java/lang/String.length ()I
    IFNE L17
   L18
    LINENUMBER 321 L18
    ALOAD 0
    ALOAD 1
    INVOKEVIRTUAL com/examples/with/different/packagename/testcarver/DateTimeConverter.handleMissing (Ljava/lang/Class;)Ljava/lang/Object;
    ARETURN
   L17
    LINENUMBER 325 L17
    ALOAD 0
    GETFIELD com/examples/with/different/packagename/testcarver/DateTimeConverter.useLocaleFormat : Z
    IFEQ L19
   L20
    LINENUMBER 326 L20
    ACONST_NULL
    ASTORE 5
   L21
    LINENUMBER 327 L21
    ALOAD 0
    GETFIELD com/examples/with/different/packagename/testcarver/DateTimeConverter.patterns : [Ljava/lang/String;
    IFNULL L22
    ALOAD 0
    GETFIELD com/examples/with/different/packagename/testcarver/DateTimeConverter.patterns : [Ljava/lang/String;
    ARRAYLENGTH
    IFLE L22
   L23
    LINENUMBER 328 L23
    ALOAD 0
    ALOAD 3
    ALOAD 1
    ALOAD 4
    INVOKESPECIAL com/examples/with/different/packagename/testcarver/DateTimeConverter.parse (Ljava/lang/Class;Ljava/lang/Class;Ljava/lang/String;)Ljava/util/Calendar;
    ASTORE 5
    GOTO L24
   L22
    LINENUMBER 330 L22
    ALOAD 0
    ALOAD 0
    GETFIELD com/examples/with/different/packagename/testcarver/DateTimeConverter.locale : Ljava/util/Locale;
    ALOAD 0
    GETFIELD com/examples/with/different/packagename/testcarver/DateTimeConverter.timeZone : Ljava/util/TimeZone;
    INVOKEVIRTUAL com/examples/with/different/packagename/testcarver/DateTimeConverter.getFormat (Ljava/util/Locale;Ljava/util/TimeZone;)Ljava/text/DateFormat;
    ASTORE 6
   L25
    LINENUMBER 331 L25
    ALOAD 0
    ALOAD 3
    ALOAD 1
    ALOAD 4
    ALOAD 6
    INVOKESPECIAL com/examples/with/different/packagename/testcarver/DateTimeConverter.parse (Ljava/lang/Class;Ljava/lang/Class;Ljava/lang/String;Ljava/text/DateFormat;)Ljava/util/Calendar;
    ASTORE 5
   L24
    LINENUMBER 333 L24
    LDC Ljava/util/Calendar;.class
    ALOAD 1
    INVOKEVIRTUAL java/lang/Class.isAssignableFrom (Ljava/lang/Class;)Z
    IFEQ L26
   L27
    LINENUMBER 334 L27
    ALOAD 5
    ARETURN
   L26
    LINENUMBER 336 L26
    ALOAD 0
    ALOAD 1
    ALOAD 5
    INVOKESTATIC org/evosuite/testcarver/wrapper/java/util/Calendar.getTime (Ljava/util/Calendar;)Ljava/util/Date;
    INVOKEVIRTUAL java/util/Date.getTime ()J
    INVOKESPECIAL com/examples/with/different/packagename/testcarver/DateTimeConverter.toDate (Ljava/lang/Class;J)Ljava/lang/Object;
    ARETURN
   L19
    LINENUMBER 341 L19
    ALOAD 0
    ALOAD 1
    ALOAD 4
    INVOKESPECIAL com/examples/with/different/packagename/testcarver/DateTimeConverter.toDate (Ljava/lang/Class;Ljava/lang/String;)Ljava/lang/Object;
    ARETURN
   L28
    LOCALVARIABLE timestamp Ljava/sql/Timestamp; L4 L2 4
    LOCALVARIABLE timeInMillis J L5 L2 5
    LOCALVARIABLE date Ljava/util/Date; L9 L7 4
    LOCALVARIABLE calendar Ljava/util/Calendar; L12 L10 4
    LOCALVARIABLE longObj Ljava/lang/Long; L15 L13 4
    LOCALVARIABLE format Ljava/text/DateFormat; L25 L24 6
    LOCALVARIABLE calendar Ljava/util/Calendar; L21 L19 5
    LOCALVARIABLE this Lcom/examples/with/different/packagename/testcarver/DateTimeConverter; L0 L28 0
    LOCALVARIABLE targetType Ljava/lang/Class; L0 L28 1
    LOCALVARIABLE value Ljava/lang/Object; L0 L28 2
    LOCALVARIABLE sourceType Ljava/lang/Class; L1 L28 3
    LOCALVARIABLE stringValue Ljava/lang/String; L16 L28 4
    MAXSTACK = 5
    MAXLOCALS = 7

  // access flags 0x2
  private toDate(Ljava/lang/Class;J)Ljava/lang/Object;
   L0
    LINENUMBER 366 L0
    ALOAD 1
    LDC Ljava/util/Date;.class
    INVOKEVIRTUAL java/lang/Object.equals (Ljava/lang/Object;)Z
    IFEQ L1
   L2
    LINENUMBER 367 L2
    NEW org/evosuite/testcarver/wrapper/java/util/Date
    DUP
    LLOAD 2
    INVOKESPECIAL org/evosuite/testcarver/wrapper/java/util/Date.<init> (J)V
    ARETURN
   L1
    LINENUMBER 371 L1
    ALOAD 1
    LDC Ljava/sql/Date;.class
    INVOKEVIRTUAL java/lang/Object.equals (Ljava/lang/Object;)Z
    IFEQ L3
   L4
    LINENUMBER 372 L4
    NEW java/sql/Date
    DUP
    LLOAD 2
    INVOKESPECIAL java/sql/Date.<init> (J)V
    ARETURN
   L3
    LINENUMBER 376 L3
    ALOAD 1
    LDC Ljava/sql/Time;.class
    INVOKEVIRTUAL java/lang/Object.equals (Ljava/lang/Object;)Z
    IFEQ L5
   L6
    LINENUMBER 377 L6
    NEW java/sql/Time
    DUP
    LLOAD 2
    INVOKESPECIAL java/sql/Time.<init> (J)V
    ARETURN
   L5
    LINENUMBER 381 L5
    ALOAD 1
    LDC Ljava/sql/Timestamp;.class
    INVOKEVIRTUAL java/lang/Object.equals (Ljava/lang/Object;)Z
    IFEQ L7
   L8
    LINENUMBER 382 L8
    NEW java/sql/Timestamp
    DUP
    LLOAD 2
    INVOKESPECIAL java/sql/Timestamp.<init> (J)V
    ARETURN
   L7
    LINENUMBER 386 L7
    ALOAD 1
    LDC Ljava/util/Calendar;.class
    INVOKEVIRTUAL java/lang/Object.equals (Ljava/lang/Object;)Z
    IFEQ L9
   L10
    LINENUMBER 387 L10
    ACONST_NULL
    ASTORE 4
   L11
    LINENUMBER 388 L11
    ALOAD 0
    GETFIELD com/examples/with/different/packagename/testcarver/DateTimeConverter.locale : Ljava/util/Locale;
    IFNONNULL L12
    ALOAD 0
    GETFIELD com/examples/with/different/packagename/testcarver/DateTimeConverter.timeZone : Ljava/util/TimeZone;
    IFNONNULL L12
   L13
    LINENUMBER 389 L13
    INVOKESTATIC org/evosuite/testcarver/wrapper/java/util/Calendar.getInstance ()Ljava/util/Calendar;
    ASTORE 4
    GOTO L14
   L12
    LINENUMBER 390 L12
    ALOAD 0
    GETFIELD com/examples/with/different/packagename/testcarver/DateTimeConverter.locale : Ljava/util/Locale;
    IFNONNULL L15
   L16
    LINENUMBER 391 L16
    ALOAD 0
    GETFIELD com/examples/with/different/packagename/testcarver/DateTimeConverter.timeZone : Ljava/util/TimeZone;
    INVOKESTATIC org/evosuite/testcarver/wrapper/java/util/Calendar.getInstance (Ljava/util/TimeZone;)Ljava/util/Calendar;
    ASTORE 4
    GOTO L14
   L15
    LINENUMBER 392 L15
    ALOAD 0
    GETFIELD com/examples/with/different/packagename/testcarver/DateTimeConverter.timeZone : Ljava/util/TimeZone;
    IFNONNULL L17
   L18
    LINENUMBER 393 L18
    ALOAD 0
    GETFIELD com/examples/with/different/packagename/testcarver/DateTimeConverter.locale : Ljava/util/Locale;
    INVOKESTATIC org/evosuite/testcarver/wrapper/java/util/Calendar.getInstance (Ljava/util/Locale;)Ljava/util/Calendar;
    ASTORE 4
    GOTO L14
   L17
    LINENUMBER 395 L17
    ALOAD 0
    GETFIELD com/examples/with/different/packagename/testcarver/DateTimeConverter.timeZone : Ljava/util/TimeZone;
    ALOAD 0
    GETFIELD com/examples/with/different/packagename/testcarver/DateTimeConverter.locale : Ljava/util/Locale;
    INVOKESTATIC org/evosuite/testcarver/wrapper/java/util/Calendar.getInstance (Ljava/util/TimeZone;Ljava/util/Locale;)Ljava/util/Calendar;
    ASTORE 4
   L14
    LINENUMBER 397 L14
    ALOAD 4
    NEW org/evosuite/testcarver/wrapper/java/util/Date
    DUP
    LLOAD 2
    INVOKESPECIAL org/evosuite/testcarver/wrapper/java/util/Date.<init> (J)V
    INVOKESTATIC org/evosuite/testcarver/wrapper/java/util/Calendar.setTime (Ljava/util/Calendar;Ljava/util/Date;)V
   L19
    LINENUMBER 398 L19
    ALOAD 4
    ICONST_0
    INVOKEVIRTUAL java/util/Calendar.setLenient (Z)V
   L20
    LINENUMBER 399 L20
    ALOAD 4
    ARETURN
   L9
    LINENUMBER 402 L9
    NEW java/lang/StringBuilder
    DUP
    INVOKESPECIAL java/lang/StringBuilder.<init> ()V
    ALOAD 0
    ALOAD 0
    INVOKEVIRTUAL java/lang/Object.getClass ()Ljava/lang/Class;
    INVOKEVIRTUAL com/examples/with/different/packagename/testcarver/DateTimeConverter.toString (Ljava/lang/Class;)Ljava/lang/String;
    INVOKEVIRTUAL java/lang/StringBuilder.append (Ljava/lang/String;)Ljava/lang/StringBuilder;
    LDC " cannot handle conversion to '"
    INVOKEVIRTUAL java/lang/StringBuilder.append (Ljava/lang/String;)Ljava/lang/StringBuilder;
    ALOAD 0
    ALOAD 1
   L21
    LINENUMBER 403 L21
    INVOKEVIRTUAL com/examples/with/different/packagename/testcarver/DateTimeConverter.toString (Ljava/lang/Class;)Ljava/lang/String;
    INVOKEVIRTUAL java/lang/StringBuilder.append (Ljava/lang/String;)Ljava/lang/StringBuilder;
    LDC "'"
    INVOKEVIRTUAL java/lang/StringBuilder.append (Ljava/lang/String;)Ljava/lang/StringBuilder;
    INVOKEVIRTUAL java/lang/StringBuilder.toString ()Ljava/lang/String;
    ASTORE 4
   L22
    LINENUMBER 404 L22
    NEW com/examples/with/different/packagename/testcarver/ConversionException
    DUP
    ALOAD 4
    INVOKESPECIAL com/examples/with/different/packagename/testcarver/ConversionException.<init> (Ljava/lang/String;)V
    ATHROW
   L23
    LOCALVARIABLE calendar Ljava/util/Calendar; L11 L9 4
    LOCALVARIABLE this Lcom/examples/with/different/packagename/testcarver/DateTimeConverter; L0 L23 0
    LOCALVARIABLE type Ljava/lang/Class; L0 L23 1
    LOCALVARIABLE value J L0 L23 2
    LOCALVARIABLE msg Ljava/lang/String; L22 L23 4
    MAXSTACK = 5
    MAXLOCALS = 5

  // access flags 0x2
  private toDate(Ljava/lang/Class;Ljava/lang/String;)Ljava/lang/Object;
    TRYCATCHBLOCK L0 L1 L2 java/lang/IllegalArgumentException
    TRYCATCHBLOCK L3 L4 L5 java/lang/IllegalArgumentException
    TRYCATCHBLOCK L6 L7 L8 java/lang/IllegalArgumentException
   L9
    LINENUMBER 427 L9
    ALOAD 1
    LDC Ljava/sql/Date;.class
    INVOKEVIRTUAL java/lang/Object.equals (Ljava/lang/Object;)Z
    IFEQ L10
   L0
    LINENUMBER 429 L0
    ALOAD 2
    INVOKESTATIC java/sql/Date.valueOf (Ljava/lang/String;)Ljava/sql/Date;
   L1
    ARETURN
   L2
    LINENUMBER 430 L2
    ASTORE 3
   L11
    LINENUMBER 431 L11
    NEW com/examples/with/different/packagename/testcarver/ConversionException
    DUP
    LDC "String must be in JDBC format [yyyy-MM-dd] to create a java.sql.Date"
    INVOKESPECIAL com/examples/with/different/packagename/testcarver/ConversionException.<init> (Ljava/lang/String;)V
    ATHROW
   L10
    LINENUMBER 437 L10
    ALOAD 1
    LDC Ljava/sql/Time;.class
    INVOKEVIRTUAL java/lang/Object.equals (Ljava/lang/Object;)Z
    IFEQ L12
   L3
    LINENUMBER 439 L3
    ALOAD 2
    INVOKESTATIC java/sql/Time.valueOf (Ljava/lang/String;)Ljava/sql/Time;
   L4
    ARETURN
   L5
    LINENUMBER 440 L5
    ASTORE 3
   L13
    LINENUMBER 441 L13
    NEW com/examples/with/different/packagename/testcarver/ConversionException
    DUP
    LDC "String must be in JDBC format [HH:mm:ss] to create a java.sql.Time"
    INVOKESPECIAL com/examples/with/different/packagename/testcarver/ConversionException.<init> (Ljava/lang/String;)V
    ATHROW
   L12
    LINENUMBER 447 L12
    ALOAD 1
    LDC Ljava/sql/Timestamp;.class
    INVOKEVIRTUAL java/lang/Object.equals (Ljava/lang/Object;)Z
    IFEQ L14
   L6
    LINENUMBER 449 L6
    ALOAD 2
    INVOKESTATIC java/sql/Timestamp.valueOf (Ljava/lang/String;)Ljava/sql/Timestamp;
   L7
    ARETURN
   L8
    LINENUMBER 450 L8
    ASTORE 3
   L15
    LINENUMBER 451 L15
    NEW com/examples/with/different/packagename/testcarver/ConversionException
    DUP
    LDC "String must be in JDBC format [yyyy-MM-dd HH:mm:ss.fffffffff] to create a java.sql.Timestamp"
    INVOKESPECIAL com/examples/with/different/packagename/testcarver/ConversionException.<init> (Ljava/lang/String;)V
    ATHROW
   L14
    LINENUMBER 457 L14
    NEW java/lang/StringBuilder
    DUP
    INVOKESPECIAL java/lang/StringBuilder.<init> ()V
    ALOAD 0
    ALOAD 0
    INVOKEVIRTUAL java/lang/Object.getClass ()Ljava/lang/Class;
    INVOKEVIRTUAL com/examples/with/different/packagename/testcarver/DateTimeConverter.toString (Ljava/lang/Class;)Ljava/lang/String;
    INVOKEVIRTUAL java/lang/StringBuilder.append (Ljava/lang/String;)Ljava/lang/StringBuilder;
    LDC " does not support default String to '"
    INVOKEVIRTUAL java/lang/StringBuilder.append (Ljava/lang/String;)Ljava/lang/StringBuilder;
    ALOAD 0
    ALOAD 1
   L16
    LINENUMBER 458 L16
    INVOKEVIRTUAL com/examples/with/different/packagename/testcarver/DateTimeConverter.toString (Ljava/lang/Class;)Ljava/lang/String;
    INVOKEVIRTUAL java/lang/StringBuilder.append (Ljava/lang/String;)Ljava/lang/StringBuilder;
    LDC "' conversion."
    INVOKEVIRTUAL java/lang/StringBuilder.append (Ljava/lang/String;)Ljava/lang/StringBuilder;
    INVOKEVIRTUAL java/lang/StringBuilder.toString ()Ljava/lang/String;
    ASTORE 3
   L17
    LINENUMBER 459 L17
    NEW com/examples/with/different/packagename/testcarver/ConversionException
    DUP
    ALOAD 3
    INVOKESPECIAL com/examples/with/different/packagename/testcarver/ConversionException.<init> (Ljava/lang/String;)V
    ATHROW
   L18
    LOCALVARIABLE e Ljava/lang/IllegalArgumentException; L11 L10 3
    LOCALVARIABLE e Ljava/lang/IllegalArgumentException; L13 L12 3
    LOCALVARIABLE e Ljava/lang/IllegalArgumentException; L15 L14 3
    LOCALVARIABLE this Lcom/examples/with/different/packagename/testcarver/DateTimeConverter; L9 L18 0
    LOCALVARIABLE type Ljava/lang/Class; L9 L18 1
    LOCALVARIABLE value Ljava/lang/String; L9 L18 2
    LOCALVARIABLE msg Ljava/lang/String; L17 L18 3
    MAXSTACK = 3
    MAXLOCALS = 4

  // access flags 0x4
  protected getFormat(Ljava/util/Locale;Ljava/util/TimeZone;)Ljava/text/DateFormat;
   L0
    LINENUMBER 470 L0
    ACONST_NULL
    ASTORE 3
   L1
    LINENUMBER 471 L1
    ALOAD 1
    IFNONNULL L2
   L3
    LINENUMBER 472 L3
    ICONST_3
    INVOKESTATIC org/evosuite/testcarver/wrapper/java/text/DateFormat.getDateInstance_final (I)Ljava/text/DateFormat;
    ASTORE 3
    GOTO L4
   L2
    LINENUMBER 474 L2
    ICONST_3
    ALOAD 1
    INVOKESTATIC org/evosuite/testcarver/wrapper/java/text/DateFormat.getDateInstance_final (ILjava/util/Locale;)Ljava/text/DateFormat;
    ASTORE 3
   L4
    LINENUMBER 476 L4
    ALOAD 2
    IFNULL L5
   L6
    LINENUMBER 477 L6
    ALOAD 3
    ALOAD 2
    INVOKEVIRTUAL java/text/DateFormat.setTimeZone (Ljava/util/TimeZone;)V
   L5
    LINENUMBER 479 L5
    ALOAD 3
    ARETURN
   L7
    LOCALVARIABLE this Lcom/examples/with/different/packagename/testcarver/DateTimeConverter; L0 L7 0
    LOCALVARIABLE locale Ljava/util/Locale; L0 L7 1
    LOCALVARIABLE timeZone Ljava/util/TimeZone; L0 L7 2
    LOCALVARIABLE format Ljava/text/DateFormat; L1 L7 3
    MAXSTACK = 2
    MAXLOCALS = 4

  // access flags 0x2
  private getFormat(Ljava/lang/String;)Ljava/text/DateFormat;
   L0
    LINENUMBER 489 L0
    NEW org/evosuite/testcarver/wrapper/java/text/SimpleDateFormat
    DUP
    ALOAD 1
    INVOKESPECIAL org/evosuite/testcarver/wrapper/java/text/SimpleDateFormat.<init> (Ljava/lang/String;)V
    ASTORE 2
   L1
    LINENUMBER 490 L1
    ALOAD 0
    GETFIELD com/examples/with/different/packagename/testcarver/DateTimeConverter.timeZone : Ljava/util/TimeZone;
    IFNULL L2
   L3
    LINENUMBER 491 L3
    ALOAD 2
    ALOAD 0
    GETFIELD com/examples/with/different/packagename/testcarver/DateTimeConverter.timeZone : Ljava/util/TimeZone;
    INVOKEVIRTUAL java/text/DateFormat.setTimeZone (Ljava/util/TimeZone;)V
   L2
    LINENUMBER 493 L2
    ALOAD 2
    ARETURN
   L4
    LOCALVARIABLE this Lcom/examples/with/different/packagename/testcarver/DateTimeConverter; L0 L4 0
    LOCALVARIABLE pattern Ljava/lang/String; L0 L4 1
    LOCALVARIABLE format Ljava/text/DateFormat; L1 L4 2
    MAXSTACK = 3
    MAXLOCALS = 3

  // access flags 0x2
  private parse(Ljava/lang/Class;Ljava/lang/Class;Ljava/lang/String;)Ljava/util/Calendar; throws java/lang/Exception
    TRYCATCHBLOCK L0 L1 L2 java/lang/Exception
   L3
    LINENUMBER 506 L3
    ACONST_NULL
    ASTORE 4
   L4
    LINENUMBER 507 L4
    ICONST_0
    ISTORE 5
   L5
    ILOAD 5
    ALOAD 0
    GETFIELD com/examples/with/different/packagename/testcarver/DateTimeConverter.patterns : [Ljava/lang/String;
    ARRAYLENGTH
    IF_ICMPGE L6
   L0
    LINENUMBER 509 L0
    ALOAD 0
    ALOAD 0
    GETFIELD com/examples/with/different/packagename/testcarver/DateTimeConverter.patterns : [Ljava/lang/String;
    ILOAD 5
    AALOAD
    INVOKESPECIAL com/examples/with/different/packagename/testcarver/DateTimeConverter.getFormat (Ljava/lang/String;)Ljava/text/DateFormat;
    ASTORE 6
   L7
    LINENUMBER 510 L7
    ALOAD 0
    ALOAD 1
    ALOAD 2
    ALOAD 3
    ALOAD 6
    INVOKESPECIAL com/examples/with/different/packagename/testcarver/DateTimeConverter.parse (Ljava/lang/Class;Ljava/lang/Class;Ljava/lang/String;Ljava/text/DateFormat;)Ljava/util/Calendar;
    ASTORE 7
   L8
    LINENUMBER 511 L8
    ALOAD 7
   L1
    ARETURN
   L2
    LINENUMBER 512 L2
    ASTORE 6
   L9
    LINENUMBER 513 L9
    ALOAD 4
    IFNONNULL L10
   L11
    LINENUMBER 514 L11
    ALOAD 6
    ASTORE 4
   L10
    LINENUMBER 507 L10
    IINC 5 1
    GOTO L5
   L6
    LINENUMBER 518 L6
    ALOAD 0
    GETFIELD com/examples/with/different/packagename/testcarver/DateTimeConverter.patterns : [Ljava/lang/String;
    ARRAYLENGTH
    ICONST_1
    IF_ICMPLE L12
   L13
    LINENUMBER 519 L13
    NEW com/examples/with/different/packagename/testcarver/ConversionException
    DUP
    NEW java/lang/StringBuilder
    DUP
    INVOKESPECIAL java/lang/StringBuilder.<init> ()V
    LDC "Error converting '"
    INVOKEVIRTUAL java/lang/StringBuilder.append (Ljava/lang/String;)Ljava/lang/StringBuilder;
    ALOAD 0
    ALOAD 1
    INVOKEVIRTUAL com/examples/with/different/packagename/testcarver/DateTimeConverter.toString (Ljava/lang/Class;)Ljava/lang/String;
    INVOKEVIRTUAL java/lang/StringBuilder.append (Ljava/lang/String;)Ljava/lang/StringBuilder;
    LDC "' to '"
    INVOKEVIRTUAL java/lang/StringBuilder.append (Ljava/lang/String;)Ljava/lang/StringBuilder;
    ALOAD 0
    ALOAD 2
    INVOKEVIRTUAL com/examples/with/different/packagename/testcarver/DateTimeConverter.toString (Ljava/lang/Class;)Ljava/lang/String;
    INVOKEVIRTUAL java/lang/StringBuilder.append (Ljava/lang/String;)Ljava/lang/StringBuilder;
    LDC "' using  patterns '"
    INVOKEVIRTUAL java/lang/StringBuilder.append (Ljava/lang/String;)Ljava/lang/StringBuilder;
    ALOAD 0
    GETFIELD com/examples/with/different/packagename/testcarver/DateTimeConverter.displayPatterns : Ljava/lang/String;
    INVOKEVIRTUAL java/lang/StringBuilder.append (Ljava/lang/String;)Ljava/lang/StringBuilder;
    LDC "'"
    INVOKEVIRTUAL java/lang/StringBuilder.append (Ljava/lang/String;)Ljava/lang/StringBuilder;
    INVOKEVIRTUAL java/lang/StringBuilder.toString ()Ljava/lang/String;
    INVOKESPECIAL com/examples/with/different/packagename/testcarver/ConversionException.<init> (Ljava/lang/String;)V
    ATHROW
   L12
    LINENUMBER 522 L12
    ALOAD 4
    ATHROW
   L14
    LOCALVARIABLE format Ljava/text/DateFormat; L7 L2 6
    LOCALVARIABLE calendar Ljava/util/Calendar; L8 L2 7
    LOCALVARIABLE ex Ljava/lang/Exception; L9 L10 6
    LOCALVARIABLE i I L5 L6 5
    LOCALVARIABLE this Lcom/examples/with/different/packagename/testcarver/DateTimeConverter; L3 L14 0
    LOCALVARIABLE sourceType Ljava/lang/Class; L3 L14 1
    LOCALVARIABLE targetType Ljava/lang/Class; L3 L14 2
    LOCALVARIABLE value Ljava/lang/String; L3 L14 3
    LOCALVARIABLE firstEx Ljava/lang/Exception; L4 L14 4
    MAXSTACK = 5
    MAXLOCALS = 8

  // access flags 0x2
  private parse(Ljava/lang/Class;Ljava/lang/Class;Ljava/lang/String;Ljava/text/DateFormat;)Ljava/util/Calendar;
   L0
    LINENUMBER 538 L0
    ALOAD 0
    LDC "Parsing"
    ALOAD 4
    INVOKESPECIAL com/examples/with/different/packagename/testcarver/DateTimeConverter.logFormat (Ljava/lang/String;Ljava/text/DateFormat;)V
   L1
    LINENUMBER 539 L1
    ALOAD 4
    ICONST_0
    INVOKEVIRTUAL java/text/DateFormat.setLenient (Z)V
   L2
    LINENUMBER 540 L2
    NEW java/text/ParsePosition
    DUP
    ICONST_0
    INVOKESPECIAL java/text/ParsePosition.<init> (I)V
    ASTORE 5
   L3
    LINENUMBER 541 L3
    ALOAD 4
    ALOAD 3
    ALOAD 5
    INVOKEVIRTUAL java/text/DateFormat.parse (Ljava/lang/String;Ljava/text/ParsePosition;)Ljava/util/Date;
    ASTORE 6
   L4
    LINENUMBER 542 L4
    ALOAD 5
    INVOKEVIRTUAL java/text/ParsePosition.getErrorIndex ()I
    IFGE L5
    ALOAD 5
    INVOKEVIRTUAL java/text/ParsePosition.getIndex ()I
    ALOAD 3
    INVOKEVIRTUAL java/lang/String.length ()I
    IF_ICMPNE L5
    ALOAD 6
    IFNONNULL L6
   L5
    LINENUMBER 543 L5
    NEW java/lang/StringBuilder
    DUP
    INVOKESPECIAL java/lang/StringBuilder.<init> ()V
    LDC "Error converting '"
    INVOKEVIRTUAL java/lang/StringBuilder.append (Ljava/lang/String;)Ljava/lang/StringBuilder;
    ALOAD 0
    ALOAD 1
    INVOKEVIRTUAL com/examples/with/different/packagename/testcarver/DateTimeConverter.toString (Ljava/lang/Class;)Ljava/lang/String;
    INVOKEVIRTUAL java/lang/StringBuilder.append (Ljava/lang/String;)Ljava/lang/StringBuilder;
    LDC "' to '"
    INVOKEVIRTUAL java/lang/StringBuilder.append (Ljava/lang/String;)Ljava/lang/StringBuilder;
    ALOAD 0
    ALOAD 2
    INVOKEVIRTUAL com/examples/with/different/packagename/testcarver/DateTimeConverter.toString (Ljava/lang/Class;)Ljava/lang/String;
    INVOKEVIRTUAL java/lang/StringBuilder.append (Ljava/lang/String;)Ljava/lang/StringBuilder;
    LDC "'"
    INVOKEVIRTUAL java/lang/StringBuilder.append (Ljava/lang/String;)Ljava/lang/StringBuilder;
    INVOKEVIRTUAL java/lang/StringBuilder.toString ()Ljava/lang/String;
    ASTORE 7
   L7
    LINENUMBER 544 L7
    ALOAD 4
    INSTANCEOF java/text/SimpleDateFormat
    IFEQ L8
   L9
    LINENUMBER 545 L9
    NEW java/lang/StringBuilder
    DUP
    INVOKESPECIAL java/lang/StringBuilder.<init> ()V
    ALOAD 7
    INVOKEVIRTUAL java/lang/StringBuilder.append (Ljava/lang/String;)Ljava/lang/StringBuilder;
    LDC " using pattern '"
    INVOKEVIRTUAL java/lang/StringBuilder.append (Ljava/lang/String;)Ljava/lang/StringBuilder;
    ALOAD 4
    CHECKCAST org/evosuite/testcarver/wrapper/java/text/SimpleDateFormat
    INVOKEVIRTUAL java/text/SimpleDateFormat.toPattern ()Ljava/lang/String;
    INVOKEVIRTUAL java/lang/StringBuilder.append (Ljava/lang/String;)Ljava/lang/StringBuilder;
    LDC "'"
    INVOKEVIRTUAL java/lang/StringBuilder.append (Ljava/lang/String;)Ljava/lang/StringBuilder;
    INVOKEVIRTUAL java/lang/StringBuilder.toString ()Ljava/lang/String;
    ASTORE 7
   L8
    LINENUMBER 547 L8
    NEW com/examples/with/different/packagename/testcarver/ConversionException
    DUP
    ALOAD 7
    INVOKESPECIAL com/examples/with/different/packagename/testcarver/ConversionException.<init> (Ljava/lang/String;)V
    ATHROW
   L6
    LINENUMBER 549 L6
    ALOAD 4
    INVOKEVIRTUAL java/text/DateFormat.getCalendar ()Ljava/util/Calendar;
    ASTORE 7
   L10
    LINENUMBER 550 L10
    ALOAD 7
    ARETURN
   L11
    LOCALVARIABLE msg Ljava/lang/String; L7 L6 7
    LOCALVARIABLE this Lcom/examples/with/different/packagename/testcarver/DateTimeConverter; L0 L11 0
    LOCALVARIABLE sourceType Ljava/lang/Class; L0 L11 1
    LOCALVARIABLE targetType Ljava/lang/Class; L0 L11 2
    LOCALVARIABLE value Ljava/lang/String; L0 L11 3
    LOCALVARIABLE format Ljava/text/DateFormat; L0 L11 4
    LOCALVARIABLE pos Ljava/text/ParsePosition; L3 L11 5
    LOCALVARIABLE parsedDate Ljava/util/Date; L4 L11 6
    LOCALVARIABLE calendar Ljava/util/Calendar; L10 L11 7
    MAXSTACK = 3
    MAXLOCALS = 8

  // access flags 0x2
  private _sw_prototype_original_toString()Ljava/lang/String;
   L0
    LINENUMBER 559 L0
    NEW java/lang/StringBuffer
    DUP
    INVOKESPECIAL java/lang/StringBuffer.<init> ()V
    ASTORE 1
   L1
    LINENUMBER 560 L1
    ALOAD 1
    ALOAD 0
    ALOAD 0
    INVOKEVIRTUAL java/lang/Object.getClass ()Ljava/lang/Class;
    INVOKEVIRTUAL com/examples/with/different/packagename/testcarver/DateTimeConverter.toString (Ljava/lang/Class;)Ljava/lang/String;
    INVOKEVIRTUAL java/lang/StringBuffer.append (Ljava/lang/String;)Ljava/lang/StringBuffer;
    POP
   L2
    LINENUMBER 561 L2
    ALOAD 1
    LDC "[UseDefault="
    INVOKEVIRTUAL java/lang/StringBuffer.append (Ljava/lang/String;)Ljava/lang/StringBuffer;
    POP
   L3
    LINENUMBER 562 L3
    ALOAD 1
    ALOAD 0
    INVOKEVIRTUAL com/examples/with/different/packagename/testcarver/DateTimeConverter.isUseDefault ()Z
    INVOKEVIRTUAL java/lang/StringBuffer.append (Z)Ljava/lang/StringBuffer;
    POP
   L4
    LINENUMBER 563 L4
    ALOAD 1
    LDC ", UseLocaleFormat="
    INVOKEVIRTUAL java/lang/StringBuffer.append (Ljava/lang/String;)Ljava/lang/StringBuffer;
    POP
   L5
    LINENUMBER 564 L5
    ALOAD 1
    ALOAD 0
    DUP
    GETFIELD com/examples/with/different/packagename/testcarver/DateTimeConverter.useLocaleFormat : Z
    SWAP
    LDC -2147483621
    LDC "com/examples/with/different/packagename/testcarver/DateTimeConverter"
    LDC "useLocaleFormat"
    LDC "Z"
    INVOKESTATIC org/evosuite/testcarver/capture/FieldRegistry.notifyReadAccess (Ljava/lang/Object;ILjava/lang/String;Ljava/lang/String;Ljava/lang/String;)V
    INVOKEVIRTUAL java/lang/StringBuffer.append (Z)Ljava/lang/StringBuffer;
    POP
   L6
    LINENUMBER 565 L6
    ALOAD 0
    DUP
    GETFIELD com/examples/with/different/packagename/testcarver/DateTimeConverter.displayPatterns : Ljava/lang/String;
    SWAP
    LDC -2147483620
    LDC "com/examples/with/different/packagename/testcarver/DateTimeConverter"
    LDC "displayPatterns"
    LDC "Ljava/lang/String;"
    INVOKESTATIC org/evosuite/testcarver/capture/FieldRegistry.notifyReadAccess (Ljava/lang/Object;ILjava/lang/String;Ljava/lang/String;Ljava/lang/String;)V
    IFNULL L7
   L8
    LINENUMBER 566 L8
    ALOAD 1
    LDC ", Patterns={"
    INVOKEVIRTUAL java/lang/StringBuffer.append (Ljava/lang/String;)Ljava/lang/StringBuffer;
    POP
   L9
    LINENUMBER 567 L9
    ALOAD 1
    ALOAD 0
    DUP
    GETFIELD com/examples/with/different/packagename/testcarver/DateTimeConverter.displayPatterns : Ljava/lang/String;
    SWAP
    LDC -2147483619
    LDC "com/examples/with/different/packagename/testcarver/DateTimeConverter"
    LDC "displayPatterns"
    LDC "Ljava/lang/String;"
    INVOKESTATIC org/evosuite/testcarver/capture/FieldRegistry.notifyReadAccess (Ljava/lang/Object;ILjava/lang/String;Ljava/lang/String;Ljava/lang/String;)V
    INVOKEVIRTUAL java/lang/StringBuffer.append (Ljava/lang/String;)Ljava/lang/StringBuffer;
    POP
   L10
    LINENUMBER 568 L10
    ALOAD 1
    BIPUSH 125
    INVOKEVIRTUAL java/lang/StringBuffer.append (C)Ljava/lang/StringBuffer;
    POP
   L7
    LINENUMBER 570 L7
    ALOAD 0
    DUP
    GETFIELD com/examples/with/different/packagename/testcarver/DateTimeConverter.locale : Ljava/util/Locale;
    SWAP
    LDC -2147483618
    LDC "com/examples/with/different/packagename/testcarver/DateTimeConverter"
    LDC "locale"
    LDC "Ljava/util/Locale;"
    INVOKESTATIC org/evosuite/testcarver/capture/FieldRegistry.notifyReadAccess (Ljava/lang/Object;ILjava/lang/String;Ljava/lang/String;Ljava/lang/String;)V
    IFNULL L11
   L12
    LINENUMBER 571 L12
    ALOAD 1
    LDC ", Locale="
    INVOKEVIRTUAL java/lang/StringBuffer.append (Ljava/lang/String;)Ljava/lang/StringBuffer;
    POP
   L13
    LINENUMBER 572 L13
    ALOAD 1
    ALOAD 0
    DUP
    GETFIELD com/examples/with/different/packagename/testcarver/DateTimeConverter.locale : Ljava/util/Locale;
    SWAP
    LDC -2147483617
    LDC "com/examples/with/different/packagename/testcarver/DateTimeConverter"
    LDC "locale"
    LDC "Ljava/util/Locale;"
    INVOKESTATIC org/evosuite/testcarver/capture/FieldRegistry.notifyReadAccess (Ljava/lang/Object;ILjava/lang/String;Ljava/lang/String;Ljava/lang/String;)V
    INVOKEVIRTUAL java/lang/StringBuffer.append (Ljava/lang/Object;)Ljava/lang/StringBuffer;
    POP
   L11
    LINENUMBER 574 L11
    ALOAD 0
    DUP
    GETFIELD com/examples/with/different/packagename/testcarver/DateTimeConverter.timeZone : Ljava/util/TimeZone;
    SWAP
    LDC -2147483616
    LDC "com/examples/with/different/packagename/testcarver/DateTimeConverter"
    LDC "timeZone"
    LDC "Ljava/util/TimeZone;"
    INVOKESTATIC org/evosuite/testcarver/capture/FieldRegistry.notifyReadAccess (Ljava/lang/Object;ILjava/lang/String;Ljava/lang/String;Ljava/lang/String;)V
    IFNULL L14
   L15
    LINENUMBER 575 L15
    ALOAD 1
    LDC ", TimeZone="
    INVOKEVIRTUAL java/lang/StringBuffer.append (Ljava/lang/String;)Ljava/lang/StringBuffer;
    POP
   L16
    LINENUMBER 576 L16
    ALOAD 1
    ALOAD 0
    DUP
    GETFIELD com/examples/with/different/packagename/testcarver/DateTimeConverter.timeZone : Ljava/util/TimeZone;
    SWAP
    LDC -2147483615
    LDC "com/examples/with/different/packagename/testcarver/DateTimeConverter"
    LDC "timeZone"
    LDC "Ljava/util/TimeZone;"
    INVOKESTATIC org/evosuite/testcarver/capture/FieldRegistry.notifyReadAccess (Ljava/lang/Object;ILjava/lang/String;Ljava/lang/String;Ljava/lang/String;)V
    INVOKEVIRTUAL java/lang/StringBuffer.append (Ljava/lang/Object;)Ljava/lang/StringBuffer;
    POP
   L14
    LINENUMBER 578 L14
    ALOAD 1
    BIPUSH 93
    INVOKEVIRTUAL java/lang/StringBuffer.append (C)Ljava/lang/StringBuffer;
    POP
   L17
    LINENUMBER 579 L17
    ALOAD 1
    INVOKEVIRTUAL java/lang/StringBuffer.toString ()Ljava/lang/String;
    ARETURN
   L18
    LOCALVARIABLE this Lcom/examples/with/different/packagename/testcarver/DateTimeConverter; L0 L18 0
    LOCALVARIABLE buffer Ljava/lang/StringBuffer; L1 L18 1
    MAXSTACK = 7
    MAXLOCALS = 2

  // access flags 0x2
  private logFormat(Ljava/lang/String;Ljava/text/DateFormat;)V
   L0
    LINENUMBER 590 L0
    RETURN
   L1
    LOCALVARIABLE this Lcom/examples/with/different/packagename/testcarver/DateTimeConverter; L0 L1 0
    LOCALVARIABLE action Ljava/lang/String; L0 L1 1
    LOCALVARIABLE format Ljava/text/DateFormat; L0 L1 2
    MAXSTACK = 0
    MAXLOCALS = 3

  // access flags 0x1
  public setUseLocaleFormat(Z)V
    TRYCATCHBLOCK L0 L1 L1 java/lang/Throwable
   L0
    LDC -2147483640
    ALOAD 0
    LDC "setUseLocaleFormat"
    LDC "(Z)V"
    BIPUSH 1
    ANEWARRAY java/lang/Object
    DUP
    BIPUSH 0
    ILOAD 1
    INVOKESTATIC java/lang/Boolean.valueOf (Z)Ljava/lang/Boolean;
    AASTORE
    INVOKESTATIC org/evosuite/testcarver/capture/Capturer.capture (ILjava/lang/Object;Ljava/lang/String;Ljava/lang/String;[Ljava/lang/Object;)V
    ALOAD 0
    ILOAD 1
    INVOKEVIRTUAL com/examples/with/different/packagename/testcarver/DateTimeConverter._sw_prototype_original_setUseLocaleFormat (Z)V
    GOTO L2
   L1
   FRAME SAME1 java/lang/Throwable
    ASTORE 2
    LDC -2147483640
    ALOAD 0
    GETSTATIC org/evosuite/testcarver/capture/CaptureLog.RETURN_TYPE_VOID : Ljava/lang/Object;
    INVOKESTATIC org/evosuite/testcarver/capture/Capturer.enable (ILjava/lang/Object;Ljava/lang/Object;)V
    ALOAD 2
    ATHROW
   L2
   FRAME SAME
    LDC -2147483640
    ALOAD 0
    GETSTATIC org/evosuite/testcarver/capture/CaptureLog.RETURN_TYPE_VOID : Ljava/lang/Object;
    INVOKESTATIC org/evosuite/testcarver/capture/Capturer.enable (ILjava/lang/Object;Ljava/lang/Object;)V
    RETURN
    MAXSTACK = 6
    MAXLOCALS = 0

  // access flags 0x1
  public getTimeZone()Ljava/util/TimeZone;
    TRYCATCHBLOCK L0 L1 L2 java/lang/Throwable
    ACONST_NULL
    ASTORE 1
   L0
    LDC -2147483638
    ALOAD 0
    LDC "getTimeZone"
    LDC "()Ljava/util/TimeZone;"
    BIPUSH 0
    ANEWARRAY java/lang/Object
    INVOKESTATIC org/evosuite/testcarver/capture/Capturer.capture (ILjava/lang/Object;Ljava/lang/String;Ljava/lang/String;[Ljava/lang/Object;)V
    ALOAD 0
    INVOKEVIRTUAL com/examples/with/different/packagename/testcarver/DateTimeConverter._sw_prototype_original_getTimeZone ()Ljava/util/TimeZone;
    ASTORE 1
    ALOAD 1
    ASTORE 3
   L1
    LDC -2147483638
    ALOAD 0
    ALOAD 1
    INVOKESTATIC org/evosuite/testcarver/capture/Capturer.enable (ILjava/lang/Object;Ljava/lang/Object;)V
    ALOAD 3
    ARETURN
   L2
   FRAME FULL [com/examples/with/different/packagename/testcarver/DateTimeConverter java/util/TimeZone] [java/lang/Throwable]
    ASTORE 2
    LDC -2147483638
    ALOAD 0
    ALOAD 1
    INVOKESTATIC org/evosuite/testcarver/capture/Capturer.enable (ILjava/lang/Object;Ljava/lang/Object;)V
    ALOAD 2
    ATHROW
    MAXSTACK = 5
    MAXLOCALS = 0

  // access flags 0x1
  public setTimeZone(Ljava/util/TimeZone;)V
    TRYCATCHBLOCK L0 L1 L1 java/lang/Throwable
   L0
    LDC -2147483635
    ALOAD 0
    LDC "setTimeZone"
    LDC "(Ljava/util/TimeZone;)V"
    BIPUSH 1
    ANEWARRAY java/lang/Object
    DUP
    BIPUSH 0
    ALOAD 1
    AASTORE
    INVOKESTATIC org/evosuite/testcarver/capture/Capturer.capture (ILjava/lang/Object;Ljava/lang/String;Ljava/lang/String;[Ljava/lang/Object;)V
    ALOAD 0
    ALOAD 1
    INVOKEVIRTUAL com/examples/with/different/packagename/testcarver/DateTimeConverter._sw_prototype_original_setTimeZone (Ljava/util/TimeZone;)V
    GOTO L2
   L1
   FRAME SAME1 java/lang/Throwable
    ASTORE 2
    LDC -2147483635
    ALOAD 0
    GETSTATIC org/evosuite/testcarver/capture/CaptureLog.RETURN_TYPE_VOID : Ljava/lang/Object;
    INVOKESTATIC org/evosuite/testcarver/capture/Capturer.enable (ILjava/lang/Object;Ljava/lang/Object;)V
    ALOAD 2
    ATHROW
   L2
   FRAME SAME
    LDC -2147483635
    ALOAD 0
    GETSTATIC org/evosuite/testcarver/capture/CaptureLog.RETURN_TYPE_VOID : Ljava/lang/Object;
    INVOKESTATIC org/evosuite/testcarver/capture/Capturer.enable (ILjava/lang/Object;Ljava/lang/Object;)V
    RETURN
    MAXSTACK = 6
    MAXLOCALS = 0

  // access flags 0x1
  public getLocale()Ljava/util/Locale;
    TRYCATCHBLOCK L0 L1 L2 java/lang/Throwable
    ACONST_NULL
    ASTORE 1
   L0
    LDC -2147483633
    ALOAD 0
    LDC "getLocale"
    LDC "()Ljava/util/Locale;"
    BIPUSH 0
    ANEWARRAY java/lang/Object
    INVOKESTATIC org/evosuite/testcarver/capture/Capturer.capture (ILjava/lang/Object;Ljava/lang/String;Ljava/lang/String;[Ljava/lang/Object;)V
    ALOAD 0
    INVOKEVIRTUAL com/examples/with/different/packagename/testcarver/DateTimeConverter._sw_prototype_original_getLocale ()Ljava/util/Locale;
    ASTORE 1
    ALOAD 1
    ASTORE 3
   L1
    LDC -2147483633
    ALOAD 0
    ALOAD 1
    INVOKESTATIC org/evosuite/testcarver/capture/Capturer.enable (ILjava/lang/Object;Ljava/lang/Object;)V
    ALOAD 3
    ARETURN
   L2
   FRAME FULL [com/examples/with/different/packagename/testcarver/DateTimeConverter java/util/Locale] [java/lang/Throwable]
    ASTORE 2
    LDC -2147483633
    ALOAD 0
    ALOAD 1
    INVOKESTATIC org/evosuite/testcarver/capture/Capturer.enable (ILjava/lang/Object;Ljava/lang/Object;)V
    ALOAD 2
    ATHROW
    MAXSTACK = 5
    MAXLOCALS = 0

  // access flags 0x1
  public setLocale(Ljava/util/Locale;)V
    TRYCATCHBLOCK L0 L1 L1 java/lang/Throwable
   L0
    LDC -2147483630
    ALOAD 0
    LDC "setLocale"
    LDC "(Ljava/util/Locale;)V"
    BIPUSH 1
    ANEWARRAY java/lang/Object
    DUP
    BIPUSH 0
    ALOAD 1
    AASTORE
    INVOKESTATIC org/evosuite/testcarver/capture/Capturer.capture (ILjava/lang/Object;Ljava/lang/String;Ljava/lang/String;[Ljava/lang/Object;)V
    ALOAD 0
    ALOAD 1
    INVOKEVIRTUAL com/examples/with/different/packagename/testcarver/DateTimeConverter._sw_prototype_original_setLocale (Ljava/util/Locale;)V
    GOTO L2
   L1
   FRAME SAME1 java/lang/Throwable
    ASTORE 2
    LDC -2147483630
    ALOAD 0
    GETSTATIC org/evosuite/testcarver/capture/CaptureLog.RETURN_TYPE_VOID : Ljava/lang/Object;
    INVOKESTATIC org/evosuite/testcarver/capture/Capturer.enable (ILjava/lang/Object;Ljava/lang/Object;)V
    ALOAD 2
    ATHROW
   L2
   FRAME SAME
    LDC -2147483630
    ALOAD 0
    GETSTATIC org/evosuite/testcarver/capture/CaptureLog.RETURN_TYPE_VOID : Ljava/lang/Object;
    INVOKESTATIC org/evosuite/testcarver/capture/Capturer.enable (ILjava/lang/Object;Ljava/lang/Object;)V
    RETURN
    MAXSTACK = 6
    MAXLOCALS = 0

  // access flags 0x1
  public setPattern(Ljava/lang/String;)V
    TRYCATCHBLOCK L0 L1 L1 java/lang/Throwable
   L0
    LDC -2147483629
    ALOAD 0
    LDC "setPattern"
    LDC "(Ljava/lang/String;)V"
    BIPUSH 1
    ANEWARRAY java/lang/Object
    DUP
    BIPUSH 0
    ALOAD 1
    AASTORE
    INVOKESTATIC org/evosuite/testcarver/capture/Capturer.capture (ILjava/lang/Object;Ljava/lang/String;Ljava/lang/String;[Ljava/lang/Object;)V
    ALOAD 0
    ALOAD 1
    INVOKEVIRTUAL com/examples/with/different/packagename/testcarver/DateTimeConverter._sw_prototype_original_setPattern (Ljava/lang/String;)V
    GOTO L2
   L1
   FRAME SAME1 java/lang/Throwable
    ASTORE 2
    LDC -2147483629
    ALOAD 0
    GETSTATIC org/evosuite/testcarver/capture/CaptureLog.RETURN_TYPE_VOID : Ljava/lang/Object;
    INVOKESTATIC org/evosuite/testcarver/capture/Capturer.enable (ILjava/lang/Object;Ljava/lang/Object;)V
    ALOAD 2
    ATHROW
   L2
   FRAME SAME
    LDC -2147483629
    ALOAD 0
    GETSTATIC org/evosuite/testcarver/capture/CaptureLog.RETURN_TYPE_VOID : Ljava/lang/Object;
    INVOKESTATIC org/evosuite/testcarver/capture/Capturer.enable (ILjava/lang/Object;Ljava/lang/Object;)V
    RETURN
    MAXSTACK = 9
    MAXLOCALS = 0

  // access flags 0x1
  public getPatterns()[Ljava/lang/String;
    TRYCATCHBLOCK L0 L1 L2 java/lang/Throwable
    ACONST_NULL
    ASTORE 1
   L0
    LDC -2147483627
    ALOAD 0
    LDC "getPatterns"
    LDC "()[Ljava/lang/String;"
    BIPUSH 0
    ANEWARRAY java/lang/Object
    INVOKESTATIC org/evosuite/testcarver/capture/Capturer.capture (ILjava/lang/Object;Ljava/lang/String;Ljava/lang/String;[Ljava/lang/Object;)V
    ALOAD 0
    INVOKEVIRTUAL com/examples/with/different/packagename/testcarver/DateTimeConverter._sw_prototype_original_getPatterns ()[Ljava/lang/String;
    ASTORE 1
    ALOAD 1
    ASTORE 3
   L1
    LDC -2147483627
    ALOAD 0
    ALOAD 1
    INVOKESTATIC org/evosuite/testcarver/capture/Capturer.enable (ILjava/lang/Object;Ljava/lang/Object;)V
    ALOAD 3
    ARETURN
   L2
   FRAME FULL [com/examples/with/different/packagename/testcarver/DateTimeConverter [Ljava/lang/String;] [java/lang/Throwable]
    ASTORE 2
    LDC -2147483627
    ALOAD 0
    ALOAD 1
    INVOKESTATIC org/evosuite/testcarver/capture/Capturer.enable (ILjava/lang/Object;Ljava/lang/Object;)V
    ALOAD 2
    ATHROW
    MAXSTACK = 5
    MAXLOCALS = 0

  // access flags 0x1
  public setPatterns([Ljava/lang/String;)V
    TRYCATCHBLOCK L0 L1 L1 java/lang/Throwable
   L0
    LDC -2147483622
    ALOAD 0
    LDC "setPatterns"
    LDC "([Ljava/lang/String;)V"
    BIPUSH 1
    ANEWARRAY java/lang/Object
    DUP
    BIPUSH 0
    ALOAD 1
    AASTORE
    INVOKESTATIC org/evosuite/testcarver/capture/Capturer.capture (ILjava/lang/Object;Ljava/lang/String;Ljava/lang/String;[Ljava/lang/Object;)V
    ALOAD 0
    ALOAD 1
    INVOKEVIRTUAL com/examples/with/different/packagename/testcarver/DateTimeConverter._sw_prototype_original_setPatterns ([Ljava/lang/String;)V
    GOTO L2
   L1
   FRAME SAME1 java/lang/Throwable
    ASTORE 2
    LDC -2147483622
    ALOAD 0
    GETSTATIC org/evosuite/testcarver/capture/CaptureLog.RETURN_TYPE_VOID : Ljava/lang/Object;
    INVOKESTATIC org/evosuite/testcarver/capture/Capturer.enable (ILjava/lang/Object;Ljava/lang/Object;)V
    ALOAD 2
    ATHROW
   L2
   FRAME SAME
    LDC -2147483622
    ALOAD 0
    GETSTATIC org/evosuite/testcarver/capture/CaptureLog.RETURN_TYPE_VOID : Ljava/lang/Object;
    INVOKESTATIC org/evosuite/testcarver/capture/Capturer.enable (ILjava/lang/Object;Ljava/lang/Object;)V
    RETURN
    MAXSTACK = 7
    MAXLOCALS = 0

  // access flags 0x1
  public toString()Ljava/lang/String;
    TRYCATCHBLOCK L0 L1 L2 java/lang/Throwable
    ACONST_NULL
    ASTORE 1
   L0
    LDC -2147483614
    ALOAD 0
    LDC "toString"
    LDC "()Ljava/lang/String;"
    BIPUSH 0
    ANEWARRAY java/lang/Object
    INVOKESTATIC org/evosuite/testcarver/capture/Capturer.capture (ILjava/lang/Object;Ljava/lang/String;Ljava/lang/String;[Ljava/lang/Object;)V
    ALOAD 0
    INVOKEVIRTUAL com/examples/with/different/packagename/testcarver/DateTimeConverter._sw_prototype_original_toString ()Ljava/lang/String;
    ASTORE 1
    ALOAD 1
    ASTORE 3
   L1
    LDC -2147483614
    ALOAD 0
    ALOAD 1
    INVOKESTATIC org/evosuite/testcarver/capture/Capturer.enable (ILjava/lang/Object;Ljava/lang/Object;)V
    ALOAD 3
    ARETURN
   L2
   FRAME FULL [com/examples/with/different/packagename/testcarver/DateTimeConverter java/lang/String] [java/lang/Throwable]
    ASTORE 2
    LDC -2147483614
    ALOAD 0
    ALOAD 1
    INVOKESTATIC org/evosuite/testcarver/capture/Capturer.enable (ILjava/lang/Object;Ljava/lang/Object;)V
    ALOAD 2
    ATHROW
    MAXSTACK = 7
    MAXLOCALS = 0
}
INFO  org.evosuite.testcarver.extraction.CarvingClassLoader - Seeing class for first time: com.examples.with.different.packagename.testcarver.AbstractConverter
WARN  org.evosuite.testcarver.extraction.CarvingClassLoader - Instrumenting class 'com.examples.with.different.packagename.testcarver.AbstractConverter'.
INFO  org.evosuite.testcarver.instrument.Instrumenter - Checking package com.examples.with.different.packagename.testcarver for class com/examples/with/different/packagename/testcarver/AbstractConverter
// class version 52.0 (52)
// access flags 0x421
public abstract class com/examples/with/different/packagename/testcarver/AbstractConverter implements com/examples/with/different/packagename/testcarver/Converter {

  // compiled from: AbstractConverter.java

  // access flags 0x1A
  private final static Ljava/lang/String; DEFAULT_CONFIG_MSG = "(N.B. Converters can be configured to use default values to avoid throwing exceptions)"

  // access flags 0x1A
  private final static Ljava/lang/String; PACKAGE = "org.apache.commons.beanutils.converters."

  // access flags 0x2
  private Z useDefault

  // access flags 0x2
  private Ljava/lang/Object; defaultValue

  // access flags 0x1
  public <init>()V
   L0
    LINENUMBER 82 L0
    ALOAD 0
    INVOKESPECIAL java/lang/Object.<init> ()V
   L1
    LINENUMBER 69 L1
    ALOAD 0
    ICONST_0
    PUTFIELD com/examples/with/different/packagename/testcarver/AbstractConverter.useDefault : Z
   L2
    LINENUMBER 74 L2
    ALOAD 0
    ACONST_NULL
    PUTFIELD com/examples/with/different/packagename/testcarver/AbstractConverter.defaultValue : Ljava/lang/Object;
   L3
    LINENUMBER 83 L3
    RETURN
   L4
    LOCALVARIABLE this Lcom/examples/with/different/packagename/testcarver/AbstractConverter; L0 L4 0
    MAXSTACK = 2
    MAXLOCALS = 1

  // access flags 0x1
  public <init>(Ljava/lang/Object;)V
   L0
    LINENUMBER 93 L0
    ALOAD 0
    INVOKESPECIAL java/lang/Object.<init> ()V
   L1
    LINENUMBER 69 L1
    ALOAD 0
    ICONST_0
    PUTFIELD com/examples/with/different/packagename/testcarver/AbstractConverter.useDefault : Z
   L2
    LINENUMBER 74 L2
    ALOAD 0
    ACONST_NULL
    PUTFIELD com/examples/with/different/packagename/testcarver/AbstractConverter.defaultValue : Ljava/lang/Object;
   L3
    LINENUMBER 94 L3
    ALOAD 0
    ALOAD 1
    INVOKEVIRTUAL com/examples/with/different/packagename/testcarver/AbstractConverter.setDefaultValue (Ljava/lang/Object;)V
   L4
    LINENUMBER 95 L4
    RETURN
   L5
    LOCALVARIABLE this Lcom/examples/with/different/packagename/testcarver/AbstractConverter; L0 L5 0
    LOCALVARIABLE defaultValue Ljava/lang/Object; L0 L5 1
    MAXSTACK = 2
    MAXLOCALS = 2

  // access flags 0x2
  private _sw_prototype_original_isUseDefault()Z
   L0
    LINENUMBER 108 L0
    ALOAD 0
    DUP
    GETFIELD com/examples/with/different/packagename/testcarver/AbstractConverter.useDefault : Z
    SWAP
    LDC -2147483613
    LDC "com/examples/with/different/packagename/testcarver/AbstractConverter"
    LDC "useDefault"
    LDC "Z"
    INVOKESTATIC org/evosuite/testcarver/capture/FieldRegistry.notifyReadAccess (Ljava/lang/Object;ILjava/lang/String;Ljava/lang/String;Ljava/lang/String;)V
    IRETURN
   L1
    LOCALVARIABLE this Lcom/examples/with/different/packagename/testcarver/AbstractConverter; L0 L1 0
    MAXSTACK = 5
    MAXLOCALS = 1

  // access flags 0x2
  private _sw_prototype_original_convert(Ljava/lang/Class;Ljava/lang/Object;)Ljava/lang/Object;
    TRYCATCHBLOCK L0 L1 L2 java/lang/Throwable
    TRYCATCHBLOCK L3 L4 L2 java/lang/Throwable
    TRYCATCHBLOCK L5 L6 L2 java/lang/Throwable
   L7
    LINENUMBER 123 L7
    ALOAD 2
    IFNONNULL L8
    ACONST_NULL
    GOTO L9
   L8
    ALOAD 2
    INVOKEVIRTUAL java/lang/Object.getClass ()Ljava/lang/Class;
   L9
    ASTORE 3
   L10
    LINENUMBER 124 L10
    ALOAD 0
    ALOAD 1
    IFNONNULL L11
    ALOAD 0
    INVOKEVIRTUAL com/examples/with/different/packagename/testcarver/AbstractConverter.getDefaultType ()Ljava/lang/Class;
    GOTO L12
   L11
    ALOAD 1
   L12
    INVOKEVIRTUAL com/examples/with/different/packagename/testcarver/AbstractConverter.primitive (Ljava/lang/Class;)Ljava/lang/Class;
    ASTORE 4
   L13
    LINENUMBER 126 L13
    ALOAD 0
    ALOAD 2
    INVOKEVIRTUAL com/examples/with/different/packagename/testcarver/AbstractConverter.convertArray (Ljava/lang/Object;)Ljava/lang/Object;
    ASTORE 2
   L14
    LINENUMBER 129 L14
    ALOAD 2
    IFNONNULL L15
   L16
    LINENUMBER 130 L16
    ALOAD 0
    ALOAD 4
    INVOKEVIRTUAL com/examples/with/different/packagename/testcarver/AbstractConverter.handleMissing (Ljava/lang/Class;)Ljava/lang/Object;
    ARETURN
   L15
    LINENUMBER 133 L15
    ALOAD 2
    INVOKEVIRTUAL java/lang/Object.getClass ()Ljava/lang/Class;
    ASTORE 3
   L0
    LINENUMBER 137 L0
    ALOAD 4
    LDC Ljava/lang/String;.class
    INVOKEVIRTUAL java/lang/Object.equals (Ljava/lang/Object;)Z
    IFEQ L3
   L17
    LINENUMBER 138 L17
    ALOAD 0
    ALOAD 2
    INVOKEVIRTUAL com/examples/with/different/packagename/testcarver/AbstractConverter.convertToString (Ljava/lang/Object;)Ljava/lang/String;
   L1
    ARETURN
   L3
    LINENUMBER 141 L3
    ALOAD 4
    ALOAD 3
    INVOKEVIRTUAL java/lang/Object.equals (Ljava/lang/Object;)Z
    IFEQ L5
   L18
    LINENUMBER 142 L18
    ALOAD 2
   L4
    ARETURN
   L5
    LINENUMBER 146 L5
    ALOAD 0
    ALOAD 4
    ALOAD 2
    INVOKEVIRTUAL com/examples/with/different/packagename/testcarver/AbstractConverter.convertToType (Ljava/lang/Class;Ljava/lang/Object;)Ljava/lang/Object;
    ASTORE 5
   L19
    LINENUMBER 147 L19
    ALOAD 5
   L6
    ARETURN
   L2
    LINENUMBER 149 L2
    ASTORE 5
   L20
    LINENUMBER 150 L20
    ALOAD 0
    ALOAD 4
    ALOAD 2
    ALOAD 5
    INVOKEVIRTUAL com/examples/with/different/packagename/testcarver/AbstractConverter.handleError (Ljava/lang/Class;Ljava/lang/Object;Ljava/lang/Throwable;)Ljava/lang/Object;
    ARETURN
   L21
    LOCALVARIABLE result Ljava/lang/Object; L19 L2 5
    LOCALVARIABLE t Ljava/lang/Throwable; L20 L21 5
    LOCALVARIABLE this Lcom/examples/with/different/packagename/testcarver/AbstractConverter; L7 L21 0
    LOCALVARIABLE type Ljava/lang/Class; L7 L21 1
    LOCALVARIABLE value Ljava/lang/Object; L7 L21 2
    LOCALVARIABLE sourceType Ljava/lang/Class; L10 L21 3
    LOCALVARIABLE targetType Ljava/lang/Class; L13 L21 4
    MAXSTACK = 8
    MAXLOCALS = 6

  // access flags 0x4
  protected convertToString(Ljava/lang/Object;)Ljava/lang/String; throws java/lang/Throwable
   L0
    LINENUMBER 168 L0
    ALOAD 1
    INVOKEVIRTUAL java/lang/Object.toString ()Ljava/lang/String;
    ARETURN
   L1
    LOCALVARIABLE this Lcom/examples/with/different/packagename/testcarver/AbstractConverter; L0 L1 0
    LOCALVARIABLE value Ljava/lang/Object; L0 L1 1
    MAXSTACK = 1
    MAXLOCALS = 2

  // access flags 0x404
  protected abstract convertToType(Ljava/lang/Class;Ljava/lang/Object;)Ljava/lang/Object; throws java/lang/Throwable

  // access flags 0x4
  protected convertArray(Ljava/lang/Object;)Ljava/lang/Object;
   L0
    LINENUMBER 196 L0
    ALOAD 1
    IFNONNULL L1
   L2
    LINENUMBER 197 L2
    ACONST_NULL
    ARETURN
   L1
    LINENUMBER 199 L1
    ALOAD 1
    INVOKEVIRTUAL java/lang/Object.getClass ()Ljava/lang/Class;
    INVOKEVIRTUAL java/lang/Class.isArray ()Z
    IFEQ L3
   L4
    LINENUMBER 200 L4
    ALOAD 1
    INVOKESTATIC java/lang/reflect/Array.getLength (Ljava/lang/Object;)I
    IFLE L5
   L6
    LINENUMBER 201 L6
    ALOAD 1
    ICONST_0
    INVOKESTATIC java/lang/reflect/Array.get (Ljava/lang/Object;I)Ljava/lang/Object;
    ARETURN
   L5
    LINENUMBER 203 L5
    ACONST_NULL
    ARETURN
   L3
    LINENUMBER 206 L3
    ALOAD 1
    INSTANCEOF java/util/Collection
    IFEQ L7
   L8
    LINENUMBER 207 L8
    ALOAD 1
    CHECKCAST java/util/Collection
    ASTORE 2
   L9
    LINENUMBER 208 L9
    ALOAD 2
    INVOKEINTERFACE java/util/Collection.size ()I (itf)
    IFLE L10
   L11
    LINENUMBER 209 L11
    ALOAD 2
    INVOKEINTERFACE java/util/Collection.iterator ()Ljava/util/Iterator; (itf)
    INVOKEINTERFACE java/util/Iterator.next ()Ljava/lang/Object; (itf)
    ARETURN
   L10
    LINENUMBER 211 L10
    ACONST_NULL
    ARETURN
   L7
    LINENUMBER 214 L7
    ALOAD 1
    ARETURN
   L12
    LOCALVARIABLE collection Ljava/util/Collection; L9 L7 2
    LOCALVARIABLE this Lcom/examples/with/different/packagename/testcarver/AbstractConverter; L0 L12 0
    LOCALVARIABLE value Ljava/lang/Object; L0 L12 1
    MAXSTACK = 2
    MAXLOCALS = 3

  // access flags 0x4
  protected handleError(Ljava/lang/Class;Ljava/lang/Object;Ljava/lang/Throwable;)Ljava/lang/Object;
   L0
    LINENUMBER 231 L0
    ALOAD 0
    GETFIELD com/examples/with/different/packagename/testcarver/AbstractConverter.useDefault : Z
    IFEQ L1
   L2
    LINENUMBER 232 L2
    ALOAD 0
    ALOAD 1
    INVOKEVIRTUAL com/examples/with/different/packagename/testcarver/AbstractConverter.handleMissing (Ljava/lang/Class;)Ljava/lang/Object;
    ARETURN
   L1
    LINENUMBER 235 L1
    ACONST_NULL
    ASTORE 4
   L3
    LINENUMBER 236 L3
    ALOAD 3
    INSTANCEOF com/examples/with/different/packagename/testcarver/ConversionException
    IFEQ L4
   L5
    LINENUMBER 237 L5
    ALOAD 3
    CHECKCAST com/examples/with/different/packagename/testcarver/ConversionException
    ASTORE 4
    GOTO L6
   L4
    LINENUMBER 239 L4
    NEW java/lang/StringBuilder
    DUP
    INVOKESPECIAL java/lang/StringBuilder.<init> ()V
    LDC "Error converting from '"
    INVOKEVIRTUAL java/lang/StringBuilder.append (Ljava/lang/String;)Ljava/lang/StringBuilder;
    ALOAD 0
    ALOAD 2
    INVOKEVIRTUAL java/lang/Object.getClass ()Ljava/lang/Class;
    INVOKEVIRTUAL com/examples/with/different/packagename/testcarver/AbstractConverter.toString (Ljava/lang/Class;)Ljava/lang/String;
    INVOKEVIRTUAL java/lang/StringBuilder.append (Ljava/lang/String;)Ljava/lang/StringBuilder;
    LDC "' to '"
    INVOKEVIRTUAL java/lang/StringBuilder.append (Ljava/lang/String;)Ljava/lang/StringBuilder;
    ALOAD 0
    ALOAD 1
   L7
    LINENUMBER 240 L7
    INVOKEVIRTUAL com/examples/with/different/packagename/testcarver/AbstractConverter.toString (Ljava/lang/Class;)Ljava/lang/String;
    INVOKEVIRTUAL java/lang/StringBuilder.append (Ljava/lang/String;)Ljava/lang/StringBuilder;
    LDC "' "
    INVOKEVIRTUAL java/lang/StringBuilder.append (Ljava/lang/String;)Ljava/lang/StringBuilder;
    ALOAD 3
    INVOKEVIRTUAL java/lang/Throwable.getMessage ()Ljava/lang/String;
    INVOKEVIRTUAL java/lang/StringBuilder.append (Ljava/lang/String;)Ljava/lang/StringBuilder;
    INVOKEVIRTUAL java/lang/StringBuilder.toString ()Ljava/lang/String;
    ASTORE 5
   L8
    LINENUMBER 241 L8
    NEW com/examples/with/different/packagename/testcarver/ConversionException
    DUP
    ALOAD 5
    ALOAD 3
    INVOKESPECIAL com/examples/with/different/packagename/testcarver/ConversionException.<init> (Ljava/lang/String;Ljava/lang/Throwable;)V
    ASTORE 4
   L6
    LINENUMBER 245 L6
    ALOAD 4
    ATHROW
   L9
    LOCALVARIABLE msg Ljava/lang/String; L8 L6 5
    LOCALVARIABLE this Lcom/examples/with/different/packagename/testcarver/AbstractConverter; L0 L9 0
    LOCALVARIABLE type Ljava/lang/Class; L0 L9 1
    LOCALVARIABLE value Ljava/lang/Object; L0 L9 2
    LOCALVARIABLE cause Ljava/lang/Throwable; L0 L9 3
    LOCALVARIABLE cex Lcom/examples/with/different/packagename/testcarver/ConversionException; L3 L9 4
    MAXSTACK = 4
    MAXLOCALS = 6

  // access flags 0x4
  protected handleMissing(Ljava/lang/Class;)Ljava/lang/Object;
    TRYCATCHBLOCK L0 L1 L2 java/lang/Throwable
   L3
    LINENUMBER 262 L3
    ALOAD 0
    GETFIELD com/examples/with/different/packagename/testcarver/AbstractConverter.useDefault : Z
    IFNE L4
    ALOAD 1
    LDC Ljava/lang/String;.class
    INVOKEVIRTUAL java/lang/Object.equals (Ljava/lang/Object;)Z
    IFEQ L5
   L4
    LINENUMBER 263 L4
    ALOAD 0
    ALOAD 1
    INVOKEVIRTUAL com/examples/with/different/packagename/testcarver/AbstractConverter.getDefault (Ljava/lang/Class;)Ljava/lang/Object;
    ASTORE 2
   L6
    LINENUMBER 264 L6
    ALOAD 0
    GETFIELD com/examples/with/different/packagename/testcarver/AbstractConverter.useDefault : Z
    IFEQ L7
    ALOAD 2
    IFNULL L7
    ALOAD 1
    ALOAD 2
    INVOKEVIRTUAL java/lang/Object.getClass ()Ljava/lang/Class;
    INVOKEVIRTUAL java/lang/Object.equals (Ljava/lang/Object;)Z
    IFNE L7
   L0
    LINENUMBER 266 L0
    ALOAD 0
    ALOAD 1
    ALOAD 0
    GETFIELD com/examples/with/different/packagename/testcarver/AbstractConverter.defaultValue : Ljava/lang/Object;
    INVOKEVIRTUAL com/examples/with/different/packagename/testcarver/AbstractConverter.convertToType (Ljava/lang/Class;Ljava/lang/Object;)Ljava/lang/Object;
    ASTORE 2
   L1
    LINENUMBER 270 L1
    GOTO L7
   L2
    LINENUMBER 267 L2
    ASTORE 3
   L8
    LINENUMBER 268 L8
    GETSTATIC java/lang/System.err : Ljava/io/PrintStream;
    NEW java/lang/StringBuilder
    DUP
    INVOKESPECIAL java/lang/StringBuilder.<init> ()V
    LDC "    Default conversion to "
    INVOKEVIRTUAL java/lang/StringBuilder.append (Ljava/lang/String;)Ljava/lang/StringBuilder;
    ALOAD 0
    ALOAD 1
    INVOKEVIRTUAL com/examples/with/different/packagename/testcarver/AbstractConverter.toString (Ljava/lang/Class;)Ljava/lang/String;
    INVOKEVIRTUAL java/lang/StringBuilder.append (Ljava/lang/String;)Ljava/lang/StringBuilder;
    LDC "failed: "
    INVOKEVIRTUAL java/lang/StringBuilder.append (Ljava/lang/String;)Ljava/lang/StringBuilder;
    ALOAD 3
    INVOKEVIRTUAL java/lang/StringBuilder.append (Ljava/lang/Object;)Ljava/lang/StringBuilder;
    INVOKEVIRTUAL java/lang/StringBuilder.toString ()Ljava/lang/String;
    INVOKEVIRTUAL java/io/PrintStream.println (Ljava/lang/String;)V
   L7
    LINENUMBER 272 L7
    ALOAD 2
    ARETURN
   L5
    LINENUMBER 275 L5
    NEW com/examples/with/different/packagename/testcarver/ConversionException
    DUP
    NEW java/lang/StringBuilder
    DUP
    INVOKESPECIAL java/lang/StringBuilder.<init> ()V
    LDC "No value specified for '"
    INVOKEVIRTUAL java/lang/StringBuilder.append (Ljava/lang/String;)Ljava/lang/StringBuilder;
    ALOAD 0
    ALOAD 1
   L9
    LINENUMBER 276 L9
    INVOKEVIRTUAL com/examples/with/different/packagename/testcarver/AbstractConverter.toString (Ljava/lang/Class;)Ljava/lang/String;
    INVOKEVIRTUAL java/lang/StringBuilder.append (Ljava/lang/String;)Ljava/lang/StringBuilder;
    LDC "'"
    INVOKEVIRTUAL java/lang/StringBuilder.append (Ljava/lang/String;)Ljava/lang/StringBuilder;
    INVOKEVIRTUAL java/lang/StringBuilder.toString ()Ljava/lang/String;
    INVOKESPECIAL com/examples/with/different/packagename/testcarver/ConversionException.<init> (Ljava/lang/String;)V
    ASTORE 2
   L10
    LINENUMBER 277 L10
    ALOAD 2
    ATHROW
   L11
    LOCALVARIABLE t Ljava/lang/Throwable; L8 L7 3
    LOCALVARIABLE value Ljava/lang/Object; L6 L5 2
    LOCALVARIABLE this Lcom/examples/with/different/packagename/testcarver/AbstractConverter; L3 L11 0
    LOCALVARIABLE type Ljava/lang/Class; L3 L11 1
    LOCALVARIABLE cex Lcom/examples/with/different/packagename/testcarver/ConversionException; L10 L11 2
    MAXSTACK = 5
    MAXLOCALS = 4

  // access flags 0x4
  protected setDefaultValue(Ljava/lang/Object;)V
   L0
    LINENUMBER 295 L0
    ALOAD 0
    ICONST_0
    PUTFIELD com/examples/with/different/packagename/testcarver/AbstractConverter.useDefault : Z
   L1
    LINENUMBER 296 L1
    ALOAD 1
    IFNONNULL L2
   L3
    LINENUMBER 297 L3
    ALOAD 0
    ACONST_NULL
    PUTFIELD com/examples/with/different/packagename/testcarver/AbstractConverter.defaultValue : Ljava/lang/Object;
    GOTO L4
   L2
    LINENUMBER 299 L2
    ALOAD 0
    ALOAD 0
    ALOAD 0
    INVOKEVIRTUAL com/examples/with/different/packagename/testcarver/AbstractConverter.getDefaultType ()Ljava/lang/Class;
    ALOAD 1
    INVOKEVIRTUAL com/examples/with/different/packagename/testcarver/AbstractConverter.convert (Ljava/lang/Class;Ljava/lang/Object;)Ljava/lang/Object;
    PUTFIELD com/examples/with/different/packagename/testcarver/AbstractConverter.defaultValue : Ljava/lang/Object;
   L4
    LINENUMBER 301 L4
    ALOAD 0
    ICONST_1
    PUTFIELD com/examples/with/different/packagename/testcarver/AbstractConverter.useDefault : Z
   L5
    LINENUMBER 302 L5
    RETURN
   L6
    LOCALVARIABLE this Lcom/examples/with/different/packagename/testcarver/AbstractConverter; L0 L6 0
    LOCALVARIABLE defaultValue Ljava/lang/Object; L0 L6 1
    MAXSTACK = 4
    MAXLOCALS = 2

  // access flags 0x404
  protected abstract getDefaultType()Ljava/lang/Class;

  // access flags 0x4
  protected getDefault(Ljava/lang/Class;)Ljava/lang/Object;
   L0
    LINENUMBER 319 L0
    ALOAD 1
    LDC Ljava/lang/String;.class
    INVOKEVIRTUAL java/lang/Object.equals (Ljava/lang/Object;)Z
    IFEQ L1
   L2
    LINENUMBER 320 L2
    ACONST_NULL
    ARETURN
   L1
    LINENUMBER 322 L1
    ALOAD 0
    GETFIELD com/examples/with/different/packagename/testcarver/AbstractConverter.defaultValue : Ljava/lang/Object;
    ARETURN
   L3
    LOCALVARIABLE this Lcom/examples/with/different/packagename/testcarver/AbstractConverter; L0 L3 0
    LOCALVARIABLE type Ljava/lang/Class; L0 L3 1
    MAXSTACK = 2
    MAXLOCALS = 2

  // access flags 0x2
  private _sw_prototype_original_toString()Ljava/lang/String;
   L0
    LINENUMBER 332 L0
    NEW java/lang/StringBuilder
    DUP
    INVOKESPECIAL java/lang/StringBuilder.<init> ()V
    ALOAD 0
    ALOAD 0
    INVOKEVIRTUAL java/lang/Object.getClass ()Ljava/lang/Class;
    INVOKEVIRTUAL com/examples/with/different/packagename/testcarver/AbstractConverter.toString (Ljava/lang/Class;)Ljava/lang/String;
    INVOKEVIRTUAL java/lang/StringBuilder.append (Ljava/lang/String;)Ljava/lang/StringBuilder;
    LDC "[UseDefault="
    INVOKEVIRTUAL java/lang/StringBuilder.append (Ljava/lang/String;)Ljava/lang/StringBuilder;
    ALOAD 0
    DUP
    GETFIELD com/examples/with/different/packagename/testcarver/AbstractConverter.useDefault : Z
    SWAP
    LDC -2147483610
    LDC "com/examples/with/different/packagename/testcarver/AbstractConverter"
    LDC "useDefault"
    LDC "Z"
    INVOKESTATIC org/evosuite/testcarver/capture/FieldRegistry.notifyReadAccess (Ljava/lang/Object;ILjava/lang/String;Ljava/lang/String;Ljava/lang/String;)V
    INVOKEVIRTUAL java/lang/StringBuilder.append (Z)Ljava/lang/StringBuilder;
    LDC "]"
    INVOKEVIRTUAL java/lang/StringBuilder.append (Ljava/lang/String;)Ljava/lang/StringBuilder;
    INVOKEVIRTUAL java/lang/StringBuilder.toString ()Ljava/lang/String;
    ARETURN
   L1
    LOCALVARIABLE this Lcom/examples/with/different/packagename/testcarver/AbstractConverter; L0 L1 0
    MAXSTACK = 7
    MAXLOCALS = 1

  // access flags 0x0
  primitive(Ljava/lang/Class;)Ljava/lang/Class;
   L0
    LINENUMBER 344 L0
    ALOAD 1
    IFNULL L1
    ALOAD 1
    INVOKEVIRTUAL java/lang/Class.isPrimitive ()Z
    IFNE L2
   L1
    LINENUMBER 345 L1
    ALOAD 1
    ARETURN
   L2
    LINENUMBER 348 L2
    ALOAD 1
    GETSTATIC java/lang/Integer.TYPE : Ljava/lang/Class;
    IF_ACMPNE L3
   L4
    LINENUMBER 349 L4
    LDC Ljava/lang/Integer;.class
    ARETURN
   L3
    LINENUMBER 350 L3
    ALOAD 1
    GETSTATIC java/lang/Double.TYPE : Ljava/lang/Class;
    IF_ACMPNE L5
   L6
    LINENUMBER 351 L6
    LDC Ljava/lang/Double;.class
    ARETURN
   L5
    LINENUMBER 352 L5
    ALOAD 1
    GETSTATIC java/lang/Long.TYPE : Ljava/lang/Class;
    IF_ACMPNE L7
   L8
    LINENUMBER 353 L8
    LDC Ljava/lang/Long;.class
    ARETURN
   L7
    LINENUMBER 354 L7
    ALOAD 1
    GETSTATIC java/lang/Boolean.TYPE : Ljava/lang/Class;
    IF_ACMPNE L9
   L10
    LINENUMBER 355 L10
    LDC Ljava/lang/Boolean;.class
    ARETURN
   L9
    LINENUMBER 356 L9
    ALOAD 1
    GETSTATIC java/lang/Float.TYPE : Ljava/lang/Class;
    IF_ACMPNE L11
   L12
    LINENUMBER 357 L12
    LDC Ljava/lang/Float;.class
    ARETURN
   L11
    LINENUMBER 358 L11
    ALOAD 1
    GETSTATIC java/lang/Short.TYPE : Ljava/lang/Class;
    IF_ACMPNE L13
   L14
    LINENUMBER 359 L14
    LDC Ljava/lang/Short;.class
    ARETURN
   L13
    LINENUMBER 360 L13
    ALOAD 1
    GETSTATIC java/lang/Byte.TYPE : Ljava/lang/Class;
    IF_ACMPNE L15
   L16
    LINENUMBER 361 L16
    LDC Ljava/lang/Byte;.class
    ARETURN
   L15
    LINENUMBER 362 L15
    ALOAD 1
    GETSTATIC java/lang/Character.TYPE : Ljava/lang/Class;
    IF_ACMPNE L17
   L18
    LINENUMBER 363 L18
    LDC Ljava/lang/Character;.class
    ARETURN
   L17
    LINENUMBER 365 L17
    ALOAD 1
    ARETURN
   L19
    LOCALVARIABLE this Lcom/examples/with/different/packagename/testcarver/AbstractConverter; L0 L19 0
    LOCALVARIABLE type Ljava/lang/Class; L0 L19 1
    MAXSTACK = 2
    MAXLOCALS = 2

  // access flags 0x0
  toString(Ljava/lang/Class;)Ljava/lang/String;
   L0
    LINENUMBER 376 L0
    ACONST_NULL
    ASTORE 2
   L1
    LINENUMBER 377 L1
    ALOAD 1
    IFNONNULL L2
   L3
    LINENUMBER 378 L3
    LDC "null"
    ASTORE 2
    GOTO L4
   L2
    LINENUMBER 379 L2
    ALOAD 1
    INVOKEVIRTUAL java/lang/Class.isArray ()Z
    IFEQ L5
   L6
    LINENUMBER 380 L6
    ALOAD 1
    INVOKEVIRTUAL java/lang/Class.getComponentType ()Ljava/lang/Class;
    ASTORE 3
   L7
    LINENUMBER 381 L7
    ICONST_1
    ISTORE 4
   L8
    LINENUMBER 382 L8
    ALOAD 3
    INVOKEVIRTUAL java/lang/Class.isArray ()Z
    IFEQ L9
   L10
    LINENUMBER 383 L10
    ALOAD 3
    INVOKEVIRTUAL java/lang/Class.getComponentType ()Ljava/lang/Class;
    ASTORE 3
   L11
    LINENUMBER 384 L11
    IINC 4 1
    GOTO L8
   L9
    LINENUMBER 386 L9
    ALOAD 3
    INVOKEVIRTUAL java/lang/Class.getName ()Ljava/lang/String;
    ASTORE 2
   L12
    LINENUMBER 387 L12
    ICONST_0
    ISTORE 5
   L13
    ILOAD 5
    ILOAD 4
    IF_ICMPGE L14
   L15
    LINENUMBER 388 L15
    NEW java/lang/StringBuilder
    DUP
    INVOKESPECIAL java/lang/StringBuilder.<init> ()V
    ALOAD 2
    INVOKEVIRTUAL java/lang/StringBuilder.append (Ljava/lang/String;)Ljava/lang/StringBuilder;
    LDC "[]"
    INVOKEVIRTUAL java/lang/StringBuilder.append (Ljava/lang/String;)Ljava/lang/StringBuilder;
    INVOKEVIRTUAL java/lang/StringBuilder.toString ()Ljava/lang/String;
    ASTORE 2
   L16
    LINENUMBER 387 L16
    IINC 5 1
    GOTO L13
   L14
    LINENUMBER 390 L14
    GOTO L4
   L5
    LINENUMBER 391 L5
    ALOAD 1
    INVOKEVIRTUAL java/lang/Class.getName ()Ljava/lang/String;
    ASTORE 2
   L4
    LINENUMBER 393 L4
    ALOAD 2
    LDC "java.lang."
    INVOKEVIRTUAL java/lang/String.startsWith (Ljava/lang/String;)Z
    IFNE L17
    ALOAD 2
    LDC "java.util."
   L18
    LINENUMBER 394 L18
    INVOKEVIRTUAL java/lang/String.startsWith (Ljava/lang/String;)Z
    IFNE L17
    ALOAD 2
    LDC "java.math."
   L19
    LINENUMBER 395 L19
    INVOKEVIRTUAL java/lang/String.startsWith (Ljava/lang/String;)Z
    IFEQ L20
   L17
    LINENUMBER 396 L17
    ALOAD 2
    LDC "java.lang."
    INVOKEVIRTUAL java/lang/String.length ()I
    INVOKEVIRTUAL java/lang/String.substring (I)Ljava/lang/String;
    ASTORE 2
    GOTO L21
   L20
    LINENUMBER 397 L20
    ALOAD 2
    LDC "org.apache.commons.beanutils.converters."
    INVOKEVIRTUAL java/lang/String.startsWith (Ljava/lang/String;)Z
    IFEQ L21
   L22
    LINENUMBER 398 L22
    ALOAD 2
    LDC "org.apache.commons.beanutils.converters."
    INVOKEVIRTUAL java/lang/String.length ()I
    INVOKEVIRTUAL java/lang/String.substring (I)Ljava/lang/String;
    ASTORE 2
   L21
    LINENUMBER 400 L21
    ALOAD 2
    ARETURN
   L23
    LOCALVARIABLE i I L13 L14 5
    LOCALVARIABLE elementType Ljava/lang/Class; L7 L14 3
    LOCALVARIABLE count I L8 L14 4
    LOCALVARIABLE this Lcom/examples/with/different/packagename/testcarver/AbstractConverter; L0 L23 0
    LOCALVARIABLE type Ljava/lang/Class; L0 L23 1
    LOCALVARIABLE typeName Ljava/lang/String; L1 L23 2
    MAXSTACK = 2
    MAXLOCALS = 6

  // access flags 0x1
  public isUseDefault()Z
    TRYCATCHBLOCK L0 L1 L2 java/lang/Throwable
    ACONST_NULL
    ASTORE 1
   L0
    LDC -2147483612
    ALOAD 0
    LDC "isUseDefault"
    LDC "()Z"
    BIPUSH 0
    ANEWARRAY java/lang/Object
    INVOKESTATIC org/evosuite/testcarver/capture/Capturer.capture (ILjava/lang/Object;Ljava/lang/String;Ljava/lang/String;[Ljava/lang/Object;)V
    ALOAD 0
    INVOKEVIRTUAL com/examples/with/different/packagename/testcarver/AbstractConverter._sw_prototype_original_isUseDefault ()Z
    INVOKESTATIC java/lang/Boolean.valueOf (Z)Ljava/lang/Boolean;
    ASTORE 1
    ALOAD 1
    INVOKEVIRTUAL java/lang/Boolean.booleanValue ()Z
    ISTORE 3
   L1
    LDC -2147483612
    ALOAD 0
    ALOAD 1
    INVOKESTATIC org/evosuite/testcarver/capture/Capturer.enable (ILjava/lang/Object;Ljava/lang/Object;)V
    ILOAD 3
    IRETURN
   L2
   FRAME FULL [com/examples/with/different/packagename/testcarver/AbstractConverter java/lang/Boolean] [java/lang/Throwable]
    ASTORE 2
    LDC -2147483612
    ALOAD 0
    ALOAD 1
    INVOKESTATIC org/evosuite/testcarver/capture/Capturer.enable (ILjava/lang/Object;Ljava/lang/Object;)V
    ALOAD 2
    ATHROW
    MAXSTACK = 5
    MAXLOCALS = 0

  // access flags 0x1
  public convert(Ljava/lang/Class;Ljava/lang/Object;)Ljava/lang/Object;
    TRYCATCHBLOCK L0 L1 L2 java/lang/Throwable
    ACONST_NULL
    ASTORE 3
   L0
    LDC -2147483611
    ALOAD 0
    LDC "convert"
    LDC "(Ljava/lang/Class;Ljava/lang/Object;)Ljava/lang/Object;"
    BIPUSH 2
    ANEWARRAY java/lang/Object
    DUP
    BIPUSH 0
    ALOAD 1
    AASTORE
    DUP
    BIPUSH 1
    ALOAD 2
    AASTORE
    INVOKESTATIC org/evosuite/testcarver/capture/Capturer.capture (ILjava/lang/Object;Ljava/lang/String;Ljava/lang/String;[Ljava/lang/Object;)V
    ALOAD 0
    ALOAD 1
    ALOAD 2
    INVOKEVIRTUAL com/examples/with/different/packagename/testcarver/AbstractConverter._sw_prototype_original_convert (Ljava/lang/Class;Ljava/lang/Object;)Ljava/lang/Object;
    ASTORE 3
    ALOAD 3
    ASTORE 5
   L1
    LDC -2147483611
    ALOAD 0
    ALOAD 3
    INVOKESTATIC org/evosuite/testcarver/capture/Capturer.enable (ILjava/lang/Object;Ljava/lang/Object;)V
    ALOAD 5
    ARETURN
   L2
   FRAME FULL [com/examples/with/different/packagename/testcarver/AbstractConverter java/lang/Object] [java/lang/Throwable]
    ASTORE 4
    LDC -2147483611
    ALOAD 0
    ALOAD 3
    INVOKESTATIC org/evosuite/testcarver/capture/Capturer.enable (ILjava/lang/Object;Ljava/lang/Object;)V
    ALOAD 4
    ATHROW
    MAXSTACK = 8
    MAXLOCALS = 0

  // access flags 0x1
  public toString()Ljava/lang/String;
    TRYCATCHBLOCK L0 L1 L2 java/lang/Throwable
    ACONST_NULL
    ASTORE 1
   L0
    LDC -2147483609
    ALOAD 0
    LDC "toString"
    LDC "()Ljava/lang/String;"
    BIPUSH 0
    ANEWARRAY java/lang/Object
    INVOKESTATIC org/evosuite/testcarver/capture/Capturer.capture (ILjava/lang/Object;Ljava/lang/String;Ljava/lang/String;[Ljava/lang/Object;)V
    ALOAD 0
    INVOKEVIRTUAL com/examples/with/different/packagename/testcarver/AbstractConverter._sw_prototype_original_toString ()Ljava/lang/String;
    ASTORE 1
    ALOAD 1
    ASTORE 3
   L1
    LDC -2147483609
    ALOAD 0
    ALOAD 1
    INVOKESTATIC org/evosuite/testcarver/capture/Capturer.enable (ILjava/lang/Object;Ljava/lang/Object;)V
    ALOAD 3
    ARETURN
   L2
   FRAME FULL [com/examples/with/different/packagename/testcarver/AbstractConverter java/lang/String] [java/lang/Throwable]
    ASTORE 2
    LDC -2147483609
    ALOAD 0
    ALOAD 1
    INVOKESTATIC org/evosuite/testcarver/capture/Capturer.enable (ILjava/lang/Object;Ljava/lang/Object;)V
    ALOAD 2
    ATHROW
    MAXSTACK = 7
    MAXLOCALS = 0
}
INFO  org.evosuite.testcarver.extraction.CarvingClassLoader - Seeing class for first time: com.examples.with.different.packagename.testcarver.Converter
WARN  org.evosuite.testcarver.extraction.CarvingClassLoader - Instrumenting class 'com.examples.with.different.packagename.testcarver.Converter'.
INFO  org.evosuite.testcarver.extraction.CarvingClassLoader - Keeping class: com.examples.with.different.packagename.testcarver.Converter
INFO  org.evosuite.testcarver.extraction.CarvingClassLoader - Keeping class: com.examples.with.different.packagename.testcarver.AbstractConverter
INFO  org.evosuite.testcarver.extraction.CarvingClassLoader - Keeping class: com.examples.with.different.packagename.testcarver.DateTimeConverter
INFO  org.evosuite.testcarver.extraction.CarvingClassLoader - Keeping class: com.examples.with.different.packagename.testcarver.DateConverter
INFO  org.evosuite.testcarver.extraction.CarvingClassLoader - Seeing class for first time: com.examples.with.different.packagename.testcarver.DateConverterTest9
WARN  org.evosuite.testcarver.extraction.CarvingClassLoader - Instrumenting class 'com.examples.with.different.packagename.testcarver.DateConverterTest9'.
INFO  org.evosuite.testcarver.instrument.Instrumenter - Checking package com.examples.with.different.packagename.testcarver for class com/examples/with/different/packagename/testcarver/DateConverterTest9
// class version 52.0 (52)
// access flags 0x21
public class com/examples/with/different/packagename/testcarver/DateConverterTest9 {

  // compiled from: DateConverterTest9.java

  // access flags 0x2
  private _sw_prototype_original_init_sw_prototype_original_()V
    ALOAD 0
    INVOKESTATIC org/evosuite/testcarver/capture/FieldRegistry.register (Ljava/lang/Object;)V
    RETURN
   L0
    LOCALVARIABLE this Lcom/examples/with/different/packagename/testcarver/DateConverterTest9; L1 L0 0
    MAXSTACK = 5
    MAXLOCALS = 1

  // access flags 0x4
  protected makeConverter()Lcom/examples/with/different/packagename/testcarver/DateTimeConverter;
   L0
    LINENUMBER 41 L0
    NEW com/examples/with/different/packagename/testcarver/DateConverter
    DUP
    INVOKESPECIAL com/examples/with/different/packagename/testcarver/DateConverter.<init> ()V
    ARETURN
   L1
    LOCALVARIABLE this Lcom/examples/with/different/packagename/testcarver/DateConverterTest9; L0 L1 0
    MAXSTACK = 2
    MAXLOCALS = 1

  // access flags 0x4
  protected makeConverter(Ljava/lang/Object;)Lcom/examples/with/different/packagename/testcarver/DateTimeConverter;
   L0
    LINENUMBER 51 L0
    NEW com/examples/with/different/packagename/testcarver/DateConverter
    DUP
    ALOAD 1
    INVOKESPECIAL com/examples/with/different/packagename/testcarver/DateConverter.<init> (Ljava/lang/Object;)V
    ARETURN
   L1
    LOCALVARIABLE this Lcom/examples/with/different/packagename/testcarver/DateConverterTest9; L0 L1 0
    LOCALVARIABLE defaultValue Ljava/lang/Object; L0 L1 1
    MAXSTACK = 3
    MAXLOCALS = 2

  // access flags 0x4
  // signature ()Ljava/lang/Class<*>;
  // declaration: java.lang.Class<?> getExpectedType()
  protected getExpectedType()Ljava/lang/Class;
   L0
    LINENUMBER 60 L0
    LDC Ljava/util/Date;.class
    ARETURN
   L1
    LOCALVARIABLE this Lcom/examples/with/different/packagename/testcarver/DateConverterTest9; L0 L1 0
    MAXSTACK = 1
    MAXLOCALS = 1

  // access flags 0x0
  getTimeInMillis(Ljava/lang/Object;)J
   L0
    LINENUMBER 71 L0
    ALOAD 1
    INSTANCEOF java/sql/Timestamp
    IFEQ L1
   L2
    LINENUMBER 76 L2
    ALOAD 1
    CHECKCAST java/sql/Timestamp
    ASTORE 2
   L3
    LINENUMBER 77 L3
    ALOAD 2
    INVOKEVIRTUAL java/sql/Timestamp.getTime ()J
    LDC 1000L
    LDIV
    LDC 1000L
    LMUL
    LSTORE 3
   L4
    LINENUMBER 78 L4
    LLOAD 3
    ALOAD 2
    INVOKEVIRTUAL java/sql/Timestamp.getNanos ()I
    LDC 1000000
    IDIV
    I2L
    LADD
    LSTORE 3
   L5
    LINENUMBER 79 L5
    LLOAD 3
    LRETURN
   L1
    LINENUMBER 82 L1
    ALOAD 1
    INSTANCEOF java/util/Calendar
    IFEQ L6
   L7
    LINENUMBER 83 L7
    ALOAD 1
    CHECKCAST org/evosuite/testcarver/wrapper/java/util/Calendar
    INVOKESTATIC org/evosuite/testcarver/wrapper/java/util/Calendar.getTime (Ljava/util/Calendar;)Ljava/util/Date;
    INVOKEVIRTUAL java/util/Date.getTime ()J
    LRETURN
   L6
    LINENUMBER 85 L6
    ALOAD 1
    CHECKCAST org/evosuite/testcarver/wrapper/java/util/Date
    INVOKEVIRTUAL java/util/Date.getTime ()J
    LRETURN
   L8
    LOCALVARIABLE timestamp Ljava/sql/Timestamp; L3 L1 2
    LOCALVARIABLE timeInMillis J L4 L1 3
    LOCALVARIABLE this Lcom/examples/with/different/packagename/testcarver/DateConverterTest9; L0 L8 0
    LOCALVARIABLE date Ljava/lang/Object; L0 L8 1
    MAXSTACK = 4
    MAXLOCALS = 5

  // access flags 0x0
  validConversion(Lcom/examples/with/different/packagename/testcarver/Converter;Ljava/lang/Object;Ljava/lang/Object;)V
    TRYCATCHBLOCK L0 L1 L2 java/lang/Exception
   L3
    LINENUMBER 98 L3
    ALOAD 3
    IFNONNULL L4
    LDC "null"
    GOTO L5
   L4
    ALOAD 3
    INVOKEVIRTUAL java/lang/Object.getClass ()Ljava/lang/Class;
    INVOKEVIRTUAL java/lang/Class.getName ()Ljava/lang/String;
   L5
    ASTORE 4
   L6
    LINENUMBER 99 L6
    NEW java/lang/StringBuilder
    DUP
    INVOKESPECIAL java/lang/StringBuilder.<init> ()V
    LDC "Converting '"
    INVOKEVIRTUAL java/lang/StringBuilder.append (Ljava/lang/String;)Ljava/lang/StringBuilder;
    ALOAD 4
    INVOKEVIRTUAL java/lang/StringBuilder.append (Ljava/lang/String;)Ljava/lang/StringBuilder;
    LDC "' value '"
    INVOKEVIRTUAL java/lang/StringBuilder.append (Ljava/lang/String;)Ljava/lang/StringBuilder;
    ALOAD 3
    INVOKEVIRTUAL java/lang/StringBuilder.append (Ljava/lang/Object;)Ljava/lang/StringBuilder;
    LDC "'"
    INVOKEVIRTUAL java/lang/StringBuilder.append (Ljava/lang/String;)Ljava/lang/StringBuilder;
    INVOKEVIRTUAL java/lang/StringBuilder.toString ()Ljava/lang/String;
    ASTORE 5
   L0
    LINENUMBER 101 L0
    ALOAD 1
    ALOAD 0
    INVOKEVIRTUAL com/examples/with/different/packagename/testcarver/DateConverterTest9.getExpectedType ()Ljava/lang/Class;
    ALOAD 3
    INVOKEINTERFACE com/examples/with/different/packagename/testcarver/Converter.convert (Ljava/lang/Class;Ljava/lang/Object;)Ljava/lang/Object; (itf)
    ASTORE 6
   L7
    LINENUMBER 102 L7
    ALOAD 6
    IFNONNULL L8
    ACONST_NULL
    GOTO L9
   L8
    ALOAD 6
    INVOKEVIRTUAL java/lang/Object.getClass ()Ljava/lang/Class;
   L9
    ASTORE 7
   L10
    LINENUMBER 103 L10
    ALOAD 2
    IFNONNULL L11
    ACONST_NULL
    GOTO L12
   L11
    ALOAD 2
    INVOKEVIRTUAL java/lang/Object.getClass ()Ljava/lang/Class;
   L12
    ASTORE 8
   L13
    LINENUMBER 104 L13
    NEW java/lang/StringBuilder
    DUP
    INVOKESPECIAL java/lang/StringBuilder.<init> ()V
    LDC "TYPE "
    INVOKEVIRTUAL java/lang/StringBuilder.append (Ljava/lang/String;)Ljava/lang/StringBuilder;
    ALOAD 5
    INVOKEVIRTUAL java/lang/StringBuilder.append (Ljava/lang/String;)Ljava/lang/StringBuilder;
    INVOKEVIRTUAL java/lang/StringBuilder.toString ()Ljava/lang/String;
    ALOAD 8
    ALOAD 7
    INVOKESTATIC org/junit/Assert.assertEquals (Ljava/lang/String;Ljava/lang/Object;Ljava/lang/Object;)V
   L14
    LINENUMBER 105 L14
    NEW java/lang/StringBuilder
    DUP
    INVOKESPECIAL java/lang/StringBuilder.<init> ()V
    LDC "VALUE "
    INVOKEVIRTUAL java/lang/StringBuilder.append (Ljava/lang/String;)Ljava/lang/StringBuilder;
    ALOAD 5
    INVOKEVIRTUAL java/lang/StringBuilder.append (Ljava/lang/String;)Ljava/lang/StringBuilder;
    INVOKEVIRTUAL java/lang/StringBuilder.toString ()Ljava/lang/String;
    ALOAD 2
    ALOAD 6
    INVOKESTATIC org/junit/Assert.assertEquals (Ljava/lang/String;Ljava/lang/Object;Ljava/lang/Object;)V
   L1
    LINENUMBER 108 L1
    GOTO L15
   L2
    LINENUMBER 106 L2
    ASTORE 6
   L16
    LINENUMBER 107 L16
    NEW java/lang/StringBuilder
    DUP
    INVOKESPECIAL java/lang/StringBuilder.<init> ()V
    ALOAD 5
    INVOKEVIRTUAL java/lang/StringBuilder.append (Ljava/lang/String;)Ljava/lang/StringBuilder;
    LDC " threw "
    INVOKEVIRTUAL java/lang/StringBuilder.append (Ljava/lang/String;)Ljava/lang/StringBuilder;
    ALOAD 6
    INVOKEVIRTUAL java/lang/Exception.toString ()Ljava/lang/String;
    INVOKEVIRTUAL java/lang/StringBuilder.append (Ljava/lang/String;)Ljava/lang/StringBuilder;
    INVOKEVIRTUAL java/lang/StringBuilder.toString ()Ljava/lang/String;
    INVOKESTATIC org/junit/Assert.fail (Ljava/lang/String;)V
   L15
    LINENUMBER 109 L15
    RETURN
   L17
    LOCALVARIABLE result Ljava/lang/Object; L7 L1 6
    LOCALVARIABLE resultType Ljava/lang/Class; L10 L1 7
    // signature Ljava/lang/Class<*>;
    // declaration: resultType extends java.lang.Class<?>
    LOCALVARIABLE expectType Ljava/lang/Class; L13 L1 8
    // signature Ljava/lang/Class<*>;
    // declaration: expectType extends java.lang.Class<?>
    LOCALVARIABLE ex Ljava/lang/Exception; L16 L15 6
    LOCALVARIABLE this Lcom/examples/with/different/packagename/testcarver/DateConverterTest9; L3 L17 0
    LOCALVARIABLE converter Lcom/examples/with/different/packagename/testcarver/Converter; L3 L17 1
    LOCALVARIABLE expected Ljava/lang/Object; L3 L17 2
    LOCALVARIABLE value Ljava/lang/Object; L3 L17 3
    LOCALVARIABLE valueType Ljava/lang/String; L6 L17 4
    LOCALVARIABLE msg Ljava/lang/String; L0 L17 5
    MAXSTACK = 3
    MAXLOCALS = 9

  // access flags 0x0
  stringConversion(Lcom/examples/with/different/packagename/testcarver/Converter;Ljava/lang/String;Ljava/lang/Object;)V
    TRYCATCHBLOCK L0 L1 L2 java/lang/Exception
   L3
    LINENUMBER 119 L3
    ALOAD 3
    IFNONNULL L4
    LDC "null"
    GOTO L5
   L4
    ALOAD 3
    INVOKEVIRTUAL java/lang/Object.getClass ()Ljava/lang/Class;
    INVOKEVIRTUAL java/lang/Class.getName ()Ljava/lang/String;
   L5
    ASTORE 4
   L6
    LINENUMBER 120 L6
    NEW java/lang/StringBuilder
    DUP
    INVOKESPECIAL java/lang/StringBuilder.<init> ()V
    LDC "Converting '"
    INVOKEVIRTUAL java/lang/StringBuilder.append (Ljava/lang/String;)Ljava/lang/StringBuilder;
    ALOAD 4
    INVOKEVIRTUAL java/lang/StringBuilder.append (Ljava/lang/String;)Ljava/lang/StringBuilder;
    LDC "' value '"
    INVOKEVIRTUAL java/lang/StringBuilder.append (Ljava/lang/String;)Ljava/lang/StringBuilder;
    ALOAD 3
    INVOKEVIRTUAL java/lang/StringBuilder.append (Ljava/lang/Object;)Ljava/lang/StringBuilder;
    LDC "' to String"
    INVOKEVIRTUAL java/lang/StringBuilder.append (Ljava/lang/String;)Ljava/lang/StringBuilder;
    INVOKEVIRTUAL java/lang/StringBuilder.toString ()Ljava/lang/String;
    ASTORE 5
   L0
    LINENUMBER 122 L0
    ALOAD 1
    LDC Ljava/lang/String;.class
    ALOAD 3
    INVOKEINTERFACE com/examples/with/different/packagename/testcarver/Converter.convert (Ljava/lang/Class;Ljava/lang/Object;)Ljava/lang/Object; (itf)
    ASTORE 6
   L7
    LINENUMBER 123 L7
    ALOAD 6
    IFNONNULL L8
    ACONST_NULL
    GOTO L9
   L8
    ALOAD 6
    INVOKEVIRTUAL java/lang/Object.getClass ()Ljava/lang/Class;
   L9
    ASTORE 7
   L10
    LINENUMBER 124 L10
    ALOAD 2
    IFNONNULL L11
    ACONST_NULL
    GOTO L12
   L11
    ALOAD 2
    INVOKEVIRTUAL java/lang/Object.getClass ()Ljava/lang/Class;
   L12
    ASTORE 8
   L13
    LINENUMBER 125 L13
    NEW java/lang/StringBuilder
    DUP
    INVOKESPECIAL java/lang/StringBuilder.<init> ()V
    LDC "TYPE "
    INVOKEVIRTUAL java/lang/StringBuilder.append (Ljava/lang/String;)Ljava/lang/StringBuilder;
    ALOAD 5
    INVOKEVIRTUAL java/lang/StringBuilder.append (Ljava/lang/String;)Ljava/lang/StringBuilder;
    INVOKEVIRTUAL java/lang/StringBuilder.toString ()Ljava/lang/String;
    ALOAD 8
    ALOAD 7
    INVOKESTATIC org/junit/Assert.assertEquals (Ljava/lang/String;Ljava/lang/Object;Ljava/lang/Object;)V
   L14
    LINENUMBER 126 L14
    NEW java/lang/StringBuilder
    DUP
    INVOKESPECIAL java/lang/StringBuilder.<init> ()V
    LDC "VALUE "
    INVOKEVIRTUAL java/lang/StringBuilder.append (Ljava/lang/String;)Ljava/lang/StringBuilder;
    ALOAD 5
    INVOKEVIRTUAL java/lang/StringBuilder.append (Ljava/lang/String;)Ljava/lang/StringBuilder;
    INVOKEVIRTUAL java/lang/StringBuilder.toString ()Ljava/lang/String;
    ALOAD 2
    ALOAD 6
    INVOKESTATIC org/junit/Assert.assertEquals (Ljava/lang/String;Ljava/lang/Object;Ljava/lang/Object;)V
   L1
    LINENUMBER 129 L1
    GOTO L15
   L2
    LINENUMBER 127 L2
    ASTORE 6
   L16
    LINENUMBER 128 L16
    NEW java/lang/StringBuilder
    DUP
    INVOKESPECIAL java/lang/StringBuilder.<init> ()V
    ALOAD 5
    INVOKEVIRTUAL java/lang/StringBuilder.append (Ljava/lang/String;)Ljava/lang/StringBuilder;
    LDC " threw "
    INVOKEVIRTUAL java/lang/StringBuilder.append (Ljava/lang/String;)Ljava/lang/StringBuilder;
    ALOAD 6
    INVOKEVIRTUAL java/lang/Exception.toString ()Ljava/lang/String;
    INVOKEVIRTUAL java/lang/StringBuilder.append (Ljava/lang/String;)Ljava/lang/StringBuilder;
    INVOKEVIRTUAL java/lang/StringBuilder.toString ()Ljava/lang/String;
    INVOKESTATIC org/junit/Assert.fail (Ljava/lang/String;)V
   L15
    LINENUMBER 130 L15
    RETURN
   L17
    LOCALVARIABLE result Ljava/lang/Object; L7 L1 6
    LOCALVARIABLE resultType Ljava/lang/Class; L10 L1 7
    // signature Ljava/lang/Class<*>;
    // declaration: resultType extends java.lang.Class<?>
    LOCALVARIABLE expectType Ljava/lang/Class; L13 L1 8
    // signature Ljava/lang/Class<*>;
    // declaration: expectType extends java.lang.Class<?>
    LOCALVARIABLE ex Ljava/lang/Exception; L16 L15 6
    LOCALVARIABLE this Lcom/examples/with/different/packagename/testcarver/DateConverterTest9; L3 L17 0
    LOCALVARIABLE converter Lcom/examples/with/different/packagename/testcarver/Converter; L3 L17 1
    LOCALVARIABLE expected Ljava/lang/String; L3 L17 2
    LOCALVARIABLE value Ljava/lang/Object; L3 L17 3
    LOCALVARIABLE valueType Ljava/lang/String; L6 L17 4
    LOCALVARIABLE msg Ljava/lang/String; L0 L17 5
    MAXSTACK = 3
    MAXLOCALS = 9

  // access flags 0x0
  invalidConversion(Lcom/examples/with/different/packagename/testcarver/Converter;Ljava/lang/Object;)V
    TRYCATCHBLOCK L0 L1 L2 com/examples/with/different/packagename/testcarver/ConversionException
   L3
    LINENUMBER 139 L3
    ALOAD 2
    IFNONNULL L4
    LDC "null"
    GOTO L5
   L4
    ALOAD 2
    INVOKEVIRTUAL java/lang/Object.getClass ()Ljava/lang/Class;
    INVOKEVIRTUAL java/lang/Class.getName ()Ljava/lang/String;
   L5
    ASTORE 3
   L6
    LINENUMBER 140 L6
    NEW java/lang/StringBuilder
    DUP
    INVOKESPECIAL java/lang/StringBuilder.<init> ()V
    LDC "Converting '"
    INVOKEVIRTUAL java/lang/StringBuilder.append (Ljava/lang/String;)Ljava/lang/StringBuilder;
    ALOAD 3
    INVOKEVIRTUAL java/lang/StringBuilder.append (Ljava/lang/String;)Ljava/lang/StringBuilder;
    LDC "' value '"
    INVOKEVIRTUAL java/lang/StringBuilder.append (Ljava/lang/String;)Ljava/lang/StringBuilder;
    ALOAD 2
    INVOKEVIRTUAL java/lang/StringBuilder.append (Ljava/lang/Object;)Ljava/lang/StringBuilder;
    LDC "'"
    INVOKEVIRTUAL java/lang/StringBuilder.append (Ljava/lang/String;)Ljava/lang/StringBuilder;
    INVOKEVIRTUAL java/lang/StringBuilder.toString ()Ljava/lang/String;
    ASTORE 4
   L0
    LINENUMBER 142 L0
    ALOAD 1
    ALOAD 0
    INVOKEVIRTUAL com/examples/with/different/packagename/testcarver/DateConverterTest9.getExpectedType ()Ljava/lang/Class;
    ALOAD 2
    INVOKEINTERFACE com/examples/with/different/packagename/testcarver/Converter.convert (Ljava/lang/Class;Ljava/lang/Object;)Ljava/lang/Object; (itf)
    ASTORE 5
   L7
    LINENUMBER 143 L7
    NEW java/lang/StringBuilder
    DUP
    INVOKESPECIAL java/lang/StringBuilder.<init> ()V
    ALOAD 4
    INVOKEVIRTUAL java/lang/StringBuilder.append (Ljava/lang/String;)Ljava/lang/StringBuilder;
    LDC ", expected ConversionException, but result = '"
    INVOKEVIRTUAL java/lang/StringBuilder.append (Ljava/lang/String;)Ljava/lang/StringBuilder;
    ALOAD 5
    INVOKEVIRTUAL java/lang/StringBuilder.append (Ljava/lang/Object;)Ljava/lang/StringBuilder;
    LDC "'"
    INVOKEVIRTUAL java/lang/StringBuilder.append (Ljava/lang/String;)Ljava/lang/StringBuilder;
    INVOKEVIRTUAL java/lang/StringBuilder.toString ()Ljava/lang/String;
    INVOKESTATIC org/junit/Assert.fail (Ljava/lang/String;)V
   L1
    LINENUMBER 146 L1
    GOTO L8
   L2
    LINENUMBER 144 L2
    ASTORE 5
   L8
    LINENUMBER 147 L8
    RETURN
   L9
    LOCALVARIABLE result Ljava/lang/Object; L7 L1 5
    LOCALVARIABLE this Lcom/examples/with/different/packagename/testcarver/DateConverterTest9; L3 L9 0
    LOCALVARIABLE converter Lcom/examples/with/different/packagename/testcarver/Converter; L3 L9 1
    LOCALVARIABLE value Ljava/lang/Object; L3 L9 2
    LOCALVARIABLE valueType Ljava/lang/String; L6 L9 3
    LOCALVARIABLE msg Ljava/lang/String; L0 L9 4
    MAXSTACK = 3
    MAXLOCALS = 6

  // access flags 0x0
  toType(Ljava/lang/String;Ljava/lang/String;Ljava/util/Locale;)Ljava/lang/Object;
   L0
    LINENUMBER 158 L0
    ALOAD 0
    ALOAD 1
    ALOAD 2
    ALOAD 3
    INVOKEVIRTUAL com/examples/with/different/packagename/testcarver/DateConverterTest9.toCalendar (Ljava/lang/String;Ljava/lang/String;Ljava/util/Locale;)Ljava/util/Calendar;
    ASTORE 4
   L1
    LINENUMBER 159 L1
    ALOAD 0
    ALOAD 4
    INVOKEVIRTUAL com/examples/with/different/packagename/testcarver/DateConverterTest9.toType (Ljava/util/Calendar;)Ljava/lang/Object;
    ARETURN
   L2
    LOCALVARIABLE this Lcom/examples/with/different/packagename/testcarver/DateConverterTest9; L0 L2 0
    LOCALVARIABLE value Ljava/lang/String; L0 L2 1
    LOCALVARIABLE pattern Ljava/lang/String; L0 L2 2
    LOCALVARIABLE locale Ljava/util/Locale; L0 L2 3
    LOCALVARIABLE calendar Ljava/util/Calendar; L1 L2 4
    MAXSTACK = 4
    MAXLOCALS = 5

  // access flags 0x0
  toCalendar(Ljava/lang/String;Ljava/lang/String;Ljava/util/Locale;)Ljava/util/Calendar;
    TRYCATCHBLOCK L0 L1 L2 java/lang/Exception
   L3
    LINENUMBER 171 L3
    ACONST_NULL
    ASTORE 4
   L0
    LINENUMBER 173 L0
    ALOAD 3
    IFNONNULL L4
   L5
    LINENUMBER 174 L5
    NEW org/evosuite/testcarver/wrapper/java/text/SimpleDateFormat
    DUP
    ALOAD 2
    INVOKESPECIAL org/evosuite/testcarver/wrapper/java/text/SimpleDateFormat.<init> (Ljava/lang/String;)V
    GOTO L6
   L4
    LINENUMBER 175 L4
    NEW org/evosuite/testcarver/wrapper/java/text/SimpleDateFormat
    DUP
    ALOAD 2
    ALOAD 3
    INVOKESPECIAL org/evosuite/testcarver/wrapper/java/text/SimpleDateFormat.<init> (Ljava/lang/String;Ljava/util/Locale;)V
   L6
    ASTORE 5
   L7
    LINENUMBER 176 L7
    ALOAD 5
    ICONST_0
    INVOKEVIRTUAL java/text/DateFormat.setLenient (Z)V
   L8
    LINENUMBER 177 L8
    ALOAD 5
    ALOAD 1
    INVOKEVIRTUAL java/text/DateFormat.parse (Ljava/lang/String;)Ljava/util/Date;
    POP
   L9
    LINENUMBER 178 L9
    ALOAD 5
    INVOKEVIRTUAL java/text/DateFormat.getCalendar ()Ljava/util/Calendar;
    ASTORE 4
   L1
    LINENUMBER 182 L1
    GOTO L10
   L2
    LINENUMBER 179 L2
    ASTORE 5
   L11
    LINENUMBER 180 L11
    NEW java/lang/StringBuilder
    DUP
    INVOKESPECIAL java/lang/StringBuilder.<init> ()V
    LDC "Error creating Calendar value ='"
    INVOKEVIRTUAL java/lang/StringBuilder.append (Ljava/lang/String;)Ljava/lang/StringBuilder;
    ALOAD 1
    INVOKEVIRTUAL java/lang/StringBuilder.append (Ljava/lang/String;)Ljava/lang/StringBuilder;
    LDC ", pattern='"
    INVOKEVIRTUAL java/lang/StringBuilder.append (Ljava/lang/String;)Ljava/lang/StringBuilder;
    ALOAD 2
    INVOKEVIRTUAL java/lang/StringBuilder.append (Ljava/lang/String;)Ljava/lang/StringBuilder;
    LDC "' "
    INVOKEVIRTUAL java/lang/StringBuilder.append (Ljava/lang/String;)Ljava/lang/StringBuilder;
    ALOAD 5
   L12
    LINENUMBER 181 L12
    INVOKEVIRTUAL java/lang/Exception.toString ()Ljava/lang/String;
    INVOKEVIRTUAL java/lang/StringBuilder.append (Ljava/lang/String;)Ljava/lang/StringBuilder;
    INVOKEVIRTUAL java/lang/StringBuilder.toString ()Ljava/lang/String;
   L13
    LINENUMBER 180 L13
    INVOKESTATIC org/junit/Assert.fail (Ljava/lang/String;)V
   L10
    LINENUMBER 183 L10
    ALOAD 4
    ARETURN
   L14
    LOCALVARIABLE format Ljava/text/DateFormat; L7 L1 5
    LOCALVARIABLE e Ljava/lang/Exception; L11 L10 5
    LOCALVARIABLE this Lcom/examples/with/different/packagename/testcarver/DateConverterTest9; L3 L14 0
    LOCALVARIABLE value Ljava/lang/String; L3 L14 1
    LOCALVARIABLE pattern Ljava/lang/String; L3 L14 2
    LOCALVARIABLE locale Ljava/util/Locale; L3 L14 3
    LOCALVARIABLE calendar Ljava/util/Calendar; L0 L14 4
    MAXSTACK = 4
    MAXLOCALS = 6

  // access flags 0x0
  toDate(Ljava/util/Calendar;)Ljava/util/Date;
   L0
    LINENUMBER 193 L0
    ALOAD 1
    INVOKESTATIC org/evosuite/testcarver/wrapper/java/util/Calendar.getTime (Ljava/util/Calendar;)Ljava/util/Date;
    ARETURN
   L1
    LOCALVARIABLE this Lcom/examples/with/different/packagename/testcarver/DateConverterTest9; L0 L1 0
    LOCALVARIABLE calendar Ljava/util/Calendar; L0 L1 1
    MAXSTACK = 1
    MAXLOCALS = 2

  // access flags 0x0
  toSqlDate(Ljava/util/Calendar;)Ljava/sql/Date;
   L0
    LINENUMBER 203 L0
    NEW java/sql/Date
    DUP
    ALOAD 0
    ALOAD 1
    INVOKEVIRTUAL com/examples/with/different/packagename/testcarver/DateConverterTest9.getTimeInMillis (Ljava/lang/Object;)J
    INVOKESPECIAL java/sql/Date.<init> (J)V
    ARETURN
   L1
    LOCALVARIABLE this Lcom/examples/with/different/packagename/testcarver/DateConverterTest9; L0 L1 0
    LOCALVARIABLE calendar Ljava/util/Calendar; L0 L1 1
    MAXSTACK = 4
    MAXLOCALS = 2

  // access flags 0x0
  toSqlTime(Ljava/util/Calendar;)Ljava/sql/Time;
   L0
    LINENUMBER 213 L0
    NEW java/sql/Time
    DUP
    ALOAD 0
    ALOAD 1
    INVOKEVIRTUAL com/examples/with/different/packagename/testcarver/DateConverterTest9.getTimeInMillis (Ljava/lang/Object;)J
    INVOKESPECIAL java/sql/Time.<init> (J)V
    ARETURN
   L1
    LOCALVARIABLE this Lcom/examples/with/different/packagename/testcarver/DateConverterTest9; L0 L1 0
    LOCALVARIABLE calendar Ljava/util/Calendar; L0 L1 1
    MAXSTACK = 4
    MAXLOCALS = 2

  // access flags 0x0
  toSqlTimestamp(Ljava/util/Calendar;)Ljava/sql/Timestamp;
   L0
    LINENUMBER 223 L0
    NEW java/sql/Timestamp
    DUP
    ALOAD 0
    ALOAD 1
    INVOKEVIRTUAL com/examples/with/different/packagename/testcarver/DateConverterTest9.getTimeInMillis (Ljava/lang/Object;)J
    INVOKESPECIAL java/sql/Timestamp.<init> (J)V
    ARETURN
   L1
    LOCALVARIABLE this Lcom/examples/with/different/packagename/testcarver/DateConverterTest9; L0 L1 0
    LOCALVARIABLE calendar Ljava/util/Calendar; L0 L1 1
    MAXSTACK = 4
    MAXLOCALS = 2

  // access flags 0x4
  protected toType(Ljava/util/Calendar;)Ljava/lang/Object;
   L0
    LINENUMBER 233 L0
    ALOAD 1
    INVOKESTATIC org/evosuite/testcarver/wrapper/java/util/Calendar.getTime (Ljava/util/Calendar;)Ljava/util/Date;
    ARETURN
   L1
    LOCALVARIABLE this Lcom/examples/with/different/packagename/testcarver/DateConverterTest9; L0 L1 0
    LOCALVARIABLE value Ljava/util/Calendar; L0 L1 1
    MAXSTACK = 1
    MAXLOCALS = 2

  // access flags 0x2
  private _sw_prototype_original_testMultiplePatterns()V
   L0
    LINENUMBER 241 L0
    ACONST_NULL
    ASTORE 1
   L1
    LINENUMBER 242 L1
    ACONST_NULL
    ASTORE 2
   L2
    LINENUMBER 245 L2
    ICONST_2
    ANEWARRAY java/lang/String
    DUP
    ICONST_0
    LDC "yyyy-MM-dd"
    AASTORE
    DUP
    ICONST_1
    LDC "yyyy/MM/dd"
    AASTORE
    ASTORE 3
   L3
    LINENUMBER 246 L3
    ALOAD 0
    INVOKEVIRTUAL com/examples/with/different/packagename/testcarver/DateConverterTest9.makeConverter ()Lcom/examples/with/different/packagename/testcarver/DateTimeConverter;
    ASTORE 4
   L4
    LINENUMBER 247 L4
    ALOAD 4
    ALOAD 3
    INVOKEVIRTUAL com/examples/with/different/packagename/testcarver/DateTimeConverter.setPatterns ([Ljava/lang/String;)V
   L5
    LINENUMBER 250 L5
    LDC "2006-10-28"
    ASTORE 1
   L6
    LINENUMBER 251 L6
    ALOAD 0
    ALOAD 1
    ALOAD 3
    ICONST_0
    AALOAD
    ACONST_NULL
    INVOKEVIRTUAL com/examples/with/different/packagename/testcarver/DateConverterTest9.toType (Ljava/lang/String;Ljava/lang/String;Ljava/util/Locale;)Ljava/lang/Object;
    ASTORE 2
   L7
    LINENUMBER 252 L7
    ALOAD 0
    ALOAD 4
    ALOAD 2
    ALOAD 1
    INVOKEVIRTUAL com/examples/with/different/packagename/testcarver/DateConverterTest9.validConversion (Lcom/examples/with/different/packagename/testcarver/Converter;Ljava/lang/Object;Ljava/lang/Object;)V
   L8
    LINENUMBER 255 L8
    LDC "2006/10/18"
    ASTORE 1
   L9
    LINENUMBER 256 L9
    ALOAD 0
    ALOAD 1
    ALOAD 3
    ICONST_1
    AALOAD
    ACONST_NULL
    INVOKEVIRTUAL com/examples/with/different/packagename/testcarver/DateConverterTest9.toType (Ljava/lang/String;Ljava/lang/String;Ljava/util/Locale;)Ljava/lang/Object;
    ASTORE 2
   L10
    LINENUMBER 257 L10
    ALOAD 0
    ALOAD 4
    ALOAD 2
    ALOAD 1
    INVOKEVIRTUAL com/examples/with/different/packagename/testcarver/DateConverterTest9.validConversion (Lcom/examples/with/different/packagename/testcarver/Converter;Ljava/lang/Object;Ljava/lang/Object;)V
   L11
    LINENUMBER 260 L11
    ALOAD 0
    ALOAD 4
    LDC "17/03/2006"
    INVOKEVIRTUAL com/examples/with/different/packagename/testcarver/DateConverterTest9.invalidConversion (Lcom/examples/with/different/packagename/testcarver/Converter;Ljava/lang/Object;)V
   L12
    LINENUMBER 261 L12
    ALOAD 0
    ALOAD 4
    LDC "17.03.2006"
    INVOKEVIRTUAL com/examples/with/different/packagename/testcarver/DateConverterTest9.invalidConversion (Lcom/examples/with/different/packagename/testcarver/Converter;Ljava/lang/Object;)V
   L13
    LINENUMBER 263 L13
    RETURN
   L14
    LOCALVARIABLE this Lcom/examples/with/different/packagename/testcarver/DateConverterTest9; L0 L14 0
    LOCALVARIABLE testString Ljava/lang/String; L1 L14 1
    LOCALVARIABLE expected Ljava/lang/Object; L2 L14 2
    LOCALVARIABLE patterns [Ljava/lang/String; L3 L14 3
    LOCALVARIABLE converter Lcom/examples/with/different/packagename/testcarver/DateTimeConverter; L4 L14 4
    MAXSTACK = 8
    MAXLOCALS = 5

  // access flags 0x1
  public <init>()V
    TRYCATCHBLOCK L0 L1 L1 java/lang/Throwable
   L2
    LINENUMBER 33 L2
    ALOAD 0
    INVOKESPECIAL java/lang/Object.<init> ()V
   L0
    LDC -2147483608
    ALOAD 0
    LDC "<init>"
    LDC "()V"
    BIPUSH 0
    ANEWARRAY java/lang/Object
    INVOKESTATIC org/evosuite/testcarver/capture/Capturer.capture (ILjava/lang/Object;Ljava/lang/String;Ljava/lang/String;[Ljava/lang/Object;)V
    ALOAD 0
    INVOKEVIRTUAL com/examples/with/different/packagename/testcarver/DateConverterTest9._sw_prototype_original_init_sw_prototype_original_ ()V
    GOTO L3
   L1
   FRAME SAME1 java/lang/Throwable
    ASTORE 1
    LDC -2147483608
    ALOAD 0
    GETSTATIC org/evosuite/testcarver/capture/CaptureLog.RETURN_TYPE_VOID : Ljava/lang/Object;
    INVOKESTATIC org/evosuite/testcarver/capture/Capturer.enable (ILjava/lang/Object;Ljava/lang/Object;)V
    ALOAD 1
    ATHROW
   L3
   FRAME SAME
    LDC -2147483608
    ALOAD 0
    GETSTATIC org/evosuite/testcarver/capture/CaptureLog.RETURN_TYPE_VOID : Ljava/lang/Object;
    INVOKESTATIC org/evosuite/testcarver/capture/Capturer.enable (ILjava/lang/Object;Ljava/lang/Object;)V
    RETURN
    MAXSTACK = 5
    MAXLOCALS = 0

  // access flags 0x1
  public testMultiplePatterns()V
  @Lorg/junit/Test;()
    TRYCATCHBLOCK L0 L1 L1 java/lang/Throwable
   L0
    LDC -2147483607
    ALOAD 0
    LDC "testMultiplePatterns"
    LDC "()V"
    BIPUSH 0
    ANEWARRAY java/lang/Object
    INVOKESTATIC org/evosuite/testcarver/capture/Capturer.capture (ILjava/lang/Object;Ljava/lang/String;Ljava/lang/String;[Ljava/lang/Object;)V
    ALOAD 0
    INVOKEVIRTUAL com/examples/with/different/packagename/testcarver/DateConverterTest9._sw_prototype_original_testMultiplePatterns ()V
    GOTO L2
   L1
   FRAME SAME1 java/lang/Throwable
    ASTORE 1
    LDC -2147483607
    ALOAD 0
    GETSTATIC org/evosuite/testcarver/capture/CaptureLog.RETURN_TYPE_VOID : Ljava/lang/Object;
    INVOKESTATIC org/evosuite/testcarver/capture/Capturer.enable (ILjava/lang/Object;Ljava/lang/Object;)V
    ALOAD 1
    ATHROW
   L2
   FRAME SAME
    LDC -2147483607
    ALOAD 0
    GETSTATIC org/evosuite/testcarver/capture/CaptureLog.RETURN_TYPE_VOID : Ljava/lang/Object;
    INVOKESTATIC org/evosuite/testcarver/capture/Capturer.enable (ILjava/lang/Object;Ljava/lang/Object;)V
    RETURN
    MAXSTACK = 8
    MAXLOCALS = 0
}
INFO  org.evosuite.testcarver.extraction.CarvingClassLoader - Keeping class: com.examples.with.different.packagename.testcarver.DateConverterTest9
INFO  org.evosuite.testcarver.extraction.CarvingClassLoader - Seeing class for first time: com.examples.with.different.packagename.testcarver.ConversionException
WARN  org.evosuite.testcarver.extraction.CarvingClassLoader - Instrumenting class 'com.examples.with.different.packagename.testcarver.ConversionException'.
INFO  org.evosuite.testcarver.instrument.Instrumenter - Checking package com.examples.with.different.packagename.testcarver for class com/examples/with/different/packagename/testcarver/ConversionException
// class version 52.0 (52)
// access flags 0x21
public class com/examples/with/different/packagename/testcarver/ConversionException extends java/lang/RuntimeException {

  // compiled from: ConversionException.java

  // access flags 0x1A
  private final static J serialVersionUID = -3264207363344909775L

  // access flags 0x4
  protected Ljava/lang/Throwable; cause

  // access flags 0x2
  private _sw_prototype_original_init_sw_prototype_original_(Ljava/lang/String;)V
    ALOAD 0
    INVOKESTATIC org/evosuite/testcarver/capture/FieldRegistry.register (Ljava/lang/Object;)V
   L0
    LINENUMBER 85 L0
    ALOAD 0
    ACONST_NULL
    DUP2
    PUTFIELD com/examples/with/different/packagename/testcarver/ConversionException.cause : Ljava/lang/Throwable;
    POP
    LDC -2147483606
    LDC "com/examples/with/different/packagename/testcarver/ConversionException"
    LDC "cause"
    LDC "Ljava/lang/Throwable;"
    INVOKESTATIC org/evosuite/testcarver/capture/FieldRegistry.notifyModification (Ljava/lang/Object;ILjava/lang/String;Ljava/lang/String;Ljava/lang/String;)V
   L1
    LINENUMBER 48 L1
    RETURN
   L2
    LOCALVARIABLE this Lcom/examples/with/different/packagename/testcarver/ConversionException; L3 L2 0
    LOCALVARIABLE message Ljava/lang/String; L3 L2 1
    MAXSTACK = 6
    MAXLOCALS = 2

  // access flags 0x2
  private _sw_prototype_original_init_sw_prototype_original_(Ljava/lang/String;Ljava/lang/Throwable;)V
    ALOAD 0
    INVOKESTATIC org/evosuite/testcarver/capture/FieldRegistry.register (Ljava/lang/Object;)V
   L0
    LINENUMBER 85 L0
    ALOAD 0
    ACONST_NULL
    DUP2
    PUTFIELD com/examples/with/different/packagename/testcarver/ConversionException.cause : Ljava/lang/Throwable;
    POP
    LDC -2147483603
    LDC "com/examples/with/different/packagename/testcarver/ConversionException"
    LDC "cause"
    LDC "Ljava/lang/Throwable;"
    INVOKESTATIC org/evosuite/testcarver/capture/FieldRegistry.notifyModification (Ljava/lang/Object;ILjava/lang/String;Ljava/lang/String;Ljava/lang/String;)V
   L1
    LINENUMBER 60 L1
    ALOAD 0
    ALOAD 2
    DUP2
    PUTFIELD com/examples/with/different/packagename/testcarver/ConversionException.cause : Ljava/lang/Throwable;
    POP
    LDC -2147483601
    LDC "com/examples/with/different/packagename/testcarver/ConversionException"
    LDC "cause"
    LDC "Ljava/lang/Throwable;"
    INVOKESTATIC org/evosuite/testcarver/capture/FieldRegistry.notifyModification (Ljava/lang/Object;ILjava/lang/String;Ljava/lang/String;Ljava/lang/String;)V
   L2
    LINENUMBER 62 L2
    RETURN
   L3
    LOCALVARIABLE this Lcom/examples/with/different/packagename/testcarver/ConversionException; L4 L3 0
    LOCALVARIABLE message Ljava/lang/String; L4 L3 1
    LOCALVARIABLE cause Ljava/lang/Throwable; L4 L3 2
    MAXSTACK = 6
    MAXLOCALS = 3

  // access flags 0x2
  private _sw_prototype_original_init_sw_prototype_original_(Ljava/lang/Throwable;)V
    ALOAD 0
    INVOKESTATIC org/evosuite/testcarver/capture/FieldRegistry.register (Ljava/lang/Object;)V
   L0
    LINENUMBER 85 L0
    ALOAD 0
    ACONST_NULL
    DUP2
    PUTFIELD com/examples/with/different/packagename/testcarver/ConversionException.cause : Ljava/lang/Throwable;
    POP
    LDC -2147483598
    LDC "com/examples/with/different/packagename/testcarver/ConversionException"
    LDC "cause"
    LDC "Ljava/lang/Throwable;"
    INVOKESTATIC org/evosuite/testcarver/capture/FieldRegistry.notifyModification (Ljava/lang/Object;ILjava/lang/String;Ljava/lang/String;Ljava/lang/String;)V
   L1
    LINENUMBER 73 L1
    ALOAD 0
    ALOAD 1
    DUP2
    PUTFIELD com/examples/with/different/packagename/testcarver/ConversionException.cause : Ljava/lang/Throwable;
    POP
    LDC -2147483596
    LDC "com/examples/with/different/packagename/testcarver/ConversionException"
    LDC "cause"
    LDC "Ljava/lang/Throwable;"
    INVOKESTATIC org/evosuite/testcarver/capture/FieldRegistry.notifyModification (Ljava/lang/Object;ILjava/lang/String;Ljava/lang/String;Ljava/lang/String;)V
   L2
    LINENUMBER 75 L2
    RETURN
   L3
    LOCALVARIABLE this Lcom/examples/with/different/packagename/testcarver/ConversionException; L4 L3 0
    LOCALVARIABLE cause Ljava/lang/Throwable; L4 L3 1
    MAXSTACK = 6
    MAXLOCALS = 2

  // access flags 0x2
  private _sw_prototype_original_getCause()Ljava/lang/Throwable;
   L0
    LINENUMBER 93 L0
    ALOAD 0
    DUP
    GETFIELD com/examples/with/different/packagename/testcarver/ConversionException.cause : Ljava/lang/Throwable;
    SWAP
    LDC -2147483593
    LDC "com/examples/with/different/packagename/testcarver/ConversionException"
    LDC "cause"
    LDC "Ljava/lang/Throwable;"
    INVOKESTATIC org/evosuite/testcarver/capture/FieldRegistry.notifyReadAccess (Ljava/lang/Object;ILjava/lang/String;Ljava/lang/String;Ljava/lang/String;)V
    ARETURN
   L1
    LOCALVARIABLE this Lcom/examples/with/different/packagename/testcarver/ConversionException; L0 L1 0
    MAXSTACK = 5
    MAXLOCALS = 1

  // access flags 0x1
  public <init>(Ljava/lang/String;)V
    TRYCATCHBLOCK L0 L1 L1 java/lang/Throwable
   L2
    LINENUMBER 46 L2
    ALOAD 0
    ALOAD 1
    INVOKESPECIAL java/lang/RuntimeException.<init> (Ljava/lang/String;)V
   L0
    LDC -2147483604
    ALOAD 0
    LDC "<init>"
    LDC "(Ljava/lang/String;)V"
    BIPUSH 1
    ANEWARRAY java/lang/Object
    DUP
    BIPUSH 0
    ALOAD 1
    AASTORE
    INVOKESTATIC org/evosuite/testcarver/capture/Capturer.capture (ILjava/lang/Object;Ljava/lang/String;Ljava/lang/String;[Ljava/lang/Object;)V
    ALOAD 0
    ALOAD 1
    INVOKEVIRTUAL com/examples/with/different/packagename/testcarver/ConversionException._sw_prototype_original_init_sw_prototype_original_ (Ljava/lang/String;)V
    GOTO L3
   L1
   FRAME SAME1 java/lang/Throwable
    ASTORE 2
    LDC -2147483604
    ALOAD 0
    GETSTATIC org/evosuite/testcarver/capture/CaptureLog.RETURN_TYPE_VOID : Ljava/lang/Object;
    INVOKESTATIC org/evosuite/testcarver/capture/Capturer.enable (ILjava/lang/Object;Ljava/lang/Object;)V
    ALOAD 2
    ATHROW
   L3
   FRAME SAME
    LDC -2147483604
    ALOAD 0
    GETSTATIC org/evosuite/testcarver/capture/CaptureLog.RETURN_TYPE_VOID : Ljava/lang/Object;
    INVOKESTATIC org/evosuite/testcarver/capture/Capturer.enable (ILjava/lang/Object;Ljava/lang/Object;)V
    RETURN
    MAXSTACK = 6
    MAXLOCALS = 0

  // access flags 0x1
  public <init>(Ljava/lang/String;Ljava/lang/Throwable;)V
    TRYCATCHBLOCK L0 L1 L1 java/lang/Throwable
   L2
    LINENUMBER 59 L2
    ALOAD 0
    ALOAD 1
    INVOKESPECIAL java/lang/RuntimeException.<init> (Ljava/lang/String;)V
   L0
    LDC -2147483599
    ALOAD 0
    LDC "<init>"
    LDC "(Ljava/lang/String;Ljava/lang/Throwable;)V"
    BIPUSH 2
    ANEWARRAY java/lang/Object
    DUP
    BIPUSH 0
    ALOAD 1
    AASTORE
    DUP
    BIPUSH 1
    ALOAD 2
    AASTORE
    INVOKESTATIC org/evosuite/testcarver/capture/Capturer.capture (ILjava/lang/Object;Ljava/lang/String;Ljava/lang/String;[Ljava/lang/Object;)V
    ALOAD 0
    ALOAD 1
    ALOAD 2
    INVOKEVIRTUAL com/examples/with/different/packagename/testcarver/ConversionException._sw_prototype_original_init_sw_prototype_original_ (Ljava/lang/String;Ljava/lang/Throwable;)V
    GOTO L3
   L1
   FRAME SAME1 java/lang/Throwable
    ASTORE 3
    LDC -2147483599
    ALOAD 0
    GETSTATIC org/evosuite/testcarver/capture/CaptureLog.RETURN_TYPE_VOID : Ljava/lang/Object;
    INVOKESTATIC org/evosuite/testcarver/capture/Capturer.enable (ILjava/lang/Object;Ljava/lang/Object;)V
    ALOAD 3
    ATHROW
   L3
   FRAME SAME
    LDC -2147483599
    ALOAD 0
    GETSTATIC org/evosuite/testcarver/capture/CaptureLog.RETURN_TYPE_VOID : Ljava/lang/Object;
    INVOKESTATIC org/evosuite/testcarver/capture/Capturer.enable (ILjava/lang/Object;Ljava/lang/Object;)V
    RETURN
    MAXSTACK = 6
    MAXLOCALS = 0

  // access flags 0x1
  public <init>(Ljava/lang/Throwable;)V
    TRYCATCHBLOCK L0 L1 L1 java/lang/Throwable
   L2
    LINENUMBER 72 L2
    ALOAD 0
    ALOAD 1
    INVOKEVIRTUAL java/lang/Throwable.getMessage ()Ljava/lang/String;
    INVOKESPECIAL java/lang/RuntimeException.<init> (Ljava/lang/String;)V
   L0
    LDC -2147483594
    ALOAD 0
    LDC "<init>"
    LDC "(Ljava/lang/Throwable;)V"
    BIPUSH 1
    ANEWARRAY java/lang/Object
    DUP
    BIPUSH 0
    ALOAD 1
    AASTORE
    INVOKESTATIC org/evosuite/testcarver/capture/Capturer.capture (ILjava/lang/Object;Ljava/lang/String;Ljava/lang/String;[Ljava/lang/Object;)V
    ALOAD 0
    ALOAD 1
    INVOKEVIRTUAL com/examples/with/different/packagename/testcarver/ConversionException._sw_prototype_original_init_sw_prototype_original_ (Ljava/lang/Throwable;)V
    GOTO L3
   L1
   FRAME SAME1 java/lang/Throwable
    ASTORE 2
    LDC -2147483594
    ALOAD 0
    GETSTATIC org/evosuite/testcarver/capture/CaptureLog.RETURN_TYPE_VOID : Ljava/lang/Object;
    INVOKESTATIC org/evosuite/testcarver/capture/Capturer.enable (ILjava/lang/Object;Ljava/lang/Object;)V
    ALOAD 2
    ATHROW
   L3
   FRAME SAME
    LDC -2147483594
    ALOAD 0
    GETSTATIC org/evosuite/testcarver/capture/CaptureLog.RETURN_TYPE_VOID : Ljava/lang/Object;
    INVOKESTATIC org/evosuite/testcarver/capture/Capturer.enable (ILjava/lang/Object;Ljava/lang/Object;)V
    RETURN
    MAXSTACK = 6
    MAXLOCALS = 0

  // access flags 0x1
  public getCause()Ljava/lang/Throwable;
    TRYCATCHBLOCK L0 L1 L2 java/lang/Throwable
    ACONST_NULL
    ASTORE 1
   L0
    LDC -2147483592
    ALOAD 0
    LDC "getCause"
    LDC "()Ljava/lang/Throwable;"
    BIPUSH 0
    ANEWARRAY java/lang/Object
    INVOKESTATIC org/evosuite/testcarver/capture/Capturer.capture (ILjava/lang/Object;Ljava/lang/String;Ljava/lang/String;[Ljava/lang/Object;)V
    ALOAD 0
    INVOKEVIRTUAL com/examples/with/different/packagename/testcarver/ConversionException._sw_prototype_original_getCause ()Ljava/lang/Throwable;
    ASTORE 1
    ALOAD 1
    ASTORE 3
   L1
    LDC -2147483592
    ALOAD 0
    ALOAD 1
    INVOKESTATIC org/evosuite/testcarver/capture/Capturer.enable (ILjava/lang/Object;Ljava/lang/Object;)V
    ALOAD 3
    ARETURN
   L2
   FRAME FULL [com/examples/with/different/packagename/testcarver/ConversionException java/lang/Throwable] [java/lang/Throwable]
    ASTORE 2
    LDC -2147483592
    ALOAD 0
    ALOAD 1
    INVOKESTATIC org/evosuite/testcarver/capture/Capturer.enable (ILjava/lang/Object;Ljava/lang/Object;)V
    ALOAD 2
    ATHROW
    MAXSTACK = 5
    MAXLOCALS = 0
}
INFO  org.evosuite.testcarver.extraction.CarvingClassLoader - Keeping class: com.examples.with.different.packagename.testcarver.ConversionException
INFO  org.evosuite.testcarver.extraction.CarvingRunListener - Not yet reached maximum time to carve unit tests - executing test with carver
INFO  org.evosuite.testcarver.capture.Capturer - Starting Capturer...
INFO  org.evosuite.testcarver.capture.Capturer - Capturer has been started successfully
INFO  org.evosuite.testcarver.capture.Capturer - Stopping Capturer...
INFO  org.evosuite.testcarver.capture.Capturer - Capturer has been stopped successfully
INFO  evo_logger -  - Carving test com.examples.with.different.packagename.testcarver.DateConverterTest9.testMultiplePatterns
INFO  org.evosuite.instrumentation.InstrumentingClassLoader - Seeing class for first time: com.examples.with.different.packagename.testcarver.ConversionException
INFO  org.evosuite.instrumentation.BytecodeInstrumentation - Starting transformation of com/examples/with/different/packagename/testcarver/ConversionException
INFO  org.evosuite.runtime.instrumentation.MethodCallReplacementClassAdapter - Adding mock interface to class com/examples/with/different/packagename/testcarver/ConversionException
INFO  org.evosuite.instrumentation.EndOfClassInitializerVisitor - Creating <clinit> in class com/examples/with/different/packagename/testcarver/ConversionException
INFO  org.evosuite.runtime.instrumentation.CreateClassResetClassAdapter - Found static initializer in class com/examples/with/different/packagename/testcarver/ConversionException
INFO  org.evosuite.instrumentation.InstrumentingClassLoader - Loaded class: com.examples.with.different.packagename.testcarver.ConversionException
INFO  org.evosuite.testcarver.extraction.CarvingRunListener - Carved test of length 16
INFO  org.evosuite.utils.generic.GenericTypeInference - Type map empty
INFO  org.evosuite.testcarver.extraction.CarvingManager - Result: 0/1
INFO  org.evosuite.testcase.execution.TestCaseExecutor - No stalled threads
INFO  org.evosuite.testcarver.extraction.CarvingManager - Exception thrown in carved test testMultiplePatterns: {}
com.examples.with.different.packagename.testcarver.ConversionException: Error converting 'String' to 'Date' using  patterns 'yyyy-MM-dd, yyyy/MM/dd'
	at com.examples.with.different.packagename.testcarver.DateTimeConverter.parse(DateTimeConverter.java:519)
	at com.examples.with.different.packagename.testcarver.DateTimeConverter.convertToType(DateTimeConverter.java:328)
	at com.examples.with.different.packagename.testcarver.AbstractConverter.convert(AbstractConverter.java:146)
	at java.base/jdk.internal.reflect.DirectMethodHandleAccessor.invoke(DirectMethodHandleAccessor.java:103)
	at java.base/java.lang.reflect.Method.invoke(Method.java:580)
	at org.evosuite.testcase.statements.MethodStatement$1.execute(MethodStatement.java:256)
	at org.evosuite.testcase.statements.AbstractStatement.exceptionHandler(AbstractStatement.java:165)
	at org.evosuite.testcase.statements.MethodStatement.execute(MethodStatement.java:220)
	at org.evosuite.testcase.execution.TestRunnable.executeStatements(TestRunnable.java:287)
	at org.evosuite.testcase.execution.TestRunnable.call(TestRunnable.java:193)
	at org.evosuite.testcase.execution.TestRunnable.call(TestRunnable.java:49)
	at java.base/java.util.concurrent.FutureTask.run(FutureTask.java:317)
	at java.base/java.util.concurrent.ThreadPoolExecutor.runWorker(ThreadPoolExecutor.java:1144)
	at java.base/java.util.concurrent.ThreadPoolExecutor$Worker.run(ThreadPoolExecutor.java:642)
	at java.base/java.lang.Thread.run(Thread.java:1583)
INFO  org.evosuite.testcarver.extraction.CarvingManager - com.examples.with.different.packagename.testcarver.DateTimeConverter.parse(DateTimeConverter.java:519)
INFO  org.evosuite.testcarver.extraction.CarvingManager - com.examples.with.different.packagename.testcarver.DateTimeConverter.convertToType(DateTimeConverter.java:328)
INFO  org.evosuite.testcarver.extraction.CarvingManager - com.examples.with.different.packagename.testcarver.AbstractConverter.convert(AbstractConverter.java:146)
INFO  org.evosuite.testcarver.extraction.CarvingManager - java.base/jdk.internal.reflect.DirectMethodHandleAccessor.invoke(DirectMethodHandleAccessor.java:103)
INFO  org.evosuite.testcarver.extraction.CarvingManager - java.base/java.lang.reflect.Method.invoke(Method.java:580)
INFO  org.evosuite.testcarver.extraction.CarvingManager - org.evosuite.testcase.statements.MethodStatement$1.execute(MethodStatement.java:256)
INFO  org.evosuite.testcarver.extraction.CarvingManager - org.evosuite.testcase.statements.AbstractStatement.exceptionHandler(AbstractStatement.java:165)
INFO  org.evosuite.testcarver.extraction.CarvingManager - org.evosuite.testcase.statements.MethodStatement.execute(MethodStatement.java:220)
INFO  org.evosuite.testcarver.extraction.CarvingManager - org.evosuite.testcase.execution.TestRunnable.executeStatements(TestRunnable.java:287)
INFO  org.evosuite.testcarver.extraction.CarvingManager - org.evosuite.testcase.execution.TestRunnable.call(TestRunnable.java:193)
INFO  org.evosuite.testcarver.extraction.CarvingManager - org.evosuite.testcase.execution.TestRunnable.call(TestRunnable.java:49)
INFO  org.evosuite.testcarver.extraction.CarvingManager - java.base/java.util.concurrent.FutureTask.run(FutureTask.java:317)
INFO  org.evosuite.testcarver.extraction.CarvingManager - java.base/java.util.concurrent.ThreadPoolExecutor.runWorker(ThreadPoolExecutor.java:1144)
INFO  org.evosuite.testcarver.extraction.CarvingManager - java.base/java.util.concurrent.ThreadPoolExecutor$Worker.run(ThreadPoolExecutor.java:642)
INFO  org.evosuite.testcarver.extraction.CarvingManager - java.base/java.lang.Thread.run(Thread.java:1583)
INFO  org.evosuite.testcarver.extraction.CarvingManager - DateConverter dateConverter0 = new DateConverter();
String string0 = "yyyy-MM-dd";
String string1 = "yyyy/MM/dd";
String[] stringArray0 = new String[2];
stringArray0[0] = string0;
stringArray0[1] = string1;
dateConverter0.setPatterns(stringArray0);
Class<Date> class0 = Date.class;
String string2 = "2006-10-28";
dateConverter0.convert(class0, string2);
String string3 = "2006/10/18";
dateConverter0.convert(class0, string3);
String string4 = "17/03/2006";
// Undeclared exception!
try {
  dateConverter0.convert(class0, string4);
  fail("Expecting exception: ConversionException");

} catch(ConversionException e) {
   //
   // Error converting 'String' to 'Date' using  patterns 'yyyy-MM-dd, yyyy/MM/dd'
   //
   verifyException("com.examples.with.different.packagename.testcarver.DateTimeConverter", e);
}

String string5 = "17.03.2006";
dateConverter0.convert(class0, string5);

INFO  org.evosuite.testcarver.extraction.CarvingManager - Chopping exception of carved test
INFO  evo_logger -  -> Carved 1 tests for class class com.examples.with.different.packagename.testcarver.DateConverter from existing JUnit tests
INFO  evo_logger - * Using 1 carved tests from existing JUnit tests for seeding
INFO  org.evosuite.coverage.branch.BranchCoverageSuiteFitness - Total branch coverage goals: 3
INFO  org.evosuite.coverage.branch.BranchCoverageSuiteFitness - Total branches: 0
INFO  org.evosuite.coverage.branch.BranchCoverageSuiteFitness - Total branchless methods: 3
INFO  org.evosuite.coverage.branch.BranchCoverageSuiteFitness - Total methods: 3: [com.examples.with.different.packagename.testcarver.DateConverter.getDefaultType()Ljava/lang/Class;, com.examples.with.different.packagename.testcarver.DateConverter.<init>(Ljava/lang/Object;)V, com.examples.with.different.packagename.testcarver.DateConverter.<init>()V]
INFO  org.evosuite.coverage.branch.BranchCoverageSuiteFitness - (Methods) Best individual covers 0/0 branches and 1/3 methods
INFO  org.evosuite.coverage.branch.BranchCoverageSuiteFitness - Fitness: 2.0, size: 1, length: 13
INFO  org.evosuite.coverage.branch.BranchCoverageSuiteFitness - (Fitness) Best individual covers 0/0 branches and 1/3 methods
INFO  org.evosuite.coverage.branch.BranchCoverageSuiteFitness - Fitness: 2.0, size: 1, length: 13
INFO  org.evosuite.testcase.factories.JUnitTestCarvedChromosomeFactory - Cloning user test
DateConverter dateConverter0 = new DateConverter();
String string0 = "yyyy-MM-dd";
String string1 = "yyyy/MM/dd";
String[] stringArray0 = new String[2];
stringArray0[0] = string0;
stringArray0[1] = string1;
dateConverter0.setPatterns(stringArray0);
Class<Date> class0 = Date.class;
String string2 = "2006-10-28";
dateConverter0.convert(class0, string2);
String string3 = "2006/10/18";
dateConverter0.convert(class0, string3);
String string4 = "17/03/2006";

INFO  org.evosuite.TestGenerationContext - *** Resetting context
INFO  org.evosuite.testcase.execution.TestCaseExecutor - TestCaseExecutor instance is non-null, but its actual executor is null
INFO  org.evosuite.TestGenerationContext - *** Resetting context
INFO  org.evosuite.testcase.execution.TestCaseExecutor - TestCaseExecutor instance is non-null, but its actual executor is null
INFO  org.evosuite.instrumentation.InstrumentingClassLoader - Seeing class for first time: com.examples.with.different.packagename.testcarver.Person
INFO  org.evosuite.instrumentation.BytecodeInstrumentation - Starting transformation of com/examples/with/different/packagename/testcarver/Person
INFO  org.evosuite.instrumentation.testability.StringTransformation - Current method: getFirstName
INFO  org.evosuite.instrumentation.testability.StringTransformation - Current method: getLastName
INFO  org.evosuite.instrumentation.testability.StringTransformation - Current method: <init>
INFO  org.evosuite.runtime.instrumentation.MethodCallReplacementClassAdapter - Adding mock interface to class com/examples/with/different/packagename/testcarver/Person
INFO  org.evosuite.graphs.cfg.CFGClassAdapter - Analyzing CFG of com/examples/with/different/packagename/testcarver/Person
INFO  org.evosuite.graphs.cfg.CFGMethodAdapter - Analyzing method getFirstName()Ljava/lang/String; in class com.examples.with.different.packagename.testcarver.Person
INFO  org.evosuite.graphs.cfg.CFGMethodAdapter - Generating CFG for method getFirstName()Ljava/lang/String;
INFO  org.evosuite.graphs.cfg.RawControlFlowGraph - Creating new RawCFG for com.examples.with.different.packagename.testcarver.Person.getFirstName()Ljava/lang/String;: 0
INFO  org.evosuite.graphs.cfg.CFGMethodAdapter - Created CFG for method getFirstName()Ljava/lang/String;
INFO  org.evosuite.graphs.cfg.CFGMethodAdapter - Instrumenting method getFirstName()Ljava/lang/String; in class com.examples.with.different.packagename.testcarver.Person
INFO  org.evosuite.graphs.cfg.CFGClassAdapter - Analyzing CFG of com/examples/with/different/packagename/testcarver/Person
INFO  org.evosuite.graphs.cfg.CFGMethodAdapter - Analyzing method getLastName()Ljava/lang/String; in class com.examples.with.different.packagename.testcarver.Person
INFO  org.evosuite.graphs.cfg.CFGMethodAdapter - Generating CFG for method getLastName()Ljava/lang/String;
INFO  org.evosuite.graphs.cfg.RawControlFlowGraph - Creating new RawCFG for com.examples.with.different.packagename.testcarver.Person.getLastName()Ljava/lang/String;: 0
INFO  org.evosuite.graphs.cfg.CFGMethodAdapter - Created CFG for method getLastName()Ljava/lang/String;
INFO  org.evosuite.graphs.cfg.CFGMethodAdapter - Instrumenting method getLastName()Ljava/lang/String; in class com.examples.with.different.packagename.testcarver.Person
INFO  org.evosuite.graphs.cfg.CFGClassAdapter - Analyzing CFG of com/examples/with/different/packagename/testcarver/Person
INFO  org.evosuite.graphs.cfg.CFGMethodAdapter - Analyzing method <init>(Ljava/lang/String;Ljava/lang/String;)V in class com.examples.with.different.packagename.testcarver.Person
INFO  org.evosuite.graphs.cfg.CFGMethodAdapter - Generating CFG for method <init>(Ljava/lang/String;Ljava/lang/String;)V
INFO  org.evosuite.graphs.cfg.RawControlFlowGraph - Creating new RawCFG for com.examples.with.different.packagename.testcarver.Person.<init>(Ljava/lang/String;Ljava/lang/String;)V: 0
INFO  org.evosuite.graphs.cfg.CFGMethodAdapter - Created CFG for method <init>(Ljava/lang/String;Ljava/lang/String;)V
INFO  org.evosuite.graphs.cfg.CFGMethodAdapter - Instrumenting method <init>(Ljava/lang/String;Ljava/lang/String;)V in class com.examples.with.different.packagename.testcarver.Person
INFO  org.evosuite.runtime.instrumentation.CreateClassResetClassAdapter - Creating brand-new static initializer in class com/examples/with/different/packagename/testcarver/Person
INFO  org.evosuite.instrumentation.InstrumentingClassLoader - Seeing class for first time: com.examples.with.different.packagename.testcarver.Owner
INFO  org.evosuite.instrumentation.BytecodeInstrumentation - Starting transformation of com/examples/with/different/packagename/testcarver/Owner
INFO  org.evosuite.runtime.instrumentation.MethodCallReplacementClassAdapter - Adding mock interface to class com/examples/with/different/packagename/testcarver/Owner
INFO  org.evosuite.runtime.instrumentation.CreateClassResetClassAdapter - Creating brand-new static initializer in class com/examples/with/different/packagename/testcarver/Owner
INFO  org.evosuite.instrumentation.InstrumentingClassLoader - Loaded class: com.examples.with.different.packagename.testcarver.Owner
INFO  org.evosuite.instrumentation.InstrumentingClassLoader - Loaded class: com.examples.with.different.packagename.testcarver.Person
INFO  evo_logger - * Executing tests from 1 test class for carving
INFO  org.evosuite.testcarver.extraction.CarvingClassLoader - Seeing class for first time: com.examples.with.different.packagename.testcarver.Person
WARN  org.evosuite.testcarver.extraction.CarvingClassLoader - Instrumenting class 'com.examples.with.different.packagename.testcarver.Person'.
INFO  org.evosuite.testcarver.instrument.Instrumenter - Checking package com.examples.with.different.packagename.testcarver for class com/examples/with/different/packagename/testcarver/Person
// class version 52.0 (52)
// access flags 0x21
public class com/examples/with/different/packagename/testcarver/Person extends com/examples/with/different/packagename/testcarver/Owner {

  // compiled from: Person.java

  // access flags 0x12
  private final Ljava/lang/String; firstName

  // access flags 0x12
  private final Ljava/lang/String; lastName

  // access flags 0x2
  private _sw_prototype_original_getFirstName()Ljava/lang/String;
   L0
    LINENUMBER 32 L0
    ALOAD 0
    DUP
    GETFIELD com/examples/with/different/packagename/testcarver/Person.firstName : Ljava/lang/String;
    SWAP
    LDC -2147483644
    LDC "com/examples/with/different/packagename/testcarver/Person"
    LDC "firstName"
    LDC "Ljava/lang/String;"
    INVOKESTATIC org/evosuite/testcarver/capture/FieldRegistry.notifyReadAccess (Ljava/lang/Object;ILjava/lang/String;Ljava/lang/String;Ljava/lang/String;)V
    ARETURN
   L1
    LOCALVARIABLE this Lcom/examples/with/different/packagename/testcarver/Person; L0 L1 0
    MAXSTACK = 5
    MAXLOCALS = 1

  // access flags 0x2
  private _sw_prototype_original_getLastName()Ljava/lang/String;
   L0
    LINENUMBER 39 L0
    ALOAD 0
    DUP
    GETFIELD com/examples/with/different/packagename/testcarver/Person.lastName : Ljava/lang/String;
    SWAP
    LDC -2147483642
    LDC "com/examples/with/different/packagename/testcarver/Person"
    LDC "lastName"
    LDC "Ljava/lang/String;"
    INVOKESTATIC org/evosuite/testcarver/capture/FieldRegistry.notifyReadAccess (Ljava/lang/Object;ILjava/lang/String;Ljava/lang/String;Ljava/lang/String;)V
    ARETURN
   L1
    LOCALVARIABLE this Lcom/examples/with/different/packagename/testcarver/Person; L0 L1 0
    MAXSTACK = 5
    MAXLOCALS = 1

  // access flags 0x2
  private _sw_prototype_original_init_sw_prototype_original_(Ljava/lang/String;Ljava/lang/String;)V
    ALOAD 0
    INVOKESTATIC org/evosuite/testcarver/capture/FieldRegistry.register (Ljava/lang/Object;)V
   L0
    LINENUMBER 47 L0
    ALOAD 0
    ALOAD 1
    DUP2
    PUTFIELD com/examples/with/different/packagename/testcarver/Person.firstName : Ljava/lang/String;
    POP
    LDC -2147483640
    LDC "com/examples/with/different/packagename/testcarver/Person"
    LDC "firstName"
    LDC "Ljava/lang/String;"
    INVOKESTATIC org/evosuite/testcarver/capture/FieldRegistry.notifyModification (Ljava/lang/Object;ILjava/lang/String;Ljava/lang/String;Ljava/lang/String;)V
   L1
    LINENUMBER 48 L1
    ALOAD 0
    ALOAD 2
    DUP2
    PUTFIELD com/examples/with/different/packagename/testcarver/Person.lastName : Ljava/lang/String;
    POP
    LDC -2147483638
    LDC "com/examples/with/different/packagename/testcarver/Person"
    LDC "lastName"
    LDC "Ljava/lang/String;"
    INVOKESTATIC org/evosuite/testcarver/capture/FieldRegistry.notifyModification (Ljava/lang/Object;ILjava/lang/String;Ljava/lang/String;Ljava/lang/String;)V
   L2
    LINENUMBER 49 L2
    RETURN
   L3
    LOCALVARIABLE this Lcom/examples/with/different/packagename/testcarver/Person; L4 L3 0
    LOCALVARIABLE firstName Ljava/lang/String; L4 L3 1
    LOCALVARIABLE lastName Ljava/lang/String; L4 L3 2
    MAXSTACK = 6
    MAXLOCALS = 3

  // access flags 0x1
  public getFirstName()Ljava/lang/String;
    TRYCATCHBLOCK L0 L1 L2 java/lang/Throwable
    ACONST_NULL
    ASTORE 1
   L0
    LDC -2147483643
    ALOAD 0
    LDC "getFirstName"
    LDC "()Ljava/lang/String;"
    BIPUSH 0
    ANEWARRAY java/lang/Object
    INVOKESTATIC org/evosuite/testcarver/capture/Capturer.capture (ILjava/lang/Object;Ljava/lang/String;Ljava/lang/String;[Ljava/lang/Object;)V
    ALOAD 0
    INVOKEVIRTUAL com/examples/with/different/packagename/testcarver/Person._sw_prototype_original_getFirstName ()Ljava/lang/String;
    ASTORE 1
    ALOAD 1
    ASTORE 3
   L1
    LDC -2147483643
    ALOAD 0
    ALOAD 1
    INVOKESTATIC org/evosuite/testcarver/capture/Capturer.enable (ILjava/lang/Object;Ljava/lang/Object;)V
    ALOAD 3
    ARETURN
   L2
   FRAME FULL [com/examples/with/different/packagename/testcarver/Person java/lang/String] [java/lang/Throwable]
    ASTORE 2
    LDC -2147483643
    ALOAD 0
    ALOAD 1
    INVOKESTATIC org/evosuite/testcarver/capture/Capturer.enable (ILjava/lang/Object;Ljava/lang/Object;)V
    ALOAD 2
    ATHROW
    MAXSTACK = 5
    MAXLOCALS = 0

  // access flags 0x1
  public getLastName()Ljava/lang/String;
    TRYCATCHBLOCK L0 L1 L2 java/lang/Throwable
    ACONST_NULL
    ASTORE 1
   L0
    LDC -2147483641
    ALOAD 0
    LDC "getLastName"
    LDC "()Ljava/lang/String;"
    BIPUSH 0
    ANEWARRAY java/lang/Object
    INVOKESTATIC org/evosuite/testcarver/capture/Capturer.capture (ILjava/lang/Object;Ljava/lang/String;Ljava/lang/String;[Ljava/lang/Object;)V
    ALOAD 0
    INVOKEVIRTUAL com/examples/with/different/packagename/testcarver/Person._sw_prototype_original_getLastName ()Ljava/lang/String;
    ASTORE 1
    ALOAD 1
    ASTORE 3
   L1
    LDC -2147483641
    ALOAD 0
    ALOAD 1
    INVOKESTATIC org/evosuite/testcarver/capture/Capturer.enable (ILjava/lang/Object;Ljava/lang/Object;)V
    ALOAD 3
    ARETURN
   L2
   FRAME FULL [com/examples/with/different/packagename/testcarver/Person java/lang/String] [java/lang/Throwable]
    ASTORE 2
    LDC -2147483641
    ALOAD 0
    ALOAD 1
    INVOKESTATIC org/evosuite/testcarver/capture/Capturer.enable (ILjava/lang/Object;Ljava/lang/Object;)V
    ALOAD 2
    ATHROW
    MAXSTACK = 5
    MAXLOCALS = 0

  // access flags 0x1
  public <init>(Ljava/lang/String;Ljava/lang/String;)V
    TRYCATCHBLOCK L0 L1 L1 java/lang/Throwable
   L2
    LINENUMBER 46 L2
    ALOAD 0
    INVOKESPECIAL com/examples/with/different/packagename/testcarver/Owner.<init> ()V
   L0
    LDC -2147483636
    ALOAD 0
    LDC "<init>"
    LDC "(Ljava/lang/String;Ljava/lang/String;)V"
    BIPUSH 2
    ANEWARRAY java/lang/Object
    DUP
    BIPUSH 0
    ALOAD 1
    AASTORE
    DUP
    BIPUSH 1
    ALOAD 2
    AASTORE
    INVOKESTATIC org/evosuite/testcarver/capture/Capturer.capture (ILjava/lang/Object;Ljava/lang/String;Ljava/lang/String;[Ljava/lang/Object;)V
    ALOAD 0
    ALOAD 1
    ALOAD 2
    INVOKEVIRTUAL com/examples/with/different/packagename/testcarver/Person._sw_prototype_original_init_sw_prototype_original_ (Ljava/lang/String;Ljava/lang/String;)V
    GOTO L3
   L1
   FRAME SAME1 java/lang/Throwable
    ASTORE 3
    LDC -2147483636
    ALOAD 0
    GETSTATIC org/evosuite/testcarver/capture/CaptureLog.RETURN_TYPE_VOID : Ljava/lang/Object;
    INVOKESTATIC org/evosuite/testcarver/capture/Capturer.enable (ILjava/lang/Object;Ljava/lang/Object;)V
    ALOAD 3
    ATHROW
   L3
   FRAME SAME
    LDC -2147483636
    ALOAD 0
    GETSTATIC org/evosuite/testcarver/capture/CaptureLog.RETURN_TYPE_VOID : Ljava/lang/Object;
    INVOKESTATIC org/evosuite/testcarver/capture/Capturer.enable (ILjava/lang/Object;Ljava/lang/Object;)V
    RETURN
    MAXSTACK = 6
    MAXLOCALS = 0
}
INFO  org.evosuite.testcarver.extraction.CarvingClassLoader - Seeing class for first time: com.examples.with.different.packagename.testcarver.Owner
WARN  org.evosuite.testcarver.extraction.CarvingClassLoader - Instrumenting class 'com.examples.with.different.packagename.testcarver.Owner'.
INFO  org.evosuite.testcarver.instrument.Instrumenter - Checking package com.examples.with.different.packagename.testcarver for class com/examples/with/different/packagename/testcarver/Owner
// class version 52.0 (52)
// access flags 0x421
public abstract class com/examples/with/different/packagename/testcarver/Owner {

  // compiled from: Owner.java

  // access flags 0x1
  public <init>()V
   L0
    LINENUMBER 26 L0
    ALOAD 0
    INVOKESPECIAL java/lang/Object.<init> ()V
    RETURN
   L1
    LOCALVARIABLE this Lcom/examples/with/different/packagename/testcarver/Owner; L0 L1 0
    MAXSTACK = 1
    MAXLOCALS = 1
}
INFO  org.evosuite.testcarver.extraction.CarvingClassLoader - Keeping class: com.examples.with.different.packagename.testcarver.Owner
INFO  org.evosuite.testcarver.extraction.CarvingClassLoader - Keeping class: com.examples.with.different.packagename.testcarver.Person
INFO  org.evosuite.testcarver.extraction.CarvingClassLoader - Seeing class for first time: com.examples.with.different.packagename.testcarver.TestPerson
WARN  org.evosuite.testcarver.extraction.CarvingClassLoader - Instrumenting class 'com.examples.with.different.packagename.testcarver.TestPerson'.
INFO  org.evosuite.testcarver.instrument.Instrumenter - Checking package com.examples.with.different.packagename.testcarver for class com/examples/with/different/packagename/testcarver/TestPerson
// class version 52.0 (52)
// access flags 0x21
public class com/examples/with/different/packagename/testcarver/TestPerson {

  // compiled from: TestPerson.java

  // access flags 0x2
  private _sw_prototype_original_init_sw_prototype_original_()V
    ALOAD 0
    INVOKESTATIC org/evosuite/testcarver/capture/FieldRegistry.register (Ljava/lang/Object;)V
    RETURN
   L0
    LOCALVARIABLE this Lcom/examples/with/different/packagename/testcarver/TestPerson; L1 L0 0
    MAXSTACK = 5
    MAXLOCALS = 1

  // access flags 0x2
  private _sw_prototype_original_test0_1()V throws java/lang/Throwable
   L0
    LINENUMBER 44 L0
    NEW com/examples/with/different/packagename/testcarver/Person
    DUP
    LDC ""
    LDC ""
    INVOKESPECIAL com/examples/with/different/packagename/testcarver/Person.<init> (Ljava/lang/String;Ljava/lang/String;)V
    ASTORE 1
   L1
    LINENUMBER 45 L1
    ALOAD 1
    INVOKEVIRTUAL com/examples/with/different/packagename/testcarver/Person.getFirstName ()Ljava/lang/String;
    ASTORE 2
   L2
    LINENUMBER 46 L2
    LDC ""
    ALOAD 2
    INVOKESTATIC org/junit/Assert.assertEquals (Ljava/lang/Object;Ljava/lang/Object;)V
   L3
    LINENUMBER 47 L3
    RETURN
   L4
    LOCALVARIABLE this Lcom/examples/with/different/packagename/testcarver/TestPerson; L0 L4 0
    LOCALVARIABLE person0 Lcom/examples/with/different/packagename/testcarver/Person; L1 L4 1
    LOCALVARIABLE string0 Ljava/lang/String; L2 L4 2
    MAXSTACK = 8
    MAXLOCALS = 3

  // access flags 0x2
  private _sw_prototype_original_test0()V throws java/lang/Throwable
   L0
    LINENUMBER 52 L0
    NEW com/examples/with/different/packagename/testcarver/Person
    DUP
    LDC ""
    LDC ""
    INVOKESPECIAL com/examples/with/different/packagename/testcarver/Person.<init> (Ljava/lang/String;Ljava/lang/String;)V
    ASTORE 1
   L1
    LINENUMBER 53 L1
    ALOAD 1
    INVOKEVIRTUAL com/examples/with/different/packagename/testcarver/Person.getLastName ()Ljava/lang/String;
    ASTORE 2
   L2
    LINENUMBER 54 L2
    LDC ""
    ALOAD 2
    INVOKESTATIC org/junit/Assert.assertEquals (Ljava/lang/Object;Ljava/lang/Object;)V
   L3
    LINENUMBER 55 L3
    RETURN
   L4
    LOCALVARIABLE this Lcom/examples/with/different/packagename/testcarver/TestPerson; L0 L4 0
    LOCALVARIABLE person0 Lcom/examples/with/different/packagename/testcarver/Person; L1 L4 1
    LOCALVARIABLE string0 Ljava/lang/String; L2 L4 2
    MAXSTACK = 8
    MAXLOCALS = 3

  // access flags 0x1
  public <init>()V
    TRYCATCHBLOCK L0 L1 L1 java/lang/Throwable
   L2
    LINENUMBER 34 L2
    ALOAD 0
    INVOKESPECIAL java/lang/Object.<init> ()V
   L0
    LDC -2147483635
    ALOAD 0
    LDC "<init>"
    LDC "()V"
    BIPUSH 0
    ANEWARRAY java/lang/Object
    INVOKESTATIC org/evosuite/testcarver/capture/Capturer.capture (ILjava/lang/Object;Ljava/lang/String;Ljava/lang/String;[Ljava/lang/Object;)V
    ALOAD 0
    INVOKEVIRTUAL com/examples/with/different/packagename/testcarver/TestPerson._sw_prototype_original_init_sw_prototype_original_ ()V
    GOTO L3
   L1
   FRAME SAME1 java/lang/Throwable
    ASTORE 1
    LDC -2147483635
    ALOAD 0
    GETSTATIC org/evosuite/testcarver/capture/CaptureLog.RETURN_TYPE_VOID : Ljava/lang/Object;
    INVOKESTATIC org/evosuite/testcarver/capture/Capturer.enable (ILjava/lang/Object;Ljava/lang/Object;)V
    ALOAD 1
    ATHROW
   L3
   FRAME SAME
    LDC -2147483635
    ALOAD 0
    GETSTATIC org/evosuite/testcarver/capture/CaptureLog.RETURN_TYPE_VOID : Ljava/lang/Object;
    INVOKESTATIC org/evosuite/testcarver/capture/Capturer.enable (ILjava/lang/Object;Ljava/lang/Object;)V
    RETURN
    MAXSTACK = 5
    MAXLOCALS = 0

  // access flags 0x1
  public test0_1()V throws java/lang/Throwable
  @Lorg/junit/Test;()
    TRYCATCHBLOCK L0 L1 L1 java/lang/Throwable
   L0
    LDC -2147483634
    ALOAD 0
    LDC "test0_1"
    LDC "()V"
    BIPUSH 0
    ANEWARRAY java/lang/Object
    INVOKESTATIC org/evosuite/testcarver/capture/Capturer.capture (ILjava/lang/Object;Ljava/lang/String;Ljava/lang/String;[Ljava/lang/Object;)V
    ALOAD 0
    INVOKEVIRTUAL com/examples/with/different/packagename/testcarver/TestPerson._sw_prototype_original_test0_1 ()V
    GOTO L2
   L1
   FRAME SAME1 java/lang/Throwable
    ASTORE 1
    LDC -2147483634
    ALOAD 0
    GETSTATIC org/evosuite/testcarver/capture/CaptureLog.RETURN_TYPE_VOID : Ljava/lang/Object;
    INVOKESTATIC org/evosuite/testcarver/capture/Capturer.enable (ILjava/lang/Object;Ljava/lang/Object;)V
    ALOAD 1
    ATHROW
   L2
   FRAME SAME
    LDC -2147483634
    ALOAD 0
    GETSTATIC org/evosuite/testcarver/capture/CaptureLog.RETURN_TYPE_VOID : Ljava/lang/Object;
    INVOKESTATIC org/evosuite/testcarver/capture/Capturer.enable (ILjava/lang/Object;Ljava/lang/Object;)V
    RETURN
    MAXSTACK = 8
    MAXLOCALS = 0

  // access flags 0x1
  public test0()V throws java/lang/Throwable
  @Lorg/junit/Test;()
    TRYCATCHBLOCK L0 L1 L1 java/lang/Throwable
   L0
    LDC -2147483633
    ALOAD 0
    LDC "test0"
    LDC "()V"
    BIPUSH 0
    ANEWARRAY java/lang/Object
    INVOKESTATIC org/evosuite/testcarver/capture/Capturer.capture (ILjava/lang/Object;Ljava/lang/String;Ljava/lang/String;[Ljava/lang/Object;)V
    ALOAD 0
    INVOKEVIRTUAL com/examples/with/different/packagename/testcarver/TestPerson._sw_prototype_original_test0 ()V
    GOTO L2
   L1
   FRAME SAME1 java/lang/Throwable
    ASTORE 1
    LDC -2147483633
    ALOAD 0
    GETSTATIC org/evosuite/testcarver/capture/CaptureLog.RETURN_TYPE_VOID : Ljava/lang/Object;
    INVOKESTATIC org/evosuite/testcarver/capture/Capturer.enable (ILjava/lang/Object;Ljava/lang/Object;)V
    ALOAD 1
    ATHROW
   L2
   FRAME SAME
    LDC -2147483633
    ALOAD 0
    GETSTATIC org/evosuite/testcarver/capture/CaptureLog.RETURN_TYPE_VOID : Ljava/lang/Object;
    INVOKESTATIC org/evosuite/testcarver/capture/Capturer.enable (ILjava/lang/Object;Ljava/lang/Object;)V
    RETURN
    MAXSTACK = 8
    MAXLOCALS = 0
}
INFO  org.evosuite.testcarver.extraction.CarvingClassLoader - Keeping class: com.examples.with.different.packagename.testcarver.TestPerson
INFO  org.evosuite.testcarver.extraction.CarvingRunListener - Not yet reached maximum time to carve unit tests - executing test with carver
INFO  org.evosuite.testcarver.capture.Capturer - Starting Capturer...
INFO  org.evosuite.testcarver.capture.Capturer - Capturer has been started successfully
ERROR org.evosuite.testcarver.capture.Capturer - CAPTURED call on Person: <init>
ERROR org.evosuite.testcarver.capture.Capturer - CAPTURED call on Person: test0_1
ERROR org.evosuite.testcarver.capture.Capturer - CAPTURED call on Person: <init>
ERROR org.evosuite.testcarver.capture.Capturer - CAPTURED call on Person: getFirstName
INFO  org.evosuite.testcarver.capture.Capturer - Stopping Capturer...
INFO  org.evosuite.testcarver.capture.Capturer - Capturer has been stopped successfully
INFO  evo_logger -  - Carving test com.examples.with.different.packagename.testcarver.TestPerson.test0_1
INFO  org.evosuite.testcarver.extraction.CarvingRunListener - Carved test of length 3
INFO  org.evosuite.utils.generic.GenericTypeInference - Type map empty
INFO  org.evosuite.testcarver.extraction.CarvingRunListener - Not yet reached maximum time to carve unit tests - executing test with carver
INFO  org.evosuite.testcarver.capture.Capturer - Starting Capturer...
INFO  org.evosuite.testcarver.capture.Capturer - Capturer has been started successfully
ERROR org.evosuite.testcarver.capture.Capturer - CAPTURED call on Person: <init>
ERROR org.evosuite.testcarver.capture.Capturer - CAPTURED call on Person: test0
ERROR org.evosuite.testcarver.capture.Capturer - CAPTURED call on Person: <init>
ERROR org.evosuite.testcarver.capture.Capturer - CAPTURED call on Person: getLastName
INFO  org.evosuite.testcarver.capture.Capturer - Stopping Capturer...
INFO  org.evosuite.testcarver.capture.Capturer - Capturer has been stopped successfully
INFO  evo_logger -  - Carving test com.examples.with.different.packagename.testcarver.TestPerson.test0
INFO  org.evosuite.testcarver.extraction.CarvingRunListener - Carved test of length 3
INFO  org.evosuite.utils.generic.GenericTypeInference - Type map empty
INFO  org.evosuite.testcarver.extraction.CarvingManager - Result: 0/2
INFO  org.evosuite.testcase.execution.TestCaseExecutor - No stalled threads
INFO  org.evosuite.testcarver.extraction.CarvingManager - Adding carved test without exception
INFO  org.evosuite.testcarver.extraction.CarvingManager - String string0 = "";
Person person0 = new Person(string0, string0);
person0.getFirstName();

INFO  org.evosuite.testcarver.extraction.CarvingManager - Adding carved test without exception
INFO  org.evosuite.testcarver.extraction.CarvingManager - String string0 = "";
Person person0 = new Person(string0, string0);
person0.getLastName();

INFO  evo_logger -  -> Carved 2 tests for class class com.examples.with.different.packagename.testcarver.Person from existing JUnit tests
INFO  evo_logger - * Using 2 carved tests from existing JUnit tests for seeding
INFO  org.evosuite.coverage.branch.BranchCoverageSuiteFitness - Total branch coverage goals: 3
INFO  org.evosuite.coverage.branch.BranchCoverageSuiteFitness - Total branches: 0
INFO  org.evosuite.coverage.branch.BranchCoverageSuiteFitness - Total branchless methods: 3
INFO  org.evosuite.coverage.branch.BranchCoverageSuiteFitness - Total methods: 3: [com.examples.with.different.packagename.testcarver.Person.getLastName()Ljava/lang/String;, com.examples.with.different.packagename.testcarver.Person.<init>(Ljava/lang/String;Ljava/lang/String;)V, com.examples.with.different.packagename.testcarver.Person.getFirstName()Ljava/lang/String;]
INFO  org.evosuite.coverage.branch.BranchCoverageSuiteFitness - (Methods) Best individual covers 0/0 branches and 3/3 methods
INFO  org.evosuite.coverage.branch.BranchCoverageSuiteFitness - Fitness: 0.0, size: 2, length: 6
INFO  org.evosuite.coverage.branch.BranchCoverageSuiteFitness - (Fitness) Best individual covers 0/0 branches and 3/3 methods
INFO  org.evosuite.coverage.branch.BranchCoverageSuiteFitness - Fitness: 0.0, size: 2, length: 6
INFO  org.evosuite.testcase.factories.JUnitTestCarvedChromosomeFactory - Cloning user test
INFO  org.evosuite.TestGenerationContext - *** Resetting context
INFO  org.evosuite.testcase.execution.TestCaseExecutor - TestCaseExecutor instance is non-null, but its actual executor is null
INFO  org.evosuite.TestGenerationContext - *** Resetting context
INFO  org.evosuite.testcase.execution.TestCaseExecutor - TestCaseExecutor instance is non-null, but its actual executor is null
INFO  org.evosuite.instrumentation.InstrumentingClassLoader - Seeing class for first time: com.examples.with.different.packagename.testcarver.Person
INFO  org.evosuite.instrumentation.BytecodeInstrumentation - Starting transformation of com/examples/with/different/packagename/testcarver/Person
INFO  org.evosuite.instrumentation.testability.StringTransformation - Current method: getFirstName
INFO  org.evosuite.instrumentation.testability.StringTransformation - Current method: getLastName
INFO  org.evosuite.instrumentation.testability.StringTransformation - Current method: <init>
INFO  org.evosuite.runtime.instrumentation.MethodCallReplacementClassAdapter - Adding mock interface to class com/examples/with/different/packagename/testcarver/Person
INFO  org.evosuite.graphs.cfg.CFGClassAdapter - Analyzing CFG of com/examples/with/different/packagename/testcarver/Person
INFO  org.evosuite.graphs.cfg.CFGMethodAdapter - Analyzing method getFirstName()Ljava/lang/String; in class com.examples.with.different.packagename.testcarver.Person
INFO  org.evosuite.graphs.cfg.CFGMethodAdapter - Generating CFG for method getFirstName()Ljava/lang/String;
INFO  org.evosuite.graphs.cfg.RawControlFlowGraph - Creating new RawCFG for com.examples.with.different.packagename.testcarver.Person.getFirstName()Ljava/lang/String;: 0
INFO  org.evosuite.graphs.cfg.CFGMethodAdapter - Created CFG for method getFirstName()Ljava/lang/String;
INFO  org.evosuite.graphs.cfg.CFGMethodAdapter - Instrumenting method getFirstName()Ljava/lang/String; in class com.examples.with.different.packagename.testcarver.Person
INFO  org.evosuite.graphs.cfg.CFGClassAdapter - Analyzing CFG of com/examples/with/different/packagename/testcarver/Person
INFO  org.evosuite.graphs.cfg.CFGMethodAdapter - Analyzing method getLastName()Ljava/lang/String; in class com.examples.with.different.packagename.testcarver.Person
INFO  org.evosuite.graphs.cfg.CFGMethodAdapter - Generating CFG for method getLastName()Ljava/lang/String;
INFO  org.evosuite.graphs.cfg.RawControlFlowGraph - Creating new RawCFG for com.examples.with.different.packagename.testcarver.Person.getLastName()Ljava/lang/String;: 0
INFO  org.evosuite.graphs.cfg.CFGMethodAdapter - Created CFG for method getLastName()Ljava/lang/String;
INFO  org.evosuite.graphs.cfg.CFGMethodAdapter - Instrumenting method getLastName()Ljava/lang/String; in class com.examples.with.different.packagename.testcarver.Person
INFO  org.evosuite.graphs.cfg.CFGClassAdapter - Analyzing CFG of com/examples/with/different/packagename/testcarver/Person
INFO  org.evosuite.graphs.cfg.CFGMethodAdapter - Analyzing method <init>(Ljava/lang/String;Ljava/lang/String;)V in class com.examples.with.different.packagename.testcarver.Person
INFO  org.evosuite.graphs.cfg.CFGMethodAdapter - Generating CFG for method <init>(Ljava/lang/String;Ljava/lang/String;)V
INFO  org.evosuite.graphs.cfg.RawControlFlowGraph - Creating new RawCFG for com.examples.with.different.packagename.testcarver.Person.<init>(Ljava/lang/String;Ljava/lang/String;)V: 0
INFO  org.evosuite.graphs.cfg.CFGMethodAdapter - Created CFG for method <init>(Ljava/lang/String;Ljava/lang/String;)V
INFO  org.evosuite.graphs.cfg.CFGMethodAdapter - Instrumenting method <init>(Ljava/lang/String;Ljava/lang/String;)V in class com.examples.with.different.packagename.testcarver.Person
INFO  org.evosuite.runtime.instrumentation.CreateClassResetClassAdapter - Creating brand-new static initializer in class com/examples/with/different/packagename/testcarver/Person
INFO  org.evosuite.instrumentation.InstrumentingClassLoader - Seeing class for first time: com.examples.with.different.packagename.testcarver.Owner
INFO  org.evosuite.instrumentation.BytecodeInstrumentation - Starting transformation of com/examples/with/different/packagename/testcarver/Owner
INFO  org.evosuite.runtime.instrumentation.MethodCallReplacementClassAdapter - Adding mock interface to class com/examples/with/different/packagename/testcarver/Owner
INFO  org.evosuite.runtime.instrumentation.CreateClassResetClassAdapter - Creating brand-new static initializer in class com/examples/with/different/packagename/testcarver/Owner
INFO  org.evosuite.instrumentation.InstrumentingClassLoader - Loaded class: com.examples.with.different.packagename.testcarver.Owner
INFO  org.evosuite.instrumentation.InstrumentingClassLoader - Loaded class: com.examples.with.different.packagename.testcarver.Person
INFO  evo_logger - * Executing tests from 1 test class for carving
INFO  org.evosuite.testcarver.extraction.CarvingClassLoader - Seeing class for first time: com.examples.with.different.packagename.testcarver.Person
WARN  org.evosuite.testcarver.extraction.CarvingClassLoader - Instrumenting class 'com.examples.with.different.packagename.testcarver.Person'.
INFO  org.evosuite.testcarver.instrument.Instrumenter - Checking package com.examples.with.different.packagename.testcarver for class com/examples/with/different/packagename/testcarver/Person
// class version 52.0 (52)
// access flags 0x21
public class com/examples/with/different/packagename/testcarver/Person extends com/examples/with/different/packagename/testcarver/Owner {

  // compiled from: Person.java

  // access flags 0x12
  private final Ljava/lang/String; firstName

  // access flags 0x12
  private final Ljava/lang/String; lastName

  // access flags 0x2
  private _sw_prototype_original_getFirstName()Ljava/lang/String;
   L0
    LINENUMBER 32 L0
    ALOAD 0
    DUP
    GETFIELD com/examples/with/different/packagename/testcarver/Person.firstName : Ljava/lang/String;
    SWAP
    LDC -2147483644
    LDC "com/examples/with/different/packagename/testcarver/Person"
    LDC "firstName"
    LDC "Ljava/lang/String;"
    INVOKESTATIC org/evosuite/testcarver/capture/FieldRegistry.notifyReadAccess (Ljava/lang/Object;ILjava/lang/String;Ljava/lang/String;Ljava/lang/String;)V
    ARETURN
   L1
    LOCALVARIABLE this Lcom/examples/with/different/packagename/testcarver/Person; L0 L1 0
    MAXSTACK = 5
    MAXLOCALS = 1

  // access flags 0x2
  private _sw_prototype_original_getLastName()Ljava/lang/String;
   L0
    LINENUMBER 39 L0
    ALOAD 0
    DUP
    GETFIELD com/examples/with/different/packagename/testcarver/Person.lastName : Ljava/lang/String;
    SWAP
    LDC -2147483642
    LDC "com/examples/with/different/packagename/testcarver/Person"
    LDC "lastName"
    LDC "Ljava/lang/String;"
    INVOKESTATIC org/evosuite/testcarver/capture/FieldRegistry.notifyReadAccess (Ljava/lang/Object;ILjava/lang/String;Ljava/lang/String;Ljava/lang/String;)V
    ARETURN
   L1
    LOCALVARIABLE this Lcom/examples/with/different/packagename/testcarver/Person; L0 L1 0
    MAXSTACK = 5
    MAXLOCALS = 1

  // access flags 0x2
  private _sw_prototype_original_init_sw_prototype_original_(Ljava/lang/String;Ljava/lang/String;)V
    ALOAD 0
    INVOKESTATIC org/evosuite/testcarver/capture/FieldRegistry.register (Ljava/lang/Object;)V
   L0
    LINENUMBER 47 L0
    ALOAD 0
    ALOAD 1
    DUP2
    PUTFIELD com/examples/with/different/packagename/testcarver/Person.firstName : Ljava/lang/String;
    POP
    LDC -2147483640
    LDC "com/examples/with/different/packagename/testcarver/Person"
    LDC "firstName"
    LDC "Ljava/lang/String;"
    INVOKESTATIC org/evosuite/testcarver/capture/FieldRegistry.notifyModification (Ljava/lang/Object;ILjava/lang/String;Ljava/lang/String;Ljava/lang/String;)V
   L1
    LINENUMBER 48 L1
    ALOAD 0
    ALOAD 2
    DUP2
    PUTFIELD com/examples/with/different/packagename/testcarver/Person.lastName : Ljava/lang/String;
    POP
    LDC -2147483638
    LDC "com/examples/with/different/packagename/testcarver/Person"
    LDC "lastName"
    LDC "Ljava/lang/String;"
    INVOKESTATIC org/evosuite/testcarver/capture/FieldRegistry.notifyModification (Ljava/lang/Object;ILjava/lang/String;Ljava/lang/String;Ljava/lang/String;)V
   L2
    LINENUMBER 49 L2
    RETURN
   L3
    LOCALVARIABLE this Lcom/examples/with/different/packagename/testcarver/Person; L4 L3 0
    LOCALVARIABLE firstName Ljava/lang/String; L4 L3 1
    LOCALVARIABLE lastName Ljava/lang/String; L4 L3 2
    MAXSTACK = 6
    MAXLOCALS = 3

  // access flags 0x1
  public getFirstName()Ljava/lang/String;
    TRYCATCHBLOCK L0 L1 L2 java/lang/Throwable
    ACONST_NULL
    ASTORE 1
   L0
    LDC -2147483643
    ALOAD 0
    LDC "getFirstName"
    LDC "()Ljava/lang/String;"
    BIPUSH 0
    ANEWARRAY java/lang/Object
    INVOKESTATIC org/evosuite/testcarver/capture/Capturer.capture (ILjava/lang/Object;Ljava/lang/String;Ljava/lang/String;[Ljava/lang/Object;)V
    ALOAD 0
    INVOKEVIRTUAL com/examples/with/different/packagename/testcarver/Person._sw_prototype_original_getFirstName ()Ljava/lang/String;
    ASTORE 1
    ALOAD 1
    ASTORE 3
   L1
    LDC -2147483643
    ALOAD 0
    ALOAD 1
    INVOKESTATIC org/evosuite/testcarver/capture/Capturer.enable (ILjava/lang/Object;Ljava/lang/Object;)V
    ALOAD 3
    ARETURN
   L2
   FRAME FULL [com/examples/with/different/packagename/testcarver/Person java/lang/String] [java/lang/Throwable]
    ASTORE 2
    LDC -2147483643
    ALOAD 0
    ALOAD 1
    INVOKESTATIC org/evosuite/testcarver/capture/Capturer.enable (ILjava/lang/Object;Ljava/lang/Object;)V
    ALOAD 2
    ATHROW
    MAXSTACK = 5
    MAXLOCALS = 0

  // access flags 0x1
  public getLastName()Ljava/lang/String;
    TRYCATCHBLOCK L0 L1 L2 java/lang/Throwable
    ACONST_NULL
    ASTORE 1
   L0
    LDC -2147483641
    ALOAD 0
    LDC "getLastName"
    LDC "()Ljava/lang/String;"
    BIPUSH 0
    ANEWARRAY java/lang/Object
    INVOKESTATIC org/evosuite/testcarver/capture/Capturer.capture (ILjava/lang/Object;Ljava/lang/String;Ljava/lang/String;[Ljava/lang/Object;)V
    ALOAD 0
    INVOKEVIRTUAL com/examples/with/different/packagename/testcarver/Person._sw_prototype_original_getLastName ()Ljava/lang/String;
    ASTORE 1
    ALOAD 1
    ASTORE 3
   L1
    LDC -2147483641
    ALOAD 0
    ALOAD 1
    INVOKESTATIC org/evosuite/testcarver/capture/Capturer.enable (ILjava/lang/Object;Ljava/lang/Object;)V
    ALOAD 3
    ARETURN
   L2
   FRAME FULL [com/examples/with/different/packagename/testcarver/Person java/lang/String] [java/lang/Throwable]
    ASTORE 2
    LDC -2147483641
    ALOAD 0
    ALOAD 1
    INVOKESTATIC org/evosuite/testcarver/capture/Capturer.enable (ILjava/lang/Object;Ljava/lang/Object;)V
    ALOAD 2
    ATHROW
    MAXSTACK = 5
    MAXLOCALS = 0

  // access flags 0x1
  public <init>(Ljava/lang/String;Ljava/lang/String;)V
    TRYCATCHBLOCK L0 L1 L1 java/lang/Throwable
   L2
    LINENUMBER 46 L2
    ALOAD 0
    INVOKESPECIAL com/examples/with/different/packagename/testcarver/Owner.<init> ()V
   L0
    LDC -2147483636
    ALOAD 0
    LDC "<init>"
    LDC "(Ljava/lang/String;Ljava/lang/String;)V"
    BIPUSH 2
    ANEWARRAY java/lang/Object
    DUP
    BIPUSH 0
    ALOAD 1
    AASTORE
    DUP
    BIPUSH 1
    ALOAD 2
    AASTORE
    INVOKESTATIC org/evosuite/testcarver/capture/Capturer.capture (ILjava/lang/Object;Ljava/lang/String;Ljava/lang/String;[Ljava/lang/Object;)V
    ALOAD 0
    ALOAD 1
    ALOAD 2
    INVOKEVIRTUAL com/examples/with/different/packagename/testcarver/Person._sw_prototype_original_init_sw_prototype_original_ (Ljava/lang/String;Ljava/lang/String;)V
    GOTO L3
   L1
   FRAME SAME1 java/lang/Throwable
    ASTORE 3
    LDC -2147483636
    ALOAD 0
    GETSTATIC org/evosuite/testcarver/capture/CaptureLog.RETURN_TYPE_VOID : Ljava/lang/Object;
    INVOKESTATIC org/evosuite/testcarver/capture/Capturer.enable (ILjava/lang/Object;Ljava/lang/Object;)V
    ALOAD 3
    ATHROW
   L3
   FRAME SAME
    LDC -2147483636
    ALOAD 0
    GETSTATIC org/evosuite/testcarver/capture/CaptureLog.RETURN_TYPE_VOID : Ljava/lang/Object;
    INVOKESTATIC org/evosuite/testcarver/capture/Capturer.enable (ILjava/lang/Object;Ljava/lang/Object;)V
    RETURN
    MAXSTACK = 6
    MAXLOCALS = 0
}
INFO  org.evosuite.testcarver.extraction.CarvingClassLoader - Seeing class for first time: com.examples.with.different.packagename.testcarver.Owner
WARN  org.evosuite.testcarver.extraction.CarvingClassLoader - Instrumenting class 'com.examples.with.different.packagename.testcarver.Owner'.
INFO  org.evosuite.testcarver.instrument.Instrumenter - Checking package com.examples.with.different.packagename.testcarver for class com/examples/with/different/packagename/testcarver/Owner
// class version 52.0 (52)
// access flags 0x421
public abstract class com/examples/with/different/packagename/testcarver/Owner {

  // compiled from: Owner.java

  // access flags 0x1
  public <init>()V
   L0
    LINENUMBER 26 L0
    ALOAD 0
    INVOKESPECIAL java/lang/Object.<init> ()V
    RETURN
   L1
    LOCALVARIABLE this Lcom/examples/with/different/packagename/testcarver/Owner; L0 L1 0
    MAXSTACK = 1
    MAXLOCALS = 1
}
INFO  org.evosuite.testcarver.extraction.CarvingClassLoader - Keeping class: com.examples.with.different.packagename.testcarver.Owner
INFO  org.evosuite.testcarver.extraction.CarvingClassLoader - Keeping class: com.examples.with.different.packagename.testcarver.Person
INFO  org.evosuite.testcarver.extraction.CarvingClassLoader - Seeing class for first time: com.examples.with.different.packagename.testcarver.PersonWithJavaAgentSystemTest
WARN  org.evosuite.testcarver.extraction.CarvingClassLoader - Instrumenting class 'com.examples.with.different.packagename.testcarver.PersonWithJavaAgentSystemTest'.
INFO  org.evosuite.testcarver.instrument.Instrumenter - Checking package com.examples.with.different.packagename.testcarver for class com/examples/with/different/packagename/testcarver/PersonWithJavaAgentSystemTest
// class version 52.0 (52)
// access flags 0x21
public class com/examples/with/different/packagename/testcarver/PersonWithJavaAgentSystemTest {

  // compiled from: PersonWithJavaAgentSystemTest.java

  // access flags 0x2
  private _sw_prototype_original_init_sw_prototype_original_()V
    ALOAD 0
    INVOKESTATIC org/evosuite/testcarver/capture/FieldRegistry.register (Ljava/lang/Object;)V
    RETURN
   L0
    LOCALVARIABLE this Lcom/examples/with/different/packagename/testcarver/PersonWithJavaAgentSystemTest; L1 L0 0
    MAXSTACK = 5
    MAXLOCALS = 1

  // access flags 0xA
  private static _sw_prototype_original_initEvoSuiteFramework()V
   L0
    LINENUMBER 35 L0
    ICONST_1
    PUTSTATIC org/evosuite/Properties.REPLACE_CALLS : Z
    ACONST_NULL
    LDC -2147483634
    LDC "org/evosuite/Properties"
    LDC "REPLACE_CALLS"
    LDC "Z"
    INVOKESTATIC org/evosuite/testcarver/capture/FieldRegistry.notifyModification (Ljava/lang/Object;ILjava/lang/String;Ljava/lang/String;Ljava/lang/String;)V
   L1
    LINENUMBER 36 L1
    INVOKESTATIC org/evosuite/runtime/agent/InstrumentingAgent.initialize ()V
   L2
    LINENUMBER 37 L2
    RETURN
    MAXSTACK = 5
    MAXLOCALS = 0

  // access flags 0x2
  private _sw_prototype_original_init()V
   L0
    LINENUMBER 41 L0
    INVOKESTATIC org/evosuite/runtime/agent/InstrumentingAgent.activate ()V
   L1
    LINENUMBER 42 L1
    RETURN
   L2
    LOCALVARIABLE this Lcom/examples/with/different/packagename/testcarver/PersonWithJavaAgentSystemTest; L0 L2 0
    MAXSTACK = 4
    MAXLOCALS = 1

  // access flags 0x2
  private _sw_prototype_original_tearDown()V
   L0
    LINENUMBER 46 L0
    INVOKESTATIC org/evosuite/runtime/agent/InstrumentingAgent.deactivate ()V
   L1
    LINENUMBER 47 L1
    RETURN
   L2
    LOCALVARIABLE this Lcom/examples/with/different/packagename/testcarver/PersonWithJavaAgentSystemTest; L0 L2 0
    MAXSTACK = 4
    MAXLOCALS = 1

  // access flags 0x2
  private _sw_prototype_original_test0_1()V throws java/lang/Throwable
   L0
    LINENUMBER 52 L0
    NEW com/examples/with/different/packagename/testcarver/Person
    DUP
    LDC ""
    LDC ""
    INVOKESPECIAL com/examples/with/different/packagename/testcarver/Person.<init> (Ljava/lang/String;Ljava/lang/String;)V
    ASTORE 1
   L1
    LINENUMBER 53 L1
    ALOAD 1
    INVOKEVIRTUAL com/examples/with/different/packagename/testcarver/Person.getFirstName ()Ljava/lang/String;
    ASTORE 2
   L2
    LINENUMBER 54 L2
    LDC ""
    ALOAD 2
    INVOKESTATIC org/junit/Assert.assertEquals (Ljava/lang/Object;Ljava/lang/Object;)V
   L3
    LINENUMBER 55 L3
    RETURN
   L4
    LOCALVARIABLE this Lcom/examples/with/different/packagename/testcarver/PersonWithJavaAgentSystemTest; L0 L4 0
    LOCALVARIABLE person0 Lcom/examples/with/different/packagename/testcarver/Person; L1 L4 1
    LOCALVARIABLE string0 Ljava/lang/String; L2 L4 2
    MAXSTACK = 8
    MAXLOCALS = 3

  // access flags 0x2
  private _sw_prototype_original_test0()V throws java/lang/Throwable
   L0
    LINENUMBER 60 L0
    NEW com/examples/with/different/packagename/testcarver/Person
    DUP
    LDC ""
    LDC ""
    INVOKESPECIAL com/examples/with/different/packagename/testcarver/Person.<init> (Ljava/lang/String;Ljava/lang/String;)V
    ASTORE 1
   L1
    LINENUMBER 61 L1
    ALOAD 1
    INVOKEVIRTUAL com/examples/with/different/packagename/testcarver/Person.getLastName ()Ljava/lang/String;
    ASTORE 2
   L2
    LINENUMBER 62 L2
    LDC ""
    ALOAD 2
    INVOKESTATIC org/junit/Assert.assertEquals (Ljava/lang/Object;Ljava/lang/Object;)V
   L3
    LINENUMBER 63 L3
    RETURN
   L4
    LOCALVARIABLE this Lcom/examples/with/different/packagename/testcarver/PersonWithJavaAgentSystemTest; L0 L4 0
    LOCALVARIABLE person0 Lcom/examples/with/different/packagename/testcarver/Person; L1 L4 1
    LOCALVARIABLE string0 Ljava/lang/String; L2 L4 2
    MAXSTACK = 8
    MAXLOCALS = 3

  // access flags 0x1
  public <init>()V
    TRYCATCHBLOCK L0 L1 L1 java/lang/Throwable
   L2
    LINENUMBER 30 L2
    ALOAD 0
    INVOKESPECIAL java/lang/Object.<init> ()V
   L0
    LDC -2147483635
    ALOAD 0
    LDC "<init>"
    LDC "()V"
    BIPUSH 0
    ANEWARRAY java/lang/Object
    INVOKESTATIC org/evosuite/testcarver/capture/Capturer.capture (ILjava/lang/Object;Ljava/lang/String;Ljava/lang/String;[Ljava/lang/Object;)V
    ALOAD 0
    INVOKEVIRTUAL com/examples/with/different/packagename/testcarver/PersonWithJavaAgentSystemTest._sw_prototype_original_init_sw_prototype_original_ ()V
    GOTO L3
   L1
   FRAME SAME1 java/lang/Throwable
    ASTORE 1
    LDC -2147483635
    ALOAD 0
    GETSTATIC org/evosuite/testcarver/capture/CaptureLog.RETURN_TYPE_VOID : Ljava/lang/Object;
    INVOKESTATIC org/evosuite/testcarver/capture/Capturer.enable (ILjava/lang/Object;Ljava/lang/Object;)V
    ALOAD 1
    ATHROW
   L3
   FRAME SAME
    LDC -2147483635
    ALOAD 0
    GETSTATIC org/evosuite/testcarver/capture/CaptureLog.RETURN_TYPE_VOID : Ljava/lang/Object;
    INVOKESTATIC org/evosuite/testcarver/capture/Capturer.enable (ILjava/lang/Object;Ljava/lang/Object;)V
    RETURN
    MAXSTACK = 5
    MAXLOCALS = 0

  // access flags 0x9
  public static initEvoSuiteFramework()V
  @Lorg/junit/BeforeClass;()
    TRYCATCHBLOCK L0 L1 L1 java/lang/Throwable
   L0
    LDC -2147483632
    LDC "com/examples/with/different/packagename/testcarver/PersonWithJavaAgentSystemTest"
    INVOKESTATIC org/evosuite/testcarver/capture/CaptureUtil.loadClass (Ljava/lang/String;)Ljava/lang/Class;
    LDC "initEvoSuiteFramework"
    LDC "()V"
    BIPUSH 0
    ANEWARRAY java/lang/Object
    INVOKESTATIC org/evosuite/testcarver/capture/Capturer.capture (ILjava/lang/Object;Ljava/lang/String;Ljava/lang/String;[Ljava/lang/Object;)V
    INVOKESTATIC com/examples/with/different/packagename/testcarver/PersonWithJavaAgentSystemTest._sw_prototype_original_initEvoSuiteFramework ()V
    GOTO L2
   L1
   FRAME SAME1 java/lang/Throwable
    ASTORE 0
    LDC -2147483632
    LDC "com/examples/with/different/packagename/testcarver/PersonWithJavaAgentSystemTest"
    INVOKESTATIC org/evosuite/testcarver/capture/CaptureUtil.loadClass (Ljava/lang/String;)Ljava/lang/Class;
    GETSTATIC org/evosuite/testcarver/capture/CaptureLog.RETURN_TYPE_VOID : Ljava/lang/Object;
    INVOKESTATIC org/evosuite/testcarver/capture/Capturer.enable (ILjava/lang/Object;Ljava/lang/Object;)V
    ALOAD 0
    ATHROW
   L2
   FRAME SAME
    LDC -2147483632
    LDC "com/examples/with/different/packagename/testcarver/PersonWithJavaAgentSystemTest"
    INVOKESTATIC org/evosuite/testcarver/capture/CaptureUtil.loadClass (Ljava/lang/String;)Ljava/lang/Class;
    GETSTATIC org/evosuite/testcarver/capture/CaptureLog.RETURN_TYPE_VOID : Ljava/lang/Object;
    INVOKESTATIC org/evosuite/testcarver/capture/Capturer.enable (ILjava/lang/Object;Ljava/lang/Object;)V
    RETURN
    MAXSTACK = 5
    MAXLOCALS = 0

  // access flags 0x1
  public init()V
  @Lorg/junit/Before;()
    TRYCATCHBLOCK L0 L1 L1 java/lang/Throwable
   L0
    LDC -2147483631
    ALOAD 0
    LDC "init"
    LDC "()V"
    BIPUSH 0
    ANEWARRAY java/lang/Object
    INVOKESTATIC org/evosuite/testcarver/capture/Capturer.capture (ILjava/lang/Object;Ljava/lang/String;Ljava/lang/String;[Ljava/lang/Object;)V
    ALOAD 0
    INVOKEVIRTUAL com/examples/with/different/packagename/testcarver/PersonWithJavaAgentSystemTest._sw_prototype_original_init ()V
    GOTO L2
   L1
   FRAME SAME1 java/lang/Throwable
    ASTORE 1
    LDC -2147483631
    ALOAD 0
    GETSTATIC org/evosuite/testcarver/capture/CaptureLog.RETURN_TYPE_VOID : Ljava/lang/Object;
    INVOKESTATIC org/evosuite/testcarver/capture/Capturer.enable (ILjava/lang/Object;Ljava/lang/Object;)V
    ALOAD 1
    ATHROW
   L2
   FRAME SAME
    LDC -2147483631
    ALOAD 0
    GETSTATIC org/evosuite/testcarver/capture/CaptureLog.RETURN_TYPE_VOID : Ljava/lang/Object;
    INVOKESTATIC org/evosuite/testcarver/capture/Capturer.enable (ILjava/lang/Object;Ljava/lang/Object;)V
    RETURN
    MAXSTACK = 4
    MAXLOCALS = 0

  // access flags 0x1
  public tearDown()V
  @Lorg/junit/After;()
    TRYCATCHBLOCK L0 L1 L1 java/lang/Throwable
   L0
    LDC -2147483630
    ALOAD 0
    LDC "tearDown"
    LDC "()V"
    BIPUSH 0
    ANEWARRAY java/lang/Object
    INVOKESTATIC org/evosuite/testcarver/capture/Capturer.capture (ILjava/lang/Object;Ljava/lang/String;Ljava/lang/String;[Ljava/lang/Object;)V
    ALOAD 0
    INVOKEVIRTUAL com/examples/with/different/packagename/testcarver/PersonWithJavaAgentSystemTest._sw_prototype_original_tearDown ()V
    GOTO L2
   L1
   FRAME SAME1 java/lang/Throwable
    ASTORE 1
    LDC -2147483630
    ALOAD 0
    GETSTATIC org/evosuite/testcarver/capture/CaptureLog.RETURN_TYPE_VOID : Ljava/lang/Object;
    INVOKESTATIC org/evosuite/testcarver/capture/Capturer.enable (ILjava/lang/Object;Ljava/lang/Object;)V
    ALOAD 1
    ATHROW
   L2
   FRAME SAME
    LDC -2147483630
    ALOAD 0
    GETSTATIC org/evosuite/testcarver/capture/CaptureLog.RETURN_TYPE_VOID : Ljava/lang/Object;
    INVOKESTATIC org/evosuite/testcarver/capture/Capturer.enable (ILjava/lang/Object;Ljava/lang/Object;)V
    RETURN
    MAXSTACK = 4
    MAXLOCALS = 0

  // access flags 0x1
  public test0_1()V throws java/lang/Throwable
  @Lorg/junit/Test;()
    TRYCATCHBLOCK L0 L1 L1 java/lang/Throwable
   L0
    LDC -2147483629
    ALOAD 0
    LDC "test0_1"
    LDC "()V"
    BIPUSH 0
    ANEWARRAY java/lang/Object
    INVOKESTATIC org/evosuite/testcarver/capture/Capturer.capture (ILjava/lang/Object;Ljava/lang/String;Ljava/lang/String;[Ljava/lang/Object;)V
    ALOAD 0
    INVOKEVIRTUAL com/examples/with/different/packagename/testcarver/PersonWithJavaAgentSystemTest._sw_prototype_original_test0_1 ()V
    GOTO L2
   L1
   FRAME SAME1 java/lang/Throwable
    ASTORE 1
    LDC -2147483629
    ALOAD 0
    GETSTATIC org/evosuite/testcarver/capture/CaptureLog.RETURN_TYPE_VOID : Ljava/lang/Object;
    INVOKESTATIC org/evosuite/testcarver/capture/Capturer.enable (ILjava/lang/Object;Ljava/lang/Object;)V
    ALOAD 1
    ATHROW
   L2
   FRAME SAME
    LDC -2147483629
    ALOAD 0
    GETSTATIC org/evosuite/testcarver/capture/CaptureLog.RETURN_TYPE_VOID : Ljava/lang/Object;
    INVOKESTATIC org/evosuite/testcarver/capture/Capturer.enable (ILjava/lang/Object;Ljava/lang/Object;)V
    RETURN
    MAXSTACK = 8
    MAXLOCALS = 0

  // access flags 0x1
  public test0()V throws java/lang/Throwable
  @Lorg/junit/Test;()
    TRYCATCHBLOCK L0 L1 L1 java/lang/Throwable
   L0
    LDC -2147483628
    ALOAD 0
    LDC "test0"
    LDC "()V"
    BIPUSH 0
    ANEWARRAY java/lang/Object
    INVOKESTATIC org/evosuite/testcarver/capture/Capturer.capture (ILjava/lang/Object;Ljava/lang/String;Ljava/lang/String;[Ljava/lang/Object;)V
    ALOAD 0
    INVOKEVIRTUAL com/examples/with/different/packagename/testcarver/PersonWithJavaAgentSystemTest._sw_prototype_original_test0 ()V
    GOTO L2
   L1
   FRAME SAME1 java/lang/Throwable
    ASTORE 1
    LDC -2147483628
    ALOAD 0
    GETSTATIC org/evosuite/testcarver/capture/CaptureLog.RETURN_TYPE_VOID : Ljava/lang/Object;
    INVOKESTATIC org/evosuite/testcarver/capture/Capturer.enable (ILjava/lang/Object;Ljava/lang/Object;)V
    ALOAD 1
    ATHROW
   L2
   FRAME SAME
    LDC -2147483628
    ALOAD 0
    GETSTATIC org/evosuite/testcarver/capture/CaptureLog.RETURN_TYPE_VOID : Ljava/lang/Object;
    INVOKESTATIC org/evosuite/testcarver/capture/Capturer.enable (ILjava/lang/Object;Ljava/lang/Object;)V
    RETURN
    MAXSTACK = 8
    MAXLOCALS = 0
}
INFO  org.evosuite.testcarver.extraction.CarvingClassLoader - Keeping class: com.examples.with.different.packagename.testcarver.PersonWithJavaAgentSystemTest
INFO  org.evosuite.runtime.agent.AgentLoader - dynamically loading javaagent
WARN  org.evosuite.runtime.agent.AgentLoader - Failed to find EvoSuite jar in current classloader. URLs of classloader:
INFO  org.evosuite.runtime.agent.AgentLoader - Using JavaAgent in /app/master/target/original-evosuite-master-1.2.1-SNAPSHOT.jar
INFO  org.evosuite.runtime.agent.AgentLoader - Classpath: /app/master/target/test-classes:/app/master/target/classes:/home/jules/.m2/repository/org/evosuite/evosuite-runtime/1.2.1-SNAPSHOT/evosuite-runtime-1.2.1-SNAPSHOT.jar:/home/jules/.m2/repository/org/mockito/mockito-core/5.21.0/mockito-core-5.21.0.jar:/home/jules/.m2/repository/net/bytebuddy/byte-buddy/1.17.7/byte-buddy-1.17.7.jar:/home/jules/.m2/repository/net/bytebuddy/byte-buddy-agent/1.17.7/byte-buddy-agent-1.17.7.jar:/home/jules/.m2/repository/org/objenesis/objenesis/3.3/objenesis-3.3.jar:/home/jules/.m2/repository/org/slf4j/slf4j-api/2.0.16/slf4j-api-2.0.16.jar:/home/jules/.m2/repository/org/ow2/asm/asm/9.9.1/asm-9.9.1.jar:/home/jules/.m2/repository/org/ow2/asm/asm-commons/9.9.1/asm-commons-9.9.1.jar:/home/jules/.m2/repository/org/ow2/asm/asm-tree/9.9.1/asm-tree-9.9.1.jar:/home/jules/.m2/repository/org/ow2/asm/asm-analysis/9.9.1/asm-analysis-9.9.1.jar:/home/jules/.m2/repository/org/ow2/asm/asm-util/9.9.1/asm-util-9.9.1.jar:/home/jules/.m2/repository/javax/xml/ws/jaxws-api/2.3.1/jaxws-api-2.3.1.jar:/home/jules/.m2/repository/javax/xml/soap/javax.xml.soap-api/1.4.0/javax.xml.soap-api-1.4.0.jar:/home/jules/.m2/repository/javax/annotation/javax.annotation-api/1.3.2/javax.annotation-api-1.3.2.jar:/home/jules/.m2/repository/org/evosuite/evosuite-client/1.2.1-SNAPSHOT/evosuite-client-1.2.1-SNAPSHOT-tests.jar:/home/jules/.m2/repository/junit/junit/4.13.2/junit-4.13.2.jar:/home/jules/.m2/repository/org/hamcrest/hamcrest-core/1.3/hamcrest-core-1.3.jar:/home/jules/.m2/repository/com/opencsv/opencsv/5.12.0/opencsv-5.12.0.jar:/home/jules/.m2/repository/org/apache/commons/commons-text/1.13.1/commons-text-1.13.1.jar:/home/jules/.m2/repository/commons-beanutils/commons-beanutils/1.11.0/commons-beanutils-1.11.0.jar:/home/jules/.m2/repository/commons-logging/commons-logging/1.3.5/commons-logging-1.3.5.jar:/home/jules/.m2/repository/commons-collections/commons-collections/3.2.2/commons-collections-3.2.2.jar:/home/jules/.m2/repository/org/apache/commons/commons-collections4/4.5.0/commons-collections4-4.5.0.jar:/home/jules/.m2/repository/dk/brics/automaton/automaton/1.11-8/automaton-1.11-8.jar:/home/jules/.m2/repository/com/googlecode/gentyref/gentyref/1.2.0/gentyref-1.2.0.jar:/home/jules/.m2/repository/net/sf/jgrapht/jgrapht/0.8.3/jgrapht-0.8.3.jar:/home/jules/.m2/repository/com/thoughtworks/xstream/xstream/1.4.21/xstream-1.4.21.jar:/home/jules/.m2/repository/io/github/x-stream/mxparser/1.2.2/mxparser-1.2.2.jar:/home/jules/.m2/repository/xmlpull/xmlpull/1.1.3.1/xmlpull-1.1.3.1.jar:/home/jules/.m2/repository/org/kohsuke/graphviz-api/1.1/graphviz-api-1.1.jar:/home/jules/.m2/repository/oro/oro/2.0.8/oro-2.0.8.jar:/home/jules/.m2/repository/org/apache/commons/commons-exec/1.3/commons-exec-1.3.jar:/home/jules/.m2/repository/org/junit/jupiter/junit-jupiter/5.8.0/junit-jupiter-5.8.0.jar:/home/jules/.m2/repository/org/junit/jupiter/junit-jupiter-params/5.8.0/junit-jupiter-params-5.8.0.jar:/home/jules/.m2/repository/org/junit/jupiter/junit-jupiter-engine/5.8.0/junit-jupiter-engine-5.8.0.jar:/home/jules/.m2/repository/org/junit/platform/junit-platform-engine/1.8.0/junit-platform-engine-1.8.0.jar:/home/jules/.m2/repository/org/junit/jupiter/junit-jupiter-api/5.8.0/junit-jupiter-api-5.8.0.jar:/home/jules/.m2/repository/org/opentest4j/opentest4j/1.2.0/opentest4j-1.2.0.jar:/home/jules/.m2/repository/org/junit/platform/junit-platform-commons/1.8.0/junit-platform-commons-1.8.0.jar:/home/jules/.m2/repository/org/apiguardian/apiguardian-api/1.1.2/apiguardian-api-1.1.2.jar:/home/jules/.m2/repository/org/junit/platform/junit-platform-runner/1.8.0/junit-platform-runner-1.8.0.jar:/home/jules/.m2/repository/org/junit/platform/junit-platform-launcher/1.8.0/junit-platform-launcher-1.8.0.jar:/home/jules/.m2/repository/org/junit/platform/junit-platform-suite-api/1.8.0/junit-platform-suite-api-1.8.0.jar:/home/jules/.m2/repository/org/junit/platform/junit-platform-suite-commons/1.8.0/junit-platform-suite-commons-1.8.0.jar:/home/jules/.m2/repository/org/evosuite/evosuite-client/1.2.1-SNAPSHOT/evosuite-client-1.2.1-SNAPSHOT.jar:/home/jules/.m2/repository/com/google/code/findbugs/jsr305/3.0.2/jsr305-3.0.2.jar:/home/jules/.m2/repository/ch/qos/logback/logback-classic/1.5.27/logback-classic-1.5.27.jar:/home/jules/.m2/repository/ch/qos/logback/logback-core/1.5.27/logback-core-1.5.27.jar:/home/jules/.m2/repository/org/apache/commons/commons-lang3/3.20.0/commons-lang3-3.20.0.jar:/home/jules/.m2/repository/commons-io/commons-io/2.21.0/commons-io-2.21.0.jar:/home/jules/.m2/repository/commons-cli/commons-cli/1.11.0/commons-cli-1.11.0.jar:/home/jules/.m2/repository/com/sun/xml/bind/jaxb-core/2.3.0/jaxb-core-2.3.0.jar:/home/jules/.m2/repository/com/sun/xml/bind/jaxb-impl/2.3.0/jaxb-impl-2.3.0.jar:/home/jules/.m2/repository/javax/xml/bind/jaxb-api/2.3.0/jaxb-api-2.3.0.jar:/home/jules/.m2/repository/javax/activation/javax.activation-api/1.2.0/javax.activation-api-1.2.0.jar:
INFO  org.evosuite.runtime.agent.AgentLoader - Going to attach agent to process 2440
INFO  org.evosuite.runtime.agent.InstrumentingAgent - Executing agentmain of JavaAgent
INFO  org.evosuite.testcarver.extraction.CarvingRunListener - Not yet reached maximum time to carve unit tests - executing test with carver
INFO  org.evosuite.testcarver.capture.Capturer - Starting Capturer...
INFO  org.evosuite.testcarver.capture.Capturer - Capturer has been started successfully
ERROR org.evosuite.testcarver.capture.Capturer - CAPTURED call on Person: <init>
ERROR org.evosuite.testcarver.capture.Capturer - CAPTURED call on Person: init
ERROR org.evosuite.testcarver.capture.Capturer - CAPTURED call on Person: test0_1
ERROR org.evosuite.testcarver.capture.Capturer - CAPTURED call on Person: <init>
ERROR org.evosuite.testcarver.capture.Capturer - CAPTURED call on Person: getFirstName
ERROR org.evosuite.testcarver.capture.Capturer - CAPTURED call on Person: tearDown
INFO  org.evosuite.testcarver.capture.Capturer - Stopping Capturer...
INFO  org.evosuite.testcarver.capture.Capturer - Capturer has been stopped successfully
INFO  evo_logger -  - Carving test com.examples.with.different.packagename.testcarver.PersonWithJavaAgentSystemTest.test0_1
INFO  org.evosuite.testcarver.extraction.CarvingRunListener - Carved test of length 3
INFO  org.evosuite.utils.generic.GenericTypeInference - Type map empty
INFO  org.evosuite.testcarver.extraction.CarvingRunListener - Not yet reached maximum time to carve unit tests - executing test with carver
INFO  org.evosuite.testcarver.capture.Capturer - Starting Capturer...
INFO  org.evosuite.testcarver.capture.Capturer - Capturer has been started successfully
ERROR org.evosuite.testcarver.capture.Capturer - CAPTURED call on Person: <init>
ERROR org.evosuite.testcarver.capture.Capturer - CAPTURED call on Person: init
ERROR org.evosuite.testcarver.capture.Capturer - CAPTURED call on Person: test0
ERROR org.evosuite.testcarver.capture.Capturer - CAPTURED call on Person: <init>
ERROR org.evosuite.testcarver.capture.Capturer - CAPTURED call on Person: getLastName
ERROR org.evosuite.testcarver.capture.Capturer - CAPTURED call on Person: tearDown
INFO  org.evosuite.testcarver.capture.Capturer - Stopping Capturer...
INFO  org.evosuite.testcarver.capture.Capturer - Capturer has been stopped successfully
INFO  evo_logger -  - Carving test com.examples.with.different.packagename.testcarver.PersonWithJavaAgentSystemTest.test0
INFO  org.evosuite.testcarver.extraction.CarvingRunListener - Carved test of length 3
INFO  org.evosuite.utils.generic.GenericTypeInference - Type map empty
INFO  org.evosuite.testcarver.extraction.CarvingManager - Result: 0/2
INFO  org.evosuite.testcase.execution.TestCaseExecutor - No stalled threads
INFO  org.evosuite.testcarver.extraction.CarvingManager - Adding carved test without exception
INFO  org.evosuite.testcarver.extraction.CarvingManager - String string0 = "";
Person person0 = new Person(string0, string0);
person0.getFirstName();

INFO  org.evosuite.testcarver.extraction.CarvingManager - Adding carved test without exception
INFO  org.evosuite.testcarver.extraction.CarvingManager - String string0 = "";
Person person0 = new Person(string0, string0);
person0.getLastName();

INFO  evo_logger -  -> Carved 2 tests for class class com.examples.with.different.packagename.testcarver.Person from existing JUnit tests
INFO  evo_logger - * Using 2 carved tests from existing JUnit tests for seeding
INFO  org.evosuite.coverage.branch.BranchCoverageSuiteFitness - Total branch coverage goals: 3
INFO  org.evosuite.coverage.branch.BranchCoverageSuiteFitness - Total branches: 0
INFO  org.evosuite.coverage.branch.BranchCoverageSuiteFitness - Total branchless methods: 3
INFO  org.evosuite.coverage.branch.BranchCoverageSuiteFitness - Total methods: 3: [com.examples.with.different.packagename.testcarver.Person.getLastName()Ljava/lang/String;, com.examples.with.different.packagename.testcarver.Person.<init>(Ljava/lang/String;Ljava/lang/String;)V, com.examples.with.different.packagename.testcarver.Person.getFirstName()Ljava/lang/String;]
INFO  org.evosuite.coverage.branch.BranchCoverageSuiteFitness - (Methods) Best individual covers 0/0 branches and 3/3 methods
INFO  org.evosuite.coverage.branch.BranchCoverageSuiteFitness - Fitness: 0.0, size: 2, length: 6
INFO  org.evosuite.coverage.branch.BranchCoverageSuiteFitness - (Fitness) Best individual covers 0/0 branches and 3/3 methods
INFO  org.evosuite.coverage.branch.BranchCoverageSuiteFitness - Fitness: 0.0, size: 2, length: 6
INFO  org.evosuite.testcase.factories.JUnitTestCarvedChromosomeFactory - Cloning user test
INFO  org.evosuite.TestGenerationContext - *** Resetting context
INFO  org.evosuite.testcase.execution.TestCaseExecutor - TestCaseExecutor instance is non-null, but its actual executor is null
INFO  org.evosuite.TestGenerationContext - *** Resetting context
INFO  org.evosuite.testcase.execution.TestCaseExecutor - TestCaseExecutor instance is non-null, but its actual executor is null
INFO  evo_logger - * EvoSuite
INFO  evo_logger - * Going to generate test cases for class: com.examples.with.different.packagename.testcarver.DifficultClassWithoutCarving
WARN  org.evosuite.runtime.util.JarPathing - Classpath entry does not exist: /app/master
INFO  org.evosuite.runtime.util.JarPathing - Created jar path at /tmp/EvoSuite_pathingJar5374339394095774881.jar with CP: /app/master/target/test-classes/ /app/master/target/classes/ /home/jules/.m2/repository/org/evosuite/evosuite-runtime/1.2.1-SNAPSHOT/evosuite-runtime-1.2.1-SNAPSHOT.jar /home/jules/.m2/repository/org/mockito/mockito-core/5.21.0/mockito-core-5.21.0.jar /home/jules/.m2/repository/net/bytebuddy/byte-buddy/1.17.7/byte-buddy-1.17.7.jar /home/jules/.m2/repository/net/bytebuddy/byte-buddy-agent/1.17.7/byte-buddy-agent-1.17.7.jar /home/jules/.m2/repository/org/objenesis/objenesis/3.3/objenesis-3.3.jar /home/jules/.m2/repository/org/slf4j/slf4j-api/2.0.16/slf4j-api-2.0.16.jar /home/jules/.m2/repository/org/ow2/asm/asm/9.9.1/asm-9.9.1.jar /home/jules/.m2/repository/org/ow2/asm/asm-commons/9.9.1/asm-commons-9.9.1.jar /home/jules/.m2/repository/org/ow2/asm/asm-tree/9.9.1/asm-tree-9.9.1.jar /home/jules/.m2/repository/org/ow2/asm/asm-analysis/9.9.1/asm-analysis-9.9.1.jar /home/jules/.m2/repository/org/ow2/asm/asm-util/9.9.1/asm-util-9.9.1.jar /home/jules/.m2/repository/javax/xml/ws/jaxws-api/2.3.1/jaxws-api-2.3.1.jar /home/jules/.m2/repository/javax/xml/soap/javax.xml.soap-api/1.4.0/javax.xml.soap-api-1.4.0.jar /home/jules/.m2/repository/javax/annotation/javax.annotation-api/1.3.2/javax.annotation-api-1.3.2.jar /home/jules/.m2/repository/org/evosuite/evosuite-client/1.2.1-SNAPSHOT/evosuite-client-1.2.1-SNAPSHOT-tests.jar /home/jules/.m2/repository/junit/junit/4.13.2/junit-4.13.2.jar /home/jules/.m2/repository/org/hamcrest/hamcrest-core/1.3/hamcrest-core-1.3.jar /home/jules/.m2/repository/com/opencsv/opencsv/5.12.0/opencsv-5.12.0.jar /home/jules/.m2/repository/org/apache/commons/commons-text/1.13.1/commons-text-1.13.1.jar /home/jules/.m2/repository/commons-beanutils/commons-beanutils/1.11.0/commons-beanutils-1.11.0.jar /home/jules/.m2/repository/commons-logging/commons-logging/1.3.5/commons-logging-1.3.5.jar /home/jules/.m2/repository/commons-collections/commons-collections/3.2.2/commons-collections-3.2.2.jar /home/jules/.m2/repository/org/apache/commons/commons-collections4/4.5.0/commons-collections4-4.5.0.jar /home/jules/.m2/repository/dk/brics/automaton/automaton/1.11-8/automaton-1.11-8.jar /home/jules/.m2/repository/com/googlecode/gentyref/gentyref/1.2.0/gentyref-1.2.0.jar /home/jules/.m2/repository/net/sf/jgrapht/jgrapht/0.8.3/jgrapht-0.8.3.jar /home/jules/.m2/repository/com/thoughtworks/xstream/xstream/1.4.21/xstream-1.4.21.jar /home/jules/.m2/repository/io/github/x-stream/mxparser/1.2.2/mxparser-1.2.2.jar /home/jules/.m2/repository/xmlpull/xmlpull/1.1.3.1/xmlpull-1.1.3.1.jar /home/jules/.m2/repository/org/kohsuke/graphviz-api/1.1/graphviz-api-1.1.jar /home/jules/.m2/repository/oro/oro/2.0.8/oro-2.0.8.jar /home/jules/.m2/repository/org/apache/commons/commons-exec/1.3/commons-exec-1.3.jar /home/jules/.m2/repository/org/junit/jupiter/junit-jupiter/5.8.0/junit-jupiter-5.8.0.jar /home/jules/.m2/repository/org/junit/jupiter/junit-jupiter-params/5.8.0/junit-jupiter-params-5.8.0.jar /home/jules/.m2/repository/org/junit/jupiter/junit-jupiter-engine/5.8.0/junit-jupiter-engine-5.8.0.jar /home/jules/.m2/repository/org/junit/platform/junit-platform-engine/1.8.0/junit-platform-engine-1.8.0.jar /home/jules/.m2/repository/org/junit/jupiter/junit-jupiter-api/5.8.0/junit-jupiter-api-5.8.0.jar /home/jules/.m2/repository/org/opentest4j/opentest4j/1.2.0/opentest4j-1.2.0.jar /home/jules/.m2/repository/org/junit/platform/junit-platform-commons/1.8.0/junit-platform-commons-1.8.0.jar /home/jules/.m2/repository/org/apiguardian/apiguardian-api/1.1.2/apiguardian-api-1.1.2.jar /home/jules/.m2/repository/org/junit/platform/junit-platform-runner/1.8.0/junit-platform-runner-1.8.0.jar /home/jules/.m2/repository/org/junit/platform/junit-platform-launcher/1.8.0/junit-platform-launcher-1.8.0.jar /home/jules/.m2/repository/org/junit/platform/junit-platform-suite-api/1.8.0/junit-platform-suite-api-1.8.0.jar /home/jules/.m2/repository/org/junit/platform/junit-platform-suite-commons/1.8.0/junit-platform-suite-commons-1.8.0.jar /home/jules/.m2/repository/org/evosuite/evosuite-client/1.2.1-SNAPSHOT/evosuite-client-1.2.1-SNAPSHOT.jar /home/jules/.m2/repository/com/google/code/findbugs/jsr305/3.0.2/jsr305-3.0.2.jar /home/jules/.m2/repository/ch/qos/logback/logback-classic/1.5.27/logback-classic-1.5.27.jar /home/jules/.m2/repository/ch/qos/logback/logback-core/1.5.27/logback-core-1.5.27.jar /home/jules/.m2/repository/org/apache/commons/commons-lang3/3.20.0/commons-lang3-3.20.0.jar /home/jules/.m2/repository/commons-io/commons-io/2.21.0/commons-io-2.21.0.jar /home/jules/.m2/repository/commons-cli/commons-cli/1.11.0/commons-cli-1.11.0.jar /home/jules/.m2/repository/com/sun/xml/bind/jaxb-core/2.3.0/jaxb-core-2.3.0.jar /home/jules/.m2/repository/com/sun/xml/bind/jaxb-impl/2.3.0/jaxb-impl-2.3.0.jar /home/jules/.m2/repository/javax/xml/bind/jaxb-api/2.3.0/jaxb-api-2.3.0.jar /home/jules/.m2/repository/javax/activation/javax.activation-api/1.2.0/javax.activation-api-1.2.0.jar /app/master/target/test-classes/ /app/master/../runtime/target/test-classes/ /app/master/../client/target/test-classes/ /app/master/external/
INFO  org.evosuite.classpath.ClassPathHacker - Trying to add URL to class path: file:/app/master/target/test-classes/
INFO  org.evosuite.classpath.ClassPathHacker - Did not add file:/app/master/target/test-classes/, because system class loader is no URLClassLoader
INFO  org.evosuite.classpath.ClassPathHacker - Trying to add URL to class path: file:/app/master/../runtime/target/test-classes/
INFO  org.evosuite.classpath.ClassPathHacker - Did not add file:/app/master/../runtime/target/test-classes/, because system class loader is no URLClassLoader
INFO  org.evosuite.classpath.ClassPathHacker - Trying to add URL to class path: file:/app/master/../client/target/test-classes/
INFO  org.evosuite.classpath.ClassPathHacker - Did not add file:/app/master/../client/target/test-classes/, because system class loader is no URLClassLoader
INFO  org.evosuite.classpath.ClassPathHacker - Trying to add URL to class path: file:/app/master/external/
INFO  org.evosuite.classpath.ClassPathHacker - Did not add file:/app/master/external/, because system class loader is no URLClassLoader
INFO  evo_logger - * Starting Client-0
INFO  evo_logger - * Connecting to master process on port 9922
INFO  org.evosuite.rmi.service.ClientNodeImpl - Client changing state from NOT_STARTED to STARTED
INFO  evo_logger - * Analyzing classpath:
INFO  org.evosuite.rmi.service.ClientNodeImpl - Client changing state from STARTED to INITIALIZATION
INFO  evo_logger -   - /app/master/target/test-classes
INFO  org.evosuite.setup.InheritanceTreeGenerator - Analyzing class org/evosuite/statistics/TimelineForCombinedFitness1SystemTest
INFO  org.evosuite.setup.InheritanceTreeGenerator - Analyzing class org/evosuite/statistics/TimelineForCombinedFitnessBothIntTest
INFO  org.evosuite.setup.InheritanceTreeGenerator - Analyzing class org/evosuite/statistics/SearchStatisticsTest
INFO  org.evosuite.setup.InheritanceTreeGenerator - Analyzing class org/evosuite/statistics/SearchStatisticsSystemTest
INFO  org.evosuite.setup.InheritanceTreeGenerator - Analyzing class org/evosuite/statistics/TimelineForCombinedFitness2SystemTest
INFO  org.evosuite.setup.InheritanceTreeGenerator - Analyzing class org/evosuite/testsuite/TestSuiteMinimizerSystemTest
INFO  org.evosuite.setup.InheritanceTreeGenerator - Analyzing class org/evosuite/symbolic/MaxSystemTest
INFO  org.evosuite.setup.InheritanceTreeGenerator - Analyzing class org/evosuite/determinism/BaseDeterminismSystemTest
INFO  org.evosuite.setup.InheritanceTreeGenerator - Analyzing class org/evosuite/runtime/sandbox/DeleteFileSystemTest
INFO  org.evosuite.setup.InheritanceTreeGenerator - Analyzing class org/evosuite/runtime/sandbox/ReadWriteSystemPropertiesSystemTest
INFO  org.evosuite.setup.InheritanceTreeGenerator - Analyzing class org/evosuite/runtime/sandbox/GeneratedFilesEvenWithSandboxSystemTest
INFO  org.evosuite.setup.InheritanceTreeGenerator - Analyzing class org/evosuite/runtime/SUTWithSystemExitSystemTest$SafeExit
INFO  org.evosuite.setup.InheritanceTreeGenerator - Analyzing class org/evosuite/runtime/mock/javax/swing/MockJOptionPaneSystemTest
INFO  org.evosuite.setup.InheritanceTreeGenerator - Analyzing class org/evosuite/runtime/SUTWithSystemExitSystemTest
INFO  org.evosuite.setup.InheritanceTreeGenerator - Analyzing class org/evosuite/runtime/SUTWithSystemExitSystemTest$1
INFO  org.evosuite.setup.InheritanceTreeGenerator - Analyzing class org/evosuite/runtime/CurrentTimeSystemTest
INFO  org.evosuite.setup.InheritanceTreeGenerator - Analyzing class org/evosuite/runtime/RandomCallSystemTest
INFO  org.evosuite.setup.InheritanceTreeGenerator - Analyzing class org/evosuite/runtime/classhandling/StaticInitCatchNullPointerSystemTest
INFO  org.evosuite.setup.InheritanceTreeGenerator - Analyzing class org/evosuite/runtime/classhandling/StaticInitCatchImplicitNullPointerSystemTest
INFO  org.evosuite.setup.InheritanceTreeGenerator - Analyzing class org/evosuite/runtime/classhandling/ClassWithProtectedConstructorSystemTest$1
INFO  org.evosuite.setup.InheritanceTreeGenerator - Analyzing class org/evosuite/runtime/classhandling/FailingStaticInitializerSystemTest
INFO  org.evosuite.setup.InheritanceTreeGenerator - Analyzing class org/evosuite/runtime/classhandling/StaticSingletonResetSystemTest
INFO  org.evosuite.setup.InheritanceTreeGenerator - Analyzing class org/evosuite/runtime/classhandling/IssueStaticInitializerWithTryCatchSystemTest
INFO  org.evosuite.setup.InheritanceTreeGenerator - Analyzing class org/evosuite/runtime/classhandling/StaticInitThrowsNullPointerSystemTest
INFO  org.evosuite.setup.InheritanceTreeGenerator - Analyzing class org/evosuite/runtime/classhandling/ClassWithProtectedConstructorSystemTest
INFO  org.evosuite.setup.InheritanceTreeGenerator - Analyzing class org/evosuite/runtime/classhandling/FlakyGetStaticSystemTest
INFO  org.evosuite.setup.InheritanceTreeGenerator - Analyzing class org/evosuite/localsearch/L4CollectionsSystemTest
INFO  org.evosuite.setup.InheritanceTreeGenerator - Analyzing class org/evosuite/localsearch/TP118SystemTest
INFO  org.evosuite.setup.InheritanceTreeGenerator - Analyzing class org/evosuite/localsearch/LocalSearchNumericSystemTest
INFO  org.evosuite.setup.InheritanceTreeGenerator - Analyzing class org/evosuite/localsearch/URISystemTest
INFO  org.evosuite.setup.InheritanceTreeGenerator - Analyzing class org/evosuite/localsearch/LocalSearchSystemTest
INFO  org.evosuite.setup.InheritanceTreeGenerator - Analyzing class org/evosuite/localsearch/EnvironmentDataSystemTest
INFO  org.evosuite.setup.InheritanceTreeGenerator - Analyzing class org/evosuite/localsearch/PatSystemTest
INFO  org.evosuite.setup.InheritanceTreeGenerator - Analyzing class org/evosuite/localsearch/DseWithFileSystemTest
INFO  org.evosuite.setup.InheritanceTreeGenerator - Analyzing class org/evosuite/localsearch/CBranchFitnessArchiveSystemTest
INFO  org.evosuite.setup.InheritanceTreeGenerator - Analyzing class org/evosuite/localsearch/AnonymousClassSystemTest
INFO  org.evosuite.setup.InheritanceTreeGenerator - Analyzing class org/evosuite/localsearch/Issre13SystemTest
INFO  org.evosuite.setup.InheritanceTreeGenerator - Analyzing class org/evosuite/localsearch/HardConstraintsNoDSESystemTest
INFO  org.evosuite.setup.InheritanceTreeGenerator - Analyzing class org/evosuite/localsearch/DseWithLocalAddressSystemTest
INFO  org.evosuite.setup.InheritanceTreeGenerator - Analyzing class org/evosuite/localsearch/ExampleHardForGASystemTest
INFO  org.evosuite.setup.InheritanceTreeGenerator - Analyzing class org/evosuite/localsearch/DseWithUrlSystemTest
INFO  org.evosuite.setup.InheritanceTreeGenerator - Analyzing class org/evosuite/localsearch/FileSuffixLSSystemTest
INFO  org.evosuite.setup.InheritanceTreeGenerator - Analyzing class org/evosuite/localsearch/RegexSystemTest
INFO  org.evosuite.setup.InheritanceTreeGenerator - Analyzing class org/evosuite/localsearch/LocalSearchArraySystemTest
INFO  org.evosuite.setup.InheritanceTreeGenerator - Analyzing class org/evosuite/localsearch/Issta14SystemTest
INFO  org.evosuite.setup.InheritanceTreeGenerator - Analyzing class org/evosuite/localsearch/TP1SystemTest
INFO  org.evosuite.setup.InheritanceTreeGenerator - Analyzing class org/evosuite/localsearch/PostCodeValidatorSystemTest
INFO  org.evosuite.setup.InheritanceTreeGenerator - Analyzing class org/evosuite/localsearch/FileSuffixDSESystemTest
INFO  org.evosuite.setup.InheritanceTreeGenerator - Analyzing class org/evosuite/localsearch/HardConstraintsDSESystemTest
INFO  org.evosuite.setup.InheritanceTreeGenerator - Analyzing class org/evosuite/localsearch/CookieSystemTest
INFO  org.evosuite.setup.InheritanceTreeGenerator - Analyzing class org/evosuite/localsearch/DseWithSocketSystemTest
INFO  org.evosuite.setup.InheritanceTreeGenerator - Analyzing class org/evosuite/localsearch/CalcSystemTest
INFO  org.evosuite.setup.InheritanceTreeGenerator - Analyzing class org/evosuite/localsearch/LO_OtherSystemTest
INFO  org.evosuite.setup.InheritanceTreeGenerator - Analyzing class org/evosuite/contracts/ContractGenerationSystemTest
INFO  org.evosuite.setup.InheritanceTreeGenerator - Analyzing class org/evosuite/testcarver/CarverSystemTest
INFO  org.evosuite.setup.InheritanceTreeGenerator - Analyzing class org/evosuite/utils/SystemInUtilSystemTest
INFO  org.evosuite.setup.InheritanceTreeGenerator - Analyzing class org/evosuite/mock/java/io/MockRandomSystemTest
INFO  org.evosuite.setup.InheritanceTreeGenerator - Analyzing class org/evosuite/mock/java/io/MockFileSystemTest
INFO  org.evosuite.setup.InheritanceTreeGenerator - Analyzing class org/evosuite/mock/java/lang/MockThreadSystemTest
INFO  org.evosuite.setup.InheritanceTreeGenerator - Analyzing class org/evosuite/mock/java/lang/MockExceptionSystemTest
INFO  org.evosuite.setup.InheritanceTreeGenerator - Analyzing class org/evosuite/mock/java/lang/MockRuntimeSystemTest
INFO  org.evosuite.setup.InheritanceTreeGenerator - Analyzing class org/evosuite/mock/java/lang/SourceExceptionsSystemTest
INFO  org.evosuite.setup.InheritanceTreeGenerator - Analyzing class org/evosuite/mock/java/util/MockDateSystemTest
INFO  org.evosuite.setup.InheritanceTreeGenerator - Analyzing class org/evosuite/mock/java/util/PreferencesSystemTest
INFO  org.evosuite.setup.InheritanceTreeGenerator - Analyzing class org/evosuite/mock/java/time/MockInstantSystemTest
INFO  org.evosuite.setup.InheritanceTreeGenerator - Analyzing class org/evosuite/mock/java/time/MockClockSystemTest
INFO  org.evosuite.setup.InheritanceTreeGenerator - Analyzing class org/evosuite/mock/java/time/MockLocalDateSystemTest
INFO  org.evosuite.setup.InheritanceTreeGenerator - Analyzing class org/evosuite/mock/java/net/MockTcpSystemTest
INFO  org.evosuite.setup.InheritanceTreeGenerator - Analyzing class org/evosuite/mock/java/net/MockUrlSystemTest
INFO  org.evosuite.setup.InheritanceTreeGenerator - Analyzing class org/evosuite/mock/java/net/MockUdpSystemTest
INFO  org.evosuite.setup.InheritanceTreeGenerator - Analyzing class org/evosuite/TargetMethodSystemTest
INFO  org.evosuite.setup.InheritanceTreeGenerator - Analyzing class org/evosuite/setup/AddMethodsInitStaticFieldsSystemTest
INFO  org.evosuite.setup.InheritanceTreeGenerator - Analyzing class org/evosuite/setup/InterfaceSystemTest
INFO  org.evosuite.setup.InheritanceTreeGenerator - Analyzing class org/evosuite/seeding/ObjectPoolSystemTest
INFO  org.evosuite.setup.InheritanceTreeGenerator - Analyzing class org/evosuite/seeding/factories/RandomMethodSeedingTestSuiteChromosomeFactorySystemTest
INFO  org.evosuite.setup.InheritanceTreeGenerator - Analyzing class org/evosuite/seeding/factories/ChromosomeSampleFactory
INFO  org.evosuite.setup.InheritanceTreeGenerator - Analyzing class org/evosuite/seeding/factories/BIMethodSeedingTestSuiteChromosomeFactorySystemTest
INFO  org.evosuite.setup.InheritanceTreeGenerator - Analyzing class org/evosuite/seeding/factories/RandomIndividualTestSuiteChromosomeFactorySystemTest
INFO  org.evosuite.setup.InheritanceTreeGenerator - Analyzing class org/evosuite/seeding/factories/BestIndividualTestSuiteChromosomeFactorySystemTest
INFO  org.evosuite.setup.InheritanceTreeGenerator - Analyzing class org/evosuite/seeding/factories/TestSampleFactory
INFO  org.evosuite.setup.InheritanceTreeGenerator - Analyzing class org/evosuite/seeding/factories/BIandRITestSuiteChromosomeFactorySystemTest
INFO  org.evosuite.setup.InheritanceTreeGenerator - Analyzing class org/evosuite/seeding/factories/BIMutatedMethodSeedingTestSuiteChromosomeFactorySystemTest
INFO  org.evosuite.setup.InheritanceTreeGenerator - Analyzing class org/evosuite/seeding/TypeSeedingSystemTest
INFO  org.evosuite.setup.InheritanceTreeGenerator - Analyzing class org/evosuite/seeding/NumericDynamicSeedingSystemTest
INFO  org.evosuite.setup.InheritanceTreeGenerator - Analyzing class org/evosuite/seeding/TrivialForDynamicSeedingSystemTest
INFO  org.evosuite.setup.InheritanceTreeGenerator - Analyzing class org/evosuite/classpath/ResourceListSystemTest
INFO  org.evosuite.setup.InheritanceTreeGenerator - Analyzing class org/evosuite/ga/TestNSGAChromosome
INFO  org.evosuite.setup.InheritanceTreeGenerator - Analyzing class org/evosuite/ga/variables/DoubleVariable
INFO  org.evosuite.setup.InheritanceTreeGenerator - Analyzing class org/evosuite/ga/variables/Variable
INFO  org.evosuite.setup.InheritanceTreeGenerator - Analyzing class org/evosuite/ga/ChromosomeTest
INFO  org.evosuite.setup.InheritanceTreeGenerator - Analyzing class org/evosuite/ga/problems/Problem
INFO  org.evosuite.setup.InheritanceTreeGenerator - Analyzing class org/evosuite/ga/problems/singleobjective/TestBooths
INFO  org.evosuite.setup.InheritanceTreeGenerator - Analyzing class org/evosuite/ga/problems/singleobjective/ThreeHump
INFO  org.evosuite.setup.InheritanceTreeGenerator - Analyzing class org/evosuite/ga/problems/singleobjective/Beales
INFO  org.evosuite.setup.InheritanceTreeGenerator - Analyzing class org/evosuite/ga/problems/singleobjective/TestBeales
INFO  org.evosuite.setup.InheritanceTreeGenerator - Analyzing class org/evosuite/ga/problems/singleobjective/Sphere$1fFitnessFunction
INFO  org.evosuite.setup.InheritanceTreeGenerator - Analyzing class org/evosuite/ga/problems/singleobjective/TestShere
INFO  org.evosuite.setup.InheritanceTreeGenerator - Analyzing class org/evosuite/ga/problems/singleobjective/Beales$1fFitnessFunction
INFO  org.evosuite.setup.InheritanceTreeGenerator - Analyzing class org/evosuite/ga/problems/singleobjective/Sphere
INFO  org.evosuite.setup.InheritanceTreeGenerator - Analyzing class org/evosuite/ga/problems/singleobjective/ThreeHump$1fFitnessFunction
INFO  org.evosuite.setup.InheritanceTreeGenerator - Analyzing class org/evosuite/ga/problems/singleobjective/Booths
INFO  org.evosuite.setup.InheritanceTreeGenerator - Analyzing class org/evosuite/ga/problems/singleobjective/Booths$1fFitnessFunction
INFO  org.evosuite.setup.InheritanceTreeGenerator - Analyzing class org/evosuite/ga/problems/singleobjective/TestThreeHump
INFO  org.evosuite.setup.InheritanceTreeGenerator - Analyzing class org/evosuite/ga/problems/metrics/Spacing
INFO  org.evosuite.setup.InheritanceTreeGenerator - Analyzing class org/evosuite/ga/problems/metrics/Metrics
INFO  org.evosuite.setup.InheritanceTreeGenerator - Analyzing class org/evosuite/ga/problems/metrics/MetricsTest
INFO  org.evosuite.setup.InheritanceTreeGenerator - Analyzing class org/evosuite/ga/problems/metrics/GenerationalDistance
INFO  org.evosuite.setup.InheritanceTreeGenerator - Analyzing class org/evosuite/ga/problems/multiobjective/SCH
INFO  org.evosuite.setup.InheritanceTreeGenerator - Analyzing class org/evosuite/ga/problems/multiobjective/SCH2IntTest
INFO  org.evosuite.setup.InheritanceTreeGenerator - Analyzing class org/evosuite/ga/problems/multiobjective/FONIntTest
INFO  org.evosuite.setup.InheritanceTreeGenerator - Analyzing class org/evosuite/ga/problems/multiobjective/POL$1f2FitnessFunction
INFO  org.evosuite.setup.InheritanceTreeGenerator - Analyzing class org/evosuite/ga/problems/multiobjective/KURIntTest
INFO  org.evosuite.setup.InheritanceTreeGenerator - Analyzing class org/evosuite/ga/problems/multiobjective/ZDT1$1f2FitnessFunction
INFO  org.evosuite.setup.InheritanceTreeGenerator - Analyzing class org/evosuite/ga/problems/multiobjective/ZDT6$1f2FitnessFunction
INFO  org.evosuite.setup.InheritanceTreeGenerator - Analyzing class org/evosuite/ga/problems/multiobjective/ZDT6$1f1FitnessFunction
INFO  org.evosuite.setup.InheritanceTreeGenerator - Analyzing class org/evosuite/ga/problems/multiobjective/ZDT1IntTest
INFO  org.evosuite.setup.InheritanceTreeGenerator - Analyzing class org/evosuite/ga/problems/multiobjective/KUR$1f2FitnessFunction
INFO  org.evosuite.setup.InheritanceTreeGenerator - Analyzing class org/evosuite/ga/problems/multiobjective/POL$1f1FitnessFunction
INFO  org.evosuite.setup.InheritanceTreeGenerator - Analyzing class org/evosuite/ga/problems/multiobjective/ZDT1
INFO  org.evosuite.setup.InheritanceTreeGenerator - Analyzing class org/evosuite/ga/problems/multiobjective/SCH2$1f2FitnessFunction
INFO  org.evosuite.setup.InheritanceTreeGenerator - Analyzing class org/evosuite/ga/problems/multiobjective/KUR
INFO  org.evosuite.setup.InheritanceTreeGenerator - Analyzing class org/evosuite/ga/problems/multiobjective/FON$1f2FitnessFunction
INFO  org.evosuite.setup.InheritanceTreeGenerator - Analyzing class org/evosuite/ga/problems/multiobjective/SCH2$1f1FitnessFunction
INFO  org.evosuite.setup.InheritanceTreeGenerator - Analyzing class org/evosuite/ga/problems/multiobjective/ZDT4$1f1FitnessFunction
INFO  org.evosuite.setup.InheritanceTreeGenerator - Analyzing class org/evosuite/ga/problems/multiobjective/ZDT4IntTest
INFO  org.evosuite.setup.InheritanceTreeGenerator - Analyzing class org/evosuite/ga/problems/multiobjective/SCH$1f2FitnessFunction
INFO  org.evosuite.setup.InheritanceTreeGenerator - Analyzing class org/evosuite/ga/problems/multiobjective/ZDT6IntTest
INFO  org.evosuite.setup.InheritanceTreeGenerator - Analyzing class org/evosuite/ga/problems/multiobjective/SCH2
INFO  org.evosuite.setup.InheritanceTreeGenerator - Analyzing class org/evosuite/ga/problems/multiobjective/POLIntTest
INFO  org.evosuite.setup.InheritanceTreeGenerator - Analyzing class org/evosuite/ga/problems/multiobjective/SCH$1f1FitnessFunction
INFO  org.evosuite.setup.InheritanceTreeGenerator - Analyzing class org/evosuite/ga/problems/multiobjective/ZDT4$1f2FitnessFunction
INFO  org.evosuite.setup.InheritanceTreeGenerator - Analyzing class org/evosuite/ga/problems/multiobjective/ZDT4
INFO  org.evosuite.setup.InheritanceTreeGenerator - Analyzing class org/evosuite/ga/problems/multiobjective/ZDT1$1f1FitnessFunction
INFO  org.evosuite.setup.InheritanceTreeGenerator - Analyzing class org/evosuite/ga/problems/multiobjective/FON$1f1FitnessFunction
INFO  org.evosuite.setup.InheritanceTreeGenerator - Analyzing class org/evosuite/ga/problems/multiobjective/ZDT6
INFO  org.evosuite.setup.InheritanceTreeGenerator - Analyzing class org/evosuite/ga/problems/multiobjective/KUR$1f1FitnessFunction
INFO  org.evosuite.setup.InheritanceTreeGenerator - Analyzing class org/evosuite/ga/problems/multiobjective/POL
INFO  org.evosuite.setup.InheritanceTreeGenerator - Analyzing class org/evosuite/ga/problems/multiobjective/SCHIntTest
INFO  org.evosuite.setup.InheritanceTreeGenerator - Analyzing class org/evosuite/ga/problems/multiobjective/FON
INFO  org.evosuite.setup.InheritanceTreeGenerator - Analyzing class org/evosuite/ga/comparators/TestStrengthFitnessComparator
INFO  org.evosuite.setup.InheritanceTreeGenerator - Analyzing class org/evosuite/ga/comparators/TestPreferenceSortingComparator$1
INFO  org.evosuite.setup.InheritanceTreeGenerator - Analyzing class org/evosuite/ga/comparators/TestDominanceComparator$1
INFO  org.evosuite.setup.InheritanceTreeGenerator - Analyzing class org/evosuite/ga/comparators/TestPreferenceSortingComparator
INFO  org.evosuite.setup.InheritanceTreeGenerator - Analyzing class org/evosuite/ga/comparators/TestRankAndCrowdingDistanceComparator
INFO  org.evosuite.setup.InheritanceTreeGenerator - Analyzing class org/evosuite/ga/comparators/TestPreferenceSortingComparator$MaximizingFitnessFunction
INFO  org.evosuite.setup.InheritanceTreeGenerator - Analyzing class org/evosuite/ga/comparators/TestDominanceComparator
INFO  org.evosuite.setup.InheritanceTreeGenerator - Analyzing class org/evosuite/ga/comparators/TestCrowdingComparator
INFO  org.evosuite.setup.InheritanceTreeGenerator - Analyzing class org/evosuite/ga/comparators/TestDominanceComparator$MaximizingFitnessFunction
INFO  org.evosuite.setup.InheritanceTreeGenerator - Analyzing class org/evosuite/ga/comparators/TestSortByFitness
INFO  org.evosuite.setup.InheritanceTreeGenerator - Analyzing class org/evosuite/ga/ranking/FastNonDominatedSortingTest
INFO  org.evosuite.setup.InheritanceTreeGenerator - Analyzing class org/evosuite/ga/ranking/CrowdingDistanceTest
INFO  org.evosuite.setup.InheritanceTreeGenerator - Analyzing class org/evosuite/ga/ranking/RankBasedPreferenceSortingTest
INFO  org.evosuite.setup.InheritanceTreeGenerator - Analyzing class org/evosuite/ga/metaheuristics/MIOSystemTest
INFO  org.evosuite.setup.InheritanceTreeGenerator - Analyzing class org/evosuite/ga/metaheuristics/NSGAIISystemTest
INFO  org.evosuite.setup.InheritanceTreeGenerator - Analyzing class org/evosuite/ga/metaheuristics/SPEA2SystemTest
INFO  org.evosuite.setup.InheritanceTreeGenerator - Analyzing class org/evosuite/ga/metaheuristics/CellularGASystemTest
INFO  org.evosuite.setup.InheritanceTreeGenerator - Analyzing class org/evosuite/ga/metaheuristics/OnePlusLambdaLambdaGASystemTest
INFO  org.evosuite.setup.InheritanceTreeGenerator - Analyzing class org/evosuite/ga/metaheuristics/BreederGASystemTest
INFO  org.evosuite.setup.InheritanceTreeGenerator - Analyzing class org/evosuite/ga/metaheuristics/RandomFactory
INFO  org.evosuite.setup.InheritanceTreeGenerator - Analyzing class org/evosuite/ga/metaheuristics/StandardChemicalReactionSystemTest
INFO  org.evosuite.setup.InheritanceTreeGenerator - Analyzing class org/evosuite/ga/metaheuristics/SPEA2Test
INFO  org.evosuite.setup.InheritanceTreeGenerator - Analyzing class org/evosuite/ga/metaheuristics/NeighbourhoodTest
INFO  org.evosuite.setup.InheritanceTreeGenerator - Analyzing class org/evosuite/ga/metaheuristics/OnePlusOneEASystemTest
INFO  org.evosuite.setup.InheritanceTreeGenerator - Analyzing class org/evosuite/ga/NSGAChromosome
INFO  org.evosuite.setup.InheritanceTreeGenerator - Analyzing class org/evosuite/ga/operators/crossover/TestSBXCrossOver
INFO  org.evosuite.setup.InheritanceTreeGenerator - Analyzing class org/evosuite/ga/operators/crossover/SBXCrossover
INFO  org.evosuite.setup.InheritanceTreeGenerator - Analyzing class org/evosuite/ga/operators/selection/TournamentSelectionTest
INFO  org.evosuite.setup.InheritanceTreeGenerator - Analyzing class org/evosuite/ga/operators/selection/TestSelectionOperators
INFO  org.evosuite.setup.InheritanceTreeGenerator - Analyzing class org/evosuite/ga/operators/selection/TestBinaryTournamentSelectionCrowdedComparison
INFO  org.evosuite.setup.InheritanceTreeGenerator - Analyzing class org/evosuite/xsd/GenerationUtilTest
INFO  org.evosuite.setup.InheritanceTreeGenerator - Analyzing class org/evosuite/xsd/ProjectUtilTest
INFO  org.evosuite.setup.InheritanceTreeGenerator - Analyzing class org/evosuite/xsd/CUTUtilTest
INFO  org.evosuite.setup.InheritanceTreeGenerator - Analyzing class org/evosuite/basic/SUTArrayLimitSystemTest
INFO  org.evosuite.setup.InheritanceTreeGenerator - Analyzing class org/evosuite/basic/CheckPropertiesInSystemTest
INFO  org.evosuite.setup.InheritanceTreeGenerator - Analyzing class org/evosuite/basic/CompositionalFitnessSystemTest
INFO  org.evosuite.setup.InheritanceTreeGenerator - Analyzing class org/evosuite/basic/ObjectParameterSystemTest
INFO  org.evosuite.setup.InheritanceTreeGenerator - Analyzing class org/evosuite/basic/MemberClassesSystemTest
INFO  org.evosuite.setup.InheritanceTreeGenerator - Analyzing class org/evosuite/basic/DivisionByZeroFollowByOtherIntTest
INFO  org.evosuite.setup.InheritanceTreeGenerator - Analyzing class org/evosuite/basic/SUTWithSimpleSingleMethod_v2SystemTest
INFO  org.evosuite.setup.InheritanceTreeGenerator - Analyzing class org/evosuite/basic/NoFinalModificationSystemTest
INFO  org.evosuite.setup.InheritanceTreeGenerator - Analyzing class org/evosuite/basic/RegressionSystemTest
INFO  org.evosuite.setup.InheritanceTreeGenerator - Analyzing class org/evosuite/basic/ClassInDefaultPackageSystemTest
INFO  org.evosuite.setup.InheritanceTreeGenerator - Analyzing class org/evosuite/basic/DeprecatedSystemTest
INFO  org.evosuite.setup.InheritanceTreeGenerator - Analyzing class org/evosuite/basic/AkkaActorSystemTest
INFO  org.evosuite.setup.InheritanceTreeGenerator - Analyzing class org/evosuite/basic/TargetMethodListSystemTest
INFO  org.evosuite.setup.InheritanceTreeGenerator - Analyzing class org/evosuite/basic/SUTHighConstantSystemTest
INFO  org.evosuite.setup.InheritanceTreeGenerator - Analyzing class org/evosuite/basic/TargetMethodPrefixSystemTest
INFO  org.evosuite.setup.InheritanceTreeGenerator - Analyzing class org/evosuite/basic/TestWrongCommand
INFO  org.evosuite.setup.InheritanceTreeGenerator - Analyzing class org/evosuite/basic/TypeSeedingSystemTest
INFO  org.evosuite.setup.InheritanceTreeGenerator - Analyzing class org/evosuite/basic/MainMethodSystemTest
INFO  org.evosuite.setup.InheritanceTreeGenerator - Analyzing class org/evosuite/basic/MethodWithClassParameterSystemTest
INFO  org.evosuite.setup.InheritanceTreeGenerator - Analyzing class org/evosuite/basic/TargetMethodSystemTest
INFO  org.evosuite.setup.InheritanceTreeGenerator - Analyzing class org/evosuite/basic/IntOptimisationSystemTest
INFO  org.evosuite.setup.InheritanceTreeGenerator - Analyzing class org/evosuite/basic/GenericsSystemTest
INFO  org.evosuite.setup.InheritanceTreeGenerator - Analyzing class org/evosuite/basic/VoidReturnTypeSystemTest
INFO  org.evosuite.setup.InheritanceTreeGenerator - Analyzing class org/evosuite/basic/NonNullSystemTest
INFO  org.evosuite.setup.InheritanceTreeGenerator - Analyzing class org/evosuite/basic/SUTDivisionByZeroSystemTest
INFO  org.evosuite.setup.InheritanceTreeGenerator - Analyzing class org/evosuite/basic/SimpleFollowedByExceptionIntTest
INFO  org.evosuite.setup.InheritanceTreeGenerator - Analyzing class org/evosuite/basic/Java9ExcludedPackagesSystemTest
INFO  org.evosuite.setup.InheritanceTreeGenerator - Analyzing class org/evosuite/basic/InheritanceIssue_SystemTest
INFO  org.evosuite.setup.InheritanceTreeGenerator - Analyzing class org/evosuite/basic/ArrayReferenceSystemTest
INFO  org.evosuite.setup.InheritanceTreeGenerator - Analyzing class org/evosuite/basic/SUTWithSimpleSingleMethodSystemTest
INFO  org.evosuite.setup.InheritanceTreeGenerator - Analyzing class org/evosuite/basic/NullStringSystemTest
INFO  org.evosuite.setup.InheritanceTreeGenerator - Analyzing class org/evosuite/basic/NullIntegerSystemTest
INFO  org.evosuite.setup.InheritanceTreeGenerator - Analyzing class org/evosuite/basic/AbstractSUTSystemTest
INFO  org.evosuite.setup.InheritanceTreeGenerator - Analyzing class org/evosuite/basic/DoubleOptimisationSystemTest
INFO  org.evosuite.setup.InheritanceTreeGenerator - Analyzing class org/evosuite/basic/SUTPrintingThatShouldBeMutedSystemTest
INFO  org.evosuite.setup.InheritanceTreeGenerator - Analyzing class org/evosuite/basic/TestShouldNotWorkSystemTest
INFO  org.evosuite.setup.InheritanceTreeGenerator - Analyzing class org/evosuite/basic/InfiniteWhile_SystemTest
INFO  org.evosuite.setup.InheritanceTreeGenerator - Analyzing class org/evosuite/basic/DependencyLibrary_SystemTest
INFO  org.evosuite.setup.InheritanceTreeGenerator - Analyzing class org/evosuite/basic/RegexBranchSystemTest
INFO  org.evosuite.setup.InheritanceTreeGenerator - Analyzing class org/evosuite/assertion/purity/ToStringInspectorSystemTest
INFO  org.evosuite.setup.InheritanceTreeGenerator - Analyzing class org/evosuite/assertion/purity/JdkInspectorSystemTest
INFO  org.evosuite.setup.InheritanceTreeGenerator - Analyzing class org/evosuite/assertion/purity/ImpureRandomnessSystemTest
INFO  org.evosuite.setup.InheritanceTreeGenerator - Analyzing class org/evosuite/assertion/purity/ImpureInspectorSystemTest
INFO  org.evosuite.setup.InheritanceTreeGenerator - Analyzing class org/evosuite/assertion/purity/InterfaceInspectorsSystemTest
INFO  org.evosuite.setup.InheritanceTreeGenerator - Analyzing class org/evosuite/assertion/purity/ImpureJdkInspectorSystemTest
INFO  org.evosuite.setup.InheritanceTreeGenerator - Analyzing class org/evosuite/assertion/purity/SpecialInspectorSystemTest
INFO  org.evosuite.setup.InheritanceTreeGenerator - Analyzing class org/evosuite/assertion/purity/ImpureEqualsSystemTest
INFO  org.evosuite.setup.InheritanceTreeGenerator - Analyzing class org/evosuite/assertion/purity/PureEqualsSystemTest
INFO  org.evosuite.setup.InheritanceTreeGenerator - Analyzing class org/evosuite/assertion/MutationAssertionSystemTest
INFO  org.evosuite.setup.InheritanceTreeGenerator - Analyzing class org/evosuite/assertion/EnumAssertionSystemTest
INFO  org.evosuite.setup.InheritanceTreeGenerator - Analyzing class org/evosuite/assertion/AssertionClassLoaderSystemTest
INFO  org.evosuite.setup.InheritanceTreeGenerator - Analyzing class org/evosuite/assertion/stable/ExeceptionInInitializerSystemTest
INFO  org.evosuite.setup.InheritanceTreeGenerator - Analyzing class org/evosuite/assertion/stable/DoubleValuesSystemTest
INFO  org.evosuite.setup.InheritanceTreeGenerator - Analyzing class org/evosuite/assertion/stable/HasClinitSystemTest
INFO  org.evosuite.setup.InheritanceTreeGenerator - Analyzing class org/evosuite/assertion/stable/ResetOrderSystemTest
INFO  org.evosuite.setup.InheritanceTreeGenerator - Analyzing class org/evosuite/assertion/stable/NoClinitSystemTest
INFO  org.evosuite.setup.InheritanceTreeGenerator - Analyzing class org/evosuite/assertion/stable/FinalSingletonArrayUserSystemTest
INFO  org.evosuite.setup.InheritanceTreeGenerator - Analyzing class org/evosuite/assertion/stable/MockInConstructorSystemTest
INFO  org.evosuite.setup.InheritanceTreeGenerator - Analyzing class org/evosuite/assertion/stable/MapContainerUserSystemTest
INFO  org.evosuite.setup.InheritanceTreeGenerator - Analyzing class org/evosuite/assertion/stable/PublicFieldSystemTest
INFO  org.evosuite.setup.InheritanceTreeGenerator - Analyzing class org/evosuite/assertion/stable/StringUserSystemTest
INFO  org.evosuite.setup.InheritanceTreeGenerator - Analyzing class org/evosuite/assertion/stable/CloneMeSystemTest
INFO  org.evosuite.setup.InheritanceTreeGenerator - Analyzing class org/evosuite/assertion/stable/ArrayDefaultSystemTest
INFO  org.evosuite.setup.InheritanceTreeGenerator - Analyzing class org/evosuite/assertion/stable/OverloadSystemTest
INFO  org.evosuite.setup.InheritanceTreeGenerator - Analyzing class org/evosuite/assertion/stable/SingletonUserSystemTest
INFO  org.evosuite.setup.InheritanceTreeGenerator - Analyzing class org/evosuite/assertion/stable/RandomUserSystemTest
INFO  org.evosuite.setup.InheritanceTreeGenerator - Analyzing class org/evosuite/assertion/stable/RandomUUIDSystemTest
INFO  org.evosuite.setup.InheritanceTreeGenerator - Analyzing class org/evosuite/assertion/stable/ResourceLoaderUserSystemTest
INFO  org.evosuite.setup.InheritanceTreeGenerator - Analyzing class org/evosuite/assertion/stable/RandomUUIDFromStringSystemTest
INFO  org.evosuite.setup.InheritanceTreeGenerator - Analyzing class org/evosuite/assertion/stable/TypeErasureSystemTest
INFO  org.evosuite.setup.InheritanceTreeGenerator - Analyzing class org/evosuite/assertion/stable/ExitVMSystemTest
INFO  org.evosuite.setup.InheritanceTreeGenerator - Analyzing class org/evosuite/assertion/stable/SecureRandomSystemTest
INFO  org.evosuite.setup.InheritanceTreeGenerator - Analyzing class org/evosuite/assertion/stable/FinalSingletonUserSystemTest
INFO  org.evosuite.setup.InheritanceTreeGenerator - Analyzing class org/evosuite/assertion/stable/ListContainerUserSystemTest
INFO  org.evosuite.setup.InheritanceTreeGenerator - Analyzing class org/evosuite/assertion/stable/Base64SystemTest
INFO  org.evosuite.setup.InheritanceTreeGenerator - Analyzing class org/evosuite/assertion/stable/HashCodeClassInitSystemTest
INFO  org.evosuite.setup.InheritanceTreeGenerator - Analyzing class org/evosuite/assertion/stable/RuntimeUserSystemTest
INFO  org.evosuite.setup.InheritanceTreeGenerator - Analyzing class org/evosuite/assertion/ContainsAssertionSystemTest
INFO  org.evosuite.setup.InheritanceTreeGenerator - Analyzing class org/evosuite/assertion/SameAssertionSystemTest
INFO  org.evosuite.setup.InheritanceTreeGenerator - Analyzing class org/evosuite/assertion/AllAssertionSystemTest
INFO  org.evosuite.setup.InheritanceTreeGenerator - Analyzing class org/evosuite/gui/FontSystemTest
INFO  org.evosuite.setup.InheritanceTreeGenerator - Analyzing class org/evosuite/dse/DSEAlgorithmDFSSystemTest
INFO  org.evosuite.setup.InheritanceTreeGenerator - Analyzing class org/evosuite/dse/DSEAlgorithmLegacySystemTest
INFO  org.evosuite.setup.InheritanceTreeGenerator - Analyzing class org/evosuite/dse/DSEAlgorithmSystemTest
INFO  org.evosuite.setup.InheritanceTreeGenerator - Analyzing class org/evosuite/dse/DSESystemTestBase
INFO  org.evosuite.setup.InheritanceTreeGenerator - Analyzing class org/evosuite/dse/DSEMazeSystemTest
INFO  org.evosuite.setup.InheritanceTreeGenerator - Analyzing class org/evosuite/dse/DSEJDK9SystemTest
INFO  org.evosuite.setup.InheritanceTreeGenerator - Analyzing class org/evosuite/junit/CoverageAnalysisCharSequenceSystemTest
INFO  org.evosuite.setup.InheritanceTreeGenerator - Analyzing class org/evosuite/junit/writer/TestSuiteWriterSystemTest
INFO  org.evosuite.setup.InheritanceTreeGenerator - Analyzing class org/evosuite/junit/CoverageAnalysisOfProjectSystemTest
INFO  org.evosuite.setup.InheritanceTreeGenerator - Analyzing class org/evosuite/junit/CoverageAnalysisSystemTest
INFO  org.evosuite.setup.InheritanceTreeGenerator - Analyzing class org/evosuite/junit/CoverageAnalysisWithRefectionSystemTest
INFO  org.evosuite.setup.InheritanceTreeGenerator - Analyzing class org/evosuite/junit/CoverageAnalysisOfClassSystemTest
INFO  org.evosuite.setup.InheritanceTreeGenerator - Analyzing class org/evosuite/junit/CoverageAnalysisLocaleSystemTest
INFO  org.evosuite.setup.InheritanceTreeGenerator - Analyzing class org/evosuite/junit/CoverageAnalysisStringInstrumentationSystemTest
INFO  org.evosuite.setup.InheritanceTreeGenerator - Analyzing class org/evosuite/junit/CoverageAnalysisFinalClassSystemTest
INFO  org.evosuite.setup.InheritanceTreeGenerator - Analyzing class org/evosuite/junit/xml/JUnitOnSeparateProcessPropertySystemTest
INFO  org.evosuite.setup.InheritanceTreeGenerator - Analyzing class org/evosuite/junit/CoverageAnalysisOfEvoSuiteTestSuiteSystemTest
INFO  org.evosuite.setup.InheritanceTreeGenerator - Analyzing class org/evosuite/papers/VNET_SystemTest
INFO  org.evosuite.setup.InheritanceTreeGenerator - Analyzing class org/evosuite/papers/PAFM_SystemTest
INFO  org.evosuite.setup.InheritanceTreeGenerator - Analyzing class org/evosuite/papers/Env_SystemTest
INFO  org.evosuite.setup.InheritanceTreeGenerator - Analyzing class org/evosuite/SystemTestBase
INFO  org.evosuite.setup.InheritanceTreeGenerator - Analyzing class org/evosuite/testcase/StaticSingletonFieldSystemTest
INFO  org.evosuite.setup.InheritanceTreeGenerator - Analyzing class org/evosuite/testcase/FactoryTestSystemTest
INFO  org.evosuite.setup.InheritanceTreeGenerator - Analyzing class org/evosuite/testcase/PartialClassInitSystemTest
INFO  org.evosuite.setup.InheritanceTreeGenerator - Analyzing class org/evosuite/testcase/StaticUninitializedFieldSystemTest
INFO  org.evosuite.setup.InheritanceTreeGenerator - Analyzing class org/evosuite/testcase/NoClassInitSystemTest
INFO  org.evosuite.setup.InheritanceTreeGenerator - Analyzing class org/evosuite/testcase/JUnitTestCarvedChromosomeFactorySystemTest
INFO  org.evosuite.setup.InheritanceTreeGenerator - Analyzing class org/evosuite/testcase/fm/GenericFM_SystemTest
INFO  org.evosuite.setup.InheritanceTreeGenerator - Analyzing class org/evosuite/testcase/fm/SimpleFM_SystemTest
INFO  org.evosuite.setup.InheritanceTreeGenerator - Analyzing class org/evosuite/testcase/DeleteMutationSystemTest
INFO  org.evosuite.setup.InheritanceTreeGenerator - Analyzing class org/evosuite/testcase/StaticFinalSingletonFieldSystemTest
INFO  org.evosuite.setup.InheritanceTreeGenerator - Analyzing class org/evosuite/testcase/StaticFinalFieldAssignmentSystemTest
INFO  org.evosuite.setup.InheritanceTreeGenerator - Analyzing class org/evosuite/testcase/PoolSystemTest
INFO  org.evosuite.setup.InheritanceTreeGenerator - Analyzing class org/evosuite/testcase/InsertionMutationSystemTest
INFO  org.evosuite.setup.InheritanceTreeGenerator - Analyzing class org/evosuite/testcase/ResetStaticFieldProxySystemTest
INFO  org.evosuite.setup.InheritanceTreeGenerator - Analyzing class org/evosuite/testcase/ChangeMutationSystemTest
INFO  org.evosuite.setup.InheritanceTreeGenerator - Analyzing class org/evosuite/testcase/PrivateReflectionSystemTest
INFO  org.evosuite.setup.InheritanceTreeGenerator - Analyzing class org/evosuite/testcase/StaticIntFieldSystemTest
INFO  org.evosuite.setup.InheritanceTreeGenerator - Analyzing class org/evosuite/testcase/TestConstantInliner
INFO  org.evosuite.setup.InheritanceTreeGenerator - Analyzing class org/evosuite/testcase/ResetStaticFieldSystemTest
INFO  org.evosuite.setup.InheritanceTreeGenerator - Analyzing class org/evosuite/testcase/UnstableAssertionSystemTest
INFO  org.evosuite.setup.InheritanceTreeGenerator - Analyzing class org/evosuite/testcase/StaticBlockCoverageSystemTest
INFO  org.evosuite.setup.InheritanceTreeGenerator - Analyzing class org/evosuite/coverage/branch/LineCoverageAnalysisSystemTest
INFO  org.evosuite.setup.InheritanceTreeGenerator - Analyzing class org/evosuite/coverage/branch/BranchSystemTest
INFO  org.evosuite.setup.InheritanceTreeGenerator - Analyzing class org/evosuite/coverage/output/OutputCoverageFitnessFunctionSystemTest
INFO  org.evosuite.setup.InheritanceTreeGenerator - Analyzing class org/evosuite/coverage/input/InputCoverageFitnessFunctionSystemTest
INFO  org.evosuite.setup.InheritanceTreeGenerator - Analyzing class org/evosuite/coverage/CoveredGoalsCountSystemTest
INFO  org.evosuite.setup.InheritanceTreeGenerator - Analyzing class org/evosuite/coverage/method/MethodCoverageFitnessFunctionSystemTest
INFO  org.evosuite.setup.InheritanceTreeGenerator - Analyzing class org/evosuite/coverage/method/MethodTraceCoverageFitnessFunctionSystemTest
INFO  org.evosuite.setup.InheritanceTreeGenerator - Analyzing class org/evosuite/coverage/method/MethodNoExceptionCoverageFitnessFunctionSystemTest
INFO  org.evosuite.setup.InheritanceTreeGenerator - Analyzing class org/evosuite/coverage/dataflow/DefUseAnalysisSystemTest
INFO  org.evosuite.setup.InheritanceTreeGenerator - Analyzing class org/evosuite/coverage/mutation/MutationSystemTest
INFO  org.evosuite.setup.InheritanceTreeGenerator - Analyzing class org/evosuite/coverage/ibranch/IBranchSystemTest
INFO  org.evosuite.setup.InheritanceTreeGenerator - Analyzing class org/evosuite/coverage/InnerClassGoalsSystemTest
INFO  org.evosuite.setup.InheritanceTreeGenerator - Analyzing class org/evosuite/coverage/statement/StatementCoverageFitnessFunctionSystemTest
INFO  org.evosuite.setup.InheritanceTreeGenerator - Analyzing class org/evosuite/coverage/CompositeFitnessSystemTest
INFO  org.evosuite.setup.InheritanceTreeGenerator - Analyzing class org/evosuite/coverage/line/LineCoverageFitnessFunctionSystemTest
INFO  org.evosuite.setup.InheritanceTreeGenerator - Analyzing class org/evosuite/coverage/exception/ExceptionInstrumentationSystemTest
INFO  org.evosuite.setup.InheritanceTreeGenerator - Analyzing class org/evosuite/coverage/exception/ImplicitExplicitExceptionsSystemTest
INFO  org.evosuite.setup.InheritanceTreeGenerator - Analyzing class org/evosuite/coverage/ambiguity/AmbiguityFitnessSystemTest
INFO  org.evosuite.setup.InheritanceTreeGenerator - Analyzing class org/evosuite/coverage/rho/RhoFitnessSystemTest
INFO  org.evosuite.setup.InheritanceTreeGenerator - Analyzing class org/evosuite/coverage/cbranch/CBranchSystemTest
INFO  org.evosuite.setup.InheritanceTreeGenerator - Analyzing class org/evosuite/rmi/ServicesTest
INFO  org.evosuite.setup.InheritanceTreeGenerator - Analyzing class org/evosuite/instrumentation/testability/ContainerTransformationSystemTest
INFO  org.evosuite.setup.InheritanceTreeGenerator - Analyzing class org/evosuite/instrumentation/error/OverflowInstrumentationSystemTest
INFO  org.evosuite.setup.InheritanceTreeGenerator - Analyzing class org/evosuite/instrumentation/error/ArrayInstrumentationSystemTest
INFO  org.evosuite.setup.InheritanceTreeGenerator - Analyzing class org/evosuite/instrumentation/error/StackInstrumentationSystemTest
INFO  org.evosuite.setup.InheritanceTreeGenerator - Analyzing class org/evosuite/instrumentation/error/NullPointerInstrumentationSystemTest
INFO  org.evosuite.setup.InheritanceTreeGenerator - Analyzing class org/evosuite/instrumentation/error/ArrayListInstrumentationSystemTest
INFO  org.evosuite.setup.InheritanceTreeGenerator - Analyzing class org/evosuite/instrumentation/error/CastInstrumentationSystemTest
INFO  org.evosuite.setup.InheritanceTreeGenerator - Analyzing class org/evosuite/instrumentation/error/DivisionByZeroInstrumentationSystemTest
INFO  org.evosuite.setup.InheritanceTreeGenerator - Analyzing class org/evosuite/instrumentation/error/QueueInstrumentationSystemTest
INFO  org.evosuite.setup.InheritanceTreeGenerator - Analyzing class org/evosuite/instrumentation/error/LinkedListInstrumentationSystemTest
INFO  org.evosuite.setup.InheritanceTreeGenerator - Analyzing class org/evosuite/instrumentation/error/VectorInstrumentationSystemTest
INFO  org.evosuite.setup.InheritanceTreeGenerator - Analyzing class org/evosuite/instrumentation/error/AbstractErrorBranchTest
INFO  org.evosuite.setup.InheritanceTreeGenerator - Analyzing class org/evosuite/instrumentation/error/DequeInstrumentationSystemTest
INFO  org.evosuite.setup.InheritanceTreeGenerator - Analyzing class org/evosuite/instrumentation/RegexInstrumentationSystemTest
INFO  org.evosuite.setup.InheritanceTreeGenerator - Analyzing class org/evosuite/instrumentation/LambdaInStaticConstructorSystemTest
INFO  org.evosuite.setup.InheritanceTreeGenerator - Analyzing class org/evosuite/continuous/persistency/StorageManagerTest
INFO  org.evosuite.setup.InheritanceTreeGenerator - Analyzing class org/evosuite/continuous/project/ProjectStaticDataTest
INFO  org.evosuite.setup.InheritanceTreeGenerator - Analyzing class org/evosuite/continuous/project/ProjectGraphTest
INFO  org.evosuite.setup.InheritanceTreeGenerator - Analyzing class org/evosuite/continuous/project/ProjectGraphTest$G
INFO  org.evosuite.setup.InheritanceTreeGenerator - Analyzing class org/evosuite/continuous/project/ProjectGraphTest$B
INFO  org.evosuite.setup.InheritanceTreeGenerator - Analyzing class org/evosuite/continuous/project/ProjectAnalyzerIntTest
INFO  org.evosuite.setup.InheritanceTreeGenerator - Analyzing class org/evosuite/continuous/project/ProjectGraphTest$E
INFO  org.evosuite.setup.InheritanceTreeGenerator - Analyzing class org/evosuite/continuous/project/ProjectGraphTest$C
INFO  org.evosuite.setup.InheritanceTreeGenerator - Analyzing class org/evosuite/continuous/project/ProjectGraphTest$D
INFO  org.evosuite.setup.InheritanceTreeGenerator - Analyzing class org/evosuite/continuous/project/ProjectGraphTest$A
INFO  org.evosuite.setup.InheritanceTreeGenerator - Analyzing class org/evosuite/continuous/project/ProjectGraphTest$F
INFO  org.evosuite.setup.InheritanceTreeGenerator - Analyzing class org/evosuite/continuous/job/JobExecutorIntTest
INFO  org.evosuite.setup.InheritanceTreeGenerator - Analyzing class org/evosuite/continuous/job/JobExecutorIntTest$1
INFO  org.evosuite.setup.InheritanceTreeGenerator - Analyzing class org/evosuite/continuous/job/schedule/SeedingScheduleTest
INFO  org.evosuite.setup.InheritanceTreeGenerator - Analyzing class org/evosuite/continuous/job/JobSchedulerTest
INFO  org.evosuite.setup.InheritanceTreeGenerator - Analyzing class org/evosuite/continuous/CtgPropertiesTest
INFO  org.evosuite.setup.InheritanceTreeGenerator - Analyzing class com/examples/with/different/packagename/sandbox/DeleteInStaticInitializer
INFO  org.evosuite.setup.InheritanceTreeGenerator - Analyzing class com/examples/with/different/packagename/sandbox/ReadTimezone
INFO  org.evosuite.setup.InheritanceTreeGenerator - Analyzing class com/examples/with/different/packagename/sandbox/ReadWriteSystemProperties
INFO  org.evosuite.setup.InheritanceTreeGenerator - Analyzing class com/examples/with/different/packagename/sandbox/OpenStreamInSpecificTryCatch
INFO  org.evosuite.setup.InheritanceTreeGenerator - Analyzing class com/examples/with/different/packagename/defuse/DefUseExample2
INFO  org.evosuite.setup.InheritanceTreeGenerator - Analyzing class com/examples/with/different/packagename/defuse/GCD
INFO  org.evosuite.setup.InheritanceTreeGenerator - Analyzing class com/examples/with/different/packagename/defuse/DefUseExample3
INFO  org.evosuite.setup.InheritanceTreeGenerator - Analyzing class com/examples/with/different/packagename/defuse/DefUseExample1
INFO  org.evosuite.setup.InheritanceTreeGenerator - Analyzing class com/examples/with/different/packagename/statistics/MultiThreads$1
INFO  org.evosuite.setup.InheritanceTreeGenerator - Analyzing class com/examples/with/different/packagename/statistics/MultiThreads$Foo
INFO  org.evosuite.setup.InheritanceTreeGenerator - Analyzing class com/examples/with/different/packagename/statistics/MultiThreads
INFO  org.evosuite.setup.InheritanceTreeGenerator - Analyzing class com/examples/with/different/packagename/statistics/NoThreads
INFO  org.evosuite.setup.InheritanceTreeGenerator - Analyzing class com/examples/with/different/packagename/CalculatorTest
INFO  org.evosuite.setup.InheritanceTreeGenerator - Analyzing class com/examples/with/different/packagename/MainMethod
INFO  org.evosuite.setup.InheritanceTreeGenerator - Analyzing class com/examples/with/different/packagename/IntExample
INFO  org.evosuite.setup.InheritanceTreeGenerator - Analyzing class com/examples/with/different/packagename/RegexNullExample
INFO  org.evosuite.setup.InheritanceTreeGenerator - Analyzing class com/examples/with/different/packagename/ClassWithPrivateNonStaticInnerClass
INFO  org.evosuite.setup.InheritanceTreeGenerator - Analyzing class com/examples/with/different/packagename/errorbranch/DoubleDivisionByZero
INFO  org.evosuite.setup.InheritanceTreeGenerator - Analyzing class com/examples/with/different/packagename/errorbranch/DequeRemoveFirst
INFO  org.evosuite.setup.InheritanceTreeGenerator - Analyzing class com/examples/with/different/packagename/errorbranch/IntDivOverflow
INFO  org.evosuite.setup.InheritanceTreeGenerator - Analyzing class com/examples/with/different/packagename/errorbranch/ArrayListIterator
INFO  org.evosuite.setup.InheritanceTreeGenerator - Analyzing class com/examples/with/different/packagename/errorbranch/ArrayListAddAll
INFO  org.evosuite.setup.InheritanceTreeGenerator - Analyzing class com/examples/with/different/packagename/errorbranch/StackPeek
INFO  org.evosuite.setup.InheritanceTreeGenerator - Analyzing class com/examples/with/different/packagename/errorbranch/FloatDivisionByZero
INFO  org.evosuite.setup.InheritanceTreeGenerator - Analyzing class com/examples/with/different/packagename/errorbranch/StackPop
INFO  org.evosuite.setup.InheritanceTreeGenerator - Analyzing class com/examples/with/different/packagename/errorbranch/Fieldaccess
INFO  org.evosuite.setup.InheritanceTreeGenerator - Analyzing class com/examples/with/different/packagename/errorbranch/VectorAccess
INFO  org.evosuite.setup.InheritanceTreeGenerator - Analyzing class com/examples/with/different/packagename/errorbranch/LinkedListAccess
INFO  org.evosuite.setup.InheritanceTreeGenerator - Analyzing class com/examples/with/different/packagename/errorbranch/DequeNullInsertion
INFO  org.evosuite.setup.InheritanceTreeGenerator - Analyzing class com/examples/with/different/packagename/errorbranch/DequeRemove
INFO  org.evosuite.setup.InheritanceTreeGenerator - Analyzing class com/examples/with/different/packagename/errorbranch/IntAddOverflow
INFO  org.evosuite.setup.InheritanceTreeGenerator - Analyzing class com/examples/with/different/packagename/errorbranch/QueueAccess
INFO  org.evosuite.setup.InheritanceTreeGenerator - Analyzing class com/examples/with/different/packagename/errorbranch/VectorAccessIndex
INFO  org.evosuite.setup.InheritanceTreeGenerator - Analyzing class com/examples/with/different/packagename/errorbranch/ClassCast
INFO  org.evosuite.setup.InheritanceTreeGenerator - Analyzing class com/examples/with/different/packagename/errorbranch/Methodcall
INFO  org.evosuite.setup.InheritanceTreeGenerator - Analyzing class com/examples/with/different/packagename/errorbranch/ArrayListAccess
INFO  org.evosuite.setup.InheritanceTreeGenerator - Analyzing class com/examples/with/different/packagename/errorbranch/DequeGetFirst
INFO  org.evosuite.setup.InheritanceTreeGenerator - Analyzing class com/examples/with/different/packagename/errorbranch/ArrayAccess
INFO  org.evosuite.setup.InheritanceTreeGenerator - Analyzing class com/examples/with/different/packagename/errorbranch/IntMulOverflow
INFO  org.evosuite.setup.InheritanceTreeGenerator - Analyzing class com/examples/with/different/packagename/errorbranch/DequeElement
INFO  org.evosuite.setup.InheritanceTreeGenerator - Analyzing class com/examples/with/different/packagename/errorbranch/IntDivisionByZero
INFO  org.evosuite.setup.InheritanceTreeGenerator - Analyzing class com/examples/with/different/packagename/errorbranch/QueueRemove
INFO  org.evosuite.setup.InheritanceTreeGenerator - Analyzing class com/examples/with/different/packagename/errorbranch/ArrayCreation
INFO  org.evosuite.setup.InheritanceTreeGenerator - Analyzing class com/examples/with/different/packagename/errorbranch/IntSubOverflow
INFO  org.evosuite.setup.InheritanceTreeGenerator - Analyzing class com/examples/with/different/packagename/errorbranch/ArrayListSet
INFO  org.evosuite.setup.InheritanceTreeGenerator - Analyzing class com/examples/with/different/packagename/errorbranch/ArrayListRemove
INFO  org.evosuite.setup.InheritanceTreeGenerator - Analyzing class com/examples/with/different/packagename/errorbranch/ArrayListAdd
INFO  org.evosuite.setup.InheritanceTreeGenerator - Analyzing class com/examples/with/different/packagename/errorbranch/LinkedListAccessIndex
INFO  org.evosuite.setup.InheritanceTreeGenerator - Analyzing class com/examples/with/different/packagename/errorbranch/LongDivisionByZero
INFO  org.evosuite.setup.InheritanceTreeGenerator - Analyzing class com/examples/with/different/packagename/errorbranch/DequePop
INFO  org.evosuite.setup.InheritanceTreeGenerator - Analyzing class com/examples/with/different/packagename/purity/SpecialInspector
INFO  org.evosuite.setup.InheritanceTreeGenerator - Analyzing class com/examples/with/different/packagename/purity/AbstractToStringInspector
INFO  org.evosuite.setup.InheritanceTreeGenerator - Analyzing class com/examples/with/different/packagename/purity/AllPureInspectors
INFO  org.evosuite.setup.InheritanceTreeGenerator - Analyzing class com/examples/with/different/packagename/purity/ImpureEquals
INFO  org.evosuite.setup.InheritanceTreeGenerator - Analyzing class com/examples/with/different/packagename/purity/InterfaceInspectorCalls
INFO  org.evosuite.setup.InheritanceTreeGenerator - Analyzing class com/examples/with/different/packagename/purity/ImpureEqualsTarget
INFO  org.evosuite.setup.InheritanceTreeGenerator - Analyzing class com/examples/with/different/packagename/purity/InterfaceInspector
INFO  org.evosuite.setup.InheritanceTreeGenerator - Analyzing class com/examples/with/different/packagename/purity/ToStringInspector
INFO  org.evosuite.setup.InheritanceTreeGenerator - Analyzing class com/examples/with/different/packagename/purity/AbstractInspector
INFO  org.evosuite.setup.InheritanceTreeGenerator - Analyzing class com/examples/with/different/packagename/purity/JdkPureInspector
INFO  org.evosuite.setup.InheritanceTreeGenerator - Analyzing class com/examples/with/different/packagename/purity/ImpureToStringInspector
INFO  org.evosuite.setup.InheritanceTreeGenerator - Analyzing class com/examples/with/different/packagename/purity/PureImpureInspectors
INFO  org.evosuite.setup.InheritanceTreeGenerator - Analyzing class com/examples/with/different/packagename/purity/EmptyBox
INFO  org.evosuite.setup.InheritanceTreeGenerator - Analyzing class com/examples/with/different/packagename/purity/ImpureInspector
INFO  org.evosuite.setup.InheritanceTreeGenerator - Analyzing class com/examples/with/different/packagename/purity/InterfaceInspectorBuilder
INFO  org.evosuite.setup.InheritanceTreeGenerator - Analyzing class com/examples/with/different/packagename/purity/ImpureRandomness
INFO  org.evosuite.setup.InheritanceTreeGenerator - Analyzing class com/examples/with/different/packagename/purity/PureEquals
INFO  org.evosuite.setup.InheritanceTreeGenerator - Analyzing class com/examples/with/different/packagename/purity/ImpureJdkInspector
INFO  org.evosuite.setup.InheritanceTreeGenerator - Analyzing class com/examples/with/different/packagename/RandomBranch
INFO  org.evosuite.setup.InheritanceTreeGenerator - Analyzing class com/examples/with/different/packagename/TargetMethod
INFO  org.evosuite.setup.InheritanceTreeGenerator - Analyzing class com/examples/with/different/packagename/TargetMethodPrefix
INFO  org.evosuite.setup.InheritanceTreeGenerator - Analyzing class com/examples/with/different/packagename/StringUtils
INFO  org.evosuite.setup.InheritanceTreeGenerator - Analyzing class com/examples/with/different/packagename/DeleteFileProcess
INFO  org.evosuite.setup.InheritanceTreeGenerator - Analyzing class com/examples/with/different/packagename/ClassWithPrivateInterfacesTest$CY
INFO  org.evosuite.setup.InheritanceTreeGenerator - Analyzing class com/examples/with/different/packagename/SingleMethod
INFO  org.evosuite.setup.InheritanceTreeGenerator - Analyzing class com/examples/with/different/packagename/DependencyLibrary
INFO  org.evosuite.setup.InheritanceTreeGenerator - Analyzing class com/examples/with/different/packagename/ObjectParameter
INFO  org.evosuite.setup.InheritanceTreeGenerator - Analyzing class com/examples/with/different/packagename/ClassWithInnerClass$AnInnerClass
INFO  org.evosuite.setup.InheritanceTreeGenerator - Analyzing class com/examples/with/different/packagename/WordUtilsTest
INFO  org.evosuite.setup.InheritanceTreeGenerator - Analyzing class com/examples/with/different/packagename/CurrentTimeViaCalendar1
INFO  org.evosuite.setup.InheritanceTreeGenerator - Analyzing class com/examples/with/different/packagename/NonNull
INFO  org.evosuite.setup.InheritanceTreeGenerator - Analyzing class com/examples/with/different/packagename/IntegerContainerBranch
INFO  org.evosuite.setup.InheritanceTreeGenerator - Analyzing class com/examples/with/different/packagename/ClassNumberUtils
INFO  org.evosuite.setup.InheritanceTreeGenerator - Analyzing class com/examples/with/different/packagename/AbstractClassWithStaticFactory$1
INFO  org.evosuite.setup.InheritanceTreeGenerator - Analyzing class com/examples/with/different/packagename/InfeasibleFinalInt
INFO  org.evosuite.setup.InheritanceTreeGenerator - Analyzing class com/examples/with/different/packagename/TrivialForDynamicSeedingRegionMatches
INFO  org.evosuite.setup.InheritanceTreeGenerator - Analyzing class com/examples/with/different/packagename/MethodWithClassParameter
INFO  org.evosuite.setup.InheritanceTreeGenerator - Analyzing class com/examples/with/different/packagename/ClassWithPrivateInterfacesTest$ID
INFO  org.evosuite.setup.InheritanceTreeGenerator - Analyzing class com/examples/with/different/packagename/ClassWithPrivateNonStaticInnerClass$AnInnerClass
INFO  org.evosuite.setup.InheritanceTreeGenerator - Analyzing class com/examples/with/different/packagename/NullInteger
INFO  org.evosuite.setup.InheritanceTreeGenerator - Analyzing class com/examples/with/different/packagename/ClassHierarchyIncludingInterfacesTest$GenericParent
INFO  org.evosuite.setup.InheritanceTreeGenerator - Analyzing class com/examples/with/different/packagename/localsearch/StringLocalSearchExample
INFO  org.evosuite.setup.InheritanceTreeGenerator - Analyzing class com/examples/with/different/packagename/localsearch/ArrayLengthExample
INFO  org.evosuite.setup.InheritanceTreeGenerator - Analyzing class com/examples/with/different/packagename/localsearch/DoubleLocalSearchExample
INFO  org.evosuite.setup.InheritanceTreeGenerator - Analyzing class com/examples/with/different/packagename/localsearch/ExampleHardForGA
INFO  org.evosuite.setup.InheritanceTreeGenerator - Analyzing class com/examples/with/different/packagename/localsearch/IntegerLocalSearchExample
INFO  org.evosuite.setup.InheritanceTreeGenerator - Analyzing class com/examples/with/different/packagename/localsearch/ArrayLocalSearchExample
INFO  org.evosuite.setup.InheritanceTreeGenerator - Analyzing class com/examples/with/different/packagename/localsearch/BasicDoubleExample
INFO  org.evosuite.setup.InheritanceTreeGenerator - Analyzing class com/examples/with/different/packagename/localsearch/BasicIntegerExample
INFO  org.evosuite.setup.InheritanceTreeGenerator - Analyzing class com/examples/with/different/packagename/localsearch/BasicFloatExample
INFO  org.evosuite.setup.InheritanceTreeGenerator - Analyzing class com/examples/with/different/packagename/localsearch/IsstaFoo
INFO  org.evosuite.setup.InheritanceTreeGenerator - Analyzing class com/examples/with/different/packagename/localsearch/FloatLocalSearchExample
INFO  org.evosuite.setup.InheritanceTreeGenerator - Analyzing class com/examples/with/different/packagename/localsearch/BasicArrayExample
INFO  org.evosuite.setup.InheritanceTreeGenerator - Analyzing class com/examples/with/different/packagename/localsearch/DseFoo
INFO  org.evosuite.setup.InheritanceTreeGenerator - Analyzing class com/examples/with/different/packagename/localsearch/DseBar
INFO  org.evosuite.setup.InheritanceTreeGenerator - Analyzing class com/examples/with/different/packagename/ClassWithPrivateInnerClass$1
INFO  org.evosuite.setup.InheritanceTreeGenerator - Analyzing class com/examples/with/different/packagename/contracts/Foo
INFO  org.evosuite.setup.InheritanceTreeGenerator - Analyzing class com/examples/with/different/packagename/contracts/ToStringException
INFO  org.evosuite.setup.InheritanceTreeGenerator - Analyzing class com/examples/with/different/packagename/contracts/FooTheories
INFO  org.evosuite.setup.InheritanceTreeGenerator - Analyzing class com/examples/with/different/packagename/contracts/RaiseNullPointerException
INFO  org.evosuite.setup.InheritanceTreeGenerator - Analyzing class com/examples/with/different/packagename/contracts/EqualsNull
INFO  org.evosuite.setup.InheritanceTreeGenerator - Analyzing class com/examples/with/different/packagename/contracts/AssertionException
INFO  org.evosuite.setup.InheritanceTreeGenerator - Analyzing class com/examples/with/different/packagename/contracts/EqualsHashCode
INFO  org.evosuite.setup.InheritanceTreeGenerator - Analyzing class com/examples/with/different/packagename/contracts/HashcodeException
INFO  org.evosuite.setup.InheritanceTreeGenerator - Analyzing class com/examples/with/different/packagename/contracts/EqualsSelf
INFO  org.evosuite.setup.InheritanceTreeGenerator - Analyzing class com/examples/with/different/packagename/contracts/EqualsSymmetric
INFO  org.evosuite.setup.InheritanceTreeGenerator - Analyzing class com/examples/with/different/packagename/TypeSeedingExampleLocale
INFO  org.evosuite.setup.InheritanceTreeGenerator - Analyzing class com/examples/with/different/packagename/pool/ClassDependingOnExceptionClass
INFO  org.evosuite.setup.InheritanceTreeGenerator - Analyzing class com/examples/with/different/packagename/pool/DependencySubClass
INFO  org.evosuite.setup.InheritanceTreeGenerator - Analyzing class com/examples/with/different/packagename/pool/DependencyClassWithException
INFO  org.evosuite.setup.InheritanceTreeGenerator - Analyzing class com/examples/with/different/packagename/pool/DependencyClass
INFO  org.evosuite.setup.InheritanceTreeGenerator - Analyzing class com/examples/with/different/packagename/pool/OtherClass
INFO  org.evosuite.setup.InheritanceTreeGenerator - Analyzing class com/examples/with/different/packagename/ClassWithPrivateInterfacesTest$IE
INFO  org.evosuite.setup.InheritanceTreeGenerator - Analyzing class com/examples/with/different/packagename/TrivialForDynamicSeedingEndsWith
INFO  org.evosuite.setup.InheritanceTreeGenerator - Analyzing class com/examples/with/different/packagename/TrivialInt
INFO  org.evosuite.setup.InheritanceTreeGenerator - Analyzing class com/examples/with/different/packagename/DoubleExample2
INFO  org.evosuite.setup.InheritanceTreeGenerator - Analyzing class com/examples/with/different/packagename/ClassWithAnonymousClass$MyCompareClass
INFO  org.evosuite.setup.InheritanceTreeGenerator - Analyzing class com/examples/with/different/packagename/XMLElement2$XMLParseException
INFO  org.evosuite.setup.InheritanceTreeGenerator - Analyzing class com/examples/with/different/packagename/TypeSeedingExampleGeneric
INFO  org.evosuite.setup.InheritanceTreeGenerator - Analyzing class com/examples/with/different/packagename/DataUtils
INFO  org.evosuite.setup.InheritanceTreeGenerator - Analyzing class com/examples/with/different/packagename/UnlikelyNoException
INFO  org.evosuite.setup.InheritanceTreeGenerator - Analyzing class com/examples/with/different/packagename/test/ObjectTest
INFO  org.evosuite.setup.InheritanceTreeGenerator - Analyzing class com/examples/with/different/packagename/test/EmptyTest
INFO  org.evosuite.setup.InheritanceTreeGenerator - Analyzing class com/examples/with/different/packagename/test/MemberClass$Member1
INFO  org.evosuite.setup.InheritanceTreeGenerator - Analyzing class com/examples/with/different/packagename/test/AssignmentTest$Foo
INFO  org.evosuite.setup.InheritanceTreeGenerator - Analyzing class com/examples/with/different/packagename/test/MemberClass
INFO  org.evosuite.setup.InheritanceTreeGenerator - Analyzing class com/examples/with/different/packagename/test/ExceptionTest
INFO  org.evosuite.setup.InheritanceTreeGenerator - Analyzing class com/examples/with/different/packagename/test/EnumTest$MyOtherEnum
INFO  org.evosuite.setup.InheritanceTreeGenerator - Analyzing class com/examples/with/different/packagename/test/DependencyTest
INFO  org.evosuite.setup.InheritanceTreeGenerator - Analyzing class com/examples/with/different/packagename/test/PolyExample
INFO  org.evosuite.setup.InheritanceTreeGenerator - Analyzing class com/examples/with/different/packagename/test/AssignmentTest
INFO  org.evosuite.setup.InheritanceTreeGenerator - Analyzing class com/examples/with/different/packagename/test/ExampleComplexReturnClass
INFO  org.evosuite.setup.InheritanceTreeGenerator - Analyzing class com/examples/with/different/packagename/test/ExampleInheritedClass
INFO  org.evosuite.setup.InheritanceTreeGenerator - Analyzing class com/examples/with/different/packagename/test/EnumTest2
INFO  org.evosuite.setup.InheritanceTreeGenerator - Analyzing class com/examples/with/different/packagename/test/MultiArray
INFO  org.evosuite.setup.InheritanceTreeGenerator - Analyzing class com/examples/with/different/packagename/test/FieldTest
INFO  org.evosuite.setup.InheritanceTreeGenerator - Analyzing class com/examples/with/different/packagename/test/ExampleStaticVoidSetterClass
INFO  org.evosuite.setup.InheritanceTreeGenerator - Analyzing class com/examples/with/different/packagename/test/InheritanceExample
INFO  org.evosuite.setup.InheritanceTreeGenerator - Analyzing class com/examples/with/different/packagename/test/EnumTest$MyOneEnum
INFO  org.evosuite.setup.InheritanceTreeGenerator - Analyzing class com/examples/with/different/packagename/test/StaticFieldTest
INFO  org.evosuite.setup.InheritanceTreeGenerator - Analyzing class com/examples/with/different/packagename/test/DepTest
INFO  org.evosuite.setup.InheritanceTreeGenerator - Analyzing class com/examples/with/different/packagename/test/CallTest
INFO  org.evosuite.setup.InheritanceTreeGenerator - Analyzing class com/examples/with/different/packagename/test/AbsTest
INFO  org.evosuite.setup.InheritanceTreeGenerator - Analyzing class com/examples/with/different/packagename/test/ExampleObserverClass
INFO  org.evosuite.setup.InheritanceTreeGenerator - Analyzing class com/examples/with/different/packagename/test/ExampleFieldClass
INFO  org.evosuite.setup.InheritanceTreeGenerator - Analyzing class com/examples/with/different/packagename/test/SwitchTest
INFO  org.evosuite.setup.InheritanceTreeGenerator - Analyzing class com/examples/with/different/packagename/test/Multi3Array
INFO  org.evosuite.setup.InheritanceTreeGenerator - Analyzing class com/examples/with/different/packagename/test/Callee
INFO  org.evosuite.setup.InheritanceTreeGenerator - Analyzing class com/examples/with/different/packagename/test/ObserverTest
INFO  org.evosuite.setup.InheritanceTreeGenerator - Analyzing class com/examples/with/different/packagename/test/MyEnum
INFO  org.evosuite.setup.InheritanceTreeGenerator - Analyzing class com/examples/with/different/packagename/test/InheritanceSubClass
INFO  org.evosuite.setup.InheritanceTreeGenerator - Analyzing class com/examples/with/different/packagename/test/EnumTest
INFO  org.evosuite.setup.InheritanceTreeGenerator - Analyzing class com/examples/with/different/packagename/test/MemberClass$Member2
INFO  org.evosuite.setup.InheritanceTreeGenerator - Analyzing class com/examples/with/different/packagename/test/InheritanceSuperClass
INFO  org.evosuite.setup.InheritanceTreeGenerator - Analyzing class com/examples/with/different/packagename/test/ErrorTest
INFO  org.evosuite.setup.InheritanceTreeGenerator - Analyzing class com/examples/with/different/packagename/test/ObservableDummy
INFO  org.evosuite.setup.InheritanceTreeGenerator - Analyzing class com/examples/with/different/packagename/test/ArrayTest
INFO  org.evosuite.setup.InheritanceTreeGenerator - Analyzing class com/examples/with/different/packagename/testcarver/ObjectWrapper
INFO  org.evosuite.setup.InheritanceTreeGenerator - Analyzing class com/examples/with/different/packagename/testcarver/ObjectWrapperSequenceTest
INFO  org.evosuite.setup.InheritanceTreeGenerator - Analyzing class com/examples/with/different/packagename/testcarver/GenericObjectWrapper
INFO  org.evosuite.setup.InheritanceTreeGenerator - Analyzing class com/examples/with/different/packagename/testcarver/IntegerConverter
INFO  org.evosuite.setup.InheritanceTreeGenerator - Analyzing class com/examples/with/different/packagename/testcarver/ClassWithStaticMethodTestCase
INFO  org.evosuite.setup.InheritanceTreeGenerator - Analyzing class com/examples/with/different/packagename/testcarver/TestPerson
INFO  org.evosuite.setup.InheritanceTreeGenerator - Analyzing class com/examples/with/different/packagename/testcarver/DateConverterTest1
INFO  org.evosuite.setup.InheritanceTreeGenerator - Analyzing class com/examples/with/different/packagename/testcarver/InnerCalls
INFO  org.evosuite.setup.InheritanceTreeGenerator - Analyzing class com/examples/with/different/packagename/testcarver/GenericObjectWrapperSequenceTest
INFO  org.evosuite.setup.InheritanceTreeGenerator - Analyzing class com/examples/with/different/packagename/testcarver/GenericTest
INFO  org.evosuite.setup.InheritanceTreeGenerator - Analyzing class com/examples/with/different/packagename/testcarver/InnerConstructorTest
INFO  org.evosuite.setup.InheritanceTreeGenerator - Analyzing class com/examples/with/different/packagename/testcarver/DateTimeConverter
INFO  org.evosuite.setup.InheritanceTreeGenerator - Analyzing class com/examples/with/different/packagename/testcarver/DateConverterTest9
INFO  org.evosuite.setup.InheritanceTreeGenerator - Analyzing class com/examples/with/different/packagename/testcarver/ConcreteSubClassWithFieldsTestCase
INFO  org.evosuite.setup.InheritanceTreeGenerator - Analyzing class com/examples/with/different/packagename/testcarver/IntegerConverterTestCase
INFO  org.evosuite.setup.InheritanceTreeGenerator - Analyzing class com/examples/with/different/packagename/testcarver/DateConverterTest7
INFO  org.evosuite.setup.InheritanceTreeGenerator - Analyzing class com/examples/with/different/packagename/testcarver/DifficultClassWithoutCarving
INFO  org.evosuite.setup.InheritanceTreeGenerator - Analyzing class com/examples/with/different/packagename/testcarver/AbstractSuperClassWithFields
INFO  org.evosuite.setup.InheritanceTreeGenerator - Analyzing class com/examples/with/different/packagename/testcarver/GenericObjectWrapperArrayTest
INFO  org.evosuite.setup.InheritanceTreeGenerator - Analyzing class com/examples/with/different/packagename/testcarver/ClassWithPublicStaticField
INFO  org.evosuite.setup.InheritanceTreeGenerator - Analyzing class com/examples/with/different/packagename/testcarver/Simple
INFO  org.evosuite.setup.InheritanceTreeGenerator - Analyzing class com/examples/with/different/packagename/testcarver/ClassWithStaticMethod
INFO  org.evosuite.setup.InheritanceTreeGenerator - Analyzing class com/examples/with/different/packagename/testcarver/InnerConstructorSuper
INFO  org.evosuite.setup.InheritanceTreeGenerator - Analyzing class com/examples/with/different/packagename/testcarver/Converter
INFO  org.evosuite.setup.InheritanceTreeGenerator - Analyzing class com/examples/with/different/packagename/testcarver/StaticFieldInOtherClass
INFO  org.evosuite.setup.InheritanceTreeGenerator - Analyzing class com/examples/with/different/packagename/testcarver/GenericObjectWrapperSetTest
INFO  org.evosuite.setup.InheritanceTreeGenerator - Analyzing class com/examples/with/different/packagename/testcarver/ClassWithPublicStaticFieldReadingTestCase
INFO  org.evosuite.setup.InheritanceTreeGenerator - Analyzing class com/examples/with/different/packagename/testcarver/SimpleTest
INFO  org.evosuite.setup.InheritanceTreeGenerator - Analyzing class com/examples/with/different/packagename/testcarver/ConversionException
INFO  org.evosuite.setup.InheritanceTreeGenerator - Analyzing class com/examples/with/different/packagename/testcarver/InnerConstructor
INFO  org.evosuite.setup.InheritanceTreeGenerator - Analyzing class com/examples/with/different/packagename/testcarver/NumberConverter
INFO  org.evosuite.setup.InheritanceTreeGenerator - Analyzing class com/examples/with/different/packagename/testcarver/ObjectWrapperSequenceTest$Foo
INFO  org.evosuite.setup.InheritanceTreeGenerator - Analyzing class com/examples/with/different/packagename/testcarver/Owner
INFO  org.evosuite.setup.InheritanceTreeGenerator - Analyzing class com/examples/with/different/packagename/testcarver/GenericObjectWrapperWithList
INFO  org.evosuite.setup.InheritanceTreeGenerator - Analyzing class com/examples/with/different/packagename/testcarver/DateConverterTestCase
INFO  org.evosuite.setup.InheritanceTreeGenerator - Analyzing class com/examples/with/different/packagename/testcarver/GenericObjectWrapperWithListTest$Foo
INFO  org.evosuite.setup.InheritanceTreeGenerator - Analyzing class com/examples/with/different/packagename/testcarver/DateConverterTestBase
INFO  org.evosuite.setup.InheritanceTreeGenerator - Analyzing class com/examples/with/different/packagename/testcarver/DateConverterTest6
INFO  org.evosuite.setup.InheritanceTreeGenerator - Analyzing class com/examples/with/different/packagename/testcarver/GenericObjectWrapperWithListTest
INFO  org.evosuite.setup.InheritanceTreeGenerator - Analyzing class com/examples/with/different/packagename/testcarver/joda/TestDays
INFO  org.evosuite.setup.InheritanceTreeGenerator - Analyzing class com/examples/with/different/packagename/testcarver/joda/TestScaledDurationFieldWithException
INFO  org.evosuite.setup.InheritanceTreeGenerator - Analyzing class com/examples/with/different/packagename/testcarver/joda/TestDaysWithPublicField
INFO  org.evosuite.setup.InheritanceTreeGenerator - Analyzing class com/examples/with/different/packagename/testcarver/joda/ScaledDurationField
INFO  org.evosuite.setup.InheritanceTreeGenerator - Analyzing class com/examples/with/different/packagename/testcarver/joda/TestScaledDurationField
INFO  org.evosuite.setup.InheritanceTreeGenerator - Analyzing class com/examples/with/different/packagename/testcarver/joda/DateTimeZone
INFO  org.evosuite.setup.InheritanceTreeGenerator - Analyzing class com/examples/with/different/packagename/testcarver/joda/TestScaledDurationField$DummyDurationField
INFO  org.evosuite.setup.InheritanceTreeGenerator - Analyzing class com/examples/with/different/packagename/testcarver/joda/DecoratedDurationField
INFO  org.evosuite.setup.InheritanceTreeGenerator - Analyzing class com/examples/with/different/packagename/testcarver/joda/Days
INFO  org.evosuite.setup.InheritanceTreeGenerator - Analyzing class com/examples/with/different/packagename/testcarver/joda/DurationField
INFO  org.evosuite.setup.InheritanceTreeGenerator - Analyzing class com/examples/with/different/packagename/testcarver/DateConverter
INFO  org.evosuite.setup.InheritanceTreeGenerator - Analyzing class com/examples/with/different/packagename/testcarver/ObjectWrapperArrayTest
INFO  org.evosuite.setup.InheritanceTreeGenerator - Analyzing class com/examples/with/different/packagename/testcarver/DateConverterTest11
INFO  org.evosuite.setup.InheritanceTreeGenerator - Analyzing class com/examples/with/different/packagename/testcarver/ObjectWrapperSetTest
INFO  org.evosuite.setup.InheritanceTreeGenerator - Analyzing class com/examples/with/different/packagename/testcarver/GenericObjectWrapperSequenceTest$Foo
INFO  org.evosuite.setup.InheritanceTreeGenerator - Analyzing class com/examples/with/different/packagename/testcarver/ClassDependingOnStaticFieldInOtherClassTestCase
INFO  org.evosuite.setup.InheritanceTreeGenerator - Analyzing class com/examples/with/different/packagename/testcarver/Person
INFO  org.evosuite.setup.InheritanceTreeGenerator - Analyzing class com/examples/with/different/packagename/testcarver/StringConverter
INFO  org.evosuite.setup.InheritanceTreeGenerator - Analyzing class com/examples/with/different/packagename/testcarver/AbstractConverter
INFO  org.evosuite.setup.InheritanceTreeGenerator - Analyzing class com/examples/with/different/packagename/testcarver/PrimitivesTest
INFO  org.evosuite.setup.InheritanceTreeGenerator - Analyzing class com/examples/with/different/packagename/testcarver/PersonWithJavaAgentSystemTest
INFO  org.evosuite.setup.InheritanceTreeGenerator - Analyzing class com/examples/with/different/packagename/testcarver/NumberConverterTestBase$1
INFO  org.evosuite.setup.InheritanceTreeGenerator - Analyzing class com/examples/with/different/packagename/testcarver/ConcreteSubClassWithFields
INFO  org.evosuite.setup.InheritanceTreeGenerator - Analyzing class com/examples/with/different/packagename/testcarver/ClassWithPublicFieldReadingTestCase
INFO  org.evosuite.setup.InheritanceTreeGenerator - Analyzing class com/examples/with/different/packagename/testcarver/ArrayConverter
INFO  org.evosuite.setup.InheritanceTreeGenerator - Analyzing class com/examples/with/different/packagename/testcarver/DateConverterTest4
INFO  org.evosuite.setup.InheritanceTreeGenerator - Analyzing class com/examples/with/different/packagename/testcarver/ClassDependingOnStaticFieldInOtherClass
INFO  org.evosuite.setup.InheritanceTreeGenerator - Analyzing class com/examples/with/different/packagename/testcarver/GenericObjectWrapperTwoParameterTest
INFO  org.evosuite.setup.InheritanceTreeGenerator - Analyzing class com/examples/with/different/packagename/testcarver/DateConverterTest2
INFO  org.evosuite.setup.InheritanceTreeGenerator - Analyzing class com/examples/with/different/packagename/testcarver/ClassWithPublicField
INFO  org.evosuite.setup.InheritanceTreeGenerator - Analyzing class com/examples/with/different/packagename/testcarver/DateConverterTest8
INFO  org.evosuite.setup.InheritanceTreeGenerator - Analyzing class com/examples/with/different/packagename/testcarver/ClassWithPublicFieldWritingTestCase
INFO  org.evosuite.setup.InheritanceTreeGenerator - Analyzing class com/examples/with/different/packagename/testcarver/DateConverterTest3
INFO  org.evosuite.setup.InheritanceTreeGenerator - Analyzing class com/examples/with/different/packagename/testcarver/ArrayConverterTestCase
INFO  org.evosuite.setup.InheritanceTreeGenerator - Analyzing class com/examples/with/different/packagename/testcarver/DifficultDependencyClass
INFO  org.evosuite.setup.InheritanceTreeGenerator - Analyzing class com/examples/with/different/packagename/testcarver/DateConverterTest10
INFO  org.evosuite.setup.InheritanceTreeGenerator - Analyzing class com/examples/with/different/packagename/testcarver/DifficultClassWithoutCarvingTest
INFO  org.evosuite.setup.InheritanceTreeGenerator - Analyzing class com/examples/with/different/packagename/testcarver/NumberConverterTestBase
INFO  org.evosuite.setup.InheritanceTreeGenerator - Analyzing class com/examples/with/different/packagename/testcarver/GenericObjectWrapperTwoParameter
INFO  org.evosuite.setup.InheritanceTreeGenerator - Analyzing class com/examples/with/different/packagename/testcarver/InnerCallsTest
INFO  org.evosuite.setup.InheritanceTreeGenerator - Analyzing class com/examples/with/different/packagename/testcarver/DifficultClassTest
INFO  org.evosuite.setup.InheritanceTreeGenerator - Analyzing class com/examples/with/different/packagename/testcarver/AbstractSubClassWithFields
INFO  org.evosuite.setup.InheritanceTreeGenerator - Analyzing class com/examples/with/different/packagename/testcarver/DateConverterTest5
INFO  org.evosuite.setup.InheritanceTreeGenerator - Analyzing class com/examples/with/different/packagename/sette/AnonymousClass$1
INFO  org.evosuite.setup.InheritanceTreeGenerator - Analyzing class com/examples/with/different/packagename/sette/AnonymousClass_Inputs
INFO  org.evosuite.setup.InheritanceTreeGenerator - Analyzing class com/examples/with/different/packagename/sette/SegmentStructure
INFO  org.evosuite.setup.InheritanceTreeGenerator - Analyzing class com/examples/with/different/packagename/sette/AnonymousClassInterface
INFO  org.evosuite.setup.InheritanceTreeGenerator - Analyzing class com/examples/with/different/packagename/sette/StructureInStructure
INFO  org.evosuite.setup.InheritanceTreeGenerator - Analyzing class com/examples/with/different/packagename/sette/CoordinateStructure
INFO  org.evosuite.setup.InheritanceTreeGenerator - Analyzing class com/examples/with/different/packagename/sette/L4_Collections
INFO  org.evosuite.setup.InheritanceTreeGenerator - Analyzing class com/examples/with/different/packagename/sette/LO_Other
INFO  org.evosuite.setup.InheritanceTreeGenerator - Analyzing class com/examples/with/different/packagename/sette/SnippetInput
INFO  org.evosuite.setup.InheritanceTreeGenerator - Analyzing class com/examples/with/different/packagename/sette/FingerNumber
INFO  org.evosuite.setup.InheritanceTreeGenerator - Analyzing class com/examples/with/different/packagename/sette/SnippetInputContainer
INFO  org.evosuite.setup.InheritanceTreeGenerator - Analyzing class com/examples/with/different/packagename/sette/DateParser
INFO  org.evosuite.setup.InheritanceTreeGenerator - Analyzing class com/examples/with/different/packagename/sette/AnonymousClass
INFO  org.evosuite.setup.InheritanceTreeGenerator - Analyzing class com/examples/with/different/packagename/ClassHierarchyIncludingInterfaces$1
INFO  org.evosuite.setup.InheritanceTreeGenerator - Analyzing class com/examples/with/different/packagename/mock/java/io/FileAsInputExist
INFO  org.evosuite.setup.InheritanceTreeGenerator - Analyzing class com/examples/with/different/packagename/mock/java/io/ReadHelloWorldFromFileWithNameAsInput
INFO  org.evosuite.setup.InheritanceTreeGenerator - Analyzing class com/examples/with/different/packagename/mock/java/io/FileExist
INFO  org.evosuite.setup.InheritanceTreeGenerator - Analyzing class com/examples/with/different/packagename/mock/java/io/CreateNewTmpFile
INFO  org.evosuite.setup.InheritanceTreeGenerator - Analyzing class com/examples/with/different/packagename/mock/java/lang/MemorySum
INFO  org.evosuite.setup.InheritanceTreeGenerator - Analyzing class com/examples/with/different/packagename/mock/java/lang/ExtendingRuntimeException
INFO  org.evosuite.setup.InheritanceTreeGenerator - Analyzing class com/examples/with/different/packagename/mock/java/lang/SourceExceptions$Foo
INFO  org.evosuite.setup.InheritanceTreeGenerator - Analyzing class com/examples/with/different/packagename/mock/java/lang/LongSleep
INFO  org.evosuite.setup.InheritanceTreeGenerator - Analyzing class com/examples/with/different/packagename/mock/java/lang/SourceExceptions
INFO  org.evosuite.setup.InheritanceTreeGenerator - Analyzing class com/examples/with/different/packagename/mock/java/lang/HookWithBranch
INFO  org.evosuite.setup.InheritanceTreeGenerator - Analyzing class com/examples/with/different/packagename/mock/java/lang/HookWithBranch$1
INFO  org.evosuite.setup.InheritanceTreeGenerator - Analyzing class com/examples/with/different/packagename/mock/java/lang/ExtendingThread
INFO  org.evosuite.setup.InheritanceTreeGenerator - Analyzing class com/examples/with/different/packagename/mock/java/util/prefs/PrefsNode
INFO  org.evosuite.setup.InheritanceTreeGenerator - Analyzing class com/examples/with/different/packagename/mock/java/util/prefs/PrefsUser
INFO  org.evosuite.setup.InheritanceTreeGenerator - Analyzing class com/examples/with/different/packagename/mock/java/util/prefs/PrefsSystem
INFO  org.evosuite.setup.InheritanceTreeGenerator - Analyzing class com/examples/with/different/packagename/mock/java/util/RandomUser
INFO  org.evosuite.setup.InheritanceTreeGenerator - Analyzing class com/examples/with/different/packagename/mock/java/util/DateInConstructor
INFO  org.evosuite.setup.InheritanceTreeGenerator - Analyzing class com/examples/with/different/packagename/mock/java/time/LocalDateExample
INFO  org.evosuite.setup.InheritanceTreeGenerator - Analyzing class com/examples/with/different/packagename/mock/java/time/ClockExample
INFO  org.evosuite.setup.InheritanceTreeGenerator - Analyzing class com/examples/with/different/packagename/mock/java/time/InstantExample
INFO  org.evosuite.setup.InheritanceTreeGenerator - Analyzing class com/examples/with/different/packagename/mock/java/net/ReceiveTcp_exception
INFO  org.evosuite.setup.InheritanceTreeGenerator - Analyzing class com/examples/with/different/packagename/mock/java/net/ReceiveTcp_exception_tryCatch
INFO  org.evosuite.setup.InheritanceTreeGenerator - Analyzing class com/examples/with/different/packagename/mock/java/net/ReceiveUdp
INFO  org.evosuite.setup.InheritanceTreeGenerator - Analyzing class com/examples/with/different/packagename/mock/java/net/ReceiveTcp_noBranch
INFO  org.evosuite.setup.InheritanceTreeGenerator - Analyzing class com/examples/with/different/packagename/mock/java/net/ReadFromURL
INFO  org.evosuite.setup.InheritanceTreeGenerator - Analyzing class com/examples/with/different/packagename/mock/java/net/ReadFromInputURL
INFO  org.evosuite.setup.InheritanceTreeGenerator - Analyzing class com/examples/with/different/packagename/mock/java/net/ReceiveTcp
INFO  org.evosuite.setup.InheritanceTreeGenerator - Analyzing class com/examples/with/different/packagename/mock/java/net/SendTcp
INFO  org.evosuite.setup.InheritanceTreeGenerator - Analyzing class com/examples/with/different/packagename/ClassPublicInterfaceTest
INFO  org.evosuite.setup.InheritanceTreeGenerator - Analyzing class com/examples/with/different/packagename/LambdaInStaticConstructor
INFO  org.evosuite.setup.InheritanceTreeGenerator - Analyzing class com/examples/with/different/packagename/Euclidean
INFO  org.evosuite.setup.InheritanceTreeGenerator - Analyzing class com/examples/with/different/packagename/ClassWithPrivateInnerClass
INFO  org.evosuite.setup.InheritanceTreeGenerator - Analyzing class com/examples/with/different/packagename/OnlyException
INFO  org.evosuite.setup.InheritanceTreeGenerator - Analyzing class com/examples/with/different/packagename/CurrentTimeViaDate
INFO  org.evosuite.setup.InheritanceTreeGenerator - Analyzing class com/examples/with/different/packagename/InfiniteLoops$1
INFO  org.evosuite.setup.InheritanceTreeGenerator - Analyzing class com/examples/with/different/packagename/MemberClassWithParameter$MemberClass
INFO  org.evosuite.setup.InheritanceTreeGenerator - Analyzing class com/examples/with/different/packagename/ClassWithPrivateInterfacesTest
INFO  org.evosuite.setup.InheritanceTreeGenerator - Analyzing class com/examples/with/different/packagename/DeleteFileCommonsIO
INFO  org.evosuite.setup.InheritanceTreeGenerator - Analyzing class com/examples/with/different/packagename/ClassHierarchyIncludingInterfaces$2
INFO  org.evosuite.setup.InheritanceTreeGenerator - Analyzing class com/examples/with/different/packagename/ClassHierarchyIncludingInterfaces
INFO  org.evosuite.setup.InheritanceTreeGenerator - Analyzing class com/examples/with/different/packagename/CurrentTimeViaGregorianCalendar
INFO  org.evosuite.setup.InheritanceTreeGenerator - Analyzing class com/examples/with/different/packagename/InfiniteLoops$2
INFO  org.evosuite.setup.InheritanceTreeGenerator - Analyzing class com/examples/with/different/packagename/CurrentTime
INFO  org.evosuite.setup.InheritanceTreeGenerator - Analyzing class com/examples/with/different/packagename/reflection/PrivateConstructor
INFO  org.evosuite.setup.InheritanceTreeGenerator - Analyzing class com/examples/with/different/packagename/reflection/PrivateMethodWithGenerics
INFO  org.evosuite.setup.InheritanceTreeGenerator - Analyzing class com/examples/with/different/packagename/reflection/PrivateMethodWithTypeVariable
INFO  org.evosuite.setup.InheritanceTreeGenerator - Analyzing class com/examples/with/different/packagename/reflection/PrivateFieldInPrivateMethod
INFO  org.evosuite.setup.InheritanceTreeGenerator - Analyzing class com/examples/with/different/packagename/reflection/CoverageIssue
INFO  org.evosuite.setup.InheritanceTreeGenerator - Analyzing class com/examples/with/different/packagename/reflection/OnlyPrivateMethods
INFO  org.evosuite.setup.InheritanceTreeGenerator - Analyzing class com/examples/with/different/packagename/reflection/PrivateFieldInPublicMethod
INFO  org.evosuite.setup.InheritanceTreeGenerator - Analyzing class com/examples/with/different/packagename/ClassHierarchyIncludingInterfaces$1$1
INFO  org.evosuite.setup.InheritanceTreeGenerator - Analyzing class com/examples/with/different/packagename/ClassWithPrivateInterfacesTest$IF
INFO  org.evosuite.setup.InheritanceTreeGenerator - Analyzing class com/examples/with/different/packagename/fm/SimpleFM_GenericsAsInput
INFO  org.evosuite.setup.InheritanceTreeGenerator - Analyzing class com/examples/with/different/packagename/fm/SimpleFM_Int$Foo
INFO  org.evosuite.setup.InheritanceTreeGenerator - Analyzing class com/examples/with/different/packagename/fm/GenericFM_GenericMethod$Foo
INFO  org.evosuite.setup.InheritanceTreeGenerator - Analyzing class com/examples/with/different/packagename/fm/SimpleFM_returnString$Foo
INFO  org.evosuite.setup.InheritanceTreeGenerator - Analyzing class com/examples/with/different/packagename/fm/SimpleFM_GenericsReturnWithExtend_Double$W
INFO  org.evosuite.setup.InheritanceTreeGenerator - Analyzing class com/examples/with/different/packagename/fm/SimpleFM_GenericsAsInput$Foo
INFO  org.evosuite.setup.InheritanceTreeGenerator - Analyzing class com/examples/with/different/packagename/fm/GenericFM_StringType
INFO  org.evosuite.setup.InheritanceTreeGenerator - Analyzing class com/examples/with/different/packagename/fm/GenericFM_GenericMethod
INFO  org.evosuite.setup.InheritanceTreeGenerator - Analyzing class com/examples/with/different/packagename/fm/GenericFM_ConstrainedType
INFO  org.evosuite.setup.InheritanceTreeGenerator - Analyzing class com/examples/with/different/packagename/fm/SimpleFM_Boolean
INFO  org.evosuite.setup.InheritanceTreeGenerator - Analyzing class com/examples/with/different/packagename/fm/SimpleFM_NullString$Foo
INFO  org.evosuite.setup.InheritanceTreeGenerator - Analyzing class com/examples/with/different/packagename/fm/SimpleFM_GenericsNullString
INFO  org.evosuite.setup.InheritanceTreeGenerator - Analyzing class com/examples/with/different/packagename/fm/SimpleFM_GenericsReturnWithExtend_Double$Z
INFO  org.evosuite.setup.InheritanceTreeGenerator - Analyzing class com/examples/with/different/packagename/fm/SimpleFM_GenericsReturnWithExtend_Single
INFO  org.evosuite.setup.InheritanceTreeGenerator - Analyzing class com/examples/with/different/packagename/fm/SimpleFM_GenericsReturnWithExtend_Double$B
INFO  org.evosuite.setup.InheritanceTreeGenerator - Analyzing class com/examples/with/different/packagename/fm/SimpleFM_DoubleMock$Bar
INFO  org.evosuite.setup.InheritanceTreeGenerator - Analyzing class com/examples/with/different/packagename/fm/GenericFM_ConstrainedType$Foo
INFO  org.evosuite.setup.InheritanceTreeGenerator - Analyzing class com/examples/with/different/packagename/fm/SimpleFM_GenericsReturnWithExtend_Single$A
INFO  org.evosuite.setup.InheritanceTreeGenerator - Analyzing class com/examples/with/different/packagename/fm/SimpleFM_nonFinal
INFO  org.evosuite.setup.InheritanceTreeGenerator - Analyzing class com/examples/with/different/packagename/fm/SimpleFM_PackageMethodWithReturn$PLM
INFO  org.evosuite.setup.InheritanceTreeGenerator - Analyzing class com/examples/with/different/packagename/fm/SimpleFM_finalClass
INFO  org.evosuite.setup.InheritanceTreeGenerator - Analyzing class com/examples/with/different/packagename/fm/SimpleFM_finalMethod
INFO  org.evosuite.setup.InheritanceTreeGenerator - Analyzing class com/examples/with/different/packagename/fm/SimpleFM_String
INFO  org.evosuite.setup.InheritanceTreeGenerator - Analyzing class com/examples/with/different/packagename/fm/SimpleFM_Dependency
INFO  org.evosuite.setup.InheritanceTreeGenerator - Analyzing class com/examples/with/different/packagename/fm/SimpleFM_GenericReturn
INFO  org.evosuite.setup.InheritanceTreeGenerator - Analyzing class com/examples/with/different/packagename/fm/SimpleFM_nonFinal$Foo
INFO  org.evosuite.setup.InheritanceTreeGenerator - Analyzing class com/examples/with/different/packagename/fm/SimpleFM_DoubleMock
INFO  org.evosuite.setup.InheritanceTreeGenerator - Analyzing class com/examples/with/different/packagename/fm/SimpleFM_Dependency$Bar
INFO  org.evosuite.setup.InheritanceTreeGenerator - Analyzing class com/examples/with/different/packagename/fm/SimpleFM_Generics
INFO  org.evosuite.setup.InheritanceTreeGenerator - Analyzing class com/examples/with/different/packagename/fm/SimpleFM_GenericsReturnWithExtend_Double$A
INFO  org.evosuite.setup.InheritanceTreeGenerator - Analyzing class com/examples/with/different/packagename/fm/SimpleFM_String$Foo
INFO  org.evosuite.setup.InheritanceTreeGenerator - Analyzing class com/examples/with/different/packagename/fm/SimpleFM_GenericsReturnWithExtend_Single$W
INFO  org.evosuite.setup.InheritanceTreeGenerator - Analyzing class com/examples/with/different/packagename/fm/SimpleFM_GenericsNullString$Foo
INFO  org.evosuite.setup.InheritanceTreeGenerator - Analyzing class com/examples/with/different/packagename/fm/SimpleFM_DoubleMock$Foo
INFO  org.evosuite.setup.InheritanceTreeGenerator - Analyzing class com/examples/with/different/packagename/fm/SimpleFM_Generics$Foo
INFO  org.evosuite.setup.InheritanceTreeGenerator - Analyzing class com/examples/with/different/packagename/fm/SimpleFM_PackageMethodWithReturn
INFO  org.evosuite.setup.InheritanceTreeGenerator - Analyzing class com/examples/with/different/packagename/fm/SimpleFM_GenericReturn$Foo
INFO  org.evosuite.setup.InheritanceTreeGenerator - Analyzing class com/examples/with/different/packagename/fm/SimpleFM_PackageMethod
INFO  org.evosuite.setup.InheritanceTreeGenerator - Analyzing class com/examples/with/different/packagename/fm/SimpleFM_finalMethod$Foo
INFO  org.evosuite.setup.InheritanceTreeGenerator - Analyzing class com/examples/with/different/packagename/fm/SimpleFM_PackageMethod$PLM
INFO  org.evosuite.setup.InheritanceTreeGenerator - Analyzing class com/examples/with/different/packagename/fm/SimpleFM_Boolean$Foo
INFO  org.evosuite.setup.InheritanceTreeGenerator - Analyzing class com/examples/with/different/packagename/fm/SimpleFM_Int
INFO  org.evosuite.setup.InheritanceTreeGenerator - Analyzing class com/examples/with/different/packagename/fm/SimpleFM_GenericsReturnWithExtend_Single$B
INFO  org.evosuite.setup.InheritanceTreeGenerator - Analyzing class com/examples/with/different/packagename/fm/SimpleFM_NullString
INFO  org.evosuite.setup.InheritanceTreeGenerator - Analyzing class com/examples/with/different/packagename/fm/SimpleFM_GenericsReturnWithExtend_Double
INFO  org.evosuite.setup.InheritanceTreeGenerator - Analyzing class com/examples/with/different/packagename/fm/GenericFM_StringType$Foo
INFO  org.evosuite.setup.InheritanceTreeGenerator - Analyzing class com/examples/with/different/packagename/fm/SimpleFM_finalClass$Foo
INFO  org.evosuite.setup.InheritanceTreeGenerator - Analyzing class com/examples/with/different/packagename/fm/SimpleFM_returnString
INFO  org.evosuite.setup.InheritanceTreeGenerator - Analyzing class com/examples/with/different/packagename/fm/SimpleFM_Dependency$Foo
INFO  org.evosuite.setup.InheritanceTreeGenerator - Analyzing class com/examples/with/different/packagename/CurrentTimeViaCalendar2
INFO  org.evosuite.setup.InheritanceTreeGenerator - Analyzing class com/examples/with/different/packagename/ArrayReference
INFO  org.evosuite.setup.InheritanceTreeGenerator - Analyzing class com/examples/with/different/packagename/interfaces/ImplementationWithStaticMethods
INFO  org.evosuite.setup.InheritanceTreeGenerator - Analyzing class com/examples/with/different/packagename/interfaces/Implementation
INFO  org.evosuite.setup.InheritanceTreeGenerator - Analyzing class com/examples/with/different/packagename/interfaces/StandardInterface
INFO  org.evosuite.setup.InheritanceTreeGenerator - Analyzing class com/examples/with/different/packagename/interfaces/ImplementationWithDefaultMethods
INFO  org.evosuite.setup.InheritanceTreeGenerator - Analyzing class com/examples/with/different/packagename/interfaces/InterfaceWithoutSubclasses
INFO  org.evosuite.setup.InheritanceTreeGenerator - Analyzing class com/examples/with/different/packagename/interfaces/InterfaceWithStaticMethods
INFO  org.evosuite.setup.InheritanceTreeGenerator - Analyzing class com/examples/with/different/packagename/interfaces/InterfaceWithDefaultMethods
INFO  org.evosuite.setup.InheritanceTreeGenerator - Analyzing class com/examples/with/different/packagename/ClassPublicInterface
INFO  org.evosuite.setup.InheritanceTreeGenerator - Analyzing class com/examples/with/different/packagename/ExampleEnum
INFO  org.evosuite.setup.InheritanceTreeGenerator - Analyzing class com/examples/with/different/packagename/Calculator
INFO  org.evosuite.setup.InheritanceTreeGenerator - Analyzing class com/examples/with/different/packagename/VoidExample
INFO  org.evosuite.setup.InheritanceTreeGenerator - Analyzing class com/examples/with/different/packagename/listclasses/DeprecatedClass
INFO  org.evosuite.setup.InheritanceTreeGenerator - Analyzing class com/examples/with/different/packagename/listclasses/ClassWithDefaultMethods
INFO  org.evosuite.setup.InheritanceTreeGenerator - Analyzing class com/examples/with/different/packagename/listclasses/ClassWithoutPublicMethods
INFO  org.evosuite.setup.InheritanceTreeGenerator - Analyzing class com/examples/with/different/packagename/listclasses/NonPublicClass
INFO  org.evosuite.setup.InheritanceTreeGenerator - Analyzing class com/examples/with/different/packagename/listclasses/AbstractClass
INFO  org.evosuite.setup.InheritanceTreeGenerator - Analyzing class com/examples/with/different/packagename/listclasses/ClassWithProtectedMethods
INFO  org.evosuite.setup.InheritanceTreeGenerator - Analyzing class com/examples/with/different/packagename/DeleteFileNIO
INFO  org.evosuite.setup.InheritanceTreeGenerator - Analyzing class com/examples/with/different/packagename/testreader/SimpleTestExample02
INFO  org.evosuite.setup.InheritanceTreeGenerator - Analyzing class com/examples/with/different/packagename/testreader/TestExample
INFO  org.evosuite.setup.InheritanceTreeGenerator - Analyzing class com/examples/with/different/packagename/testreader/SimpleTestExample03
INFO  org.evosuite.setup.InheritanceTreeGenerator - Analyzing class com/examples/with/different/packagename/testreader/InheritanceExample
INFO  org.evosuite.setup.InheritanceTreeGenerator - Analyzing class com/examples/with/different/packagename/testreader/SimpleTestExample01
INFO  org.evosuite.setup.InheritanceTreeGenerator - Analyzing class com/examples/with/different/packagename/testreader/TestExample$MockingBird
INFO  org.evosuite.setup.InheritanceTreeGenerator - Analyzing class com/examples/with/different/packagename/testreader/ParentTestExample
INFO  org.evosuite.setup.InheritanceTreeGenerator - Analyzing class com/examples/with/different/packagename/testreader/SimpleTestExample04
INFO  org.evosuite.setup.InheritanceTreeGenerator - Analyzing class com/examples/with/different/packagename/seeding/TypeExample$X
INFO  org.evosuite.setup.InheritanceTreeGenerator - Analyzing class com/examples/with/different/packagename/seeding/C
INFO  org.evosuite.setup.InheritanceTreeGenerator - Analyzing class com/examples/with/different/packagename/seeding/TypeExample
INFO  org.evosuite.setup.InheritanceTreeGenerator - Analyzing class com/examples/with/different/packagename/seeding/NumericDynamicIntSeeding
INFO  org.evosuite.setup.InheritanceTreeGenerator - Analyzing class com/examples/with/different/packagename/seeding/ObjectCastExample
INFO  org.evosuite.setup.InheritanceTreeGenerator - Analyzing class com/examples/with/different/packagename/seeding/B
INFO  org.evosuite.setup.InheritanceTreeGenerator - Analyzing class com/examples/with/different/packagename/seeding/A
INFO  org.evosuite.setup.InheritanceTreeGenerator - Analyzing class com/examples/with/different/packagename/seeding/NumericDynamicFloatSeeding
INFO  org.evosuite.setup.InheritanceTreeGenerator - Analyzing class com/examples/with/different/packagename/seeding/NumericDynamicDoubleSeeding
INFO  org.evosuite.setup.InheritanceTreeGenerator - Analyzing class com/examples/with/different/packagename/seeding/NumericDynamicLongSeeding
INFO  org.evosuite.setup.InheritanceTreeGenerator - Analyzing class com/examples/with/different/packagename/seeding/ObjectInheritanceExample
INFO  org.evosuite.setup.InheritanceTreeGenerator - Analyzing class com/examples/with/different/packagename/StaticPrinting
INFO  org.evosuite.setup.InheritanceTreeGenerator - Analyzing class com/examples/with/different/packagename/DeleteFileThread$1
INFO  org.evosuite.setup.InheritanceTreeGenerator - Analyzing class com/examples/with/different/packagename/inheritance/TheSuperClass
INFO  org.evosuite.setup.InheritanceTreeGenerator - Analyzing class com/examples/with/different/packagename/inheritance/B
INFO  org.evosuite.setup.InheritanceTreeGenerator - Analyzing class com/examples/with/different/packagename/inheritance/A
INFO  org.evosuite.setup.InheritanceTreeGenerator - Analyzing class com/examples/with/different/packagename/DeprecatedMethods
INFO  org.evosuite.setup.InheritanceTreeGenerator - Analyzing class com/examples/with/different/packagename/TypeSeedingExampleString
INFO  org.evosuite.setup.InheritanceTreeGenerator - Analyzing class com/examples/with/different/packagename/DeleteFileThread
INFO  org.evosuite.setup.InheritanceTreeGenerator - Analyzing class com/examples/with/different/packagename/ClassHierarchyIncludingInterfacesTest
INFO  org.evosuite.setup.InheritanceTreeGenerator - Analyzing class com/examples/with/different/packagename/TestBMICalculator
INFO  org.evosuite.setup.InheritanceTreeGenerator - Analyzing class com/examples/with/different/packagename/mutation/MutationPropagation
INFO  org.evosuite.setup.InheritanceTreeGenerator - Analyzing class com/examples/with/different/packagename/mutation/SimpleMutationExample2
INFO  org.evosuite.setup.InheritanceTreeGenerator - Analyzing class com/examples/with/different/packagename/mutation/SimpleMutationExample1
INFO  org.evosuite.setup.InheritanceTreeGenerator - Analyzing class com/examples/with/different/packagename/DeleteFileExample
INFO  org.evosuite.setup.InheritanceTreeGenerator - Analyzing class com/examples/with/different/packagename/ExampleInheritedClass
INFO  org.evosuite.setup.InheritanceTreeGenerator - Analyzing class com/examples/with/different/packagename/DoubleExample
INFO  org.evosuite.setup.InheritanceTreeGenerator - Analyzing class com/examples/with/different/packagename/ExampleNullAssertion
INFO  org.evosuite.setup.InheritanceTreeGenerator - Analyzing class com/examples/with/different/packagename/ClassWithPrivateInterfacesTest$1
INFO  org.evosuite.setup.InheritanceTreeGenerator - Analyzing class com/examples/with/different/packagename/assertion/ExampleReturningEnum
INFO  org.evosuite.setup.InheritanceTreeGenerator - Analyzing class com/examples/with/different/packagename/assertion/ArrayPrimitiveWrapper
INFO  org.evosuite.setup.InheritanceTreeGenerator - Analyzing class com/examples/with/different/packagename/assertion/WrapperCreatingCopy
INFO  org.evosuite.setup.InheritanceTreeGenerator - Analyzing class com/examples/with/different/packagename/assertion/ContainerExample
INFO  org.evosuite.setup.InheritanceTreeGenerator - Analyzing class com/examples/with/different/packagename/assertion/ExampleReturningEnum$Foo
INFO  org.evosuite.setup.InheritanceTreeGenerator - Analyzing class com/examples/with/different/packagename/assertion/WrapperExample
INFO  org.evosuite.setup.InheritanceTreeGenerator - Analyzing class com/examples/with/different/packagename/assertion/ArrayObjects
INFO  org.evosuite.setup.InheritanceTreeGenerator - Analyzing class com/examples/with/different/packagename/assertion/DoubleWrapperExample
INFO  org.evosuite.setup.InheritanceTreeGenerator - Analyzing class com/examples/with/different/packagename/ClassWithPrivateNonStaticInnerClass$1
INFO  org.evosuite.setup.InheritanceTreeGenerator - Analyzing class com/examples/with/different/packagename/AbstractSuperClass
INFO  org.evosuite.setup.InheritanceTreeGenerator - Analyzing class com/examples/with/different/packagename/ClassHierarchyIncludingInterfaces$Interfaces
INFO  org.evosuite.setup.InheritanceTreeGenerator - Analyzing class com/examples/with/different/packagename/CallExit
INFO  org.evosuite.setup.InheritanceTreeGenerator - Analyzing class com/examples/with/different/packagename/ConcreteSubClass
INFO  org.evosuite.setup.InheritanceTreeGenerator - Analyzing class com/examples/with/different/packagename/gui/FontCUT
INFO  org.evosuite.setup.InheritanceTreeGenerator - Analyzing class com/examples/with/different/packagename/XMLElement2
INFO  org.evosuite.setup.InheritanceTreeGenerator - Analyzing class com/examples/with/different/packagename/ClassHierarchyIncludingInterfacesTest$GenericConsumer
INFO  org.evosuite.setup.InheritanceTreeGenerator - Analyzing class com/examples/with/different/packagename/ClassUsingRandomParameter
INFO  org.evosuite.setup.InheritanceTreeGenerator - Analyzing class com/examples/with/different/packagename/dse/PathDivergeUsingHashExample
INFO  org.evosuite.setup.InheritanceTreeGenerator - Analyzing class com/examples/with/different/packagename/dse/StringExample
INFO  org.evosuite.setup.InheritanceTreeGenerator - Analyzing class com/examples/with/different/packagename/dse/LocalClassExample
INFO  org.evosuite.setup.InheritanceTreeGenerator - Analyzing class com/examples/with/different/packagename/dse/StreamAPIExample$1
INFO  org.evosuite.setup.InheritanceTreeGenerator - Analyzing class com/examples/with/different/packagename/dse/LocalClassExample$1numberChecker
INFO  org.evosuite.setup.InheritanceTreeGenerator - Analyzing class com/examples/with/different/packagename/dse/SimpleMax
INFO  org.evosuite.setup.InheritanceTreeGenerator - Analyzing class com/examples/with/different/packagename/dse/DseWithURL
INFO  org.evosuite.setup.InheritanceTreeGenerator - Analyzing class com/examples/with/different/packagename/dse/DseWithSocket
INFO  org.evosuite.setup.InheritanceTreeGenerator - Analyzing class com/examples/with/different/packagename/dse/ShortExample
INFO  org.evosuite.setup.InheritanceTreeGenerator - Analyzing class com/examples/with/different/packagename/dse/NoStaticMethod
INFO  org.evosuite.setup.InheritanceTreeGenerator - Analyzing class com/examples/with/different/packagename/dse/StringConcatenationExample
INFO  org.evosuite.setup.InheritanceTreeGenerator - Analyzing class com/examples/with/different/packagename/dse/DseWithFile
INFO  org.evosuite.setup.InheritanceTreeGenerator - Analyzing class com/examples/with/different/packagename/dse/DoubleExample
INFO  org.evosuite.setup.InheritanceTreeGenerator - Analyzing class com/examples/with/different/packagename/dse/LongExample
INFO  org.evosuite.setup.InheritanceTreeGenerator - Analyzing class com/examples/with/different/packagename/dse/array/ArrayLengthExample
INFO  org.evosuite.setup.InheritanceTreeGenerator - Analyzing class com/examples/with/different/packagename/dse/array/IntegerArrayAssignmentExample2
INFO  org.evosuite.setup.InheritanceTreeGenerator - Analyzing class com/examples/with/different/packagename/dse/array/RealArrayAssignmentExample2
INFO  org.evosuite.setup.InheritanceTreeGenerator - Analyzing class com/examples/with/different/packagename/dse/array/StringArrayAssignmentExample
INFO  org.evosuite.setup.InheritanceTreeGenerator - Analyzing class com/examples/with/different/packagename/dse/array/RealArrayAssignmentExample
INFO  org.evosuite.setup.InheritanceTreeGenerator - Analyzing class com/examples/with/different/packagename/dse/array/IntegerArrayAssignmentExample
INFO  org.evosuite.setup.InheritanceTreeGenerator - Analyzing class com/examples/with/different/packagename/dse/Min
INFO  org.evosuite.setup.InheritanceTreeGenerator - Analyzing class com/examples/with/different/packagename/dse/StreamAPIExample
INFO  org.evosuite.setup.InheritanceTreeGenerator - Analyzing class com/examples/with/different/packagename/dse/BooleanExample
INFO  org.evosuite.setup.InheritanceTreeGenerator - Analyzing class com/examples/with/different/packagename/dse/MinUnreachableCode
INFO  org.evosuite.setup.InheritanceTreeGenerator - Analyzing class com/examples/with/different/packagename/dse/Max
INFO  org.evosuite.setup.InheritanceTreeGenerator - Analyzing class com/examples/with/different/packagename/dse/FloatExample
INFO  org.evosuite.setup.InheritanceTreeGenerator - Analyzing class com/examples/with/different/packagename/dse/invokedynamic/SingleMethodReference$MyIntegerClassWithState
INFO  org.evosuite.setup.InheritanceTreeGenerator - Analyzing class com/examples/with/different/packagename/dse/invokedynamic/LambdaExample$Function2
INFO  org.evosuite.setup.InheritanceTreeGenerator - Analyzing class com/examples/with/different/packagename/dse/invokedynamic/SingleMethodReference$MyIntegerClassStateless
INFO  org.evosuite.setup.InheritanceTreeGenerator - Analyzing class com/examples/with/different/packagename/dse/invokedynamic/InvokeExactExample
INFO  org.evosuite.setup.InheritanceTreeGenerator - Analyzing class com/examples/with/different/packagename/dse/invokedynamic/ClosureField
INFO  org.evosuite.setup.InheritanceTreeGenerator - Analyzing class com/examples/with/different/packagename/dse/invokedynamic/TestClosureClass
INFO  org.evosuite.setup.InheritanceTreeGenerator - Analyzing class com/examples/with/different/packagename/dse/invokedynamic/SingleMethodReference$1
INFO  org.evosuite.setup.InheritanceTreeGenerator - Analyzing class com/examples/with/different/packagename/dse/invokedynamic/TestSAMConversions
INFO  org.evosuite.setup.InheritanceTreeGenerator - Analyzing class com/examples/with/different/packagename/dse/invokedynamic/ClosureFieldTest
INFO  org.evosuite.setup.InheritanceTreeGenerator - Analyzing class com/examples/with/different/packagename/dse/invokedynamic/SingleMethodReference
INFO  org.evosuite.setup.InheritanceTreeGenerator - Analyzing class com/examples/with/different/packagename/dse/invokedynamic/SingleMethodReference$GetIntContext
INFO  org.evosuite.setup.InheritanceTreeGenerator - Analyzing class com/examples/with/different/packagename/dse/invokedynamic/LambdaExample
INFO  org.evosuite.setup.InheritanceTreeGenerator - Analyzing class com/examples/with/different/packagename/dse/invokedynamic/SingleMethodReference$GetIntNoContext
INFO  org.evosuite.setup.InheritanceTreeGenerator - Analyzing class com/examples/with/different/packagename/dse/CharExample
INFO  org.evosuite.setup.InheritanceTreeGenerator - Analyzing class com/examples/with/different/packagename/dse/ByteExample
INFO  org.evosuite.setup.InheritanceTreeGenerator - Analyzing class com/examples/with/different/packagename/dse/Add
INFO  org.evosuite.setup.InheritanceTreeGenerator - Analyzing class com/examples/with/different/packagename/dse/DseWithServer
INFO  org.evosuite.setup.InheritanceTreeGenerator - Analyzing class com/examples/with/different/packagename/dse/ObjectExample
INFO  org.evosuite.setup.InheritanceTreeGenerator - Analyzing class com/examples/with/different/packagename/DivisionByZero
INFO  org.evosuite.setup.InheritanceTreeGenerator - Analyzing class com/examples/with/different/packagename/ReadFromSystemIn
INFO  org.evosuite.setup.InheritanceTreeGenerator - Analyzing class com/examples/with/different/packagename/ExampleStaticVoidSetterClass
INFO  org.evosuite.setup.InheritanceTreeGenerator - Analyzing class com/examples/with/different/packagename/TrivialForDynamicSeeding
INFO  org.evosuite.setup.InheritanceTreeGenerator - Analyzing class com/examples/with/different/packagename/reset/SingletonObjectReset
INFO  org.evosuite.setup.InheritanceTreeGenerator - Analyzing class com/examples/with/different/packagename/reset/StaticInitCatchImplicitNullPointer
INFO  org.evosuite.setup.InheritanceTreeGenerator - Analyzing class com/examples/with/different/packagename/reset/ClassWithStaticInitializerTryCatch
INFO  org.evosuite.setup.InheritanceTreeGenerator - Analyzing class com/examples/with/different/packagename/reset/SingletonObjectReset$1
INFO  org.evosuite.setup.InheritanceTreeGenerator - Analyzing class com/examples/with/different/packagename/reset/StaticInitThrowsNullPointer
INFO  org.evosuite.setup.InheritanceTreeGenerator - Analyzing class com/examples/with/different/packagename/reset/SingletonObjectReset$Counter
INFO  org.evosuite.setup.InheritanceTreeGenerator - Analyzing class com/examples/with/different/packagename/reset/StaticInitCatchNullPointer
INFO  org.evosuite.setup.InheritanceTreeGenerator - Analyzing class com/examples/with/different/packagename/reset/ClassWithMutableStatic
INFO  org.evosuite.setup.InheritanceTreeGenerator - Analyzing class com/examples/with/different/packagename/junit/writer/Foo
INFO  org.evosuite.setup.InheritanceTreeGenerator - Analyzing class com/examples/with/different/packagename/InfiniteLoops
INFO  org.evosuite.setup.InheritanceTreeGenerator - Analyzing class com/examples/with/different/packagename/IntegerCollectionAllBranch
INFO  org.evosuite.setup.InheritanceTreeGenerator - Analyzing class com/examples/with/different/packagename/papers/vfs/EnvExample
INFO  org.evosuite.setup.InheritanceTreeGenerator - Analyzing class com/examples/with/different/packagename/papers/pafm/PAFM_old
INFO  org.evosuite.setup.InheritanceTreeGenerator - Analyzing class com/examples/with/different/packagename/papers/pafm/PAFM
INFO  org.evosuite.setup.InheritanceTreeGenerator - Analyzing class com/examples/with/different/packagename/papers/pafm/AnInterface
INFO  org.evosuite.setup.InheritanceTreeGenerator - Analyzing class com/examples/with/different/packagename/papers/vnet/Example_URL
INFO  org.evosuite.setup.InheritanceTreeGenerator - Analyzing class com/examples/with/different/packagename/papers/vnet/Example_UDP_TCP
INFO  org.evosuite.setup.InheritanceTreeGenerator - Analyzing class com/examples/with/different/packagename/CurrentTimeViaCalendar
INFO  org.evosuite.setup.InheritanceTreeGenerator - Analyzing class com/examples/with/different/packagename/AbstractClassWithStaticFactory
INFO  org.evosuite.setup.InheritanceTreeGenerator - Analyzing class com/examples/with/different/packagename/TrivialForDynamicSeedingRegex
INFO  org.evosuite.setup.InheritanceTreeGenerator - Analyzing class com/examples/with/different/packagename/stable/TypeErasure
INFO  org.evosuite.setup.InheritanceTreeGenerator - Analyzing class com/examples/with/different/packagename/stable/FinalSingletonUser
INFO  org.evosuite.setup.InheritanceTreeGenerator - Analyzing class com/examples/with/different/packagename/stable/CannotInitializeClass
INFO  org.evosuite.setup.InheritanceTreeGenerator - Analyzing class com/examples/with/different/packagename/stable/SingletonUser
INFO  org.evosuite.setup.InheritanceTreeGenerator - Analyzing class com/examples/with/different/packagename/stable/ExitVM
INFO  org.evosuite.setup.InheritanceTreeGenerator - Analyzing class com/examples/with/different/packagename/stable/NoClinit
INFO  org.evosuite.setup.InheritanceTreeGenerator - Analyzing class com/examples/with/different/packagename/stable/MapContainerUser
INFO  org.evosuite.setup.InheritanceTreeGenerator - Analyzing class com/examples/with/different/packagename/stable/HasClinit
INFO  org.evosuite.setup.InheritanceTreeGenerator - Analyzing class com/examples/with/different/packagename/stable/RandomUser
INFO  org.evosuite.setup.InheritanceTreeGenerator - Analyzing class com/examples/with/different/packagename/stable/FinalSingletonArrayUser
INFO  org.evosuite.setup.InheritanceTreeGenerator - Analyzing class com/examples/with/different/packagename/stable/ListContainerUser
INFO  org.evosuite.setup.InheritanceTreeGenerator - Analyzing class com/examples/with/different/packagename/stable/Overload
INFO  org.evosuite.setup.InheritanceTreeGenerator - Analyzing class com/examples/with/different/packagename/stable/Base64
INFO  org.evosuite.setup.InheritanceTreeGenerator - Analyzing class com/examples/with/different/packagename/stable/DateInConstructor
INFO  org.evosuite.setup.InheritanceTreeGenerator - Analyzing class com/examples/with/different/packagename/stable/ResourceLoaderUser
INFO  org.evosuite.setup.InheritanceTreeGenerator - Analyzing class com/examples/with/different/packagename/stable/ResetOrderClassA
INFO  org.evosuite.setup.InheritanceTreeGenerator - Analyzing class com/examples/with/different/packagename/stable/LongArrayDefault
INFO  org.evosuite.setup.InheritanceTreeGenerator - Analyzing class com/examples/with/different/packagename/stable/BooleanArrayDefault
INFO  org.evosuite.setup.InheritanceTreeGenerator - Analyzing class com/examples/with/different/packagename/stable/IntegerArrayDefault
INFO  org.evosuite.setup.InheritanceTreeGenerator - Analyzing class com/examples/with/different/packagename/stable/ResetOrderClassB
INFO  org.evosuite.setup.InheritanceTreeGenerator - Analyzing class com/examples/with/different/packagename/stable/RandomUUIDUser
INFO  org.evosuite.setup.InheritanceTreeGenerator - Analyzing class com/examples/with/different/packagename/stable/HashCodeClassInit
INFO  org.evosuite.setup.InheritanceTreeGenerator - Analyzing class com/examples/with/different/packagename/stable/CanInitializeClass
INFO  org.evosuite.setup.InheritanceTreeGenerator - Analyzing class com/examples/with/different/packagename/stable/ObjectArrayDefault
INFO  org.evosuite.setup.InheritanceTreeGenerator - Analyzing class com/examples/with/different/packagename/stable/FloatPrimitiveArrayDefault
INFO  org.evosuite.setup.InheritanceTreeGenerator - Analyzing class com/examples/with/different/packagename/stable/ClassWithPublicPrimitiveField
INFO  org.evosuite.setup.InheritanceTreeGenerator - Analyzing class com/examples/with/different/packagename/stable/RuntimeUser
INFO  org.evosuite.setup.InheritanceTreeGenerator - Analyzing class com/examples/with/different/packagename/stable/StringUser
INFO  org.evosuite.setup.InheritanceTreeGenerator - Analyzing class com/examples/with/different/packagename/stable/CloneMe
INFO  org.evosuite.setup.InheritanceTreeGenerator - Analyzing class com/examples/with/different/packagename/stable/FloatArrayDefault
INFO  org.evosuite.setup.InheritanceTreeGenerator - Analyzing class com/examples/with/different/packagename/stable/SecureRandomUser
INFO  org.evosuite.setup.InheritanceTreeGenerator - Analyzing class com/examples/with/different/packagename/stable/DoubleArrayDefault
INFO  org.evosuite.setup.InheritanceTreeGenerator - Analyzing class com/examples/with/different/packagename/stable/RandomUUIDFromStringUser
INFO  org.evosuite.setup.InheritanceTreeGenerator - Analyzing class com/examples/with/different/packagename/stable/Singleton
INFO  org.evosuite.setup.InheritanceTreeGenerator - Analyzing class com/examples/with/different/packagename/ClassWithPrivateInterfacesTest$IB
INFO  org.evosuite.setup.InheritanceTreeGenerator - Analyzing class com/examples/with/different/packagename/ClassNumberUtilsTest
INFO  org.evosuite.setup.InheritanceTreeGenerator - Analyzing class com/examples/with/different/packagename/ClassWithInnerClass
INFO  org.evosuite.setup.InheritanceTreeGenerator - Analyzing class com/examples/with/different/packagename/Compositional
INFO  org.evosuite.setup.InheritanceTreeGenerator - Analyzing class com/examples/with/different/packagename/ClassPublicInterfaceTest$MultipleEventSource
INFO  org.evosuite.setup.InheritanceTreeGenerator - Analyzing class com/examples/with/different/packagename/ExampleObserverClass
INFO  org.evosuite.setup.InheritanceTreeGenerator - Analyzing class com/examples/with/different/packagename/coverage/ImplicitAndExplicitExceptionInSameMethod
INFO  org.evosuite.setup.InheritanceTreeGenerator - Analyzing class com/examples/with/different/packagename/coverage/MethodWithPrimitiveInputArguments
INFO  org.evosuite.setup.InheritanceTreeGenerator - Analyzing class com/examples/with/different/packagename/coverage/MethodWithSeveralInputArguments
INFO  org.evosuite.setup.InheritanceTreeGenerator - Analyzing class com/examples/with/different/packagename/coverage/TestMethodWithSeveralInputArguments
INFO  org.evosuite.setup.InheritanceTreeGenerator - Analyzing class com/examples/with/different/packagename/coverage/IntExampleWithNoElse
INFO  org.evosuite.setup.InheritanceTreeGenerator - Analyzing class com/examples/with/different/packagename/coverage/ClassWithField
INFO  org.evosuite.setup.InheritanceTreeGenerator - Analyzing class com/examples/with/different/packagename/coverage/ClassWithObserver
INFO  org.evosuite.setup.InheritanceTreeGenerator - Analyzing class com/examples/with/different/packagename/coverage/IndirectlyCoverableBranches
INFO  org.evosuite.setup.InheritanceTreeGenerator - Analyzing class com/examples/with/different/packagename/coverage/MethodReturnsPrimitive
INFO  org.evosuite.setup.InheritanceTreeGenerator - Analyzing class com/examples/with/different/packagename/coverage/MethodReturnsWrapper
INFO  org.evosuite.setup.InheritanceTreeGenerator - Analyzing class com/examples/with/different/packagename/coverage/ClassWithHashCode
INFO  org.evosuite.setup.InheritanceTreeGenerator - Analyzing class com/examples/with/different/packagename/coverage/BooleanOneLine
INFO  org.evosuite.setup.InheritanceTreeGenerator - Analyzing class com/examples/with/different/packagename/coverage/MethodWithWrapperInputArguments
INFO  org.evosuite.setup.InheritanceTreeGenerator - Analyzing class com/examples/with/different/packagename/coverage/MethodReturnsObject
INFO  org.evosuite.setup.InheritanceTreeGenerator - Analyzing class com/examples/with/different/packagename/coverage/MethodReturnsArray
INFO  org.evosuite.setup.InheritanceTreeGenerator - Analyzing class com/examples/with/different/packagename/ClassPublicInterfaceTest$EventCounter
INFO  org.evosuite.setup.InheritanceTreeGenerator - Analyzing class com/examples/with/different/packagename/ExampleFieldClass
INFO  org.evosuite.setup.InheritanceTreeGenerator - Analyzing class com/examples/with/different/packagename/BMICalculator
INFO  org.evosuite.setup.InheritanceTreeGenerator - Analyzing class com/examples/with/different/packagename/ExampleGradientBranches
INFO  org.evosuite.setup.InheritanceTreeGenerator - Analyzing class com/examples/with/different/packagename/CurrentTimeViaCalendarParameter
INFO  org.evosuite.setup.InheritanceTreeGenerator - Analyzing class com/examples/with/different/packagename/TimeOperation
INFO  org.evosuite.setup.InheritanceTreeGenerator - Analyzing class com/examples/with/different/packagename/WordUtils
INFO  org.evosuite.setup.InheritanceTreeGenerator - Analyzing class com/examples/with/different/packagename/ClassHierarchyIncludingInterfaces$2$1
INFO  org.evosuite.setup.InheritanceTreeGenerator - Analyzing class com/examples/with/different/packagename/ClassWithPrivateInterfacesTest$IC
INFO  org.evosuite.setup.InheritanceTreeGenerator - Analyzing class com/examples/with/different/packagename/strings/Cookie
INFO  org.evosuite.setup.InheritanceTreeGenerator - Analyzing class com/examples/with/different/packagename/strings/Calc
INFO  org.evosuite.setup.InheritanceTreeGenerator - Analyzing class com/examples/with/different/packagename/FactoryExample
INFO  org.evosuite.setup.InheritanceTreeGenerator - Analyzing class com/examples/with/different/packagename/Euclidean_ESTest_scaffolding
INFO  org.evosuite.setup.InheritanceTreeGenerator - Analyzing class com/examples/with/different/packagename/CurrentTimeViaCalendar3
INFO  org.evosuite.setup.InheritanceTreeGenerator - Analyzing class com/examples/with/different/packagename/ClassPublicInterfaceTest$MultipleEventListener
INFO  org.evosuite.setup.InheritanceTreeGenerator - Analyzing class com/examples/with/different/packagename/ClassHierarchyIncludingInterfacesTest$StringParameterizedChild
INFO  org.evosuite.setup.InheritanceTreeGenerator - Analyzing class com/examples/with/different/packagename/StringConstantInliningExample
INFO  org.evosuite.setup.InheritanceTreeGenerator - Analyzing class com/examples/with/different/packagename/ClassWithPrivateInterfacesTest$IA
INFO  org.evosuite.setup.InheritanceTreeGenerator - Analyzing class com/examples/with/different/packagename/CurrentTimeViaGregorianCalendarParameter
INFO  org.evosuite.setup.InheritanceTreeGenerator - Analyzing class com/examples/with/different/packagename/TT_technique3_from_JSS09
INFO  org.evosuite.setup.InheritanceTreeGenerator - Analyzing class com/examples/with/different/packagename/RegexBranch
INFO  org.evosuite.setup.InheritanceTreeGenerator - Analyzing class com/examples/with/different/packagename/ClassWithPrivateInterfaces
INFO  org.evosuite.setup.InheritanceTreeGenerator - Analyzing class com/examples/with/different/packagename/FinalClass
INFO  org.evosuite.setup.InheritanceTreeGenerator - Analyzing class com/examples/with/different/packagename/exception/ConstructorWithException
INFO  org.evosuite.setup.InheritanceTreeGenerator - Analyzing class com/examples/with/different/packagename/exception/ClassThrowingIOException
INFO  org.evosuite.setup.InheritanceTreeGenerator - Analyzing class com/examples/with/different/packagename/exception/CatchWithUnknownThrow
INFO  org.evosuite.setup.InheritanceTreeGenerator - Analyzing class com/examples/with/different/packagename/exception/Rethrow2Exceptions
INFO  org.evosuite.setup.InheritanceTreeGenerator - Analyzing class com/examples/with/different/packagename/exception/Rethrow2ExceptionsAndUncheckedException
INFO  org.evosuite.setup.InheritanceTreeGenerator - Analyzing class com/examples/with/different/packagename/exception/SimpleTryCatch
INFO  org.evosuite.setup.InheritanceTreeGenerator - Analyzing class com/examples/with/different/packagename/exception/MethodsWithExceptions
INFO  org.evosuite.setup.InheritanceTreeGenerator - Analyzing class com/examples/with/different/packagename/exception/SimpleTry2Catches
INFO  org.evosuite.setup.InheritanceTreeGenerator - Analyzing class com/examples/with/different/packagename/ImplicitExplicitException
INFO  org.evosuite.setup.InheritanceTreeGenerator - Analyzing class com/examples/with/different/packagename/CurrentTimeViaDateParameter
INFO  org.evosuite.setup.InheritanceTreeGenerator - Analyzing class com/examples/with/different/packagename/ClassWithAnonymousClass$MyCompareClass$1
INFO  org.evosuite.setup.InheritanceTreeGenerator - Analyzing class com/examples/with/different/packagename/ClassWithPrivateInterfacesTest$CX
INFO  org.evosuite.setup.InheritanceTreeGenerator - Analyzing class com/examples/with/different/packagename/continuous/NoBranches
INFO  org.evosuite.setup.InheritanceTreeGenerator - Analyzing class com/examples/with/different/packagename/continuous/OnlyAbstract
INFO  org.evosuite.setup.InheritanceTreeGenerator - Analyzing class com/examples/with/different/packagename/continuous/ExtendingNoBranches
INFO  org.evosuite.setup.InheritanceTreeGenerator - Analyzing class com/examples/with/different/packagename/continuous/OnlyAbstractImpl
INFO  org.evosuite.setup.InheritanceTreeGenerator - Analyzing class com/examples/with/different/packagename/continuous/SomeInterfaceImpl
INFO  org.evosuite.setup.InheritanceTreeGenerator - Analyzing class com/examples/with/different/packagename/continuous/BaseForSeeding
INFO  org.evosuite.setup.InheritanceTreeGenerator - Analyzing class com/examples/with/different/packagename/continuous/Simple
INFO  org.evosuite.setup.InheritanceTreeGenerator - Analyzing class com/examples/with/different/packagename/continuous/MoreBranches
INFO  org.evosuite.setup.InheritanceTreeGenerator - Analyzing class com/examples/with/different/packagename/continuous/UsingSimpleAndTrivial
INFO  org.evosuite.setup.InheritanceTreeGenerator - Analyzing class com/examples/with/different/packagename/continuous/SomeInterface
INFO  org.evosuite.setup.InheritanceTreeGenerator - Analyzing class com/examples/with/different/packagename/continuous/Trivial
INFO  org.evosuite.setup.InheritanceTreeGenerator - Analyzing class com/examples/with/different/packagename/continuous/SomeBranches
INFO  org.evosuite.setup.InheritanceTreeGenerator - Analyzing class com/examples/with/different/packagename/IF_CMP_Test
INFO  org.evosuite.setup.InheritanceTreeGenerator - Analyzing class com/examples/with/different/packagename/MemberClassWithParameter
INFO  org.evosuite.setup.InheritanceTreeGenerator - Analyzing class com/examples/with/different/packagename/InfeasibleFinalString
INFO  org.evosuite.setup.InheritanceTreeGenerator - Analyzing class com/examples/with/different/packagename/InfiniteLoops$3
INFO  org.evosuite.setup.InheritanceTreeGenerator - Analyzing class com/examples/with/different/packagename/PureEnum
INFO  org.evosuite.setup.InheritanceTreeGenerator - Analyzing class com/examples/with/different/packagename/PrintingThatShouldBeMuted
INFO  org.evosuite.setup.InheritanceTreeGenerator - Analyzing class com/examples/with/different/packagename/FinalClassTest
INFO  org.evosuite.setup.InheritanceTreeGenerator - Analyzing class com/examples/with/different/packagename/Euclidean_ESTest
INFO  org.evosuite.setup.InheritanceTreeGenerator - Analyzing class com/examples/with/different/packagename/staticfield/StaticFieldUninitialized
INFO  org.evosuite.setup.InheritanceTreeGenerator - Analyzing class com/examples/with/different/packagename/staticfield/StaticFoo
INFO  org.evosuite.setup.InheritanceTreeGenerator - Analyzing class com/examples/with/different/packagename/staticfield/StaticFinalAssignment
INFO  org.evosuite.setup.InheritanceTreeGenerator - Analyzing class com/examples/with/different/packagename/staticfield/StaticBlockCoverage
INFO  org.evosuite.setup.InheritanceTreeGenerator - Analyzing class com/examples/with/different/packagename/staticfield/SimpleClass
INFO  org.evosuite.setup.InheritanceTreeGenerator - Analyzing class com/examples/with/different/packagename/staticfield/StaticFooProxy
INFO  org.evosuite.setup.InheritanceTreeGenerator - Analyzing class com/examples/with/different/packagename/staticfield/StaticFinalSingletonField
INFO  org.evosuite.setup.InheritanceTreeGenerator - Analyzing class com/examples/with/different/packagename/staticfield/FailingStaticInitializer
INFO  org.evosuite.setup.InheritanceTreeGenerator - Analyzing class com/examples/with/different/packagename/staticfield/SaticSingletonField
INFO  org.evosuite.setup.InheritanceTreeGenerator - Analyzing class com/examples/with/different/packagename/staticfield/UnstableAssertion
INFO  org.evosuite.setup.InheritanceTreeGenerator - Analyzing class com/examples/with/different/packagename/staticfield/NoClassInit
INFO  org.evosuite.setup.InheritanceTreeGenerator - Analyzing class com/examples/with/different/packagename/staticfield/PartialClassInit
INFO  org.evosuite.setup.InheritanceTreeGenerator - Analyzing class com/examples/with/different/packagename/staticfield/StaticIntField
INFO  org.evosuite.setup.InheritanceTreeGenerator - Analyzing class com/examples/with/different/packagename/ArrayLimit
INFO  org.evosuite.setup.InheritanceTreeGenerator - Analyzing class com/examples/with/different/packagename/ClassWithAnonymousClass
INFO  org.evosuite.setup.InheritanceTreeGenerator - Analyzing class com/examples/with/different/packagename/ClassPublicInterface$EventBindingInvocationHandler
INFO  org.evosuite.setup.InheritanceTreeGenerator - Analyzing class com/examples/with/different/packagename/HighConstant
INFO  org.evosuite.setup.InheritanceTreeGenerator - Analyzing class com/examples/with/different/packagename/InfiniteWhile
INFO  org.evosuite.setup.InheritanceTreeGenerator - Analyzing class com/examples/with/different/packagename/cbranch/CBranchExample
INFO  org.evosuite.setup.InheritanceTreeGenerator - Analyzing class com/examples/with/different/packagename/TrivialForDynamicSeedingStartsWith
INFO  org.evosuite.setup.InheritanceTreeGenerator - Analyzing class com/examples/with/different/packagename/StringUtilsEqualsIndexOfTest
INFO  org.evosuite.setup.InheritanceTreeGenerator - Analyzing class com/examples/with/different/packagename/TrivialForDynamicSeedingRegionMatchesCase
INFO  org.evosuite.setup.InheritanceTreeGenerator - Analyzing class com/examples/with/different/packagename/ClassWithPrivateInnerClass$AnInnerClass
INFO  org.evosuite.setup.InheritanceTreeGenerator - Analyzing class com/examples/with/different/packagename/Java9ExcludedPackage
INFO  org.evosuite.setup.InheritanceTreeGenerator - Analyzing class ClassInDefaultPackage
INFO  evo_logger -   - /app/master/../runtime/target/test-classes
INFO  org.evosuite.setup.InheritanceTreeGenerator - Analyzing class org/evosuite/PackageInfoTest$Foo
INFO  org.evosuite.setup.InheritanceTreeGenerator - Analyzing class org/evosuite/runtime/sandbox/MSecurityManagerTest$7
INFO  org.evosuite.setup.InheritanceTreeGenerator - Analyzing class org/evosuite/runtime/sandbox/Foo
INFO  org.evosuite.setup.InheritanceTreeGenerator - Analyzing class org/evosuite/runtime/sandbox/MSecurityManagerTest$5
INFO  org.evosuite.setup.InheritanceTreeGenerator - Analyzing class org/evosuite/runtime/sandbox/MSecurityManagerTest$4
INFO  org.evosuite.setup.InheritanceTreeGenerator - Analyzing class org/evosuite/runtime/sandbox/MSecurityManagerTest
INFO  org.evosuite.setup.InheritanceTreeGenerator - Analyzing class org/evosuite/runtime/sandbox/MSecurityManagerTest$6
INFO  org.evosuite.setup.InheritanceTreeGenerator - Analyzing class org/evosuite/runtime/sandbox/MSecurityManagerTest$2
INFO  org.evosuite.setup.InheritanceTreeGenerator - Analyzing class org/evosuite/runtime/sandbox/SandboxFromJUnitTest$1
INFO  org.evosuite.setup.InheritanceTreeGenerator - Analyzing class org/evosuite/runtime/sandbox/SandboxFromJUnitTest
INFO  org.evosuite.setup.InheritanceTreeGenerator - Analyzing class org/evosuite/runtime/sandbox/MSecurityManagerTest$1
INFO  org.evosuite.setup.InheritanceTreeGenerator - Analyzing class org/evosuite/runtime/sandbox/MSecurityManagerTest$3
INFO  org.evosuite.setup.InheritanceTreeGenerator - Analyzing class org/evosuite/runtime/FooConstructor
INFO  org.evosuite.setup.InheritanceTreeGenerator - Analyzing class org/evosuite/runtime/mock/java/io/MockRandomAccessFileTest
INFO  org.evosuite.setup.InheritanceTreeGenerator - Analyzing class org/evosuite/runtime/mock/java/io/CharByteReadWriteTest
INFO  org.evosuite.setup.InheritanceTreeGenerator - Analyzing class org/evosuite/runtime/mock/java/io/MockFileTest
INFO  org.evosuite.setup.InheritanceTreeGenerator - Analyzing class org/evosuite/runtime/mock/java/util/MockTimeZoneTest
INFO  org.evosuite.setup.InheritanceTreeGenerator - Analyzing class org/evosuite/runtime/mock/java/net/NetworkInterfaceTest
INFO  org.evosuite.setup.InheritanceTreeGenerator - Analyzing class org/evosuite/runtime/mock/java/net/NetReflectionUtilTest
INFO  org.evosuite.setup.InheritanceTreeGenerator - Analyzing class org/evosuite/runtime/mock/java/net/ServerSocketTest
INFO  org.evosuite.setup.InheritanceTreeGenerator - Analyzing class org/evosuite/runtime/mock/java/net/UdpTest
INFO  org.evosuite.setup.InheritanceTreeGenerator - Analyzing class org/evosuite/runtime/mock/java/net/SocketTest
INFO  org.evosuite.setup.InheritanceTreeGenerator - Analyzing class org/evosuite/runtime/mock/java/net/HttpTest
INFO  org.evosuite.setup.InheritanceTreeGenerator - Analyzing class org/evosuite/runtime/mock/java/net/InetAddressTest
INFO  org.evosuite.setup.InheritanceTreeGenerator - Analyzing class org/evosuite/runtime/mock/MockListTest
INFO  org.evosuite.setup.InheritanceTreeGenerator - Analyzing class org/evosuite/runtime/mock/javax/swing/MockJFileChooserTest
INFO  org.evosuite.setup.InheritanceTreeGenerator - Analyzing class org/evosuite/runtime/vfs/VirtualFileSystemTest
INFO  org.evosuite.setup.InheritanceTreeGenerator - Analyzing class org/evosuite/runtime/util/JavaExecCmdUtilWinSystemTest
INFO  org.evosuite.setup.InheritanceTreeGenerator - Analyzing class org/evosuite/runtime/util/JarPathingTest
INFO  org.evosuite.setup.InheritanceTreeGenerator - Analyzing class org/evosuite/runtime/util/JavaExecCmdUtilUnixTest
INFO  org.evosuite.setup.InheritanceTreeGenerator - Analyzing class org/evosuite/runtime/ViolatedAssumptionAnswerTest$Foo
INFO  org.evosuite.setup.InheritanceTreeGenerator - Analyzing class org/evosuite/runtime/LoopCounterTest
INFO  org.evosuite.setup.InheritanceTreeGenerator - Analyzing class org/evosuite/runtime/FooFields
INFO  org.evosuite.setup.InheritanceTreeGenerator - Analyzing class org/evosuite/runtime/FooMethods
INFO  org.evosuite.setup.InheritanceTreeGenerator - Analyzing class org/evosuite/runtime/FileSystemHandlingTest
INFO  org.evosuite.setup.InheritanceTreeGenerator - Analyzing class org/evosuite/runtime/GuiSupportTest
INFO  org.evosuite.setup.InheritanceTreeGenerator - Analyzing class org/evosuite/runtime/PrivateAccessTest
INFO  org.evosuite.setup.InheritanceTreeGenerator - Analyzing class org/evosuite/runtime/jvm/ShutdownHookHandlerTest$1
INFO  org.evosuite.setup.InheritanceTreeGenerator - Analyzing class org/evosuite/runtime/jvm/ShutdownHookHandlerTest$4
INFO  org.evosuite.setup.InheritanceTreeGenerator - Analyzing class org/evosuite/runtime/jvm/ShutdownHookHandlerTest$2
INFO  org.evosuite.setup.InheritanceTreeGenerator - Analyzing class org/evosuite/runtime/jvm/ShutdownHookHandlerTest$3
INFO  org.evosuite.setup.InheritanceTreeGenerator - Analyzing class org/evosuite/runtime/jvm/ShutdownHookHandlerTest
INFO  org.evosuite.setup.InheritanceTreeGenerator - Analyzing class org/evosuite/runtime/testdata/NetworkHandlingTest
INFO  org.evosuite.setup.InheritanceTreeGenerator - Analyzing class org/evosuite/runtime/ViolatedAssumptionAnswerTest
INFO  org.evosuite.setup.InheritanceTreeGenerator - Analyzing class org/evosuite/runtime/classhandling/ClassStateSupportTest
INFO  org.evosuite.setup.InheritanceTreeGenerator - Analyzing class org/evosuite/runtime/classhandling/ClassResetterTest
INFO  org.evosuite.setup.InheritanceTreeGenerator - Analyzing class org/evosuite/runtime/classhandling/JDKClassResetterTest$FooKey
INFO  org.evosuite.setup.InheritanceTreeGenerator - Analyzing class org/evosuite/runtime/classhandling/JDKClassResetterTest
INFO  org.evosuite.setup.InheritanceTreeGenerator - Analyzing class org/evosuite/runtime/vnet/DNSTest
INFO  org.evosuite.setup.InheritanceTreeGenerator - Analyzing class org/evosuite/PackageInfoTest
INFO  org.evosuite.setup.InheritanceTreeGenerator - Analyzing class com/examples/with/different/packagename/classhandling/MutableEnum
INFO  org.evosuite.setup.InheritanceTreeGenerator - Analyzing class com/examples/with/different/packagename/classhandling/TimeA
INFO  org.evosuite.setup.InheritanceTreeGenerator - Analyzing class com/examples/with/different/packagename/classhandling/TimeB
INFO  org.evosuite.setup.InheritanceTreeGenerator - Analyzing class com/examples/with/different/packagename/classhandling/FooEnum
INFO  evo_logger -   - /app/master/../client/target/test-classes
INFO  org.evosuite.setup.InheritanceTreeGenerator - Analyzing class org/evosuite/statistics/SequenceOutputVariableFactoryTest$1
INFO  org.evosuite.setup.InheritanceTreeGenerator - Analyzing class org/evosuite/statistics/SequenceOutputVariableFactoryTest
INFO  org.evosuite.setup.InheritanceTreeGenerator - Analyzing class org/evosuite/clinit/TestFinalPrimitiveFieldIsNotAddedToCluster
INFO  org.evosuite.setup.InheritanceTreeGenerator - Analyzing class org/evosuite/clinit/TestClassInitialization
INFO  org.evosuite.setup.InheritanceTreeGenerator - Analyzing class org/evosuite/clinit/TestFinalReferenceFieldIsNotAddedToCluster
INFO  org.evosuite.setup.InheritanceTreeGenerator - Analyzing class org/evosuite/TestUtil
INFO  org.evosuite.setup.InheritanceTreeGenerator - Analyzing class org/evosuite/javaagent/InnerClassesTestSubject$Foo2
INFO  org.evosuite.setup.InheritanceTreeGenerator - Analyzing class org/evosuite/javaagent/InnerClassesTestSubject$1
INFO  org.evosuite.setup.InheritanceTreeGenerator - Analyzing class org/evosuite/javaagent/InnerClassesTestSubject$Foo1
INFO  org.evosuite.setup.InheritanceTreeGenerator - Analyzing class org/evosuite/javaagent/ClassLoaderTestSubject
INFO  org.evosuite.setup.InheritanceTreeGenerator - Analyzing class org/evosuite/javaagent/InstrumentingClassLoaderTest
INFO  org.evosuite.setup.InheritanceTreeGenerator - Analyzing class org/evosuite/javaagent/InnerClassesTestSubject$Foo0
INFO  org.evosuite.setup.InheritanceTreeGenerator - Analyzing class org/evosuite/javaagent/ErrorConditionCheckerTest
INFO  org.evosuite.setup.InheritanceTreeGenerator - Analyzing class org/evosuite/javaagent/DependentClassLoaderTestSubject
INFO  org.evosuite.setup.InheritanceTreeGenerator - Analyzing class org/evosuite/javaagent/InnerClassesTestSubject
INFO  org.evosuite.setup.InheritanceTreeGenerator - Analyzing class org/evosuite/testsuite/factories/TestSuiteFactoryTest
INFO  org.evosuite.setup.InheritanceTreeGenerator - Analyzing class org/evosuite/testsuite/TestTestSuiteMinimizer$2
INFO  org.evosuite.setup.InheritanceTreeGenerator - Analyzing class org/evosuite/testsuite/localsearch/TestDSETestSuiteTriangle
INFO  org.evosuite.setup.InheritanceTreeGenerator - Analyzing class org/evosuite/testsuite/localsearch/TestDSETestSuiteFlag
INFO  org.evosuite.setup.InheritanceTreeGenerator - Analyzing class org/evosuite/testsuite/localsearch/TestDSETestSuiteCookie
INFO  org.evosuite.setup.InheritanceTreeGenerator - Analyzing class org/evosuite/testsuite/localsearch/TestDSETestSuiteLoops
INFO  org.evosuite.setup.InheritanceTreeGenerator - Analyzing class org/evosuite/testsuite/localsearch/TestDSETestSuiteFoo
INFO  org.evosuite.setup.InheritanceTreeGenerator - Analyzing class org/evosuite/testsuite/ArrayTestExample1
INFO  org.evosuite.setup.InheritanceTreeGenerator - Analyzing class org/evosuite/testsuite/TestTestSuiteMinimizer$1
INFO  org.evosuite.setup.InheritanceTreeGenerator - Analyzing class org/evosuite/testsuite/secondaryobjectives/SecondaryObjectivesTest
INFO  org.evosuite.setup.InheritanceTreeGenerator - Analyzing class org/evosuite/testsuite/TestTestSuiteMinimizer
INFO  org.evosuite.setup.InheritanceTreeGenerator - Analyzing class org/evosuite/testsuite/TestSerialization
INFO  org.evosuite.setup.InheritanceTreeGenerator - Analyzing class org/evosuite/symbolic/TestStringReader
INFO  org.evosuite.setup.InheritanceTreeGenerator - Analyzing class org/evosuite/symbolic/SymbolicObserverTest
INFO  org.evosuite.setup.InheritanceTreeGenerator - Analyzing class org/evosuite/symbolic/TestConstraintSolver
INFO  org.evosuite.setup.InheritanceTreeGenerator - Analyzing class org/evosuite/symbolic/solver/TestSolverMath
INFO  org.evosuite.setup.InheritanceTreeGenerator - Analyzing class org/evosuite/symbolic/solver/TestSolverBitwise
INFO  org.evosuite.setup.InheritanceTreeGenerator - Analyzing class org/evosuite/symbolic/solver/TestSolverRegex
INFO  org.evosuite.setup.InheritanceTreeGenerator - Analyzing class org/evosuite/symbolic/solver/TestSolver
INFO  org.evosuite.setup.InheritanceTreeGenerator - Analyzing class org/evosuite/symbolic/solver/TestSolverIsInteger
INFO  org.evosuite.setup.InheritanceTreeGenerator - Analyzing class org/evosuite/symbolic/solver/DefaultTestCaseConcolicExecutor
INFO  org.evosuite.setup.InheritanceTreeGenerator - Analyzing class org/evosuite/symbolic/solver/TestSolverUNSAT
INFO  org.evosuite.setup.InheritanceTreeGenerator - Analyzing class org/evosuite/symbolic/solver/TestSolverStringFunctions
INFO  org.evosuite.setup.InheritanceTreeGenerator - Analyzing class org/evosuite/symbolic/solver/NotSupportedBySolver
INFO  org.evosuite.setup.InheritanceTreeGenerator - Analyzing class org/evosuite/symbolic/solver/TestMazeClient
INFO  org.evosuite.setup.InheritanceTreeGenerator - Analyzing class org/evosuite/symbolic/solver/smt/TestModelParser
INFO  org.evosuite.setup.InheritanceTreeGenerator - Analyzing class org/evosuite/symbolic/solver/z3/TestZ3
INFO  org.evosuite.setup.InheritanceTreeGenerator - Analyzing class org/evosuite/symbolic/solver/z3/TestZ3IsInteger
INFO  org.evosuite.setup.InheritanceTreeGenerator - Analyzing class org/evosuite/symbolic/solver/z3/TestZ3SimpleMath
INFO  org.evosuite.setup.InheritanceTreeGenerator - Analyzing class org/evosuite/symbolic/solver/z3/TestZ3MathFloat
INFO  org.evosuite.setup.InheritanceTreeGenerator - Analyzing class org/evosuite/symbolic/solver/z3/TestZ3StringFunctions
INFO  org.evosuite.setup.InheritanceTreeGenerator - Analyzing class org/evosuite/symbolic/solver/z3/TestZ3Bitwise
INFO  org.evosuite.setup.InheritanceTreeGenerator - Analyzing class org/evosuite/symbolic/solver/z3/TestZ3Floats
INFO  org.evosuite.setup.InheritanceTreeGenerator - Analyzing class org/evosuite/symbolic/solver/z3/TestZ3UNSAT
INFO  org.evosuite.setup.InheritanceTreeGenerator - Analyzing class org/evosuite/symbolic/solver/z3/TestZ3Math
INFO  org.evosuite.setup.InheritanceTreeGenerator - Analyzing class org/evosuite/symbolic/solver/z3/TestZ3HardConstraints
INFO  org.evosuite.setup.InheritanceTreeGenerator - Analyzing class org/evosuite/symbolic/solver/avm/TestIsInteger
INFO  org.evosuite.setup.InheritanceTreeGenerator - Analyzing class org/evosuite/symbolic/solver/avm/TestIntegerSearch
INFO  org.evosuite.setup.InheritanceTreeGenerator - Analyzing class org/evosuite/symbolic/solver/avm/TestStringSearch2
INFO  org.evosuite.setup.InheritanceTreeGenerator - Analyzing class org/evosuite/symbolic/solver/avm/TestRealSearch
INFO  org.evosuite.setup.InheritanceTreeGenerator - Analyzing class org/evosuite/symbolic/solver/avm/TestRealConstraint
INFO  org.evosuite.setup.InheritanceTreeGenerator - Analyzing class org/evosuite/symbolic/solver/avm/TestPatternSearch
INFO  org.evosuite.setup.InheritanceTreeGenerator - Analyzing class org/evosuite/symbolic/solver/avm/TestStringDistance
INFO  org.evosuite.setup.InheritanceTreeGenerator - Analyzing class org/evosuite/symbolic/solver/avm/TestStringEqualsIgnoreCase
INFO  org.evosuite.setup.InheritanceTreeGenerator - Analyzing class org/evosuite/symbolic/solver/avm/TestConstraintSolver1
INFO  org.evosuite.setup.InheritanceTreeGenerator - Analyzing class org/evosuite/symbolic/solver/avm/TestStringSearch3
INFO  org.evosuite.setup.InheritanceTreeGenerator - Analyzing class org/evosuite/symbolic/solver/avm/TestStringSearch
INFO  org.evosuite.setup.InheritanceTreeGenerator - Analyzing class org/evosuite/symbolic/solver/avm/TestConstraintSolver3
INFO  org.evosuite.setup.InheritanceTreeGenerator - Analyzing class org/evosuite/symbolic/solver/avm/StringAVMTests
INFO  org.evosuite.setup.InheritanceTreeGenerator - Analyzing class org/evosuite/symbolic/solver/avm/TestConstraintSolver2
INFO  org.evosuite.setup.InheritanceTreeGenerator - Analyzing class org/evosuite/symbolic/solver/TestSolverFloats
INFO  org.evosuite.setup.InheritanceTreeGenerator - Analyzing class org/evosuite/symbolic/solver/cvc4/TestCVC4Floats
INFO  org.evosuite.setup.InheritanceTreeGenerator - Analyzing class org/evosuite/symbolic/solver/cvc4/TestCVC4
INFO  org.evosuite.setup.InheritanceTreeGenerator - Analyzing class org/evosuite/symbolic/solver/cvc4/TestCVC4Math
INFO  org.evosuite.setup.InheritanceTreeGenerator - Analyzing class org/evosuite/symbolic/solver/cvc4/TestCVC4MathFloat
INFO  org.evosuite.setup.InheritanceTreeGenerator - Analyzing class org/evosuite/symbolic/solver/cvc4/TestCVC4SimpleMath
INFO  org.evosuite.setup.InheritanceTreeGenerator - Analyzing class org/evosuite/symbolic/solver/cvc4/TestCVC4Bitwise
INFO  org.evosuite.setup.InheritanceTreeGenerator - Analyzing class org/evosuite/symbolic/solver/cvc4/TestCVC4StringFunctions
INFO  org.evosuite.setup.InheritanceTreeGenerator - Analyzing class org/evosuite/symbolic/solver/cvc4/TestCVC4UNSAT
INFO  org.evosuite.setup.InheritanceTreeGenerator - Analyzing class org/evosuite/symbolic/solver/TestSolverMathFloat
INFO  org.evosuite.setup.InheritanceTreeGenerator - Analyzing class org/evosuite/symbolic/solver/TestSolverSimpleMath
INFO  org.evosuite.setup.InheritanceTreeGenerator - Analyzing class org/evosuite/symbolic/solver/TestMaze
INFO  org.evosuite.setup.InheritanceTreeGenerator - Analyzing class org/evosuite/symbolic/ConcolicExecutionEnvironmentTest
INFO  org.evosuite.setup.InheritanceTreeGenerator - Analyzing class org/evosuite/symbolic/ConcolicExecutionTest
INFO  org.evosuite.setup.InheritanceTreeGenerator - Analyzing class org/evosuite/symbolic/TestConcolicReflection
INFO  org.evosuite.setup.InheritanceTreeGenerator - Analyzing class org/evosuite/symbolic/SymbolicObserverTestNull
INFO  org.evosuite.setup.InheritanceTreeGenerator - Analyzing class org/evosuite/symbolic/expr/NextTokenizerExprTest
INFO  org.evosuite.setup.InheritanceTreeGenerator - Analyzing class org/evosuite/symbolic/expr/StringNextTokenExprTest
INFO  org.evosuite.setup.InheritanceTreeGenerator - Analyzing class org/evosuite/symbolic/expr/ref/ReferenceVariableUtilTest
INFO  org.evosuite.setup.InheritanceTreeGenerator - Analyzing class org/evosuite/symbolic/expr/ref/array/SymbolicArrayUtilTest
INFO  org.evosuite.setup.InheritanceTreeGenerator - Analyzing class org/evosuite/symbolic/dse/algorithm/strategies/implementations/PathExtensionStrategies/DFSStrategyTest
INFO  org.evosuite.setup.InheritanceTreeGenerator - Analyzing class org/evosuite/symbolic/PathConditionUtilsTest
INFO  org.evosuite.setup.InheritanceTreeGenerator - Analyzing class org/evosuite/symbolic/TestMIMEType
INFO  org.evosuite.setup.InheritanceTreeGenerator - Analyzing class org/evosuite/runtime/mock/javax/swing/MockJOptionPaneTest
INFO  org.evosuite.setup.InheritanceTreeGenerator - Analyzing class org/evosuite/runtime/mock/javax/swing/MockJOptionPaneShowConfirmDialogTest
INFO  org.evosuite.setup.InheritanceTreeGenerator - Analyzing class org/evosuite/runtime/mock/javax/swing/MockJOptionPaneShowInputDialogTest
INFO  org.evosuite.setup.InheritanceTreeGenerator - Analyzing class org/evosuite/runtime/mock/javax/swing/MockJOptionPaneShowInternalConfirmDialogTest
INFO  org.evosuite.setup.InheritanceTreeGenerator - Analyzing class org/evosuite/runtime/mock/javax/swing/MockJOptionPaneShowMessageDialogTest
INFO  org.evosuite.setup.InheritanceTreeGenerator - Analyzing class org/evosuite/runtime/mock/javax/swing/MockJOptionPaneShowOptionDialogTest
INFO  org.evosuite.setup.InheritanceTreeGenerator - Analyzing class org/evosuite/runtime/mock/javax/swing/MockJOptionPaneShowInternalInputDialogTest
INFO  org.evosuite.setup.InheritanceTreeGenerator - Analyzing class org/evosuite/runtime/mock/javax/swing/MockJOptionPaneShowInternalMessageDialogTest
INFO  org.evosuite.setup.InheritanceTreeGenerator - Analyzing class org/evosuite/runtime/mock/javax/swing/MockJOptionPaneShowInternalOptionDialogTest
INFO  org.evosuite.setup.InheritanceTreeGenerator - Analyzing class org/evosuite/localsearch/TestLocalSearchMIMEType
INFO  org.evosuite.setup.InheritanceTreeGenerator - Analyzing class org/evosuite/utils/TestGenericClassImpl$31
INFO  org.evosuite.setup.InheritanceTreeGenerator - Analyzing class org/evosuite/utils/RandomnessTest
INFO  org.evosuite.setup.InheritanceTreeGenerator - Analyzing class org/evosuite/utils/TestGenericClassImpl$42
INFO  org.evosuite.setup.InheritanceTreeGenerator - Analyzing class org/evosuite/utils/TestGenericClassImpl$35
INFO  org.evosuite.setup.InheritanceTreeGenerator - Analyzing class org/evosuite/utils/TestGenericClassImpl$11
INFO  org.evosuite.setup.InheritanceTreeGenerator - Analyzing class org/evosuite/utils/TestGenericClassImpl$43
INFO  org.evosuite.setup.InheritanceTreeGenerator - Analyzing class org/evosuite/utils/TestGenericClassImpl$25
INFO  org.evosuite.setup.InheritanceTreeGenerator - Analyzing class org/evosuite/utils/TestGenericClassImpl$4
INFO  org.evosuite.setup.InheritanceTreeGenerator - Analyzing class org/evosuite/utils/TestGenericClassImpl$14
INFO  org.evosuite.setup.InheritanceTreeGenerator - Analyzing class org/evosuite/utils/FileIOUtilsTest
INFO  org.evosuite.setup.InheritanceTreeGenerator - Analyzing class org/evosuite/utils/ArrayUtilTest
INFO  org.evosuite.setup.InheritanceTreeGenerator - Analyzing class org/evosuite/utils/ListUtilTest
INFO  org.evosuite.setup.InheritanceTreeGenerator - Analyzing class org/evosuite/utils/TestGenericClassImpl$32
INFO  org.evosuite.setup.InheritanceTreeGenerator - Analyzing class org/evosuite/utils/TestGenericClassImpl$18
INFO  org.evosuite.setup.InheritanceTreeGenerator - Analyzing class org/evosuite/utils/TestGenericClassImpl$8
INFO  org.evosuite.setup.InheritanceTreeGenerator - Analyzing class org/evosuite/utils/NumberFormatterTest
INFO  org.evosuite.setup.InheritanceTreeGenerator - Analyzing class org/evosuite/utils/TestGenericClassImpl$44
INFO  org.evosuite.setup.InheritanceTreeGenerator - Analyzing class org/evosuite/utils/TestGenericClassImpl$1
INFO  org.evosuite.setup.InheritanceTreeGenerator - Analyzing class org/evosuite/utils/TestGenericClassImpl$A
INFO  org.evosuite.setup.InheritanceTreeGenerator - Analyzing class org/evosuite/utils/TestGenericClassImpl$5
INFO  org.evosuite.setup.InheritanceTreeGenerator - Analyzing class org/evosuite/utils/TestGenericClassImpl$28
INFO  org.evosuite.setup.InheritanceTreeGenerator - Analyzing class org/evosuite/utils/TestGenericClassImpl$29
INFO  org.evosuite.setup.InheritanceTreeGenerator - Analyzing class org/evosuite/utils/TestGenericClassImpl$12
INFO  org.evosuite.setup.InheritanceTreeGenerator - Analyzing class org/evosuite/utils/StringUtilTest
INFO  org.evosuite.setup.InheritanceTreeGenerator - Analyzing class org/evosuite/utils/TestGenericClassImpl$7
INFO  org.evosuite.setup.InheritanceTreeGenerator - Analyzing class org/evosuite/utils/TestGenericClassImpl$36
INFO  org.evosuite.setup.InheritanceTreeGenerator - Analyzing class org/evosuite/utils/TestGenericClassImpl$38
INFO  org.evosuite.setup.InheritanceTreeGenerator - Analyzing class org/evosuite/utils/TestGenericClassImpl$22
INFO  org.evosuite.setup.InheritanceTreeGenerator - Analyzing class org/evosuite/utils/TestGenericClassImpl$21
INFO  org.evosuite.setup.InheritanceTreeGenerator - Analyzing class org/evosuite/utils/TestGenericAccessibleObject$5
INFO  org.evosuite.setup.InheritanceTreeGenerator - Analyzing class org/evosuite/utils/TestGenericClassImpl$37
INFO  org.evosuite.setup.InheritanceTreeGenerator - Analyzing class org/evosuite/utils/TestGenericClassImpl$23
INFO  org.evosuite.setup.InheritanceTreeGenerator - Analyzing class org/evosuite/utils/SystemPathUtilTest
INFO  org.evosuite.setup.InheritanceTreeGenerator - Analyzing class org/evosuite/utils/TestGenericClassImpl$9
INFO  org.evosuite.setup.InheritanceTreeGenerator - Analyzing class org/evosuite/utils/TestGenericClassImpl$19
INFO  org.evosuite.setup.InheritanceTreeGenerator - Analyzing class org/evosuite/utils/TestGenericAccessibleObject
INFO  org.evosuite.setup.InheritanceTreeGenerator - Analyzing class org/evosuite/utils/TestGenericAccessibleObject$1
INFO  org.evosuite.setup.InheritanceTreeGenerator - Analyzing class org/evosuite/utils/TestRegexDistance
INFO  org.evosuite.setup.InheritanceTreeGenerator - Analyzing class org/evosuite/utils/TestGenericClassImpl$33
INFO  org.evosuite.setup.InheritanceTreeGenerator - Analyzing class org/evosuite/utils/TestGenericClassImpl$NumberBoundary
INFO  org.evosuite.setup.InheritanceTreeGenerator - Analyzing class org/evosuite/utils/TestGenericClassImpl$39
INFO  org.evosuite.setup.InheritanceTreeGenerator - Analyzing class org/evosuite/utils/TestGenericClassImpl$16
INFO  org.evosuite.setup.InheritanceTreeGenerator - Analyzing class org/evosuite/utils/TestGenericAccessibleObject$2
INFO  org.evosuite.setup.InheritanceTreeGenerator - Analyzing class org/evosuite/utils/TestGenericClassImpl
INFO  org.evosuite.setup.InheritanceTreeGenerator - Analyzing class org/evosuite/utils/TestGenericAccessibleObject$6
INFO  org.evosuite.setup.InheritanceTreeGenerator - Analyzing class org/evosuite/utils/TestGenericClassImpl$3
INFO  org.evosuite.setup.InheritanceTreeGenerator - Analyzing class org/evosuite/utils/TestGenericAccessibleObject$4
INFO  org.evosuite.setup.InheritanceTreeGenerator - Analyzing class org/evosuite/utils/TestGenericClassImpl$30
INFO  org.evosuite.setup.InheritanceTreeGenerator - Analyzing class org/evosuite/utils/TestGenericClassImpl$RefinedComparableBoundary
INFO  org.evosuite.setup.InheritanceTreeGenerator - Analyzing class org/evosuite/utils/TestGenericClassImpl$26
INFO  org.evosuite.setup.InheritanceTreeGenerator - Analyzing class org/evosuite/utils/TestGenericClassImpl$10
INFO  org.evosuite.setup.InheritanceTreeGenerator - Analyzing class org/evosuite/utils/TestGenericClassImpl$40
INFO  org.evosuite.setup.InheritanceTreeGenerator - Analyzing class org/evosuite/utils/TestGenericClassImpl$24
INFO  org.evosuite.setup.InheritanceTreeGenerator - Analyzing class org/evosuite/utils/TestGenericClassImpl$ComparableBoundary
INFO  org.evosuite.setup.InheritanceTreeGenerator - Analyzing class org/evosuite/utils/TestGenericAccessibleObject$3
INFO  org.evosuite.setup.InheritanceTreeGenerator - Analyzing class org/evosuite/utils/TestGenericClassImpl$45
INFO  org.evosuite.setup.InheritanceTreeGenerator - Analyzing class org/evosuite/utils/TestGenericClassImpl$27
INFO  org.evosuite.setup.InheritanceTreeGenerator - Analyzing class org/evosuite/utils/TestGenericClassImpl$15
INFO  org.evosuite.setup.InheritanceTreeGenerator - Analyzing class org/evosuite/utils/TestGenericClassImpl$34
INFO  org.evosuite.setup.InheritanceTreeGenerator - Analyzing class org/evosuite/utils/TestGenericClassImpl$13
INFO  org.evosuite.setup.InheritanceTreeGenerator - Analyzing class org/evosuite/utils/ClassTransformer
INFO  org.evosuite.setup.InheritanceTreeGenerator - Analyzing class org/evosuite/utils/TestGenericClassImpl$17
INFO  org.evosuite.setup.InheritanceTreeGenerator - Analyzing class org/evosuite/utils/TestLogbackConfiguration
INFO  org.evosuite.setup.InheritanceTreeGenerator - Analyzing class org/evosuite/utils/SystemInUtilTest
INFO  org.evosuite.setup.InheritanceTreeGenerator - Analyzing class org/evosuite/utils/generic/GenericMethodTest$A
INFO  org.evosuite.setup.InheritanceTreeGenerator - Analyzing class org/evosuite/utils/generic/GenericMethodTest$B
INFO  org.evosuite.setup.InheritanceTreeGenerator - Analyzing class org/evosuite/utils/generic/GenericMethodTest$D
INFO  org.evosuite.setup.InheritanceTreeGenerator - Analyzing class org/evosuite/utils/generic/GenericMethodTest
INFO  org.evosuite.setup.InheritanceTreeGenerator - Analyzing class org/evosuite/utils/generic/Person
INFO  org.evosuite.setup.InheritanceTreeGenerator - Analyzing class org/evosuite/utils/generic/TestOverloading
INFO  org.evosuite.setup.InheritanceTreeGenerator - Analyzing class org/evosuite/utils/generic/GenericMethodTest$C
INFO  org.evosuite.setup.InheritanceTreeGenerator - Analyzing class org/evosuite/utils/TestGenericClassImpl$47
INFO  org.evosuite.setup.InheritanceTreeGenerator - Analyzing class org/evosuite/utils/TestGenericClassImpl$41
INFO  org.evosuite.setup.InheritanceTreeGenerator - Analyzing class org/evosuite/utils/TestGenericClassImpl$2
INFO  org.evosuite.setup.InheritanceTreeGenerator - Analyzing class org/evosuite/utils/TestGenericClassImpl$20
INFO  org.evosuite.setup.InheritanceTreeGenerator - Analyzing class org/evosuite/utils/TestGenericClassImpl$6
INFO  org.evosuite.setup.InheritanceTreeGenerator - Analyzing class org/evosuite/utils/TestGenericClassImpl$46
INFO  org.evosuite.setup.InheritanceTreeGenerator - Analyzing class org/evosuite/mock/java/io/ParentReplacementTest
INFO  org.evosuite.setup.InheritanceTreeGenerator - Analyzing class org/evosuite/mock/java/lang/MockRuntimeLoadingTest
INFO  org.evosuite.setup.InheritanceTreeGenerator - Analyzing class org/evosuite/setup/TestClusterUtilTest$1
INFO  org.evosuite.setup.InheritanceTreeGenerator - Analyzing class org/evosuite/setup/TestGetStaticGraph
INFO  org.evosuite.setup.InheritanceTreeGenerator - Analyzing class org/evosuite/setup/TestClusterUtilTest
INFO  org.evosuite.setup.InheritanceTreeGenerator - Analyzing class org/evosuite/setup/TestAccessField
INFO  org.evosuite.setup.InheritanceTreeGenerator - Analyzing class org/evosuite/setup/TestPutStaticCollector
INFO  org.evosuite.setup.InheritanceTreeGenerator - Analyzing class org/evosuite/setup/TestAccessClass
INFO  org.evosuite.setup.InheritanceTreeGenerator - Analyzing class org/evosuite/setup/InheritanceTreeGeneratorTest
INFO  org.evosuite.setup.InheritanceTreeGenerator - Analyzing class org/evosuite/setup/TestAccessMethod
INFO  org.evosuite.setup.InheritanceTreeGenerator - Analyzing class org/evosuite/setup/callgraph/PathFinderTest$1
INFO  org.evosuite.setup.InheritanceTreeGenerator - Analyzing class org/evosuite/setup/callgraph/GraphTest
INFO  org.evosuite.setup.InheritanceTreeGenerator - Analyzing class org/evosuite/setup/callgraph/DependencyAnalysis_removeUnusableGeneratorsTest
INFO  org.evosuite.setup.InheritanceTreeGenerator - Analyzing class org/evosuite/setup/callgraph/GraphTest$1
INFO  org.evosuite.setup.InheritanceTreeGenerator - Analyzing class org/evosuite/setup/callgraph/DependencyAnalysisTestComplex
INFO  org.evosuite.setup.InheritanceTreeGenerator - Analyzing class org/evosuite/setup/callgraph/TestCallGraph
INFO  org.evosuite.setup.InheritanceTreeGenerator - Analyzing class org/evosuite/setup/callgraph/DependencyAnalysisTest
INFO  org.evosuite.setup.InheritanceTreeGenerator - Analyzing class org/evosuite/setup/callgraph/PathFinderTest
INFO  org.evosuite.setup.InheritanceTreeGenerator - Analyzing class org/evosuite/setup/TestClusterGeneratorTest
INFO  org.evosuite.setup.InheritanceTreeGenerator - Analyzing class org/evosuite/seeding/TestVariableConstantPool
INFO  org.evosuite.setup.InheritanceTreeGenerator - Analyzing class org/evosuite/seeding/TestPrioritization$NoParams1
INFO  org.evosuite.setup.InheritanceTreeGenerator - Analyzing class org/evosuite/seeding/TestCastClassManager
INFO  org.evosuite.setup.InheritanceTreeGenerator - Analyzing class org/evosuite/seeding/TestPrioritization$TwoParams1
INFO  org.evosuite.setup.InheritanceTreeGenerator - Analyzing class org/evosuite/seeding/TestPrioritization$NoParams2
INFO  org.evosuite.setup.InheritanceTreeGenerator - Analyzing class org/evosuite/seeding/ObjectPoolTest
INFO  org.evosuite.setup.InheritanceTreeGenerator - Analyzing class org/evosuite/seeding/TestPrioritization
INFO  org.evosuite.setup.InheritanceTreeGenerator - Analyzing class org/evosuite/seeding/TestPrioritization$OneParam1
INFO  org.evosuite.setup.InheritanceTreeGenerator - Analyzing class org/evosuite/seeding/TestPrioritization$TwoParams2
INFO  org.evosuite.setup.InheritanceTreeGenerator - Analyzing class org/evosuite/seeding/ConstantPoolManagerTest
INFO  org.evosuite.setup.InheritanceTreeGenerator - Analyzing class org/evosuite/seeding/TestPrioritization$OneParam2
INFO  org.evosuite.setup.InheritanceTreeGenerator - Analyzing class org/evosuite/classpath/ResourceListTest
INFO  org.evosuite.setup.InheritanceTreeGenerator - Analyzing class org/evosuite/classpath/ResourceListTest$ResourceListFoo
INFO  org.evosuite.setup.InheritanceTreeGenerator - Analyzing class org/evosuite/ga/localsearch/LocalSearchBudgetTest
INFO  org.evosuite.setup.InheritanceTreeGenerator - Analyzing class org/evosuite/ga/TournamentChromosomeFactoryTest$1
INFO  org.evosuite.setup.InheritanceTreeGenerator - Analyzing class org/evosuite/ga/TournamentChromosomeFactoryTest
INFO  org.evosuite.setup.InheritanceTreeGenerator - Analyzing class org/evosuite/ga/TournamentChromosomeFactoryTest$2
INFO  org.evosuite.setup.InheritanceTreeGenerator - Analyzing class org/evosuite/ga/DummyChromosome
INFO  org.evosuite.setup.InheritanceTreeGenerator - Analyzing class org/evosuite/ga/bloatcontrol/MaxSizeBloatControlTest
INFO  org.evosuite.setup.InheritanceTreeGenerator - Analyzing class org/evosuite/ga/archive/ArchiveTest
INFO  org.evosuite.setup.InheritanceTreeGenerator - Analyzing class org/evosuite/ga/stoppingconditions/StoppingConditionsTest
INFO  org.evosuite.setup.InheritanceTreeGenerator - Analyzing class org/evosuite/ga/stoppingconditions/StoppingConditionsTest$TestChromosome
INFO  org.evosuite.setup.InheritanceTreeGenerator - Analyzing class org/evosuite/ga/metaheuristics/TestStandardGA$TestChromosome
INFO  org.evosuite.setup.InheritanceTreeGenerator - Analyzing class org/evosuite/ga/metaheuristics/MIOTest
INFO  org.evosuite.setup.InheritanceTreeGenerator - Analyzing class org/evosuite/ga/metaheuristics/TestGAVariants$TestChromosome
INFO  org.evosuite.setup.InheritanceTreeGenerator - Analyzing class org/evosuite/ga/metaheuristics/TestStandardGA
INFO  org.evosuite.setup.InheritanceTreeGenerator - Analyzing class org/evosuite/ga/metaheuristics/TestGAVariants$TestChromosomeFactory
INFO  org.evosuite.setup.InheritanceTreeGenerator - Analyzing class org/evosuite/ga/metaheuristics/TestUpdateLocalSearchProbability
INFO  org.evosuite.setup.InheritanceTreeGenerator - Analyzing class org/evosuite/ga/metaheuristics/mapelites/FeatureVectorTest
INFO  org.evosuite.setup.InheritanceTreeGenerator - Analyzing class org/evosuite/ga/metaheuristics/mapelites/FeatureVectorTest$TestClass
INFO  org.evosuite.setup.InheritanceTreeGenerator - Analyzing class org/evosuite/ga/metaheuristics/mapelites/FeatureVectorTest$MyEnum
INFO  org.evosuite.setup.InheritanceTreeGenerator - Analyzing class org/evosuite/ga/metaheuristics/mulambda/MuLambdaTest
INFO  org.evosuite.setup.InheritanceTreeGenerator - Analyzing class org/evosuite/ga/metaheuristics/mulambda/MuLambdaTest$TestableMuPlusLambdaEA
INFO  org.evosuite.setup.InheritanceTreeGenerator - Analyzing class org/evosuite/ga/metaheuristics/mulambda/MuLambdaTest$MaximizeFitness
INFO  org.evosuite.setup.InheritanceTreeGenerator - Analyzing class org/evosuite/ga/metaheuristics/mulambda/MuLambdaTest$DummyFactory
INFO  org.evosuite.setup.InheritanceTreeGenerator - Analyzing class org/evosuite/ga/metaheuristics/TestGAVariants
INFO  org.evosuite.setup.InheritanceTreeGenerator - Analyzing class org/evosuite/ga/metaheuristics/mosa/MOSATest
INFO  org.evosuite.setup.InheritanceTreeGenerator - Analyzing class org/evosuite/ga/metaheuristics/mosa/structural/BranchFitnessGraphTest
INFO  org.evosuite.setup.InheritanceTreeGenerator - Analyzing class org/evosuite/ga/populationlimit/PopulationLimitTest
INFO  org.evosuite.setup.InheritanceTreeGenerator - Analyzing class org/evosuite/ga/operators/ranking/FastNonDominatedSortingTest
INFO  org.evosuite.setup.InheritanceTreeGenerator - Analyzing class org/evosuite/ga/operators/ranking/FastNonDominatedSortingTest$DummyFitnessFunction
INFO  org.evosuite.setup.InheritanceTreeGenerator - Analyzing class org/evosuite/assertion/stable/TestStabilityChecker
INFO  org.evosuite.setup.InheritanceTreeGenerator - Analyzing class org/evosuite/assertion/stable/TestDefaultValue
INFO  org.evosuite.setup.InheritanceTreeGenerator - Analyzing class org/evosuite/assertion/stable/TestComparisonAssertion
INFO  org.evosuite.setup.InheritanceTreeGenerator - Analyzing class org/evosuite/assertion/CompareAssertionTest
INFO  org.evosuite.setup.InheritanceTreeGenerator - Analyzing class org/evosuite/RandomizedTC
INFO  org.evosuite.setup.InheritanceTreeGenerator - Analyzing class org/evosuite/TestRegexInstantiation
INFO  org.evosuite.setup.InheritanceTreeGenerator - Analyzing class org/evosuite/graphs/FloydWarshallTest
INFO  org.evosuite.setup.InheritanceTreeGenerator - Analyzing class org/evosuite/graphs/GraphPoolTest$3
INFO  org.evosuite.setup.InheritanceTreeGenerator - Analyzing class org/evosuite/graphs/ccfg/ClassControlFlowGraphTest$1
INFO  org.evosuite.setup.InheritanceTreeGenerator - Analyzing class org/evosuite/graphs/ccfg/ClassControlFlowGraphTest
INFO  org.evosuite.setup.InheritanceTreeGenerator - Analyzing class org/evosuite/graphs/cfg/BasicBlockTest
INFO  org.evosuite.setup.InheritanceTreeGenerator - Analyzing class org/evosuite/graphs/cfg/CFGMethodAdapterTest$1
INFO  org.evosuite.setup.InheritanceTreeGenerator - Analyzing class org/evosuite/graphs/cfg/CFGMethodAdapterTest
INFO  org.evosuite.setup.InheritanceTreeGenerator - Analyzing class org/evosuite/graphs/cdg/TestControlFlowGraph
INFO  org.evosuite.setup.InheritanceTreeGenerator - Analyzing class org/evosuite/graphs/cdg/ControlDependenceGraphTest
INFO  org.evosuite.setup.InheritanceTreeGenerator - Analyzing class org/evosuite/graphs/cdg/DominatorTreeTest
INFO  org.evosuite.setup.InheritanceTreeGenerator - Analyzing class org/evosuite/graphs/GraphPoolTest$2
INFO  org.evosuite.setup.InheritanceTreeGenerator - Analyzing class org/evosuite/graphs/ccg/ClassCallGraphTest
INFO  org.evosuite.setup.InheritanceTreeGenerator - Analyzing class org/evosuite/graphs/GraphPoolTest
INFO  org.evosuite.setup.InheritanceTreeGenerator - Analyzing class org/evosuite/graphs/GraphPoolTest$1
INFO  org.evosuite.setup.InheritanceTreeGenerator - Analyzing class org/evosuite/junit/examples/FastTests
INFO  org.evosuite.setup.InheritanceTreeGenerator - Analyzing class org/evosuite/junit/examples/Not_A_Test
INFO  org.evosuite.setup.InheritanceTreeGenerator - Analyzing class org/evosuite/junit/examples/JUnit4Test
INFO  org.evosuite.setup.InheritanceTreeGenerator - Analyzing class org/evosuite/junit/examples/AbstractJUnit3Test
INFO  org.evosuite.setup.InheritanceTreeGenerator - Analyzing class org/evosuite/junit/examples/JUnit4ParameterizedTest
INFO  org.evosuite.setup.InheritanceTreeGenerator - Analyzing class org/evosuite/junit/examples/SlowTests
INFO  org.evosuite.setup.InheritanceTreeGenerator - Analyzing class org/evosuite/junit/examples/JUnit4Categories
INFO  org.evosuite.setup.InheritanceTreeGenerator - Analyzing class org/evosuite/junit/examples/JUnit4Suite
INFO  org.evosuite.setup.InheritanceTreeGenerator - Analyzing class org/evosuite/junit/examples/JUnit3Test
INFO  org.evosuite.setup.InheritanceTreeGenerator - Analyzing class org/evosuite/junit/examples/JUnit3Suite
INFO  org.evosuite.setup.InheritanceTreeGenerator - Analyzing class org/evosuite/junit/examples/JUnit4EvoSuiteTest
INFO  org.evosuite.setup.InheritanceTreeGenerator - Analyzing class org/evosuite/junit/FooTestClassLoader
INFO  org.evosuite.setup.InheritanceTreeGenerator - Analyzing class org/evosuite/junit/JUnitAnalyzerTest
INFO  org.evosuite.setup.InheritanceTreeGenerator - Analyzing class org/evosuite/junit/JUnitResultBuilderTest
INFO  org.evosuite.setup.InheritanceTreeGenerator - Analyzing class org/evosuite/junit/naming/methods/TestCoverageGoalNameGeneration
INFO  org.evosuite.setup.InheritanceTreeGenerator - Analyzing class org/evosuite/junit/naming/methods/TestMethodNamingComplexExamples
INFO  org.evosuite.setup.InheritanceTreeGenerator - Analyzing class org/evosuite/junit/naming/methods/TestGoalComparator
INFO  org.evosuite.setup.InheritanceTreeGenerator - Analyzing class org/evosuite/junit/CoverageAnalysisTest
INFO  org.evosuite.setup.InheritanceTreeGenerator - Analyzing class org/evosuite/testcase/TestCodeVisitorTest
INFO  org.evosuite.setup.InheritanceTreeGenerator - Analyzing class org/evosuite/testcase/DefaultTestCaseTest
INFO  org.evosuite.setup.InheritanceTreeGenerator - Analyzing class org/evosuite/testcase/TestCodeVisitorTest$FakeAbstractClass
INFO  org.evosuite.setup.InheritanceTreeGenerator - Analyzing class org/evosuite/testcase/localsearch/TestDSETestCaseLocalSearch
INFO  org.evosuite.setup.InheritanceTreeGenerator - Analyzing class org/evosuite/testcase/TestExecutionTracer
INFO  org.evosuite.setup.InheritanceTreeGenerator - Analyzing class org/evosuite/testcase/TestCodeVisitorTest$ClassWithGeneric
INFO  org.evosuite.setup.InheritanceTreeGenerator - Analyzing class org/evosuite/testcase/utils/TestChromosomeUtilsTest
INFO  org.evosuite.setup.InheritanceTreeGenerator - Analyzing class org/evosuite/testcase/PrimitiveStatementTest
INFO  org.evosuite.setup.InheritanceTreeGenerator - Analyzing class org/evosuite/testcase/TimeoutIntTest$FakeTestCase
INFO  org.evosuite.setup.InheritanceTreeGenerator - Analyzing class org/evosuite/testcase/TestSimilarity
INFO  org.evosuite.setup.InheritanceTreeGenerator - Analyzing class org/evosuite/testcase/fm/SpecifiedValuesAnswerTest$BaseString
INFO  org.evosuite.setup.InheritanceTreeGenerator - Analyzing class org/evosuite/testcase/fm/SpecifiedValuesAnswerTest$BaseInteger
INFO  org.evosuite.setup.InheritanceTreeGenerator - Analyzing class org/evosuite/testcase/fm/MethodDescriptorTest
INFO  org.evosuite.setup.InheritanceTreeGenerator - Analyzing class org/evosuite/testcase/fm/EvoInvocationListenerTest$AClassWithFinal
INFO  org.evosuite.setup.InheritanceTreeGenerator - Analyzing class org/evosuite/testcase/fm/EvoInvocationListenerTest
INFO  org.evosuite.setup.InheritanceTreeGenerator - Analyzing class org/evosuite/testcase/fm/EvoInvocationListenerTest$Foo
INFO  org.evosuite.setup.InheritanceTreeGenerator - Analyzing class org/evosuite/testcase/fm/EvoInvocationListenerTest$AGenericClass
INFO  org.evosuite.setup.InheritanceTreeGenerator - Analyzing class org/evosuite/testcase/fm/SpecifiedValuesAnswerTest$BaseInt
INFO  org.evosuite.setup.InheritanceTreeGenerator - Analyzing class org/evosuite/testcase/fm/SpecifiedValuesAnswerTest
INFO  org.evosuite.setup.InheritanceTreeGenerator - Analyzing class org/evosuite/testcase/TestCodeVisitorTest$Country$CountryNameCode
INFO  org.evosuite.setup.InheritanceTreeGenerator - Analyzing class org/evosuite/testcase/TimeoutIntTest
INFO  org.evosuite.setup.InheritanceTreeGenerator - Analyzing class org/evosuite/testcase/mutation/RandomInsertionTest
INFO  org.evosuite.setup.InheritanceTreeGenerator - Analyzing class org/evosuite/testcase/statements/FunctionalMockStatementTest$Foo
INFO  org.evosuite.setup.InheritanceTreeGenerator - Analyzing class org/evosuite/testcase/statements/FunctionalMockStatementTest$PackageLevel
INFO  org.evosuite.setup.InheritanceTreeGenerator - Analyzing class org/evosuite/testcase/statements/FunctionalMockStatementTest$AClassWithPLMethod
INFO  org.evosuite.setup.InheritanceTreeGenerator - Analyzing class org/evosuite/testcase/statements/reflection/ReflectionFactoryTest
INFO  org.evosuite.setup.InheritanceTreeGenerator - Analyzing class org/evosuite/testcase/statements/reflection/ReflectionFactoryTest$Foo
INFO  org.evosuite.setup.InheritanceTreeGenerator - Analyzing class org/evosuite/testcase/statements/FunctionalMockStatementTest$OverrideToStringAbstract
INFO  org.evosuite.setup.InheritanceTreeGenerator - Analyzing class org/evosuite/testcase/statements/FunctionalMockStatementTest$OverrideToString
INFO  org.evosuite.setup.InheritanceTreeGenerator - Analyzing class org/evosuite/testcase/statements/FunctionalMockStatementTest
INFO  org.evosuite.setup.InheritanceTreeGenerator - Analyzing class org/evosuite/testcase/execution/ExecutionTraceProxyTest
INFO  org.evosuite.setup.InheritanceTreeGenerator - Analyzing class org/evosuite/testcase/DowncastTest
INFO  org.evosuite.setup.InheritanceTreeGenerator - Analyzing class org/evosuite/testcase/secondaryobjectives/TestCaseSecondaryObjectiveTest
INFO  org.evosuite.setup.InheritanceTreeGenerator - Analyzing class org/evosuite/testcase/variable/ArraySymbolicLengthNameTest
INFO  org.evosuite.setup.InheritanceTreeGenerator - Analyzing class org/evosuite/testcase/variable/name/TypeBasedVariableNameStrategyTest
INFO  org.evosuite.setup.InheritanceTreeGenerator - Analyzing class org/evosuite/testcase/variable/name/VariableNameStrategyFactoryTest
INFO  org.evosuite.setup.InheritanceTreeGenerator - Analyzing class org/evosuite/testcase/variable/name/VariableNameAssertions
INFO  org.evosuite.setup.InheritanceTreeGenerator - Analyzing class org/evosuite/testcase/variable/name/TypeBasedVariableNameStrategyTest$1ClassUnderTest1
INFO  org.evosuite.setup.InheritanceTreeGenerator - Analyzing class org/evosuite/testcase/variable/ArrayLengthSymbolicUtilTest
INFO  org.evosuite.setup.InheritanceTreeGenerator - Analyzing class org/evosuite/testcase/variable/VariableReferenceTest
INFO  org.evosuite.setup.InheritanceTreeGenerator - Analyzing class org/evosuite/testcase/TestCodeVisitorTest$Country
INFO  org.evosuite.setup.InheritanceTreeGenerator - Analyzing class org/evosuite/testcase/TestSerialization
INFO  org.evosuite.setup.InheritanceTreeGenerator - Analyzing class org/evosuite/testcase/TestCodeVisitorTest$FakeServlet
INFO  org.evosuite.setup.InheritanceTreeGenerator - Analyzing class org/evosuite/coverage/branch/BranchCoverageGoalTest
INFO  org.evosuite.setup.InheritanceTreeGenerator - Analyzing class org/evosuite/coverage/io/input/InputCoverageTestFitnessTest
INFO  org.evosuite.setup.InheritanceTreeGenerator - Analyzing class org/evosuite/coverage/method/MethodCoverageFitnessTest
INFO  org.evosuite.setup.InheritanceTreeGenerator - Analyzing class org/evosuite/coverage/method/MethodCoverageFactoryTest
INFO  org.evosuite.setup.InheritanceTreeGenerator - Analyzing class org/evosuite/coverage/FitnessFunctionsTest
INFO  org.evosuite.setup.InheritanceTreeGenerator - Analyzing class org/evosuite/coverage/dataflow/DefUseBasicTest
INFO  org.evosuite.setup.InheritanceTreeGenerator - Analyzing class org/evosuite/coverage/dataflow/DefUseBasicTest$1
INFO  org.evosuite.setup.InheritanceTreeGenerator - Analyzing class org/evosuite/coverage/dataflow/analysis/AllUsesAnalysisTest
INFO  org.evosuite.setup.InheritanceTreeGenerator - Analyzing class org/evosuite/coverage/mutation/MutationPoolTest
INFO  org.evosuite.setup.InheritanceTreeGenerator - Analyzing class org/evosuite/coverage/mutation/MutationPoolTest$4
INFO  org.evosuite.setup.InheritanceTreeGenerator - Analyzing class org/evosuite/coverage/mutation/MutationPoolTest$1
INFO  org.evosuite.setup.InheritanceTreeGenerator - Analyzing class org/evosuite/coverage/mutation/MutationPoolTest$3
INFO  org.evosuite.setup.InheritanceTreeGenerator - Analyzing class org/evosuite/coverage/mutation/MutationPoolTest$2
INFO  org.evosuite.setup.InheritanceTreeGenerator - Analyzing class org/evosuite/coverage/ControlFlowDistanceTest
INFO  org.evosuite.setup.InheritanceTreeGenerator - Analyzing class org/evosuite/coverage/statement/StatementCoverageReproduceTest
INFO  org.evosuite.setup.InheritanceTreeGenerator - Analyzing class org/evosuite/coverage/statement/StatementCoverageReproduceTest$TestableStatementCoverageTestFitness
INFO  org.evosuite.setup.InheritanceTreeGenerator - Analyzing class org/evosuite/coverage/statement/StatementCoverageReproduceTest$TestBytecodeInstruction
INFO  org.evosuite.setup.InheritanceTreeGenerator - Analyzing class org/evosuite/coverage/readability/ReadabilitySuiteFitnessTest
INFO  org.evosuite.setup.InheritanceTreeGenerator - Analyzing class org/evosuite/coverage/exception/ExceptionCoverageTestFitnessTest
INFO  org.evosuite.setup.InheritanceTreeGenerator - Analyzing class org/evosuite/coverage/exception/ExceptionCoverageHelperTest$1MockException
INFO  org.evosuite.setup.InheritanceTreeGenerator - Analyzing class org/evosuite/coverage/exception/ExceptionCoverageHelperTest
INFO  org.evosuite.setup.InheritanceTreeGenerator - Analyzing class org/evosuite/coverage/exception/ExceptionCoverageFactoryTest
INFO  org.evosuite.setup.InheritanceTreeGenerator - Analyzing class org/evosuite/coverage/rho/RhoAuxTest
INFO  org.evosuite.setup.InheritanceTreeGenerator - Analyzing class org/evosuite/TestEnabledAssertions
INFO  org.evosuite.setup.InheritanceTreeGenerator - Analyzing class org/evosuite/rmi/OpenRegistryTest$FooImpl
INFO  org.evosuite.setup.InheritanceTreeGenerator - Analyzing class org/evosuite/rmi/OpenRegistryTest
INFO  org.evosuite.setup.InheritanceTreeGenerator - Analyzing class org/evosuite/rmi/OpenRegistryTest$Ifoo
INFO  org.evosuite.setup.InheritanceTreeGenerator - Analyzing class org/evosuite/instrumentation/testability/TestDoubleFloatComparison
INFO  org.evosuite.setup.InheritanceTreeGenerator - Analyzing class org/evosuite/instrumentation/testability/ContainerHelpTest
INFO  org.evosuite.setup.InheritanceTreeGenerator - Analyzing class org/evosuite/instrumentation/testability/StringHelperTest
INFO  org.evosuite.setup.InheritanceTreeGenerator - Analyzing class org/evosuite/instrumentation/testability/TestabilityTransformationClassLoader
INFO  org.evosuite.setup.InheritanceTreeGenerator - Analyzing class org/evosuite/instrumentation/testability/TestTestabilityTransformation
INFO  org.evosuite.setup.InheritanceTreeGenerator - Analyzing class org/evosuite/instrumentation/testability/TestLongComparison
INFO  org.evosuite.setup.InheritanceTreeGenerator - Analyzing class org/evosuite/instrumentation/testability/BooleanHelperTest
INFO  org.evosuite.setup.InheritanceTreeGenerator - Analyzing class org/evosuite/instrumentation/error/TestIntUnderflow
INFO  org.evosuite.setup.InheritanceTreeGenerator - Analyzing class org/evosuite/instrumentation/error/TestDoubleUnderflow
INFO  org.evosuite.setup.InheritanceTreeGenerator - Analyzing class org/evosuite/instrumentation/error/TestFloatUnderflow
INFO  org.evosuite.setup.InheritanceTreeGenerator - Analyzing class org/evosuite/instrumentation/error/TestIntOverflow
INFO  org.evosuite.setup.InheritanceTreeGenerator - Analyzing class org/evosuite/instrumentation/error/TestLongUnderflow
INFO  org.evosuite.setup.InheritanceTreeGenerator - Analyzing class org/evosuite/instrumentation/error/TestFloatOverflow
INFO  org.evosuite.setup.InheritanceTreeGenerator - Analyzing class org/evosuite/instrumentation/error/TestDoubleOverflow
INFO  org.evosuite.setup.InheritanceTreeGenerator - Analyzing class org/evosuite/instrumentation/error/TestErrorInstrumentation
INFO  org.evosuite.setup.InheritanceTreeGenerator - Analyzing class org/evosuite/instrumentation/error/TestLongOverflow
INFO  org.evosuite.setup.InheritanceTreeGenerator - Analyzing class org/evosuite/instrumentation/BytecodeInstrumentationTest
INFO  org.evosuite.setup.InheritanceTreeGenerator - Analyzing class org/evosuite/instrumentation/mutation/TestComparisonOperator
INFO  org.evosuite.setup.InheritanceTreeGenerator - Analyzing class org/evosuite/instrumentation/mutation/TestReplaceBitwiseOperator
INFO  org.evosuite.setup.InheritanceTreeGenerator - Analyzing class org/evosuite/strategy/PropertiesTestGAFactoryTest
INFO  org.evosuite.setup.InheritanceTreeGenerator - Analyzing class org/evosuite/strategy/PropertiesTestGAFactoryTest$TestFactory
INFO  org.evosuite.setup.InheritanceTreeGenerator - Analyzing class org/evosuite/strategy/PropertiesTestGAFactoryTest$1
INFO  org.evosuite.setup.InheritanceTreeGenerator - Analyzing class org/evosuite/PropertiesTest
INFO  org.evosuite.setup.InheritanceTreeGenerator - Analyzing class com/examples/with/different/packagename/sandbox/OpenStreamInATryCatch_FakeTestToCarve
INFO  org.evosuite.setup.InheritanceTreeGenerator - Analyzing class com/examples/with/different/packagename/sandbox/OpenStream
INFO  org.evosuite.setup.InheritanceTreeGenerator - Analyzing class com/examples/with/different/packagename/sandbox/OpenStreamInATryCatch
INFO  org.evosuite.setup.InheritanceTreeGenerator - Analyzing class com/examples/with/different/packagename/clinit/SimpleClass
INFO  org.evosuite.setup.InheritanceTreeGenerator - Analyzing class com/examples/with/different/packagename/clinit/FinalPrimitiveField
INFO  org.evosuite.setup.InheritanceTreeGenerator - Analyzing class com/examples/with/different/packagename/clinit/FinalReferenceField
INFO  org.evosuite.setup.InheritanceTreeGenerator - Analyzing class com/examples/with/different/packagename/AbstractEnumInInnerClass$AnEnum
INFO  org.evosuite.setup.InheritanceTreeGenerator - Analyzing class com/examples/with/different/packagename/context/SubClass
INFO  org.evosuite.setup.InheritanceTreeGenerator - Analyzing class com/examples/with/different/packagename/context/EntryPointsClass
INFO  org.evosuite.setup.InheritanceTreeGenerator - Analyzing class com/examples/with/different/packagename/context/SubClass2
INFO  org.evosuite.setup.InheritanceTreeGenerator - Analyzing class com/examples/with/different/packagename/context/ISubSubClass
INFO  org.evosuite.setup.InheritanceTreeGenerator - Analyzing class com/examples/with/different/packagename/context/ISubClass
INFO  org.evosuite.setup.InheritanceTreeGenerator - Analyzing class com/examples/with/different/packagename/context/complex/SubClass
INFO  org.evosuite.setup.InheritanceTreeGenerator - Analyzing class com/examples/with/different/packagename/context/complex/EntryPointsClass
INFO  org.evosuite.setup.InheritanceTreeGenerator - Analyzing class com/examples/with/different/packagename/context/complex/SubClass2
INFO  org.evosuite.setup.InheritanceTreeGenerator - Analyzing class com/examples/with/different/packagename/context/complex/ISubSubClass
INFO  org.evosuite.setup.InheritanceTreeGenerator - Analyzing class com/examples/with/different/packagename/context/complex/ISubClass
INFO  org.evosuite.setup.InheritanceTreeGenerator - Analyzing class com/examples/with/different/packagename/context/complex/AParameterObject
INFO  org.evosuite.setup.InheritanceTreeGenerator - Analyzing class com/examples/with/different/packagename/context/complex/SubSubClass
INFO  org.evosuite.setup.InheritanceTreeGenerator - Analyzing class com/examples/with/different/packagename/context/complex/ParameterObject
INFO  org.evosuite.setup.InheritanceTreeGenerator - Analyzing class com/examples/with/different/packagename/context/SubSubClass
INFO  org.evosuite.setup.InheritanceTreeGenerator - Analyzing class com/examples/with/different/packagename/otherpackage/ExampleWithInnerClass
INFO  org.evosuite.setup.InheritanceTreeGenerator - Analyzing class com/examples/with/different/packagename/otherpackage/ExampleWithInnerClass$Foo
INFO  org.evosuite.setup.InheritanceTreeGenerator - Analyzing class com/examples/with/different/packagename/otherpackage/ExampleWithStaticPackagePrivateInnerClass
INFO  org.evosuite.setup.InheritanceTreeGenerator - Analyzing class com/examples/with/different/packagename/otherpackage/ExampleWithStaticPackagePrivateInnerClass$Foo
INFO  org.evosuite.setup.InheritanceTreeGenerator - Analyzing class com/examples/with/different/packagename/symbolic/Foo
INFO  org.evosuite.setup.InheritanceTreeGenerator - Analyzing class com/examples/with/different/packagename/symbolic/Max
INFO  org.evosuite.setup.InheritanceTreeGenerator - Analyzing class com/examples/with/different/packagename/concolic/TestCase88
INFO  org.evosuite.setup.InheritanceTreeGenerator - Analyzing class com/examples/with/different/packagename/concolic/TestCase68
INFO  org.evosuite.setup.InheritanceTreeGenerator - Analyzing class com/examples/with/different/packagename/concolic/StringHandler
INFO  org.evosuite.setup.InheritanceTreeGenerator - Analyzing class com/examples/with/different/packagename/concolic/TPInterface2
INFO  org.evosuite.setup.InheritanceTreeGenerator - Analyzing class com/examples/with/different/packagename/concolic/MathRuntimeException$6
INFO  org.evosuite.setup.InheritanceTreeGenerator - Analyzing class com/examples/with/different/packagename/concolic/TestCase15
INFO  org.evosuite.setup.InheritanceTreeGenerator - Analyzing class com/examples/with/different/packagename/concolic/MathRuntimeException$8
INFO  org.evosuite.setup.InheritanceTreeGenerator - Analyzing class com/examples/with/different/packagename/concolic/TestCase65
INFO  org.evosuite.setup.InheritanceTreeGenerator - Analyzing class com/examples/with/different/packagename/concolic/MyLinkedList
INFO  org.evosuite.setup.InheritanceTreeGenerator - Analyzing class com/examples/with/different/packagename/concolic/MathRuntimeException$9
INFO  org.evosuite.setup.InheritanceTreeGenerator - Analyzing class com/examples/with/different/packagename/concolic/TestCase27
INFO  org.evosuite.setup.InheritanceTreeGenerator - Analyzing class com/examples/with/different/packagename/concolic/TestCase91
INFO  org.evosuite.setup.InheritanceTreeGenerator - Analyzing class com/examples/with/different/packagename/concolic/TestCase36
INFO  org.evosuite.setup.InheritanceTreeGenerator - Analyzing class com/examples/with/different/packagename/concolic/MathRuntimeException$10
INFO  org.evosuite.setup.InheritanceTreeGenerator - Analyzing class com/examples/with/different/packagename/concolic/TestCase30
INFO  org.evosuite.setup.InheritanceTreeGenerator - Analyzing class com/examples/with/different/packagename/concolic/TestCase48
INFO  org.evosuite.setup.InheritanceTreeGenerator - Analyzing class com/examples/with/different/packagename/concolic/TP118
INFO  org.evosuite.setup.InheritanceTreeGenerator - Analyzing class com/examples/with/different/packagename/concolic/TestCase26
INFO  org.evosuite.setup.InheritanceTreeGenerator - Analyzing class com/examples/with/different/packagename/concolic/TestCase42
INFO  org.evosuite.setup.InheritanceTreeGenerator - Analyzing class com/examples/with/different/packagename/concolic/TestCase80
INFO  org.evosuite.setup.InheritanceTreeGenerator - Analyzing class com/examples/with/different/packagename/concolic/TestCase50
INFO  org.evosuite.setup.InheritanceTreeGenerator - Analyzing class com/examples/with/different/packagename/concolic/TestCase44
INFO  org.evosuite.setup.InheritanceTreeGenerator - Analyzing class com/examples/with/different/packagename/concolic/TestCase14
INFO  org.evosuite.setup.InheritanceTreeGenerator - Analyzing class com/examples/with/different/packagename/concolic/TestCase5
INFO  org.evosuite.setup.InheritanceTreeGenerator - Analyzing class com/examples/with/different/packagename/concolic/TestCase7
INFO  org.evosuite.setup.InheritanceTreeGenerator - Analyzing class com/examples/with/different/packagename/concolic/MathRuntimeException$2
INFO  org.evosuite.setup.InheritanceTreeGenerator - Analyzing class com/examples/with/different/packagename/concolic/TestCase34
INFO  org.evosuite.setup.InheritanceTreeGenerator - Analyzing class com/examples/with/different/packagename/concolic/TestCase49
INFO  org.evosuite.setup.InheritanceTreeGenerator - Analyzing class com/examples/with/different/packagename/concolic/MalformedURIException
INFO  org.evosuite.setup.InheritanceTreeGenerator - Analyzing class com/examples/with/different/packagename/concolic/TestCase85
INFO  org.evosuite.setup.InheritanceTreeGenerator - Analyzing class com/examples/with/different/packagename/concolic/TestCase4
INFO  org.evosuite.setup.InheritanceTreeGenerator - Analyzing class com/examples/with/different/packagename/concolic/MathFloat
INFO  org.evosuite.setup.InheritanceTreeGenerator - Analyzing class com/examples/with/different/packagename/concolic/MathRuntimeException$7
INFO  org.evosuite.setup.InheritanceTreeGenerator - Analyzing class com/examples/with/different/packagename/concolic/StringSearch2
INFO  org.evosuite.setup.InheritanceTreeGenerator - Analyzing class com/examples/with/different/packagename/concolic/TestCase95
INFO  org.evosuite.setup.InheritanceTreeGenerator - Analyzing class com/examples/with/different/packagename/concolic/MathDouble
INFO  org.evosuite.setup.InheritanceTreeGenerator - Analyzing class com/examples/with/different/packagename/concolic/TestCase72$Pat
INFO  org.evosuite.setup.InheritanceTreeGenerator - Analyzing class com/examples/with/different/packagename/concolic/IntHolder
INFO  org.evosuite.setup.InheritanceTreeGenerator - Analyzing class com/examples/with/different/packagename/concolic/MathRuntimeException$3
INFO  org.evosuite.setup.InheritanceTreeGenerator - Analyzing class com/examples/with/different/packagename/concolic/MathRuntimeException$5
INFO  org.evosuite.setup.InheritanceTreeGenerator - Analyzing class com/examples/with/different/packagename/concolic/MathRuntimeException
INFO  org.evosuite.setup.InheritanceTreeGenerator - Analyzing class com/examples/with/different/packagename/concolic/TestCase76
INFO  org.evosuite.setup.InheritanceTreeGenerator - Analyzing class com/examples/with/different/packagename/concolic/TestCase58
INFO  org.evosuite.setup.InheritanceTreeGenerator - Analyzing class com/examples/with/different/packagename/concolic/TestCase35
INFO  org.evosuite.setup.InheritanceTreeGenerator - Analyzing class com/examples/with/different/packagename/concolic/TestCase99
INFO  org.evosuite.setup.InheritanceTreeGenerator - Analyzing class com/examples/with/different/packagename/concolic/Assertions
INFO  org.evosuite.setup.InheritanceTreeGenerator - Analyzing class com/examples/with/different/packagename/concolic/TestCase18
INFO  org.evosuite.setup.InheritanceTreeGenerator - Analyzing class com/examples/with/different/packagename/concolic/TestCase44$Foo
INFO  org.evosuite.setup.InheritanceTreeGenerator - Analyzing class com/examples/with/different/packagename/concolic/TestCase89$InnerClass
INFO  org.evosuite.setup.InheritanceTreeGenerator - Analyzing class com/examples/with/different/packagename/concolic/TestCase54
INFO  org.evosuite.setup.InheritanceTreeGenerator - Analyzing class com/examples/with/different/packagename/concolic/Pat
INFO  org.evosuite.setup.InheritanceTreeGenerator - Analyzing class com/examples/with/different/packagename/concolic/TestCase23
INFO  org.evosuite.setup.InheritanceTreeGenerator - Analyzing class com/examples/with/different/packagename/concolic/TestCase44$1
INFO  org.evosuite.setup.InheritanceTreeGenerator - Analyzing class com/examples/with/different/packagename/concolic/TestCaseWithReset
INFO  org.evosuite.setup.InheritanceTreeGenerator - Analyzing class com/examples/with/different/packagename/concolic/TestCase83
INFO  org.evosuite.setup.InheritanceTreeGenerator - Analyzing class com/examples/with/different/packagename/concolic/TestCase19
INFO  org.evosuite.setup.InheritanceTreeGenerator - Analyzing class com/examples/with/different/packagename/concolic/TestCase94
INFO  org.evosuite.setup.InheritanceTreeGenerator - Analyzing class com/examples/with/different/packagename/concolic/TestCase22
INFO  org.evosuite.setup.InheritanceTreeGenerator - Analyzing class com/examples/with/different/packagename/concolic/TestCase57
INFO  org.evosuite.setup.InheritanceTreeGenerator - Analyzing class com/examples/with/different/packagename/concolic/TestCase56
INFO  org.evosuite.setup.InheritanceTreeGenerator - Analyzing class com/examples/with/different/packagename/concolic/MIMEType
INFO  org.evosuite.setup.InheritanceTreeGenerator - Analyzing class com/examples/with/different/packagename/concolic/TestCase52
INFO  org.evosuite.setup.InheritanceTreeGenerator - Analyzing class com/examples/with/different/packagename/concolic/TestCase59
INFO  org.evosuite.setup.InheritanceTreeGenerator - Analyzing class com/examples/with/different/packagename/concolic/TestInput1
INFO  org.evosuite.setup.InheritanceTreeGenerator - Analyzing class com/examples/with/different/packagename/concolic/TestCase79
INFO  org.evosuite.setup.InheritanceTreeGenerator - Analyzing class com/examples/with/different/packagename/concolic/TestCase51$Stemmer
INFO  org.evosuite.setup.InheritanceTreeGenerator - Analyzing class com/examples/with/different/packagename/concolic/TestCase29
INFO  org.evosuite.setup.InheritanceTreeGenerator - Analyzing class com/examples/with/different/packagename/concolic/TestCase72
INFO  org.evosuite.setup.InheritanceTreeGenerator - Analyzing class com/examples/with/different/packagename/concolic/TestCase73
INFO  org.evosuite.setup.InheritanceTreeGenerator - Analyzing class com/examples/with/different/packagename/concolic/ConcolicReflection
INFO  org.evosuite.setup.InheritanceTreeGenerator - Analyzing class com/examples/with/different/packagename/concolic/TestCase81
INFO  org.evosuite.setup.InheritanceTreeGenerator - Analyzing class com/examples/with/different/packagename/concolic/TestCase45
INFO  org.evosuite.setup.InheritanceTreeGenerator - Analyzing class com/examples/with/different/packagename/concolic/TestCase9
INFO  org.evosuite.setup.InheritanceTreeGenerator - Analyzing class com/examples/with/different/packagename/concolic/TestCase60
INFO  org.evosuite.setup.InheritanceTreeGenerator - Analyzing class com/examples/with/different/packagename/concolic/MyLinkedList$1
INFO  org.evosuite.setup.InheritanceTreeGenerator - Analyzing class com/examples/with/different/packagename/concolic/TestCase10
INFO  org.evosuite.setup.InheritanceTreeGenerator - Analyzing class com/examples/with/different/packagename/concolic/MathUtils
INFO  org.evosuite.setup.InheritanceTreeGenerator - Analyzing class com/examples/with/different/packagename/concolic/TestCase46
INFO  org.evosuite.setup.InheritanceTreeGenerator - Analyzing class com/examples/with/different/packagename/concolic/Calculator
INFO  org.evosuite.setup.InheritanceTreeGenerator - Analyzing class com/examples/with/different/packagename/concolic/TestCase93
INFO  org.evosuite.setup.InheritanceTreeGenerator - Analyzing class com/examples/with/different/packagename/concolic/MathFunctions
INFO  org.evosuite.setup.InheritanceTreeGenerator - Analyzing class com/examples/with/different/packagename/concolic/MathInt
INFO  org.evosuite.setup.InheritanceTreeGenerator - Analyzing class com/examples/with/different/packagename/concolic/TestCase69
INFO  org.evosuite.setup.InheritanceTreeGenerator - Analyzing class com/examples/with/different/packagename/concolic/TestCase8
INFO  org.evosuite.setup.InheritanceTreeGenerator - Analyzing class com/examples/with/different/packagename/concolic/MIMETypeTest
INFO  org.evosuite.setup.InheritanceTreeGenerator - Analyzing class com/examples/with/different/packagename/concolic/MathRuntimeException$4
INFO  org.evosuite.setup.InheritanceTreeGenerator - Analyzing class com/examples/with/different/packagename/concolic/TestCase38
INFO  org.evosuite.setup.InheritanceTreeGenerator - Analyzing class com/examples/with/different/packagename/concolic/TestCase74
INFO  org.evosuite.setup.InheritanceTreeGenerator - Analyzing class com/examples/with/different/packagename/concolic/TestCase82
INFO  org.evosuite.setup.InheritanceTreeGenerator - Analyzing class com/examples/with/different/packagename/concolic/TestCase53
INFO  org.evosuite.setup.InheritanceTreeGenerator - Analyzing class com/examples/with/different/packagename/concolic/TestCase39
INFO  org.evosuite.setup.InheritanceTreeGenerator - Analyzing class com/examples/with/different/packagename/concolic/TestCase43
INFO  org.evosuite.setup.InheritanceTreeGenerator - Analyzing class com/examples/with/different/packagename/concolic/TestCase71$Stemmer
INFO  org.evosuite.setup.InheritanceTreeGenerator - Analyzing class com/examples/with/different/packagename/concolic/Tracer
INFO  org.evosuite.setup.InheritanceTreeGenerator - Analyzing class com/examples/with/different/packagename/concolic/TestCase89
INFO  org.evosuite.setup.InheritanceTreeGenerator - Analyzing class com/examples/with/different/packagename/concolic/TestCase92
INFO  org.evosuite.setup.InheritanceTreeGenerator - Analyzing class com/examples/with/different/packagename/concolic/TestCase90
INFO  org.evosuite.setup.InheritanceTreeGenerator - Analyzing class com/examples/with/different/packagename/concolic/MalformedMIMETypeException
INFO  org.evosuite.setup.InheritanceTreeGenerator - Analyzing class com/examples/with/different/packagename/concolic/TestCase75
INFO  org.evosuite.setup.InheritanceTreeGenerator - Analyzing class com/examples/with/different/packagename/concolic/MathRuntimeException$1
INFO  org.evosuite.setup.InheritanceTreeGenerator - Analyzing class com/examples/with/different/packagename/concolic/TestCase33
INFO  org.evosuite.setup.InheritanceTreeGenerator - Analyzing class com/examples/with/different/packagename/concolic/TestCase87
INFO  org.evosuite.setup.InheritanceTreeGenerator - Analyzing class com/examples/with/different/packagename/concolic/TestCase1
INFO  org.evosuite.setup.InheritanceTreeGenerator - Analyzing class com/examples/with/different/packagename/concolic/TestCase66
INFO  org.evosuite.setup.InheritanceTreeGenerator - Analyzing class com/examples/with/different/packagename/concolic/TestCase70
INFO  org.evosuite.setup.InheritanceTreeGenerator - Analyzing class com/examples/with/different/packagename/concolic/TestCase97
INFO  org.evosuite.setup.InheritanceTreeGenerator - Analyzing class com/examples/with/different/packagename/concolic/TestCase25
INFO  org.evosuite.setup.InheritanceTreeGenerator - Analyzing class com/examples/with/different/packagename/concolic/TestCaseWithFile
INFO  org.evosuite.setup.InheritanceTreeGenerator - Analyzing class com/examples/with/different/packagename/concolic/TestCaseNullAssignment
INFO  org.evosuite.setup.InheritanceTreeGenerator - Analyzing class com/examples/with/different/packagename/concolic/TestCase16
INFO  org.evosuite.setup.InheritanceTreeGenerator - Analyzing class com/examples/with/different/packagename/concolic/TestCaseWithURL
INFO  org.evosuite.setup.InheritanceTreeGenerator - Analyzing class com/examples/with/different/packagename/concolic/TestCase11
INFO  org.evosuite.setup.InheritanceTreeGenerator - Analyzing class com/examples/with/different/packagename/concolic/MemoryCell
INFO  org.evosuite.setup.InheritanceTreeGenerator - Analyzing class com/examples/with/different/packagename/concolic/TestCase50$Stemmer
INFO  org.evosuite.setup.InheritanceTreeGenerator - Analyzing class com/examples/with/different/packagename/concolic/URIClassifier
INFO  org.evosuite.setup.InheritanceTreeGenerator - Analyzing class com/examples/with/different/packagename/concolic/MathLong
INFO  org.evosuite.setup.InheritanceTreeGenerator - Analyzing class com/examples/with/different/packagename/concolic/TestCase96
INFO  org.evosuite.setup.InheritanceTreeGenerator - Analyzing class com/examples/with/different/packagename/concolic/HardConstraints
INFO  org.evosuite.setup.InheritanceTreeGenerator - Analyzing class com/examples/with/different/packagename/concolic/TestCase47$Stemmer
INFO  org.evosuite.setup.InheritanceTreeGenerator - Analyzing class com/examples/with/different/packagename/concolic/StaticFields
INFO  org.evosuite.setup.InheritanceTreeGenerator - Analyzing class com/examples/with/different/packagename/concolic/TestCase100
INFO  org.evosuite.setup.InheritanceTreeGenerator - Analyzing class com/examples/with/different/packagename/concolic/TestCase2
INFO  org.evosuite.setup.InheritanceTreeGenerator - Analyzing class com/examples/with/different/packagename/concolic/TestInput2
INFO  org.evosuite.setup.InheritanceTreeGenerator - Analyzing class com/examples/with/different/packagename/concolic/FileSuffix
INFO  org.evosuite.setup.InheritanceTreeGenerator - Analyzing class com/examples/with/different/packagename/concolic/TestCase6
INFO  org.evosuite.setup.InheritanceTreeGenerator - Analyzing class com/examples/with/different/packagename/concolic/TestCase0
INFO  org.evosuite.setup.InheritanceTreeGenerator - Analyzing class com/examples/with/different/packagename/concolic/TestCase47
INFO  org.evosuite.setup.InheritanceTreeGenerator - Analyzing class com/examples/with/different/packagename/concolic/TestCase28
INFO  org.evosuite.setup.InheritanceTreeGenerator - Analyzing class com/examples/with/different/packagename/concolic/TestCase24
INFO  org.evosuite.setup.InheritanceTreeGenerator - Analyzing class com/examples/with/different/packagename/concolic/PostCodeValidator
INFO  org.evosuite.setup.InheritanceTreeGenerator - Analyzing class com/examples/with/different/packagename/concolic/TestCase64
INFO  org.evosuite.setup.InheritanceTreeGenerator - Analyzing class com/examples/with/different/packagename/concolic/TestCase71
INFO  org.evosuite.setup.InheritanceTreeGenerator - Analyzing class com/examples/with/different/packagename/concolic/TestCase40
INFO  org.evosuite.setup.InheritanceTreeGenerator - Analyzing class com/examples/with/different/packagename/concolic/TestCase54$Stemmer
INFO  org.evosuite.setup.InheritanceTreeGenerator - Analyzing class com/examples/with/different/packagename/concolic/TestCase48$Stemmer
INFO  org.evosuite.setup.InheritanceTreeGenerator - Analyzing class com/examples/with/different/packagename/concolic/TestCase21
INFO  org.evosuite.setup.InheritanceTreeGenerator - Analyzing class com/examples/with/different/packagename/concolic/TestCase86
INFO  org.evosuite.setup.InheritanceTreeGenerator - Analyzing class com/examples/with/different/packagename/concolic/TestCase70$Pat
INFO  org.evosuite.setup.InheritanceTreeGenerator - Analyzing class com/examples/with/different/packagename/concolic/TestCase12
INFO  org.evosuite.setup.InheritanceTreeGenerator - Analyzing class com/examples/with/different/packagename/concolic/TestCase84
INFO  org.evosuite.setup.InheritanceTreeGenerator - Analyzing class com/examples/with/different/packagename/concolic/URI
INFO  org.evosuite.setup.InheritanceTreeGenerator - Analyzing class com/examples/with/different/packagename/concolic/TestCase98
INFO  org.evosuite.setup.InheritanceTreeGenerator - Analyzing class com/examples/with/different/packagename/concolic/TestCase17
INFO  org.evosuite.setup.InheritanceTreeGenerator - Analyzing class com/examples/with/different/packagename/concolic/TestCase69$Pat
INFO  org.evosuite.setup.InheritanceTreeGenerator - Analyzing class com/examples/with/different/packagename/concolic/TestCase41
INFO  org.evosuite.setup.InheritanceTreeGenerator - Analyzing class com/examples/with/different/packagename/concolic/TestCase51
INFO  org.evosuite.setup.InheritanceTreeGenerator - Analyzing class com/examples/with/different/packagename/concolic/MyLinkedList$Node
INFO  org.evosuite.setup.InheritanceTreeGenerator - Analyzing class com/examples/with/different/packagename/concolic/TestCase63
INFO  org.evosuite.setup.InheritanceTreeGenerator - Analyzing class com/examples/with/different/packagename/concolic/MyEnum
INFO  org.evosuite.setup.InheritanceTreeGenerator - Analyzing class com/examples/with/different/packagename/concolic/TestCase77
INFO  org.evosuite.setup.InheritanceTreeGenerator - Analyzing class com/examples/with/different/packagename/concolic/TestCase62
INFO  org.evosuite.setup.InheritanceTreeGenerator - Analyzing class com/examples/with/different/packagename/concolic/TestCase31
INFO  org.evosuite.setup.InheritanceTreeGenerator - Analyzing class com/examples/with/different/packagename/concolic/TestCase61
INFO  org.evosuite.setup.InheritanceTreeGenerator - Analyzing class com/examples/with/different/packagename/concolic/TestCase78
INFO  org.evosuite.setup.InheritanceTreeGenerator - Analyzing class com/examples/with/different/packagename/concolic/TestCase13
INFO  org.evosuite.setup.InheritanceTreeGenerator - Analyzing class com/examples/with/different/packagename/concolic/TestCase101
INFO  org.evosuite.setup.InheritanceTreeGenerator - Analyzing class com/examples/with/different/packagename/concolic/TestCase67
INFO  org.evosuite.setup.InheritanceTreeGenerator - Analyzing class com/examples/with/different/packagename/concolic/Fraction
INFO  org.evosuite.setup.InheritanceTreeGenerator - Analyzing class com/examples/with/different/packagename/concolic/Regex
INFO  org.evosuite.setup.InheritanceTreeGenerator - Analyzing class com/examples/with/different/packagename/concolic/Validator
INFO  org.evosuite.setup.InheritanceTreeGenerator - Analyzing class com/examples/with/different/packagename/concolic/TP1
INFO  org.evosuite.setup.InheritanceTreeGenerator - Analyzing class com/examples/with/different/packagename/concolic/TestCase46$FileSuffix
INFO  org.evosuite.setup.InheritanceTreeGenerator - Analyzing class com/examples/with/different/packagename/concolic/Boxer
INFO  org.evosuite.setup.InheritanceTreeGenerator - Analyzing class com/examples/with/different/packagename/concolic/TestCase37
INFO  org.evosuite.setup.InheritanceTreeGenerator - Analyzing class com/examples/with/different/packagename/concolic/TestCase20
INFO  org.evosuite.setup.InheritanceTreeGenerator - Analyzing class com/examples/with/different/packagename/concolic/TestCase53$Stemmer
INFO  org.evosuite.setup.InheritanceTreeGenerator - Analyzing class com/examples/with/different/packagename/concolic/TestCase32
INFO  org.evosuite.setup.InheritanceTreeGenerator - Analyzing class com/examples/with/different/packagename/concolic/TestCase55
INFO  org.evosuite.setup.InheritanceTreeGenerator - Analyzing class com/examples/with/different/packagename/concolic/TestCase3
INFO  org.evosuite.setup.InheritanceTreeGenerator - Analyzing class com/examples/with/different/packagename/concolic/ResourceURL
INFO  org.evosuite.setup.InheritanceTreeGenerator - Analyzing class com/examples/with/different/packagename/concolic/TPInterface4
INFO  org.evosuite.setup.InheritanceTreeGenerator - Analyzing class com/examples/with/different/packagename/NullString
INFO  org.evosuite.setup.InheritanceTreeGenerator - Analyzing class com/examples/with/different/packagename/ncs/Triangle
INFO  org.evosuite.setup.InheritanceTreeGenerator - Analyzing class com/examples/with/different/packagename/ncs/Flag
INFO  org.evosuite.setup.InheritanceTreeGenerator - Analyzing class com/examples/with/different/packagename/ncs/Triangle$TriangleType
INFO  org.evosuite.setup.InheritanceTreeGenerator - Analyzing class com/examples/with/different/packagename/ncs/Loops
INFO  org.evosuite.setup.InheritanceTreeGenerator - Analyzing class com/examples/with/different/packagename/AbstractEnumInInnerClass$AnEnum$1
INFO  org.evosuite.setup.InheritanceTreeGenerator - Analyzing class com/examples/with/different/packagename/test/AbstractSuperclass
INFO  org.evosuite.setup.InheritanceTreeGenerator - Analyzing class com/examples/with/different/packagename/test/ConcreteSubclass
INFO  org.evosuite.setup.InheritanceTreeGenerator - Analyzing class com/examples/with/different/packagename/test/AccessExamples
INFO  org.evosuite.setup.InheritanceTreeGenerator - Analyzing class com/examples/with/different/packagename/test/DowncastExample
INFO  org.evosuite.setup.InheritanceTreeGenerator - Analyzing class com/examples/with/different/packagename/solver/TestCaseFloatDiv
INFO  org.evosuite.setup.InheritanceTreeGenerator - Analyzing class com/examples/with/different/packagename/solver/TestCaseStringConcat
INFO  org.evosuite.setup.InheritanceTreeGenerator - Analyzing class com/examples/with/different/packagename/solver/TestCaseStringEqualsIgnoreCase
INFO  org.evosuite.setup.InheritanceTreeGenerator - Analyzing class com/examples/with/different/packagename/solver/TestCaseTan
INFO  org.evosuite.setup.InheritanceTreeGenerator - Analyzing class com/examples/with/different/packagename/solver/TestCaseFloatLt
INFO  org.evosuite.setup.InheritanceTreeGenerator - Analyzing class com/examples/with/different/packagename/solver/TestCaseStringSubstringFromTo
INFO  org.evosuite.setup.InheritanceTreeGenerator - Analyzing class com/examples/with/different/packagename/solver/TestCaseCastIntToString
INFO  org.evosuite.setup.InheritanceTreeGenerator - Analyzing class com/examples/with/different/packagename/solver/TestCaseAcos
INFO  org.evosuite.setup.InheritanceTreeGenerator - Analyzing class com/examples/with/different/packagename/solver/MazeClientArrays
INFO  org.evosuite.setup.InheritanceTreeGenerator - Analyzing class com/examples/with/different/packagename/solver/TestCaseMin
INFO  org.evosuite.setup.InheritanceTreeGenerator - Analyzing class com/examples/with/different/packagename/solver/TestCaseStringConcatChar
INFO  org.evosuite.setup.InheritanceTreeGenerator - Analyzing class com/examples/with/different/packagename/solver/TestCaseStringCompareTo
INFO  org.evosuite.setup.InheritanceTreeGenerator - Analyzing class com/examples/with/different/packagename/solver/TestCaseBitOr
INFO  org.evosuite.setup.InheritanceTreeGenerator - Analyzing class com/examples/with/different/packagename/solver/Maze
INFO  org.evosuite.setup.InheritanceTreeGenerator - Analyzing class com/examples/with/different/packagename/solver/TestCaseEq
INFO  org.evosuite.setup.InheritanceTreeGenerator - Analyzing class com/examples/with/different/packagename/solver/TestCaseRound
INFO  org.evosuite.setup.InheritanceTreeGenerator - Analyzing class com/examples/with/different/packagename/solver/TestCaseAbs
INFO  org.evosuite.setup.InheritanceTreeGenerator - Analyzing class com/examples/with/different/packagename/solver/TestCaseStringNotEquals
INFO  org.evosuite.setup.InheritanceTreeGenerator - Analyzing class com/examples/with/different/packagename/solver/TestCaseStringIndexOfChar
INFO  org.evosuite.setup.InheritanceTreeGenerator - Analyzing class com/examples/with/different/packagename/solver/TestCaseStringTrim
INFO  org.evosuite.setup.InheritanceTreeGenerator - Analyzing class com/examples/with/different/packagename/solver/TestCaseStringLastIndexOfChar
INFO  org.evosuite.setup.InheritanceTreeGenerator - Analyzing class com/examples/with/different/packagename/solver/TestCaseCastStringToInt
INFO  org.evosuite.setup.InheritanceTreeGenerator - Analyzing class com/examples/with/different/packagename/solver/TestCaseNeg
INFO  org.evosuite.setup.InheritanceTreeGenerator - Analyzing class com/examples/with/different/packagename/solver/TestCaseFloatAbs
INFO  org.evosuite.setup.InheritanceTreeGenerator - Analyzing class com/examples/with/different/packagename/solver/TestCaseAtan2
INFO  org.evosuite.setup.InheritanceTreeGenerator - Analyzing class com/examples/with/different/packagename/solver/TestCaseFloatMax
INFO  org.evosuite.setup.InheritanceTreeGenerator - Analyzing class com/examples/with/different/packagename/solver/TestCaseStringEndsWith
INFO  org.evosuite.setup.InheritanceTreeGenerator - Analyzing class com/examples/with/different/packagename/solver/TestCaseStringLowerCase
INFO  org.evosuite.setup.InheritanceTreeGenerator - Analyzing class com/examples/with/different/packagename/solver/TestCaseAtan
INFO  org.evosuite.setup.InheritanceTreeGenerator - Analyzing class com/examples/with/different/packagename/solver/TestCaseFloatEq
INFO  org.evosuite.setup.InheritanceTreeGenerator - Analyzing class com/examples/with/different/packagename/solver/TestCaseStringAppendInteger
INFO  org.evosuite.setup.InheritanceTreeGenerator - Analyzing class com/examples/with/different/packagename/solver/TestCaseFloatNeq
INFO  org.evosuite.setup.InheritanceTreeGenerator - Analyzing class com/examples/with/different/packagename/solver/TestCaseMod
INFO  org.evosuite.setup.InheritanceTreeGenerator - Analyzing class com/examples/with/different/packagename/solver/TestCaseFloatSub
INFO  org.evosuite.setup.InheritanceTreeGenerator - Analyzing class com/examples/with/different/packagename/solver/TestCaseFloatGte
INFO  org.evosuite.setup.InheritanceTreeGenerator - Analyzing class com/examples/with/different/packagename/solver/TestCaseStringIndexOfString
INFO  org.evosuite.setup.InheritanceTreeGenerator - Analyzing class com/examples/with/different/packagename/solver/TestCaseStringContains
INFO  org.evosuite.setup.InheritanceTreeGenerator - Analyzing class com/examples/with/different/packagename/solver/TestCaseExp
INFO  org.evosuite.setup.InheritanceTreeGenerator - Analyzing class com/examples/with/different/packagename/solver/TestCaseStringIndexOfCharInt
INFO  org.evosuite.setup.InheritanceTreeGenerator - Analyzing class com/examples/with/different/packagename/solver/TestCaseIsInteger
INFO  org.evosuite.setup.InheritanceTreeGenerator - Analyzing class com/examples/with/different/packagename/solver/TestCaseBitNot
INFO  org.evosuite.setup.InheritanceTreeGenerator - Analyzing class com/examples/with/different/packagename/solver/TestCaseStringLastIndexOfCharInt
INFO  org.evosuite.setup.InheritanceTreeGenerator - Analyzing class com/examples/with/different/packagename/solver/TestCaseStringStartsWithIndex
INFO  org.evosuite.setup.InheritanceTreeGenerator - Analyzing class com/examples/with/different/packagename/solver/TestCaseFloatMul
INFO  org.evosuite.setup.InheritanceTreeGenerator - Analyzing class com/examples/with/different/packagename/solver/TestCaseCos
INFO  org.evosuite.setup.InheritanceTreeGenerator - Analyzing class com/examples/with/different/packagename/solver/TestCaseCastRealToInt
INFO  org.evosuite.setup.InheritanceTreeGenerator - Analyzing class com/examples/with/different/packagename/solver/TestCaseStringLastIndexOfString
INFO  org.evosuite.setup.InheritanceTreeGenerator - Analyzing class com/examples/with/different/packagename/solver/TestCaseStringAppendChar
INFO  org.evosuite.setup.InheritanceTreeGenerator - Analyzing class com/examples/with/different/packagename/solver/TestCaseGt
INFO  org.evosuite.setup.InheritanceTreeGenerator - Analyzing class com/examples/with/different/packagename/solver/TestCaseAsin
INFO  org.evosuite.setup.InheritanceTreeGenerator - Analyzing class com/examples/with/different/packagename/solver/TestCaseRegex
INFO  org.evosuite.setup.InheritanceTreeGenerator - Analyzing class com/examples/with/different/packagename/solver/TestCaseStringAppendString
INFO  org.evosuite.setup.InheritanceTreeGenerator - Analyzing class com/examples/with/different/packagename/solver/TestCaseShiftLeft
INFO  org.evosuite.setup.InheritanceTreeGenerator - Analyzing class com/examples/with/different/packagename/solver/TestCaseFloatGt
INFO  org.evosuite.setup.InheritanceTreeGenerator - Analyzing class com/examples/with/different/packagename/solver/TestCaseStringConcatBoolean
INFO  org.evosuite.setup.InheritanceTreeGenerator - Analyzing class com/examples/with/different/packagename/solver/TestCaseStringAppendFloat
INFO  org.evosuite.setup.InheritanceTreeGenerator - Analyzing class com/examples/with/different/packagename/solver/TestCaseFloatAdd
INFO  org.evosuite.setup.InheritanceTreeGenerator - Analyzing class com/examples/with/different/packagename/solver/TestCaseStringEquals
INFO  org.evosuite.setup.InheritanceTreeGenerator - Analyzing class com/examples/with/different/packagename/solver/TestCaseFloatLte
INFO  org.evosuite.setup.InheritanceTreeGenerator - Analyzing class com/examples/with/different/packagename/solver/TestCaseFloatMod
INFO  org.evosuite.setup.InheritanceTreeGenerator - Analyzing class com/examples/with/different/packagename/solver/TestCaseIntegerToString
INFO  org.evosuite.setup.InheritanceTreeGenerator - Analyzing class com/examples/with/different/packagename/solver/TestCaseLog
INFO  org.evosuite.setup.InheritanceTreeGenerator - Analyzing class com/examples/with/different/packagename/solver/MazeClient
INFO  org.evosuite.setup.InheritanceTreeGenerator - Analyzing class com/examples/with/different/packagename/solver/TestCaseNeq
INFO  org.evosuite.setup.InheritanceTreeGenerator - Analyzing class com/examples/with/different/packagename/solver/TestCaseStringToInteger
INFO  org.evosuite.setup.InheritanceTreeGenerator - Analyzing class com/examples/with/different/packagename/solver/TestCaseStringSubstring
INFO  org.evosuite.setup.InheritanceTreeGenerator - Analyzing class com/examples/with/different/packagename/solver/TestCaseStringReplaceChar
INFO  org.evosuite.setup.InheritanceTreeGenerator - Analyzing class com/examples/with/different/packagename/solver/TestCaseStringCharAt
INFO  org.evosuite.setup.InheritanceTreeGenerator - Analyzing class com/examples/with/different/packagename/solver/TestCaseTokenizer
INFO  org.evosuite.setup.InheritanceTreeGenerator - Analyzing class com/examples/with/different/packagename/solver/TestCaseFloatRound
INFO  org.evosuite.setup.InheritanceTreeGenerator - Analyzing class com/examples/with/different/packagename/solver/TestCaseFloatMin
INFO  org.evosuite.setup.InheritanceTreeGenerator - Analyzing class com/examples/with/different/packagename/solver/TestCaseCastIntToReal
INFO  org.evosuite.setup.InheritanceTreeGenerator - Analyzing class com/examples/with/different/packagename/solver/TestCaseFloatSymbolicMod
INFO  org.evosuite.setup.InheritanceTreeGenerator - Analyzing class com/examples/with/different/packagename/solver/TestCaseMax
INFO  org.evosuite.setup.InheritanceTreeGenerator - Analyzing class com/examples/with/different/packagename/solver/TestCaseStringUpperCase
INFO  org.evosuite.setup.InheritanceTreeGenerator - Analyzing class com/examples/with/different/packagename/solver/TestCaseLt
INFO  org.evosuite.setup.InheritanceTreeGenerator - Analyzing class com/examples/with/different/packagename/solver/TestCaseSqrt
INFO  org.evosuite.setup.InheritanceTreeGenerator - Analyzing class com/examples/with/different/packagename/solver/TestCaseStringStartsWith
INFO  org.evosuite.setup.InheritanceTreeGenerator - Analyzing class com/examples/with/different/packagename/solver/TestCaseStringReplaceCharSequence
INFO  org.evosuite.setup.InheritanceTreeGenerator - Analyzing class com/examples/with/different/packagename/solver/TestCaseStringAppendBoolean
INFO  org.evosuite.setup.InheritanceTreeGenerator - Analyzing class com/examples/with/different/packagename/solver/TestCaseShiftRightUnsigned
INFO  org.evosuite.setup.InheritanceTreeGenerator - Analyzing class com/examples/with/different/packagename/solver/TestCaseGte
INFO  org.evosuite.setup.InheritanceTreeGenerator - Analyzing class com/examples/with/different/packagename/solver/TestCaseBitAnd
INFO  org.evosuite.setup.InheritanceTreeGenerator - Analyzing class com/examples/with/different/packagename/solver/TestCaseStringLastIndexOfStringInt
INFO  org.evosuite.setup.InheritanceTreeGenerator - Analyzing class com/examples/with/different/packagename/solver/TestCaseBinaryOp
INFO  org.evosuite.setup.InheritanceTreeGenerator - Analyzing class com/examples/with/different/packagename/solver/TestCaseLte
INFO  org.evosuite.setup.InheritanceTreeGenerator - Analyzing class com/examples/with/different/packagename/solver/TestCaseBitXor
INFO  org.evosuite.setup.InheritanceTreeGenerator - Analyzing class com/examples/with/different/packagename/solver/TestCaseShiftRight
INFO  org.evosuite.setup.InheritanceTreeGenerator - Analyzing class com/examples/with/different/packagename/solver/TestCaseFloatTrigonometry
INFO  org.evosuite.setup.InheritanceTreeGenerator - Analyzing class com/examples/with/different/packagename/solver/TestCaseReader
INFO  org.evosuite.setup.InheritanceTreeGenerator - Analyzing class com/examples/with/different/packagename/solver/TestCaseStringReplaceFirst
INFO  org.evosuite.setup.InheritanceTreeGenerator - Analyzing class com/examples/with/different/packagename/solver/TestCaseFloatFraction
INFO  org.evosuite.setup.InheritanceTreeGenerator - Analyzing class com/examples/with/different/packagename/solver/TestCaseStringLength
INFO  org.evosuite.setup.InheritanceTreeGenerator - Analyzing class com/examples/with/different/packagename/solver/TestCaseSin
INFO  org.evosuite.setup.InheritanceTreeGenerator - Analyzing class com/examples/with/different/packagename/solver/TestCaseStringIndexOfStringInt
INFO  org.evosuite.setup.InheritanceTreeGenerator - Analyzing class com/examples/with/different/packagename/utils/generic/ClassWithOverloadedMethods
INFO  org.evosuite.setup.InheritanceTreeGenerator - Analyzing class com/examples/with/different/packagename/utils/generic/BigFraction
INFO  org.evosuite.setup.InheritanceTreeGenerator - Analyzing class com/examples/with/different/packagename/utils/generic/ClassWithoutOverloadedMethods
INFO  org.evosuite.setup.InheritanceTreeGenerator - Analyzing class com/examples/with/different/packagename/mock/java/io/ExtendingFile
INFO  org.evosuite.setup.InheritanceTreeGenerator - Analyzing class com/examples/with/different/packagename/mock/java/lang/MemoryCheck
INFO  org.evosuite.setup.InheritanceTreeGenerator - Analyzing class com/examples/with/different/packagename/mock/javax/swing/AskUserShowConfirmDialogs2
INFO  org.evosuite.setup.InheritanceTreeGenerator - Analyzing class com/examples/with/different/packagename/mock/javax/swing/ShowInputDialogExample
INFO  org.evosuite.setup.InheritanceTreeGenerator - Analyzing class com/examples/with/different/packagename/mock/javax/swing/AskUserShowConfirmDialogs3
INFO  org.evosuite.setup.InheritanceTreeGenerator - Analyzing class com/examples/with/different/packagename/mock/javax/swing/ShowInternalInputDialogExample
INFO  org.evosuite.setup.InheritanceTreeGenerator - Analyzing class com/examples/with/different/packagename/mock/javax/swing/ShowInternalConfirmDialogExample
INFO  org.evosuite.setup.InheritanceTreeGenerator - Analyzing class com/examples/with/different/packagename/mock/javax/swing/ShowInternalOptionDialogExample
INFO  org.evosuite.setup.InheritanceTreeGenerator - Analyzing class com/examples/with/different/packagename/mock/javax/swing/AskUser
INFO  org.evosuite.setup.InheritanceTreeGenerator - Analyzing class com/examples/with/different/packagename/mock/javax/swing/ShowInternalMessageDialogExample
INFO  org.evosuite.setup.InheritanceTreeGenerator - Analyzing class com/examples/with/different/packagename/mock/javax/swing/AskUserShowInputDailogs
INFO  org.evosuite.setup.InheritanceTreeGenerator - Analyzing class com/examples/with/different/packagename/mock/javax/swing/AskUserShowOptionDialog
INFO  org.evosuite.setup.InheritanceTreeGenerator - Analyzing class com/examples/with/different/packagename/mock/javax/swing/AskUserShowInternalConfirmDialogs0
INFO  org.evosuite.setup.InheritanceTreeGenerator - Analyzing class com/examples/with/different/packagename/mock/javax/swing/ShowConfirmDialogExample
INFO  org.evosuite.setup.InheritanceTreeGenerator - Analyzing class com/examples/with/different/packagename/mock/javax/swing/AskUserShowConfirmDialogs1
INFO  org.evosuite.setup.InheritanceTreeGenerator - Analyzing class com/examples/with/different/packagename/mock/javax/swing/ShowOptionDialogExample
INFO  org.evosuite.setup.InheritanceTreeGenerator - Analyzing class com/examples/with/different/packagename/mock/javax/swing/ShowMessageDialogExample
INFO  org.evosuite.setup.InheritanceTreeGenerator - Analyzing class com/examples/with/different/packagename/mock/javax/swing/AskUserShowConfirmDialogs0
INFO  org.evosuite.setup.InheritanceTreeGenerator - Analyzing class com/examples/with/different/packagename/mock/javax/swing/AskUserShowInternalConfirmDialogs1
INFO  org.evosuite.setup.InheritanceTreeGenerator - Analyzing class com/examples/with/different/packagename/mock/javax/swing/AskUserShowInternalConfirmDialogs3
INFO  org.evosuite.setup.InheritanceTreeGenerator - Analyzing class com/examples/with/different/packagename/mock/javax/swing/AskUserShowInternalConfirmDialogs2
INFO  org.evosuite.setup.InheritanceTreeGenerator - Analyzing class com/examples/with/different/packagename/Dummy
INFO  org.evosuite.setup.InheritanceTreeGenerator - Analyzing class com/examples/with/different/packagename/AbstractEnumInInnerClass
INFO  org.evosuite.setup.InheritanceTreeGenerator - Analyzing class com/examples/with/different/packagename/setup/X
INFO  org.evosuite.setup.InheritanceTreeGenerator - Analyzing class com/examples/with/different/packagename/setup/AGeneratorForAX
INFO  org.evosuite.setup.InheritanceTreeGenerator - Analyzing class com/examples/with/different/packagename/setup/GetterOfInput
INFO  org.evosuite.setup.InheritanceTreeGenerator - Analyzing class com/examples/with/different/packagename/setup/AGeneratorForItself
INFO  org.evosuite.setup.InheritanceTreeGenerator - Analyzing class com/examples/with/different/packagename/setup/AnInterface
INFO  org.evosuite.setup.InheritanceTreeGenerator - Analyzing class com/examples/with/different/packagename/setup/IX
INFO  org.evosuite.setup.InheritanceTreeGenerator - Analyzing class com/examples/with/different/packagename/setup/GeneratorForX
INFO  org.evosuite.setup.InheritanceTreeGenerator - Analyzing class com/examples/with/different/packagename/setup/GeneratorForItself
INFO  org.evosuite.setup.InheritanceTreeGenerator - Analyzing class com/examples/with/different/packagename/setup/ClassToCheckGenerators
INFO  org.evosuite.setup.InheritanceTreeGenerator - Analyzing class com/examples/with/different/packagename/setup/IGeneratorForItself
INFO  org.evosuite.setup.InheritanceTreeGenerator - Analyzing class com/examples/with/different/packagename/setup/AX
INFO  org.evosuite.setup.InheritanceTreeGenerator - Analyzing class com/examples/with/different/packagename/setup/WithGenerator
INFO  org.evosuite.setup.InheritanceTreeGenerator - Analyzing class com/examples/with/different/packagename/setup/IGeneratorForIX
INFO  org.evosuite.setup.InheritanceTreeGenerator - Analyzing class com/examples/with/different/packagename/setup/ClassToCheckGetterOfInput
INFO  org.evosuite.setup.InheritanceTreeGenerator - Analyzing class com/examples/with/different/packagename/AccessExamples
INFO  org.evosuite.setup.InheritanceTreeGenerator - Analyzing class com/examples/with/different/packagename/StatInitIssue
INFO  org.evosuite.setup.InheritanceTreeGenerator - Analyzing class com/examples/with/different/packagename/subpackage/ExampleWithInnerClass
INFO  org.evosuite.setup.InheritanceTreeGenerator - Analyzing class com/examples/with/different/packagename/subpackage/ExampleWithInnerClass$Bar
INFO  org.evosuite.setup.InheritanceTreeGenerator - Analyzing class com/examples/with/different/packagename/subpackage/AccessExamplesSubclass
INFO  org.evosuite.setup.InheritanceTreeGenerator - Analyzing class com/examples/with/different/packagename/fm/ExamplePublicLevel
INFO  org.evosuite.setup.InheritanceTreeGenerator - Analyzing class com/examples/with/different/packagename/fm/IssueWithNumber
INFO  org.evosuite.setup.InheritanceTreeGenerator - Analyzing class com/examples/with/different/packagename/fm/ExamplePackageLevel
INFO  org.evosuite.setup.InheritanceTreeGenerator - Analyzing class com/examples/with/different/packagename/AbstractEnumUser
INFO  org.evosuite.setup.InheritanceTreeGenerator - Analyzing class com/examples/with/different/packagename/AbstractEnumInInnerClass$1
INFO  org.evosuite.setup.InheritanceTreeGenerator - Analyzing class com/examples/with/different/packagename/classpath/Foo$1
INFO  org.evosuite.setup.InheritanceTreeGenerator - Analyzing class com/examples/with/different/packagename/classpath/Foo
INFO  org.evosuite.setup.InheritanceTreeGenerator - Analyzing class com/examples/with/different/packagename/classpath/Foo$InternalFooClass
INFO  org.evosuite.setup.InheritanceTreeGenerator - Analyzing class com/examples/with/different/packagename/classpath/subp/SubPackageFoo
INFO  org.evosuite.setup.InheritanceTreeGenerator - Analyzing class com/examples/with/different/packagename/ArrayStack
INFO  org.evosuite.setup.InheritanceTreeGenerator - Analyzing class com/examples/with/different/packagename/ReturnALocale
INFO  org.evosuite.setup.InheritanceTreeGenerator - Analyzing class com/examples/with/different/packagename/junit/Foo
INFO  org.evosuite.setup.InheritanceTreeGenerator - Analyzing class com/examples/with/different/packagename/junit/PassingFooTest
INFO  org.evosuite.setup.InheritanceTreeGenerator - Analyzing class com/examples/with/different/packagename/BufferUnderflowException
INFO  org.evosuite.setup.InheritanceTreeGenerator - Analyzing class com/examples/with/different/packagename/Buffer
INFO  org.evosuite.setup.InheritanceTreeGenerator - Analyzing class com/examples/with/different/packagename/EnumInInnerClass$AnEnum
INFO  org.evosuite.setup.InheritanceTreeGenerator - Analyzing class com/examples/with/different/packagename/EnumUser
INFO  org.evosuite.setup.InheritanceTreeGenerator - Analyzing class com/examples/with/different/packagename/SimpleInteger
INFO  org.evosuite.setup.InheritanceTreeGenerator - Analyzing class com/examples/with/different/packagename/ClassWithOverloadedConstructor
INFO  org.evosuite.setup.InheritanceTreeGenerator - Analyzing class com/examples/with/different/packagename/EnumInInnerClass
INFO  org.evosuite.setup.InheritanceTreeGenerator - Analyzing class com/examples/with/different/packagename/staticusage/Cycle1
INFO  org.evosuite.setup.InheritanceTreeGenerator - Analyzing class com/examples/with/different/packagename/staticusage/Bar7
INFO  org.evosuite.setup.InheritanceTreeGenerator - Analyzing class com/examples/with/different/packagename/staticusage/FooBar2
INFO  org.evosuite.setup.InheritanceTreeGenerator - Analyzing class com/examples/with/different/packagename/staticusage/FooBar1
INFO  org.evosuite.setup.InheritanceTreeGenerator - Analyzing class com/examples/with/different/packagename/staticusage/Bar3
INFO  org.evosuite.setup.InheritanceTreeGenerator - Analyzing class com/examples/with/different/packagename/staticusage/Bar5
INFO  org.evosuite.setup.InheritanceTreeGenerator - Analyzing class com/examples/with/different/packagename/staticusage/Foo
INFO  org.evosuite.setup.InheritanceTreeGenerator - Analyzing class com/examples/with/different/packagename/staticusage/Cycle2
INFO  org.evosuite.setup.InheritanceTreeGenerator - Analyzing class com/examples/with/different/packagename/staticusage/Bar1
INFO  org.evosuite.setup.InheritanceTreeGenerator - Analyzing class com/examples/with/different/packagename/staticusage/Bar6
INFO  org.evosuite.setup.InheritanceTreeGenerator - Analyzing class com/examples/with/different/packagename/staticusage/Bar2
INFO  org.evosuite.setup.InheritanceTreeGenerator - Analyzing class com/examples/with/different/packagename/staticusage/Class1
INFO  org.evosuite.setup.InheritanceTreeGenerator - Analyzing class com/examples/with/different/packagename/staticusage/BarBar1
INFO  org.evosuite.setup.InheritanceTreeGenerator - Analyzing class com/examples/with/different/packagename/staticusage/DirectAccessStaticField
INFO  org.evosuite.setup.InheritanceTreeGenerator - Analyzing class com/examples/with/different/packagename/staticusage/Bar4
INFO  org.evosuite.setup.InheritanceTreeGenerator - Analyzing class com/examples/with/different/packagename/staticusage/Class2
INFO  org.evosuite.setup.InheritanceTreeGenerator - Analyzing class com/examples/with/different/packagename/staticusage/SUTwithPublicStaticField
INFO  org.evosuite.setup.InheritanceTreeGenerator - Analyzing class com/examples/with/different/packagename/ClassWithPublicField
INFO  org.evosuite.setup.InheritanceTreeGenerator - Analyzing class com/examples/with/different/packagename/instrumentation/testability/FlagExample6
INFO  org.evosuite.setup.InheritanceTreeGenerator - Analyzing class com/examples/with/different/packagename/instrumentation/testability/FlagExample2
INFO  org.evosuite.setup.InheritanceTreeGenerator - Analyzing class com/examples/with/different/packagename/instrumentation/testability/FlagExample5
INFO  org.evosuite.setup.InheritanceTreeGenerator - Analyzing class com/examples/with/different/packagename/instrumentation/testability/FlagExample3
INFO  org.evosuite.setup.InheritanceTreeGenerator - Analyzing class com/examples/with/different/packagename/instrumentation/testability/FlagExample4
INFO  org.evosuite.setup.InheritanceTreeGenerator - Analyzing class com/examples/with/different/packagename/instrumentation/testability/FlagExample7
INFO  org.evosuite.setup.InheritanceTreeGenerator - Analyzing class com/examples/with/different/packagename/FlagExample1
INFO  org.evosuite.setup.InheritanceTreeGenerator - Analyzing class com/examples/with/different/packagename/generic/GenericOnlyInMemberclass$Foo
INFO  org.evosuite.setup.InheritanceTreeGenerator - Analyzing class com/examples/with/different/packagename/generic/ReallyCaselessMap
INFO  org.evosuite.setup.InheritanceTreeGenerator - Analyzing class com/examples/with/different/packagename/generic/GenericClassWithGenericMethodAndSubclass
INFO  org.evosuite.setup.InheritanceTreeGenerator - Analyzing class com/examples/with/different/packagename/generic/PartiallyGenericReturnType
INFO  org.evosuite.setup.InheritanceTreeGenerator - Analyzing class com/examples/with/different/packagename/generic/GenericSUT
INFO  org.evosuite.setup.InheritanceTreeGenerator - Analyzing class com/examples/with/different/packagename/generic/GenericCollectionUtil
INFO  org.evosuite.setup.InheritanceTreeGenerator - Analyzing class com/examples/with/different/packagename/generic/concurrent/Delayed
INFO  org.evosuite.setup.InheritanceTreeGenerator - Analyzing class com/examples/with/different/packagename/generic/concurrent/DummyDelayed
INFO  org.evosuite.setup.InheritanceTreeGenerator - Analyzing class com/examples/with/different/packagename/generic/concurrent/BlockingQueue
INFO  org.evosuite.setup.InheritanceTreeGenerator - Analyzing class com/examples/with/different/packagename/generic/concurrent/DelayQueue
INFO  org.evosuite.setup.InheritanceTreeGenerator - Analyzing class com/examples/with/different/packagename/generic/GenericStaticMethod4
INFO  org.evosuite.setup.InheritanceTreeGenerator - Analyzing class com/examples/with/different/packagename/generic/GenericStaticMemberclass$MemberClass
INFO  org.evosuite.setup.InheritanceTreeGenerator - Analyzing class com/examples/with/different/packagename/generic/DelayedQueueExample
INFO  org.evosuite.setup.InheritanceTreeGenerator - Analyzing class com/examples/with/different/packagename/generic/GenericMemberclass
INFO  org.evosuite.setup.InheritanceTreeGenerator - Analyzing class com/examples/with/different/packagename/generic/GenericMethodWithBounds
INFO  org.evosuite.setup.InheritanceTreeGenerator - Analyzing class com/examples/with/different/packagename/generic/GenericMethod
INFO  org.evosuite.setup.InheritanceTreeGenerator - Analyzing class com/examples/with/different/packagename/generic/GenericStaticMethod3
INFO  org.evosuite.setup.InheritanceTreeGenerator - Analyzing class com/examples/with/different/packagename/generic/GenericSUTString
INFO  org.evosuite.setup.InheritanceTreeGenerator - Analyzing class com/examples/with/different/packagename/generic/GenericStaticMemberclass
INFO  org.evosuite.setup.InheritanceTreeGenerator - Analyzing class com/examples/with/different/packagename/generic/GenericTripleParameter
INFO  org.evosuite.setup.InheritanceTreeGenerator - Analyzing class com/examples/with/different/packagename/generic/GenericSuperclassOmittingTypeParameters
INFO  org.evosuite.setup.InheritanceTreeGenerator - Analyzing class com/examples/with/different/packagename/generic/GuavaExample2$Builder
INFO  org.evosuite.setup.InheritanceTreeGenerator - Analyzing class com/examples/with/different/packagename/generic/AbstractGuavaExample$1
INFO  org.evosuite.setup.InheritanceTreeGenerator - Analyzing class com/examples/with/different/packagename/generic/GenericParameterExtendingGenericBounds
INFO  org.evosuite.setup.InheritanceTreeGenerator - Analyzing class com/examples/with/different/packagename/generic/GenericVarArgMethod
INFO  org.evosuite.setup.InheritanceTreeGenerator - Analyzing class com/examples/with/different/packagename/generic/GenericClassWithGenericMethodAndSubclass$Foo
INFO  org.evosuite.setup.InheritanceTreeGenerator - Analyzing class com/examples/with/different/packagename/generic/GenericParameters5
INFO  org.evosuite.setup.InheritanceTreeGenerator - Analyzing class com/examples/with/different/packagename/generic/GenericTwoDimensionalArray
INFO  org.evosuite.setup.InheritanceTreeGenerator - Analyzing class com/examples/with/different/packagename/generic/ConcreteGenericClass
INFO  org.evosuite.setup.InheritanceTreeGenerator - Analyzing class com/examples/with/different/packagename/generic/Predicate
INFO  org.evosuite.setup.InheritanceTreeGenerator - Analyzing class com/examples/with/different/packagename/generic/GenericStaticMethod1
INFO  org.evosuite.setup.InheritanceTreeGenerator - Analyzing class com/examples/with/different/packagename/generic/GenericWildcardParameter
INFO  org.evosuite.setup.InheritanceTreeGenerator - Analyzing class com/examples/with/different/packagename/generic/AbstractGenericClass
INFO  org.evosuite.setup.InheritanceTreeGenerator - Analyzing class com/examples/with/different/packagename/generic/GenericClassWithGenericMethodAndSubclass$1
INFO  org.evosuite.setup.InheritanceTreeGenerator - Analyzing class com/examples/with/different/packagename/generic/GenericClassWithGenericMethod
INFO  org.evosuite.setup.InheritanceTreeGenerator - Analyzing class com/examples/with/different/packagename/generic/GenericParameterWithGenericBound
INFO  org.evosuite.setup.InheritanceTreeGenerator - Analyzing class com/examples/with/different/packagename/generic/GenericParameters3
INFO  org.evosuite.setup.InheritanceTreeGenerator - Analyzing class com/examples/with/different/packagename/generic/GenericWithPartialParameters
INFO  org.evosuite.setup.InheritanceTreeGenerator - Analyzing class com/examples/with/different/packagename/generic/GenericWithWildcardParameter
INFO  org.evosuite.setup.InheritanceTreeGenerator - Analyzing class com/examples/with/different/packagename/generic/GenericMethodReturningTypeVariable
INFO  org.evosuite.setup.InheritanceTreeGenerator - Analyzing class com/examples/with/different/packagename/generic/GenericParameters6
INFO  org.evosuite.setup.InheritanceTreeGenerator - Analyzing class com/examples/with/different/packagename/generic/GenericArray
INFO  org.evosuite.setup.InheritanceTreeGenerator - Analyzing class com/examples/with/different/packagename/generic/GenericParameters2
INFO  org.evosuite.setup.InheritanceTreeGenerator - Analyzing class com/examples/with/different/packagename/generic/GenericParameterWithBound
INFO  org.evosuite.setup.InheritanceTreeGenerator - Analyzing class com/examples/with/different/packagename/generic/GenericParameters4
INFO  org.evosuite.setup.InheritanceTreeGenerator - Analyzing class com/examples/with/different/packagename/generic/GenericClassTwoParameters
INFO  org.evosuite.setup.InheritanceTreeGenerator - Analyzing class com/examples/with/different/packagename/generic/GenericParameters1
INFO  org.evosuite.setup.InheritanceTreeGenerator - Analyzing class com/examples/with/different/packagename/generic/GuavaExample
INFO  org.evosuite.setup.InheritanceTreeGenerator - Analyzing class com/examples/with/different/packagename/generic/AbstractGuavaExample
INFO  org.evosuite.setup.InheritanceTreeGenerator - Analyzing class com/examples/with/different/packagename/generic/GuavaExample4
INFO  org.evosuite.setup.InheritanceTreeGenerator - Analyzing class com/examples/with/different/packagename/generic/GenericSUTTwoParameters
INFO  org.evosuite.setup.InheritanceTreeGenerator - Analyzing class com/examples/with/different/packagename/generic/GenericMethodAlternativeBounds$Foo
INFO  org.evosuite.setup.InheritanceTreeGenerator - Analyzing class com/examples/with/different/packagename/generic/GuavaExample2$1
INFO  org.evosuite.setup.InheritanceTreeGenerator - Analyzing class com/examples/with/different/packagename/generic/GenericParameters7
INFO  org.evosuite.setup.InheritanceTreeGenerator - Analyzing class com/examples/with/different/packagename/generic/GuavaExample3
INFO  org.evosuite.setup.InheritanceTreeGenerator - Analyzing class com/examples/with/different/packagename/generic/GenericArrayWithGenericTypeVariable
INFO  org.evosuite.setup.InheritanceTreeGenerator - Analyzing class com/examples/with/different/packagename/generic/GuavaExample5
INFO  org.evosuite.setup.InheritanceTreeGenerator - Analyzing class com/examples/with/different/packagename/generic/GenericGenericParameter
INFO  org.evosuite.setup.InheritanceTreeGenerator - Analyzing class com/examples/with/different/packagename/generic/EqualPredicate
INFO  org.evosuite.setup.InheritanceTreeGenerator - Analyzing class com/examples/with/different/packagename/generic/GenericMemberclass$MemberClass
INFO  org.evosuite.setup.InheritanceTreeGenerator - Analyzing class com/examples/with/different/packagename/generic/GenericStaticMethod2
INFO  org.evosuite.setup.InheritanceTreeGenerator - Analyzing class com/examples/with/different/packagename/generic/GenericArrayWithGenericType
INFO  org.evosuite.setup.InheritanceTreeGenerator - Analyzing class com/examples/with/different/packagename/generic/GuavaExample2
INFO  org.evosuite.setup.InheritanceTreeGenerator - Analyzing class com/examples/with/different/packagename/generic/AbstractGuavaExample$Wrapper
INFO  org.evosuite.setup.InheritanceTreeGenerator - Analyzing class com/examples/with/different/packagename/generic/GenericOnlyInMemberclass
INFO  org.evosuite.setup.InheritanceTreeGenerator - Analyzing class com/examples/with/different/packagename/generic/GenericConstructorParameterOnRawList
INFO  org.evosuite.setup.InheritanceTreeGenerator - Analyzing class com/examples/with/different/packagename/generic/GenericParameters8
INFO  org.evosuite.setup.InheritanceTreeGenerator - Analyzing class com/examples/with/different/packagename/generic/GenericMethodAlternativeBounds
INFO  org.evosuite.setup.InheritanceTreeGenerator - Analyzing class com/examples/with/different/packagename/AbstractEnumInInnerClass$AnEnum$2
INFO  evo_logger -   - /app/master/external
INFO  org.evosuite.setup.InheritanceTreeGenerator - Analyzing class org/apache/commons/cli/AlreadySelectedException
INFO  org.evosuite.rmi.service.ClientNodeImpl - Sending output variable to master process: Classpath_Classes = 6633
INFO  org.evosuite.setup.callgraph.CallGraphGenerator - Updating call tree
INFO  org.evosuite.testcase.execution.TestCaseExecutor - No stalled threads
INFO  org.evosuite.rmi.service.ClientNodeImpl - Sending output variable to master process: Classpath_Classes = 6633
INFO  org.evosuite.setup.callgraph.CallGraphGenerator - Updating call tree
INFO  org.evosuite.setup.TestClusterGenerator - Handling cast classes
INFO  org.evosuite.setup.TestClusterGenerator - Initialising target class
INFO  org.evosuite.setup.TestClusterGenerator - Analyzing target class
INFO  org.evosuite.setup.TestClusterGenerator - Current SUT class: class com.examples.with.different.packagename.testcarver.DifficultClassWithoutCarving
INFO  org.evosuite.setup.TestClusterGenerator - Checking target constructor public com.examples.with.different.packagename.testcarver.DifficultClassWithoutCarving()
INFO  org.evosuite.instrumentation.InstrumentingClassLoader - Seeing class for first time: com.examples.with.different.packagename.testcarver.DifficultDependencyClass
INFO  org.evosuite.instrumentation.BytecodeInstrumentation - Starting transformation of com/examples/with/different/packagename/testcarver/DifficultDependencyClass
INFO  org.evosuite.runtime.instrumentation.MethodCallReplacementClassAdapter - Adding mock interface to class com/examples/with/different/packagename/testcarver/DifficultDependencyClass
INFO  org.evosuite.instrumentation.EndOfClassInitializerVisitor - Creating <clinit> in class com/examples/with/different/packagename/testcarver/DifficultDependencyClass
INFO  org.evosuite.runtime.instrumentation.CreateClassResetClassAdapter - Found static initializer in class com/examples/with/different/packagename/testcarver/DifficultDependencyClass
INFO  org.evosuite.instrumentation.InstrumentingClassLoader - Loaded class: com.examples.with.different.packagename.testcarver.DifficultDependencyClass
INFO  org.evosuite.setup.TestClusterGenerator - Checking target method static void com.examples.with.different.packagename.testcarver.DifficultClassWithoutCarving.__STATIC_RESET()
INFO  org.evosuite.setup.TestClusterGenerator - Checking target method protected native java.lang.Object java.lang.Object.clone() throws java.lang.CloneNotSupportedException
INFO  org.evosuite.setup.TestClusterGenerator - Checking target method public boolean java.lang.Object.equals(java.lang.Object)
INFO  org.evosuite.setup.TestClusterGenerator - Checking target method protected void java.lang.Object.finalize() throws java.lang.Throwable
INFO  org.evosuite.setup.TestClusterGenerator - Checking target method public final native java.lang.Class java.lang.Object.getClass()
INFO  org.evosuite.setup.TestClusterGenerator - Checking target method public int com.examples.with.different.packagename.testcarver.DifficultClassWithoutCarving.hashCode()
INFO  org.evosuite.setup.TestClusterGenerator - Checking target method public final native void java.lang.Object.notify()
INFO  org.evosuite.setup.TestClusterGenerator - Checking target method public final native void java.lang.Object.notifyAll()
INFO  org.evosuite.setup.TestClusterGenerator - Checking target method public boolean com.examples.with.different.packagename.testcarver.DifficultClassWithoutCarving.testMe(com.examples.with.different.packagename.testcarver.DifficultDependencyClass)
INFO  org.evosuite.setup.TestClusterGenerator - Checking target method public java.lang.String java.lang.Object.toString()
INFO  org.evosuite.setup.TestClusterGenerator - Checking target method public final void java.lang.Object.wait() throws java.lang.InterruptedException
INFO  org.evosuite.setup.TestClusterGenerator - Checking target method public final void java.lang.Object.wait(long) throws java.lang.InterruptedException
INFO  org.evosuite.setup.TestClusterGenerator - Checking target method public final void java.lang.Object.wait(long,int) throws java.lang.InterruptedException
INFO  org.evosuite.setup.TestClusterGenerator - Checking target method private final native void java.lang.Object.wait0(long) throws java.lang.InterruptedException
INFO  org.evosuite.setup.TestClusterGenerator - Checking target field private static final long com.examples.with.different.packagename.testcarver.DifficultClassWithoutCarving.serialVersionUID
INFO  org.evosuite.setup.TestClusterGenerator - Finished analyzing target class
INFO  org.evosuite.setup.TestClusterGenerator - Resolving dependencies
INFO  org.evosuite.setup.TestClusterGenerator - Finished analyzing com.examples.with.different.packagename.testcarver.DifficultDependencyClass at recursion level 1
INFO  org.evosuite.setup.TestClusterGenerator - Removing unusable generators
INFO  org.evosuite.rmi.service.ClientNodeImpl - Sending output variable to master process: Analyzed_Classes = 2
INFO  org.evosuite.rmi.service.ClientNodeImpl - Sending output variable to master process: Generators = 3
INFO  org.evosuite.rmi.service.ClientNodeImpl - Sending output variable to master process: Modifiers = 1
INFO  org.evosuite.rmi.service.ClientNodeImpl - Sending output variable to master process: Predicates = 1
INFO  org.evosuite.rmi.service.ClientNodeImpl - Sending output variable to master process: Instrumented_Predicates = 0
INFO  org.evosuite.rmi.service.ClientNodeImpl - Sending output variable to master process: Total_Branches = 2
INFO  org.evosuite.rmi.service.ClientNodeImpl - Sending output variable to master process: Total_Branches_Real = 2
INFO  org.evosuite.rmi.service.ClientNodeImpl - Sending output variable to master process: Total_Branches_Instrumented = 0
INFO  org.evosuite.rmi.service.ClientNodeImpl - Sending output variable to master process: Branchless_Methods = 1
INFO  org.evosuite.rmi.service.ClientNodeImpl - Sending output variable to master process: Total_Methods = 2
INFO  org.evosuite.rmi.service.ClientNodeImpl - Sending output variable to master process: Lines = 2
INFO  evo_logger - * Finished analyzing classpath
INFO  evo_logger - * Generating tests for class com.examples.with.different.packagename.testcarver.DifficultClassWithoutCarving
INFO  evo_logger - * Test criterion:
INFO  evo_logger -   - Branch Coverage
INFO  evo_logger - * Setting up search algorithm for whole suite generation
INFO  org.evosuite.strategy.PropertiesSearchAlgorithmFactory - Using seeding chromosome factory
INFO  org.evosuite.rmi.service.ClientNodeImpl - Client changing state from INITIALIZATION to CARVING
INFO  org.evosuite.statistics.SearchStatistics - Received status update: CARVING - 0, 0, 0
INFO  evo_logger - * Executing tests from 1 test class for carving
INFO  org.evosuite.testcarver.extraction.CarvingClassLoader - Seeing class for first time: com.examples.with.different.packagename.testcarver.DifficultClassWithoutCarving
WARN  org.evosuite.testcarver.extraction.CarvingClassLoader - Instrumenting class 'com.examples.with.different.packagename.testcarver.DifficultClassWithoutCarving'.
INFO  org.evosuite.testcarver.instrument.Instrumenter - Checking package com.examples.with.different.packagename.testcarver for class com/examples/with/different/packagename/testcarver/DifficultClassWithoutCarving
// class version 52.0 (52)
// access flags 0x21
public class com/examples/with/different/packagename/testcarver/DifficultClassWithoutCarving {

  // compiled from: DifficultClassWithoutCarving.java

  // access flags 0x2
  private _sw_prototype_original_init_sw_prototype_original_()V
    ALOAD 0
    INVOKESTATIC org/evosuite/testcarver/capture/FieldRegistry.register (Ljava/lang/Object;)V
    RETURN
   L0
    LOCALVARIABLE this Lcom/examples/with/different/packagename/testcarver/DifficultClassWithoutCarving; L1 L0 0
    MAXSTACK = 5
    MAXLOCALS = 1

  // access flags 0x2
  private _sw_prototype_original_testMe(Lcom/examples/with/different/packagename/testcarver/DifficultDependencyClass;)Z
   L0
    LINENUMBER 25 L0
    ALOAD 1
    INVOKEVIRTUAL com/examples/with/different/packagename/testcarver/DifficultDependencyClass.isTen ()Z
    IFEQ L1
   L2
    LINENUMBER 26 L2
    ICONST_1
    IRETURN
   L1
    LINENUMBER 28 L1
    ICONST_0
    IRETURN
   L3
    LOCALVARIABLE this Lcom/examples/with/different/packagename/testcarver/DifficultClassWithoutCarving; L0 L3 0
    LOCALVARIABLE dependency Lcom/examples/with/different/packagename/testcarver/DifficultDependencyClass; L0 L3 1
    MAXSTACK = 5
    MAXLOCALS = 2

  // access flags 0x1
  public <init>()V
    TRYCATCHBLOCK L0 L1 L1 java/lang/Throwable
   L2
    LINENUMBER 22 L2
    ALOAD 0
    INVOKESPECIAL java/lang/Object.<init> ()V
   L0
    LDC -2147483644
    ALOAD 0
    LDC "<init>"
    LDC "()V"
    BIPUSH 0
    ANEWARRAY java/lang/Object
    INVOKESTATIC org/evosuite/testcarver/capture/Capturer.capture (ILjava/lang/Object;Ljava/lang/String;Ljava/lang/String;[Ljava/lang/Object;)V
    ALOAD 0
    INVOKEVIRTUAL com/examples/with/different/packagename/testcarver/DifficultClassWithoutCarving._sw_prototype_original_init_sw_prototype_original_ ()V
    GOTO L3
   L1
   FRAME SAME1 java/lang/Throwable
    ASTORE 1
    LDC -2147483644
    ALOAD 0
    GETSTATIC org/evosuite/testcarver/capture/CaptureLog.RETURN_TYPE_VOID : Ljava/lang/Object;
    INVOKESTATIC org/evosuite/testcarver/capture/Capturer.enable (ILjava/lang/Object;Ljava/lang/Object;)V
    ALOAD 1
    ATHROW
   L3
   FRAME SAME
    LDC -2147483644
    ALOAD 0
    GETSTATIC org/evosuite/testcarver/capture/CaptureLog.RETURN_TYPE_VOID : Ljava/lang/Object;
    INVOKESTATIC org/evosuite/testcarver/capture/Capturer.enable (ILjava/lang/Object;Ljava/lang/Object;)V
    RETURN
    MAXSTACK = 5
    MAXLOCALS = 0

  // access flags 0x1
  public testMe(Lcom/examples/with/different/packagename/testcarver/DifficultDependencyClass;)Z
    TRYCATCHBLOCK L0 L1 L2 java/lang/Throwable
    ACONST_NULL
    ASTORE 2
   L0
    LDC -2147483643
    ALOAD 0
    LDC "testMe"
    LDC "(Lcom/examples/with/different/packagename/testcarver/DifficultDependencyClass;)Z"
    BIPUSH 1
    ANEWARRAY java/lang/Object
    DUP
    BIPUSH 0
    ALOAD 1
    AASTORE
    INVOKESTATIC org/evosuite/testcarver/capture/Capturer.capture (ILjava/lang/Object;Ljava/lang/String;Ljava/lang/String;[Ljava/lang/Object;)V
    ALOAD 0
    ALOAD 1
    INVOKEVIRTUAL com/examples/with/different/packagename/testcarver/DifficultClassWithoutCarving._sw_prototype_original_testMe (Lcom/examples/with/different/packagename/testcarver/DifficultDependencyClass;)Z
    INVOKESTATIC java/lang/Boolean.valueOf (Z)Ljava/lang/Boolean;
    ASTORE 2
    ALOAD 2
    INVOKEVIRTUAL java/lang/Boolean.booleanValue ()Z
    ISTORE 4
   L1
    LDC -2147483643
    ALOAD 0
    ALOAD 2
    INVOKESTATIC org/evosuite/testcarver/capture/Capturer.enable (ILjava/lang/Object;Ljava/lang/Object;)V
    ILOAD 4
    IRETURN
   L2
   FRAME FULL [com/examples/with/different/packagename/testcarver/DifficultClassWithoutCarving java/lang/Boolean] [java/lang/Throwable]
    ASTORE 3
    LDC -2147483643
    ALOAD 0
    ALOAD 2
    INVOKESTATIC org/evosuite/testcarver/capture/Capturer.enable (ILjava/lang/Object;Ljava/lang/Object;)V
    ALOAD 3
    ATHROW
    MAXSTACK = 5
    MAXLOCALS = 0
}
INFO  org.evosuite.testcarver.extraction.CarvingClassLoader - Keeping class: com.examples.with.different.packagename.testcarver.DifficultClassWithoutCarving
INFO  org.evosuite.testcarver.extraction.CarvingClassLoader - Seeing class for first time: com.examples.with.different.packagename.testcarver.DifficultClassWithoutCarvingTest
WARN  org.evosuite.testcarver.extraction.CarvingClassLoader - Instrumenting class 'com.examples.with.different.packagename.testcarver.DifficultClassWithoutCarvingTest'.
INFO  org.evosuite.testcarver.instrument.Instrumenter - Checking package com.examples.with.different.packagename.testcarver for class com/examples/with/different/packagename/testcarver/DifficultClassWithoutCarvingTest
// class version 52.0 (52)
// access flags 0x21
public class com/examples/with/different/packagename/testcarver/DifficultClassWithoutCarvingTest {

  // compiled from: DifficultClassWithoutCarvingTest.java

  // access flags 0x2
  private _sw_prototype_original_init_sw_prototype_original_()V
    ALOAD 0
    INVOKESTATIC org/evosuite/testcarver/capture/FieldRegistry.register (Ljava/lang/Object;)V
    RETURN
   L0
    LOCALVARIABLE this Lcom/examples/with/different/packagename/testcarver/DifficultClassWithoutCarvingTest; L1 L0 0
    MAXSTACK = 5
    MAXLOCALS = 1

  // access flags 0x2
  private _sw_prototype_original_test()V
   L0
    LINENUMBER 30 L0
    NEW com/examples/with/different/packagename/testcarver/DifficultDependencyClass
    DUP
    INVOKESPECIAL com/examples/with/different/packagename/testcarver/DifficultDependencyClass.<init> ()V
    ASTORE 1
   L1
    LINENUMBER 31 L1
    ALOAD 1
    INVOKEVIRTUAL com/examples/with/different/packagename/testcarver/DifficultDependencyClass.inc ()V
   L2
    LINENUMBER 32 L2
    ALOAD 1
    INVOKEVIRTUAL com/examples/with/different/packagename/testcarver/DifficultDependencyClass.inc ()V
   L3
    LINENUMBER 33 L3
    ALOAD 1
    INVOKEVIRTUAL com/examples/with/different/packagename/testcarver/DifficultDependencyClass.inc ()V
   L4
    LINENUMBER 34 L4
    ALOAD 1
    INVOKEVIRTUAL com/examples/with/different/packagename/testcarver/DifficultDependencyClass.inc ()V
   L5
    LINENUMBER 35 L5
    ALOAD 1
    INVOKEVIRTUAL com/examples/with/different/packagename/testcarver/DifficultDependencyClass.inc ()V
   L6
    LINENUMBER 36 L6
    ALOAD 1
    INVOKEVIRTUAL com/examples/with/different/packagename/testcarver/DifficultDependencyClass.inc ()V
   L7
    LINENUMBER 37 L7
    ALOAD 1
    INVOKEVIRTUAL com/examples/with/different/packagename/testcarver/DifficultDependencyClass.inc ()V
   L8
    LINENUMBER 38 L8
    ALOAD 1
    INVOKEVIRTUAL com/examples/with/different/packagename/testcarver/DifficultDependencyClass.inc ()V
   L9
    LINENUMBER 39 L9
    ALOAD 1
    INVOKEVIRTUAL com/examples/with/different/packagename/testcarver/DifficultDependencyClass.inc ()V
   L10
    LINENUMBER 40 L10
    ALOAD 1
    INVOKEVIRTUAL com/examples/with/different/packagename/testcarver/DifficultDependencyClass.inc ()V
   L11
    LINENUMBER 41 L11
    NEW com/examples/with/different/packagename/testcarver/DifficultClassWithoutCarving
    DUP
    INVOKESPECIAL com/examples/with/different/packagename/testcarver/DifficultClassWithoutCarving.<init> ()V
    ASTORE 2
   L12
    LINENUMBER 42 L12
    ALOAD 2
    ALOAD 1
    INVOKEVIRTUAL com/examples/with/different/packagename/testcarver/DifficultClassWithoutCarving.testMe (Lcom/examples/with/different/packagename/testcarver/DifficultDependencyClass;)Z
    ISTORE 3
   L13
    LINENUMBER 43 L13
    ILOAD 3
    INVOKESTATIC org/junit/Assert.assertTrue (Z)V
   L14
    LINENUMBER 44 L14
    RETURN
   L15
    LOCALVARIABLE this Lcom/examples/with/different/packagename/testcarver/DifficultClassWithoutCarvingTest; L0 L15 0
    LOCALVARIABLE dependency Lcom/examples/with/different/packagename/testcarver/DifficultDependencyClass; L1 L15 1
    LOCALVARIABLE foo Lcom/examples/with/different/packagename/testcarver/DifficultClassWithoutCarving; L12 L15 2
    LOCALVARIABLE result Z L13 L15 3
    MAXSTACK = 6
    MAXLOCALS = 4

  // access flags 0x1
  public <init>()V
    TRYCATCHBLOCK L0 L1 L1 java/lang/Throwable
   L2
    LINENUMBER 26 L2
    ALOAD 0
    INVOKESPECIAL java/lang/Object.<init> ()V
   L0
    LDC -2147483642
    ALOAD 0
    LDC "<init>"
    LDC "()V"
    BIPUSH 0
    ANEWARRAY java/lang/Object
    INVOKESTATIC org/evosuite/testcarver/capture/Capturer.capture (ILjava/lang/Object;Ljava/lang/String;Ljava/lang/String;[Ljava/lang/Object;)V
    ALOAD 0
    INVOKEVIRTUAL com/examples/with/different/packagename/testcarver/DifficultClassWithoutCarvingTest._sw_prototype_original_init_sw_prototype_original_ ()V
    GOTO L3
   L1
   FRAME SAME1 java/lang/Throwable
    ASTORE 1
    LDC -2147483642
    ALOAD 0
    GETSTATIC org/evosuite/testcarver/capture/CaptureLog.RETURN_TYPE_VOID : Ljava/lang/Object;
    INVOKESTATIC org/evosuite/testcarver/capture/Capturer.enable (ILjava/lang/Object;Ljava/lang/Object;)V
    ALOAD 1
    ATHROW
   L3
   FRAME SAME
    LDC -2147483642
    ALOAD 0
    GETSTATIC org/evosuite/testcarver/capture/CaptureLog.RETURN_TYPE_VOID : Ljava/lang/Object;
    INVOKESTATIC org/evosuite/testcarver/capture/Capturer.enable (ILjava/lang/Object;Ljava/lang/Object;)V
    RETURN
    MAXSTACK = 5
    MAXLOCALS = 0

  // access flags 0x1
  public test()V
  @Lorg/junit/Test;()
    TRYCATCHBLOCK L0 L1 L1 java/lang/Throwable
   L0
    LDC -2147483641
    ALOAD 0
    LDC "test"
    LDC "()V"
    BIPUSH 0
    ANEWARRAY java/lang/Object
    INVOKESTATIC org/evosuite/testcarver/capture/Capturer.capture (ILjava/lang/Object;Ljava/lang/String;Ljava/lang/String;[Ljava/lang/Object;)V
    ALOAD 0
    INVOKEVIRTUAL com/examples/with/different/packagename/testcarver/DifficultClassWithoutCarvingTest._sw_prototype_original_test ()V
    GOTO L2
   L1
   FRAME SAME1 java/lang/Throwable
    ASTORE 1
    LDC -2147483641
    ALOAD 0
    GETSTATIC org/evosuite/testcarver/capture/CaptureLog.RETURN_TYPE_VOID : Ljava/lang/Object;
    INVOKESTATIC org/evosuite/testcarver/capture/Capturer.enable (ILjava/lang/Object;Ljava/lang/Object;)V
    ALOAD 1
    ATHROW
   L2
   FRAME SAME
    LDC -2147483641
    ALOAD 0
    GETSTATIC org/evosuite/testcarver/capture/CaptureLog.RETURN_TYPE_VOID : Ljava/lang/Object;
    INVOKESTATIC org/evosuite/testcarver/capture/Capturer.enable (ILjava/lang/Object;Ljava/lang/Object;)V
    RETURN
    MAXSTACK = 6
    MAXLOCALS = 0
}
INFO  org.evosuite.testcarver.extraction.CarvingClassLoader - Keeping class: com.examples.with.different.packagename.testcarver.DifficultClassWithoutCarvingTest
INFO  org.evosuite.testcarver.extraction.CarvingRunListener - Not yet reached maximum time to carve unit tests - executing test with carver
INFO  org.evosuite.testcarver.capture.Capturer - Starting Capturer...
INFO  org.evosuite.testcarver.capture.Capturer - Capturer has been started successfully
INFO  org.evosuite.testcarver.extraction.CarvingClassLoader - Seeing class for first time: com.examples.with.different.packagename.testcarver.DifficultDependencyClass
WARN  org.evosuite.testcarver.extraction.CarvingClassLoader - Instrumenting class 'com.examples.with.different.packagename.testcarver.DifficultDependencyClass'.
INFO  org.evosuite.testcarver.instrument.Instrumenter - Checking package com.examples.with.different.packagename.testcarver for class com/examples/with/different/packagename/testcarver/DifficultDependencyClass
// class version 52.0 (52)
// access flags 0x21
public class com/examples/with/different/packagename/testcarver/DifficultDependencyClass {

  // compiled from: DifficultDependencyClass.java

  // access flags 0x2
  private I x

  // access flags 0x2
  private _sw_prototype_original_init_sw_prototype_original_()V
    ALOAD 0
    INVOKESTATIC org/evosuite/testcarver/capture/FieldRegistry.register (Ljava/lang/Object;)V
   L0
    LINENUMBER 24 L0
    ALOAD 0
    ICONST_0
    DUP2
    PUTFIELD com/examples/with/different/packagename/testcarver/DifficultDependencyClass.x : I
    POP
    LDC -2147483640
    LDC "com/examples/with/different/packagename/testcarver/DifficultDependencyClass"
    LDC "x"
    LDC "I"
    INVOKESTATIC org/evosuite/testcarver/capture/FieldRegistry.notifyModification (Ljava/lang/Object;ILjava/lang/String;Ljava/lang/String;Ljava/lang/String;)V
    RETURN
   L1
    LOCALVARIABLE this Lcom/examples/with/different/packagename/testcarver/DifficultDependencyClass; L2 L1 0
    MAXSTACK = 6
    MAXLOCALS = 1

  // access flags 0x2
  private _sw_prototype_original_inc()V
   L0
    LINENUMBER 27 L0
    ALOAD 0
    DUP
    DUP
    GETFIELD com/examples/with/different/packagename/testcarver/DifficultDependencyClass.x : I
    SWAP
    LDC -2147483635
    LDC "com/examples/with/different/packagename/testcarver/DifficultDependencyClass"
    LDC "x"
    LDC "I"
    INVOKESTATIC org/evosuite/testcarver/capture/FieldRegistry.notifyReadAccess (Ljava/lang/Object;ILjava/lang/String;Ljava/lang/String;Ljava/lang/String;)V
    ICONST_1
    IADD
    DUP2
    PUTFIELD com/examples/with/different/packagename/testcarver/DifficultDependencyClass.x : I
    POP
    LDC -2147483637
    LDC "com/examples/with/different/packagename/testcarver/DifficultDependencyClass"
    LDC "x"
    LDC "I"
    INVOKESTATIC org/evosuite/testcarver/capture/FieldRegistry.notifyModification (Ljava/lang/Object;ILjava/lang/String;Ljava/lang/String;Ljava/lang/String;)V
   L1
    LINENUMBER 28 L1
    RETURN
   L2
    LOCALVARIABLE this Lcom/examples/with/different/packagename/testcarver/DifficultDependencyClass; L0 L2 0
    MAXSTACK = 7
    MAXLOCALS = 1

  // access flags 0x2
  private _sw_prototype_original_isTen()Z
   L0
    LINENUMBER 31 L0
    ALOAD 0
    DUP
    GETFIELD com/examples/with/different/packagename/testcarver/DifficultDependencyClass.x : I
    SWAP
    LDC -2147483633
    LDC "com/examples/with/different/packagename/testcarver/DifficultDependencyClass"
    LDC "x"
    LDC "I"
    INVOKESTATIC org/evosuite/testcarver/capture/FieldRegistry.notifyReadAccess (Ljava/lang/Object;ILjava/lang/String;Ljava/lang/String;Ljava/lang/String;)V
    BIPUSH 10
    IF_ICMPNE L1
    ICONST_1
    GOTO L2
   L1
    ICONST_0
   L2
    IRETURN
   L3
    LOCALVARIABLE this Lcom/examples/with/different/packagename/testcarver/DifficultDependencyClass; L0 L3 0
    MAXSTACK = 6
    MAXLOCALS = 1

  // access flags 0x1
  public <init>()V
    TRYCATCHBLOCK L0 L1 L1 java/lang/Throwable
   L2
    LINENUMBER 22 L2
    ALOAD 0
    INVOKESPECIAL java/lang/Object.<init> ()V
   L0
    LDC -2147483638
    ALOAD 0
    LDC "<init>"
    LDC "()V"
    BIPUSH 0
    ANEWARRAY java/lang/Object
    INVOKESTATIC org/evosuite/testcarver/capture/Capturer.capture (ILjava/lang/Object;Ljava/lang/String;Ljava/lang/String;[Ljava/lang/Object;)V
    ALOAD 0
    INVOKEVIRTUAL com/examples/with/different/packagename/testcarver/DifficultDependencyClass._sw_prototype_original_init_sw_prototype_original_ ()V
    GOTO L3
   L1
   FRAME SAME1 java/lang/Throwable
    ASTORE 1
    LDC -2147483638
    ALOAD 0
    GETSTATIC org/evosuite/testcarver/capture/CaptureLog.RETURN_TYPE_VOID : Ljava/lang/Object;
    INVOKESTATIC org/evosuite/testcarver/capture/Capturer.enable (ILjava/lang/Object;Ljava/lang/Object;)V
    ALOAD 1
    ATHROW
   L3
   FRAME SAME
    LDC -2147483638
    ALOAD 0
    GETSTATIC org/evosuite/testcarver/capture/CaptureLog.RETURN_TYPE_VOID : Ljava/lang/Object;
    INVOKESTATIC org/evosuite/testcarver/capture/Capturer.enable (ILjava/lang/Object;Ljava/lang/Object;)V
    RETURN
    MAXSTACK = 6
    MAXLOCALS = 0

  // access flags 0x1
  public inc()V
    TRYCATCHBLOCK L0 L1 L1 java/lang/Throwable
   L0
    LDC -2147483634
    ALOAD 0
    LDC "inc"
    LDC "()V"
    BIPUSH 0
    ANEWARRAY java/lang/Object
    INVOKESTATIC org/evosuite/testcarver/capture/Capturer.capture (ILjava/lang/Object;Ljava/lang/String;Ljava/lang/String;[Ljava/lang/Object;)V
    ALOAD 0
    INVOKEVIRTUAL com/examples/with/different/packagename/testcarver/DifficultDependencyClass._sw_prototype_original_inc ()V
    GOTO L2
   L1
   FRAME SAME1 java/lang/Throwable
    ASTORE 1
    LDC -2147483634
    ALOAD 0
    GETSTATIC org/evosuite/testcarver/capture/CaptureLog.RETURN_TYPE_VOID : Ljava/lang/Object;
    INVOKESTATIC org/evosuite/testcarver/capture/Capturer.enable (ILjava/lang/Object;Ljava/lang/Object;)V
    ALOAD 1
    ATHROW
   L2
   FRAME SAME
    LDC -2147483634
    ALOAD 0
    GETSTATIC org/evosuite/testcarver/capture/CaptureLog.RETURN_TYPE_VOID : Ljava/lang/Object;
    INVOKESTATIC org/evosuite/testcarver/capture/Capturer.enable (ILjava/lang/Object;Ljava/lang/Object;)V
    RETURN
    MAXSTACK = 7
    MAXLOCALS = 0

  // access flags 0x1
  public isTen()Z
    TRYCATCHBLOCK L0 L1 L2 java/lang/Throwable
    ACONST_NULL
    ASTORE 1
   L0
    LDC -2147483632
    ALOAD 0
    LDC "isTen"
    LDC "()Z"
    BIPUSH 0
    ANEWARRAY java/lang/Object
    INVOKESTATIC org/evosuite/testcarver/capture/Capturer.capture (ILjava/lang/Object;Ljava/lang/String;Ljava/lang/String;[Ljava/lang/Object;)V
    ALOAD 0
    INVOKEVIRTUAL com/examples/with/different/packagename/testcarver/DifficultDependencyClass._sw_prototype_original_isTen ()Z
    INVOKESTATIC java/lang/Boolean.valueOf (Z)Ljava/lang/Boolean;
    ASTORE 1
    ALOAD 1
    INVOKEVIRTUAL java/lang/Boolean.booleanValue ()Z
    ISTORE 3
   L1
    LDC -2147483632
    ALOAD 0
    ALOAD 1
    INVOKESTATIC org/evosuite/testcarver/capture/Capturer.enable (ILjava/lang/Object;Ljava/lang/Object;)V
    ILOAD 3
    IRETURN
   L2
   FRAME FULL [com/examples/with/different/packagename/testcarver/DifficultDependencyClass java/lang/Boolean] [java/lang/Throwable]
    ASTORE 2
    LDC -2147483632
    ALOAD 0
    ALOAD 1
    INVOKESTATIC org/evosuite/testcarver/capture/Capturer.enable (ILjava/lang/Object;Ljava/lang/Object;)V
    ALOAD 2
    ATHROW
    MAXSTACK = 6
    MAXLOCALS = 0
}
INFO  org.evosuite.testcarver.extraction.CarvingClassLoader - Keeping class: com.examples.with.different.packagename.testcarver.DifficultDependencyClass
INFO  org.evosuite.testcarver.capture.Capturer - Stopping Capturer...
INFO  org.evosuite.testcarver.capture.Capturer - Capturer has been stopped successfully
INFO  evo_logger -  - Carving test com.examples.with.different.packagename.testcarver.DifficultClassWithoutCarvingTest.test
INFO  org.evosuite.testcarver.extraction.CarvingRunListener - Carved test of length 13
INFO  org.evosuite.utils.generic.GenericTypeInference - Type map empty
INFO  org.evosuite.utils.generic.GenericTypeInference - Type map empty
INFO  org.evosuite.testcarver.extraction.CarvingManager - Result: 0/1
INFO  org.evosuite.testcarver.extraction.CarvingManager - Adding carved test without exception
INFO  org.evosuite.testcarver.extraction.CarvingManager - DifficultClassWithoutCarving difficultClassWithoutCarving0 = new DifficultClassWithoutCarving();
DifficultDependencyClass difficultDependencyClass0 = new DifficultDependencyClass();
difficultDependencyClass0.inc();
difficultDependencyClass0.inc();
difficultDependencyClass0.inc();
difficultDependencyClass0.inc();
difficultDependencyClass0.inc();
difficultDependencyClass0.inc();
difficultDependencyClass0.inc();
difficultDependencyClass0.inc();
difficultDependencyClass0.inc();
difficultDependencyClass0.inc();
difficultClassWithoutCarving0.testMe(difficultDependencyClass0);

INFO  evo_logger -  -> Carved 1 tests for class class com.examples.with.different.packagename.testcarver.DifficultClassWithoutCarving from existing JUnit tests
INFO  evo_logger - * Using 1 carved tests from existing JUnit tests for seeding
INFO  org.evosuite.coverage.branch.BranchPool - Found matching class for branch count: com.examples.with.different.packagename.testcarver.DifficultClassWithoutCarving/com.examples.with.different.packagename.testcarver.DifficultClassWithoutCarving
INFO  org.evosuite.coverage.branch.BranchCoverageSuiteFitness - Total branch coverage goals: 3
INFO  org.evosuite.coverage.branch.BranchCoverageSuiteFitness - Total branches: 1
INFO  org.evosuite.coverage.branch.BranchCoverageSuiteFitness - Total branchless methods: 1
INFO  org.evosuite.coverage.branch.BranchCoverageSuiteFitness - Total methods: 2: [com.examples.with.different.packagename.testcarver.DifficultClassWithoutCarving.<init>()V, com.examples.with.different.packagename.testcarver.DifficultClassWithoutCarving.testMe(Lcom/examples/with/different/packagename/testcarver/DifficultDependencyClass;)Z]
INFO  org.evosuite.ga.archive.Archive - Removing constructor <init>()V from cluster
INFO  org.evosuite.ga.archive.Archive - Testcalls left: 1
INFO  org.evosuite.coverage.branch.BranchCoverageSuiteFitness - (Branches) Best individual covers 1/2 branches and 2/2 methods
INFO  org.evosuite.coverage.branch.BranchCoverageSuiteFitness - Fitness: 1.0, size: 1, length: 13
INFO  org.evosuite.coverage.branch.BranchCoverageSuiteFitness - (Methods) Best individual covers 1/2 branches and 2/2 methods
INFO  org.evosuite.coverage.branch.BranchCoverageSuiteFitness - Fitness: 1.0, size: 1, length: 13
INFO  org.evosuite.coverage.branch.BranchCoverageSuiteFitness - (Fitness) Best individual covers 1/2 branches and 2/2 methods
INFO  org.evosuite.coverage.branch.BranchCoverageSuiteFitness - Fitness: 1.0, size: 1, length: 13
INFO  org.evosuite.rmi.service.ClientNodeImpl - Sending output variable to master process: CarvedTests = 1
INFO  org.evosuite.rmi.service.ClientNodeImpl - Sending output variable to master process: CarvedCoverage = 0.6666666666666666
INFO  org.evosuite.strategy.PropertiesSearchAlgorithmFactory - Chosen search algorithm: MonotonicGA
INFO  org.evosuite.strategy.PropertiesSearchAlgorithmFactory - Setting stopping condition: MAXSTATEMENTS
INFO  org.evosuite.coverage.branch.BranchPool - Found matching class for branch count: com.examples.with.different.packagename.testcarver.DifficultClassWithoutCarving/com.examples.with.different.packagename.testcarver.DifficultClassWithoutCarving
INFO  org.evosuite.coverage.branch.BranchCoverageSuiteFitness - Total branch coverage goals: 3
INFO  org.evosuite.coverage.branch.BranchCoverageSuiteFitness - Total branches: 1
INFO  org.evosuite.coverage.branch.BranchCoverageSuiteFitness - Total branchless methods: 1
INFO  org.evosuite.coverage.branch.BranchCoverageSuiteFitness - Total methods: 2: [com.examples.with.different.packagename.testcarver.DifficultClassWithoutCarving.<init>()V, com.examples.with.different.packagename.testcarver.DifficultClassWithoutCarving.testMe(Lcom/examples/with/different/packagename/testcarver/DifficultDependencyClass;)Z]
INFO  evo_logger - * Total number of test goals: 3
INFO  evo_logger - * Using seed 1
INFO  evo_logger - * Starting evolution
INFO  org.evosuite.rmi.service.ClientNodeImpl - Client changing state from CARVING to SEARCH
INFO  org.evosuite.statistics.SearchStatistics - Received status update: SEARCH - 0, 0, 0
INFO  org.evosuite.testcase.factories.JUnitTestCarvedChromosomeFactory - Cloning user test
INFO  org.evosuite.testcase.factories.JUnitTestCarvedChromosomeFactory - Cloning user test
INFO  org.evosuite.testcase.factories.JUnitTestCarvedChromosomeFactory - Cloning user test
INFO  org.evosuite.testcase.factories.JUnitTestCarvedChromosomeFactory - Cloning user test
INFO  org.evosuite.testcase.factories.JUnitTestCarvedChromosomeFactory - Cloning user test
INFO  org.evosuite.testcase.factories.JUnitTestCarvedChromosomeFactory - Cloning user test
INFO  org.evosuite.testcase.factories.JUnitTestCarvedChromosomeFactory - Cloning user test
INFO  org.evosuite.testcase.factories.JUnitTestCarvedChromosomeFactory - Cloning user test
INFO  org.evosuite.testcase.factories.JUnitTestCarvedChromosomeFactory - Cloning user test
INFO  org.evosuite.testcase.factories.JUnitTestCarvedChromosomeFactory - Cloning user test
INFO  org.evosuite.testcase.factories.JUnitTestCarvedChromosomeFactory - Cloning user test
INFO  org.evosuite.testcase.factories.JUnitTestCarvedChromosomeFactory - Cloning user test
INFO  org.evosuite.testcase.factories.JUnitTestCarvedChromosomeFactory - Cloning user test
INFO  org.evosuite.testcase.factories.JUnitTestCarvedChromosomeFactory - Cloning user test
INFO  org.evosuite.testcase.factories.JUnitTestCarvedChromosomeFactory - Cloning user test
INFO  org.evosuite.testcase.factories.JUnitTestCarvedChromosomeFactory - Cloning user test
INFO  org.evosuite.testcase.factories.JUnitTestCarvedChromosomeFactory - Cloning user test
INFO  org.evosuite.testcase.factories.JUnitTestCarvedChromosomeFactory - Cloning user test
INFO  org.evosuite.testcase.factories.JUnitTestCarvedChromosomeFactory - Cloning user test
INFO  org.evosuite.testcase.factories.JUnitTestCarvedChromosomeFactory - Cloning user test
INFO  org.evosuite.testcase.factories.JUnitTestCarvedChromosomeFactory - Cloning user test
INFO  org.evosuite.testcase.factories.JUnitTestCarvedChromosomeFactory - Cloning user test
INFO  org.evosuite.testcase.factories.JUnitTestCarvedChromosomeFactory - Cloning user test
INFO  org.evosuite.testcase.factories.JUnitTestCarvedChromosomeFactory - Cloning user test
INFO  org.evosuite.testcase.factories.JUnitTestCarvedChromosomeFactory - Cloning user test
INFO  org.evosuite.testcase.factories.JUnitTestCarvedChromosomeFactory - Cloning user test
INFO  org.evosuite.testcase.factories.JUnitTestCarvedChromosomeFactory - Cloning user test
INFO  org.evosuite.testcase.factories.JUnitTestCarvedChromosomeFactory - Cloning user test
INFO  org.evosuite.testcase.factories.JUnitTestCarvedChromosomeFactory - Cloning user test
INFO  org.evosuite.testcase.factories.JUnitTestCarvedChromosomeFactory - Cloning user test
INFO  org.evosuite.testcase.factories.JUnitTestCarvedChromosomeFactory - Cloning user test
INFO  org.evosuite.testcase.factories.JUnitTestCarvedChromosomeFactory - Cloning user test
INFO  org.evosuite.testcase.factories.JUnitTestCarvedChromosomeFactory - Cloning user test
INFO  org.evosuite.testcase.factories.JUnitTestCarvedChromosomeFactory - Cloning user test
INFO  org.evosuite.testcase.factories.JUnitTestCarvedChromosomeFactory - Cloning user test
INFO  org.evosuite.testcase.factories.JUnitTestCarvedChromosomeFactory - Cloning user test
INFO  org.evosuite.testcase.factories.JUnitTestCarvedChromosomeFactory - Cloning user test
INFO  org.evosuite.testcase.factories.JUnitTestCarvedChromosomeFactory - Cloning user test
INFO  org.evosuite.testcase.factories.JUnitTestCarvedChromosomeFactory - Cloning user test
INFO  org.evosuite.testcase.factories.JUnitTestCarvedChromosomeFactory - Cloning user test
INFO  org.evosuite.testcase.factories.JUnitTestCarvedChromosomeFactory - Cloning user test
INFO  org.evosuite.testcase.factories.JUnitTestCarvedChromosomeFactory - Cloning user test
INFO  org.evosuite.testcase.factories.JUnitTestCarvedChromosomeFactory - Cloning user test
INFO  org.evosuite.testcase.factories.JUnitTestCarvedChromosomeFactory - Cloning user test
INFO  org.evosuite.testcase.factories.JUnitTestCarvedChromosomeFactory - Cloning user test
INFO  org.evosuite.testcase.factories.JUnitTestCarvedChromosomeFactory - Cloning user test
INFO  org.evosuite.testcase.factories.JUnitTestCarvedChromosomeFactory - Cloning user test
INFO  org.evosuite.testcase.factories.JUnitTestCarvedChromosomeFactory - Cloning user test
INFO  org.evosuite.testcase.factories.JUnitTestCarvedChromosomeFactory - Cloning user test
INFO  org.evosuite.testcase.factories.JUnitTestCarvedChromosomeFactory - Cloning user test
INFO  org.evosuite.testcase.factories.JUnitTestCarvedChromosomeFactory - Cloning user test
INFO  org.evosuite.testcase.factories.JUnitTestCarvedChromosomeFactory - Cloning user test
INFO  org.evosuite.testcase.factories.JUnitTestCarvedChromosomeFactory - Cloning user test
INFO  org.evosuite.testcase.factories.JUnitTestCarvedChromosomeFactory - Cloning user test
INFO  org.evosuite.testcase.factories.JUnitTestCarvedChromosomeFactory - Cloning user test
INFO  org.evosuite.testcase.factories.JUnitTestCarvedChromosomeFactory - Cloning user test
INFO  org.evosuite.testcase.factories.JUnitTestCarvedChromosomeFactory - Cloning user test
INFO  org.evosuite.testcase.factories.JUnitTestCarvedChromosomeFactory - Cloning user test
INFO  org.evosuite.testcase.factories.JUnitTestCarvedChromosomeFactory - Cloning user test
INFO  org.evosuite.testcase.factories.JUnitTestCarvedChromosomeFactory - Cloning user test
INFO  org.evosuite.testcase.factories.JUnitTestCarvedChromosomeFactory - Cloning user test
INFO  org.evosuite.testcase.factories.JUnitTestCarvedChromosomeFactory - Cloning user test
INFO  org.evosuite.testcase.factories.JUnitTestCarvedChromosomeFactory - Cloning user test
INFO  org.evosuite.testcase.factories.JUnitTestCarvedChromosomeFactory - Cloning user test
INFO  org.evosuite.coverage.branch.BranchCoverageSuiteFitness - (Branches) Best individual covers 1/2 branches and 2/2 methods
INFO  org.evosuite.coverage.branch.BranchCoverageSuiteFitness - Fitness: 0.5, size: 5, length: 108
INFO  org.evosuite.coverage.branch.BranchCoverageSuiteFitness - (Methods) Best individual covers 1/2 branches and 2/2 methods
INFO  org.evosuite.coverage.branch.BranchCoverageSuiteFitness - Fitness: 0.5, size: 5, length: 108
INFO  org.evosuite.coverage.branch.BranchCoverageSuiteFitness - (Fitness) Best individual covers 1/2 branches and 2/2 methods
INFO  org.evosuite.coverage.branch.BranchCoverageSuiteFitness - Fitness: 0.5, size: 5, length: 108
INFO  org.evosuite.rmi.service.ClientNodeImpl - Sending current best individual to master process
INFO  org.evosuite.coverage.branch.BranchCoverageSuiteFitness - (Branches) Best individual covers 2/2 branches and 2/2 methods
INFO  org.evosuite.coverage.branch.BranchCoverageSuiteFitness - Fitness: 0.0, size: 3, length: 54
INFO  org.evosuite.coverage.branch.BranchCoverageSuiteFitness - (Fitness) Best individual covers 2/2 branches and 2/2 methods
INFO  org.evosuite.coverage.branch.BranchCoverageSuiteFitness - Fitness: 0.0, size: 3, length: 54
INFO  org.evosuite.rmi.service.ClientNodeImpl - Sending output variable to master process: TotalExceptionsTimeline = 0
INFO  org.evosuite.rmi.service.ClientNodeImpl - Sending current best individual to master process
INFO  org.evosuite.rmi.service.ClientNodeImpl - Sending output variable to master process: Statements_Executed = 4441
INFO  org.evosuite.rmi.service.ClientNodeImpl - Sending output variable to master process: Tests_Executed = 384
INFO  org.evosuite.rmi.service.ClientNodeImpl - Sending output variable to master process: Generations = 0
INFO  org.evosuite.rmi.service.ClientNodeImpl - Sending output variable to master process: Fitness_Evaluations = 50
INFO  org.evosuite.rmi.service.ClientNodeImpl - Sending output variable to master process: TotalExceptionsTimeline = 0
INFO  org.evosuite.rmi.service.ClientNodeImpl - Sending current best individual to master process
INFO  org.evosuite.rmi.service.ClientNodeImpl - Sending output variable to master process: Total_Goals = 3
INFO  org.evosuite.rmi.service.ClientNodeImpl - Sending output variable to master process: Statements_Executed = 4441
INFO  org.evosuite.rmi.service.ClientNodeImpl - Sending output variable to master process: Tests_Executed = 384
INFO  org.evosuite.rmi.service.ClientNodeImpl - Sending output variable to master process: Covered_Goals = 3
INFO  org.evosuite.rmi.service.ClientNodeImpl - Sending output variable to master process: Covered_Methods = 2
INFO  org.evosuite.rmi.service.ClientNodeImpl - Sending output variable to master process: Covered_Branches = 2
INFO  org.evosuite.rmi.service.ClientNodeImpl - Sending output variable to master process: Covered_Branchless_Methods = 1
INFO  org.evosuite.rmi.service.ClientNodeImpl - Sending output variable to master process: Covered_Branches_Real = 2
INFO  org.evosuite.rmi.service.ClientNodeImpl - Sending output variable to master process: Covered_Branches_Instrumented = 0
INFO  org.evosuite.rmi.service.ClientNodeImpl - Sending output variable to master process: Covered_Lines = 4
INFO  org.evosuite.rmi.service.ClientNodeImpl - Sending output variable to master process: Explicit_MethodExceptions = 0
INFO  org.evosuite.rmi.service.ClientNodeImpl - Sending output variable to master process: Explicit_TypeExceptions = 0
INFO  org.evosuite.rmi.service.ClientNodeImpl - Sending output variable to master process: Implicit_MethodExceptions = 1
INFO  org.evosuite.rmi.service.ClientNodeImpl - Sending output variable to master process: Implicit_TypeExceptions = 1
INFO  org.evosuite.rmi.service.ClientNodeImpl - Sending current best individual to master process
INFO  org.evosuite.rmi.service.ClientNodeImpl - Sending output variable to master process: AllPermission = 0
INFO  org.evosuite.rmi.service.ClientNodeImpl - Sending output variable to master process: SecurityPermission = 0
INFO  org.evosuite.rmi.service.ClientNodeImpl - Sending output variable to master process: UnresolvedPermission = 0
INFO  org.evosuite.rmi.service.ClientNodeImpl - Sending output variable to master process: AWTPermission = 0
INFO  org.evosuite.rmi.service.ClientNodeImpl - Sending output variable to master process: FilePermission = 0
INFO  org.evosuite.rmi.service.ClientNodeImpl - Sending output variable to master process: SerializablePermission = 0
INFO  org.evosuite.rmi.service.ClientNodeImpl - Sending output variable to master process: ReflectPermission = 0
INFO  org.evosuite.rmi.service.ClientNodeImpl - Sending output variable to master process: RuntimePermission = 0
INFO  org.evosuite.rmi.service.ClientNodeImpl - Sending output variable to master process: NetPermission = 0
INFO  org.evosuite.rmi.service.ClientNodeImpl - Sending output variable to master process: SocketPermission = 0
INFO  org.evosuite.rmi.service.ClientNodeImpl - Sending output variable to master process: SQLPermission = 0
INFO  org.evosuite.rmi.service.ClientNodeImpl - Sending output variable to master process: PropertyPermission = 0
INFO  org.evosuite.rmi.service.ClientNodeImpl - Sending output variable to master process: LoggingPermission = 0
INFO  org.evosuite.rmi.service.ClientNodeImpl - Sending output variable to master process: SSLPermission = 0
INFO  org.evosuite.rmi.service.ClientNodeImpl - Sending output variable to master process: AuthPermission = 0
INFO  org.evosuite.rmi.service.ClientNodeImpl - Sending output variable to master process: AudioPermission = 0
INFO  org.evosuite.rmi.service.ClientNodeImpl - Sending output variable to master process: OtherPermission = 0
INFO  org.evosuite.rmi.service.ClientNodeImpl - Sending output variable to master process: Threads = 1
INFO  org.evosuite.rmi.service.ClientNodeImpl - Client changing state from SEARCH to INLINING
INFO  org.evosuite.statistics.SearchStatistics - Received status update: INLINING - 0, 0, 0
INFO  org.evosuite.rmi.service.ClientNodeImpl - Client changing state from INLINING to MINIMIZATION
INFO  org.evosuite.statistics.SearchStatistics - Received status update: MINIMIZATION - 0, 0, 0
INFO  evo_logger - * Minimizing test suite
INFO  org.evosuite.rmi.service.ClientNodeImpl - Sending output variable to master process: Result_Size = 2
INFO  org.evosuite.rmi.service.ClientNodeImpl - Sending output variable to master process: Result_Length = 33
INFO  org.evosuite.testsuite.TestSuiteMinimizer - Minimization Strategy: TOTAL_LENGTH, 2 tests
INFO  org.evosuite.testsuite.TestSuiteMinimizer - Minimizing per test
INFO  org.evosuite.testsuite.TestSuiteMinimizer - Considering goal: com.examples.with.different.packagename.testcarver.DifficultClassWithoutCarving.<init>()V: root-Branch
INFO  org.evosuite.testcase.TestCaseMinimizer - Minimizing test case
INFO  org.evosuite.testsuite.TestSuiteMinimizer - Goal covered by minimized test: com.examples.with.different.packagename.testcarver.DifficultClassWithoutCarving.<init>()V: root-Branch
INFO  org.evosuite.junit.writer.TestSuiteWriter - Adding new test case:
INFO  org.evosuite.testsuite.TestSuiteMinimizer - After new test the suite covers 1/3 goals
INFO  org.evosuite.testsuite.TestSuiteMinimizer - Considering goal: com.examples.with.different.packagename.testcarver.DifficultClassWithoutCarving.testMe(Lcom/examples/with/different/packagename/testcarver/DifficultDependencyClass;)Z: I4 Branch 1 IFEQ L25 - false
INFO  org.evosuite.testcase.TestCaseMinimizer - Minimizing test case
INFO  org.evosuite.testsuite.TestSuiteMinimizer - Goal covered by minimized test: com.examples.with.different.packagename.testcarver.DifficultClassWithoutCarving.<init>()V: root-Branch
INFO  org.evosuite.testsuite.TestSuiteMinimizer - Goal covered by minimized test: com.examples.with.different.packagename.testcarver.DifficultClassWithoutCarving.testMe(Lcom/examples/with/different/packagename/testcarver/DifficultDependencyClass;)Z: I4 Branch 1 IFEQ L25 - false
INFO  org.evosuite.junit.writer.TestSuiteWriter - We have a prefix of this one
INFO  org.evosuite.testsuite.TestSuiteMinimizer - After new test the suite covers 2/3 goals
INFO  org.evosuite.testsuite.TestSuiteMinimizer - Considering goal: com.examples.with.different.packagename.testcarver.DifficultClassWithoutCarving.testMe(Lcom/examples/with/different/packagename/testcarver/DifficultDependencyClass;)Z: I4 Branch 1 IFEQ L25 - true
INFO  org.evosuite.testcase.TestCaseMinimizer - Minimizing test case
INFO  org.evosuite.testsuite.TestSuiteMinimizer - Goal covered by minimized test: com.examples.with.different.packagename.testcarver.DifficultClassWithoutCarving.<init>()V: root-Branch
INFO  org.evosuite.testsuite.TestSuiteMinimizer - Goal covered by minimized test: com.examples.with.different.packagename.testcarver.DifficultClassWithoutCarving.testMe(Lcom/examples/with/different/packagename/testcarver/DifficultDependencyClass;)Z: I4 Branch 1 IFEQ L25 - true
INFO  org.evosuite.junit.writer.TestSuiteWriter - Adding new test case:
INFO  org.evosuite.testsuite.TestSuiteMinimizer - After new test the suite covers 3/3 goals
INFO  org.evosuite.testsuite.TestSuiteMinimizer - Minimized suite covers 3/3 goals
INFO  org.evosuite.testsuite.TestSuiteMinimizer - Setting coverage to: 1.0
INFO  org.evosuite.rmi.service.ClientNodeImpl - Sending output variable to master process: Minimized_Size = 2
INFO  org.evosuite.rmi.service.ClientNodeImpl - Sending output variable to master process: Minimized_Length = 16
INFO  org.evosuite.rmi.service.ClientNodeImpl - Client changing state from MINIMIZATION to COVERAGE_ANALYSIS
INFO  org.evosuite.statistics.SearchStatistics - Received status update: COVERAGE_ANALYSIS - 0, 0, 0
INFO  evo_logger - * Going to analyze the coverage criteria
INFO  evo_logger - * Coverage analysis for criterion BRANCH
INFO  org.evosuite.rmi.service.ClientNodeImpl - Sending output variable to master process: CoverageBitString = 111
INFO  org.evosuite.rmi.service.ClientNodeImpl - Sending output variable to master process: BranchCoverageBitString = 111
INFO  org.evosuite.rmi.service.ClientNodeImpl - Sending output variable to master process: BranchCoverage = 1.0
INFO  evo_logger - * Coverage of criterion BRANCH: 100%
INFO  evo_logger - * Total number of goals: 3
INFO  evo_logger - * Number of covered goals: 3
INFO  org.evosuite.rmi.service.ClientNodeImpl - Sending output variable to master process: Covered_Goals = 3
INFO  org.evosuite.rmi.service.ClientNodeImpl - Sending output variable to master process: Covered_Methods = 2
INFO  org.evosuite.rmi.service.ClientNodeImpl - Sending output variable to master process: Covered_Branches = 2
INFO  org.evosuite.rmi.service.ClientNodeImpl - Sending output variable to master process: Covered_Branchless_Methods = 1
INFO  org.evosuite.rmi.service.ClientNodeImpl - Sending output variable to master process: Covered_Branches_Real = 2
INFO  org.evosuite.rmi.service.ClientNodeImpl - Sending output variable to master process: Covered_Branches_Instrumented = 0
INFO  org.evosuite.rmi.service.ClientNodeImpl - Sending output variable to master process: Covered_Lines = 4
INFO  org.evosuite.rmi.service.ClientNodeImpl - Sending output variable to master process: Explicit_MethodExceptions = 0
INFO  org.evosuite.rmi.service.ClientNodeImpl - Sending output variable to master process: Explicit_TypeExceptions = 0
INFO  org.evosuite.rmi.service.ClientNodeImpl - Sending output variable to master process: Implicit_MethodExceptions = 0
INFO  org.evosuite.rmi.service.ClientNodeImpl - Sending output variable to master process: Implicit_TypeExceptions = 0
INFO  org.evosuite.rmi.service.ClientNodeImpl - Sending current best individual to master process
INFO  evo_logger - * Generated 2 tests with total length 16
INFO  evo_logger - * Resulting test suite's coverage: 100%
INFO  org.evosuite.rmi.service.ClientNodeImpl - Sending output variable to master process: IntegerOnlyConstraints = 0
INFO  org.evosuite.rmi.service.ClientNodeImpl - Sending output variable to master process: RealOnlyConstraints = 0
INFO  org.evosuite.rmi.service.ClientNodeImpl - Sending output variable to master process: StringOnlyConstraints = 0
INFO  org.evosuite.rmi.service.ClientNodeImpl - Sending output variable to master process: ReferenceOnlyConstraints = 0
INFO  org.evosuite.rmi.service.ClientNodeImpl - Sending output variable to master process: IntegerAndRealConstraints = 0
INFO  org.evosuite.rmi.service.ClientNodeImpl - Sending output variable to master process: IntegerAndStringConstraints = 0
INFO  org.evosuite.rmi.service.ClientNodeImpl - Sending output variable to master process: RealAndStringConstraints = 0
INFO  org.evosuite.rmi.service.ClientNodeImpl - Sending output variable to master process: IntegerRealAndStringConstraints = 0
INFO  org.evosuite.rmi.service.ClientNodeImpl - Sending output variable to master process: IntegerAndReferenceConstraints = 0
INFO  org.evosuite.rmi.service.ClientNodeImpl - Sending output variable to master process: RealAndReferenceConstraints = 0
INFO  org.evosuite.rmi.service.ClientNodeImpl - Sending output variable to master process: StringAndReferenceConstraints = 0
INFO  org.evosuite.rmi.service.ClientNodeImpl - Sending output variable to master process: IntegerRealAndReferenceConstraints = 0
INFO  org.evosuite.rmi.service.ClientNodeImpl - Sending output variable to master process: IntegerStringAndReferenceConstraints = 0
INFO  org.evosuite.rmi.service.ClientNodeImpl - Sending output variable to master process: RealStringAndReferenceConstraints = 0
INFO  org.evosuite.rmi.service.ClientNodeImpl - Sending output variable to master process: IntegerRealStringAndReferenceConstraints = 0
INFO  org.evosuite.rmi.service.ClientNodeImpl - Sending output variable to master process: TotalNumberOfConstraints = 0
INFO  org.evosuite.rmi.service.ClientNodeImpl - Sending output variable to master process: NumberOfSATQueries = 0
INFO  org.evosuite.rmi.service.ClientNodeImpl - Sending output variable to master process: NumberOfUNSATQueries = 0
INFO  org.evosuite.rmi.service.ClientNodeImpl - Sending output variable to master process: NumberOfTimeoutQueries = 0
INFO  org.evosuite.rmi.service.ClientNodeImpl - Sending output variable to master process: NumberOfUsefulNewTests = 0
INFO  org.evosuite.rmi.service.ClientNodeImpl - Sending output variable to master process: NumberOfUnusefulNewTests = 0
INFO  org.evosuite.rmi.service.ClientNodeImpl - Sending output variable to master process: QueryCacheSize = 0
INFO  org.evosuite.rmi.service.ClientNodeImpl - Sending output variable to master process: QueryCacheCalls = 0
INFO  org.evosuite.symbolic.dse.DSEStatistics - No query cache calls were made
INFO  org.evosuite.rmi.service.ClientNodeImpl - Sending output variable to master process: QueryCacheHitRate = 0.0
INFO  org.evosuite.rmi.service.ClientNodeImpl - Sending output variable to master process: MaxPathConditionLength = 0
INFO  org.evosuite.rmi.service.ClientNodeImpl - Sending output variable to master process: MinPathConditionLength = 0
INFO  org.evosuite.rmi.service.ClientNodeImpl - Sending output variable to master process: AvgPathConditionLength = 0.0
INFO  org.evosuite.rmi.service.ClientNodeImpl - Sending output variable to master process: NumberOfPathsExplored = 0
INFO  org.evosuite.rmi.service.ClientNodeImpl - Sending output variable to master process: NumberOfPathsDiverged = 0
INFO  org.evosuite.rmi.service.ClientNodeImpl - Sending output variable to master process: TotalTimeSpentSolvingConstraints = 0
INFO  org.evosuite.rmi.service.ClientNodeImpl - Sending output variable to master process: TotalTimeSpentExecutingTestCases = 0
INFO  org.evosuite.rmi.service.ClientNodeImpl - Sending output variable to master process: TotalTimeSpentExecutingConcolicaly = 0
INFO  org.evosuite.rmi.service.ClientNodeImpl - Sending output variable to master process: TotalTimeSpentExecutingNonConcolicTestCases = 0
INFO  evo_logger - * Generating assertions
INFO  org.evosuite.rmi.service.ClientNodeImpl - Client changing state from COVERAGE_ANALYSIS to ASSERTION_GENERATION
INFO  org.evosuite.statistics.SearchStatistics - Received status update: ASSERTION_GENERATION - 0, 0, 0
INFO  org.evosuite.TestGenerationContext - *** Resetting context
INFO  org.evosuite.testcase.execution.TestCaseExecutor - TestCaseExecutor instance is non-null, but its actual executor is null
INFO  org.evosuite.instrumentation.InstrumentingClassLoader - Seeing class for first time: com.examples.with.different.packagename.testcarver.DifficultClassWithoutCarving
INFO  org.evosuite.instrumentation.BytecodeInstrumentation - Starting transformation of com/examples/with/different/packagename/testcarver/DifficultClassWithoutCarving
INFO  org.evosuite.instrumentation.testability.StringTransformation - Current method: <init>
INFO  org.evosuite.instrumentation.testability.StringTransformation - Current method: testMe
INFO  org.evosuite.runtime.instrumentation.MethodCallReplacementClassAdapter - Adding mock interface to class com/examples/with/different/packagename/testcarver/DifficultClassWithoutCarving
INFO  org.evosuite.graphs.cfg.CFGClassAdapter - Analyzing CFG of com/examples/with/different/packagename/testcarver/DifficultClassWithoutCarving
INFO  org.evosuite.graphs.cfg.CFGMethodAdapter - Analyzing method <init>()V in class com.examples.with.different.packagename.testcarver.DifficultClassWithoutCarving
INFO  org.evosuite.graphs.cfg.CFGMethodAdapter - Generating CFG for method <init>()V
INFO  org.evosuite.graphs.cfg.RawControlFlowGraph - Creating new RawCFG for com.examples.with.different.packagename.testcarver.DifficultClassWithoutCarving.<init>()V: 0
INFO  org.evosuite.graphs.cfg.CFGMethodAdapter - Created CFG for method <init>()V
INFO  org.evosuite.graphs.cfg.CFGMethodAdapter - Instrumenting method <init>()V in class com.examples.with.different.packagename.testcarver.DifficultClassWithoutCarving
INFO  org.evosuite.instrumentation.coverage.MethodInstrumentation - Applying mutation operators
INFO  org.evosuite.instrumentation.coverage.MethodInstrumentation - Done.
INFO  org.evosuite.graphs.cfg.CFGClassAdapter - Analyzing CFG of com/examples/with/different/packagename/testcarver/DifficultClassWithoutCarving
INFO  org.evosuite.graphs.cfg.CFGMethodAdapter - Analyzing method testMe(Lcom/examples/with/different/packagename/testcarver/DifficultDependencyClass;)Z in class com.examples.with.different.packagename.testcarver.DifficultClassWithoutCarving
INFO  org.evosuite.graphs.cfg.CFGMethodAdapter - Generating CFG for method testMe(Lcom/examples/with/different/packagename/testcarver/DifficultDependencyClass;)Z
INFO  org.evosuite.graphs.cfg.RawControlFlowGraph - Creating new RawCFG for com.examples.with.different.packagename.testcarver.DifficultClassWithoutCarving.testMe(Lcom/examples/with/different/packagename/testcarver/DifficultDependencyClass;)Z: 0
INFO  org.evosuite.coverage.branch.BranchPool - Adding to map the branch I4 Branch 1 IFEQ L25
INFO  org.evosuite.coverage.branch.BranchPool - Branch 1 at line 25
INFO  org.evosuite.graphs.cfg.CFGMethodAdapter - Created CFG for method testMe(Lcom/examples/with/different/packagename/testcarver/DifficultDependencyClass;)Z
INFO  org.evosuite.graphs.cfg.CFGMethodAdapter - Instrumenting method testMe(Lcom/examples/with/different/packagename/testcarver/DifficultDependencyClass;)Z in class com.examples.with.different.packagename.testcarver.DifficultClassWithoutCarving
INFO  org.evosuite.instrumentation.coverage.MethodInstrumentation - Applying mutation operators
INFO  org.evosuite.instrumentation.coverage.MethodInstrumentation - Done.
INFO  org.evosuite.graphs.cfg.CFGClassAdapter - Analyzing CFG of com/examples/with/different/packagename/testcarver/DifficultClassWithoutCarving
INFO  org.evosuite.graphs.cfg.CFGMethodAdapter - Method has EvoSuite annotation: Lorg/evosuite/runtime/annotation/EvoSuiteExclude;
INFO  org.evosuite.instrumentation.EndOfClassInitializerVisitor - Creating <clinit> in class com/examples/with/different/packagename/testcarver/DifficultClassWithoutCarving
INFO  org.evosuite.graphs.cfg.CFGClassAdapter - Analyzing CFG of com/examples/with/different/packagename/testcarver/DifficultClassWithoutCarving
INFO  org.evosuite.runtime.instrumentation.CreateClassResetClassAdapter - Found static initializer in class com/examples/with/different/packagename/testcarver/DifficultClassWithoutCarving
INFO  org.evosuite.instrumentation.InstrumentingClassLoader - Loaded class: com.examples.with.different.packagename.testcarver.DifficultClassWithoutCarving
INFO  org.evosuite.rmi.service.ClientNodeImpl - Sending output variable to master process: Mutants = 3
INFO  org.evosuite.instrumentation.InstrumentingClassLoader - Seeing class for first time: com.examples.with.different.packagename.testcarver.DifficultDependencyClass
INFO  org.evosuite.instrumentation.BytecodeInstrumentation - Starting transformation of com/examples/with/different/packagename/testcarver/DifficultDependencyClass
INFO  org.evosuite.runtime.instrumentation.MethodCallReplacementClassAdapter - Adding mock interface to class com/examples/with/different/packagename/testcarver/DifficultDependencyClass
INFO  org.evosuite.instrumentation.EndOfClassInitializerVisitor - Creating <clinit> in class com/examples/with/different/packagename/testcarver/DifficultDependencyClass
INFO  org.evosuite.runtime.instrumentation.CreateClassResetClassAdapter - Found static initializer in class com/examples/with/different/packagename/testcarver/DifficultDependencyClass
INFO  org.evosuite.instrumentation.InstrumentingClassLoader - Loaded class: com.examples.with.different.packagename.testcarver.DifficultDependencyClass
INFO  org.evosuite.testcase.execution.TestCaseExecutor - No stalled threads
INFO  org.evosuite.assertion.SimpleMutationAssertionGenerator - Got 1 assertions
INFO  org.evosuite.assertion.SimpleMutationAssertionGenerator - Mutants killed before / after / should be: 2/2/2
INFO  org.evosuite.assertion.SimpleMutationAssertionGenerator - Assertions in this test: 1
INFO  org.evosuite.assertion.SimpleMutationAssertionGenerator - Got 1 assertions
INFO  org.evosuite.assertion.SimpleMutationAssertionGenerator - Mutants killed before / after / should be: 2/2/1
INFO  org.evosuite.assertion.SimpleMutationAssertionGenerator - Assertions in this test: 1
INFO  org.evosuite.rmi.service.ClientNodeImpl - Sending output variable to master process: MutationScore = 1.0
INFO  evo_logger - * Resulting test suite's mutation score: 100%
INFO  org.evosuite.rmi.service.ClientNodeImpl - Sending current best individual to master process
INFO  org.evosuite.rmi.service.ClientNodeImpl - Sending output variable to master process: AllPermission = 0
INFO  org.evosuite.rmi.service.ClientNodeImpl - Sending output variable to master process: SecurityPermission = 0
INFO  org.evosuite.rmi.service.ClientNodeImpl - Sending output variable to master process: UnresolvedPermission = 0
INFO  org.evosuite.rmi.service.ClientNodeImpl - Sending output variable to master process: AWTPermission = 0
INFO  org.evosuite.rmi.service.ClientNodeImpl - Sending output variable to master process: FilePermission = 0
INFO  org.evosuite.rmi.service.ClientNodeImpl - Sending output variable to master process: SerializablePermission = 0
INFO  org.evosuite.rmi.service.ClientNodeImpl - Sending output variable to master process: ReflectPermission = 0
INFO  org.evosuite.rmi.service.ClientNodeImpl - Sending output variable to master process: RuntimePermission = 0
INFO  org.evosuite.rmi.service.ClientNodeImpl - Sending output variable to master process: NetPermission = 0
INFO  org.evosuite.rmi.service.ClientNodeImpl - Sending output variable to master process: SocketPermission = 0
INFO  org.evosuite.rmi.service.ClientNodeImpl - Sending output variable to master process: SQLPermission = 0
INFO  org.evosuite.rmi.service.ClientNodeImpl - Sending output variable to master process: PropertyPermission = 0
INFO  org.evosuite.rmi.service.ClientNodeImpl - Sending output variable to master process: LoggingPermission = 0
INFO  org.evosuite.rmi.service.ClientNodeImpl - Sending output variable to master process: SSLPermission = 0
INFO  org.evosuite.rmi.service.ClientNodeImpl - Sending output variable to master process: AuthPermission = 0
INFO  org.evosuite.rmi.service.ClientNodeImpl - Sending output variable to master process: AudioPermission = 0
INFO  org.evosuite.rmi.service.ClientNodeImpl - Sending output variable to master process: OtherPermission = 0
INFO  org.evosuite.rmi.service.ClientNodeImpl - Sending output variable to master process: Threads = 1
INFO  evo_logger - * Writing tests to file
INFO  org.evosuite.rmi.service.ClientNodeImpl - Client changing state from ASSERTION_GENERATION to WRITING_STATISTICS
INFO  org.evosuite.statistics.SearchStatistics - Received status update: WRITING_STATISTICS - 0, 0, 0
INFO  evo_logger - * Done!
INFO  evo_logger -
INFO  org.evosuite.rmi.service.ClientNodeImpl - Client changing state from WRITING_STATISTICS to DONE
INFO  org.evosuite.statistics.SearchStatistics - Received status update: DONE - 0, 0, 0
INFO  org.evosuite.rmi.service.ClientNodeImpl - Client changing state from DONE to FINISHED
INFO  org.evosuite.statistics.SearchStatistics - Received status update: FINISHED - 0, 0, 0
INFO  evo_logger - * Computation finished
INFO  org.evosuite.statistics.SearchStatistics - Writing statistics
TARGET_CLASS: com.examples.with.different.packagename.testcarver.DifficultClassWithoutCarving
criterion: BRANCH
Coverage: 1.0
Total_Goals: 3
Covered_Goals: 3
EvolvedTestSuite:
TestSuite: 2
Test 0:
DifficultClassWithoutCarving difficultClassWithoutCarving0 = new DifficultClassWithoutCarving();
DifficultDependencyClass difficultDependencyClass0 = new DifficultDependencyClass();
difficultDependencyClass0.inc();
difficultDependencyClass0.inc();
difficultDependencyClass0.inc();
difficultDependencyClass0.inc();
difficultDependencyClass0.inc();
difficultDependencyClass0.inc();
difficultDependencyClass0.inc();
difficultDependencyClass0.inc();
difficultDependencyClass0.inc();
difficultDependencyClass0.inc();
boolean boolean0 = difficultClassWithoutCarving0.testMe(difficultDependencyClass0);
assertTrue(boolean0);


Test 1:
DifficultClassWithoutCarving difficultClassWithoutCarving0 = new DifficultClassWithoutCarving();
DifficultDependencyClass difficultDependencyClass0 = new DifficultDependencyClass();
boolean boolean0 = difficultClassWithoutCarving0.testMe(difficultDependencyClass0);
assertFalse(boolean0);



INFO  org.evosuite.TestGenerationContext - *** Resetting context
INFO  org.evosuite.testcase.execution.TestCaseExecutor - TestCaseExecutor instance is non-null, but its actual executor is null
INFO  org.evosuite.TestGenerationContext - *** Resetting context
INFO  org.evosuite.testcase.execution.TestCaseExecutor - TestCaseExecutor instance is non-null, but its actual executor is null
INFO  org.evosuite.instrumentation.InstrumentingClassLoader - Seeing class for first time: com.examples.with.different.packagename.testcarver.GenericObjectWrapper
INFO  org.evosuite.instrumentation.BytecodeInstrumentation - Starting transformation of com/examples/with/different/packagename/testcarver/GenericObjectWrapper
INFO  org.evosuite.instrumentation.testability.StringTransformation - Current method: <init>
INFO  org.evosuite.instrumentation.testability.StringTransformation - Current method: set
INFO  org.evosuite.instrumentation.testability.StringTransformation - Current method: get
INFO  org.evosuite.runtime.instrumentation.MethodCallReplacementClassAdapter - Adding mock interface to class com/examples/with/different/packagename/testcarver/GenericObjectWrapper
INFO  org.evosuite.graphs.cfg.CFGClassAdapter - Analyzing CFG of com/examples/with/different/packagename/testcarver/GenericObjectWrapper
INFO  org.evosuite.graphs.cfg.CFGMethodAdapter - Analyzing method <init>()V in class com.examples.with.different.packagename.testcarver.GenericObjectWrapper
INFO  org.evosuite.graphs.cfg.CFGMethodAdapter - Generating CFG for method <init>()V
INFO  org.evosuite.graphs.cfg.RawControlFlowGraph - Creating new RawCFG for com.examples.with.different.packagename.testcarver.GenericObjectWrapper.<init>()V: 0
INFO  org.evosuite.graphs.cfg.CFGMethodAdapter - Created CFG for method <init>()V
INFO  org.evosuite.graphs.cfg.CFGMethodAdapter - Instrumenting method <init>()V in class com.examples.with.different.packagename.testcarver.GenericObjectWrapper
INFO  org.evosuite.graphs.cfg.CFGClassAdapter - Analyzing CFG of com/examples/with/different/packagename/testcarver/GenericObjectWrapper
INFO  org.evosuite.graphs.cfg.CFGMethodAdapter - Analyzing method set(Ljava/lang/Object;)V in class com.examples.with.different.packagename.testcarver.GenericObjectWrapper
INFO  org.evosuite.graphs.cfg.CFGMethodAdapter - Generating CFG for method set(Ljava/lang/Object;)V
INFO  org.evosuite.graphs.cfg.RawControlFlowGraph - Creating new RawCFG for com.examples.with.different.packagename.testcarver.GenericObjectWrapper.set(Ljava/lang/Object;)V: 0
INFO  org.evosuite.graphs.cfg.CFGMethodAdapter - Created CFG for method set(Ljava/lang/Object;)V
INFO  org.evosuite.graphs.cfg.CFGMethodAdapter - Instrumenting method set(Ljava/lang/Object;)V in class com.examples.with.different.packagename.testcarver.GenericObjectWrapper
INFO  org.evosuite.graphs.cfg.CFGClassAdapter - Analyzing CFG of com/examples/with/different/packagename/testcarver/GenericObjectWrapper
INFO  org.evosuite.graphs.cfg.CFGMethodAdapter - Analyzing method get()Ljava/lang/Object; in class com.examples.with.different.packagename.testcarver.GenericObjectWrapper
INFO  org.evosuite.graphs.cfg.CFGMethodAdapter - Generating CFG for method get()Ljava/lang/Object;
INFO  org.evosuite.graphs.cfg.RawControlFlowGraph - Creating new RawCFG for com.examples.with.different.packagename.testcarver.GenericObjectWrapper.get()Ljava/lang/Object;: 0
INFO  org.evosuite.graphs.cfg.CFGMethodAdapter - Created CFG for method get()Ljava/lang/Object;
INFO  org.evosuite.graphs.cfg.CFGMethodAdapter - Instrumenting method get()Ljava/lang/Object; in class com.examples.with.different.packagename.testcarver.GenericObjectWrapper
INFO  org.evosuite.graphs.cfg.CFGClassAdapter - Analyzing CFG of com/examples/with/different/packagename/testcarver/GenericObjectWrapper
INFO  org.evosuite.graphs.cfg.CFGMethodAdapter - Method has EvoSuite annotation: Lorg/evosuite/runtime/annotation/EvoSuiteExclude;
INFO  org.evosuite.runtime.instrumentation.CreateClassResetClassAdapter - Creating brand-new static initializer in class com/examples/with/different/packagename/testcarver/GenericObjectWrapper
INFO  org.evosuite.instrumentation.InstrumentingClassLoader - Loaded class: com.examples.with.different.packagename.testcarver.GenericObjectWrapper
INFO  evo_logger - * Executing tests from 1 test class for carving
INFO  org.evosuite.testcarver.extraction.CarvingClassLoader - Seeing class for first time: com.examples.with.different.packagename.testcarver.GenericObjectWrapper
WARN  org.evosuite.testcarver.extraction.CarvingClassLoader - Instrumenting class 'com.examples.with.different.packagename.testcarver.GenericObjectWrapper'.
INFO  org.evosuite.testcarver.instrument.Instrumenter - Checking package com.examples.with.different.packagename.testcarver for class com/examples/with/different/packagename/testcarver/GenericObjectWrapper
// class version 52.0 (52)
// access flags 0x21
// signature <T:Ljava/lang/Object;>Ljava/lang/Object;
// declaration: com/examples/with/different/packagename/testcarver/GenericObjectWrapper<T>
public class com/examples/with/different/packagename/testcarver/GenericObjectWrapper {

  // compiled from: GenericObjectWrapper.java

  // access flags 0x2
  // signature TT;
  // declaration: obj extends T
  private Ljava/lang/Object; obj

  // access flags 0x2
  private _sw_prototype_original_init_sw_prototype_original_()V
    ALOAD 0
    INVOKESTATIC org/evosuite/testcarver/capture/FieldRegistry.register (Ljava/lang/Object;)V
    RETURN
   L0
    LOCALVARIABLE this Lcom/examples/with/different/packagename/testcarver/GenericObjectWrapper; L1 L0 0
    // signature Lcom/examples/with/different/packagename/testcarver/GenericObjectWrapper<TT;>;
    // declaration: this extends com.examples.with.different.packagename.testcarver.GenericObjectWrapper<T>
    MAXSTACK = 5
    MAXLOCALS = 1

  // access flags 0x2
  // signature (TT;)V
  // declaration: void _sw_prototype_original_set(T)
  private _sw_prototype_original_set(Ljava/lang/Object;)V
   L0
    LINENUMBER 31 L0
    ALOAD 0
    ALOAD 1
    DUP2
    PUTFIELD com/examples/with/different/packagename/testcarver/GenericObjectWrapper.obj : Ljava/lang/Object;
    POP
    LDC -2147483643
    LDC "com/examples/with/different/packagename/testcarver/GenericObjectWrapper"
    LDC "obj"
    LDC "Ljava/lang/Object;"
    INVOKESTATIC org/evosuite/testcarver/capture/FieldRegistry.notifyModification (Ljava/lang/Object;ILjava/lang/String;Ljava/lang/String;Ljava/lang/String;)V
   L1
    LINENUMBER 32 L1
    RETURN
   L2
    LOCALVARIABLE this Lcom/examples/with/different/packagename/testcarver/GenericObjectWrapper; L0 L2 0
    // signature Lcom/examples/with/different/packagename/testcarver/GenericObjectWrapper<TT;>;
    // declaration: this extends com.examples.with.different.packagename.testcarver.GenericObjectWrapper<T>
    LOCALVARIABLE obj Ljava/lang/Object; L0 L2 1
    // signature TT;
    // declaration: obj extends T
    MAXSTACK = 6
    MAXLOCALS = 2

  // access flags 0x2
  // signature ()TT;
  // declaration: T _sw_prototype_original_get()
  private _sw_prototype_original_get()Ljava/lang/Object;
   L0
    LINENUMBER 35 L0
    ALOAD 0
    DUP
    GETFIELD com/examples/with/different/packagename/testcarver/GenericObjectWrapper.obj : Ljava/lang/Object;
    SWAP
    LDC -2147483640
    LDC "com/examples/with/different/packagename/testcarver/GenericObjectWrapper"
    LDC "obj"
    LDC "Ljava/lang/Object;"
    INVOKESTATIC org/evosuite/testcarver/capture/FieldRegistry.notifyReadAccess (Ljava/lang/Object;ILjava/lang/String;Ljava/lang/String;Ljava/lang/String;)V
    ARETURN
   L1
    LOCALVARIABLE this Lcom/examples/with/different/packagename/testcarver/GenericObjectWrapper; L0 L1 0
    // signature Lcom/examples/with/different/packagename/testcarver/GenericObjectWrapper<TT;>;
    // declaration: this extends com.examples.with.different.packagename.testcarver.GenericObjectWrapper<T>
    MAXSTACK = 5
    MAXLOCALS = 1

  // access flags 0x1
  public <init>()V
    TRYCATCHBLOCK L0 L1 L1 java/lang/Throwable
   L2
    LINENUMBER 26 L2
    ALOAD 0
    INVOKESPECIAL java/lang/Object.<init> ()V
   L0
    LDC -2147483644
    ALOAD 0
    LDC "<init>"
    LDC "()V"
    BIPUSH 0
    ANEWARRAY java/lang/Object
    INVOKESTATIC org/evosuite/testcarver/capture/Capturer.capture (ILjava/lang/Object;Ljava/lang/String;Ljava/lang/String;[Ljava/lang/Object;)V
    ALOAD 0
    INVOKEVIRTUAL com/examples/with/different/packagename/testcarver/GenericObjectWrapper._sw_prototype_original_init_sw_prototype_original_ ()V
    GOTO L3
   L1
   FRAME SAME1 java/lang/Throwable
    ASTORE 1
    LDC -2147483644
    ALOAD 0
    GETSTATIC org/evosuite/testcarver/capture/CaptureLog.RETURN_TYPE_VOID : Ljava/lang/Object;
    INVOKESTATIC org/evosuite/testcarver/capture/Capturer.enable (ILjava/lang/Object;Ljava/lang/Object;)V
    ALOAD 1
    ATHROW
   L3
   FRAME SAME
    LDC -2147483644
    ALOAD 0
    GETSTATIC org/evosuite/testcarver/capture/CaptureLog.RETURN_TYPE_VOID : Ljava/lang/Object;
    INVOKESTATIC org/evosuite/testcarver/capture/Capturer.enable (ILjava/lang/Object;Ljava/lang/Object;)V
    RETURN
    MAXSTACK = 5
    MAXLOCALS = 0

  // access flags 0x1
  // signature (TT;)V
  // declaration: void set(T)
  public set(Ljava/lang/Object;)V
    TRYCATCHBLOCK L0 L1 L1 java/lang/Throwable
   L0
    LDC -2147483641
    ALOAD 0
    LDC "set"
    LDC "(Ljava/lang/Object;)V"
    BIPUSH 1
    ANEWARRAY java/lang/Object
    DUP
    BIPUSH 0
    ALOAD 1
    AASTORE
    INVOKESTATIC org/evosuite/testcarver/capture/Capturer.capture (ILjava/lang/Object;Ljava/lang/String;Ljava/lang/String;[Ljava/lang/Object;)V
    ALOAD 0
    ALOAD 1
    INVOKEVIRTUAL com/examples/with/different/packagename/testcarver/GenericObjectWrapper._sw_prototype_original_set (Ljava/lang/Object;)V
    GOTO L2
   L1
   FRAME SAME1 java/lang/Throwable
    ASTORE 2
    LDC -2147483641
    ALOAD 0
    GETSTATIC org/evosuite/testcarver/capture/CaptureLog.RETURN_TYPE_VOID : Ljava/lang/Object;
    INVOKESTATIC org/evosuite/testcarver/capture/Capturer.enable (ILjava/lang/Object;Ljava/lang/Object;)V
    ALOAD 2
    ATHROW
   L2
   FRAME SAME
    LDC -2147483641
    ALOAD 0
    GETSTATIC org/evosuite/testcarver/capture/CaptureLog.RETURN_TYPE_VOID : Ljava/lang/Object;
    INVOKESTATIC org/evosuite/testcarver/capture/Capturer.enable (ILjava/lang/Object;Ljava/lang/Object;)V
    RETURN
    MAXSTACK = 6
    MAXLOCALS = 0

  // access flags 0x1
  // signature ()TT;
  // declaration: T get()
  public get()Ljava/lang/Object;
    TRYCATCHBLOCK L0 L1 L2 java/lang/Throwable
    ACONST_NULL
    ASTORE 1
   L0
    LDC -2147483639
    ALOAD 0
    LDC "get"
    LDC "()Ljava/lang/Object;"
    BIPUSH 0
    ANEWARRAY java/lang/Object
    INVOKESTATIC org/evosuite/testcarver/capture/Capturer.capture (ILjava/lang/Object;Ljava/lang/String;Ljava/lang/String;[Ljava/lang/Object;)V
    ALOAD 0
    INVOKEVIRTUAL com/examples/with/different/packagename/testcarver/GenericObjectWrapper._sw_prototype_original_get ()Ljava/lang/Object;
    ASTORE 1
    ALOAD 1
    ASTORE 3
   L1
    LDC -2147483639
    ALOAD 0
    ALOAD 1
    INVOKESTATIC org/evosuite/testcarver/capture/Capturer.enable (ILjava/lang/Object;Ljava/lang/Object;)V
    ALOAD 3
    ARETURN
   L2
   FRAME FULL [com/examples/with/different/packagename/testcarver/GenericObjectWrapper java/lang/Object] [java/lang/Throwable]
    ASTORE 2
    LDC -2147483639
    ALOAD 0
    ALOAD 1
    INVOKESTATIC org/evosuite/testcarver/capture/Capturer.enable (ILjava/lang/Object;Ljava/lang/Object;)V
    ALOAD 2
    ATHROW
    MAXSTACK = 5
    MAXLOCALS = 0
}
INFO  org.evosuite.testcarver.extraction.CarvingClassLoader - Keeping class: com.examples.with.different.packagename.testcarver.GenericObjectWrapper
INFO  org.evosuite.testcarver.extraction.CarvingClassLoader - Seeing class for first time: com.examples.with.different.packagename.testcarver.GenericObjectWrapperArrayTest
WARN  org.evosuite.testcarver.extraction.CarvingClassLoader - Instrumenting class 'com.examples.with.different.packagename.testcarver.GenericObjectWrapperArrayTest'.
INFO  org.evosuite.testcarver.instrument.Instrumenter - Checking package com.examples.with.different.packagename.testcarver for class com/examples/with/different/packagename/testcarver/GenericObjectWrapperArrayTest
// class version 52.0 (52)
// access flags 0x21
public class com/examples/with/different/packagename/testcarver/GenericObjectWrapperArrayTest {

  // compiled from: GenericObjectWrapperArrayTest.java

  // access flags 0x2
  private _sw_prototype_original_init_sw_prototype_original_()V
    ALOAD 0
    INVOKESTATIC org/evosuite/testcarver/capture/FieldRegistry.register (Ljava/lang/Object;)V
    RETURN
   L0
    LOCALVARIABLE this Lcom/examples/with/different/packagename/testcarver/GenericObjectWrapperArrayTest; L1 L0 0
    MAXSTACK = 5
    MAXLOCALS = 1

  // access flags 0x2
  private _sw_prototype_original_test()V
   L0
    LINENUMBER 32 L0
    NEW com/examples/with/different/packagename/testcarver/GenericObjectWrapper
    DUP
    INVOKESPECIAL com/examples/with/different/packagename/testcarver/GenericObjectWrapper.<init> ()V
    ASTORE 1
   L1
    LINENUMBER 33 L1
    ALOAD 1
    INVOKEVIRTUAL com/examples/with/different/packagename/testcarver/GenericObjectWrapper.get ()Ljava/lang/Object;
    INVOKESTATIC org/junit/Assert.assertNull (Ljava/lang/Object;)V
   L2
    LINENUMBER 35 L2
    ICONST_2
    ANEWARRAY java/lang/Long
    DUP
    ICONST_0
    LCONST_1
    INVOKESTATIC java/lang/Long.valueOf (J)Ljava/lang/Long;
    AASTORE
    DUP
    ICONST_1
    LDC 47L
    INVOKESTATIC java/lang/Long.valueOf (J)Ljava/lang/Long;
    AASTORE
    ASTORE 2
   L3
    LINENUMBER 37 L3
    ALOAD 1
    ALOAD 2
    INVOKEVIRTUAL com/examples/with/different/packagename/testcarver/GenericObjectWrapper.set (Ljava/lang/Object;)V
   L4
    LINENUMBER 38 L4
    ALOAD 1
    INVOKEVIRTUAL com/examples/with/different/packagename/testcarver/GenericObjectWrapper.get ()Ljava/lang/Object;
    INVOKESTATIC org/junit/Assert.assertNotNull (Ljava/lang/Object;)V
   L5
    LINENUMBER 40 L5
    NEW com/examples/with/different/packagename/testcarver/GenericObjectWrapper
    DUP
    INVOKESPECIAL com/examples/with/different/packagename/testcarver/GenericObjectWrapper.<init> ()V
    ASTORE 3
   L6
    LINENUMBER 41 L6
    ALOAD 3
    LDC 47L
    INVOKESTATIC java/lang/Long.valueOf (J)Ljava/lang/Long;
    INVOKEVIRTUAL com/examples/with/different/packagename/testcarver/GenericObjectWrapper.set (Ljava/lang/Object;)V
   L7
    LINENUMBER 43 L7
    ALOAD 1
    INVOKEVIRTUAL com/examples/with/different/packagename/testcarver/GenericObjectWrapper.get ()Ljava/lang/Object;
    CHECKCAST [Ljava/lang/Long;
    ASTORE 4
   L8
    LINENUMBER 45 L8
    ALOAD 4
    ICONST_1
    AALOAD
    ALOAD 3
    INVOKEVIRTUAL com/examples/with/different/packagename/testcarver/GenericObjectWrapper.get ()Ljava/lang/Object;
    INVOKESTATIC org/junit/Assert.assertEquals (Ljava/lang/Object;Ljava/lang/Object;)V
   L9
    LINENUMBER 46 L9
    RETURN
   L10
    LOCALVARIABLE this Lcom/examples/with/different/packagename/testcarver/GenericObjectWrapperArrayTest; L0 L10 0
    LOCALVARIABLE wrapper Lcom/examples/with/different/packagename/testcarver/GenericObjectWrapper; L1 L10 1
    // signature Lcom/examples/with/different/packagename/testcarver/GenericObjectWrapper<[Ljava/lang/Long;>;
    // declaration: wrapper extends com.examples.with.different.packagename.testcarver.GenericObjectWrapper<java.lang.Long[]>
    LOCALVARIABLE someArray [Ljava/lang/Long; L3 L10 2
    LOCALVARIABLE fortySeven Lcom/examples/with/different/packagename/testcarver/GenericObjectWrapper; L6 L10 3
    // signature Lcom/examples/with/different/packagename/testcarver/GenericObjectWrapper<Ljava/lang/Long;>;
    // declaration: fortySeven extends com.examples.with.different.packagename.testcarver.GenericObjectWrapper<java.lang.Long>
    LOCALVARIABLE foo [Ljava/lang/Long; L8 L10 4
    MAXSTACK = 9
    MAXLOCALS = 5

  // access flags 0x1
  public <init>()V
    TRYCATCHBLOCK L0 L1 L1 java/lang/Throwable
   L2
    LINENUMBER 29 L2
    ALOAD 0
    INVOKESPECIAL java/lang/Object.<init> ()V
   L0
    LDC -2147483638
    ALOAD 0
    LDC "<init>"
    LDC "()V"
    BIPUSH 0
    ANEWARRAY java/lang/Object
    INVOKESTATIC org/evosuite/testcarver/capture/Capturer.capture (ILjava/lang/Object;Ljava/lang/String;Ljava/lang/String;[Ljava/lang/Object;)V
    ALOAD 0
    INVOKEVIRTUAL com/examples/with/different/packagename/testcarver/GenericObjectWrapperArrayTest._sw_prototype_original_init_sw_prototype_original_ ()V
    GOTO L3
   L1
   FRAME SAME1 java/lang/Throwable
    ASTORE 1
    LDC -2147483638
    ALOAD 0
    GETSTATIC org/evosuite/testcarver/capture/CaptureLog.RETURN_TYPE_VOID : Ljava/lang/Object;
    INVOKESTATIC org/evosuite/testcarver/capture/Capturer.enable (ILjava/lang/Object;Ljava/lang/Object;)V
    ALOAD 1
    ATHROW
   L3
   FRAME SAME
    LDC -2147483638
    ALOAD 0
    GETSTATIC org/evosuite/testcarver/capture/CaptureLog.RETURN_TYPE_VOID : Ljava/lang/Object;
    INVOKESTATIC org/evosuite/testcarver/capture/Capturer.enable (ILjava/lang/Object;Ljava/lang/Object;)V
    RETURN
    MAXSTACK = 5
    MAXLOCALS = 0

  // access flags 0x1
  public test()V
  @Lorg/junit/Test;()
    TRYCATCHBLOCK L0 L1 L1 java/lang/Throwable
   L0
    LDC -2147483637
    ALOAD 0
    LDC "test"
    LDC "()V"
    BIPUSH 0
    ANEWARRAY java/lang/Object
    INVOKESTATIC org/evosuite/testcarver/capture/Capturer.capture (ILjava/lang/Object;Ljava/lang/String;Ljava/lang/String;[Ljava/lang/Object;)V
    ALOAD 0
    INVOKEVIRTUAL com/examples/with/different/packagename/testcarver/GenericObjectWrapperArrayTest._sw_prototype_original_test ()V
    GOTO L2
   L1
   FRAME SAME1 java/lang/Throwable
    ASTORE 1
    LDC -2147483637
    ALOAD 0
    GETSTATIC org/evosuite/testcarver/capture/CaptureLog.RETURN_TYPE_VOID : Ljava/lang/Object;
    INVOKESTATIC org/evosuite/testcarver/capture/Capturer.enable (ILjava/lang/Object;Ljava/lang/Object;)V
    ALOAD 1
    ATHROW
   L2
   FRAME SAME
    LDC -2147483637
    ALOAD 0
    GETSTATIC org/evosuite/testcarver/capture/CaptureLog.RETURN_TYPE_VOID : Ljava/lang/Object;
    INVOKESTATIC org/evosuite/testcarver/capture/Capturer.enable (ILjava/lang/Object;Ljava/lang/Object;)V
    RETURN
    MAXSTACK = 9
    MAXLOCALS = 0
}
INFO  org.evosuite.testcarver.extraction.CarvingClassLoader - Keeping class: com.examples.with.different.packagename.testcarver.GenericObjectWrapperArrayTest
INFO  org.evosuite.testcarver.extraction.CarvingRunListener - Not yet reached maximum time to carve unit tests - executing test with carver
INFO  org.evosuite.testcarver.capture.Capturer - Starting Capturer...
INFO  org.evosuite.testcarver.capture.Capturer - Capturer has been started successfully
INFO  org.evosuite.testcarver.capture.Capturer - Stopping Capturer...
INFO  org.evosuite.testcarver.capture.Capturer - Capturer has been stopped successfully
INFO  evo_logger -  - Carving test com.examples.with.different.packagename.testcarver.GenericObjectWrapperArrayTest.test
INFO  org.evosuite.testcarver.extraction.CarvingRunListener - Carved test of length 13
INFO  org.evosuite.utils.generic.GenericTypeInference - Has types: com.examples.with.different.packagename.testcarver.GenericObjectWrapper<T>
INFO  org.evosuite.utils.generic.GenericTypeInference - Initial type map: {}
INFO  org.evosuite.utils.generic.GenericTypeInference - Found relevant statement: genericObjectWrapper0.set((Object) long0)
INFO  org.evosuite.utils.generic.GenericTypeInference - Resulting map: {T=long}
INFO  org.evosuite.utils.generic.GenericTypeInference - Found relevant statement: Object object0 = genericObjectWrapper0.get()
INFO  org.evosuite.utils.generic.GenericTypeInference - Setting types based on map: {T=long}
INFO  org.evosuite.utils.generic.GenericTypeInference - New type: com.examples.with.different.packagename.testcarver.GenericObjectWrapper()V
INFO  org.evosuite.utils.generic.GenericTypeInference - Updating callee of statement genericObjectWrapper0.set((Object) long0)
INFO  org.evosuite.utils.generic.GenericTypeInference - Result: genericObjectWrapper0.set((Long) long0)
INFO  org.evosuite.utils.generic.GenericTypeInference - Updating callee of statement Object object0 = genericObjectWrapper0.get()
INFO  org.evosuite.utils.generic.GenericTypeInference - Result: Long long0 = genericObjectWrapper0.get()
INFO  org.evosuite.utils.generic.GenericTypeInference - Has types: com.examples.with.different.packagename.testcarver.GenericObjectWrapper<T>
INFO  org.evosuite.utils.generic.GenericTypeInference - Initial type map: {}
INFO  org.evosuite.utils.generic.GenericTypeInference - Found relevant statement: Object object0 = genericObjectWrapper0.get()
INFO  org.evosuite.utils.generic.GenericTypeInference - Found relevant statement: genericObjectWrapper0.set((Object) longArray0)
INFO  org.evosuite.utils.generic.GenericTypeInference - Resulting map: {T=class [Ljava.lang.Long;}
INFO  org.evosuite.utils.generic.GenericTypeInference - Found relevant statement: Object object0 = genericObjectWrapper0.get()
INFO  org.evosuite.utils.generic.GenericTypeInference - Found relevant statement: Object object0 = genericObjectWrapper0.get()
INFO  org.evosuite.utils.generic.GenericTypeInference - Setting types based on map: {T=class [Ljava.lang.Long;}
INFO  org.evosuite.utils.generic.GenericTypeInference - New type: com.examples.with.different.packagename.testcarver.GenericObjectWrapper()V
INFO  org.evosuite.utils.generic.GenericTypeInference - Updating callee of statement Object object0 = genericObjectWrapper0.get()
INFO  org.evosuite.utils.generic.GenericTypeInference - Result: Long[] longArray0 = genericObjectWrapper0.get()
INFO  org.evosuite.utils.generic.GenericTypeInference - Updating callee of statement genericObjectWrapper0.set((Object) longArray0)
INFO  org.evosuite.utils.generic.GenericTypeInference - Result: genericObjectWrapper0.set(longArray0)
INFO  org.evosuite.utils.generic.GenericTypeInference - Updating callee of statement Object object0 = genericObjectWrapper0.get()
INFO  org.evosuite.utils.generic.GenericTypeInference - Result: Long[] longArray0 = genericObjectWrapper0.get()
INFO  org.evosuite.utils.generic.GenericTypeInference - Updating callee of statement Object object0 = genericObjectWrapper0.get()
INFO  org.evosuite.utils.generic.GenericTypeInference - Result: Long[] longArray0 = genericObjectWrapper0.get()
INFO  org.evosuite.testcarver.extraction.CarvingManager - Result: 0/1
INFO  org.evosuite.testcase.execution.TestCaseExecutor - No stalled threads
INFO  org.evosuite.testcarver.extraction.CarvingManager - Adding carved test without exception
INFO  org.evosuite.testcarver.extraction.CarvingManager - GenericObjectWrapper<Long[]> genericObjectWrapper0 = new GenericObjectWrapper<Long[]>();
genericObjectWrapper0.get();
long long0 = 1L;
long long1 = 47L;
Long[] longArray0 = new Long[2];
longArray0[0] = (Long) long0;
longArray0[1] = (Long) long1;
genericObjectWrapper0.set(longArray0);
genericObjectWrapper0.get();
GenericObjectWrapper<Long> genericObjectWrapper1 = new GenericObjectWrapper<Long>();
genericObjectWrapper1.set((Long) long1);
genericObjectWrapper0.get();
genericObjectWrapper1.get();

INFO  evo_logger -  -> Carved 1 tests for class class com.examples.with.different.packagename.testcarver.GenericObjectWrapper from existing JUnit tests
INFO  evo_logger - * Using 1 carved tests from existing JUnit tests for seeding
INFO  org.evosuite.coverage.branch.BranchCoverageSuiteFitness - Total branch coverage goals: 3
INFO  org.evosuite.coverage.branch.BranchCoverageSuiteFitness - Total branches: 0
INFO  org.evosuite.coverage.branch.BranchCoverageSuiteFitness - Total branchless methods: 3
INFO  org.evosuite.coverage.branch.BranchCoverageSuiteFitness - Total methods: 3: [com.examples.with.different.packagename.testcarver.GenericObjectWrapper.get()Ljava/lang/Object;, com.examples.with.different.packagename.testcarver.GenericObjectWrapper.<init>()V, com.examples.with.different.packagename.testcarver.GenericObjectWrapper.set(Ljava/lang/Object;)V]
INFO  org.evosuite.coverage.branch.BranchCoverageSuiteFitness - (Methods) Best individual covers 0/0 branches and 3/3 methods
INFO  org.evosuite.coverage.branch.BranchCoverageSuiteFitness - Fitness: 0.0, size: 1, length: 13
INFO  org.evosuite.coverage.branch.BranchCoverageSuiteFitness - (Fitness) Best individual covers 0/0 branches and 3/3 methods
INFO  org.evosuite.coverage.branch.BranchCoverageSuiteFitness - Fitness: 0.0, size: 1, length: 13
INFO  org.evosuite.testcase.factories.JUnitTestCarvedChromosomeFactory - Cloning user test
INFO  org.evosuite.TestGenerationContext - *** Resetting context
INFO  org.evosuite.testcase.execution.TestCaseExecutor - TestCaseExecutor instance is non-null, but its actual executor is null
INFO  org.evosuite.TestGenerationContext - *** Resetting context
INFO  org.evosuite.testcase.execution.TestCaseExecutor - TestCaseExecutor instance is non-null, but its actual executor is null
INFO  org.evosuite.instrumentation.InstrumentingClassLoader - Seeing class for first time: com.examples.with.different.packagename.testcarver.ArrayConverter
INFO  org.evosuite.instrumentation.BytecodeInstrumentation - Starting transformation of com/examples/with/different/packagename/testcarver/ArrayConverter
INFO  org.evosuite.instrumentation.testability.StringTransformation - Current method: <init>
INFO  org.evosuite.instrumentation.testability.StringTransformation - Current method: <init>
INFO  org.evosuite.instrumentation.testability.StringTransformation - Current method: setDelimiter
INFO  org.evosuite.instrumentation.testability.StringTransformation - Current method: setAllowedChars
INFO  org.evosuite.instrumentation.testability.StringTransformation - Current method: setOnlyFirstToString
INFO  org.evosuite.instrumentation.testability.StringTransformation - Current method: getDefaultType
INFO  org.evosuite.instrumentation.testability.StringTransformation - Current method: convertToString
INFO  org.evosuite.instrumentation.testability.StringTransformation - Current method: convertToType
INFO  org.evosuite.instrumentation.testability.StringTransformation - Current method: convertArray
INFO  org.evosuite.instrumentation.testability.StringTransformation - Current method: convertToCollection
INFO  org.evosuite.instrumentation.testability.StringTransformation - Current method: getDefault
INFO  org.evosuite.instrumentation.testability.StringTransformation - Current method: toString
INFO  org.evosuite.instrumentation.testability.StringTransformation - Current method: parseElements
INFO  org.evosuite.instrumentation.testability.StringTransformation - IFEQ -> IFLE
INFO  org.evosuite.instrumentation.testability.StringTransformation - IFEQ -> IFLE
INFO  org.evosuite.runtime.instrumentation.MethodCallReplacementClassAdapter - Adding mock interface to class com/examples/with/different/packagename/testcarver/ArrayConverter
INFO  org.evosuite.graphs.cfg.CFGClassAdapter - Analyzing CFG of com/examples/with/different/packagename/testcarver/ArrayConverter
INFO  org.evosuite.graphs.cfg.CFGMethodAdapter - Analyzing method <init>(Ljava/lang/Class;Lcom/examples/with/different/packagename/testcarver/Converter;)V in class com.examples.with.different.packagename.testcarver.ArrayConverter
INFO  org.evosuite.graphs.cfg.CFGMethodAdapter - Generating CFG for method <init>(Ljava/lang/Class;Lcom/examples/with/different/packagename/testcarver/Converter;)V
INFO  org.evosuite.graphs.cfg.RawControlFlowGraph - Creating new RawCFG for com.examples.with.different.packagename.testcarver.ArrayConverter.<init>(Ljava/lang/Class;Lcom/examples/with/different/packagename/testcarver/Converter;)V: 0
INFO  org.evosuite.coverage.branch.BranchPool - Adding to map the branch I31 Branch 1 IFNONNULL L154
INFO  org.evosuite.coverage.branch.BranchPool - Branch 1 at line 154
INFO  org.evosuite.coverage.branch.BranchPool - Adding to map the branch I56 Branch 2 IFNE L157
INFO  org.evosuite.coverage.branch.BranchPool - Branch 2 at line 157
INFO  org.evosuite.coverage.branch.BranchPool - Adding to map the branch I80 Branch 3 IFNONNULL L160
INFO  org.evosuite.coverage.branch.BranchPool - Branch 3 at line 160
INFO  org.evosuite.graphs.cfg.CFGMethodAdapter - Created CFG for method <init>(Ljava/lang/Class;Lcom/examples/with/different/packagename/testcarver/Converter;)V
INFO  org.evosuite.graphs.cfg.CFGMethodAdapter - Instrumenting method <init>(Ljava/lang/Class;Lcom/examples/with/different/packagename/testcarver/Converter;)V in class com.examples.with.different.packagename.testcarver.ArrayConverter
INFO  org.evosuite.graphs.cfg.CFGClassAdapter - Analyzing CFG of com/examples/with/different/packagename/testcarver/ArrayConverter
INFO  org.evosuite.graphs.cfg.CFGMethodAdapter - Analyzing method <init>(Ljava/lang/Class;Lcom/examples/with/different/packagename/testcarver/Converter;I)V in class com.examples.with.different.packagename.testcarver.ArrayConverter
INFO  org.evosuite.graphs.cfg.CFGMethodAdapter - Generating CFG for method <init>(Ljava/lang/Class;Lcom/examples/with/different/packagename/testcarver/Converter;I)V
INFO  org.evosuite.graphs.cfg.RawControlFlowGraph - Creating new RawCFG for com.examples.with.different.packagename.testcarver.ArrayConverter.<init>(Ljava/lang/Class;Lcom/examples/with/different/packagename/testcarver/Converter;I)V: 0
INFO  org.evosuite.coverage.branch.BranchPool - Adding to map the branch I18 Branch 4 IFLT L183
INFO  org.evosuite.coverage.branch.BranchPool - Branch 4 at line 183
INFO  org.evosuite.graphs.cfg.CFGMethodAdapter - Created CFG for method <init>(Ljava/lang/Class;Lcom/examples/with/different/packagename/testcarver/Converter;I)V
INFO  org.evosuite.graphs.cfg.CFGMethodAdapter - Instrumenting method <init>(Ljava/lang/Class;Lcom/examples/with/different/packagename/testcarver/Converter;I)V in class com.examples.with.different.packagename.testcarver.ArrayConverter
INFO  org.evosuite.graphs.cfg.CFGClassAdapter - Analyzing CFG of com/examples/with/different/packagename/testcarver/ArrayConverter
INFO  org.evosuite.graphs.cfg.CFGMethodAdapter - Analyzing method setDelimiter(C)V in class com.examples.with.different.packagename.testcarver.ArrayConverter
INFO  org.evosuite.graphs.cfg.CFGMethodAdapter - Generating CFG for method setDelimiter(C)V
INFO  org.evosuite.graphs.cfg.RawControlFlowGraph - Creating new RawCFG for com.examples.with.different.packagename.testcarver.ArrayConverter.setDelimiter(C)V: 0
INFO  org.evosuite.graphs.cfg.CFGMethodAdapter - Created CFG for method setDelimiter(C)V
INFO  org.evosuite.graphs.cfg.CFGMethodAdapter - Instrumenting method setDelimiter(C)V in class com.examples.with.different.packagename.testcarver.ArrayConverter
INFO  org.evosuite.graphs.cfg.CFGClassAdapter - Analyzing CFG of com/examples/with/different/packagename/testcarver/ArrayConverter
INFO  org.evosuite.graphs.cfg.CFGMethodAdapter - Analyzing method setAllowedChars([C)V in class com.examples.with.different.packagename.testcarver.ArrayConverter
INFO  org.evosuite.graphs.cfg.CFGMethodAdapter - Generating CFG for method setAllowedChars([C)V
INFO  org.evosuite.graphs.cfg.RawControlFlowGraph - Creating new RawCFG for com.examples.with.different.packagename.testcarver.ArrayConverter.setAllowedChars([C)V: 0
INFO  org.evosuite.graphs.cfg.CFGMethodAdapter - Created CFG for method setAllowedChars([C)V
INFO  org.evosuite.graphs.cfg.CFGMethodAdapter - Instrumenting method setAllowedChars([C)V in class com.examples.with.different.packagename.testcarver.ArrayConverter
INFO  org.evosuite.graphs.cfg.CFGClassAdapter - Analyzing CFG of com/examples/with/different/packagename/testcarver/ArrayConverter
INFO  org.evosuite.graphs.cfg.CFGMethodAdapter - Analyzing method setOnlyFirstToString(Z)V in class com.examples.with.different.packagename.testcarver.ArrayConverter
INFO  org.evosuite.graphs.cfg.CFGMethodAdapter - Generating CFG for method setOnlyFirstToString(Z)V
INFO  org.evosuite.graphs.cfg.RawControlFlowGraph - Creating new RawCFG for com.examples.with.different.packagename.testcarver.ArrayConverter.setOnlyFirstToString(Z)V: 0
INFO  org.evosuite.graphs.cfg.CFGMethodAdapter - Created CFG for method setOnlyFirstToString(Z)V
INFO  org.evosuite.graphs.cfg.CFGMethodAdapter - Instrumenting method setOnlyFirstToString(Z)V in class com.examples.with.different.packagename.testcarver.ArrayConverter
INFO  org.evosuite.graphs.cfg.CFGClassAdapter - Analyzing CFG of com/examples/with/different/packagename/testcarver/ArrayConverter
INFO  org.evosuite.graphs.cfg.CFGMethodAdapter - Analyzing method getDefaultType()Ljava/lang/Class; in class com.examples.with.different.packagename.testcarver.ArrayConverter
INFO  org.evosuite.graphs.cfg.CFGMethodAdapter - Generating CFG for method getDefaultType()Ljava/lang/Class;
INFO  org.evosuite.graphs.cfg.RawControlFlowGraph - Creating new RawCFG for com.examples.with.different.packagename.testcarver.ArrayConverter.getDefaultType()Ljava/lang/Class;: 0
INFO  org.evosuite.graphs.cfg.CFGMethodAdapter - Created CFG for method getDefaultType()Ljava/lang/Class;
INFO  org.evosuite.graphs.cfg.CFGMethodAdapter - Instrumenting method getDefaultType()Ljava/lang/Class; in class com.examples.with.different.packagename.testcarver.ArrayConverter
INFO  org.evosuite.graphs.cfg.CFGClassAdapter - Analyzing CFG of com/examples/with/different/packagename/testcarver/ArrayConverter
INFO  org.evosuite.graphs.cfg.CFGMethodAdapter - Analyzing method convertToString(Ljava/lang/Object;)Ljava/lang/String; in class com.examples.with.different.packagename.testcarver.ArrayConverter
INFO  org.evosuite.graphs.cfg.CFGMethodAdapter - Generating CFG for method convertToString(Ljava/lang/Object;)Ljava/lang/String;
INFO  org.evosuite.graphs.cfg.RawControlFlowGraph - Creating new RawCFG for com.examples.with.different.packagename.testcarver.ArrayConverter.convertToString(Ljava/lang/Object;)Ljava/lang/String;: 0
INFO  org.evosuite.coverage.branch.BranchPool - Adding to map the branch I17 Branch 5 IFEQ L242
INFO  org.evosuite.coverage.branch.BranchPool - Branch 5 at line 242
INFO  org.evosuite.coverage.branch.BranchPool - Adding to map the branch I44 Branch 6 IFNE L250
INFO  org.evosuite.coverage.branch.BranchPool - Branch 6 at line 250
INFO  org.evosuite.coverage.branch.BranchPool - Adding to map the branch I56 Branch 7 IFEQ L254
INFO  org.evosuite.coverage.branch.BranchPool - Branch 7 at line 254
INFO  org.evosuite.coverage.branch.BranchPool - Adding to map the branch I74 Branch 8 IF_ICMPGE L260
INFO  org.evosuite.coverage.branch.BranchPool - Branch 8 at line 260
INFO  org.evosuite.coverage.branch.BranchPool - Adding to map the branch I78 Branch 9 IFLE L261
INFO  org.evosuite.coverage.branch.BranchPool - Branch 9 at line 261
INFO  org.evosuite.coverage.branch.BranchPool - Adding to map the branch I89 Branch 10 IFNONNULL L264
INFO  org.evosuite.coverage.branch.BranchPool - Branch 10 at line 264
INFO  org.evosuite.coverage.branch.BranchPool - Adding to map the branch I110 Branch 11 IFNULL L266
INFO  org.evosuite.coverage.branch.BranchPool - Branch 11 at line 266
INFO  org.evosuite.graphs.cfg.CFGMethodAdapter - Created CFG for method convertToString(Ljava/lang/Object;)Ljava/lang/String;
INFO  org.evosuite.graphs.cfg.CFGMethodAdapter - Instrumenting method convertToString(Ljava/lang/Object;)Ljava/lang/String; in class com.examples.with.different.packagename.testcarver.ArrayConverter
INFO  org.evosuite.graphs.cfg.CFGClassAdapter - Analyzing CFG of com/examples/with/different/packagename/testcarver/ArrayConverter
INFO  org.evosuite.graphs.cfg.CFGMethodAdapter - Analyzing method convertToType(Ljava/lang/Class;Ljava/lang/Object;)Ljava/lang/Object; in class com.examples.with.different.packagename.testcarver.ArrayConverter
INFO  org.evosuite.graphs.cfg.CFGMethodAdapter - Generating CFG for method convertToType(Ljava/lang/Class;Ljava/lang/Object;)Ljava/lang/Object;
INFO  org.evosuite.graphs.cfg.RawControlFlowGraph - Creating new RawCFG for com.examples.with.different.packagename.testcarver.ArrayConverter.convertToType(Ljava/lang/Class;Ljava/lang/Object;)Ljava/lang/Object;: 0
INFO  org.evosuite.coverage.branch.BranchPool - Adding to map the branch I4 Branch 12 IFNE L285
INFO  org.evosuite.coverage.branch.BranchPool - Branch 12 at line 285
INFO  org.evosuite.coverage.branch.BranchPool - Adding to map the branch I43 Branch 13 IFEQ L294
INFO  org.evosuite.coverage.branch.BranchPool - Branch 13 at line 294
INFO  org.evosuite.coverage.branch.BranchPool - Adding to map the branch I85 Branch 14 IF_ICMPGE L307
INFO  org.evosuite.coverage.branch.BranchPool - Branch 14 at line 307
INFO  org.evosuite.coverage.branch.BranchPool - Adding to map the branch I89 Branch 15 IFNONNULL L308
INFO  org.evosuite.coverage.branch.BranchPool - Branch 15 at line 308
INFO  org.evosuite.graphs.cfg.CFGMethodAdapter - Created CFG for method convertToType(Ljava/lang/Class;Ljava/lang/Object;)Ljava/lang/Object;
INFO  org.evosuite.graphs.cfg.CFGMethodAdapter - Instrumenting method convertToType(Ljava/lang/Class;Ljava/lang/Object;)Ljava/lang/Object; in class com.examples.with.different.packagename.testcarver.ArrayConverter
INFO  org.evosuite.graphs.cfg.CFGClassAdapter - Analyzing CFG of com/examples/with/different/packagename/testcarver/ArrayConverter
INFO  org.evosuite.graphs.cfg.CFGMethodAdapter - Analyzing method convertArray(Ljava/lang/Object;)Ljava/lang/Object; in class com.examples.with.different.packagename.testcarver.ArrayConverter
INFO  org.evosuite.graphs.cfg.CFGMethodAdapter - Generating CFG for method convertArray(Ljava/lang/Object;)Ljava/lang/Object;
INFO  org.evosuite.graphs.cfg.RawControlFlowGraph - Creating new RawCFG for com.examples.with.different.packagename.testcarver.ArrayConverter.convertArray(Ljava/lang/Object;)Ljava/lang/Object;: 0
INFO  org.evosuite.graphs.cfg.CFGMethodAdapter - Created CFG for method convertArray(Ljava/lang/Object;)Ljava/lang/Object;
INFO  org.evosuite.graphs.cfg.CFGMethodAdapter - Instrumenting method convertArray(Ljava/lang/Object;)Ljava/lang/Object; in class com.examples.with.different.packagename.testcarver.ArrayConverter
INFO  org.evosuite.graphs.cfg.CFGClassAdapter - Analyzing CFG of com/examples/with/different/packagename/testcarver/ArrayConverter
INFO  org.evosuite.graphs.cfg.CFGMethodAdapter - Analyzing method convertToCollection(Ljava/lang/Class;Ljava/lang/Object;)Ljava/util/Collection; in class com.examples.with.different.packagename.testcarver.ArrayConverter
INFO  org.evosuite.graphs.cfg.CFGMethodAdapter - Generating CFG for method convertToCollection(Ljava/lang/Class;Ljava/lang/Object;)Ljava/util/Collection;
INFO  org.evosuite.graphs.cfg.RawControlFlowGraph - Creating new RawCFG for com.examples.with.different.packagename.testcarver.ArrayConverter.convertToCollection(Ljava/lang/Class;Ljava/lang/Object;)Ljava/util/Collection;: 0
INFO  org.evosuite.coverage.branch.BranchPool - Adding to map the branch I4 Branch 16 IFEQ L350
INFO  org.evosuite.coverage.branch.BranchPool - Branch 16 at line 350
INFO  org.evosuite.coverage.branch.BranchPool - Adding to map the branch I14 Branch 17 IFNE L353
INFO  org.evosuite.coverage.branch.BranchPool - Branch 17 at line 353
INFO  org.evosuite.coverage.branch.BranchPool - Adding to map the branch I17 Branch 18 IFNE L353
INFO  org.evosuite.coverage.branch.BranchPool - Branch 18 at line 353
INFO  org.evosuite.coverage.branch.BranchPool - Adding to map the branch I20 Branch 19 IFEQ L353
INFO  org.evosuite.coverage.branch.BranchPool - Branch 19 at line 353
INFO  org.evosuite.graphs.cfg.CFGMethodAdapter - Created CFG for method convertToCollection(Ljava/lang/Class;Ljava/lang/Object;)Ljava/util/Collection;
INFO  org.evosuite.graphs.cfg.CFGMethodAdapter - Instrumenting method convertToCollection(Ljava/lang/Class;Ljava/lang/Object;)Ljava/util/Collection; in class com.examples.with.different.packagename.testcarver.ArrayConverter
INFO  org.evosuite.graphs.cfg.CFGClassAdapter - Analyzing CFG of com/examples/with/different/packagename/testcarver/ArrayConverter
INFO  org.evosuite.graphs.cfg.CFGMethodAdapter - Analyzing method getDefault(Ljava/lang/Class;)Ljava/lang/Object; in class com.examples.with.different.packagename.testcarver.ArrayConverter
INFO  org.evosuite.graphs.cfg.CFGMethodAdapter - Generating CFG for method getDefault(Ljava/lang/Class;)Ljava/lang/Object;
INFO  org.evosuite.graphs.cfg.RawControlFlowGraph - Creating new RawCFG for com.examples.with.different.packagename.testcarver.ArrayConverter.getDefault(Ljava/lang/Class;)Ljava/lang/Object;: 0
INFO  org.evosuite.coverage.branch.BranchPool - Adding to map the branch I5 Branch 20 IFEQ L372
INFO  org.evosuite.coverage.branch.BranchPool - Branch 20 at line 372
INFO  org.evosuite.coverage.branch.BranchPool - Adding to map the branch I19 Branch 21 IFNONNULL L377
INFO  org.evosuite.coverage.branch.BranchPool - Branch 21 at line 377
INFO  org.evosuite.coverage.branch.BranchPool - Adding to map the branch I30 Branch 22 IFEQ L381
INFO  org.evosuite.coverage.branch.BranchPool - Branch 22 at line 381
INFO  org.evosuite.graphs.cfg.CFGMethodAdapter - Created CFG for method getDefault(Ljava/lang/Class;)Ljava/lang/Object;
INFO  org.evosuite.graphs.cfg.CFGMethodAdapter - Instrumenting method getDefault(Ljava/lang/Class;)Ljava/lang/Object; in class com.examples.with.different.packagename.testcarver.ArrayConverter
INFO  org.evosuite.graphs.cfg.CFGClassAdapter - Analyzing CFG of com/examples/with/different/packagename/testcarver/ArrayConverter
INFO  org.evosuite.graphs.cfg.CFGMethodAdapter - Analyzing method toString()Ljava/lang/String; in class com.examples.with.different.packagename.testcarver.ArrayConverter
INFO  org.evosuite.graphs.cfg.CFGMethodAdapter - Generating CFG for method toString()Ljava/lang/String;
INFO  org.evosuite.graphs.cfg.RawControlFlowGraph - Creating new RawCFG for com.examples.with.different.packagename.testcarver.ArrayConverter.toString()Ljava/lang/String;: 0
INFO  org.evosuite.graphs.cfg.CFGMethodAdapter - Created CFG for method toString()Ljava/lang/String;
INFO  org.evosuite.graphs.cfg.CFGMethodAdapter - Instrumenting method toString()Ljava/lang/String; in class com.examples.with.different.packagename.testcarver.ArrayConverter
INFO  org.evosuite.graphs.cfg.CFGClassAdapter - Analyzing CFG of com/examples/with/different/packagename/testcarver/ArrayConverter
INFO  org.evosuite.graphs.cfg.CFGMethodAdapter - Analyzing method parseElements(Ljava/lang/Class;Ljava/lang/String;)Ljava/util/List; in class com.examples.with.different.packagename.testcarver.ArrayConverter
INFO  org.evosuite.graphs.cfg.CFGMethodAdapter - Generating CFG for method parseElements(Ljava/lang/Class;Ljava/lang/String;)Ljava/util/List;
INFO  org.evosuite.graphs.cfg.RawControlFlowGraph - Creating new RawCFG for com.examples.with.different.packagename.testcarver.ArrayConverter.parseElements(Ljava/lang/Class;Ljava/lang/String;)Ljava/util/List;: 0
INFO  org.evosuite.coverage.branch.BranchPool - Adding to map the branch I11 Branch 23 IFLE L430
INFO  org.evosuite.coverage.branch.BranchPool - Branch 23 at line 430
INFO  org.evosuite.coverage.branch.BranchPool - Adding to map the branch I15 Branch 24 IFLE L430
INFO  org.evosuite.coverage.branch.BranchPool - Branch 24 at line 430
INFO  org.evosuite.coverage.branch.BranchPool - Adding to map the branch I65 Branch 25 IF_ICMPGE L441
INFO  org.evosuite.coverage.branch.BranchPool - Branch 25 at line 441
INFO  org.evosuite.coverage.branch.BranchPool - Adding to map the branch I107 Branch 26 IF_ICMPEQ L450
INFO  org.evosuite.coverage.branch.BranchPool - Branch 26 at line 450
INFO  org.evosuite.coverage.branch.BranchPool - Adding to map the branch I109 Branch 27 IFLE L450
INFO  org.evosuite.coverage.branch.BranchPool - Branch 27 at line 450
INFO  org.evosuite.coverage.branch.BranchPool - Adding to map the branch I114 Branch 28 IFNULL L451
INFO  org.evosuite.coverage.branch.BranchPool - Branch 28 at line 451
INFO  org.evosuite.coverage.branch.BranchPool - Adding to map the branch I118 Branch 29 IFNONNULL L452
INFO  org.evosuite.coverage.branch.BranchPool - Branch 29 at line 452
INFO  org.evosuite.coverage.branch.BranchPool - Adding to map the branch I137 Branch 30 IF_ICMPNE L457
INFO  org.evosuite.coverage.branch.BranchPool - Branch 30 at line 457
INFO  org.evosuite.coverage.branch.BranchPool - Adding to map the branch I171 Branch 31 IFNONNULL L465
INFO  org.evosuite.coverage.branch.BranchPool - Branch 31 at line 465
INFO  org.evosuite.graphs.cfg.CFGMethodAdapter - Created CFG for method parseElements(Ljava/lang/Class;Ljava/lang/String;)Ljava/util/List;
INFO  org.evosuite.graphs.cfg.CFGMethodAdapter - Instrumenting method parseElements(Ljava/lang/Class;Ljava/lang/String;)Ljava/util/List; in class com.examples.with.different.packagename.testcarver.ArrayConverter
INFO  org.evosuite.runtime.instrumentation.CreateClassResetClassAdapter - Creating brand-new static initializer in class com/examples/with/different/packagename/testcarver/ArrayConverter
INFO  org.evosuite.instrumentation.InstrumentingClassLoader - Seeing class for first time: com.examples.with.different.packagename.testcarver.AbstractConverter
INFO  org.evosuite.instrumentation.BytecodeInstrumentation - Starting transformation of com/examples/with/different/packagename/testcarver/AbstractConverter
INFO  org.evosuite.runtime.instrumentation.MethodCallReplacementClassAdapter - Adding mock interface to class com/examples/with/different/packagename/testcarver/AbstractConverter
INFO  org.evosuite.instrumentation.EndOfClassInitializerVisitor - Creating <clinit> in class com/examples/with/different/packagename/testcarver/AbstractConverter
INFO  org.evosuite.runtime.instrumentation.CreateClassResetClassAdapter - Found static initializer in class com/examples/with/different/packagename/testcarver/AbstractConverter
INFO  org.evosuite.instrumentation.InstrumentingClassLoader - Seeing class for first time: com.examples.with.different.packagename.testcarver.Converter
INFO  org.evosuite.instrumentation.BytecodeInstrumentation - Starting transformation of com/examples/with/different/packagename/testcarver/Converter
INFO  org.evosuite.instrumentation.InstrumentingClassLoader - Loaded class: com.examples.with.different.packagename.testcarver.Converter
INFO  org.evosuite.instrumentation.InstrumentingClassLoader - Loaded class: com.examples.with.different.packagename.testcarver.AbstractConverter
INFO  org.evosuite.instrumentation.InstrumentingClassLoader - Loaded class: com.examples.with.different.packagename.testcarver.ArrayConverter
INFO  evo_logger - * Executing tests from 1 test class for carving
INFO  org.evosuite.testcarver.extraction.CarvingClassLoader - Seeing class for first time: com.examples.with.different.packagename.testcarver.ArrayConverter
WARN  org.evosuite.testcarver.extraction.CarvingClassLoader - Instrumenting class 'com.examples.with.different.packagename.testcarver.ArrayConverter'.
INFO  org.evosuite.testcarver.instrument.Instrumenter - Checking package com.examples.with.different.packagename.testcarver for class com/examples/with/different/packagename/testcarver/ArrayConverter
// class version 52.0 (52)
// access flags 0x21
public class com/examples/with/different/packagename/testcarver/ArrayConverter extends com/examples/with/different/packagename/testcarver/AbstractConverter {

  // compiled from: ArrayConverter.java

  // access flags 0x2
  private Ljava/lang/Object; defaultTypeInstance

  // access flags 0x2
  private Lcom/examples/with/different/packagename/testcarver/Converter; elementConverter

  // access flags 0x2
  private I defaultSize

  // access flags 0x2
  private C delimiter

  // access flags 0x2
  private [C allowedChars

  // access flags 0x2
  private Z onlyFirstToString

  // access flags 0x2
  private _sw_prototype_original_init_sw_prototype_original_(Ljava/lang/Class;Lcom/examples/with/different/packagename/testcarver/Converter;)V
    ALOAD 0
    INVOKESTATIC org/evosuite/testcarver/capture/FieldRegistry.register (Ljava/lang/Object;)V
   L0
    LINENUMBER 136 L0
    ALOAD 0
    BIPUSH 44
    DUP2
    PUTFIELD com/examples/with/different/packagename/testcarver/ArrayConverter.delimiter : C
    POP
    LDC -2147483644
    LDC "com/examples/with/different/packagename/testcarver/ArrayConverter"
    LDC "delimiter"
    LDC "C"
    INVOKESTATIC org/evosuite/testcarver/capture/FieldRegistry.notifyModification (Ljava/lang/Object;ILjava/lang/String;Ljava/lang/String;Ljava/lang/String;)V
   L1
    LINENUMBER 137 L1
    ALOAD 0
    ICONST_2
    NEWARRAY T_CHAR
    DUP
    ICONST_0
    BIPUSH 46
    CASTORE
    DUP
    ICONST_1
    BIPUSH 45
    CASTORE
    DUP2
    PUTFIELD com/examples/with/different/packagename/testcarver/ArrayConverter.allowedChars : [C
    POP
    LDC -2147483642
    LDC "com/examples/with/different/packagename/testcarver/ArrayConverter"
    LDC "allowedChars"
    LDC "[C"
    INVOKESTATIC org/evosuite/testcarver/capture/FieldRegistry.notifyModification (Ljava/lang/Object;ILjava/lang/String;Ljava/lang/String;Ljava/lang/String;)V
   L2
    LINENUMBER 138 L2
    ALOAD 0
    ICONST_1
    DUP2
    PUTFIELD com/examples/with/different/packagename/testcarver/ArrayConverter.onlyFirstToString : Z
    POP
    LDC -2147483640
    LDC "com/examples/with/different/packagename/testcarver/ArrayConverter"
    LDC "onlyFirstToString"
    LDC "Z"
    INVOKESTATIC org/evosuite/testcarver/capture/FieldRegistry.notifyModification (Ljava/lang/Object;ILjava/lang/String;Ljava/lang/String;Ljava/lang/String;)V
   L3
    LINENUMBER 154 L3
    ALOAD 1
    IFNONNULL L4
   L5
    LINENUMBER 155 L5
    NEW java/lang/IllegalArgumentException
    DUP
    LDC "Default type is missing"
    INVOKESPECIAL java/lang/IllegalArgumentException.<init> (Ljava/lang/String;)V
    ATHROW
   L4
    LINENUMBER 157 L4
    ALOAD 1
    INVOKEVIRTUAL java/lang/Class.isArray ()Z
    IFNE L6
   L7
    LINENUMBER 158 L7
    NEW java/lang/IllegalArgumentException
    DUP
    LDC "Default type must be an array."
    INVOKESPECIAL java/lang/IllegalArgumentException.<init> (Ljava/lang/String;)V
    ATHROW
   L6
    LINENUMBER 160 L6
    ALOAD 2
    IFNONNULL L8
   L9
    LINENUMBER 161 L9
    NEW java/lang/IllegalArgumentException
    DUP
    LDC "Component Converter is missing."
    INVOKESPECIAL java/lang/IllegalArgumentException.<init> (Ljava/lang/String;)V
    ATHROW
   L8
    LINENUMBER 163 L8
    ALOAD 0
    ALOAD 1
    INVOKEVIRTUAL java/lang/Class.getComponentType ()Ljava/lang/Class;
    ICONST_0
    INVOKESTATIC java/lang/reflect/Array.newInstance (Ljava/lang/Class;I)Ljava/lang/Object;
    DUP2
    PUTFIELD com/examples/with/different/packagename/testcarver/ArrayConverter.defaultTypeInstance : Ljava/lang/Object;
    POP
    LDC -2147483638
    LDC "com/examples/with/different/packagename/testcarver/ArrayConverter"
    LDC "defaultTypeInstance"
    LDC "Ljava/lang/Object;"
    INVOKESTATIC org/evosuite/testcarver/capture/FieldRegistry.notifyModification (Ljava/lang/Object;ILjava/lang/String;Ljava/lang/String;Ljava/lang/String;)V
   L10
    LINENUMBER 164 L10
    ALOAD 0
    ALOAD 2
    DUP2
    PUTFIELD com/examples/with/different/packagename/testcarver/ArrayConverter.elementConverter : Lcom/examples/with/different/packagename/testcarver/Converter;
    POP
    LDC -2147483636
    LDC "com/examples/with/different/packagename/testcarver/ArrayConverter"
    LDC "elementConverter"
    LDC "Lcom/examples/with/different/packagename/testcarver/Converter;"
    INVOKESTATIC org/evosuite/testcarver/capture/FieldRegistry.notifyModification (Ljava/lang/Object;ILjava/lang/String;Ljava/lang/String;Ljava/lang/String;)V
   L11
    LINENUMBER 165 L11
    RETURN
   L12
    LOCALVARIABLE this Lcom/examples/with/different/packagename/testcarver/ArrayConverter; L13 L12 0
    LOCALVARIABLE defaultType Ljava/lang/Class; L13 L12 1
    LOCALVARIABLE elementConverter Lcom/examples/with/different/packagename/testcarver/Converter; L13 L12 2
    MAXSTACK = 9
    MAXLOCALS = 3

  // access flags 0x2
  private _sw_prototype_original_init_sw_prototype_original_(Ljava/lang/Class;Lcom/examples/with/different/packagename/testcarver/Converter;I)V
    ALOAD 0
    INVOKESTATIC org/evosuite/testcarver/capture/FieldRegistry.register (Ljava/lang/Object;)V
   L0
    LINENUMBER 181 L0
    ALOAD 0
    ILOAD 3
    DUP2
    PUTFIELD com/examples/with/different/packagename/testcarver/ArrayConverter.defaultSize : I
    POP
    LDC -2147483633
    LDC "com/examples/with/different/packagename/testcarver/ArrayConverter"
    LDC "defaultSize"
    LDC "I"
    INVOKESTATIC org/evosuite/testcarver/capture/FieldRegistry.notifyModification (Ljava/lang/Object;ILjava/lang/String;Ljava/lang/String;Ljava/lang/String;)V
   L1
    LINENUMBER 182 L1
    ACONST_NULL
    ASTORE 4
   L2
    LINENUMBER 183 L2
    ILOAD 3
    IFLT L3
   L4
    LINENUMBER 184 L4
    ALOAD 1
    INVOKEVIRTUAL java/lang/Class.getComponentType ()Ljava/lang/Class;
    ILOAD 3
    INVOKESTATIC java/lang/reflect/Array.newInstance (Ljava/lang/Class;I)Ljava/lang/Object;
    ASTORE 4
   L3
    LINENUMBER 186 L3
    ALOAD 0
    ALOAD 4
    INVOKEVIRTUAL com/examples/with/different/packagename/testcarver/ArrayConverter.setDefaultValue (Ljava/lang/Object;)V
   L5
    LINENUMBER 187 L5
    RETURN
   L6
    LOCALVARIABLE this Lcom/examples/with/different/packagename/testcarver/ArrayConverter; L7 L6 0
    LOCALVARIABLE defaultType Ljava/lang/Class; L7 L6 1
    LOCALVARIABLE elementConverter Lcom/examples/with/different/packagename/testcarver/Converter; L7 L6 2
    LOCALVARIABLE defaultSize I L7 L6 3
    LOCALVARIABLE defaultValue Ljava/lang/Object; L2 L6 4
    MAXSTACK = 7
    MAXLOCALS = 5

  // access flags 0x2
  private _sw_prototype_original_setDelimiter(C)V
   L0
    LINENUMBER 195 L0
    ALOAD 0
    ILOAD 1
    DUP2
    PUTFIELD com/examples/with/different/packagename/testcarver/ArrayConverter.delimiter : C
    POP
    LDC -2147483630
    LDC "com/examples/with/different/packagename/testcarver/ArrayConverter"
    LDC "delimiter"
    LDC "C"
    INVOKESTATIC org/evosuite/testcarver/capture/FieldRegistry.notifyModification (Ljava/lang/Object;ILjava/lang/String;Ljava/lang/String;Ljava/lang/String;)V
   L1
    LINENUMBER 196 L1
    RETURN
   L2
    LOCALVARIABLE this Lcom/examples/with/different/packagename/testcarver/ArrayConverter; L0 L2 0
    LOCALVARIABLE delimiter C L0 L2 1
    MAXSTACK = 6
    MAXLOCALS = 2

  // access flags 0x2
  private _sw_prototype_original_setAllowedChars([C)V
   L0
    LINENUMBER 205 L0
    ALOAD 0
    ALOAD 1
    DUP2
    PUTFIELD com/examples/with/different/packagename/testcarver/ArrayConverter.allowedChars : [C
    POP
    LDC -2147483627
    LDC "com/examples/with/different/packagename/testcarver/ArrayConverter"
    LDC "allowedChars"
    LDC "[C"
    INVOKESTATIC org/evosuite/testcarver/capture/FieldRegistry.notifyModification (Ljava/lang/Object;ILjava/lang/String;Ljava/lang/String;Ljava/lang/String;)V
   L1
    LINENUMBER 206 L1
    RETURN
   L2
    LOCALVARIABLE this Lcom/examples/with/different/packagename/testcarver/ArrayConverter; L0 L2 0
    LOCALVARIABLE allowedChars [C L0 L2 1
    MAXSTACK = 6
    MAXLOCALS = 2

  // access flags 0x2
  private _sw_prototype_original_setOnlyFirstToString(Z)V
   L0
    LINENUMBER 218 L0
    ALOAD 0
    ILOAD 1
    DUP2
    PUTFIELD com/examples/with/different/packagename/testcarver/ArrayConverter.onlyFirstToString : Z
    POP
    LDC -2147483624
    LDC "com/examples/with/different/packagename/testcarver/ArrayConverter"
    LDC "onlyFirstToString"
    LDC "Z"
    INVOKESTATIC org/evosuite/testcarver/capture/FieldRegistry.notifyModification (Ljava/lang/Object;ILjava/lang/String;Ljava/lang/String;Ljava/lang/String;)V
   L1
    LINENUMBER 219 L1
    RETURN
   L2
    LOCALVARIABLE this Lcom/examples/with/different/packagename/testcarver/ArrayConverter; L0 L2 0
    LOCALVARIABLE onlyFirstToString Z L0 L2 1
    MAXSTACK = 6
    MAXLOCALS = 2

  // access flags 0x4
  protected getDefaultType()Ljava/lang/Class;
   L0
    LINENUMBER 227 L0
    ALOAD 0
    GETFIELD com/examples/with/different/packagename/testcarver/ArrayConverter.defaultTypeInstance : Ljava/lang/Object;
    INVOKEVIRTUAL java/lang/Object.getClass ()Ljava/lang/Class;
    ARETURN
   L1
    LOCALVARIABLE this Lcom/examples/with/different/packagename/testcarver/ArrayConverter; L0 L1 0
    MAXSTACK = 1
    MAXLOCALS = 1

  // access flags 0x4
  protected convertToString(Ljava/lang/Object;)Ljava/lang/String; throws java/lang/Throwable
   L0
    LINENUMBER 239 L0
    ICONST_0
    ISTORE 2
   L1
    LINENUMBER 240 L1
    ACONST_NULL
    ASTORE 3
   L2
    LINENUMBER 241 L2
    ALOAD 1
    INVOKEVIRTUAL java/lang/Object.getClass ()Ljava/lang/Class;
    ASTORE 4
   L3
    LINENUMBER 242 L3
    ALOAD 4
    INVOKEVIRTUAL java/lang/Class.isArray ()Z
    IFEQ L4
   L5
    LINENUMBER 243 L5
    ALOAD 1
    INVOKESTATIC java/lang/reflect/Array.getLength (Ljava/lang/Object;)I
    ISTORE 2
    GOTO L6
   L4
    LINENUMBER 245 L4
    ALOAD 0
    ALOAD 4
    ALOAD 1
    INVOKEVIRTUAL com/examples/with/different/packagename/testcarver/ArrayConverter.convertToCollection (Ljava/lang/Class;Ljava/lang/Object;)Ljava/util/Collection;
    ASTORE 5
   L7
    LINENUMBER 246 L7
    ALOAD 5
    INVOKEINTERFACE java/util/Collection.size ()I (itf)
    ISTORE 2
   L8
    LINENUMBER 247 L8
    ALOAD 5
    INVOKEINTERFACE java/util/Collection.iterator ()Ljava/util/Iterator; (itf)
    ASTORE 3
   L6
    LINENUMBER 250 L6
    ILOAD 2
    IFNE L9
   L10
    LINENUMBER 251 L10
    ALOAD 0
    LDC Ljava/lang/String;.class
    INVOKEVIRTUAL com/examples/with/different/packagename/testcarver/ArrayConverter.getDefault (Ljava/lang/Class;)Ljava/lang/Object;
    CHECKCAST java/lang/String
    ARETURN
   L9
    LINENUMBER 254 L9
    ALOAD 0
    GETFIELD com/examples/with/different/packagename/testcarver/ArrayConverter.onlyFirstToString : Z
    IFEQ L11
   L12
    LINENUMBER 255 L12
    ICONST_1
    ISTORE 2
   L11
    LINENUMBER 259 L11
    NEW java/lang/StringBuffer
    DUP
    INVOKESPECIAL java/lang/StringBuffer.<init> ()V
    ASTORE 5
   L13
    LINENUMBER 260 L13
    ICONST_0
    ISTORE 6
   L14
    ILOAD 6
    ILOAD 2
    IF_ICMPGE L15
   L16
    LINENUMBER 261 L16
    ILOAD 6
    IFLE L17
   L18
    LINENUMBER 262 L18
    ALOAD 5
    ALOAD 0
    GETFIELD com/examples/with/different/packagename/testcarver/ArrayConverter.delimiter : C
    INVOKEVIRTUAL java/lang/StringBuffer.append (C)Ljava/lang/StringBuffer;
    POP
   L17
    LINENUMBER 264 L17
    ALOAD 3
    IFNONNULL L19
    ALOAD 1
    ILOAD 6
    INVOKESTATIC java/lang/reflect/Array.get (Ljava/lang/Object;I)Ljava/lang/Object;
    GOTO L20
   L19
    ALOAD 3
    INVOKEINTERFACE java/util/Iterator.next ()Ljava/lang/Object; (itf)
   L20
    ASTORE 7
   L21
    LINENUMBER 265 L21
    ALOAD 0
    GETFIELD com/examples/with/different/packagename/testcarver/ArrayConverter.elementConverter : Lcom/examples/with/different/packagename/testcarver/Converter;
    LDC Ljava/lang/String;.class
    ALOAD 7
    INVOKEINTERFACE com/examples/with/different/packagename/testcarver/Converter.convert (Ljava/lang/Class;Ljava/lang/Object;)Ljava/lang/Object; (itf)
    ASTORE 7
   L22
    LINENUMBER 266 L22
    ALOAD 7
    IFNULL L23
   L24
    LINENUMBER 267 L24
    ALOAD 5
    ALOAD 7
    INVOKEVIRTUAL java/lang/StringBuffer.append (Ljava/lang/Object;)Ljava/lang/StringBuffer;
    POP
   L23
    LINENUMBER 260 L23
    IINC 6 1
    GOTO L14
   L15
    LINENUMBER 271 L15
    ALOAD 5
    INVOKEVIRTUAL java/lang/StringBuffer.toString ()Ljava/lang/String;
    ARETURN
   L25
    LOCALVARIABLE collection Ljava/util/Collection; L7 L6 5
    LOCALVARIABLE element Ljava/lang/Object; L21 L23 7
    LOCALVARIABLE i I L14 L15 6
    LOCALVARIABLE this Lcom/examples/with/different/packagename/testcarver/ArrayConverter; L0 L25 0
    LOCALVARIABLE value Ljava/lang/Object; L0 L25 1
    LOCALVARIABLE size I L1 L25 2
    LOCALVARIABLE iterator Ljava/util/Iterator; L2 L25 3
    LOCALVARIABLE type Ljava/lang/Class; L3 L25 4
    LOCALVARIABLE buffer Ljava/lang/StringBuffer; L13 L25 5
    MAXSTACK = 3
    MAXLOCALS = 8

  // access flags 0x4
  protected convertToType(Ljava/lang/Class;Ljava/lang/Object;)Ljava/lang/Object; throws java/lang/Throwable
   L0
    LINENUMBER 285 L0
    ALOAD 1
    INVOKEVIRTUAL java/lang/Class.isArray ()Z
    IFNE L1
   L2
    LINENUMBER 286 L2
    NEW com/examples/with/different/packagename/testcarver/ConversionException
    DUP
    NEW java/lang/StringBuilder
    DUP
    INVOKESPECIAL java/lang/StringBuilder.<init> ()V
    ALOAD 0
    ALOAD 0
    INVOKEVIRTUAL java/lang/Object.getClass ()Ljava/lang/Class;
    INVOKEVIRTUAL com/examples/with/different/packagename/testcarver/ArrayConverter.toString (Ljava/lang/Class;)Ljava/lang/String;
    INVOKEVIRTUAL java/lang/StringBuilder.append (Ljava/lang/String;)Ljava/lang/StringBuilder;
    LDC " cannot handle conversion to '"
    INVOKEVIRTUAL java/lang/StringBuilder.append (Ljava/lang/String;)Ljava/lang/StringBuilder;
    ALOAD 0
    ALOAD 1
   L3
    LINENUMBER 288 L3
    INVOKEVIRTUAL com/examples/with/different/packagename/testcarver/ArrayConverter.toString (Ljava/lang/Class;)Ljava/lang/String;
    INVOKEVIRTUAL java/lang/StringBuilder.append (Ljava/lang/String;)Ljava/lang/StringBuilder;
    LDC "' (not an array)."
    INVOKEVIRTUAL java/lang/StringBuilder.append (Ljava/lang/String;)Ljava/lang/StringBuilder;
    INVOKEVIRTUAL java/lang/StringBuilder.toString ()Ljava/lang/String;
    INVOKESPECIAL com/examples/with/different/packagename/testcarver/ConversionException.<init> (Ljava/lang/String;)V
    ATHROW
   L1
    LINENUMBER 292 L1
    ICONST_0
    ISTORE 3
   L4
    LINENUMBER 293 L4
    ACONST_NULL
    ASTORE 4
   L5
    LINENUMBER 294 L5
    ALOAD 2
    INVOKEVIRTUAL java/lang/Object.getClass ()Ljava/lang/Class;
    INVOKEVIRTUAL java/lang/Class.isArray ()Z
    IFEQ L6
   L7
    LINENUMBER 295 L7
    ALOAD 2
    INVOKESTATIC java/lang/reflect/Array.getLength (Ljava/lang/Object;)I
    ISTORE 3
    GOTO L8
   L6
    LINENUMBER 297 L6
    ALOAD 0
    ALOAD 1
    ALOAD 2
    INVOKEVIRTUAL com/examples/with/different/packagename/testcarver/ArrayConverter.convertToCollection (Ljava/lang/Class;Ljava/lang/Object;)Ljava/util/Collection;
    ASTORE 5
   L9
    LINENUMBER 298 L9
    ALOAD 5
    INVOKEINTERFACE java/util/Collection.size ()I (itf)
    ISTORE 3
   L10
    LINENUMBER 299 L10
    ALOAD 5
    INVOKEINTERFACE java/util/Collection.iterator ()Ljava/util/Iterator; (itf)
    ASTORE 4
   L8
    LINENUMBER 303 L8
    ALOAD 1
    INVOKEVIRTUAL java/lang/Class.getComponentType ()Ljava/lang/Class;
    ASTORE 5
   L11
    LINENUMBER 304 L11
    ALOAD 5
    ILOAD 3
    INVOKESTATIC java/lang/reflect/Array.newInstance (Ljava/lang/Class;I)Ljava/lang/Object;
    ASTORE 6
   L12
    LINENUMBER 307 L12
    ICONST_0
    ISTORE 7
   L13
    ILOAD 7
    ILOAD 3
    IF_ICMPGE L14
   L15
    LINENUMBER 308 L15
    ALOAD 4
    IFNONNULL L16
    ALOAD 2
    ILOAD 7
    INVOKESTATIC java/lang/reflect/Array.get (Ljava/lang/Object;I)Ljava/lang/Object;
    GOTO L17
   L16
    ALOAD 4
    INVOKEINTERFACE java/util/Iterator.next ()Ljava/lang/Object; (itf)
   L17
    ASTORE 8
   L18
    LINENUMBER 311 L18
    ALOAD 0
    GETFIELD com/examples/with/different/packagename/testcarver/ArrayConverter.elementConverter : Lcom/examples/with/different/packagename/testcarver/Converter;
    ALOAD 5
    ALOAD 8
    INVOKEINTERFACE com/examples/with/different/packagename/testcarver/Converter.convert (Ljava/lang/Class;Ljava/lang/Object;)Ljava/lang/Object; (itf)
    ASTORE 8
   L19
    LINENUMBER 312 L19
    ALOAD 6
    ILOAD 7
    ALOAD 8
    INVOKESTATIC java/lang/reflect/Array.set (Ljava/lang/Object;ILjava/lang/Object;)V
   L20
    LINENUMBER 307 L20
    IINC 7 1
    GOTO L13
   L14
    LINENUMBER 315 L14
    ALOAD 6
    ARETURN
   L21
    LOCALVARIABLE collection Ljava/util/Collection; L9 L8 5
    LOCALVARIABLE element Ljava/lang/Object; L18 L20 8
    LOCALVARIABLE i I L13 L14 7
    LOCALVARIABLE this Lcom/examples/with/different/packagename/testcarver/ArrayConverter; L0 L21 0
    LOCALVARIABLE type Ljava/lang/Class; L0 L21 1
    LOCALVARIABLE value Ljava/lang/Object; L0 L21 2
    LOCALVARIABLE size I L4 L21 3
    LOCALVARIABLE iterator Ljava/util/Iterator; L5 L21 4
    LOCALVARIABLE componentType Ljava/lang/Class; L11 L21 5
    LOCALVARIABLE newArray Ljava/lang/Object; L12 L21 6
    MAXSTACK = 5
    MAXLOCALS = 9

  // access flags 0x4
  protected convertArray(Ljava/lang/Object;)Ljava/lang/Object;
   L0
    LINENUMBER 325 L0
    ALOAD 1
    ARETURN
   L1
    LOCALVARIABLE this Lcom/examples/with/different/packagename/testcarver/ArrayConverter; L0 L1 0
    LOCALVARIABLE value Ljava/lang/Object; L0 L1 1
    MAXSTACK = 1
    MAXLOCALS = 2

  // access flags 0x4
  protected convertToCollection(Ljava/lang/Class;Ljava/lang/Object;)Ljava/util/Collection;
   L0
    LINENUMBER 350 L0
    ALOAD 2
    INSTANCEOF java/util/Collection
    IFEQ L1
   L2
    LINENUMBER 351 L2
    ALOAD 2
    CHECKCAST java/util/Collection
    ARETURN
   L1
    LINENUMBER 353 L1
    ALOAD 2
    INSTANCEOF java/lang/Number
    IFNE L3
    ALOAD 2
    INSTANCEOF java/lang/Boolean
    IFNE L3
    ALOAD 2
    INSTANCEOF java/util/Date
    IFEQ L4
   L3
    LINENUMBER 356 L3
    NEW java/util/ArrayList
    DUP
    ICONST_1
    INVOKESPECIAL java/util/ArrayList.<init> (I)V
    ASTORE 3
   L5
    LINENUMBER 357 L5
    ALOAD 3
    ALOAD 2
    INVOKEINTERFACE java/util/List.add (Ljava/lang/Object;)Z (itf)
    POP
   L6
    LINENUMBER 358 L6
    ALOAD 3
    ARETURN
   L4
    LINENUMBER 361 L4
    ALOAD 0
    ALOAD 1
    ALOAD 2
    INVOKEVIRTUAL java/lang/Object.toString ()Ljava/lang/String;
    INVOKESPECIAL com/examples/with/different/packagename/testcarver/ArrayConverter.parseElements (Ljava/lang/Class;Ljava/lang/String;)Ljava/util/List;
    ARETURN
   L7
    LOCALVARIABLE list Ljava/util/List; L5 L4 3
    LOCALVARIABLE this Lcom/examples/with/different/packagename/testcarver/ArrayConverter; L0 L7 0
    LOCALVARIABLE type Ljava/lang/Class; L0 L7 1
    LOCALVARIABLE value Ljava/lang/Object; L0 L7 2
    MAXSTACK = 3
    MAXLOCALS = 4

  // access flags 0x4
  protected getDefault(Ljava/lang/Class;)Ljava/lang/Object;
   L0
    LINENUMBER 372 L0
    ALOAD 1
    LDC Ljava/lang/String;.class
    INVOKEVIRTUAL java/lang/Object.equals (Ljava/lang/Object;)Z
    IFEQ L1
   L2
    LINENUMBER 373 L2
    ACONST_NULL
    ARETURN
   L1
    LINENUMBER 376 L1
    ALOAD 0
    ALOAD 1
    INVOKESPECIAL com/examples/with/different/packagename/testcarver/AbstractConverter.getDefault (Ljava/lang/Class;)Ljava/lang/Object;
    ASTORE 2
   L3
    LINENUMBER 377 L3
    ALOAD 2
    IFNONNULL L4
   L5
    LINENUMBER 378 L5
    ACONST_NULL
    ARETURN
   L4
    LINENUMBER 381 L4
    ALOAD 2
    INVOKEVIRTUAL java/lang/Object.getClass ()Ljava/lang/Class;
    ALOAD 1
    INVOKEVIRTUAL java/lang/Object.equals (Ljava/lang/Object;)Z
    IFEQ L6
   L7
    LINENUMBER 382 L7
    ALOAD 2
    ARETURN
   L6
    LINENUMBER 384 L6
    ALOAD 1
    INVOKEVIRTUAL java/lang/Class.getComponentType ()Ljava/lang/Class;
    ALOAD 0
    GETFIELD com/examples/with/different/packagename/testcarver/ArrayConverter.defaultSize : I
    INVOKESTATIC java/lang/reflect/Array.newInstance (Ljava/lang/Class;I)Ljava/lang/Object;
    ARETURN
   L8
    LOCALVARIABLE this Lcom/examples/with/different/packagename/testcarver/ArrayConverter; L0 L8 0
    LOCALVARIABLE type Ljava/lang/Class; L0 L8 1
    LOCALVARIABLE defaultValue Ljava/lang/Object; L3 L8 2
    MAXSTACK = 2
    MAXLOCALS = 3

  // access flags 0x2
  private _sw_prototype_original_toString()Ljava/lang/String;
   L0
    LINENUMBER 395 L0
    NEW java/lang/StringBuffer
    DUP
    INVOKESPECIAL java/lang/StringBuffer.<init> ()V
    ASTORE 1
   L1
    LINENUMBER 396 L1
    ALOAD 1
    ALOAD 0
    ALOAD 0
    INVOKEVIRTUAL java/lang/Object.getClass ()Ljava/lang/Class;
    INVOKEVIRTUAL com/examples/with/different/packagename/testcarver/ArrayConverter.toString (Ljava/lang/Class;)Ljava/lang/String;
    INVOKEVIRTUAL java/lang/StringBuffer.append (Ljava/lang/String;)Ljava/lang/StringBuffer;
    POP
   L2
    LINENUMBER 397 L2
    ALOAD 1
    LDC "[UseDefault="
    INVOKEVIRTUAL java/lang/StringBuffer.append (Ljava/lang/String;)Ljava/lang/StringBuffer;
    POP
   L3
    LINENUMBER 398 L3
    ALOAD 1
    ALOAD 0
    INVOKEVIRTUAL com/examples/with/different/packagename/testcarver/ArrayConverter.isUseDefault ()Z
    INVOKEVIRTUAL java/lang/StringBuffer.append (Z)Ljava/lang/StringBuffer;
    POP
   L4
    LINENUMBER 399 L4
    ALOAD 1
    LDC ", "
    INVOKEVIRTUAL java/lang/StringBuffer.append (Ljava/lang/String;)Ljava/lang/StringBuffer;
    POP
   L5
    LINENUMBER 400 L5
    ALOAD 1
    ALOAD 0
    DUP
    GETFIELD com/examples/with/different/packagename/testcarver/ArrayConverter.elementConverter : Lcom/examples/with/different/packagename/testcarver/Converter;
    SWAP
    LDC -2147483621
    LDC "com/examples/with/different/packagename/testcarver/ArrayConverter"
    LDC "elementConverter"
    LDC "Lcom/examples/with/different/packagename/testcarver/Converter;"
    INVOKESTATIC org/evosuite/testcarver/capture/FieldRegistry.notifyReadAccess (Ljava/lang/Object;ILjava/lang/String;Ljava/lang/String;Ljava/lang/String;)V
    INVOKEINTERFACE com/examples/with/different/packagename/testcarver/Converter.toString ()Ljava/lang/String; (itf)
    INVOKEVIRTUAL java/lang/StringBuffer.append (Ljava/lang/String;)Ljava/lang/StringBuffer;
    POP
   L6
    LINENUMBER 401 L6
    ALOAD 1
    BIPUSH 93
    INVOKEVIRTUAL java/lang/StringBuffer.append (C)Ljava/lang/StringBuffer;
    POP
   L7
    LINENUMBER 402 L7
    ALOAD 1
    INVOKEVIRTUAL java/lang/StringBuffer.toString ()Ljava/lang/String;
    ARETURN
   L8
    LOCALVARIABLE this Lcom/examples/with/different/packagename/testcarver/ArrayConverter; L0 L8 0
    LOCALVARIABLE buffer Ljava/lang/StringBuffer; L1 L8 1
    MAXSTACK = 7
    MAXLOCALS = 2

  // access flags 0x2
  private parseElements(Ljava/lang/Class;Ljava/lang/String;)Ljava/util/List;
    TRYCATCHBLOCK L0 L1 L2 java/io/IOException
   L3
    LINENUMBER 429 L3
    ALOAD 2
    INVOKEVIRTUAL java/lang/String.trim ()Ljava/lang/String;
    ASTORE 2
   L4
    LINENUMBER 430 L4
    ALOAD 2
    LDC "{"
    INVOKEVIRTUAL java/lang/String.startsWith (Ljava/lang/String;)Z
    IFEQ L0
    ALOAD 2
    LDC "}"
    INVOKEVIRTUAL java/lang/String.endsWith (Ljava/lang/String;)Z
    IFEQ L0
   L5
    LINENUMBER 431 L5
    ALOAD 2
    ICONST_1
    ALOAD 2
    INVOKEVIRTUAL java/lang/String.length ()I
    ICONST_1
    ISUB
    INVOKEVIRTUAL java/lang/String.substring (II)Ljava/lang/String;
    ASTORE 2
   L0
    LINENUMBER 437 L0
    NEW java/io/StreamTokenizer
    DUP
    NEW java/io/StringReader
    DUP
    ALOAD 2
    INVOKESPECIAL java/io/StringReader.<init> (Ljava/lang/String;)V
    INVOKESPECIAL java/io/StreamTokenizer.<init> (Ljava/io/Reader;)V
    ASTORE 3
   L6
    LINENUMBER 438 L6
    ALOAD 3
    ALOAD 0
    GETFIELD com/examples/with/different/packagename/testcarver/ArrayConverter.delimiter : C
    ALOAD 0
    GETFIELD com/examples/with/different/packagename/testcarver/ArrayConverter.delimiter : C
    INVOKEVIRTUAL java/io/StreamTokenizer.whitespaceChars (II)V
   L7
    LINENUMBER 439 L7
    ALOAD 3
    BIPUSH 48
    BIPUSH 57
    INVOKEVIRTUAL java/io/StreamTokenizer.ordinaryChars (II)V
   L8
    LINENUMBER 440 L8
    ALOAD 3
    BIPUSH 48
    BIPUSH 57
    INVOKEVIRTUAL java/io/StreamTokenizer.wordChars (II)V
   L9
    LINENUMBER 441 L9
    ICONST_0
    ISTORE 4
   L10
    ILOAD 4
    ALOAD 0
    GETFIELD com/examples/with/different/packagename/testcarver/ArrayConverter.allowedChars : [C
    ARRAYLENGTH
    IF_ICMPGE L11
   L12
    LINENUMBER 442 L12
    ALOAD 3
    ALOAD 0
    GETFIELD com/examples/with/different/packagename/testcarver/ArrayConverter.allowedChars : [C
    ILOAD 4
    CALOAD
    ALOAD 0
    GETFIELD com/examples/with/different/packagename/testcarver/ArrayConverter.allowedChars : [C
    ILOAD 4
    CALOAD
    INVOKEVIRTUAL java/io/StreamTokenizer.ordinaryChars (II)V
   L13
    LINENUMBER 443 L13
    ALOAD 3
    ALOAD 0
    GETFIELD com/examples/with/different/packagename/testcarver/ArrayConverter.allowedChars : [C
    ILOAD 4
    CALOAD
    ALOAD 0
    GETFIELD com/examples/with/different/packagename/testcarver/ArrayConverter.allowedChars : [C
    ILOAD 4
    CALOAD
    INVOKEVIRTUAL java/io/StreamTokenizer.wordChars (II)V
   L14
    LINENUMBER 441 L14
    IINC 4 1
    GOTO L10
   L11
    LINENUMBER 447 L11
    ACONST_NULL
    ASTORE 4
   L15
    LINENUMBER 449 L15
    ALOAD 3
    INVOKEVIRTUAL java/io/StreamTokenizer.nextToken ()I
    ISTORE 5
   L16
    LINENUMBER 450 L16
    ILOAD 5
    BIPUSH -3
    IF_ICMPEQ L17
    ILOAD 5
    IFLE L18
   L17
    LINENUMBER 451 L17
    ALOAD 3
    GETFIELD java/io/StreamTokenizer.sval : Ljava/lang/String;
    IFNULL L19
   L20
    LINENUMBER 452 L20
    ALOAD 4
    IFNONNULL L21
   L22
    LINENUMBER 453 L22
    NEW java/util/ArrayList
    DUP
    INVOKESPECIAL java/util/ArrayList.<init> ()V
    ASTORE 4
   L21
    LINENUMBER 455 L21
    ALOAD 4
    ALOAD 3
    GETFIELD java/io/StreamTokenizer.sval : Ljava/lang/String;
    INVOKEINTERFACE java/util/List.add (Ljava/lang/Object;)Z (itf)
    POP
    GOTO L19
   L18
    LINENUMBER 457 L18
    ILOAD 5
    ICONST_M1
    IF_ICMPNE L23
   L24
    LINENUMBER 458 L24
    GOTO L25
   L23
    LINENUMBER 460 L23
    NEW com/examples/with/different/packagename/testcarver/ConversionException
    DUP
    NEW java/lang/StringBuilder
    DUP
    INVOKESPECIAL java/lang/StringBuilder.<init> ()V
    LDC "Encountered token of type "
    INVOKEVIRTUAL java/lang/StringBuilder.append (Ljava/lang/String;)Ljava/lang/StringBuilder;
    ILOAD 5
    INVOKEVIRTUAL java/lang/StringBuilder.append (I)Ljava/lang/StringBuilder;
    LDC " parsing elements to '"
    INVOKEVIRTUAL java/lang/StringBuilder.append (Ljava/lang/String;)Ljava/lang/StringBuilder;
    ALOAD 0
    ALOAD 1
   L26
    LINENUMBER 461 L26
    INVOKEVIRTUAL com/examples/with/different/packagename/testcarver/ArrayConverter.toString (Ljava/lang/Class;)Ljava/lang/String;
    INVOKEVIRTUAL java/lang/StringBuilder.append (Ljava/lang/String;)Ljava/lang/StringBuilder;
    LDC "."
    INVOKEVIRTUAL java/lang/StringBuilder.append (Ljava/lang/String;)Ljava/lang/StringBuilder;
    INVOKEVIRTUAL java/lang/StringBuilder.toString ()Ljava/lang/String;
    INVOKESPECIAL com/examples/with/different/packagename/testcarver/ConversionException.<init> (Ljava/lang/String;)V
    ATHROW
   L19
    LINENUMBER 463 L19
    GOTO L15
   L25
    LINENUMBER 465 L25
    ALOAD 4
    IFNONNULL L27
   L28
    LINENUMBER 466 L28
    GETSTATIC java/util/Collections.EMPTY_LIST : Ljava/util/List;
    ASTORE 4
   L27
    LINENUMBER 470 L27
    ALOAD 4
   L1
    ARETURN
   L2
    LINENUMBER 472 L2
    ASTORE 3
   L29
    LINENUMBER 474 L29
    NEW com/examples/with/different/packagename/testcarver/ConversionException
    DUP
    NEW java/lang/StringBuilder
    DUP
    INVOKESPECIAL java/lang/StringBuilder.<init> ()V
    LDC "Error converting from String to '"
    INVOKEVIRTUAL java/lang/StringBuilder.append (Ljava/lang/String;)Ljava/lang/StringBuilder;
    ALOAD 0
    ALOAD 1
   L30
    LINENUMBER 475 L30
    INVOKEVIRTUAL com/examples/with/different/packagename/testcarver/ArrayConverter.toString (Ljava/lang/Class;)Ljava/lang/String;
    INVOKEVIRTUAL java/lang/StringBuilder.append (Ljava/lang/String;)Ljava/lang/StringBuilder;
    LDC "': "
    INVOKEVIRTUAL java/lang/StringBuilder.append (Ljava/lang/String;)Ljava/lang/StringBuilder;
    ALOAD 3
    INVOKEVIRTUAL java/io/IOException.getMessage ()Ljava/lang/String;
    INVOKEVIRTUAL java/lang/StringBuilder.append (Ljava/lang/String;)Ljava/lang/StringBuilder;
    INVOKEVIRTUAL java/lang/StringBuilder.toString ()Ljava/lang/String;
    ALOAD 3
    INVOKESPECIAL com/examples/with/different/packagename/testcarver/ConversionException.<init> (Ljava/lang/String;Ljava/lang/Throwable;)V
    ATHROW
   L31
    LOCALVARIABLE i I L10 L11 4
    LOCALVARIABLE ttype I L16 L19 5
    LOCALVARIABLE st Ljava/io/StreamTokenizer; L6 L2 3
    LOCALVARIABLE list Ljava/util/List; L15 L2 4
    LOCALVARIABLE e Ljava/io/IOException; L29 L31 3
    LOCALVARIABLE this Lcom/examples/with/different/packagename/testcarver/ArrayConverter; L3 L31 0
    LOCALVARIABLE type Ljava/lang/Class; L3 L31 1
    LOCALVARIABLE value Ljava/lang/String; L3 L31 2
    MAXSTACK = 5
    MAXLOCALS = 6

  // access flags 0x1
  public <init>(Ljava/lang/Class;Lcom/examples/with/different/packagename/testcarver/Converter;)V
    TRYCATCHBLOCK L0 L1 L1 java/lang/Throwable
   L2
    LINENUMBER 153 L2
    ALOAD 0
    INVOKESPECIAL com/examples/with/different/packagename/testcarver/AbstractConverter.<init> ()V
   L0
    LDC -2147483634
    ALOAD 0
    LDC "<init>"
    LDC "(Ljava/lang/Class;Lcom/examples/with/different/packagename/testcarver/Converter;)V"
    BIPUSH 2
    ANEWARRAY java/lang/Object
    DUP
    BIPUSH 0
    ALOAD 1
    AASTORE
    DUP
    BIPUSH 1
    ALOAD 2
    AASTORE
    INVOKESTATIC org/evosuite/testcarver/capture/Capturer.capture (ILjava/lang/Object;Ljava/lang/String;Ljava/lang/String;[Ljava/lang/Object;)V
    ALOAD 0
    ALOAD 1
    ALOAD 2
    INVOKEVIRTUAL com/examples/with/different/packagename/testcarver/ArrayConverter._sw_prototype_original_init_sw_prototype_original_ (Ljava/lang/Class;Lcom/examples/with/different/packagename/testcarver/Converter;)V
    GOTO L3
   L1
   FRAME SAME1 java/lang/Throwable
    ASTORE 3
    LDC -2147483634
    ALOAD 0
    GETSTATIC org/evosuite/testcarver/capture/CaptureLog.RETURN_TYPE_VOID : Ljava/lang/Object;
    INVOKESTATIC org/evosuite/testcarver/capture/Capturer.enable (ILjava/lang/Object;Ljava/lang/Object;)V
    ALOAD 3
    ATHROW
   L3
   FRAME SAME
    LDC -2147483634
    ALOAD 0
    GETSTATIC org/evosuite/testcarver/capture/CaptureLog.RETURN_TYPE_VOID : Ljava/lang/Object;
    INVOKESTATIC org/evosuite/testcarver/capture/Capturer.enable (ILjava/lang/Object;Ljava/lang/Object;)V
    RETURN
    MAXSTACK = 9
    MAXLOCALS = 0

  // access flags 0x1
  public <init>(Ljava/lang/Class;Lcom/examples/with/different/packagename/testcarver/Converter;I)V
    TRYCATCHBLOCK L0 L1 L1 java/lang/Throwable
   L2
    LINENUMBER 180 L2
    ALOAD 0
    ALOAD 1
    ALOAD 2
    INVOKESPECIAL com/examples/with/different/packagename/testcarver/ArrayConverter.<init> (Ljava/lang/Class;Lcom/examples/with/different/packagename/testcarver/Converter;)V
   L0
    LDC -2147483631
    ALOAD 0
    LDC "<init>"
    LDC "(Ljava/lang/Class;Lcom/examples/with/different/packagename/testcarver/Converter;I)V"
    BIPUSH 3
    ANEWARRAY java/lang/Object
    DUP
    BIPUSH 0
    ALOAD 1
    AASTORE
    DUP
    BIPUSH 1
    ALOAD 2
    AASTORE
    DUP
    BIPUSH 2
    ILOAD 3
    INVOKESTATIC java/lang/Integer.valueOf (I)Ljava/lang/Integer;
    AASTORE
    INVOKESTATIC org/evosuite/testcarver/capture/Capturer.capture (ILjava/lang/Object;Ljava/lang/String;Ljava/lang/String;[Ljava/lang/Object;)V
    ALOAD 0
    ALOAD 1
    ALOAD 2
    ILOAD 3
    INVOKEVIRTUAL com/examples/with/different/packagename/testcarver/ArrayConverter._sw_prototype_original_init_sw_prototype_original_ (Ljava/lang/Class;Lcom/examples/with/different/packagename/testcarver/Converter;I)V
    GOTO L3
   L1
   FRAME SAME1 java/lang/Throwable
    ASTORE 4
    LDC -2147483631
    ALOAD 0
    GETSTATIC org/evosuite/testcarver/capture/CaptureLog.RETURN_TYPE_VOID : Ljava/lang/Object;
    INVOKESTATIC org/evosuite/testcarver/capture/Capturer.enable (ILjava/lang/Object;Ljava/lang/Object;)V
    ALOAD 4
    ATHROW
   L3
   FRAME SAME
    LDC -2147483631
    ALOAD 0
    GETSTATIC org/evosuite/testcarver/capture/CaptureLog.RETURN_TYPE_VOID : Ljava/lang/Object;
    INVOKESTATIC org/evosuite/testcarver/capture/Capturer.enable (ILjava/lang/Object;Ljava/lang/Object;)V
    RETURN
    MAXSTACK = 7
    MAXLOCALS = 0

  // access flags 0x1
  public setDelimiter(C)V
    TRYCATCHBLOCK L0 L1 L1 java/lang/Throwable
   L0
    LDC -2147483628
    ALOAD 0
    LDC "setDelimiter"
    LDC "(C)V"
    BIPUSH 1
    ANEWARRAY java/lang/Object
    DUP
    BIPUSH 0
    ILOAD 1
    INVOKESTATIC java/lang/Character.valueOf (C)Ljava/lang/Character;
    AASTORE
    INVOKESTATIC org/evosuite/testcarver/capture/Capturer.capture (ILjava/lang/Object;Ljava/lang/String;Ljava/lang/String;[Ljava/lang/Object;)V
    ALOAD 0
    ILOAD 1
    INVOKEVIRTUAL com/examples/with/different/packagename/testcarver/ArrayConverter._sw_prototype_original_setDelimiter (C)V
    GOTO L2
   L1
   FRAME SAME1 java/lang/Throwable
    ASTORE 2
    LDC -2147483628
    ALOAD 0
    GETSTATIC org/evosuite/testcarver/capture/CaptureLog.RETURN_TYPE_VOID : Ljava/lang/Object;
    INVOKESTATIC org/evosuite/testcarver/capture/Capturer.enable (ILjava/lang/Object;Ljava/lang/Object;)V
    ALOAD 2
    ATHROW
   L2
   FRAME SAME
    LDC -2147483628
    ALOAD 0
    GETSTATIC org/evosuite/testcarver/capture/CaptureLog.RETURN_TYPE_VOID : Ljava/lang/Object;
    INVOKESTATIC org/evosuite/testcarver/capture/Capturer.enable (ILjava/lang/Object;Ljava/lang/Object;)V
    RETURN
    MAXSTACK = 6
    MAXLOCALS = 0

  // access flags 0x1
  public setAllowedChars([C)V
    TRYCATCHBLOCK L0 L1 L1 java/lang/Throwable
   L0
    LDC -2147483625
    ALOAD 0
    LDC "setAllowedChars"
    LDC "([C)V"
    BIPUSH 1
    ANEWARRAY java/lang/Object
    DUP
    BIPUSH 0
    ALOAD 1
    AASTORE
    INVOKESTATIC org/evosuite/testcarver/capture/Capturer.capture (ILjava/lang/Object;Ljava/lang/String;Ljava/lang/String;[Ljava/lang/Object;)V
    ALOAD 0
    ALOAD 1
    INVOKEVIRTUAL com/examples/with/different/packagename/testcarver/ArrayConverter._sw_prototype_original_setAllowedChars ([C)V
    GOTO L2
   L1
   FRAME SAME1 java/lang/Throwable
    ASTORE 2
    LDC -2147483625
    ALOAD 0
    GETSTATIC org/evosuite/testcarver/capture/CaptureLog.RETURN_TYPE_VOID : Ljava/lang/Object;
    INVOKESTATIC org/evosuite/testcarver/capture/Capturer.enable (ILjava/lang/Object;Ljava/lang/Object;)V
    ALOAD 2
    ATHROW
   L2
   FRAME SAME
    LDC -2147483625
    ALOAD 0
    GETSTATIC org/evosuite/testcarver/capture/CaptureLog.RETURN_TYPE_VOID : Ljava/lang/Object;
    INVOKESTATIC org/evosuite/testcarver/capture/Capturer.enable (ILjava/lang/Object;Ljava/lang/Object;)V
    RETURN
    MAXSTACK = 6
    MAXLOCALS = 0

  // access flags 0x1
  public setOnlyFirstToString(Z)V
    TRYCATCHBLOCK L0 L1 L1 java/lang/Throwable
   L0
    LDC -2147483622
    ALOAD 0
    LDC "setOnlyFirstToString"
    LDC "(Z)V"
    BIPUSH 1
    ANEWARRAY java/lang/Object
    DUP
    BIPUSH 0
    ILOAD 1
    INVOKESTATIC java/lang/Boolean.valueOf (Z)Ljava/lang/Boolean;
    AASTORE
    INVOKESTATIC org/evosuite/testcarver/capture/Capturer.capture (ILjava/lang/Object;Ljava/lang/String;Ljava/lang/String;[Ljava/lang/Object;)V
    ALOAD 0
    ILOAD 1
    INVOKEVIRTUAL com/examples/with/different/packagename/testcarver/ArrayConverter._sw_prototype_original_setOnlyFirstToString (Z)V
    GOTO L2
   L1
   FRAME SAME1 java/lang/Throwable
    ASTORE 2
    LDC -2147483622
    ALOAD 0
    GETSTATIC org/evosuite/testcarver/capture/CaptureLog.RETURN_TYPE_VOID : Ljava/lang/Object;
    INVOKESTATIC org/evosuite/testcarver/capture/Capturer.enable (ILjava/lang/Object;Ljava/lang/Object;)V
    ALOAD 2
    ATHROW
   L2
   FRAME SAME
    LDC -2147483622
    ALOAD 0
    GETSTATIC org/evosuite/testcarver/capture/CaptureLog.RETURN_TYPE_VOID : Ljava/lang/Object;
    INVOKESTATIC org/evosuite/testcarver/capture/Capturer.enable (ILjava/lang/Object;Ljava/lang/Object;)V
    RETURN
    MAXSTACK = 6
    MAXLOCALS = 0

  // access flags 0x1
  public toString()Ljava/lang/String;
    TRYCATCHBLOCK L0 L1 L2 java/lang/Throwable
    ACONST_NULL
    ASTORE 1
   L0
    LDC -2147483620
    ALOAD 0
    LDC "toString"
    LDC "()Ljava/lang/String;"
    BIPUSH 0
    ANEWARRAY java/lang/Object
    INVOKESTATIC org/evosuite/testcarver/capture/Capturer.capture (ILjava/lang/Object;Ljava/lang/String;Ljava/lang/String;[Ljava/lang/Object;)V
    ALOAD 0
    INVOKEVIRTUAL com/examples/with/different/packagename/testcarver/ArrayConverter._sw_prototype_original_toString ()Ljava/lang/String;
    ASTORE 1
    ALOAD 1
    ASTORE 3
   L1
    LDC -2147483620
    ALOAD 0
    ALOAD 1
    INVOKESTATIC org/evosuite/testcarver/capture/Capturer.enable (ILjava/lang/Object;Ljava/lang/Object;)V
    ALOAD 3
    ARETURN
   L2
   FRAME FULL [com/examples/with/different/packagename/testcarver/ArrayConverter java/lang/String] [java/lang/Throwable]
    ASTORE 2
    LDC -2147483620
    ALOAD 0
    ALOAD 1
    INVOKESTATIC org/evosuite/testcarver/capture/Capturer.enable (ILjava/lang/Object;Ljava/lang/Object;)V
    ALOAD 2
    ATHROW
    MAXSTACK = 7
    MAXLOCALS = 0
}
INFO  org.evosuite.testcarver.extraction.CarvingClassLoader - Seeing class for first time: com.examples.with.different.packagename.testcarver.AbstractConverter
WARN  org.evosuite.testcarver.extraction.CarvingClassLoader - Instrumenting class 'com.examples.with.different.packagename.testcarver.AbstractConverter'.
INFO  org.evosuite.testcarver.instrument.Instrumenter - Checking package com.examples.with.different.packagename.testcarver for class com/examples/with/different/packagename/testcarver/AbstractConverter
// class version 52.0 (52)
// access flags 0x421
public abstract class com/examples/with/different/packagename/testcarver/AbstractConverter implements com/examples/with/different/packagename/testcarver/Converter {

  // compiled from: AbstractConverter.java

  // access flags 0x1A
  private final static Ljava/lang/String; DEFAULT_CONFIG_MSG = "(N.B. Converters can be configured to use default values to avoid throwing exceptions)"

  // access flags 0x1A
  private final static Ljava/lang/String; PACKAGE = "org.apache.commons.beanutils.converters."

  // access flags 0x2
  private Z useDefault

  // access flags 0x2
  private Ljava/lang/Object; defaultValue

  // access flags 0x1
  public <init>()V
   L0
    LINENUMBER 82 L0
    ALOAD 0
    INVOKESPECIAL java/lang/Object.<init> ()V
   L1
    LINENUMBER 69 L1
    ALOAD 0
    ICONST_0
    PUTFIELD com/examples/with/different/packagename/testcarver/AbstractConverter.useDefault : Z
   L2
    LINENUMBER 74 L2
    ALOAD 0
    ACONST_NULL
    PUTFIELD com/examples/with/different/packagename/testcarver/AbstractConverter.defaultValue : Ljava/lang/Object;
   L3
    LINENUMBER 83 L3
    RETURN
   L4
    LOCALVARIABLE this Lcom/examples/with/different/packagename/testcarver/AbstractConverter; L0 L4 0
    MAXSTACK = 2
    MAXLOCALS = 1

  // access flags 0x1
  public <init>(Ljava/lang/Object;)V
   L0
    LINENUMBER 93 L0
    ALOAD 0
    INVOKESPECIAL java/lang/Object.<init> ()V
   L1
    LINENUMBER 69 L1
    ALOAD 0
    ICONST_0
    PUTFIELD com/examples/with/different/packagename/testcarver/AbstractConverter.useDefault : Z
   L2
    LINENUMBER 74 L2
    ALOAD 0
    ACONST_NULL
    PUTFIELD com/examples/with/different/packagename/testcarver/AbstractConverter.defaultValue : Ljava/lang/Object;
   L3
    LINENUMBER 94 L3
    ALOAD 0
    ALOAD 1
    INVOKEVIRTUAL com/examples/with/different/packagename/testcarver/AbstractConverter.setDefaultValue (Ljava/lang/Object;)V
   L4
    LINENUMBER 95 L4
    RETURN
   L5
    LOCALVARIABLE this Lcom/examples/with/different/packagename/testcarver/AbstractConverter; L0 L5 0
    LOCALVARIABLE defaultValue Ljava/lang/Object; L0 L5 1
    MAXSTACK = 2
    MAXLOCALS = 2

  // access flags 0x2
  private _sw_prototype_original_isUseDefault()Z
   L0
    LINENUMBER 108 L0
    ALOAD 0
    DUP
    GETFIELD com/examples/with/different/packagename/testcarver/AbstractConverter.useDefault : Z
    SWAP
    LDC -2147483619
    LDC "com/examples/with/different/packagename/testcarver/AbstractConverter"
    LDC "useDefault"
    LDC "Z"
    INVOKESTATIC org/evosuite/testcarver/capture/FieldRegistry.notifyReadAccess (Ljava/lang/Object;ILjava/lang/String;Ljava/lang/String;Ljava/lang/String;)V
    IRETURN
   L1
    LOCALVARIABLE this Lcom/examples/with/different/packagename/testcarver/AbstractConverter; L0 L1 0
    MAXSTACK = 5
    MAXLOCALS = 1

  // access flags 0x2
  private _sw_prototype_original_convert(Ljava/lang/Class;Ljava/lang/Object;)Ljava/lang/Object;
    TRYCATCHBLOCK L0 L1 L2 java/lang/Throwable
    TRYCATCHBLOCK L3 L4 L2 java/lang/Throwable
    TRYCATCHBLOCK L5 L6 L2 java/lang/Throwable
   L7
    LINENUMBER 123 L7
    ALOAD 2
    IFNONNULL L8
    ACONST_NULL
    GOTO L9
   L8
    ALOAD 2
    INVOKEVIRTUAL java/lang/Object.getClass ()Ljava/lang/Class;
   L9
    ASTORE 3
   L10
    LINENUMBER 124 L10
    ALOAD 0
    ALOAD 1
    IFNONNULL L11
    ALOAD 0
    INVOKEVIRTUAL com/examples/with/different/packagename/testcarver/AbstractConverter.getDefaultType ()Ljava/lang/Class;
    GOTO L12
   L11
    ALOAD 1
   L12
    INVOKEVIRTUAL com/examples/with/different/packagename/testcarver/AbstractConverter.primitive (Ljava/lang/Class;)Ljava/lang/Class;
    ASTORE 4
   L13
    LINENUMBER 126 L13
    ALOAD 0
    ALOAD 2
    INVOKEVIRTUAL com/examples/with/different/packagename/testcarver/AbstractConverter.convertArray (Ljava/lang/Object;)Ljava/lang/Object;
    ASTORE 2
   L14
    LINENUMBER 129 L14
    ALOAD 2
    IFNONNULL L15
   L16
    LINENUMBER 130 L16
    ALOAD 0
    ALOAD 4
    INVOKEVIRTUAL com/examples/with/different/packagename/testcarver/AbstractConverter.handleMissing (Ljava/lang/Class;)Ljava/lang/Object;
    ARETURN
   L15
    LINENUMBER 133 L15
    ALOAD 2
    INVOKEVIRTUAL java/lang/Object.getClass ()Ljava/lang/Class;
    ASTORE 3
   L0
    LINENUMBER 137 L0
    ALOAD 4
    LDC Ljava/lang/String;.class
    INVOKEVIRTUAL java/lang/Object.equals (Ljava/lang/Object;)Z
    IFEQ L3
   L17
    LINENUMBER 138 L17
    ALOAD 0
    ALOAD 2
    INVOKEVIRTUAL com/examples/with/different/packagename/testcarver/AbstractConverter.convertToString (Ljava/lang/Object;)Ljava/lang/String;
   L1
    ARETURN
   L3
    LINENUMBER 141 L3
    ALOAD 4
    ALOAD 3
    INVOKEVIRTUAL java/lang/Object.equals (Ljava/lang/Object;)Z
    IFEQ L5
   L18
    LINENUMBER 142 L18
    ALOAD 2
   L4
    ARETURN
   L5
    LINENUMBER 146 L5
    ALOAD 0
    ALOAD 4
    ALOAD 2
    INVOKEVIRTUAL com/examples/with/different/packagename/testcarver/AbstractConverter.convertToType (Ljava/lang/Class;Ljava/lang/Object;)Ljava/lang/Object;
    ASTORE 5
   L19
    LINENUMBER 147 L19
    ALOAD 5
   L6
    ARETURN
   L2
    LINENUMBER 149 L2
    ASTORE 5
   L20
    LINENUMBER 150 L20
    ALOAD 0
    ALOAD 4
    ALOAD 2
    ALOAD 5
    INVOKEVIRTUAL com/examples/with/different/packagename/testcarver/AbstractConverter.handleError (Ljava/lang/Class;Ljava/lang/Object;Ljava/lang/Throwable;)Ljava/lang/Object;
    ARETURN
   L21
    LOCALVARIABLE result Ljava/lang/Object; L19 L2 5
    LOCALVARIABLE t Ljava/lang/Throwable; L20 L21 5
    LOCALVARIABLE this Lcom/examples/with/different/packagename/testcarver/AbstractConverter; L7 L21 0
    LOCALVARIABLE type Ljava/lang/Class; L7 L21 1
    LOCALVARIABLE value Ljava/lang/Object; L7 L21 2
    LOCALVARIABLE sourceType Ljava/lang/Class; L10 L21 3
    LOCALVARIABLE targetType Ljava/lang/Class; L13 L21 4
    MAXSTACK = 8
    MAXLOCALS = 6

  // access flags 0x4
  protected convertToString(Ljava/lang/Object;)Ljava/lang/String; throws java/lang/Throwable
   L0
    LINENUMBER 168 L0
    ALOAD 1
    INVOKEVIRTUAL java/lang/Object.toString ()Ljava/lang/String;
    ARETURN
   L1
    LOCALVARIABLE this Lcom/examples/with/different/packagename/testcarver/AbstractConverter; L0 L1 0
    LOCALVARIABLE value Ljava/lang/Object; L0 L1 1
    MAXSTACK = 1
    MAXLOCALS = 2

  // access flags 0x404
  protected abstract convertToType(Ljava/lang/Class;Ljava/lang/Object;)Ljava/lang/Object; throws java/lang/Throwable

  // access flags 0x4
  protected convertArray(Ljava/lang/Object;)Ljava/lang/Object;
   L0
    LINENUMBER 196 L0
    ALOAD 1
    IFNONNULL L1
   L2
    LINENUMBER 197 L2
    ACONST_NULL
    ARETURN
   L1
    LINENUMBER 199 L1
    ALOAD 1
    INVOKEVIRTUAL java/lang/Object.getClass ()Ljava/lang/Class;
    INVOKEVIRTUAL java/lang/Class.isArray ()Z
    IFEQ L3
   L4
    LINENUMBER 200 L4
    ALOAD 1
    INVOKESTATIC java/lang/reflect/Array.getLength (Ljava/lang/Object;)I
    IFLE L5
   L6
    LINENUMBER 201 L6
    ALOAD 1
    ICONST_0
    INVOKESTATIC java/lang/reflect/Array.get (Ljava/lang/Object;I)Ljava/lang/Object;
    ARETURN
   L5
    LINENUMBER 203 L5
    ACONST_NULL
    ARETURN
   L3
    LINENUMBER 206 L3
    ALOAD 1
    INSTANCEOF java/util/Collection
    IFEQ L7
   L8
    LINENUMBER 207 L8
    ALOAD 1
    CHECKCAST java/util/Collection
    ASTORE 2
   L9
    LINENUMBER 208 L9
    ALOAD 2
    INVOKEINTERFACE java/util/Collection.size ()I (itf)
    IFLE L10
   L11
    LINENUMBER 209 L11
    ALOAD 2
    INVOKEINTERFACE java/util/Collection.iterator ()Ljava/util/Iterator; (itf)
    INVOKEINTERFACE java/util/Iterator.next ()Ljava/lang/Object; (itf)
    ARETURN
   L10
    LINENUMBER 211 L10
    ACONST_NULL
    ARETURN
   L7
    LINENUMBER 214 L7
    ALOAD 1
    ARETURN
   L12
    LOCALVARIABLE collection Ljava/util/Collection; L9 L7 2
    LOCALVARIABLE this Lcom/examples/with/different/packagename/testcarver/AbstractConverter; L0 L12 0
    LOCALVARIABLE value Ljava/lang/Object; L0 L12 1
    MAXSTACK = 2
    MAXLOCALS = 3

  // access flags 0x4
  protected handleError(Ljava/lang/Class;Ljava/lang/Object;Ljava/lang/Throwable;)Ljava/lang/Object;
   L0
    LINENUMBER 231 L0
    ALOAD 0
    GETFIELD com/examples/with/different/packagename/testcarver/AbstractConverter.useDefault : Z
    IFEQ L1
   L2
    LINENUMBER 232 L2
    ALOAD 0
    ALOAD 1
    INVOKEVIRTUAL com/examples/with/different/packagename/testcarver/AbstractConverter.handleMissing (Ljava/lang/Class;)Ljava/lang/Object;
    ARETURN
   L1
    LINENUMBER 235 L1
    ACONST_NULL
    ASTORE 4
   L3
    LINENUMBER 236 L3
    ALOAD 3
    INSTANCEOF com/examples/with/different/packagename/testcarver/ConversionException
    IFEQ L4
   L5
    LINENUMBER 237 L5
    ALOAD 3
    CHECKCAST com/examples/with/different/packagename/testcarver/ConversionException
    ASTORE 4
    GOTO L6
   L4
    LINENUMBER 239 L4
    NEW java/lang/StringBuilder
    DUP
    INVOKESPECIAL java/lang/StringBuilder.<init> ()V
    LDC "Error converting from '"
    INVOKEVIRTUAL java/lang/StringBuilder.append (Ljava/lang/String;)Ljava/lang/StringBuilder;
    ALOAD 0
    ALOAD 2
    INVOKEVIRTUAL java/lang/Object.getClass ()Ljava/lang/Class;
    INVOKEVIRTUAL com/examples/with/different/packagename/testcarver/AbstractConverter.toString (Ljava/lang/Class;)Ljava/lang/String;
    INVOKEVIRTUAL java/lang/StringBuilder.append (Ljava/lang/String;)Ljava/lang/StringBuilder;
    LDC "' to '"
    INVOKEVIRTUAL java/lang/StringBuilder.append (Ljava/lang/String;)Ljava/lang/StringBuilder;
    ALOAD 0
    ALOAD 1
   L7
    LINENUMBER 240 L7
    INVOKEVIRTUAL com/examples/with/different/packagename/testcarver/AbstractConverter.toString (Ljava/lang/Class;)Ljava/lang/String;
    INVOKEVIRTUAL java/lang/StringBuilder.append (Ljava/lang/String;)Ljava/lang/StringBuilder;
    LDC "' "
    INVOKEVIRTUAL java/lang/StringBuilder.append (Ljava/lang/String;)Ljava/lang/StringBuilder;
    ALOAD 3
    INVOKEVIRTUAL java/lang/Throwable.getMessage ()Ljava/lang/String;
    INVOKEVIRTUAL java/lang/StringBuilder.append (Ljava/lang/String;)Ljava/lang/StringBuilder;
    INVOKEVIRTUAL java/lang/StringBuilder.toString ()Ljava/lang/String;
    ASTORE 5
   L8
    LINENUMBER 241 L8
    NEW com/examples/with/different/packagename/testcarver/ConversionException
    DUP
    ALOAD 5
    ALOAD 3
    INVOKESPECIAL com/examples/with/different/packagename/testcarver/ConversionException.<init> (Ljava/lang/String;Ljava/lang/Throwable;)V
    ASTORE 4
   L6
    LINENUMBER 245 L6
    ALOAD 4
    ATHROW
   L9
    LOCALVARIABLE msg Ljava/lang/String; L8 L6 5
    LOCALVARIABLE this Lcom/examples/with/different/packagename/testcarver/AbstractConverter; L0 L9 0
    LOCALVARIABLE type Ljava/lang/Class; L0 L9 1
    LOCALVARIABLE value Ljava/lang/Object; L0 L9 2
    LOCALVARIABLE cause Ljava/lang/Throwable; L0 L9 3
    LOCALVARIABLE cex Lcom/examples/with/different/packagename/testcarver/ConversionException; L3 L9 4
    MAXSTACK = 4
    MAXLOCALS = 6

  // access flags 0x4
  protected handleMissing(Ljava/lang/Class;)Ljava/lang/Object;
    TRYCATCHBLOCK L0 L1 L2 java/lang/Throwable
   L3
    LINENUMBER 262 L3
    ALOAD 0
    GETFIELD com/examples/with/different/packagename/testcarver/AbstractConverter.useDefault : Z
    IFNE L4
    ALOAD 1
    LDC Ljava/lang/String;.class
    INVOKEVIRTUAL java/lang/Object.equals (Ljava/lang/Object;)Z
    IFEQ L5
   L4
    LINENUMBER 263 L4
    ALOAD 0
    ALOAD 1
    INVOKEVIRTUAL com/examples/with/different/packagename/testcarver/AbstractConverter.getDefault (Ljava/lang/Class;)Ljava/lang/Object;
    ASTORE 2
   L6
    LINENUMBER 264 L6
    ALOAD 0
    GETFIELD com/examples/with/different/packagename/testcarver/AbstractConverter.useDefault : Z
    IFEQ L7
    ALOAD 2
    IFNULL L7
    ALOAD 1
    ALOAD 2
    INVOKEVIRTUAL java/lang/Object.getClass ()Ljava/lang/Class;
    INVOKEVIRTUAL java/lang/Object.equals (Ljava/lang/Object;)Z
    IFNE L7
   L0
    LINENUMBER 266 L0
    ALOAD 0
    ALOAD 1
    ALOAD 0
    GETFIELD com/examples/with/different/packagename/testcarver/AbstractConverter.defaultValue : Ljava/lang/Object;
    INVOKEVIRTUAL com/examples/with/different/packagename/testcarver/AbstractConverter.convertToType (Ljava/lang/Class;Ljava/lang/Object;)Ljava/lang/Object;
    ASTORE 2
   L1
    LINENUMBER 270 L1
    GOTO L7
   L2
    LINENUMBER 267 L2
    ASTORE 3
   L8
    LINENUMBER 268 L8
    GETSTATIC java/lang/System.err : Ljava/io/PrintStream;
    NEW java/lang/StringBuilder
    DUP
    INVOKESPECIAL java/lang/StringBuilder.<init> ()V
    LDC "    Default conversion to "
    INVOKEVIRTUAL java/lang/StringBuilder.append (Ljava/lang/String;)Ljava/lang/StringBuilder;
    ALOAD 0
    ALOAD 1
    INVOKEVIRTUAL com/examples/with/different/packagename/testcarver/AbstractConverter.toString (Ljava/lang/Class;)Ljava/lang/String;
    INVOKEVIRTUAL java/lang/StringBuilder.append (Ljava/lang/String;)Ljava/lang/StringBuilder;
    LDC "failed: "
    INVOKEVIRTUAL java/lang/StringBuilder.append (Ljava/lang/String;)Ljava/lang/StringBuilder;
    ALOAD 3
    INVOKEVIRTUAL java/lang/StringBuilder.append (Ljava/lang/Object;)Ljava/lang/StringBuilder;
    INVOKEVIRTUAL java/lang/StringBuilder.toString ()Ljava/lang/String;
    INVOKEVIRTUAL java/io/PrintStream.println (Ljava/lang/String;)V
   L7
    LINENUMBER 272 L7
    ALOAD 2
    ARETURN
   L5
    LINENUMBER 275 L5
    NEW com/examples/with/different/packagename/testcarver/ConversionException
    DUP
    NEW java/lang/StringBuilder
    DUP
    INVOKESPECIAL java/lang/StringBuilder.<init> ()V
    LDC "No value specified for '"
    INVOKEVIRTUAL java/lang/StringBuilder.append (Ljava/lang/String;)Ljava/lang/StringBuilder;
    ALOAD 0
    ALOAD 1
   L9
    LINENUMBER 276 L9
    INVOKEVIRTUAL com/examples/with/different/packagename/testcarver/AbstractConverter.toString (Ljava/lang/Class;)Ljava/lang/String;
    INVOKEVIRTUAL java/lang/StringBuilder.append (Ljava/lang/String;)Ljava/lang/StringBuilder;
    LDC "'"
    INVOKEVIRTUAL java/lang/StringBuilder.append (Ljava/lang/String;)Ljava/lang/StringBuilder;
    INVOKEVIRTUAL java/lang/StringBuilder.toString ()Ljava/lang/String;
    INVOKESPECIAL com/examples/with/different/packagename/testcarver/ConversionException.<init> (Ljava/lang/String;)V
    ASTORE 2
   L10
    LINENUMBER 277 L10
    ALOAD 2
    ATHROW
   L11
    LOCALVARIABLE t Ljava/lang/Throwable; L8 L7 3
    LOCALVARIABLE value Ljava/lang/Object; L6 L5 2
    LOCALVARIABLE this Lcom/examples/with/different/packagename/testcarver/AbstractConverter; L3 L11 0
    LOCALVARIABLE type Ljava/lang/Class; L3 L11 1
    LOCALVARIABLE cex Lcom/examples/with/different/packagename/testcarver/ConversionException; L10 L11 2
    MAXSTACK = 5
    MAXLOCALS = 4

  // access flags 0x4
  protected setDefaultValue(Ljava/lang/Object;)V
   L0
    LINENUMBER 295 L0
    ALOAD 0
    ICONST_0
    PUTFIELD com/examples/with/different/packagename/testcarver/AbstractConverter.useDefault : Z
   L1
    LINENUMBER 296 L1
    ALOAD 1
    IFNONNULL L2
   L3
    LINENUMBER 297 L3
    ALOAD 0
    ACONST_NULL
    PUTFIELD com/examples/with/different/packagename/testcarver/AbstractConverter.defaultValue : Ljava/lang/Object;
    GOTO L4
   L2
    LINENUMBER 299 L2
    ALOAD 0
    ALOAD 0
    ALOAD 0
    INVOKEVIRTUAL com/examples/with/different/packagename/testcarver/AbstractConverter.getDefaultType ()Ljava/lang/Class;
    ALOAD 1
    INVOKEVIRTUAL com/examples/with/different/packagename/testcarver/AbstractConverter.convert (Ljava/lang/Class;Ljava/lang/Object;)Ljava/lang/Object;
    PUTFIELD com/examples/with/different/packagename/testcarver/AbstractConverter.defaultValue : Ljava/lang/Object;
   L4
    LINENUMBER 301 L4
    ALOAD 0
    ICONST_1
    PUTFIELD com/examples/with/different/packagename/testcarver/AbstractConverter.useDefault : Z
   L5
    LINENUMBER 302 L5
    RETURN
   L6
    LOCALVARIABLE this Lcom/examples/with/different/packagename/testcarver/AbstractConverter; L0 L6 0
    LOCALVARIABLE defaultValue Ljava/lang/Object; L0 L6 1
    MAXSTACK = 4
    MAXLOCALS = 2

  // access flags 0x404
  protected abstract getDefaultType()Ljava/lang/Class;

  // access flags 0x4
  protected getDefault(Ljava/lang/Class;)Ljava/lang/Object;
   L0
    LINENUMBER 319 L0
    ALOAD 1
    LDC Ljava/lang/String;.class
    INVOKEVIRTUAL java/lang/Object.equals (Ljava/lang/Object;)Z
    IFEQ L1
   L2
    LINENUMBER 320 L2
    ACONST_NULL
    ARETURN
   L1
    LINENUMBER 322 L1
    ALOAD 0
    GETFIELD com/examples/with/different/packagename/testcarver/AbstractConverter.defaultValue : Ljava/lang/Object;
    ARETURN
   L3
    LOCALVARIABLE this Lcom/examples/with/different/packagename/testcarver/AbstractConverter; L0 L3 0
    LOCALVARIABLE type Ljava/lang/Class; L0 L3 1
    MAXSTACK = 2
    MAXLOCALS = 2

  // access flags 0x2
  private _sw_prototype_original_toString()Ljava/lang/String;
   L0
    LINENUMBER 332 L0
    NEW java/lang/StringBuilder
    DUP
    INVOKESPECIAL java/lang/StringBuilder.<init> ()V
    ALOAD 0
    ALOAD 0
    INVOKEVIRTUAL java/lang/Object.getClass ()Ljava/lang/Class;
    INVOKEVIRTUAL com/examples/with/different/packagename/testcarver/AbstractConverter.toString (Ljava/lang/Class;)Ljava/lang/String;
    INVOKEVIRTUAL java/lang/StringBuilder.append (Ljava/lang/String;)Ljava/lang/StringBuilder;
    LDC "[UseDefault="
    INVOKEVIRTUAL java/lang/StringBuilder.append (Ljava/lang/String;)Ljava/lang/StringBuilder;
    ALOAD 0
    DUP
    GETFIELD com/examples/with/different/packagename/testcarver/AbstractConverter.useDefault : Z
    SWAP
    LDC -2147483616
    LDC "com/examples/with/different/packagename/testcarver/AbstractConverter"
    LDC "useDefault"
    LDC "Z"
    INVOKESTATIC org/evosuite/testcarver/capture/FieldRegistry.notifyReadAccess (Ljava/lang/Object;ILjava/lang/String;Ljava/lang/String;Ljava/lang/String;)V
    INVOKEVIRTUAL java/lang/StringBuilder.append (Z)Ljava/lang/StringBuilder;
    LDC "]"
    INVOKEVIRTUAL java/lang/StringBuilder.append (Ljava/lang/String;)Ljava/lang/StringBuilder;
    INVOKEVIRTUAL java/lang/StringBuilder.toString ()Ljava/lang/String;
    ARETURN
   L1
    LOCALVARIABLE this Lcom/examples/with/different/packagename/testcarver/AbstractConverter; L0 L1 0
    MAXSTACK = 7
    MAXLOCALS = 1

  // access flags 0x0
  primitive(Ljava/lang/Class;)Ljava/lang/Class;
   L0
    LINENUMBER 344 L0
    ALOAD 1
    IFNULL L1
    ALOAD 1
    INVOKEVIRTUAL java/lang/Class.isPrimitive ()Z
    IFNE L2
   L1
    LINENUMBER 345 L1
    ALOAD 1
    ARETURN
   L2
    LINENUMBER 348 L2
    ALOAD 1
    GETSTATIC java/lang/Integer.TYPE : Ljava/lang/Class;
    IF_ACMPNE L3
   L4
    LINENUMBER 349 L4
    LDC Ljava/lang/Integer;.class
    ARETURN
   L3
    LINENUMBER 350 L3
    ALOAD 1
    GETSTATIC java/lang/Double.TYPE : Ljava/lang/Class;
    IF_ACMPNE L5
   L6
    LINENUMBER 351 L6
    LDC Ljava/lang/Double;.class
    ARETURN
   L5
    LINENUMBER 352 L5
    ALOAD 1
    GETSTATIC java/lang/Long.TYPE : Ljava/lang/Class;
    IF_ACMPNE L7
   L8
    LINENUMBER 353 L8
    LDC Ljava/lang/Long;.class
    ARETURN
   L7
    LINENUMBER 354 L7
    ALOAD 1
    GETSTATIC java/lang/Boolean.TYPE : Ljava/lang/Class;
    IF_ACMPNE L9
   L10
    LINENUMBER 355 L10
    LDC Ljava/lang/Boolean;.class
    ARETURN
   L9
    LINENUMBER 356 L9
    ALOAD 1
    GETSTATIC java/lang/Float.TYPE : Ljava/lang/Class;
    IF_ACMPNE L11
   L12
    LINENUMBER 357 L12
    LDC Ljava/lang/Float;.class
    ARETURN
   L11
    LINENUMBER 358 L11
    ALOAD 1
    GETSTATIC java/lang/Short.TYPE : Ljava/lang/Class;
    IF_ACMPNE L13
   L14
    LINENUMBER 359 L14
    LDC Ljava/lang/Short;.class
    ARETURN
   L13
    LINENUMBER 360 L13
    ALOAD 1
    GETSTATIC java/lang/Byte.TYPE : Ljava/lang/Class;
    IF_ACMPNE L15
   L16
    LINENUMBER 361 L16
    LDC Ljava/lang/Byte;.class
    ARETURN
   L15
    LINENUMBER 362 L15
    ALOAD 1
    GETSTATIC java/lang/Character.TYPE : Ljava/lang/Class;
    IF_ACMPNE L17
   L18
    LINENUMBER 363 L18
    LDC Ljava/lang/Character;.class
    ARETURN
   L17
    LINENUMBER 365 L17
    ALOAD 1
    ARETURN
   L19
    LOCALVARIABLE this Lcom/examples/with/different/packagename/testcarver/AbstractConverter; L0 L19 0
    LOCALVARIABLE type Ljava/lang/Class; L0 L19 1
    MAXSTACK = 2
    MAXLOCALS = 2

  // access flags 0x0
  toString(Ljava/lang/Class;)Ljava/lang/String;
   L0
    LINENUMBER 376 L0
    ACONST_NULL
    ASTORE 2
   L1
    LINENUMBER 377 L1
    ALOAD 1
    IFNONNULL L2
   L3
    LINENUMBER 378 L3
    LDC "null"
    ASTORE 2
    GOTO L4
   L2
    LINENUMBER 379 L2
    ALOAD 1
    INVOKEVIRTUAL java/lang/Class.isArray ()Z
    IFEQ L5
   L6
    LINENUMBER 380 L6
    ALOAD 1
    INVOKEVIRTUAL java/lang/Class.getComponentType ()Ljava/lang/Class;
    ASTORE 3
   L7
    LINENUMBER 381 L7
    ICONST_1
    ISTORE 4
   L8
    LINENUMBER 382 L8
    ALOAD 3
    INVOKEVIRTUAL java/lang/Class.isArray ()Z
    IFEQ L9
   L10
    LINENUMBER 383 L10
    ALOAD 3
    INVOKEVIRTUAL java/lang/Class.getComponentType ()Ljava/lang/Class;
    ASTORE 3
   L11
    LINENUMBER 384 L11
    IINC 4 1
    GOTO L8
   L9
    LINENUMBER 386 L9
    ALOAD 3
    INVOKEVIRTUAL java/lang/Class.getName ()Ljava/lang/String;
    ASTORE 2
   L12
    LINENUMBER 387 L12
    ICONST_0
    ISTORE 5
   L13
    ILOAD 5
    ILOAD 4
    IF_ICMPGE L14
   L15
    LINENUMBER 388 L15
    NEW java/lang/StringBuilder
    DUP
    INVOKESPECIAL java/lang/StringBuilder.<init> ()V
    ALOAD 2
    INVOKEVIRTUAL java/lang/StringBuilder.append (Ljava/lang/String;)Ljava/lang/StringBuilder;
    LDC "[]"
    INVOKEVIRTUAL java/lang/StringBuilder.append (Ljava/lang/String;)Ljava/lang/StringBuilder;
    INVOKEVIRTUAL java/lang/StringBuilder.toString ()Ljava/lang/String;
    ASTORE 2
   L16
    LINENUMBER 387 L16
    IINC 5 1
    GOTO L13
   L14
    LINENUMBER 390 L14
    GOTO L4
   L5
    LINENUMBER 391 L5
    ALOAD 1
    INVOKEVIRTUAL java/lang/Class.getName ()Ljava/lang/String;
    ASTORE 2
   L4
    LINENUMBER 393 L4
    ALOAD 2
    LDC "java.lang."
    INVOKEVIRTUAL java/lang/String.startsWith (Ljava/lang/String;)Z
    IFNE L17
    ALOAD 2
    LDC "java.util."
   L18
    LINENUMBER 394 L18
    INVOKEVIRTUAL java/lang/String.startsWith (Ljava/lang/String;)Z
    IFNE L17
    ALOAD 2
    LDC "java.math."
   L19
    LINENUMBER 395 L19
    INVOKEVIRTUAL java/lang/String.startsWith (Ljava/lang/String;)Z
    IFEQ L20
   L17
    LINENUMBER 396 L17
    ALOAD 2
    LDC "java.lang."
    INVOKEVIRTUAL java/lang/String.length ()I
    INVOKEVIRTUAL java/lang/String.substring (I)Ljava/lang/String;
    ASTORE 2
    GOTO L21
   L20
    LINENUMBER 397 L20
    ALOAD 2
    LDC "org.apache.commons.beanutils.converters."
    INVOKEVIRTUAL java/lang/String.startsWith (Ljava/lang/String;)Z
    IFEQ L21
   L22
    LINENUMBER 398 L22
    ALOAD 2
    LDC "org.apache.commons.beanutils.converters."
    INVOKEVIRTUAL java/lang/String.length ()I
    INVOKEVIRTUAL java/lang/String.substring (I)Ljava/lang/String;
    ASTORE 2
   L21
    LINENUMBER 400 L21
    ALOAD 2
    ARETURN
   L23
    LOCALVARIABLE i I L13 L14 5
    LOCALVARIABLE elementType Ljava/lang/Class; L7 L14 3
    LOCALVARIABLE count I L8 L14 4
    LOCALVARIABLE this Lcom/examples/with/different/packagename/testcarver/AbstractConverter; L0 L23 0
    LOCALVARIABLE type Ljava/lang/Class; L0 L23 1
    LOCALVARIABLE typeName Ljava/lang/String; L1 L23 2
    MAXSTACK = 2
    MAXLOCALS = 6

  // access flags 0x1
  public isUseDefault()Z
    TRYCATCHBLOCK L0 L1 L2 java/lang/Throwable
    ACONST_NULL
    ASTORE 1
   L0
    LDC -2147483618
    ALOAD 0
    LDC "isUseDefault"
    LDC "()Z"
    BIPUSH 0
    ANEWARRAY java/lang/Object
    INVOKESTATIC org/evosuite/testcarver/capture/Capturer.capture (ILjava/lang/Object;Ljava/lang/String;Ljava/lang/String;[Ljava/lang/Object;)V
    ALOAD 0
    INVOKEVIRTUAL com/examples/with/different/packagename/testcarver/AbstractConverter._sw_prototype_original_isUseDefault ()Z
    INVOKESTATIC java/lang/Boolean.valueOf (Z)Ljava/lang/Boolean;
    ASTORE 1
    ALOAD 1
    INVOKEVIRTUAL java/lang/Boolean.booleanValue ()Z
    ISTORE 3
   L1
    LDC -2147483618
    ALOAD 0
    ALOAD 1
    INVOKESTATIC org/evosuite/testcarver/capture/Capturer.enable (ILjava/lang/Object;Ljava/lang/Object;)V
    ILOAD 3
    IRETURN
   L2
   FRAME FULL [com/examples/with/different/packagename/testcarver/AbstractConverter java/lang/Boolean] [java/lang/Throwable]
    ASTORE 2
    LDC -2147483618
    ALOAD 0
    ALOAD 1
    INVOKESTATIC org/evosuite/testcarver/capture/Capturer.enable (ILjava/lang/Object;Ljava/lang/Object;)V
    ALOAD 2
    ATHROW
    MAXSTACK = 5
    MAXLOCALS = 0

  // access flags 0x1
  public convert(Ljava/lang/Class;Ljava/lang/Object;)Ljava/lang/Object;
    TRYCATCHBLOCK L0 L1 L2 java/lang/Throwable
    ACONST_NULL
    ASTORE 3
   L0
    LDC -2147483617
    ALOAD 0
    LDC "convert"
    LDC "(Ljava/lang/Class;Ljava/lang/Object;)Ljava/lang/Object;"
    BIPUSH 2
    ANEWARRAY java/lang/Object
    DUP
    BIPUSH 0
    ALOAD 1
    AASTORE
    DUP
    BIPUSH 1
    ALOAD 2
    AASTORE
    INVOKESTATIC org/evosuite/testcarver/capture/Capturer.capture (ILjava/lang/Object;Ljava/lang/String;Ljava/lang/String;[Ljava/lang/Object;)V
    ALOAD 0
    ALOAD 1
    ALOAD 2
    INVOKEVIRTUAL com/examples/with/different/packagename/testcarver/AbstractConverter._sw_prototype_original_convert (Ljava/lang/Class;Ljava/lang/Object;)Ljava/lang/Object;
    ASTORE 3
    ALOAD 3
    ASTORE 5
   L1
    LDC -2147483617
    ALOAD 0
    ALOAD 3
    INVOKESTATIC org/evosuite/testcarver/capture/Capturer.enable (ILjava/lang/Object;Ljava/lang/Object;)V
    ALOAD 5
    ARETURN
   L2
   FRAME FULL [com/examples/with/different/packagename/testcarver/AbstractConverter java/lang/Object] [java/lang/Throwable]
    ASTORE 4
    LDC -2147483617
    ALOAD 0
    ALOAD 3
    INVOKESTATIC org/evosuite/testcarver/capture/Capturer.enable (ILjava/lang/Object;Ljava/lang/Object;)V
    ALOAD 4
    ATHROW
    MAXSTACK = 8
    MAXLOCALS = 0

  // access flags 0x1
  public toString()Ljava/lang/String;
    TRYCATCHBLOCK L0 L1 L2 java/lang/Throwable
    ACONST_NULL
    ASTORE 1
   L0
    LDC -2147483615
    ALOAD 0
    LDC "toString"
    LDC "()Ljava/lang/String;"
    BIPUSH 0
    ANEWARRAY java/lang/Object
    INVOKESTATIC org/evosuite/testcarver/capture/Capturer.capture (ILjava/lang/Object;Ljava/lang/String;Ljava/lang/String;[Ljava/lang/Object;)V
    ALOAD 0
    INVOKEVIRTUAL com/examples/with/different/packagename/testcarver/AbstractConverter._sw_prototype_original_toString ()Ljava/lang/String;
    ASTORE 1
    ALOAD 1
    ASTORE 3
   L1
    LDC -2147483615
    ALOAD 0
    ALOAD 1
    INVOKESTATIC org/evosuite/testcarver/capture/Capturer.enable (ILjava/lang/Object;Ljava/lang/Object;)V
    ALOAD 3
    ARETURN
   L2
   FRAME FULL [com/examples/with/different/packagename/testcarver/AbstractConverter java/lang/String] [java/lang/Throwable]
    ASTORE 2
    LDC -2147483615
    ALOAD 0
    ALOAD 1
    INVOKESTATIC org/evosuite/testcarver/capture/Capturer.enable (ILjava/lang/Object;Ljava/lang/Object;)V
    ALOAD 2
    ATHROW
    MAXSTACK = 7
    MAXLOCALS = 0
}
INFO  org.evosuite.testcarver.extraction.CarvingClassLoader - Seeing class for first time: com.examples.with.different.packagename.testcarver.Converter
WARN  org.evosuite.testcarver.extraction.CarvingClassLoader - Instrumenting class 'com.examples.with.different.packagename.testcarver.Converter'.
INFO  org.evosuite.testcarver.extraction.CarvingClassLoader - Keeping class: com.examples.with.different.packagename.testcarver.Converter
INFO  org.evosuite.testcarver.extraction.CarvingClassLoader - Keeping class: com.examples.with.different.packagename.testcarver.AbstractConverter
INFO  org.evosuite.testcarver.extraction.CarvingClassLoader - Keeping class: com.examples.with.different.packagename.testcarver.ArrayConverter
INFO  org.evosuite.testcarver.extraction.CarvingClassLoader - Seeing class for first time: com.examples.with.different.packagename.testcarver.ArrayConverterTestCase
WARN  org.evosuite.testcarver.extraction.CarvingClassLoader - Instrumenting class 'com.examples.with.different.packagename.testcarver.ArrayConverterTestCase'.
INFO  org.evosuite.testcarver.instrument.Instrumenter - Checking package com.examples.with.different.packagename.testcarver for class com/examples/with/different/packagename/testcarver/ArrayConverterTestCase
// class version 52.0 (52)
// access flags 0x21
public class com/examples/with/different/packagename/testcarver/ArrayConverterTestCase extends junit/framework/TestCase {

  // compiled from: ArrayConverterTestCase.java

  // access flags 0x2
  private _sw_prototype_original_init_sw_prototype_original_(Ljava/lang/String;)V
    ALOAD 0
    INVOKESTATIC org/evosuite/testcarver/capture/FieldRegistry.register (Ljava/lang/Object;)V
   L0
    LINENUMBER 43 L0
    RETURN
   L1
    LOCALVARIABLE this Lcom/examples/with/different/packagename/testcarver/ArrayConverterTestCase; L2 L1 0
    LOCALVARIABLE name Ljava/lang/String; L2 L1 1
    MAXSTACK = 6
    MAXLOCALS = 2

  // access flags 0xA
  private static _sw_prototype_original_suite()Ljunit/framework/TestSuite;
   L0
    LINENUMBER 53 L0
    NEW junit/framework/TestSuite
    DUP
    LDC Lcom/examples/with/different/packagename/testcarver/ArrayConverterTestCase;.class
    INVOKESPECIAL junit/framework/TestSuite.<init> (Ljava/lang/Class;)V
    ARETURN
    MAXSTACK = 7
    MAXLOCALS = 0

  // access flags 0x2
  private _sw_prototype_original_setUp()V throws java/lang/Exception
   L0
    LINENUMBER 60 L0
    RETURN
   L1
    LOCALVARIABLE this Lcom/examples/with/different/packagename/testcarver/ArrayConverterTestCase; L0 L1 0
    MAXSTACK = 4
    MAXLOCALS = 1

  // access flags 0x2
  private _sw_prototype_original_tearDown()V throws java/lang/Exception
   L0
    LINENUMBER 66 L0
    RETURN
   L1
    LOCALVARIABLE this Lcom/examples/with/different/packagename/testcarver/ArrayConverterTestCase; L0 L1 0
    MAXSTACK = 4
    MAXLOCALS = 1

  // access flags 0x2
  private _sw_prototype_original_testComponentIntegerConverter()V
    TRYCATCHBLOCK L0 L1 L2 java/lang/Exception
    TRYCATCHBLOCK L3 L4 L5 java/lang/Exception
    TRYCATCHBLOCK L6 L7 L8 java/lang/Exception
    TRYCATCHBLOCK L9 L10 L11 java/lang/Exception
    TRYCATCHBLOCK L12 L13 L14 java/lang/Exception
    TRYCATCHBLOCK L15 L16 L17 java/lang/Exception
    TRYCATCHBLOCK L18 L19 L20 java/lang/Exception
    TRYCATCHBLOCK L21 L22 L23 java/lang/Exception
    TRYCATCHBLOCK L24 L25 L26 java/lang/Exception
    TRYCATCHBLOCK L27 L28 L29 java/lang/Exception
    TRYCATCHBLOCK L30 L31 L32 java/lang/Exception
    TRYCATCHBLOCK L33 L34 L35 java/lang/Exception
    TRYCATCHBLOCK L36 L37 L38 java/lang/Exception
    TRYCATCHBLOCK L39 L40 L41 java/lang/Exception
   L42
    LINENUMBER 76 L42
    NEW com/examples/with/different/packagename/testcarver/IntegerConverter
    DUP
    ICONST_0
    INVOKESTATIC java/lang/Integer.valueOf (I)Ljava/lang/Integer;
    INVOKESPECIAL com/examples/with/different/packagename/testcarver/IntegerConverter.<init> (Ljava/lang/Object;)V
    ASTORE 1
   L43
    LINENUMBER 77 L43
    ALOAD 1
    LDC "#,###"
    INVOKEVIRTUAL com/examples/with/different/packagename/testcarver/IntegerConverter.setPattern (Ljava/lang/String;)V
   L44
    LINENUMBER 78 L44
    ALOAD 1
    GETSTATIC java/util/Locale.US : Ljava/util/Locale;
    ACONST_NULL
    LDC -2147483610
    LDC "java/util/Locale"
    LDC "US"
    LDC "Ljava/util/Locale;"
    INVOKESTATIC org/evosuite/testcarver/capture/FieldRegistry.notifyReadAccess (Ljava/lang/Object;ILjava/lang/String;Ljava/lang/String;Ljava/lang/String;)V
    INVOKEVIRTUAL com/examples/with/different/packagename/testcarver/IntegerConverter.setLocale (Ljava/util/Locale;)V
   L45
    LINENUMBER 79 L45
    NEW com/examples/with/different/packagename/testcarver/ArrayConverter
    DUP
    LDC [I.class
    ALOAD 1
    ICONST_0
    INVOKESPECIAL com/examples/with/different/packagename/testcarver/ArrayConverter.<init> (Ljava/lang/Class;Lcom/examples/with/different/packagename/testcarver/Converter;I)V
    ASTORE 2
   L46
    LINENUMBER 80 L46
    ALOAD 2
    ICONST_2
    NEWARRAY T_CHAR
    DUP
    ICONST_0
    BIPUSH 44
    CASTORE
    DUP
    ICONST_1
    BIPUSH 45
    CASTORE
    INVOKEVIRTUAL com/examples/with/different/packagename/testcarver/ArrayConverter.setAllowedChars ([C)V
   L47
    LINENUMBER 81 L47
    ALOAD 2
    BIPUSH 59
    INVOKEVIRTUAL com/examples/with/different/packagename/testcarver/ArrayConverter.setDelimiter (C)V
   L48
    LINENUMBER 84 L48
    ICONST_4
    NEWARRAY T_INT
    DUP
    ICONST_0
    SIPUSH 1111
    IASTORE
    DUP
    ICONST_1
    SIPUSH 2222
    IASTORE
    DUP
    ICONST_2
    SIPUSH 3333
    IASTORE
    DUP
    ICONST_3
    SIPUSH 4444
    IASTORE
    ASTORE 3
   L49
    LINENUMBER 85 L49
    LDC "1,111; 2,222; 3,333; 4,444"
    ASTORE 4
   L50
    LINENUMBER 86 L50
    NEW java/lang/StringBuilder
    DUP
    INVOKESPECIAL java/lang/StringBuilder.<init> ()V
    ALOAD 3
    ICONST_0
    IALOAD
    INVOKEVIRTUAL java/lang/StringBuilder.append (I)Ljava/lang/StringBuilder;
    LDC ";"
    INVOKEVIRTUAL java/lang/StringBuilder.append (Ljava/lang/String;)Ljava/lang/StringBuilder;
    ALOAD 3
    ICONST_1
    IALOAD
    INVOKEVIRTUAL java/lang/StringBuilder.append (I)Ljava/lang/StringBuilder;
    LDC ";"
    INVOKEVIRTUAL java/lang/StringBuilder.append (Ljava/lang/String;)Ljava/lang/StringBuilder;
    ALOAD 3
    ICONST_2
    IALOAD
    INVOKEVIRTUAL java/lang/StringBuilder.append (I)Ljava/lang/StringBuilder;
    LDC ";"
    INVOKEVIRTUAL java/lang/StringBuilder.append (Ljava/lang/String;)Ljava/lang/StringBuilder;
    ALOAD 3
    ICONST_3
    IALOAD
    INVOKEVIRTUAL java/lang/StringBuilder.append (I)Ljava/lang/StringBuilder;
    INVOKEVIRTUAL java/lang/StringBuilder.toString ()Ljava/lang/String;
    ASTORE 5
   L51
    LINENUMBER 87 L51
    ICONST_4
    ANEWARRAY java/lang/String
    DUP
    ICONST_0
    NEW java/lang/StringBuilder
    DUP
    INVOKESPECIAL java/lang/StringBuilder.<init> ()V
    LDC ""
    INVOKEVIRTUAL java/lang/StringBuilder.append (Ljava/lang/String;)Ljava/lang/StringBuilder;
    ALOAD 3
    ICONST_0
    IALOAD
    INVOKEVIRTUAL java/lang/StringBuilder.append (I)Ljava/lang/StringBuilder;
    INVOKEVIRTUAL java/lang/StringBuilder.toString ()Ljava/lang/String;
    AASTORE
    DUP
    ICONST_1
    NEW java/lang/StringBuilder
    DUP
    INVOKESPECIAL java/lang/StringBuilder.<init> ()V
    LDC ""
    INVOKEVIRTUAL java/lang/StringBuilder.append (Ljava/lang/String;)Ljava/lang/StringBuilder;
    ALOAD 3
    ICONST_1
    IALOAD
    INVOKEVIRTUAL java/lang/StringBuilder.append (I)Ljava/lang/StringBuilder;
    INVOKEVIRTUAL java/lang/StringBuilder.toString ()Ljava/lang/String;
    AASTORE
    DUP
    ICONST_2
    NEW java/lang/StringBuilder
    DUP
    INVOKESPECIAL java/lang/StringBuilder.<init> ()V
    LDC ""
    INVOKEVIRTUAL java/lang/StringBuilder.append (Ljava/lang/String;)Ljava/lang/StringBuilder;
    ALOAD 3
    ICONST_2
    IALOAD
    INVOKEVIRTUAL java/lang/StringBuilder.append (I)Ljava/lang/StringBuilder;
    INVOKEVIRTUAL java/lang/StringBuilder.toString ()Ljava/lang/String;
    AASTORE
    DUP
    ICONST_3
    NEW java/lang/StringBuilder
    DUP
    INVOKESPECIAL java/lang/StringBuilder.<init> ()V
    LDC ""
    INVOKEVIRTUAL java/lang/StringBuilder.append (Ljava/lang/String;)Ljava/lang/StringBuilder;
    ALOAD 3
    ICONST_3
    IALOAD
    INVOKEVIRTUAL java/lang/StringBuilder.append (I)Ljava/lang/StringBuilder;
    INVOKEVIRTUAL java/lang/StringBuilder.toString ()Ljava/lang/String;
    AASTORE
    ASTORE 6
   L52
    LINENUMBER 88 L52
    ICONST_4
    NEWARRAY T_LONG
    DUP
    ICONST_0
    ALOAD 3
    ICONST_0
    IALOAD
    I2L
    LASTORE
    DUP
    ICONST_1
    ALOAD 3
    ICONST_1
    IALOAD
    I2L
    LASTORE
    DUP
    ICONST_2
    ALOAD 3
    ICONST_2
    IALOAD
    I2L
    LASTORE
    DUP
    ICONST_3
    ALOAD 3
    ICONST_3
    IALOAD
    I2L
    LASTORE
    ASTORE 7
   L53
    LINENUMBER 89 L53
    ICONST_4
    ANEWARRAY java/lang/Long
    DUP
    ICONST_0
    ALOAD 3
    ICONST_0
    IALOAD
    I2L
    INVOKESTATIC java/lang/Long.valueOf (J)Ljava/lang/Long;
    AASTORE
    DUP
    ICONST_1
    ALOAD 3
    ICONST_1
    IALOAD
    I2L
    INVOKESTATIC java/lang/Long.valueOf (J)Ljava/lang/Long;
    AASTORE
    DUP
    ICONST_2
    ALOAD 3
    ICONST_2
    IALOAD
    I2L
    INVOKESTATIC java/lang/Long.valueOf (J)Ljava/lang/Long;
    AASTORE
    DUP
    ICONST_3
    ALOAD 3
    ICONST_3
    IALOAD
    I2L
    INVOKESTATIC java/lang/Long.valueOf (J)Ljava/lang/Long;
    AASTORE
    ASTORE 8
   L54
    LINENUMBER 90 L54
    ICONST_4
    ANEWARRAY java/lang/Integer
    DUP
    ICONST_0
    ALOAD 3
    ICONST_0
    IALOAD
    INVOKESTATIC java/lang/Integer.valueOf (I)Ljava/lang/Integer;
    AASTORE
    DUP
    ICONST_1
    ALOAD 3
    ICONST_1
    IALOAD
    INVOKESTATIC java/lang/Integer.valueOf (I)Ljava/lang/Integer;
    AASTORE
    DUP
    ICONST_2
    ALOAD 3
    ICONST_2
    IALOAD
    INVOKESTATIC java/lang/Integer.valueOf (I)Ljava/lang/Integer;
    AASTORE
    DUP
    ICONST_3
    ALOAD 3
    ICONST_3
    IALOAD
    INVOKESTATIC java/lang/Integer.valueOf (I)Ljava/lang/Integer;
    AASTORE
    ASTORE 9
   L55
    LINENUMBER 91 L55
    NEW java/util/ArrayList
    DUP
    INVOKESPECIAL java/util/ArrayList.<init> ()V
    ASTORE 10
   L56
    LINENUMBER 92 L56
    NEW java/util/ArrayList
    DUP
    INVOKESPECIAL java/util/ArrayList.<init> ()V
    ASTORE 11
   L57
    LINENUMBER 93 L57
    ICONST_0
    ISTORE 12
   L58
    ILOAD 12
    ALOAD 6
    ARRAYLENGTH
    IF_ICMPGE L59
   L60
    LINENUMBER 94 L60
    ALOAD 10
    ALOAD 6
    ILOAD 12
    AALOAD
    INVOKEVIRTUAL java/util/ArrayList.add (Ljava/lang/Object;)Z
    POP
   L61
    LINENUMBER 95 L61
    ALOAD 11
    ALOAD 8
    ILOAD 12
    AALOAD
    INVOKEVIRTUAL java/util/ArrayList.add (Ljava/lang/Object;)Z
    POP
   L62
    LINENUMBER 93 L62
    IINC 12 1
    GOTO L58
   L59
    LINENUMBER 99 L59
    ACONST_NULL
    ASTORE 12
   L0
    LINENUMBER 103 L0
    LDC "String --> int[]"
    ASTORE 12
   L63
    LINENUMBER 104 L63
    ALOAD 0
    ALOAD 12
    ALOAD 3
    ALOAD 2
    LDC [I.class
    ALOAD 4
    INVOKEVIRTUAL com/examples/with/different/packagename/testcarver/ArrayConverter.convert (Ljava/lang/Class;Ljava/lang/Object;)Ljava/lang/Object;
    INVOKESPECIAL com/examples/with/different/packagename/testcarver/ArrayConverterTestCase.checkArray (Ljava/lang/String;Ljava/lang/Object;Ljava/lang/Object;)V
   L1
    LINENUMBER 107 L1
    GOTO L3
   L2
    LINENUMBER 105 L2
    ASTORE 13
   L64
    LINENUMBER 106 L64
    NEW java/lang/StringBuilder
    DUP
    INVOKESPECIAL java/lang/StringBuilder.<init> ()V
    ALOAD 12
    INVOKEVIRTUAL java/lang/StringBuilder.append (Ljava/lang/String;)Ljava/lang/StringBuilder;
    LDC " failed "
    INVOKEVIRTUAL java/lang/StringBuilder.append (Ljava/lang/String;)Ljava/lang/StringBuilder;
    ALOAD 13
    INVOKEVIRTUAL java/lang/StringBuilder.append (Ljava/lang/Object;)Ljava/lang/StringBuilder;
    INVOKEVIRTUAL java/lang/StringBuilder.toString ()Ljava/lang/String;
    INVOKESTATIC com/examples/with/different/packagename/testcarver/ArrayConverterTestCase.fail (Ljava/lang/String;)V
   L3
    LINENUMBER 111 L3
    LDC "String --> Integer[] (with braces)"
    ASTORE 12
   L65
    LINENUMBER 112 L65
    ALOAD 0
    ALOAD 12
    ALOAD 9
    ALOAD 2
    LDC [Ljava/lang/Integer;.class
    NEW java/lang/StringBuilder
    DUP
    INVOKESPECIAL java/lang/StringBuilder.<init> ()V
    LDC "{"
    INVOKEVIRTUAL java/lang/StringBuilder.append (Ljava/lang/String;)Ljava/lang/StringBuilder;
    ALOAD 4
    INVOKEVIRTUAL java/lang/StringBuilder.append (Ljava/lang/String;)Ljava/lang/StringBuilder;
    LDC "}"
    INVOKEVIRTUAL java/lang/StringBuilder.append (Ljava/lang/String;)Ljava/lang/StringBuilder;
    INVOKEVIRTUAL java/lang/StringBuilder.toString ()Ljava/lang/String;
    INVOKEVIRTUAL com/examples/with/different/packagename/testcarver/ArrayConverter.convert (Ljava/lang/Class;Ljava/lang/Object;)Ljava/lang/Object;
    INVOKESPECIAL com/examples/with/different/packagename/testcarver/ArrayConverterTestCase.checkArray (Ljava/lang/String;Ljava/lang/Object;Ljava/lang/Object;)V
   L4
    LINENUMBER 115 L4
    GOTO L6
   L5
    LINENUMBER 113 L5
    ASTORE 13
   L66
    LINENUMBER 114 L66
    NEW java/lang/StringBuilder
    DUP
    INVOKESPECIAL java/lang/StringBuilder.<init> ()V
    ALOAD 12
    INVOKEVIRTUAL java/lang/StringBuilder.append (Ljava/lang/String;)Ljava/lang/StringBuilder;
    LDC " failed "
    INVOKEVIRTUAL java/lang/StringBuilder.append (Ljava/lang/String;)Ljava/lang/StringBuilder;
    ALOAD 13
    INVOKEVIRTUAL java/lang/StringBuilder.append (Ljava/lang/Object;)Ljava/lang/StringBuilder;
    INVOKEVIRTUAL java/lang/StringBuilder.toString ()Ljava/lang/String;
    INVOKESTATIC com/examples/with/different/packagename/testcarver/ArrayConverterTestCase.fail (Ljava/lang/String;)V
   L6
    LINENUMBER 119 L6
    LDC "String[] --> int[]"
    ASTORE 12
   L67
    LINENUMBER 120 L67
    ALOAD 0
    ALOAD 12
    ALOAD 3
    ALOAD 2
    LDC [I.class
    ALOAD 6
    INVOKEVIRTUAL com/examples/with/different/packagename/testcarver/ArrayConverter.convert (Ljava/lang/Class;Ljava/lang/Object;)Ljava/lang/Object;
    INVOKESPECIAL com/examples/with/different/packagename/testcarver/ArrayConverterTestCase.checkArray (Ljava/lang/String;Ljava/lang/Object;Ljava/lang/Object;)V
   L7
    LINENUMBER 123 L7
    GOTO L9
   L8
    LINENUMBER 121 L8
    ASTORE 13
   L68
    LINENUMBER 122 L68
    NEW java/lang/StringBuilder
    DUP
    INVOKESPECIAL java/lang/StringBuilder.<init> ()V
    ALOAD 12
    INVOKEVIRTUAL java/lang/StringBuilder.append (Ljava/lang/String;)Ljava/lang/StringBuilder;
    LDC " failed "
    INVOKEVIRTUAL java/lang/StringBuilder.append (Ljava/lang/String;)Ljava/lang/StringBuilder;
    ALOAD 13
    INVOKEVIRTUAL java/lang/StringBuilder.append (Ljava/lang/Object;)Ljava/lang/StringBuilder;
    INVOKEVIRTUAL java/lang/StringBuilder.toString ()Ljava/lang/String;
    INVOKESTATIC com/examples/with/different/packagename/testcarver/ArrayConverterTestCase.fail (Ljava/lang/String;)V
   L9
    LINENUMBER 127 L9
    LDC "String[] --> Integer[]"
    ASTORE 12
   L69
    LINENUMBER 128 L69
    ALOAD 0
    ALOAD 12
    ALOAD 9
    ALOAD 2
    LDC [Ljava/lang/Integer;.class
    ALOAD 6
    INVOKEVIRTUAL com/examples/with/different/packagename/testcarver/ArrayConverter.convert (Ljava/lang/Class;Ljava/lang/Object;)Ljava/lang/Object;
    INVOKESPECIAL com/examples/with/different/packagename/testcarver/ArrayConverterTestCase.checkArray (Ljava/lang/String;Ljava/lang/Object;Ljava/lang/Object;)V
   L10
    LINENUMBER 131 L10
    GOTO L12
   L11
    LINENUMBER 129 L11
    ASTORE 13
   L70
    LINENUMBER 130 L70
    NEW java/lang/StringBuilder
    DUP
    INVOKESPECIAL java/lang/StringBuilder.<init> ()V
    ALOAD 12
    INVOKEVIRTUAL java/lang/StringBuilder.append (Ljava/lang/String;)Ljava/lang/StringBuilder;
    LDC " failed "
    INVOKEVIRTUAL java/lang/StringBuilder.append (Ljava/lang/String;)Ljava/lang/StringBuilder;
    ALOAD 13
    INVOKEVIRTUAL java/lang/StringBuilder.append (Ljava/lang/Object;)Ljava/lang/StringBuilder;
    INVOKEVIRTUAL java/lang/StringBuilder.toString ()Ljava/lang/String;
    INVOKESTATIC com/examples/with/different/packagename/testcarver/ArrayConverterTestCase.fail (Ljava/lang/String;)V
   L12
    LINENUMBER 135 L12
    LDC "long[] --> int[]"
    ASTORE 12
   L71
    LINENUMBER 136 L71
    ALOAD 0
    ALOAD 12
    ALOAD 3
    ALOAD 2
    LDC [I.class
    ALOAD 7
    INVOKEVIRTUAL com/examples/with/different/packagename/testcarver/ArrayConverter.convert (Ljava/lang/Class;Ljava/lang/Object;)Ljava/lang/Object;
    INVOKESPECIAL com/examples/with/different/packagename/testcarver/ArrayConverterTestCase.checkArray (Ljava/lang/String;Ljava/lang/Object;Ljava/lang/Object;)V
   L13
    LINENUMBER 139 L13
    GOTO L15
   L14
    LINENUMBER 137 L14
    ASTORE 13
   L72
    LINENUMBER 138 L72
    NEW java/lang/StringBuilder
    DUP
    INVOKESPECIAL java/lang/StringBuilder.<init> ()V
    ALOAD 12
    INVOKEVIRTUAL java/lang/StringBuilder.append (Ljava/lang/String;)Ljava/lang/StringBuilder;
    LDC " failed "
    INVOKEVIRTUAL java/lang/StringBuilder.append (Ljava/lang/String;)Ljava/lang/StringBuilder;
    ALOAD 13
    INVOKEVIRTUAL java/lang/StringBuilder.append (Ljava/lang/Object;)Ljava/lang/StringBuilder;
    INVOKEVIRTUAL java/lang/StringBuilder.toString ()Ljava/lang/String;
    INVOKESTATIC com/examples/with/different/packagename/testcarver/ArrayConverterTestCase.fail (Ljava/lang/String;)V
   L15
    LINENUMBER 143 L15
    LDC "Long --> int[]"
    ASTORE 12
   L73
    LINENUMBER 144 L73
    ALOAD 0
    ALOAD 12
    ICONST_1
    NEWARRAY T_INT
    DUP
    ICONST_0
    ALOAD 8
    ICONST_0
    AALOAD
    INVOKEVIRTUAL java/lang/Long.intValue ()I
    IASTORE
    ALOAD 2
    LDC [I.class
    ALOAD 8
    ICONST_0
    AALOAD
    INVOKEVIRTUAL com/examples/with/different/packagename/testcarver/ArrayConverter.convert (Ljava/lang/Class;Ljava/lang/Object;)Ljava/lang/Object;
    INVOKESPECIAL com/examples/with/different/packagename/testcarver/ArrayConverterTestCase.checkArray (Ljava/lang/String;Ljava/lang/Object;Ljava/lang/Object;)V
   L16
    LINENUMBER 147 L16
    GOTO L18
   L17
    LINENUMBER 145 L17
    ASTORE 13
   L74
    LINENUMBER 146 L74
    NEW java/lang/StringBuilder
    DUP
    INVOKESPECIAL java/lang/StringBuilder.<init> ()V
    ALOAD 12
    INVOKEVIRTUAL java/lang/StringBuilder.append (Ljava/lang/String;)Ljava/lang/StringBuilder;
    LDC " failed "
    INVOKEVIRTUAL java/lang/StringBuilder.append (Ljava/lang/String;)Ljava/lang/StringBuilder;
    ALOAD 13
    INVOKEVIRTUAL java/lang/StringBuilder.append (Ljava/lang/Object;)Ljava/lang/StringBuilder;
    INVOKEVIRTUAL java/lang/StringBuilder.toString ()Ljava/lang/String;
    INVOKESTATIC com/examples/with/different/packagename/testcarver/ArrayConverterTestCase.fail (Ljava/lang/String;)V
   L18
    LINENUMBER 151 L18
    LDC "LONG[] --> int[]"
    ASTORE 12
   L75
    LINENUMBER 152 L75
    ALOAD 0
    ALOAD 12
    ALOAD 3
    ALOAD 2
    LDC [I.class
    ALOAD 8
    INVOKEVIRTUAL com/examples/with/different/packagename/testcarver/ArrayConverter.convert (Ljava/lang/Class;Ljava/lang/Object;)Ljava/lang/Object;
    INVOKESPECIAL com/examples/with/different/packagename/testcarver/ArrayConverterTestCase.checkArray (Ljava/lang/String;Ljava/lang/Object;Ljava/lang/Object;)V
   L19
    LINENUMBER 155 L19
    GOTO L21
   L20
    LINENUMBER 153 L20
    ASTORE 13
   L76
    LINENUMBER 154 L76
    NEW java/lang/StringBuilder
    DUP
    INVOKESPECIAL java/lang/StringBuilder.<init> ()V
    ALOAD 12
    INVOKEVIRTUAL java/lang/StringBuilder.append (Ljava/lang/String;)Ljava/lang/StringBuilder;
    LDC " failed "
    INVOKEVIRTUAL java/lang/StringBuilder.append (Ljava/lang/String;)Ljava/lang/StringBuilder;
    ALOAD 13
    INVOKEVIRTUAL java/lang/StringBuilder.append (Ljava/lang/Object;)Ljava/lang/StringBuilder;
    INVOKEVIRTUAL java/lang/StringBuilder.toString ()Ljava/lang/String;
    INVOKESTATIC com/examples/with/different/packagename/testcarver/ArrayConverterTestCase.fail (Ljava/lang/String;)V
   L21
    LINENUMBER 159 L21
    LDC "Long --> String"
    ASTORE 12
   L77
    LINENUMBER 160 L77
    ALOAD 12
    NEW java/lang/StringBuilder
    DUP
    INVOKESPECIAL java/lang/StringBuilder.<init> ()V
    ALOAD 8
    ICONST_0
    AALOAD
    INVOKEVIRTUAL java/lang/StringBuilder.append (Ljava/lang/Object;)Ljava/lang/StringBuilder;
    LDC ""
    INVOKEVIRTUAL java/lang/StringBuilder.append (Ljava/lang/String;)Ljava/lang/StringBuilder;
    INVOKEVIRTUAL java/lang/StringBuilder.toString ()Ljava/lang/String;
    ALOAD 2
    LDC Ljava/lang/String;.class
    ALOAD 8
    ICONST_0
    AALOAD
    INVOKEVIRTUAL com/examples/with/different/packagename/testcarver/ArrayConverter.convert (Ljava/lang/Class;Ljava/lang/Object;)Ljava/lang/Object;
    INVOKESTATIC com/examples/with/different/packagename/testcarver/ArrayConverterTestCase.assertEquals (Ljava/lang/String;Ljava/lang/Object;Ljava/lang/Object;)V
   L22
    LINENUMBER 163 L22
    GOTO L24
   L23
    LINENUMBER 161 L23
    ASTORE 13
   L78
    LINENUMBER 162 L78
    NEW java/lang/StringBuilder
    DUP
    INVOKESPECIAL java/lang/StringBuilder.<init> ()V
    ALOAD 12
    INVOKEVIRTUAL java/lang/StringBuilder.append (Ljava/lang/String;)Ljava/lang/StringBuilder;
    LDC " failed "
    INVOKEVIRTUAL java/lang/StringBuilder.append (Ljava/lang/String;)Ljava/lang/StringBuilder;
    ALOAD 13
    INVOKEVIRTUAL java/lang/StringBuilder.append (Ljava/lang/Object;)Ljava/lang/StringBuilder;
    INVOKEVIRTUAL java/lang/StringBuilder.toString ()Ljava/lang/String;
    INVOKESTATIC com/examples/with/different/packagename/testcarver/ArrayConverterTestCase.fail (Ljava/lang/String;)V
   L24
    LINENUMBER 167 L24
    LDC "LONG[] --> String (first)"
    ASTORE 12
   L79
    LINENUMBER 168 L79
    ALOAD 12
    NEW java/lang/StringBuilder
    DUP
    INVOKESPECIAL java/lang/StringBuilder.<init> ()V
    ALOAD 8
    ICONST_0
    AALOAD
    INVOKEVIRTUAL java/lang/StringBuilder.append (Ljava/lang/Object;)Ljava/lang/StringBuilder;
    LDC ""
    INVOKEVIRTUAL java/lang/StringBuilder.append (Ljava/lang/String;)Ljava/lang/StringBuilder;
    INVOKEVIRTUAL java/lang/StringBuilder.toString ()Ljava/lang/String;
    ALOAD 2
    LDC Ljava/lang/String;.class
    ALOAD 8
    INVOKEVIRTUAL com/examples/with/different/packagename/testcarver/ArrayConverter.convert (Ljava/lang/Class;Ljava/lang/Object;)Ljava/lang/Object;
    INVOKESTATIC com/examples/with/different/packagename/testcarver/ArrayConverterTestCase.assertEquals (Ljava/lang/String;Ljava/lang/Object;Ljava/lang/Object;)V
   L25
    LINENUMBER 171 L25
    GOTO L27
   L26
    LINENUMBER 169 L26
    ASTORE 13
   L80
    LINENUMBER 170 L80
    NEW java/lang/StringBuilder
    DUP
    INVOKESPECIAL java/lang/StringBuilder.<init> ()V
    ALOAD 12
    INVOKEVIRTUAL java/lang/StringBuilder.append (Ljava/lang/String;)Ljava/lang/StringBuilder;
    LDC " failed "
    INVOKEVIRTUAL java/lang/StringBuilder.append (Ljava/lang/String;)Ljava/lang/StringBuilder;
    ALOAD 13
    INVOKEVIRTUAL java/lang/StringBuilder.append (Ljava/lang/Object;)Ljava/lang/StringBuilder;
    INVOKEVIRTUAL java/lang/StringBuilder.toString ()Ljava/lang/String;
    INVOKESTATIC com/examples/with/different/packagename/testcarver/ArrayConverterTestCase.fail (Ljava/lang/String;)V
   L27
    LINENUMBER 175 L27
    LDC "LONG[] --> String (all)"
    ASTORE 12
   L81
    LINENUMBER 176 L81
    ALOAD 2
    ICONST_0
    INVOKEVIRTUAL com/examples/with/different/packagename/testcarver/ArrayConverter.setOnlyFirstToString (Z)V
   L82
    LINENUMBER 177 L82
    ALOAD 12
    ALOAD 5
    ALOAD 2
    LDC Ljava/lang/String;.class
    ALOAD 8
    INVOKEVIRTUAL com/examples/with/different/packagename/testcarver/ArrayConverter.convert (Ljava/lang/Class;Ljava/lang/Object;)Ljava/lang/Object;
    INVOKESTATIC com/examples/with/different/packagename/testcarver/ArrayConverterTestCase.assertEquals (Ljava/lang/String;Ljava/lang/Object;Ljava/lang/Object;)V
   L28
    LINENUMBER 180 L28
    GOTO L30
   L29
    LINENUMBER 178 L29
    ASTORE 13
   L83
    LINENUMBER 179 L83
    NEW java/lang/StringBuilder
    DUP
    INVOKESPECIAL java/lang/StringBuilder.<init> ()V
    ALOAD 12
    INVOKEVIRTUAL java/lang/StringBuilder.append (Ljava/lang/String;)Ljava/lang/StringBuilder;
    LDC " failed "
    INVOKEVIRTUAL java/lang/StringBuilder.append (Ljava/lang/String;)Ljava/lang/StringBuilder;
    ALOAD 13
    INVOKEVIRTUAL java/lang/StringBuilder.append (Ljava/lang/Object;)Ljava/lang/StringBuilder;
    INVOKEVIRTUAL java/lang/StringBuilder.toString ()Ljava/lang/String;
    INVOKESTATIC com/examples/with/different/packagename/testcarver/ArrayConverterTestCase.fail (Ljava/lang/String;)V
   L30
    LINENUMBER 184 L30
    LDC "Collection of Long --> String"
    ASTORE 12
   L84
    LINENUMBER 185 L84
    ALOAD 12
    ALOAD 5
    ALOAD 2
    LDC Ljava/lang/String;.class
    ALOAD 11
    INVOKEVIRTUAL com/examples/with/different/packagename/testcarver/ArrayConverter.convert (Ljava/lang/Class;Ljava/lang/Object;)Ljava/lang/Object;
    INVOKESTATIC com/examples/with/different/packagename/testcarver/ArrayConverterTestCase.assertEquals (Ljava/lang/String;Ljava/lang/Object;Ljava/lang/Object;)V
   L31
    LINENUMBER 188 L31
    GOTO L33
   L32
    LINENUMBER 186 L32
    ASTORE 13
   L85
    LINENUMBER 187 L85
    NEW java/lang/StringBuilder
    DUP
    INVOKESPECIAL java/lang/StringBuilder.<init> ()V
    ALOAD 12
    INVOKEVIRTUAL java/lang/StringBuilder.append (Ljava/lang/String;)Ljava/lang/StringBuilder;
    LDC " failed "
    INVOKEVIRTUAL java/lang/StringBuilder.append (Ljava/lang/String;)Ljava/lang/StringBuilder;
    ALOAD 13
    INVOKEVIRTUAL java/lang/StringBuilder.append (Ljava/lang/Object;)Ljava/lang/StringBuilder;
    INVOKEVIRTUAL java/lang/StringBuilder.toString ()Ljava/lang/String;
    INVOKESTATIC com/examples/with/different/packagename/testcarver/ArrayConverterTestCase.fail (Ljava/lang/String;)V
   L33
    LINENUMBER 192 L33
    LDC "long[] --> String[]"
    ASTORE 12
   L86
    LINENUMBER 193 L86
    ALOAD 0
    ALOAD 12
    ALOAD 6
    ALOAD 2
    LDC [Ljava/lang/String;.class
    ALOAD 8
    INVOKEVIRTUAL com/examples/with/different/packagename/testcarver/ArrayConverter.convert (Ljava/lang/Class;Ljava/lang/Object;)Ljava/lang/Object;
    INVOKESPECIAL com/examples/with/different/packagename/testcarver/ArrayConverterTestCase.checkArray (Ljava/lang/String;Ljava/lang/Object;Ljava/lang/Object;)V
   L34
    LINENUMBER 196 L34
    GOTO L36
   L35
    LINENUMBER 194 L35
    ASTORE 13
   L87
    LINENUMBER 195 L87
    NEW java/lang/StringBuilder
    DUP
    INVOKESPECIAL java/lang/StringBuilder.<init> ()V
    ALOAD 12
    INVOKEVIRTUAL java/lang/StringBuilder.append (Ljava/lang/String;)Ljava/lang/StringBuilder;
    LDC " failed "
    INVOKEVIRTUAL java/lang/StringBuilder.append (Ljava/lang/String;)Ljava/lang/StringBuilder;
    ALOAD 13
    INVOKEVIRTUAL java/lang/StringBuilder.append (Ljava/lang/Object;)Ljava/lang/StringBuilder;
    INVOKEVIRTUAL java/lang/StringBuilder.toString ()Ljava/lang/String;
    INVOKESTATIC com/examples/with/different/packagename/testcarver/ArrayConverterTestCase.fail (Ljava/lang/String;)V
   L36
    LINENUMBER 200 L36
    LDC "Collection of String --> Integer[]"
    ASTORE 12
   L88
    LINENUMBER 201 L88
    ALOAD 0
    ALOAD 12
    ALOAD 9
    ALOAD 2
    LDC [Ljava/lang/Integer;.class
    ALOAD 10
    INVOKEVIRTUAL com/examples/with/different/packagename/testcarver/ArrayConverter.convert (Ljava/lang/Class;Ljava/lang/Object;)Ljava/lang/Object;
    INVOKESPECIAL com/examples/with/different/packagename/testcarver/ArrayConverterTestCase.checkArray (Ljava/lang/String;Ljava/lang/Object;Ljava/lang/Object;)V
   L37
    LINENUMBER 204 L37
    GOTO L39
   L38
    LINENUMBER 202 L38
    ASTORE 13
   L89
    LINENUMBER 203 L89
    NEW java/lang/StringBuilder
    DUP
    INVOKESPECIAL java/lang/StringBuilder.<init> ()V
    ALOAD 12
    INVOKEVIRTUAL java/lang/StringBuilder.append (Ljava/lang/String;)Ljava/lang/StringBuilder;
    LDC " failed "
    INVOKEVIRTUAL java/lang/StringBuilder.append (Ljava/lang/String;)Ljava/lang/StringBuilder;
    ALOAD 13
    INVOKEVIRTUAL java/lang/StringBuilder.append (Ljava/lang/Object;)Ljava/lang/StringBuilder;
    INVOKEVIRTUAL java/lang/StringBuilder.toString ()Ljava/lang/String;
    INVOKESTATIC com/examples/with/different/packagename/testcarver/ArrayConverterTestCase.fail (Ljava/lang/String;)V
   L39
    LINENUMBER 208 L39
    LDC "Collection of Long --> int[]"
    ASTORE 12
   L90
    LINENUMBER 209 L90
    ALOAD 0
    ALOAD 12
    ALOAD 3
    ALOAD 2
    LDC [I.class
    ALOAD 11
    INVOKEVIRTUAL com/examples/with/different/packagename/testcarver/ArrayConverter.convert (Ljava/lang/Class;Ljava/lang/Object;)Ljava/lang/Object;
    INVOKESPECIAL com/examples/with/different/packagename/testcarver/ArrayConverterTestCase.checkArray (Ljava/lang/String;Ljava/lang/Object;Ljava/lang/Object;)V
   L40
    LINENUMBER 212 L40
    GOTO L91
   L41
    LINENUMBER 210 L41
    ASTORE 13
   L92
    LINENUMBER 211 L92
    NEW java/lang/StringBuilder
    DUP
    INVOKESPECIAL java/lang/StringBuilder.<init> ()V
    ALOAD 12
    INVOKEVIRTUAL java/lang/StringBuilder.append (Ljava/lang/String;)Ljava/lang/StringBuilder;
    LDC " failed "
    INVOKEVIRTUAL java/lang/StringBuilder.append (Ljava/lang/String;)Ljava/lang/StringBuilder;
    ALOAD 13
    INVOKEVIRTUAL java/lang/StringBuilder.append (Ljava/lang/Object;)Ljava/lang/StringBuilder;
    INVOKEVIRTUAL java/lang/StringBuilder.toString ()Ljava/lang/String;
    INVOKESTATIC com/examples/with/different/packagename/testcarver/ArrayConverterTestCase.fail (Ljava/lang/String;)V
   L91
    LINENUMBER 213 L91
    RETURN
   L93
    LOCALVARIABLE i I L58 L59 12
    LOCALVARIABLE e Ljava/lang/Exception; L64 L3 13
    LOCALVARIABLE e Ljava/lang/Exception; L66 L6 13
    LOCALVARIABLE e Ljava/lang/Exception; L68 L9 13
    LOCALVARIABLE e Ljava/lang/Exception; L70 L12 13
    LOCALVARIABLE e Ljava/lang/Exception; L72 L15 13
    LOCALVARIABLE e Ljava/lang/Exception; L74 L18 13
    LOCALVARIABLE e Ljava/lang/Exception; L76 L21 13
    LOCALVARIABLE e Ljava/lang/Exception; L78 L24 13
    LOCALVARIABLE e Ljava/lang/Exception; L80 L27 13
    LOCALVARIABLE e Ljava/lang/Exception; L83 L30 13
    LOCALVARIABLE e Ljava/lang/Exception; L85 L33 13
    LOCALVARIABLE e Ljava/lang/Exception; L87 L36 13
    LOCALVARIABLE e Ljava/lang/Exception; L89 L39 13
    LOCALVARIABLE e Ljava/lang/Exception; L92 L91 13
    LOCALVARIABLE this Lcom/examples/with/different/packagename/testcarver/ArrayConverterTestCase; L42 L93 0
    LOCALVARIABLE intConverter Lcom/examples/with/different/packagename/testcarver/IntegerConverter; L43 L93 1
    LOCALVARIABLE arrayConverter Lcom/examples/with/different/packagename/testcarver/ArrayConverter; L46 L93 2
    LOCALVARIABLE intArray [I L49 L93 3
    LOCALVARIABLE stringA Ljava/lang/String; L50 L93 4
    LOCALVARIABLE stringB Ljava/lang/String; L51 L93 5
    LOCALVARIABLE strArray [Ljava/lang/String; L52 L93 6
    LOCALVARIABLE longArray [J L53 L93 7
    LOCALVARIABLE LONGArray [Ljava/lang/Long; L54 L93 8
    LOCALVARIABLE IntegerArray [Ljava/lang/Integer; L55 L93 9
    LOCALVARIABLE strList Ljava/util/ArrayList; L56 L93 10
    LOCALVARIABLE longList Ljava/util/ArrayList; L57 L93 11
    LOCALVARIABLE msg Ljava/lang/String; L0 L93 12
    MAXSTACK = 11
    MAXLOCALS = 14

  // access flags 0x2
  private _sw_prototype_original_testStringArrayToNumber()V
    TRYCATCHBLOCK L0 L1 L2 java/lang/Exception
    TRYCATCHBLOCK L3 L4 L5 java/lang/Exception
    TRYCATCHBLOCK L6 L7 L8 java/lang/Exception
    TRYCATCHBLOCK L9 L10 L11 java/lang/Exception
   L12
    LINENUMBER 221 L12
    NEW com/examples/with/different/packagename/testcarver/IntegerConverter
    DUP
    INVOKESPECIAL com/examples/with/different/packagename/testcarver/IntegerConverter.<init> ()V
    ASTORE 1
   L13
    LINENUMBER 222 L13
    NEW com/examples/with/different/packagename/testcarver/ArrayConverter
    DUP
    LDC [I.class
    ALOAD 1
    INVOKESPECIAL com/examples/with/different/packagename/testcarver/ArrayConverter.<init> (Ljava/lang/Class;Lcom/examples/with/different/packagename/testcarver/Converter;)V
    ASTORE 2
   L14
    LINENUMBER 225 L14
    ICONST_4
    ANEWARRAY java/lang/String
    DUP
    ICONST_0
    LDC "10"
    AASTORE
    DUP
    ICONST_1
    LDC "  11"
    AASTORE
    DUP
    ICONST_2
    LDC "12  "
    AASTORE
    DUP
    ICONST_3
    LDC "  13  "
    AASTORE
    ASTORE 3
   L15
    LINENUMBER 226 L15
    NEW java/util/ArrayList
    DUP
    INVOKESPECIAL java/util/ArrayList.<init> ()V
    ASTORE 4
   L16
    LINENUMBER 227 L16
    ICONST_0
    ISTORE 5
   L17
    ILOAD 5
    ALOAD 3
    ARRAYLENGTH
    IF_ICMPGE L18
   L19
    LINENUMBER 228 L19
    ALOAD 4
    ALOAD 3
    ILOAD 5
    AALOAD
    INVOKEVIRTUAL java/util/ArrayList.add (Ljava/lang/Object;)Z
    POP
   L20
    LINENUMBER 227 L20
    IINC 5 1
    GOTO L17
   L18
    LINENUMBER 232 L18
    ACONST_NULL
    ASTORE 5
   L21
    LINENUMBER 233 L21
    ICONST_4
    NEWARRAY T_INT
    DUP
    ICONST_0
    BIPUSH 10
    IASTORE
    DUP
    ICONST_1
    BIPUSH 11
    IASTORE
    DUP
    ICONST_2
    BIPUSH 12
    IASTORE
    DUP
    ICONST_3
    BIPUSH 13
    IASTORE
    ASTORE 6
   L22
    LINENUMBER 234 L22
    ICONST_4
    ANEWARRAY java/lang/Integer
    DUP
    ICONST_0
    ALOAD 6
    ICONST_0
    IALOAD
    INVOKESTATIC java/lang/Integer.valueOf (I)Ljava/lang/Integer;
    AASTORE
    DUP
    ICONST_1
    ALOAD 6
    ICONST_1
    IALOAD
    INVOKESTATIC java/lang/Integer.valueOf (I)Ljava/lang/Integer;
    AASTORE
    DUP
    ICONST_2
    ALOAD 6
    ICONST_2
    IALOAD
    INVOKESTATIC java/lang/Integer.valueOf (I)Ljava/lang/Integer;
    AASTORE
    DUP
    ICONST_3
    ALOAD 6
    ICONST_3
    IALOAD
    INVOKESTATIC java/lang/Integer.valueOf (I)Ljava/lang/Integer;
    AASTORE
    ASTORE 7
   L0
    LINENUMBER 238 L0
    LDC "String[] --> int[]"
    ASTORE 5
   L23
    LINENUMBER 239 L23
    ALOAD 0
    ALOAD 5
    ALOAD 6
    ALOAD 2
    LDC [I.class
    ALOAD 3
    INVOKEVIRTUAL com/examples/with/different/packagename/testcarver/ArrayConverter.convert (Ljava/lang/Class;Ljava/lang/Object;)Ljava/lang/Object;
    INVOKESPECIAL com/examples/with/different/packagename/testcarver/ArrayConverterTestCase.checkArray (Ljava/lang/String;Ljava/lang/Object;Ljava/lang/Object;)V
   L1
    LINENUMBER 242 L1
    GOTO L3
   L2
    LINENUMBER 240 L2
    ASTORE 8
   L24
    LINENUMBER 241 L24
    NEW java/lang/StringBuilder
    DUP
    INVOKESPECIAL java/lang/StringBuilder.<init> ()V
    ALOAD 5
    INVOKEVIRTUAL java/lang/StringBuilder.append (Ljava/lang/String;)Ljava/lang/StringBuilder;
    LDC " failed "
    INVOKEVIRTUAL java/lang/StringBuilder.append (Ljava/lang/String;)Ljava/lang/StringBuilder;
    ALOAD 8
    INVOKEVIRTUAL java/lang/StringBuilder.append (Ljava/lang/Object;)Ljava/lang/StringBuilder;
    INVOKEVIRTUAL java/lang/StringBuilder.toString ()Ljava/lang/String;
    INVOKESTATIC com/examples/with/different/packagename/testcarver/ArrayConverterTestCase.fail (Ljava/lang/String;)V
   L3
    LINENUMBER 246 L3
    LDC "String[] --> Integer[]"
    ASTORE 5
   L25
    LINENUMBER 247 L25
    ALOAD 0
    ALOAD 5
    ALOAD 7
    ALOAD 2
    LDC [Ljava/lang/Integer;.class
    ALOAD 3
    INVOKEVIRTUAL com/examples/with/different/packagename/testcarver/ArrayConverter.convert (Ljava/lang/Class;Ljava/lang/Object;)Ljava/lang/Object;
    INVOKESPECIAL com/examples/with/different/packagename/testcarver/ArrayConverterTestCase.checkArray (Ljava/lang/String;Ljava/lang/Object;Ljava/lang/Object;)V
   L4
    LINENUMBER 250 L4
    GOTO L6
   L5
    LINENUMBER 248 L5
    ASTORE 8
   L26
    LINENUMBER 249 L26
    NEW java/lang/StringBuilder
    DUP
    INVOKESPECIAL java/lang/StringBuilder.<init> ()V
    ALOAD 5
    INVOKEVIRTUAL java/lang/StringBuilder.append (Ljava/lang/String;)Ljava/lang/StringBuilder;
    LDC " failed "
    INVOKEVIRTUAL java/lang/StringBuilder.append (Ljava/lang/String;)Ljava/lang/StringBuilder;
    ALOAD 8
    INVOKEVIRTUAL java/lang/StringBuilder.append (Ljava/lang/Object;)Ljava/lang/StringBuilder;
    INVOKEVIRTUAL java/lang/StringBuilder.toString ()Ljava/lang/String;
    INVOKESTATIC com/examples/with/different/packagename/testcarver/ArrayConverterTestCase.fail (Ljava/lang/String;)V
   L6
    LINENUMBER 254 L6
    LDC "List --> int[]"
    ASTORE 5
   L27
    LINENUMBER 255 L27
    ALOAD 0
    ALOAD 5
    ALOAD 6
    ALOAD 2
    LDC [I.class
    ALOAD 4
    INVOKEVIRTUAL com/examples/with/different/packagename/testcarver/ArrayConverter.convert (Ljava/lang/Class;Ljava/lang/Object;)Ljava/lang/Object;
    INVOKESPECIAL com/examples/with/different/packagename/testcarver/ArrayConverterTestCase.checkArray (Ljava/lang/String;Ljava/lang/Object;Ljava/lang/Object;)V
   L7
    LINENUMBER 258 L7
    GOTO L9
   L8
    LINENUMBER 256 L8
    ASTORE 8
   L28
    LINENUMBER 257 L28
    NEW java/lang/StringBuilder
    DUP
    INVOKESPECIAL java/lang/StringBuilder.<init> ()V
    ALOAD 5
    INVOKEVIRTUAL java/lang/StringBuilder.append (Ljava/lang/String;)Ljava/lang/StringBuilder;
    LDC " failed "
    INVOKEVIRTUAL java/lang/StringBuilder.append (Ljava/lang/String;)Ljava/lang/StringBuilder;
    ALOAD 8
    INVOKEVIRTUAL java/lang/StringBuilder.append (Ljava/lang/Object;)Ljava/lang/StringBuilder;
    INVOKEVIRTUAL java/lang/StringBuilder.toString ()Ljava/lang/String;
    INVOKESTATIC com/examples/with/different/packagename/testcarver/ArrayConverterTestCase.fail (Ljava/lang/String;)V
   L9
    LINENUMBER 262 L9
    LDC "List --> Integer[]"
    ASTORE 5
   L29
    LINENUMBER 263 L29
    ALOAD 0
    ALOAD 5
    ALOAD 7
    ALOAD 2
    LDC [Ljava/lang/Integer;.class
    ALOAD 4
    INVOKEVIRTUAL com/examples/with/different/packagename/testcarver/ArrayConverter.convert (Ljava/lang/Class;Ljava/lang/Object;)Ljava/lang/Object;
    INVOKESPECIAL com/examples/with/different/packagename/testcarver/ArrayConverterTestCase.checkArray (Ljava/lang/String;Ljava/lang/Object;Ljava/lang/Object;)V
   L10
    LINENUMBER 266 L10
    GOTO L30
   L11
    LINENUMBER 264 L11
    ASTORE 8
   L31
    LINENUMBER 265 L31
    NEW java/lang/StringBuilder
    DUP
    INVOKESPECIAL java/lang/StringBuilder.<init> ()V
    ALOAD 5
    INVOKEVIRTUAL java/lang/StringBuilder.append (Ljava/lang/String;)Ljava/lang/StringBuilder;
    LDC " failed "
    INVOKEVIRTUAL java/lang/StringBuilder.append (Ljava/lang/String;)Ljava/lang/StringBuilder;
    ALOAD 8
    INVOKEVIRTUAL java/lang/StringBuilder.append (Ljava/lang/Object;)Ljava/lang/StringBuilder;
    INVOKEVIRTUAL java/lang/StringBuilder.toString ()Ljava/lang/String;
    INVOKESTATIC com/examples/with/different/packagename/testcarver/ArrayConverterTestCase.fail (Ljava/lang/String;)V
   L30
    LINENUMBER 267 L30
    RETURN
   L32
    LOCALVARIABLE i I L17 L18 5
    LOCALVARIABLE e Ljava/lang/Exception; L24 L3 8
    LOCALVARIABLE e Ljava/lang/Exception; L26 L6 8
    LOCALVARIABLE e Ljava/lang/Exception; L28 L9 8
    LOCALVARIABLE e Ljava/lang/Exception; L31 L30 8
    LOCALVARIABLE this Lcom/examples/with/different/packagename/testcarver/ArrayConverterTestCase; L12 L32 0
    LOCALVARIABLE intConverter Lcom/examples/with/different/packagename/testcarver/IntegerConverter; L13 L32 1
    LOCALVARIABLE arrayConverter Lcom/examples/with/different/packagename/testcarver/ArrayConverter; L14 L32 2
    LOCALVARIABLE array [Ljava/lang/String; L15 L32 3
    LOCALVARIABLE list Ljava/util/ArrayList; L16 L32 4
    LOCALVARIABLE msg Ljava/lang/String; L21 L32 5
    LOCALVARIABLE expectedInt [I L22 L32 6
    LOCALVARIABLE expectedInteger [Ljava/lang/Integer; L0 L32 7
    MAXSTACK = 10
    MAXLOCALS = 9

  // access flags 0x2
  private _sw_prototype_original_testTheMatrix()V
    TRYCATCHBLOCK L0 L1 L2 java/lang/Exception
   L3
    LINENUMBER 278 L3
    LDC "11,12,13 ; 21,22,23 ; 31,32,33 ; 41,42,43"
    ASTORE 1
   L4
    LINENUMBER 279 L4
    ICONST_4
    ANEWARRAY [I
    DUP
    ICONST_0
    ICONST_3
    NEWARRAY T_INT
    DUP
    ICONST_0
    BIPUSH 11
    IASTORE
    DUP
    ICONST_1
    BIPUSH 12
    IASTORE
    DUP
    ICONST_2
    BIPUSH 13
    IASTORE
    AASTORE
    DUP
    ICONST_1
    ICONST_3
    NEWARRAY T_INT
    DUP
    ICONST_0
    BIPUSH 21
    IASTORE
    DUP
    ICONST_1
    BIPUSH 22
    IASTORE
    DUP
    ICONST_2
    BIPUSH 23
    IASTORE
    AASTORE
    DUP
    ICONST_2
    ICONST_3
    NEWARRAY T_INT
    DUP
    ICONST_0
    BIPUSH 31
    IASTORE
    DUP
    ICONST_1
    BIPUSH 32
    IASTORE
    DUP
    ICONST_2
    BIPUSH 33
    IASTORE
    AASTORE
    DUP
    ICONST_3
    ICONST_3
    NEWARRAY T_INT
    DUP
    ICONST_0
    BIPUSH 41
    IASTORE
    DUP
    ICONST_1
    BIPUSH 42
    IASTORE
    DUP
    ICONST_2
    BIPUSH 43
    IASTORE
    AASTORE
    ASTORE 2
   L5
    LINENUMBER 285 L5
    NEW com/examples/with/different/packagename/testcarver/IntegerConverter
    DUP
    INVOKESPECIAL com/examples/with/different/packagename/testcarver/IntegerConverter.<init> ()V
    ASTORE 3
   L6
    LINENUMBER 290 L6
    NEW com/examples/with/different/packagename/testcarver/ArrayConverter
    DUP
    LDC [I.class
    ALOAD 3
    INVOKESPECIAL com/examples/with/different/packagename/testcarver/ArrayConverter.<init> (Ljava/lang/Class;Lcom/examples/with/different/packagename/testcarver/Converter;)V
    ASTORE 4
   L7
    LINENUMBER 297 L7
    NEW com/examples/with/different/packagename/testcarver/ArrayConverter
    DUP
    LDC [[I.class
    ALOAD 4
    INVOKESPECIAL com/examples/with/different/packagename/testcarver/ArrayConverter.<init> (Ljava/lang/Class;Lcom/examples/with/different/packagename/testcarver/Converter;)V
    ASTORE 5
   L8
    LINENUMBER 298 L8
    ALOAD 5
    BIPUSH 59
    INVOKEVIRTUAL com/examples/with/different/packagename/testcarver/ArrayConverter.setDelimiter (C)V
   L9
    LINENUMBER 299 L9
    ALOAD 5
    ICONST_1
    NEWARRAY T_CHAR
    DUP
    ICONST_0
    BIPUSH 44
    CASTORE
    INVOKEVIRTUAL com/examples/with/different/packagename/testcarver/ArrayConverter.setAllowedChars ([C)V
   L0
    LINENUMBER 303 L0
    ALOAD 5
    LDC [[I.class
    ALOAD 1
    INVOKEVIRTUAL com/examples/with/different/packagename/testcarver/ArrayConverter.convert (Ljava/lang/Class;Ljava/lang/Object;)Ljava/lang/Object;
    ASTORE 6
   L10
    LINENUMBER 306 L10
    LDC "Check int[][].class"
    LDC [[I.class
    ALOAD 6
    INVOKEVIRTUAL java/lang/Object.getClass ()Ljava/lang/Class;
    INVOKESTATIC com/examples/with/different/packagename/testcarver/ArrayConverterTestCase.assertEquals (Ljava/lang/String;Ljava/lang/Object;Ljava/lang/Object;)V
   L11
    LINENUMBER 307 L11
    ALOAD 6
    CHECKCAST [[I
    ASTORE 7
   L12
    LINENUMBER 308 L12
    LDC "Check int[][] length"
    ALOAD 2
    ARRAYLENGTH
    ALOAD 7
    ARRAYLENGTH
    INVOKESTATIC com/examples/with/different/packagename/testcarver/ArrayConverterTestCase.assertEquals (Ljava/lang/String;II)V
   L13
    LINENUMBER 309 L13
    ICONST_0
    ISTORE 8
   L14
    ILOAD 8
    ALOAD 2
    ARRAYLENGTH
    IF_ICMPGE L1
   L15
    LINENUMBER 310 L15
    NEW java/lang/StringBuilder
    DUP
    INVOKESPECIAL java/lang/StringBuilder.<init> ()V
    LDC "Check int["
    INVOKEVIRTUAL java/lang/StringBuilder.append (Ljava/lang/String;)Ljava/lang/StringBuilder;
    ILOAD 8
    INVOKEVIRTUAL java/lang/StringBuilder.append (I)Ljava/lang/StringBuilder;
    LDC "] length"
    INVOKEVIRTUAL java/lang/StringBuilder.append (Ljava/lang/String;)Ljava/lang/StringBuilder;
    INVOKEVIRTUAL java/lang/StringBuilder.toString ()Ljava/lang/String;
    ALOAD 2
    ILOAD 8
    AALOAD
    ARRAYLENGTH
    ALOAD 7
    ILOAD 8
    AALOAD
    ARRAYLENGTH
    INVOKESTATIC com/examples/with/different/packagename/testcarver/ArrayConverterTestCase.assertEquals (Ljava/lang/String;II)V
   L16
    LINENUMBER 311 L16
    ICONST_0
    ISTORE 9
   L17
    ILOAD 9
    ALOAD 2
    ILOAD 8
    AALOAD
    ARRAYLENGTH
    IF_ICMPGE L18
   L19
    LINENUMBER 312 L19
    NEW java/lang/StringBuilder
    DUP
    INVOKESPECIAL java/lang/StringBuilder.<init> ()V
    LDC "Matrix int["
    INVOKEVIRTUAL java/lang/StringBuilder.append (Ljava/lang/String;)Ljava/lang/StringBuilder;
    ILOAD 8
    INVOKEVIRTUAL java/lang/StringBuilder.append (I)Ljava/lang/StringBuilder;
    LDC ","
    INVOKEVIRTUAL java/lang/StringBuilder.append (Ljava/lang/String;)Ljava/lang/StringBuilder;
    ILOAD 9
    INVOKEVIRTUAL java/lang/StringBuilder.append (I)Ljava/lang/StringBuilder;
    LDC "] element"
    INVOKEVIRTUAL java/lang/StringBuilder.append (Ljava/lang/String;)Ljava/lang/StringBuilder;
    INVOKEVIRTUAL java/lang/StringBuilder.toString ()Ljava/lang/String;
    ASTORE 10
   L20
    LINENUMBER 313 L20
    ALOAD 10
    ALOAD 2
    ILOAD 8
    AALOAD
    ILOAD 9
    IALOAD
    ALOAD 7
    ILOAD 8
    AALOAD
    ILOAD 9
    IALOAD
    INVOKESTATIC com/examples/with/different/packagename/testcarver/ArrayConverterTestCase.assertEquals (Ljava/lang/String;II)V
   L21
    LINENUMBER 311 L21
    IINC 9 1
    GOTO L17
   L18
    LINENUMBER 309 L18
    IINC 8 1
    GOTO L14
   L1
    LINENUMBER 319 L1
    GOTO L22
   L2
    LINENUMBER 317 L2
    ASTORE 6
   L23
    LINENUMBER 318 L23
    NEW java/lang/StringBuilder
    DUP
    INVOKESPECIAL java/lang/StringBuilder.<init> ()V
    LDC "Matrix Conversion threw "
    INVOKEVIRTUAL java/lang/StringBuilder.append (Ljava/lang/String;)Ljava/lang/StringBuilder;
    ALOAD 6
    INVOKEVIRTUAL java/lang/StringBuilder.append (Ljava/lang/Object;)Ljava/lang/StringBuilder;
    INVOKEVIRTUAL java/lang/StringBuilder.toString ()Ljava/lang/String;
    INVOKESTATIC com/examples/with/different/packagename/testcarver/ArrayConverterTestCase.fail (Ljava/lang/String;)V
   L22
    LINENUMBER 320 L22
    RETURN
   L24
    LOCALVARIABLE label Ljava/lang/String; L20 L21 10
    LOCALVARIABLE j I L17 L18 9
    LOCALVARIABLE i I L14 L1 8
    LOCALVARIABLE result Ljava/lang/Object; L10 L1 6
    LOCALVARIABLE matrix [[I L12 L1 7
    LOCALVARIABLE e Ljava/lang/Exception; L23 L22 6
    LOCALVARIABLE this Lcom/examples/with/different/packagename/testcarver/ArrayConverterTestCase; L3 L24 0
    LOCALVARIABLE matrixString Ljava/lang/String; L4 L24 1
    LOCALVARIABLE expected [[I L5 L24 2
    LOCALVARIABLE integerConverter Lcom/examples/with/different/packagename/testcarver/IntegerConverter; L6 L24 3
    LOCALVARIABLE arrayConverter Lcom/examples/with/different/packagename/testcarver/ArrayConverter; L7 L24 4
    LOCALVARIABLE matrixConverter Lcom/examples/with/different/packagename/testcarver/ArrayConverter; L8 L24 5
    MAXSTACK = 11
    MAXLOCALS = 11

  // access flags 0x2
  private _sw_prototype_original_testInvalidWithDefault()V
   L0
    LINENUMBER 326 L0
    ICONST_0
    NEWARRAY T_INT
    ASTORE 1
   L1
    LINENUMBER 327 L1
    ICONST_1
    NEWARRAY T_INT
    ASTORE 2
   L2
    LINENUMBER 328 L2
    NEW com/examples/with/different/packagename/testcarver/IntegerConverter
    DUP
    INVOKESPECIAL com/examples/with/different/packagename/testcarver/IntegerConverter.<init> ()V
    ASTORE 3
   L3
    LINENUMBER 330 L3
    LDC "Null Default"
    NEW com/examples/with/different/packagename/testcarver/ArrayConverter
    DUP
    LDC [I.class
    ALOAD 3
    ICONST_M1
    INVOKESPECIAL com/examples/with/different/packagename/testcarver/ArrayConverter.<init> (Ljava/lang/Class;Lcom/examples/with/different/packagename/testcarver/Converter;I)V
    LDC [I.class
    ACONST_NULL
    INVOKEVIRTUAL com/examples/with/different/packagename/testcarver/ArrayConverter.convert (Ljava/lang/Class;Ljava/lang/Object;)Ljava/lang/Object;
    INVOKESTATIC com/examples/with/different/packagename/testcarver/ArrayConverterTestCase.assertNull (Ljava/lang/String;Ljava/lang/Object;)V
   L4
    LINENUMBER 331 L4
    ALOAD 0
    LDC "Zero Length"
    ALOAD 1
    NEW com/examples/with/different/packagename/testcarver/ArrayConverter
    DUP
    LDC [I.class
    ALOAD 3
    ICONST_0
    INVOKESPECIAL com/examples/with/different/packagename/testcarver/ArrayConverter.<init> (Ljava/lang/Class;Lcom/examples/with/different/packagename/testcarver/Converter;I)V
    LDC [I.class
    ACONST_NULL
    INVOKEVIRTUAL com/examples/with/different/packagename/testcarver/ArrayConverter.convert (Ljava/lang/Class;Ljava/lang/Object;)Ljava/lang/Object;
    INVOKESPECIAL com/examples/with/different/packagename/testcarver/ArrayConverterTestCase.checkArray (Ljava/lang/String;Ljava/lang/Object;Ljava/lang/Object;)V
   L5
    LINENUMBER 332 L5
    ALOAD 0
    LDC "One Length"
    ALOAD 2
    NEW com/examples/with/different/packagename/testcarver/ArrayConverter
    DUP
    LDC [Ljava/lang/Integer;.class
    ALOAD 3
    ICONST_1
    INVOKESPECIAL com/examples/with/different/packagename/testcarver/ArrayConverter.<init> (Ljava/lang/Class;Lcom/examples/with/different/packagename/testcarver/Converter;I)V
    LDC [I.class
    ACONST_NULL
    INVOKEVIRTUAL com/examples/with/different/packagename/testcarver/ArrayConverter.convert (Ljava/lang/Class;Ljava/lang/Object;)Ljava/lang/Object;
    INVOKESPECIAL com/examples/with/different/packagename/testcarver/ArrayConverterTestCase.checkArray (Ljava/lang/String;Ljava/lang/Object;Ljava/lang/Object;)V
   L6
    LINENUMBER 333 L6
    RETURN
   L7
    LOCALVARIABLE this Lcom/examples/with/different/packagename/testcarver/ArrayConverterTestCase; L0 L7 0
    LOCALVARIABLE zeroArray [I L1 L7 1
    LOCALVARIABLE oneArray [I L2 L7 2
    LOCALVARIABLE intConverter Lcom/examples/with/different/packagename/testcarver/IntegerConverter; L3 L7 3
    MAXSTACK = 12
    MAXLOCALS = 4

  // access flags 0x2
  private _sw_prototype_original_testEmptyString()V
   L0
    LINENUMBER 339 L0
    ICONST_0
    NEWARRAY T_INT
    ASTORE 1
   L1
    LINENUMBER 340 L1
    NEW com/examples/with/different/packagename/testcarver/IntegerConverter
    DUP
    INVOKESPECIAL com/examples/with/different/packagename/testcarver/IntegerConverter.<init> ()V
    ASTORE 2
   L2
    LINENUMBER 342 L2
    ALOAD 0
    LDC "Empty String"
    ALOAD 1
    NEW com/examples/with/different/packagename/testcarver/ArrayConverter
    DUP
    LDC [I.class
    ALOAD 2
    ICONST_M1
    INVOKESPECIAL com/examples/with/different/packagename/testcarver/ArrayConverter.<init> (Ljava/lang/Class;Lcom/examples/with/different/packagename/testcarver/Converter;I)V
    LDC [I.class
    LDC ""
    INVOKEVIRTUAL com/examples/with/different/packagename/testcarver/ArrayConverter.convert (Ljava/lang/Class;Ljava/lang/Object;)Ljava/lang/Object;
    INVOKESPECIAL com/examples/with/different/packagename/testcarver/ArrayConverterTestCase.checkArray (Ljava/lang/String;Ljava/lang/Object;Ljava/lang/Object;)V
   L3
    LINENUMBER 343 L3
    LDC "Default String"
    NEW com/examples/with/different/packagename/testcarver/ArrayConverter
    DUP
    LDC [I.class
    ALOAD 2
    INVOKESPECIAL com/examples/with/different/packagename/testcarver/ArrayConverter.<init> (Ljava/lang/Class;Lcom/examples/with/different/packagename/testcarver/Converter;)V
    LDC Ljava/lang/String;.class
    ACONST_NULL
    INVOKEVIRTUAL com/examples/with/different/packagename/testcarver/ArrayConverter.convert (Ljava/lang/Class;Ljava/lang/Object;)Ljava/lang/Object;
    INVOKESTATIC com/examples/with/different/packagename/testcarver/ArrayConverterTestCase.assertNull (Ljava/lang/String;Ljava/lang/Object;)V
   L4
    LINENUMBER 344 L4
    RETURN
   L5
    LOCALVARIABLE this Lcom/examples/with/different/packagename/testcarver/ArrayConverterTestCase; L0 L5 0
    LOCALVARIABLE zeroArray [I L1 L5 1
    LOCALVARIABLE intConverter Lcom/examples/with/different/packagename/testcarver/IntegerConverter; L2 L5 2
    MAXSTACK = 12
    MAXLOCALS = 3

  // access flags 0x2
  private _sw_prototype_original_testErrors()V
    TRYCATCHBLOCK L0 L1 L2 java/lang/IllegalArgumentException
    TRYCATCHBLOCK L3 L4 L5 java/lang/IllegalArgumentException
    TRYCATCHBLOCK L6 L7 L8 java/lang/IllegalArgumentException
   L0
    LINENUMBER 351 L0
    NEW com/examples/with/different/packagename/testcarver/ArrayConverter
    DUP
    ACONST_NULL
    NEW com/examples/with/different/packagename/testcarver/DateConverter
    DUP
    INVOKESPECIAL com/examples/with/different/packagename/testcarver/DateConverter.<init> ()V
    INVOKESPECIAL com/examples/with/different/packagename/testcarver/ArrayConverter.<init> (Ljava/lang/Class;Lcom/examples/with/different/packagename/testcarver/Converter;)V
    POP
   L9
    LINENUMBER 352 L9
    LDC "Default Type missing - expected IllegalArgumentException"
    INVOKESTATIC com/examples/with/different/packagename/testcarver/ArrayConverterTestCase.fail (Ljava/lang/String;)V
   L1
    LINENUMBER 355 L1
    GOTO L3
   L2
    LINENUMBER 353 L2
    ASTORE 1
   L3
    LINENUMBER 357 L3
    NEW com/examples/with/different/packagename/testcarver/ArrayConverter
    DUP
    LDC Ljava/lang/Boolean;.class
    NEW com/examples/with/different/packagename/testcarver/DateConverter
    DUP
    INVOKESPECIAL com/examples/with/different/packagename/testcarver/DateConverter.<init> ()V
    INVOKESPECIAL com/examples/with/different/packagename/testcarver/ArrayConverter.<init> (Ljava/lang/Class;Lcom/examples/with/different/packagename/testcarver/Converter;)V
    POP
   L10
    LINENUMBER 358 L10
    LDC "Default Type not an array - expected IllegalArgumentException"
    INVOKESTATIC com/examples/with/different/packagename/testcarver/ArrayConverterTestCase.fail (Ljava/lang/String;)V
   L4
    LINENUMBER 361 L4
    GOTO L6
   L5
    LINENUMBER 359 L5
    ASTORE 1
   L6
    LINENUMBER 363 L6
    NEW com/examples/with/different/packagename/testcarver/ArrayConverter
    DUP
    LDC [I.class
    ACONST_NULL
    INVOKESPECIAL com/examples/with/different/packagename/testcarver/ArrayConverter.<init> (Ljava/lang/Class;Lcom/examples/with/different/packagename/testcarver/Converter;)V
    POP
   L11
    LINENUMBER 364 L11
    LDC "Component Converter missing - expected IllegalArgumentException"
    INVOKESTATIC com/examples/with/different/packagename/testcarver/ArrayConverterTestCase.fail (Ljava/lang/String;)V
   L7
    LINENUMBER 367 L7
    GOTO L12
   L8
    LINENUMBER 365 L8
    ASTORE 1
   L12
    LINENUMBER 368 L12
    RETURN
   L13
    LOCALVARIABLE this Lcom/examples/with/different/packagename/testcarver/ArrayConverterTestCase; L0 L13 0
    MAXSTACK = 9
    MAXLOCALS = 2

  // access flags 0x2
  private _sw_prototype_original_testUnderscore_BEANUTILS_302()V
   L0
    LINENUMBER 374 L0
    LDC "first_value,second_value"
    ASTORE 1
   L1
    LINENUMBER 375 L1
    NEW com/examples/with/different/packagename/testcarver/ArrayConverter
    DUP
    LDC [Ljava/lang/String;.class
    NEW com/examples/with/different/packagename/testcarver/StringConverter
    DUP
    INVOKESPECIAL com/examples/with/different/packagename/testcarver/StringConverter.<init> ()V
    INVOKESPECIAL com/examples/with/different/packagename/testcarver/ArrayConverter.<init> (Ljava/lang/Class;Lcom/examples/with/different/packagename/testcarver/Converter;)V
    ASTORE 2
   L2
    LINENUMBER 378 L2
    ALOAD 2
    LDC [Ljava/lang/String;.class
    ALOAD 1
    INVOKEVIRTUAL com/examples/with/different/packagename/testcarver/ArrayConverter.convert (Ljava/lang/Class;Ljava/lang/Object;)Ljava/lang/Object;
    CHECKCAST [Ljava/lang/String;
    ASTORE 3
   L3
    LINENUMBER 379 L3
    LDC "result.null"
    ALOAD 3
    INVOKESTATIC com/examples/with/different/packagename/testcarver/ArrayConverterTestCase.assertNotNull (Ljava/lang/String;Ljava/lang/Object;)V
   L4
    LINENUMBER 380 L4
    LDC "result.length"
    ICONST_4
    ALOAD 3
    ARRAYLENGTH
    INVOKESTATIC com/examples/with/different/packagename/testcarver/ArrayConverterTestCase.assertEquals (Ljava/lang/String;II)V
   L5
    LINENUMBER 381 L5
    LDC "result[0]"
    LDC "first"
    ALOAD 3
    ICONST_0
    AALOAD
    INVOKESTATIC com/examples/with/different/packagename/testcarver/ArrayConverterTestCase.assertEquals (Ljava/lang/String;Ljava/lang/String;Ljava/lang/String;)V
   L6
    LINENUMBER 382 L6
    LDC "result[1]"
    LDC "value"
    ALOAD 3
    ICONST_1
    AALOAD
    INVOKESTATIC com/examples/with/different/packagename/testcarver/ArrayConverterTestCase.assertEquals (Ljava/lang/String;Ljava/lang/String;Ljava/lang/String;)V
   L7
    LINENUMBER 383 L7
    LDC "result[2]"
    LDC "second"
    ALOAD 3
    ICONST_2
    AALOAD
    INVOKESTATIC com/examples/with/different/packagename/testcarver/ArrayConverterTestCase.assertEquals (Ljava/lang/String;Ljava/lang/String;Ljava/lang/String;)V
   L8
    LINENUMBER 384 L8
    LDC "result[3]"
    LDC "value"
    ALOAD 3
    ICONST_3
    AALOAD
    INVOKESTATIC com/examples/with/different/packagename/testcarver/ArrayConverterTestCase.assertEquals (Ljava/lang/String;Ljava/lang/String;Ljava/lang/String;)V
   L9
    LINENUMBER 387 L9
    ALOAD 2
    ICONST_3
    NEWARRAY T_CHAR
    DUP
    ICONST_0
    BIPUSH 46
    CASTORE
    DUP
    ICONST_1
    BIPUSH 45
    CASTORE
    DUP
    ICONST_2
    BIPUSH 95
    CASTORE
    INVOKEVIRTUAL com/examples/with/different/packagename/testcarver/ArrayConverter.setAllowedChars ([C)V
   L10
    LINENUMBER 390 L10
    ALOAD 2
    LDC [Ljava/lang/String;.class
    ALOAD 1
    INVOKEVIRTUAL com/examples/with/different/packagename/testcarver/ArrayConverter.convert (Ljava/lang/Class;Ljava/lang/Object;)Ljava/lang/Object;
    CHECKCAST [Ljava/lang/String;
    ASTORE 3
   L11
    LINENUMBER 391 L11
    LDC "result.null"
    ALOAD 3
    INVOKESTATIC com/examples/with/different/packagename/testcarver/ArrayConverterTestCase.assertNotNull (Ljava/lang/String;Ljava/lang/Object;)V
   L12
    LINENUMBER 392 L12
    LDC "result.length"
    ICONST_2
    ALOAD 3
    ARRAYLENGTH
    INVOKESTATIC com/examples/with/different/packagename/testcarver/ArrayConverterTestCase.assertEquals (Ljava/lang/String;II)V
   L13
    LINENUMBER 393 L13
    LDC "result[0]"
    LDC "first_value"
    ALOAD 3
    ICONST_0
    AALOAD
    INVOKESTATIC com/examples/with/different/packagename/testcarver/ArrayConverterTestCase.assertEquals (Ljava/lang/String;Ljava/lang/String;Ljava/lang/String;)V
   L14
    LINENUMBER 394 L14
    LDC "result[1]"
    LDC "second_value"
    ALOAD 3
    ICONST_1
    AALOAD
    INVOKESTATIC com/examples/with/different/packagename/testcarver/ArrayConverterTestCase.assertEquals (Ljava/lang/String;Ljava/lang/String;Ljava/lang/String;)V
   L15
    LINENUMBER 395 L15
    RETURN
   L16
    LOCALVARIABLE this Lcom/examples/with/different/packagename/testcarver/ArrayConverterTestCase; L0 L16 0
    LOCALVARIABLE value Ljava/lang/String; L1 L16 1
    LOCALVARIABLE converter Lcom/examples/with/different/packagename/testcarver/ArrayConverter; L2 L16 2
    LOCALVARIABLE result [Ljava/lang/String; L3 L16 3
    MAXSTACK = 9
    MAXLOCALS = 4

  // access flags 0x2
  private checkArray(Ljava/lang/String;Ljava/lang/Object;Ljava/lang/Object;)V
   L0
    LINENUMBER 405 L0
    NEW java/lang/StringBuilder
    DUP
    INVOKESPECIAL java/lang/StringBuilder.<init> ()V
    ALOAD 1
    INVOKEVIRTUAL java/lang/StringBuilder.append (Ljava/lang/String;)Ljava/lang/StringBuilder;
    LDC " Expected Null"
    INVOKEVIRTUAL java/lang/StringBuilder.append (Ljava/lang/String;)Ljava/lang/StringBuilder;
    INVOKEVIRTUAL java/lang/StringBuilder.toString ()Ljava/lang/String;
    ALOAD 2
    INVOKESTATIC com/examples/with/different/packagename/testcarver/ArrayConverterTestCase.assertNotNull (Ljava/lang/String;Ljava/lang/Object;)V
   L1
    LINENUMBER 406 L1
    NEW java/lang/StringBuilder
    DUP
    INVOKESPECIAL java/lang/StringBuilder.<init> ()V
    ALOAD 1
    INVOKEVIRTUAL java/lang/StringBuilder.append (Ljava/lang/String;)Ljava/lang/StringBuilder;
    LDC " Result   Null"
    INVOKEVIRTUAL java/lang/StringBuilder.append (Ljava/lang/String;)Ljava/lang/StringBuilder;
    INVOKEVIRTUAL java/lang/StringBuilder.toString ()Ljava/lang/String;
    ALOAD 3
    INVOKESTATIC com/examples/with/different/packagename/testcarver/ArrayConverterTestCase.assertNotNull (Ljava/lang/String;Ljava/lang/Object;)V
   L2
    LINENUMBER 407 L2
    NEW java/lang/StringBuilder
    DUP
    INVOKESPECIAL java/lang/StringBuilder.<init> ()V
    ALOAD 1
    INVOKEVIRTUAL java/lang/StringBuilder.append (Ljava/lang/String;)Ljava/lang/StringBuilder;
    LDC " Result   not array"
    INVOKEVIRTUAL java/lang/StringBuilder.append (Ljava/lang/String;)Ljava/lang/StringBuilder;
    INVOKEVIRTUAL java/lang/StringBuilder.toString ()Ljava/lang/String;
    ALOAD 3
    INVOKEVIRTUAL java/lang/Object.getClass ()Ljava/lang/Class;
    INVOKEVIRTUAL java/lang/Class.isArray ()Z
    INVOKESTATIC com/examples/with/different/packagename/testcarver/ArrayConverterTestCase.assertTrue (Ljava/lang/String;Z)V
   L3
    LINENUMBER 408 L3
    NEW java/lang/StringBuilder
    DUP
    INVOKESPECIAL java/lang/StringBuilder.<init> ()V
    ALOAD 1
    INVOKEVIRTUAL java/lang/StringBuilder.append (Ljava/lang/String;)Ljava/lang/StringBuilder;
    LDC " Expected not array"
    INVOKEVIRTUAL java/lang/StringBuilder.append (Ljava/lang/String;)Ljava/lang/StringBuilder;
    INVOKEVIRTUAL java/lang/StringBuilder.toString ()Ljava/lang/String;
    ALOAD 2
    INVOKEVIRTUAL java/lang/Object.getClass ()Ljava/lang/Class;
    INVOKEVIRTUAL java/lang/Class.isArray ()Z
    INVOKESTATIC com/examples/with/different/packagename/testcarver/ArrayConverterTestCase.assertTrue (Ljava/lang/String;Z)V
   L4
    LINENUMBER 409 L4
    ALOAD 3
    INVOKESTATIC java/lang/reflect/Array.getLength (Ljava/lang/Object;)I
    ISTORE 4
   L5
    LINENUMBER 410 L5
    NEW java/lang/StringBuilder
    DUP
    INVOKESPECIAL java/lang/StringBuilder.<init> ()V
    ALOAD 1
    INVOKEVIRTUAL java/lang/StringBuilder.append (Ljava/lang/String;)Ljava/lang/StringBuilder;
    LDC " Size"
    INVOKEVIRTUAL java/lang/StringBuilder.append (Ljava/lang/String;)Ljava/lang/StringBuilder;
    INVOKEVIRTUAL java/lang/StringBuilder.toString ()Ljava/lang/String;
    ALOAD 2
    INVOKESTATIC java/lang/reflect/Array.getLength (Ljava/lang/Object;)I
    ILOAD 4
    INVOKESTATIC com/examples/with/different/packagename/testcarver/ArrayConverterTestCase.assertEquals (Ljava/lang/String;II)V
   L6
    LINENUMBER 411 L6
    NEW java/lang/StringBuilder
    DUP
    INVOKESPECIAL java/lang/StringBuilder.<init> ()V
    ALOAD 1
    INVOKEVIRTUAL java/lang/StringBuilder.append (Ljava/lang/String;)Ljava/lang/StringBuilder;
    LDC " Type"
    INVOKEVIRTUAL java/lang/StringBuilder.append (Ljava/lang/String;)Ljava/lang/StringBuilder;
    INVOKEVIRTUAL java/lang/StringBuilder.toString ()Ljava/lang/String;
    ALOAD 2
    INVOKEVIRTUAL java/lang/Object.getClass ()Ljava/lang/Class;
    ALOAD 3
    INVOKEVIRTUAL java/lang/Object.getClass ()Ljava/lang/Class;
    INVOKESTATIC com/examples/with/different/packagename/testcarver/ArrayConverterTestCase.assertEquals (Ljava/lang/String;Ljava/lang/Object;Ljava/lang/Object;)V
   L7
    LINENUMBER 412 L7
    ICONST_0
    ISTORE 5
   L8
    ILOAD 5
    ILOAD 4
    IF_ICMPGE L9
   L10
    LINENUMBER 413 L10
    ALOAD 2
    ILOAD 5
    INVOKESTATIC java/lang/reflect/Array.get (Ljava/lang/Object;I)Ljava/lang/Object;
    ASTORE 6
   L11
    LINENUMBER 414 L11
    ALOAD 3
    ILOAD 5
    INVOKESTATIC java/lang/reflect/Array.get (Ljava/lang/Object;I)Ljava/lang/Object;
    ASTORE 7
   L12
    LINENUMBER 415 L12
    NEW java/lang/StringBuilder
    DUP
    INVOKESPECIAL java/lang/StringBuilder.<init> ()V
    ALOAD 1
    INVOKEVIRTUAL java/lang/StringBuilder.append (Ljava/lang/String;)Ljava/lang/StringBuilder;
    LDC " Element "
    INVOKEVIRTUAL java/lang/StringBuilder.append (Ljava/lang/String;)Ljava/lang/StringBuilder;
    ILOAD 5
    INVOKEVIRTUAL java/lang/StringBuilder.append (I)Ljava/lang/StringBuilder;
    INVOKEVIRTUAL java/lang/StringBuilder.toString ()Ljava/lang/String;
    ALOAD 6
    ALOAD 7
    INVOKESTATIC com/examples/with/different/packagename/testcarver/ArrayConverterTestCase.assertEquals (Ljava/lang/String;Ljava/lang/Object;Ljava/lang/Object;)V
   L13
    LINENUMBER 412 L13
    IINC 5 1
    GOTO L8
   L9
    LINENUMBER 417 L9
    RETURN
   L14
    LOCALVARIABLE expectElement Ljava/lang/Object; L11 L13 6
    LOCALVARIABLE resultElement Ljava/lang/Object; L12 L13 7
    LOCALVARIABLE i I L8 L9 5
    LOCALVARIABLE this Lcom/examples/with/different/packagename/testcarver/ArrayConverterTestCase; L0 L14 0
    LOCALVARIABLE msg Ljava/lang/String; L0 L14 1
    LOCALVARIABLE expected Ljava/lang/Object; L0 L14 2
    LOCALVARIABLE result Ljava/lang/Object; L0 L14 3
    LOCALVARIABLE resultLth I L5 L14 4
    MAXSTACK = 3
    MAXLOCALS = 8

  // access flags 0x1
  public <init>(Ljava/lang/String;)V
    TRYCATCHBLOCK L0 L1 L1 java/lang/Throwable
   L2
    LINENUMBER 42 L2
    ALOAD 0
    ALOAD 1
    INVOKESPECIAL junit/framework/TestCase.<init> (Ljava/lang/String;)V
   L0
    LDC -2147483614
    ALOAD 0
    LDC "<init>"
    LDC "(Ljava/lang/String;)V"
    BIPUSH 1
    ANEWARRAY java/lang/Object
    DUP
    BIPUSH 0
    ALOAD 1
    AASTORE
    INVOKESTATIC org/evosuite/testcarver/capture/Capturer.capture (ILjava/lang/Object;Ljava/lang/String;Ljava/lang/String;[Ljava/lang/Object;)V
    ALOAD 0
    ALOAD 1
    INVOKEVIRTUAL com/examples/with/different/packagename/testcarver/ArrayConverterTestCase._sw_prototype_original_init_sw_prototype_original_ (Ljava/lang/String;)V
    GOTO L3
   L1
   FRAME SAME1 java/lang/Throwable
    ASTORE 2
    LDC -2147483614
    ALOAD 0
    GETSTATIC org/evosuite/testcarver/capture/CaptureLog.RETURN_TYPE_VOID : Ljava/lang/Object;
    INVOKESTATIC org/evosuite/testcarver/capture/Capturer.enable (ILjava/lang/Object;Ljava/lang/Object;)V
    ALOAD 2
    ATHROW
   L3
   FRAME SAME
    LDC -2147483614
    ALOAD 0
    GETSTATIC org/evosuite/testcarver/capture/CaptureLog.RETURN_TYPE_VOID : Ljava/lang/Object;
    INVOKESTATIC org/evosuite/testcarver/capture/Capturer.enable (ILjava/lang/Object;Ljava/lang/Object;)V
    RETURN
    MAXSTACK = 6
    MAXLOCALS = 0

  // access flags 0x9
  public static suite()Ljunit/framework/TestSuite;
    TRYCATCHBLOCK L0 L1 L2 java/lang/Throwable
    ACONST_NULL
    ASTORE 0
   L0
    LDC -2147483613
    LDC "com/examples/with/different/packagename/testcarver/ArrayConverterTestCase"
    INVOKESTATIC org/evosuite/testcarver/capture/CaptureUtil.loadClass (Ljava/lang/String;)Ljava/lang/Class;
    LDC "suite"
    LDC "()Ljunit/framework/TestSuite;"
    BIPUSH 0
    ANEWARRAY java/lang/Object
    INVOKESTATIC org/evosuite/testcarver/capture/Capturer.capture (ILjava/lang/Object;Ljava/lang/String;Ljava/lang/String;[Ljava/lang/Object;)V
    INVOKESTATIC com/examples/with/different/packagename/testcarver/ArrayConverterTestCase._sw_prototype_original_suite ()Ljunit/framework/TestSuite;
    ASTORE 0
    ALOAD 0
    ASTORE 2
   L1
    LDC -2147483613
    LDC "com/examples/with/different/packagename/testcarver/ArrayConverterTestCase"
    INVOKESTATIC org/evosuite/testcarver/capture/CaptureUtil.loadClass (Ljava/lang/String;)Ljava/lang/Class;
    ALOAD 0
    INVOKESTATIC org/evosuite/testcarver/capture/Capturer.enable (ILjava/lang/Object;Ljava/lang/Object;)V
    ALOAD 2
    ARETURN
   L2
   FRAME FULL [com/examples/with/different/packagename/testcarver/ArrayConverterTestCase junit/framework/TestSuite] [java/lang/Throwable]
    ASTORE 1
    LDC -2147483613
    LDC "com/examples/with/different/packagename/testcarver/ArrayConverterTestCase"
    INVOKESTATIC org/evosuite/testcarver/capture/CaptureUtil.loadClass (Ljava/lang/String;)Ljava/lang/Class;
    ALOAD 0
    INVOKESTATIC org/evosuite/testcarver/capture/Capturer.enable (ILjava/lang/Object;Ljava/lang/Object;)V
    ALOAD 1
    ATHROW
    MAXSTACK = 7
    MAXLOCALS = 0

  // access flags 0x1
  public setUp()V throws java/lang/Exception
    TRYCATCHBLOCK L0 L1 L1 java/lang/Throwable
   L0
    LDC -2147483612
    ALOAD 0
    LDC "setUp"
    LDC "()V"
    BIPUSH 0
    ANEWARRAY java/lang/Object
    INVOKESTATIC org/evosuite/testcarver/capture/Capturer.capture (ILjava/lang/Object;Ljava/lang/String;Ljava/lang/String;[Ljava/lang/Object;)V
    ALOAD 0
    INVOKEVIRTUAL com/examples/with/different/packagename/testcarver/ArrayConverterTestCase._sw_prototype_original_setUp ()V
    GOTO L2
   L1
   FRAME SAME1 java/lang/Throwable
    ASTORE 1
    LDC -2147483612
    ALOAD 0
    GETSTATIC org/evosuite/testcarver/capture/CaptureLog.RETURN_TYPE_VOID : Ljava/lang/Object;
    INVOKESTATIC org/evosuite/testcarver/capture/Capturer.enable (ILjava/lang/Object;Ljava/lang/Object;)V
    ALOAD 1
    ATHROW
   L2
   FRAME SAME
    LDC -2147483612
    ALOAD 0
    GETSTATIC org/evosuite/testcarver/capture/CaptureLog.RETURN_TYPE_VOID : Ljava/lang/Object;
    INVOKESTATIC org/evosuite/testcarver/capture/Capturer.enable (ILjava/lang/Object;Ljava/lang/Object;)V
    RETURN
    MAXSTACK = 4
    MAXLOCALS = 0

  // access flags 0x1
  public tearDown()V throws java/lang/Exception
    TRYCATCHBLOCK L0 L1 L1 java/lang/Throwable
   L0
    LDC -2147483611
    ALOAD 0
    LDC "tearDown"
    LDC "()V"
    BIPUSH 0
    ANEWARRAY java/lang/Object
    INVOKESTATIC org/evosuite/testcarver/capture/Capturer.capture (ILjava/lang/Object;Ljava/lang/String;Ljava/lang/String;[Ljava/lang/Object;)V
    ALOAD 0
    INVOKEVIRTUAL com/examples/with/different/packagename/testcarver/ArrayConverterTestCase._sw_prototype_original_tearDown ()V
    GOTO L2
   L1
   FRAME SAME1 java/lang/Throwable
    ASTORE 1
    LDC -2147483611
    ALOAD 0
    GETSTATIC org/evosuite/testcarver/capture/CaptureLog.RETURN_TYPE_VOID : Ljava/lang/Object;
    INVOKESTATIC org/evosuite/testcarver/capture/Capturer.enable (ILjava/lang/Object;Ljava/lang/Object;)V
    ALOAD 1
    ATHROW
   L2
   FRAME SAME
    LDC -2147483611
    ALOAD 0
    GETSTATIC org/evosuite/testcarver/capture/CaptureLog.RETURN_TYPE_VOID : Ljava/lang/Object;
    INVOKESTATIC org/evosuite/testcarver/capture/Capturer.enable (ILjava/lang/Object;Ljava/lang/Object;)V
    RETURN
    MAXSTACK = 4
    MAXLOCALS = 0

  // access flags 0x1
  public testComponentIntegerConverter()V
    TRYCATCHBLOCK L0 L1 L1 java/lang/Throwable
   L0
    LDC -2147483609
    ALOAD 0
    LDC "testComponentIntegerConverter"
    LDC "()V"
    BIPUSH 0
    ANEWARRAY java/lang/Object
    INVOKESTATIC org/evosuite/testcarver/capture/Capturer.capture (ILjava/lang/Object;Ljava/lang/String;Ljava/lang/String;[Ljava/lang/Object;)V
    ALOAD 0
    INVOKEVIRTUAL com/examples/with/different/packagename/testcarver/ArrayConverterTestCase._sw_prototype_original_testComponentIntegerConverter ()V
    GOTO L2
   L1
   FRAME SAME1 java/lang/Throwable
    ASTORE 1
    LDC -2147483609
    ALOAD 0
    GETSTATIC org/evosuite/testcarver/capture/CaptureLog.RETURN_TYPE_VOID : Ljava/lang/Object;
    INVOKESTATIC org/evosuite/testcarver/capture/Capturer.enable (ILjava/lang/Object;Ljava/lang/Object;)V
    ALOAD 1
    ATHROW
   L2
   FRAME SAME
    LDC -2147483609
    ALOAD 0
    GETSTATIC org/evosuite/testcarver/capture/CaptureLog.RETURN_TYPE_VOID : Ljava/lang/Object;
    INVOKESTATIC org/evosuite/testcarver/capture/Capturer.enable (ILjava/lang/Object;Ljava/lang/Object;)V
    RETURN
    MAXSTACK = 11
    MAXLOCALS = 0

  // access flags 0x1
  public testStringArrayToNumber()V
    TRYCATCHBLOCK L0 L1 L1 java/lang/Throwable
   L0
    LDC -2147483608
    ALOAD 0
    LDC "testStringArrayToNumber"
    LDC "()V"
    BIPUSH 0
    ANEWARRAY java/lang/Object
    INVOKESTATIC org/evosuite/testcarver/capture/Capturer.capture (ILjava/lang/Object;Ljava/lang/String;Ljava/lang/String;[Ljava/lang/Object;)V
    ALOAD 0
    INVOKEVIRTUAL com/examples/with/different/packagename/testcarver/ArrayConverterTestCase._sw_prototype_original_testStringArrayToNumber ()V
    GOTO L2
   L1
   FRAME SAME1 java/lang/Throwable
    ASTORE 1
    LDC -2147483608
    ALOAD 0
    GETSTATIC org/evosuite/testcarver/capture/CaptureLog.RETURN_TYPE_VOID : Ljava/lang/Object;
    INVOKESTATIC org/evosuite/testcarver/capture/Capturer.enable (ILjava/lang/Object;Ljava/lang/Object;)V
    ALOAD 1
    ATHROW
   L2
   FRAME SAME
    LDC -2147483608
    ALOAD 0
    GETSTATIC org/evosuite/testcarver/capture/CaptureLog.RETURN_TYPE_VOID : Ljava/lang/Object;
    INVOKESTATIC org/evosuite/testcarver/capture/Capturer.enable (ILjava/lang/Object;Ljava/lang/Object;)V
    RETURN
    MAXSTACK = 10
    MAXLOCALS = 0

  // access flags 0x1
  public testTheMatrix()V
    TRYCATCHBLOCK L0 L1 L1 java/lang/Throwable
   L0
    LDC -2147483607
    ALOAD 0
    LDC "testTheMatrix"
    LDC "()V"
    BIPUSH 0
    ANEWARRAY java/lang/Object
    INVOKESTATIC org/evosuite/testcarver/capture/Capturer.capture (ILjava/lang/Object;Ljava/lang/String;Ljava/lang/String;[Ljava/lang/Object;)V
    ALOAD 0
    INVOKEVIRTUAL com/examples/with/different/packagename/testcarver/ArrayConverterTestCase._sw_prototype_original_testTheMatrix ()V
    GOTO L2
   L1
   FRAME SAME1 java/lang/Throwable
    ASTORE 1
    LDC -2147483607
    ALOAD 0
    GETSTATIC org/evosuite/testcarver/capture/CaptureLog.RETURN_TYPE_VOID : Ljava/lang/Object;
    INVOKESTATIC org/evosuite/testcarver/capture/Capturer.enable (ILjava/lang/Object;Ljava/lang/Object;)V
    ALOAD 1
    ATHROW
   L2
   FRAME SAME
    LDC -2147483607
    ALOAD 0
    GETSTATIC org/evosuite/testcarver/capture/CaptureLog.RETURN_TYPE_VOID : Ljava/lang/Object;
    INVOKESTATIC org/evosuite/testcarver/capture/Capturer.enable (ILjava/lang/Object;Ljava/lang/Object;)V
    RETURN
    MAXSTACK = 11
    MAXLOCALS = 0

  // access flags 0x1
  public testInvalidWithDefault()V
    TRYCATCHBLOCK L0 L1 L1 java/lang/Throwable
   L0
    LDC -2147483606
    ALOAD 0
    LDC "testInvalidWithDefault"
    LDC "()V"
    BIPUSH 0
    ANEWARRAY java/lang/Object
    INVOKESTATIC org/evosuite/testcarver/capture/Capturer.capture (ILjava/lang/Object;Ljava/lang/String;Ljava/lang/String;[Ljava/lang/Object;)V
    ALOAD 0
    INVOKEVIRTUAL com/examples/with/different/packagename/testcarver/ArrayConverterTestCase._sw_prototype_original_testInvalidWithDefault ()V
    GOTO L2
   L1
   FRAME SAME1 java/lang/Throwable
    ASTORE 1
    LDC -2147483606
    ALOAD 0
    GETSTATIC org/evosuite/testcarver/capture/CaptureLog.RETURN_TYPE_VOID : Ljava/lang/Object;
    INVOKESTATIC org/evosuite/testcarver/capture/Capturer.enable (ILjava/lang/Object;Ljava/lang/Object;)V
    ALOAD 1
    ATHROW
   L2
   FRAME SAME
    LDC -2147483606
    ALOAD 0
    GETSTATIC org/evosuite/testcarver/capture/CaptureLog.RETURN_TYPE_VOID : Ljava/lang/Object;
    INVOKESTATIC org/evosuite/testcarver/capture/Capturer.enable (ILjava/lang/Object;Ljava/lang/Object;)V
    RETURN
    MAXSTACK = 12
    MAXLOCALS = 0

  // access flags 0x1
  public testEmptyString()V
    TRYCATCHBLOCK L0 L1 L1 java/lang/Throwable
   L0
    LDC -2147483605
    ALOAD 0
    LDC "testEmptyString"
    LDC "()V"
    BIPUSH 0
    ANEWARRAY java/lang/Object
    INVOKESTATIC org/evosuite/testcarver/capture/Capturer.capture (ILjava/lang/Object;Ljava/lang/String;Ljava/lang/String;[Ljava/lang/Object;)V
    ALOAD 0
    INVOKEVIRTUAL com/examples/with/different/packagename/testcarver/ArrayConverterTestCase._sw_prototype_original_testEmptyString ()V
    GOTO L2
   L1
   FRAME SAME1 java/lang/Throwable
    ASTORE 1
    LDC -2147483605
    ALOAD 0
    GETSTATIC org/evosuite/testcarver/capture/CaptureLog.RETURN_TYPE_VOID : Ljava/lang/Object;
    INVOKESTATIC org/evosuite/testcarver/capture/Capturer.enable (ILjava/lang/Object;Ljava/lang/Object;)V
    ALOAD 1
    ATHROW
   L2
   FRAME SAME
    LDC -2147483605
    ALOAD 0
    GETSTATIC org/evosuite/testcarver/capture/CaptureLog.RETURN_TYPE_VOID : Ljava/lang/Object;
    INVOKESTATIC org/evosuite/testcarver/capture/Capturer.enable (ILjava/lang/Object;Ljava/lang/Object;)V
    RETURN
    MAXSTACK = 12
    MAXLOCALS = 0

  // access flags 0x1
  public testErrors()V
    TRYCATCHBLOCK L0 L1 L1 java/lang/Throwable
   L0
    LDC -2147483604
    ALOAD 0
    LDC "testErrors"
    LDC "()V"
    BIPUSH 0
    ANEWARRAY java/lang/Object
    INVOKESTATIC org/evosuite/testcarver/capture/Capturer.capture (ILjava/lang/Object;Ljava/lang/String;Ljava/lang/String;[Ljava/lang/Object;)V
    ALOAD 0
    INVOKEVIRTUAL com/examples/with/different/packagename/testcarver/ArrayConverterTestCase._sw_prototype_original_testErrors ()V
    GOTO L2
   L1
   FRAME SAME1 java/lang/Throwable
    ASTORE 1
    LDC -2147483604
    ALOAD 0
    GETSTATIC org/evosuite/testcarver/capture/CaptureLog.RETURN_TYPE_VOID : Ljava/lang/Object;
    INVOKESTATIC org/evosuite/testcarver/capture/Capturer.enable (ILjava/lang/Object;Ljava/lang/Object;)V
    ALOAD 1
    ATHROW
   L2
   FRAME SAME
    LDC -2147483604
    ALOAD 0
    GETSTATIC org/evosuite/testcarver/capture/CaptureLog.RETURN_TYPE_VOID : Ljava/lang/Object;
    INVOKESTATIC org/evosuite/testcarver/capture/Capturer.enable (ILjava/lang/Object;Ljava/lang/Object;)V
    RETURN
    MAXSTACK = 9
    MAXLOCALS = 0

  // access flags 0x1
  public testUnderscore_BEANUTILS_302()V
    TRYCATCHBLOCK L0 L1 L1 java/lang/Throwable
   L0
    LDC -2147483603
    ALOAD 0
    LDC "testUnderscore_BEANUTILS_302"
    LDC "()V"
    BIPUSH 0
    ANEWARRAY java/lang/Object
    INVOKESTATIC org/evosuite/testcarver/capture/Capturer.capture (ILjava/lang/Object;Ljava/lang/String;Ljava/lang/String;[Ljava/lang/Object;)V
    ALOAD 0
    INVOKEVIRTUAL com/examples/with/different/packagename/testcarver/ArrayConverterTestCase._sw_prototype_original_testUnderscore_BEANUTILS_302 ()V
    GOTO L2
   L1
   FRAME SAME1 java/lang/Throwable
    ASTORE 1
    LDC -2147483603
    ALOAD 0
    GETSTATIC org/evosuite/testcarver/capture/CaptureLog.RETURN_TYPE_VOID : Ljava/lang/Object;
    INVOKESTATIC org/evosuite/testcarver/capture/Capturer.enable (ILjava/lang/Object;Ljava/lang/Object;)V
    ALOAD 1
    ATHROW
   L2
   FRAME SAME
    LDC -2147483603
    ALOAD 0
    GETSTATIC org/evosuite/testcarver/capture/CaptureLog.RETURN_TYPE_VOID : Ljava/lang/Object;
    INVOKESTATIC org/evosuite/testcarver/capture/Capturer.enable (ILjava/lang/Object;Ljava/lang/Object;)V
    RETURN
    MAXSTACK = 9
    MAXLOCALS = 0
}
INFO  org.evosuite.testcarver.extraction.CarvingClassLoader - Keeping class: com.examples.with.different.packagename.testcarver.ArrayConverterTestCase
INFO  org.evosuite.testcarver.extraction.CarvingRunListener - Not yet reached maximum time to carve unit tests - executing test with carver
INFO  org.evosuite.testcarver.capture.Capturer - Starting Capturer...
INFO  org.evosuite.testcarver.capture.Capturer - Capturer has been started successfully
INFO  org.evosuite.testcarver.capture.CaptureLog - method setUp was called on object testUnderscore_BEANUTILS_302(com.examples.with.different.packagename.testcarver.ArrayConverterTestCase) with oid 1129618540 without foregoing (observed) init stmt --> creating unobserved init stmt
INFO  org.evosuite.testcarver.extraction.CarvingClassLoader - Seeing class for first time: com.examples.with.different.packagename.testcarver.ConversionException
WARN  org.evosuite.testcarver.extraction.CarvingClassLoader - Instrumenting class 'com.examples.with.different.packagename.testcarver.ConversionException'.
INFO  org.evosuite.testcarver.instrument.Instrumenter - Checking package com.examples.with.different.packagename.testcarver for class com/examples/with/different/packagename/testcarver/ConversionException
// class version 52.0 (52)
// access flags 0x21
public class com/examples/with/different/packagename/testcarver/ConversionException extends java/lang/RuntimeException {

  // compiled from: ConversionException.java

  // access flags 0x1A
  private final static J serialVersionUID = -3264207363344909775L

  // access flags 0x4
  protected Ljava/lang/Throwable; cause

  // access flags 0x2
  private _sw_prototype_original_init_sw_prototype_original_(Ljava/lang/String;)V
    ALOAD 0
    INVOKESTATIC org/evosuite/testcarver/capture/FieldRegistry.register (Ljava/lang/Object;)V
   L0
    LINENUMBER 85 L0
    ALOAD 0
    ACONST_NULL
    DUP2
    PUTFIELD com/examples/with/different/packagename/testcarver/ConversionException.cause : Ljava/lang/Throwable;
    POP
    LDC -2147483602
    LDC "com/examples/with/different/packagename/testcarver/ConversionException"
    LDC "cause"
    LDC "Ljava/lang/Throwable;"
    INVOKESTATIC org/evosuite/testcarver/capture/FieldRegistry.notifyModification (Ljava/lang/Object;ILjava/lang/String;Ljava/lang/String;Ljava/lang/String;)V
   L1
    LINENUMBER 48 L1
    RETURN
   L2
    LOCALVARIABLE this Lcom/examples/with/different/packagename/testcarver/ConversionException; L3 L2 0
    LOCALVARIABLE message Ljava/lang/String; L3 L2 1
    MAXSTACK = 6
    MAXLOCALS = 2

  // access flags 0x2
  private _sw_prototype_original_init_sw_prototype_original_(Ljava/lang/String;Ljava/lang/Throwable;)V
    ALOAD 0
    INVOKESTATIC org/evosuite/testcarver/capture/FieldRegistry.register (Ljava/lang/Object;)V
   L0
    LINENUMBER 85 L0
    ALOAD 0
    ACONST_NULL
    DUP2
    PUTFIELD com/examples/with/different/packagename/testcarver/ConversionException.cause : Ljava/lang/Throwable;
    POP
    LDC -2147483599
    LDC "com/examples/with/different/packagename/testcarver/ConversionException"
    LDC "cause"
    LDC "Ljava/lang/Throwable;"
    INVOKESTATIC org/evosuite/testcarver/capture/FieldRegistry.notifyModification (Ljava/lang/Object;ILjava/lang/String;Ljava/lang/String;Ljava/lang/String;)V
   L1
    LINENUMBER 60 L1
    ALOAD 0
    ALOAD 2
    DUP2
    PUTFIELD com/examples/with/different/packagename/testcarver/ConversionException.cause : Ljava/lang/Throwable;
    POP
    LDC -2147483597
    LDC "com/examples/with/different/packagename/testcarver/ConversionException"
    LDC "cause"
    LDC "Ljava/lang/Throwable;"
    INVOKESTATIC org/evosuite/testcarver/capture/FieldRegistry.notifyModification (Ljava/lang/Object;ILjava/lang/String;Ljava/lang/String;Ljava/lang/String;)V
   L2
    LINENUMBER 62 L2
    RETURN
   L3
    LOCALVARIABLE this Lcom/examples/with/different/packagename/testcarver/ConversionException; L4 L3 0
    LOCALVARIABLE message Ljava/lang/String; L4 L3 1
    LOCALVARIABLE cause Ljava/lang/Throwable; L4 L3 2
    MAXSTACK = 6
    MAXLOCALS = 3

  // access flags 0x2
  private _sw_prototype_original_init_sw_prototype_original_(Ljava/lang/Throwable;)V
    ALOAD 0
    INVOKESTATIC org/evosuite/testcarver/capture/FieldRegistry.register (Ljava/lang/Object;)V
   L0
    LINENUMBER 85 L0
    ALOAD 0
    ACONST_NULL
    DUP2
    PUTFIELD com/examples/with/different/packagename/testcarver/ConversionException.cause : Ljava/lang/Throwable;
    POP
    LDC -2147483594
    LDC "com/examples/with/different/packagename/testcarver/ConversionException"
    LDC "cause"
    LDC "Ljava/lang/Throwable;"
    INVOKESTATIC org/evosuite/testcarver/capture/FieldRegistry.notifyModification (Ljava/lang/Object;ILjava/lang/String;Ljava/lang/String;Ljava/lang/String;)V
   L1
    LINENUMBER 73 L1
    ALOAD 0
    ALOAD 1
    DUP2
    PUTFIELD com/examples/with/different/packagename/testcarver/ConversionException.cause : Ljava/lang/Throwable;
    POP
    LDC -2147483592
    LDC "com/examples/with/different/packagename/testcarver/ConversionException"
    LDC "cause"
    LDC "Ljava/lang/Throwable;"
    INVOKESTATIC org/evosuite/testcarver/capture/FieldRegistry.notifyModification (Ljava/lang/Object;ILjava/lang/String;Ljava/lang/String;Ljava/lang/String;)V
   L2
    LINENUMBER 75 L2
    RETURN
   L3
    LOCALVARIABLE this Lcom/examples/with/different/packagename/testcarver/ConversionException; L4 L3 0
    LOCALVARIABLE cause Ljava/lang/Throwable; L4 L3 1
    MAXSTACK = 6
    MAXLOCALS = 2

  // access flags 0x2
  private _sw_prototype_original_getCause()Ljava/lang/Throwable;
   L0
    LINENUMBER 93 L0
    ALOAD 0
    DUP
    GETFIELD com/examples/with/different/packagename/testcarver/ConversionException.cause : Ljava/lang/Throwable;
    SWAP
    LDC -2147483589
    LDC "com/examples/with/different/packagename/testcarver/ConversionException"
    LDC "cause"
    LDC "Ljava/lang/Throwable;"
    INVOKESTATIC org/evosuite/testcarver/capture/FieldRegistry.notifyReadAccess (Ljava/lang/Object;ILjava/lang/String;Ljava/lang/String;Ljava/lang/String;)V
    ARETURN
   L1
    LOCALVARIABLE this Lcom/examples/with/different/packagename/testcarver/ConversionException; L0 L1 0
    MAXSTACK = 5
    MAXLOCALS = 1

  // access flags 0x1
  public <init>(Ljava/lang/String;)V
    TRYCATCHBLOCK L0 L1 L1 java/lang/Throwable
   L2
    LINENUMBER 46 L2
    ALOAD 0
    ALOAD 1
    INVOKESPECIAL java/lang/RuntimeException.<init> (Ljava/lang/String;)V
   L0
    LDC -2147483600
    ALOAD 0
    LDC "<init>"
    LDC "(Ljava/lang/String;)V"
    BIPUSH 1
    ANEWARRAY java/lang/Object
    DUP
    BIPUSH 0
    ALOAD 1
    AASTORE
    INVOKESTATIC org/evosuite/testcarver/capture/Capturer.capture (ILjava/lang/Object;Ljava/lang/String;Ljava/lang/String;[Ljava/lang/Object;)V
    ALOAD 0
    ALOAD 1
    INVOKEVIRTUAL com/examples/with/different/packagename/testcarver/ConversionException._sw_prototype_original_init_sw_prototype_original_ (Ljava/lang/String;)V
    GOTO L3
   L1
   FRAME SAME1 java/lang/Throwable
    ASTORE 2
    LDC -2147483600
    ALOAD 0
    GETSTATIC org/evosuite/testcarver/capture/CaptureLog.RETURN_TYPE_VOID : Ljava/lang/Object;
    INVOKESTATIC org/evosuite/testcarver/capture/Capturer.enable (ILjava/lang/Object;Ljava/lang/Object;)V
    ALOAD 2
    ATHROW
   L3
   FRAME SAME
    LDC -2147483600
    ALOAD 0
    GETSTATIC org/evosuite/testcarver/capture/CaptureLog.RETURN_TYPE_VOID : Ljava/lang/Object;
    INVOKESTATIC org/evosuite/testcarver/capture/Capturer.enable (ILjava/lang/Object;Ljava/lang/Object;)V
    RETURN
    MAXSTACK = 6
    MAXLOCALS = 0

  // access flags 0x1
  public <init>(Ljava/lang/String;Ljava/lang/Throwable;)V
    TRYCATCHBLOCK L0 L1 L1 java/lang/Throwable
   L2
    LINENUMBER 59 L2
    ALOAD 0
    ALOAD 1
    INVOKESPECIAL java/lang/RuntimeException.<init> (Ljava/lang/String;)V
   L0
    LDC -2147483595
    ALOAD 0
    LDC "<init>"
    LDC "(Ljava/lang/String;Ljava/lang/Throwable;)V"
    BIPUSH 2
    ANEWARRAY java/lang/Object
    DUP
    BIPUSH 0
    ALOAD 1
    AASTORE
    DUP
    BIPUSH 1
    ALOAD 2
    AASTORE
    INVOKESTATIC org/evosuite/testcarver/capture/Capturer.capture (ILjava/lang/Object;Ljava/lang/String;Ljava/lang/String;[Ljava/lang/Object;)V
    ALOAD 0
    ALOAD 1
    ALOAD 2
    INVOKEVIRTUAL com/examples/with/different/packagename/testcarver/ConversionException._sw_prototype_original_init_sw_prototype_original_ (Ljava/lang/String;Ljava/lang/Throwable;)V
    GOTO L3
   L1
   FRAME SAME1 java/lang/Throwable
    ASTORE 3
    LDC -2147483595
    ALOAD 0
    GETSTATIC org/evosuite/testcarver/capture/CaptureLog.RETURN_TYPE_VOID : Ljava/lang/Object;
    INVOKESTATIC org/evosuite/testcarver/capture/Capturer.enable (ILjava/lang/Object;Ljava/lang/Object;)V
    ALOAD 3
    ATHROW
   L3
   FRAME SAME
    LDC -2147483595
    ALOAD 0
    GETSTATIC org/evosuite/testcarver/capture/CaptureLog.RETURN_TYPE_VOID : Ljava/lang/Object;
    INVOKESTATIC org/evosuite/testcarver/capture/Capturer.enable (ILjava/lang/Object;Ljava/lang/Object;)V
    RETURN
    MAXSTACK = 6
    MAXLOCALS = 0

  // access flags 0x1
  public <init>(Ljava/lang/Throwable;)V
    TRYCATCHBLOCK L0 L1 L1 java/lang/Throwable
   L2
    LINENUMBER 72 L2
    ALOAD 0
    ALOAD 1
    INVOKEVIRTUAL java/lang/Throwable.getMessage ()Ljava/lang/String;
    INVOKESPECIAL java/lang/RuntimeException.<init> (Ljava/lang/String;)V
   L0
    LDC -2147483590
    ALOAD 0
    LDC "<init>"
    LDC "(Ljava/lang/Throwable;)V"
    BIPUSH 1
    ANEWARRAY java/lang/Object
    DUP
    BIPUSH 0
    ALOAD 1
    AASTORE
    INVOKESTATIC org/evosuite/testcarver/capture/Capturer.capture (ILjava/lang/Object;Ljava/lang/String;Ljava/lang/String;[Ljava/lang/Object;)V
    ALOAD 0
    ALOAD 1
    INVOKEVIRTUAL com/examples/with/different/packagename/testcarver/ConversionException._sw_prototype_original_init_sw_prototype_original_ (Ljava/lang/Throwable;)V
    GOTO L3
   L1
   FRAME SAME1 java/lang/Throwable
    ASTORE 2
    LDC -2147483590
    ALOAD 0
    GETSTATIC org/evosuite/testcarver/capture/CaptureLog.RETURN_TYPE_VOID : Ljava/lang/Object;
    INVOKESTATIC org/evosuite/testcarver/capture/Capturer.enable (ILjava/lang/Object;Ljava/lang/Object;)V
    ALOAD 2
    ATHROW
   L3
   FRAME SAME
    LDC -2147483590
    ALOAD 0
    GETSTATIC org/evosuite/testcarver/capture/CaptureLog.RETURN_TYPE_VOID : Ljava/lang/Object;
    INVOKESTATIC org/evosuite/testcarver/capture/Capturer.enable (ILjava/lang/Object;Ljava/lang/Object;)V
    RETURN
    MAXSTACK = 6
    MAXLOCALS = 0

  // access flags 0x1
  public getCause()Ljava/lang/Throwable;
    TRYCATCHBLOCK L0 L1 L2 java/lang/Throwable
    ACONST_NULL
    ASTORE 1
   L0
    LDC -2147483588
    ALOAD 0
    LDC "getCause"
    LDC "()Ljava/lang/Throwable;"
    BIPUSH 0
    ANEWARRAY java/lang/Object
    INVOKESTATIC org/evosuite/testcarver/capture/Capturer.capture (ILjava/lang/Object;Ljava/lang/String;Ljava/lang/String;[Ljava/lang/Object;)V
    ALOAD 0
    INVOKEVIRTUAL com/examples/with/different/packagename/testcarver/ConversionException._sw_prototype_original_getCause ()Ljava/lang/Throwable;
    ASTORE 1
    ALOAD 1
    ASTORE 3
   L1
    LDC -2147483588
    ALOAD 0
    ALOAD 1
    INVOKESTATIC org/evosuite/testcarver/capture/Capturer.enable (ILjava/lang/Object;Ljava/lang/Object;)V
    ALOAD 3
    ARETURN
   L2
   FRAME FULL [com/examples/with/different/packagename/testcarver/ConversionException java/lang/Throwable] [java/lang/Throwable]
    ASTORE 2
    LDC -2147483588
    ALOAD 0
    ALOAD 1
    INVOKESTATIC org/evosuite/testcarver/capture/Capturer.enable (ILjava/lang/Object;Ljava/lang/Object;)V
    ALOAD 2
    ATHROW
    MAXSTACK = 5
    MAXLOCALS = 0
}
INFO  org.evosuite.testcarver.extraction.CarvingClassLoader - Keeping class: com.examples.with.different.packagename.testcarver.ConversionException
INFO  org.evosuite.testcarver.extraction.CarvingClassLoader - Seeing class for first time: com.examples.with.different.packagename.testcarver.StringConverter
WARN  org.evosuite.testcarver.extraction.CarvingClassLoader - Instrumenting class 'com.examples.with.different.packagename.testcarver.StringConverter'.
INFO  org.evosuite.testcarver.instrument.Instrumenter - Checking package com.examples.with.different.packagename.testcarver for class com/examples/with/different/packagename/testcarver/StringConverter
// class version 52.0 (52)
// access flags 0x31
public final class com/examples/with/different/packagename/testcarver/StringConverter extends com/examples/with/different/packagename/testcarver/AbstractConverter {

  // compiled from: StringConverter.java

  // access flags 0x2
  private _sw_prototype_original_init_sw_prototype_original_()V
    ALOAD 0
    INVOKESTATIC org/evosuite/testcarver/capture/FieldRegistry.register (Ljava/lang/Object;)V
   L0
    LINENUMBER 56 L0
    RETURN
   L1
    LOCALVARIABLE this Lcom/examples/with/different/packagename/testcarver/StringConverter; L2 L1 0
    MAXSTACK = 5
    MAXLOCALS = 1

  // access flags 0x2
  private _sw_prototype_original_init_sw_prototype_original_(Ljava/lang/Object;)V
    ALOAD 0
    INVOKESTATIC org/evosuite/testcarver/capture/FieldRegistry.register (Ljava/lang/Object;)V
   L0
    LINENUMBER 68 L0
    RETURN
   L1
    LOCALVARIABLE this Lcom/examples/with/different/packagename/testcarver/StringConverter; L2 L1 0
    LOCALVARIABLE defaultValue Ljava/lang/Object; L2 L1 1
    MAXSTACK = 6
    MAXLOCALS = 2

  // access flags 0x4
  protected getDefaultType()Ljava/lang/Class;
   L0
    LINENUMBER 77 L0
    LDC Ljava/lang/String;.class
    ARETURN
   L1
    LOCALVARIABLE this Lcom/examples/with/different/packagename/testcarver/StringConverter; L0 L1 0
    MAXSTACK = 1
    MAXLOCALS = 1

  // access flags 0x4
  protected convertToType(Ljava/lang/Class;Ljava/lang/Object;)Ljava/lang/Object; throws java/lang/Throwable
   L0
    LINENUMBER 91 L0
    ALOAD 2
    INVOKEVIRTUAL java/lang/Object.toString ()Ljava/lang/String;
    ARETURN
   L1
    LOCALVARIABLE this Lcom/examples/with/different/packagename/testcarver/StringConverter; L0 L1 0
    LOCALVARIABLE type Ljava/lang/Class; L0 L1 1
    LOCALVARIABLE value Ljava/lang/Object; L0 L1 2
    MAXSTACK = 1
    MAXLOCALS = 3

  // access flags 0x1
  public <init>()V
    TRYCATCHBLOCK L0 L1 L1 java/lang/Throwable
   L2
    LINENUMBER 55 L2
    ALOAD 0
    INVOKESPECIAL com/examples/with/different/packagename/testcarver/AbstractConverter.<init> ()V
   L0
    LDC -2147483587
    ALOAD 0
    LDC "<init>"
    LDC "()V"
    BIPUSH 0
    ANEWARRAY java/lang/Object
    INVOKESTATIC org/evosuite/testcarver/capture/Capturer.capture (ILjava/lang/Object;Ljava/lang/String;Ljava/lang/String;[Ljava/lang/Object;)V
    ALOAD 0
    INVOKEVIRTUAL com/examples/with/different/packagename/testcarver/StringConverter._sw_prototype_original_init_sw_prototype_original_ ()V
    GOTO L3
   L1
   FRAME SAME1 java/lang/Throwable
    ASTORE 1
    LDC -2147483587
    ALOAD 0
    GETSTATIC org/evosuite/testcarver/capture/CaptureLog.RETURN_TYPE_VOID : Ljava/lang/Object;
    INVOKESTATIC org/evosuite/testcarver/capture/Capturer.enable (ILjava/lang/Object;Ljava/lang/Object;)V
    ALOAD 1
    ATHROW
   L3
   FRAME SAME
    LDC -2147483587
    ALOAD 0
    GETSTATIC org/evosuite/testcarver/capture/CaptureLog.RETURN_TYPE_VOID : Ljava/lang/Object;
    INVOKESTATIC org/evosuite/testcarver/capture/Capturer.enable (ILjava/lang/Object;Ljava/lang/Object;)V
    RETURN
    MAXSTACK = 5
    MAXLOCALS = 0

  // access flags 0x1
  public <init>(Ljava/lang/Object;)V
    TRYCATCHBLOCK L0 L1 L1 java/lang/Throwable
   L2
    LINENUMBER 67 L2
    ALOAD 0
    ALOAD 1
    INVOKESPECIAL com/examples/with/different/packagename/testcarver/AbstractConverter.<init> (Ljava/lang/Object;)V
   L0
    LDC -2147483586
    ALOAD 0
    LDC "<init>"
    LDC "(Ljava/lang/Object;)V"
    BIPUSH 1
    ANEWARRAY java/lang/Object
    DUP
    BIPUSH 0
    ALOAD 1
    AASTORE
    INVOKESTATIC org/evosuite/testcarver/capture/Capturer.capture (ILjava/lang/Object;Ljava/lang/String;Ljava/lang/String;[Ljava/lang/Object;)V
    ALOAD 0
    ALOAD 1
    INVOKEVIRTUAL com/examples/with/different/packagename/testcarver/StringConverter._sw_prototype_original_init_sw_prototype_original_ (Ljava/lang/Object;)V
    GOTO L3
   L1
   FRAME SAME1 java/lang/Throwable
    ASTORE 2
    LDC -2147483586
    ALOAD 0
    GETSTATIC org/evosuite/testcarver/capture/CaptureLog.RETURN_TYPE_VOID : Ljava/lang/Object;
    INVOKESTATIC org/evosuite/testcarver/capture/Capturer.enable (ILjava/lang/Object;Ljava/lang/Object;)V
    ALOAD 2
    ATHROW
   L3
   FRAME SAME
    LDC -2147483586
    ALOAD 0
    GETSTATIC org/evosuite/testcarver/capture/CaptureLog.RETURN_TYPE_VOID : Ljava/lang/Object;
    INVOKESTATIC org/evosuite/testcarver/capture/Capturer.enable (ILjava/lang/Object;Ljava/lang/Object;)V
    RETURN
    MAXSTACK = 6
    MAXLOCALS = 0
}
INFO  org.evosuite.testcarver.extraction.CarvingClassLoader - Keeping class: com.examples.with.different.packagename.testcarver.StringConverter
INFO  org.evosuite.testcarver.capture.Capturer - Stopping Capturer...
INFO  org.evosuite.testcarver.capture.Capturer - Capturer has been stopped successfully
INFO  evo_logger -  - Carving test com.examples.with.different.packagename.testcarver.ArrayConverterTestCase.testUnderscore_BEANUTILS_302
INFO  org.evosuite.instrumentation.InstrumentingClassLoader - Seeing class for first time: com.examples.with.different.packagename.testcarver.StringConverter
INFO  org.evosuite.instrumentation.BytecodeInstrumentation - Starting transformation of com/examples/with/different/packagename/testcarver/StringConverter
INFO  org.evosuite.runtime.instrumentation.MethodCallReplacementClassAdapter - Adding mock interface to class com/examples/with/different/packagename/testcarver/StringConverter
INFO  org.evosuite.runtime.instrumentation.CreateClassResetClassAdapter - Creating brand-new static initializer in class com/examples/with/different/packagename/testcarver/StringConverter
INFO  org.evosuite.instrumentation.InstrumentingClassLoader - Loaded class: com.examples.with.different.packagename.testcarver.StringConverter
INFO  org.evosuite.instrumentation.InstrumentingClassLoader - Seeing class for first time: com.examples.with.different.packagename.testcarver.ConversionException
INFO  org.evosuite.instrumentation.BytecodeInstrumentation - Starting transformation of com/examples/with/different/packagename/testcarver/ConversionException
INFO  org.evosuite.runtime.instrumentation.MethodCallReplacementClassAdapter - Adding mock interface to class com/examples/with/different/packagename/testcarver/ConversionException
INFO  org.evosuite.instrumentation.EndOfClassInitializerVisitor - Creating <clinit> in class com/examples/with/different/packagename/testcarver/ConversionException
INFO  org.evosuite.runtime.instrumentation.CreateClassResetClassAdapter - Found static initializer in class com/examples/with/different/packagename/testcarver/ConversionException
INFO  org.evosuite.instrumentation.InstrumentingClassLoader - Loaded class: com.examples.with.different.packagename.testcarver.ConversionException
INFO  org.evosuite.testcarver.extraction.CarvingRunListener - Carved test of length 14
INFO  org.evosuite.utils.generic.GenericTypeInference - Type map empty
INFO  org.evosuite.utils.generic.GenericTypeInference - Type map empty
INFO  org.evosuite.testcarver.extraction.CarvingRunListener - Not yet reached maximum time to carve unit tests - executing test with carver
INFO  org.evosuite.testcarver.capture.Capturer - Starting Capturer...
INFO  org.evosuite.testcarver.capture.Capturer - Capturer has been started successfully
INFO  org.evosuite.testcarver.capture.CaptureLog - method setUp was called on object testTheMatrix(com.examples.with.different.packagename.testcarver.ArrayConverterTestCase) with oid 1331459452 without foregoing (observed) init stmt --> creating unobserved init stmt
INFO  org.evosuite.testcarver.extraction.CarvingClassLoader - Seeing class for first time: com.examples.with.different.packagename.testcarver.IntegerConverter
WARN  org.evosuite.testcarver.extraction.CarvingClassLoader - Instrumenting class 'com.examples.with.different.packagename.testcarver.IntegerConverter'.
INFO  org.evosuite.testcarver.instrument.Instrumenter - Checking package com.examples.with.different.packagename.testcarver for class com/examples/with/different/packagename/testcarver/IntegerConverter
// class version 52.0 (52)
// access flags 0x31
public final class com/examples/with/different/packagename/testcarver/IntegerConverter extends com/examples/with/different/packagename/testcarver/NumberConverter {

  // compiled from: IntegerConverter.java

  // access flags 0x2
  private _sw_prototype_original_init_sw_prototype_original_()V
    ALOAD 0
    INVOKESTATIC org/evosuite/testcarver/capture/FieldRegistry.register (Ljava/lang/Object;)V
   L0
    LINENUMBER 46 L0
    RETURN
   L1
    LOCALVARIABLE this Lcom/examples/with/different/packagename/testcarver/IntegerConverter; L2 L1 0
    MAXSTACK = 6
    MAXLOCALS = 1

  // access flags 0x2
  private _sw_prototype_original_init_sw_prototype_original_(Ljava/lang/Object;)V
    ALOAD 0
    INVOKESTATIC org/evosuite/testcarver/capture/FieldRegistry.register (Ljava/lang/Object;)V
   L0
    LINENUMBER 58 L0
    RETURN
   L1
    LOCALVARIABLE this Lcom/examples/with/different/packagename/testcarver/IntegerConverter; L2 L1 0
    LOCALVARIABLE defaultValue Ljava/lang/Object; L2 L1 1
    MAXSTACK = 7
    MAXLOCALS = 2

  // access flags 0x4
  protected getDefaultType()Ljava/lang/Class;
   L0
    LINENUMBER 67 L0
    LDC Ljava/lang/Integer;.class
    ARETURN
   L1
    LOCALVARIABLE this Lcom/examples/with/different/packagename/testcarver/IntegerConverter; L0 L1 0
    MAXSTACK = 1
    MAXLOCALS = 1

  // access flags 0x1
  public <init>()V
    TRYCATCHBLOCK L0 L1 L1 java/lang/Throwable
   L2
    LINENUMBER 45 L2
    ALOAD 0
    ICONST_0
    INVOKESPECIAL com/examples/with/different/packagename/testcarver/NumberConverter.<init> (Z)V
   L0
    LDC -2147483585
    ALOAD 0
    LDC "<init>"
    LDC "()V"
    BIPUSH 0
    ANEWARRAY java/lang/Object
    INVOKESTATIC org/evosuite/testcarver/capture/Capturer.capture (ILjava/lang/Object;Ljava/lang/String;Ljava/lang/String;[Ljava/lang/Object;)V
    ALOAD 0
    INVOKEVIRTUAL com/examples/with/different/packagename/testcarver/IntegerConverter._sw_prototype_original_init_sw_prototype_original_ ()V
    GOTO L3
   L1
   FRAME SAME1 java/lang/Throwable
    ASTORE 1
    LDC -2147483585
    ALOAD 0
    GETSTATIC org/evosuite/testcarver/capture/CaptureLog.RETURN_TYPE_VOID : Ljava/lang/Object;
    INVOKESTATIC org/evosuite/testcarver/capture/Capturer.enable (ILjava/lang/Object;Ljava/lang/Object;)V
    ALOAD 1
    ATHROW
   L3
   FRAME SAME
    LDC -2147483585
    ALOAD 0
    GETSTATIC org/evosuite/testcarver/capture/CaptureLog.RETURN_TYPE_VOID : Ljava/lang/Object;
    INVOKESTATIC org/evosuite/testcarver/capture/Capturer.enable (ILjava/lang/Object;Ljava/lang/Object;)V
    RETURN
    MAXSTACK = 6
    MAXLOCALS = 0

  // access flags 0x1
  public <init>(Ljava/lang/Object;)V
    TRYCATCHBLOCK L0 L1 L1 java/lang/Throwable
   L2
    LINENUMBER 57 L2
    ALOAD 0
    ICONST_0
    ALOAD 1
    INVOKESPECIAL com/examples/with/different/packagename/testcarver/NumberConverter.<init> (ZLjava/lang/Object;)V
   L0
    LDC -2147483584
    ALOAD 0
    LDC "<init>"
    LDC "(Ljava/lang/Object;)V"
    BIPUSH 1
    ANEWARRAY java/lang/Object
    DUP
    BIPUSH 0
    ALOAD 1
    AASTORE
    INVOKESTATIC org/evosuite/testcarver/capture/Capturer.capture (ILjava/lang/Object;Ljava/lang/String;Ljava/lang/String;[Ljava/lang/Object;)V
    ALOAD 0
    ALOAD 1
    INVOKEVIRTUAL com/examples/with/different/packagename/testcarver/IntegerConverter._sw_prototype_original_init_sw_prototype_original_ (Ljava/lang/Object;)V
    GOTO L3
   L1
   FRAME SAME1 java/lang/Throwable
    ASTORE 2
    LDC -2147483584
    ALOAD 0
    GETSTATIC org/evosuite/testcarver/capture/CaptureLog.RETURN_TYPE_VOID : Ljava/lang/Object;
    INVOKESTATIC org/evosuite/testcarver/capture/Capturer.enable (ILjava/lang/Object;Ljava/lang/Object;)V
    ALOAD 2
    ATHROW
   L3
   FRAME SAME
    LDC -2147483584
    ALOAD 0
    GETSTATIC org/evosuite/testcarver/capture/CaptureLog.RETURN_TYPE_VOID : Ljava/lang/Object;
    INVOKESTATIC org/evosuite/testcarver/capture/Capturer.enable (ILjava/lang/Object;Ljava/lang/Object;)V
    RETURN
    MAXSTACK = 7
    MAXLOCALS = 0
}
INFO  org.evosuite.testcarver.extraction.CarvingClassLoader - Seeing class for first time: com.examples.with.different.packagename.testcarver.NumberConverter
WARN  org.evosuite.testcarver.extraction.CarvingClassLoader - Instrumenting class 'com.examples.with.different.packagename.testcarver.NumberConverter'.
INFO  org.evosuite.testcarver.instrument.Instrumenter - Checking package com.examples.with.different.packagename.testcarver for class com/examples/with/different/packagename/testcarver/NumberConverter
// class version 52.0 (52)
// access flags 0x421
public abstract class com/examples/with/different/packagename/testcarver/NumberConverter extends com/examples/with/different/packagename/testcarver/AbstractConverter {

  // compiled from: NumberConverter.java

  // access flags 0x1A
  private final static Ljava/lang/Integer; ZERO

  // access flags 0x1A
  private final static Ljava/lang/Integer; ONE

  // access flags 0x2
  private Ljava/lang/String; pattern

  // access flags 0x2
  private Z allowDecimals

  // access flags 0x2
  private Z useLocaleFormat

  // access flags 0x2
  private Ljava/util/Locale; locale

  // access flags 0x1
  public <init>(Z)V
   L0
    LINENUMBER 107 L0
    ALOAD 0
    INVOKESPECIAL com/examples/with/different/packagename/testcarver/AbstractConverter.<init> ()V
   L1
    LINENUMBER 108 L1
    ALOAD 0
    ILOAD 1
    PUTFIELD com/examples/with/different/packagename/testcarver/NumberConverter.allowDecimals : Z
   L2
    LINENUMBER 109 L2
    RETURN
   L3
    LOCALVARIABLE this Lcom/examples/with/different/packagename/testcarver/NumberConverter; L0 L3 0
    LOCALVARIABLE allowDecimals Z L0 L3 1
    MAXSTACK = 2
    MAXLOCALS = 2

  // access flags 0x1
  public <init>(ZLjava/lang/Object;)V
   L0
    LINENUMBER 119 L0
    ALOAD 0
    INVOKESPECIAL com/examples/with/different/packagename/testcarver/AbstractConverter.<init> ()V
   L1
    LINENUMBER 120 L1
    ALOAD 0
    ILOAD 1
    PUTFIELD com/examples/with/different/packagename/testcarver/NumberConverter.allowDecimals : Z
   L2
    LINENUMBER 121 L2
    ALOAD 0
    ALOAD 2
    INVOKEVIRTUAL com/examples/with/different/packagename/testcarver/NumberConverter.setDefaultValue (Ljava/lang/Object;)V
   L3
    LINENUMBER 122 L3
    RETURN
   L4
    LOCALVARIABLE this Lcom/examples/with/different/packagename/testcarver/NumberConverter; L0 L4 0
    LOCALVARIABLE allowDecimals Z L0 L4 1
    LOCALVARIABLE defaultValue Ljava/lang/Object; L0 L4 2
    MAXSTACK = 2
    MAXLOCALS = 3

  // access flags 0x2
  private _sw_prototype_original_isAllowDecimals()Z
   L0
    LINENUMBER 132 L0
    ALOAD 0
    DUP
    GETFIELD com/examples/with/different/packagename/testcarver/NumberConverter.allowDecimals : Z
    SWAP
    LDC -2147483583
    LDC "com/examples/with/different/packagename/testcarver/NumberConverter"
    LDC "allowDecimals"
    LDC "Z"
    INVOKESTATIC org/evosuite/testcarver/capture/FieldRegistry.notifyReadAccess (Ljava/lang/Object;ILjava/lang/String;Ljava/lang/String;Ljava/lang/String;)V
    IRETURN
   L1
    LOCALVARIABLE this Lcom/examples/with/different/packagename/testcarver/NumberConverter; L0 L1 0
    MAXSTACK = 5
    MAXLOCALS = 1

  // access flags 0x2
  private _sw_prototype_original_setUseLocaleFormat(Z)V
   L0
    LINENUMBER 143 L0
    ALOAD 0
    ILOAD 1
    DUP2
    PUTFIELD com/examples/with/different/packagename/testcarver/NumberConverter.useLocaleFormat : Z
    POP
    LDC -2147483581
    LDC "com/examples/with/different/packagename/testcarver/NumberConverter"
    LDC "useLocaleFormat"
    LDC "Z"
    INVOKESTATIC org/evosuite/testcarver/capture/FieldRegistry.notifyModification (Ljava/lang/Object;ILjava/lang/String;Ljava/lang/String;Ljava/lang/String;)V
   L1
    LINENUMBER 144 L1
    RETURN
   L2
    LOCALVARIABLE this Lcom/examples/with/different/packagename/testcarver/NumberConverter; L0 L2 0
    LOCALVARIABLE useLocaleFormat Z L0 L2 1
    MAXSTACK = 6
    MAXLOCALS = 2

  // access flags 0x2
  private _sw_prototype_original_getPattern()Ljava/lang/String;
   L0
    LINENUMBER 157 L0
    ALOAD 0
    DUP
    GETFIELD com/examples/with/different/packagename/testcarver/NumberConverter.pattern : Ljava/lang/String;
    SWAP
    LDC -2147483578
    LDC "com/examples/with/different/packagename/testcarver/NumberConverter"
    LDC "pattern"
    LDC "Ljava/lang/String;"
    INVOKESTATIC org/evosuite/testcarver/capture/FieldRegistry.notifyReadAccess (Ljava/lang/Object;ILjava/lang/String;Ljava/lang/String;Ljava/lang/String;)V
    ARETURN
   L1
    LOCALVARIABLE this Lcom/examples/with/different/packagename/testcarver/NumberConverter; L0 L1 0
    MAXSTACK = 5
    MAXLOCALS = 1

  // access flags 0x2
  private _sw_prototype_original_setPattern(Ljava/lang/String;)V
   L0
    LINENUMBER 170 L0
    ALOAD 0
    ALOAD 1
    DUP2
    PUTFIELD com/examples/with/different/packagename/testcarver/NumberConverter.pattern : Ljava/lang/String;
    POP
    LDC -2147483576
    LDC "com/examples/with/different/packagename/testcarver/NumberConverter"
    LDC "pattern"
    LDC "Ljava/lang/String;"
    INVOKESTATIC org/evosuite/testcarver/capture/FieldRegistry.notifyModification (Ljava/lang/Object;ILjava/lang/String;Ljava/lang/String;Ljava/lang/String;)V
   L1
    LINENUMBER 171 L1
    ALOAD 0
    ICONST_1
    INVOKEVIRTUAL com/examples/with/different/packagename/testcarver/NumberConverter.setUseLocaleFormat (Z)V
   L2
    LINENUMBER 172 L2
    RETURN
   L3
    LOCALVARIABLE this Lcom/examples/with/different/packagename/testcarver/NumberConverter; L0 L3 0
    LOCALVARIABLE pattern Ljava/lang/String; L0 L3 1
    MAXSTACK = 6
    MAXLOCALS = 2

  // access flags 0x2
  private _sw_prototype_original_getLocale()Ljava/util/Locale;
   L0
    LINENUMBER 181 L0
    ALOAD 0
    DUP
    GETFIELD com/examples/with/different/packagename/testcarver/NumberConverter.locale : Ljava/util/Locale;
    SWAP
    LDC -2147483573
    LDC "com/examples/with/different/packagename/testcarver/NumberConverter"
    LDC "locale"
    LDC "Ljava/util/Locale;"
    INVOKESTATIC org/evosuite/testcarver/capture/FieldRegistry.notifyReadAccess (Ljava/lang/Object;ILjava/lang/String;Ljava/lang/String;Ljava/lang/String;)V
    ARETURN
   L1
    LOCALVARIABLE this Lcom/examples/with/different/packagename/testcarver/NumberConverter; L0 L1 0
    MAXSTACK = 5
    MAXLOCALS = 1

  // access flags 0x2
  private _sw_prototype_original_setLocale(Ljava/util/Locale;)V
   L0
    LINENUMBER 190 L0
    ALOAD 0
    ALOAD 1
    DUP2
    PUTFIELD com/examples/with/different/packagename/testcarver/NumberConverter.locale : Ljava/util/Locale;
    POP
    LDC -2147483571
    LDC "com/examples/with/different/packagename/testcarver/NumberConverter"
    LDC "locale"
    LDC "Ljava/util/Locale;"
    INVOKESTATIC org/evosuite/testcarver/capture/FieldRegistry.notifyModification (Ljava/lang/Object;ILjava/lang/String;Ljava/lang/String;Ljava/lang/String;)V
   L1
    LINENUMBER 191 L1
    ALOAD 0
    ICONST_1
    INVOKEVIRTUAL com/examples/with/different/packagename/testcarver/NumberConverter.setUseLocaleFormat (Z)V
   L2
    LINENUMBER 192 L2
    RETURN
   L3
    LOCALVARIABLE this Lcom/examples/with/different/packagename/testcarver/NumberConverter; L0 L3 0
    LOCALVARIABLE locale Ljava/util/Locale; L0 L3 1
    MAXSTACK = 6
    MAXLOCALS = 2

  // access flags 0x4
  protected convertToString(Ljava/lang/Object;)Ljava/lang/String; throws java/lang/Throwable
   L0
    LINENUMBER 205 L0
    ACONST_NULL
    ASTORE 2
   L1
    LINENUMBER 206 L1
    ALOAD 0
    GETFIELD com/examples/with/different/packagename/testcarver/NumberConverter.useLocaleFormat : Z
    IFEQ L2
    ALOAD 1
    INSTANCEOF java/lang/Number
    IFEQ L2
   L3
    LINENUMBER 207 L3
    ALOAD 0
    INVOKESPECIAL com/examples/with/different/packagename/testcarver/NumberConverter.getFormat ()Ljava/text/NumberFormat;
    ASTORE 3
   L4
    LINENUMBER 208 L4
    ALOAD 3
    ICONST_0
    INVOKEVIRTUAL java/text/NumberFormat.setGroupingUsed (Z)V
   L5
    LINENUMBER 209 L5
    ALOAD 3
    ALOAD 1
    INVOKEVIRTUAL java/text/NumberFormat.format (Ljava/lang/Object;)Ljava/lang/String;
    ASTORE 2
   L6
    LINENUMBER 210 L6
    GOTO L7
   L2
    LINENUMBER 211 L2
    ALOAD 1
    INVOKEVIRTUAL java/lang/Object.toString ()Ljava/lang/String;
    ASTORE 2
   L7
    LINENUMBER 213 L7
    ALOAD 2
    ARETURN
   L8
    LOCALVARIABLE format Ljava/text/NumberFormat; L4 L6 3
    LOCALVARIABLE this Lcom/examples/with/different/packagename/testcarver/NumberConverter; L0 L8 0
    LOCALVARIABLE value Ljava/lang/Object; L0 L8 1
    LOCALVARIABLE result Ljava/lang/String; L1 L8 2
    MAXSTACK = 2
    MAXLOCALS = 4

  // access flags 0x4
  protected convertToType(Ljava/lang/Class;Ljava/lang/Object;)Ljava/lang/Object; throws java/lang/Throwable
   L0
    LINENUMBER 228 L0
    ALOAD 2
    INVOKEVIRTUAL java/lang/Object.getClass ()Ljava/lang/Class;
    ASTORE 3
   L1
    LINENUMBER 230 L1
    ALOAD 2
    INSTANCEOF java/lang/Number
    IFEQ L2
   L3
    LINENUMBER 231 L3
    ALOAD 0
    ALOAD 3
    ALOAD 1
    ALOAD 2
    CHECKCAST java/lang/Number
    INVOKESPECIAL com/examples/with/different/packagename/testcarver/NumberConverter.toNumber (Ljava/lang/Class;Ljava/lang/Class;Ljava/lang/Number;)Ljava/lang/Number;
    ARETURN
   L2
    LINENUMBER 235 L2
    ALOAD 2
    INSTANCEOF java/lang/Boolean
    IFEQ L4
   L5
    LINENUMBER 236 L5
    ALOAD 0
    ALOAD 3
    ALOAD 1
    ALOAD 2
    CHECKCAST java/lang/Boolean
    INVOKEVIRTUAL java/lang/Boolean.booleanValue ()Z
    IFEQ L6
    GETSTATIC com/examples/with/different/packagename/testcarver/NumberConverter.ONE : Ljava/lang/Integer;
    GOTO L7
   L6
    GETSTATIC com/examples/with/different/packagename/testcarver/NumberConverter.ZERO : Ljava/lang/Integer;
   L7
    INVOKESPECIAL com/examples/with/different/packagename/testcarver/NumberConverter.toNumber (Ljava/lang/Class;Ljava/lang/Class;Ljava/lang/Number;)Ljava/lang/Number;
    ARETURN
   L4
    LINENUMBER 240 L4
    ALOAD 2
    INSTANCEOF java/util/Date
    IFEQ L8
    LDC Ljava/lang/Long;.class
    ALOAD 1
    INVOKEVIRTUAL java/lang/Object.equals (Ljava/lang/Object;)Z
    IFEQ L8
   L9
    LINENUMBER 241 L9
    ALOAD 2
    CHECKCAST org/evosuite/testcarver/wrapper/java/util/Date
    INVOKEVIRTUAL java/util/Date.getTime ()J
    INVOKESTATIC java/lang/Long.valueOf (J)Ljava/lang/Long;
    ARETURN
   L8
    LINENUMBER 245 L8
    ALOAD 2
    INSTANCEOF java/util/Calendar
    IFEQ L10
    LDC Ljava/lang/Long;.class
    ALOAD 1
    INVOKEVIRTUAL java/lang/Object.equals (Ljava/lang/Object;)Z
    IFEQ L10
   L11
    LINENUMBER 246 L11
    ALOAD 2
    CHECKCAST org/evosuite/testcarver/wrapper/java/util/Calendar
    INVOKESTATIC org/evosuite/testcarver/wrapper/java/util/Calendar.getTime (Ljava/util/Calendar;)Ljava/util/Date;
    INVOKEVIRTUAL java/util/Date.getTime ()J
    INVOKESTATIC java/lang/Long.valueOf (J)Ljava/lang/Long;
    ARETURN
   L10
    LINENUMBER 250 L10
    ALOAD 2
    INVOKEVIRTUAL java/lang/Object.toString ()Ljava/lang/String;
    INVOKEVIRTUAL java/lang/String.trim ()Ljava/lang/String;
    ASTORE 4
   L12
    LINENUMBER 251 L12
    ALOAD 4
    INVOKEVIRTUAL java/lang/String.length ()I
    IFNE L13
   L14
    LINENUMBER 252 L14
    ALOAD 0
    ALOAD 1
    INVOKEVIRTUAL com/examples/with/different/packagename/testcarver/NumberConverter.handleMissing (Ljava/lang/Class;)Ljava/lang/Object;
    ARETURN
   L13
    LINENUMBER 256 L13
    ACONST_NULL
    ASTORE 5
   L15
    LINENUMBER 257 L15
    ALOAD 0
    GETFIELD com/examples/with/different/packagename/testcarver/NumberConverter.useLocaleFormat : Z
    IFEQ L16
   L17
    LINENUMBER 258 L17
    ALOAD 0
    INVOKESPECIAL com/examples/with/different/packagename/testcarver/NumberConverter.getFormat ()Ljava/text/NumberFormat;
    ASTORE 6
   L18
    LINENUMBER 259 L18
    ALOAD 0
    ALOAD 3
    ALOAD 1
    ALOAD 4
    ALOAD 6
    INVOKESPECIAL com/examples/with/different/packagename/testcarver/NumberConverter.parse (Ljava/lang/Class;Ljava/lang/Class;Ljava/lang/String;Ljava/text/NumberFormat;)Ljava/lang/Number;
    ASTORE 5
   L19
    LINENUMBER 260 L19
    GOTO L20
   L16
    LINENUMBER 261 L16
    ALOAD 0
    ALOAD 3
    ALOAD 1
    ALOAD 4
    INVOKESPECIAL com/examples/with/different/packagename/testcarver/NumberConverter.toNumber (Ljava/lang/Class;Ljava/lang/Class;Ljava/lang/String;)Ljava/lang/Number;
    ASTORE 5
   L20
    LINENUMBER 265 L20
    ALOAD 0
    ALOAD 3
    ALOAD 1
    ALOAD 5
    INVOKESPECIAL com/examples/with/different/packagename/testcarver/NumberConverter.toNumber (Ljava/lang/Class;Ljava/lang/Class;Ljava/lang/Number;)Ljava/lang/Number;
    ARETURN
   L21
    LOCALVARIABLE format Ljava/text/NumberFormat; L18 L19 6
    LOCALVARIABLE this Lcom/examples/with/different/packagename/testcarver/NumberConverter; L0 L21 0
    LOCALVARIABLE targetType Ljava/lang/Class; L0 L21 1
    LOCALVARIABLE value Ljava/lang/Object; L0 L21 2
    LOCALVARIABLE sourceType Ljava/lang/Class; L1 L21 3
    LOCALVARIABLE stringValue Ljava/lang/String; L12 L21 4
    LOCALVARIABLE number Ljava/lang/Number; L15 L21 5
    MAXSTACK = 5
    MAXLOCALS = 7

  // access flags 0x2
  private toNumber(Ljava/lang/Class;Ljava/lang/Class;Ljava/lang/Number;)Ljava/lang/Number;
   L0
    LINENUMBER 293 L0
    ALOAD 2
    ALOAD 3
    INVOKEVIRTUAL java/lang/Object.getClass ()Ljava/lang/Class;
    INVOKEVIRTUAL java/lang/Object.equals (Ljava/lang/Object;)Z
    IFEQ L1
   L2
    LINENUMBER 294 L2
    ALOAD 3
    ARETURN
   L1
    LINENUMBER 298 L1
    ALOAD 2
    LDC Ljava/lang/Byte;.class
    INVOKEVIRTUAL java/lang/Object.equals (Ljava/lang/Object;)Z
    IFEQ L3
   L4
    LINENUMBER 299 L4
    ALOAD 3
    INVOKEVIRTUAL java/lang/Number.longValue ()J
    LSTORE 4
   L5
    LINENUMBER 300 L5
    LLOAD 4
    LDC 127L
    LCMP
    IFLE L6
   L7
    LINENUMBER 301 L7
    NEW com/examples/with/different/packagename/testcarver/ConversionException
    DUP
    NEW java/lang/StringBuilder
    DUP
    INVOKESPECIAL java/lang/StringBuilder.<init> ()V
    ALOAD 0
    ALOAD 1
    INVOKEVIRTUAL com/examples/with/different/packagename/testcarver/NumberConverter.toString (Ljava/lang/Class;)Ljava/lang/String;
    INVOKEVIRTUAL java/lang/StringBuilder.append (Ljava/lang/String;)Ljava/lang/StringBuilder;
    LDC " value '"
    INVOKEVIRTUAL java/lang/StringBuilder.append (Ljava/lang/String;)Ljava/lang/StringBuilder;
    ALOAD 3
    INVOKEVIRTUAL java/lang/StringBuilder.append (Ljava/lang/Object;)Ljava/lang/StringBuilder;
    LDC "' is too large for "
    INVOKEVIRTUAL java/lang/StringBuilder.append (Ljava/lang/String;)Ljava/lang/StringBuilder;
    ALOAD 0
    ALOAD 2
   L8
    LINENUMBER 302 L8
    INVOKEVIRTUAL com/examples/with/different/packagename/testcarver/NumberConverter.toString (Ljava/lang/Class;)Ljava/lang/String;
    INVOKEVIRTUAL java/lang/StringBuilder.append (Ljava/lang/String;)Ljava/lang/StringBuilder;
    INVOKEVIRTUAL java/lang/StringBuilder.toString ()Ljava/lang/String;
    INVOKESPECIAL com/examples/with/different/packagename/testcarver/ConversionException.<init> (Ljava/lang/String;)V
    ATHROW
   L6
    LINENUMBER 304 L6
    LLOAD 4
    LDC -128L
    LCMP
    IFGE L9
   L10
    LINENUMBER 305 L10
    NEW com/examples/with/different/packagename/testcarver/ConversionException
    DUP
    NEW java/lang/StringBuilder
    DUP
    INVOKESPECIAL java/lang/StringBuilder.<init> ()V
    ALOAD 0
    ALOAD 1
    INVOKEVIRTUAL com/examples/with/different/packagename/testcarver/NumberConverter.toString (Ljava/lang/Class;)Ljava/lang/String;
    INVOKEVIRTUAL java/lang/StringBuilder.append (Ljava/lang/String;)Ljava/lang/StringBuilder;
    LDC " value '"
    INVOKEVIRTUAL java/lang/StringBuilder.append (Ljava/lang/String;)Ljava/lang/StringBuilder;
    ALOAD 3
    INVOKEVIRTUAL java/lang/StringBuilder.append (Ljava/lang/Object;)Ljava/lang/StringBuilder;
    LDC "' is too small "
    INVOKEVIRTUAL java/lang/StringBuilder.append (Ljava/lang/String;)Ljava/lang/StringBuilder;
    ALOAD 0
    ALOAD 2
   L11
    LINENUMBER 306 L11
    INVOKEVIRTUAL com/examples/with/different/packagename/testcarver/NumberConverter.toString (Ljava/lang/Class;)Ljava/lang/String;
    INVOKEVIRTUAL java/lang/StringBuilder.append (Ljava/lang/String;)Ljava/lang/StringBuilder;
    INVOKEVIRTUAL java/lang/StringBuilder.toString ()Ljava/lang/String;
    INVOKESPECIAL com/examples/with/different/packagename/testcarver/ConversionException.<init> (Ljava/lang/String;)V
    ATHROW
   L9
    LINENUMBER 308 L9
    ALOAD 3
    INVOKEVIRTUAL java/lang/Number.byteValue ()B
    INVOKESTATIC java/lang/Byte.valueOf (B)Ljava/lang/Byte;
    ARETURN
   L3
    LINENUMBER 312 L3
    ALOAD 2
    LDC Ljava/lang/Short;.class
    INVOKEVIRTUAL java/lang/Object.equals (Ljava/lang/Object;)Z
    IFEQ L12
   L13
    LINENUMBER 313 L13
    ALOAD 3
    INVOKEVIRTUAL java/lang/Number.longValue ()J
    LSTORE 4
   L14
    LINENUMBER 314 L14
    LLOAD 4
    LDC 32767L
    LCMP
    IFLE L15
   L16
    LINENUMBER 315 L16
    NEW com/examples/with/different/packagename/testcarver/ConversionException
    DUP
    NEW java/lang/StringBuilder
    DUP
    INVOKESPECIAL java/lang/StringBuilder.<init> ()V
    ALOAD 0
    ALOAD 1
    INVOKEVIRTUAL com/examples/with/different/packagename/testcarver/NumberConverter.toString (Ljava/lang/Class;)Ljava/lang/String;
    INVOKEVIRTUAL java/lang/StringBuilder.append (Ljava/lang/String;)Ljava/lang/StringBuilder;
    LDC " value '"
    INVOKEVIRTUAL java/lang/StringBuilder.append (Ljava/lang/String;)Ljava/lang/StringBuilder;
    ALOAD 3
    INVOKEVIRTUAL java/lang/StringBuilder.append (Ljava/lang/Object;)Ljava/lang/StringBuilder;
    LDC "' is too large for "
    INVOKEVIRTUAL java/lang/StringBuilder.append (Ljava/lang/String;)Ljava/lang/StringBuilder;
    ALOAD 0
    ALOAD 2
   L17
    LINENUMBER 316 L17
    INVOKEVIRTUAL com/examples/with/different/packagename/testcarver/NumberConverter.toString (Ljava/lang/Class;)Ljava/lang/String;
    INVOKEVIRTUAL java/lang/StringBuilder.append (Ljava/lang/String;)Ljava/lang/StringBuilder;
    INVOKEVIRTUAL java/lang/StringBuilder.toString ()Ljava/lang/String;
    INVOKESPECIAL com/examples/with/different/packagename/testcarver/ConversionException.<init> (Ljava/lang/String;)V
    ATHROW
   L15
    LINENUMBER 318 L15
    LLOAD 4
    LDC -32768L
    LCMP
    IFGE L18
   L19
    LINENUMBER 319 L19
    NEW com/examples/with/different/packagename/testcarver/ConversionException
    DUP
    NEW java/lang/StringBuilder
    DUP
    INVOKESPECIAL java/lang/StringBuilder.<init> ()V
    ALOAD 0
    ALOAD 1
    INVOKEVIRTUAL com/examples/with/different/packagename/testcarver/NumberConverter.toString (Ljava/lang/Class;)Ljava/lang/String;
    INVOKEVIRTUAL java/lang/StringBuilder.append (Ljava/lang/String;)Ljava/lang/StringBuilder;
    LDC " value '"
    INVOKEVIRTUAL java/lang/StringBuilder.append (Ljava/lang/String;)Ljava/lang/StringBuilder;
    ALOAD 3
    INVOKEVIRTUAL java/lang/StringBuilder.append (Ljava/lang/Object;)Ljava/lang/StringBuilder;
    LDC "' is too small "
    INVOKEVIRTUAL java/lang/StringBuilder.append (Ljava/lang/String;)Ljava/lang/StringBuilder;
    ALOAD 0
    ALOAD 2
   L20
    LINENUMBER 320 L20
    INVOKEVIRTUAL com/examples/with/different/packagename/testcarver/NumberConverter.toString (Ljava/lang/Class;)Ljava/lang/String;
    INVOKEVIRTUAL java/lang/StringBuilder.append (Ljava/lang/String;)Ljava/lang/StringBuilder;
    INVOKEVIRTUAL java/lang/StringBuilder.toString ()Ljava/lang/String;
    INVOKESPECIAL com/examples/with/different/packagename/testcarver/ConversionException.<init> (Ljava/lang/String;)V
    ATHROW
   L18
    LINENUMBER 322 L18
    ALOAD 3
    INVOKEVIRTUAL java/lang/Number.shortValue ()S
    INVOKESTATIC java/lang/Short.valueOf (S)Ljava/lang/Short;
    ARETURN
   L12
    LINENUMBER 326 L12
    ALOAD 2
    LDC Ljava/lang/Integer;.class
    INVOKEVIRTUAL java/lang/Object.equals (Ljava/lang/Object;)Z
    IFEQ L21
   L22
    LINENUMBER 327 L22
    ALOAD 3
    INVOKEVIRTUAL java/lang/Number.longValue ()J
    LSTORE 4
   L23
    LINENUMBER 328 L23
    LLOAD 4
    LDC 2147483647L
    LCMP
    IFLE L24
   L25
    LINENUMBER 329 L25
    NEW com/examples/with/different/packagename/testcarver/ConversionException
    DUP
    NEW java/lang/StringBuilder
    DUP
    INVOKESPECIAL java/lang/StringBuilder.<init> ()V
    ALOAD 0
    ALOAD 1
    INVOKEVIRTUAL com/examples/with/different/packagename/testcarver/NumberConverter.toString (Ljava/lang/Class;)Ljava/lang/String;
    INVOKEVIRTUAL java/lang/StringBuilder.append (Ljava/lang/String;)Ljava/lang/StringBuilder;
    LDC " value '"
    INVOKEVIRTUAL java/lang/StringBuilder.append (Ljava/lang/String;)Ljava/lang/StringBuilder;
    ALOAD 3
    INVOKEVIRTUAL java/lang/StringBuilder.append (Ljava/lang/Object;)Ljava/lang/StringBuilder;
    LDC "' is too large for "
    INVOKEVIRTUAL java/lang/StringBuilder.append (Ljava/lang/String;)Ljava/lang/StringBuilder;
    ALOAD 0
    ALOAD 2
   L26
    LINENUMBER 330 L26
    INVOKEVIRTUAL com/examples/with/different/packagename/testcarver/NumberConverter.toString (Ljava/lang/Class;)Ljava/lang/String;
    INVOKEVIRTUAL java/lang/StringBuilder.append (Ljava/lang/String;)Ljava/lang/StringBuilder;
    INVOKEVIRTUAL java/lang/StringBuilder.toString ()Ljava/lang/String;
    INVOKESPECIAL com/examples/with/different/packagename/testcarver/ConversionException.<init> (Ljava/lang/String;)V
    ATHROW
   L24
    LINENUMBER 332 L24
    LLOAD 4
    LDC -2147483648L
    LCMP
    IFGE L27
   L28
    LINENUMBER 333 L28
    NEW com/examples/with/different/packagename/testcarver/ConversionException
    DUP
    NEW java/lang/StringBuilder
    DUP
    INVOKESPECIAL java/lang/StringBuilder.<init> ()V
    ALOAD 0
    ALOAD 1
    INVOKEVIRTUAL com/examples/with/different/packagename/testcarver/NumberConverter.toString (Ljava/lang/Class;)Ljava/lang/String;
    INVOKEVIRTUAL java/lang/StringBuilder.append (Ljava/lang/String;)Ljava/lang/StringBuilder;
    LDC " value '"
    INVOKEVIRTUAL java/lang/StringBuilder.append (Ljava/lang/String;)Ljava/lang/StringBuilder;
    ALOAD 3
    INVOKEVIRTUAL java/lang/StringBuilder.append (Ljava/lang/Object;)Ljava/lang/StringBuilder;
    LDC "' is too small "
    INVOKEVIRTUAL java/lang/StringBuilder.append (Ljava/lang/String;)Ljava/lang/StringBuilder;
    ALOAD 0
    ALOAD 2
   L29
    LINENUMBER 334 L29
    INVOKEVIRTUAL com/examples/with/different/packagename/testcarver/NumberConverter.toString (Ljava/lang/Class;)Ljava/lang/String;
    INVOKEVIRTUAL java/lang/StringBuilder.append (Ljava/lang/String;)Ljava/lang/StringBuilder;
    INVOKEVIRTUAL java/lang/StringBuilder.toString ()Ljava/lang/String;
    INVOKESPECIAL com/examples/with/different/packagename/testcarver/ConversionException.<init> (Ljava/lang/String;)V
    ATHROW
   L27
    LINENUMBER 336 L27
    ALOAD 3
    INVOKEVIRTUAL java/lang/Number.intValue ()I
    INVOKESTATIC java/lang/Integer.valueOf (I)Ljava/lang/Integer;
    ARETURN
   L21
    LINENUMBER 340 L21
    ALOAD 2
    LDC Ljava/lang/Long;.class
    INVOKEVIRTUAL java/lang/Object.equals (Ljava/lang/Object;)Z
    IFEQ L30
   L31
    LINENUMBER 341 L31
    ALOAD 3
    INVOKEVIRTUAL java/lang/Number.longValue ()J
    INVOKESTATIC java/lang/Long.valueOf (J)Ljava/lang/Long;
    ARETURN
   L30
    LINENUMBER 345 L30
    ALOAD 2
    LDC Ljava/lang/Float;.class
    INVOKEVIRTUAL java/lang/Object.equals (Ljava/lang/Object;)Z
    IFEQ L32
   L33
    LINENUMBER 346 L33
    ALOAD 3
    INVOKEVIRTUAL java/lang/Number.doubleValue ()D
    LDC 3.4028234663852886E38D
    DCMPL
    IFLE L34
   L35
    LINENUMBER 347 L35
    NEW com/examples/with/different/packagename/testcarver/ConversionException
    DUP
    NEW java/lang/StringBuilder
    DUP
    INVOKESPECIAL java/lang/StringBuilder.<init> ()V
    ALOAD 0
    ALOAD 1
    INVOKEVIRTUAL com/examples/with/different/packagename/testcarver/NumberConverter.toString (Ljava/lang/Class;)Ljava/lang/String;
    INVOKEVIRTUAL java/lang/StringBuilder.append (Ljava/lang/String;)Ljava/lang/StringBuilder;
    LDC " value '"
    INVOKEVIRTUAL java/lang/StringBuilder.append (Ljava/lang/String;)Ljava/lang/StringBuilder;
    ALOAD 3
    INVOKEVIRTUAL java/lang/StringBuilder.append (Ljava/lang/Object;)Ljava/lang/StringBuilder;
    LDC "' is too large for "
    INVOKEVIRTUAL java/lang/StringBuilder.append (Ljava/lang/String;)Ljava/lang/StringBuilder;
    ALOAD 0
    ALOAD 2
   L36
    LINENUMBER 348 L36
    INVOKEVIRTUAL com/examples/with/different/packagename/testcarver/NumberConverter.toString (Ljava/lang/Class;)Ljava/lang/String;
    INVOKEVIRTUAL java/lang/StringBuilder.append (Ljava/lang/String;)Ljava/lang/StringBuilder;
    INVOKEVIRTUAL java/lang/StringBuilder.toString ()Ljava/lang/String;
    INVOKESPECIAL com/examples/with/different/packagename/testcarver/ConversionException.<init> (Ljava/lang/String;)V
    ATHROW
   L34
    LINENUMBER 350 L34
    ALOAD 3
    INVOKEVIRTUAL java/lang/Number.floatValue ()F
    INVOKESTATIC java/lang/Float.valueOf (F)Ljava/lang/Float;
    ARETURN
   L32
    LINENUMBER 354 L32
    ALOAD 2
    LDC Ljava/lang/Double;.class
    INVOKEVIRTUAL java/lang/Object.equals (Ljava/lang/Object;)Z
    IFEQ L37
   L38
    LINENUMBER 355 L38
    ALOAD 3
    INVOKEVIRTUAL java/lang/Number.doubleValue ()D
    INVOKESTATIC java/lang/Double.valueOf (D)Ljava/lang/Double;
    ARETURN
   L37
    LINENUMBER 359 L37
    ALOAD 2
    LDC Ljava/math/BigDecimal;.class
    INVOKEVIRTUAL java/lang/Object.equals (Ljava/lang/Object;)Z
    IFEQ L39
   L40
    LINENUMBER 360 L40
    ALOAD 3
    INSTANCEOF java/lang/Float
    IFNE L41
    ALOAD 3
    INSTANCEOF java/lang/Double
    IFEQ L42
   L41
    LINENUMBER 361 L41
    NEW java/math/BigDecimal
    DUP
    ALOAD 3
    INVOKEVIRTUAL java/lang/Object.toString ()Ljava/lang/String;
    INVOKESPECIAL java/math/BigDecimal.<init> (Ljava/lang/String;)V
    ARETURN
   L42
    LINENUMBER 362 L42
    ALOAD 3
    INSTANCEOF java/math/BigInteger
    IFEQ L43
   L44
    LINENUMBER 363 L44
    NEW java/math/BigDecimal
    DUP
    ALOAD 3
    CHECKCAST java/math/BigInteger
    INVOKESPECIAL java/math/BigDecimal.<init> (Ljava/math/BigInteger;)V
    ARETURN
   L43
    LINENUMBER 365 L43
    ALOAD 3
    INVOKEVIRTUAL java/lang/Number.longValue ()J
    INVOKESTATIC java/math/BigDecimal.valueOf (J)Ljava/math/BigDecimal;
    ARETURN
   L39
    LINENUMBER 370 L39
    ALOAD 2
    LDC Ljava/math/BigInteger;.class
    INVOKEVIRTUAL java/lang/Object.equals (Ljava/lang/Object;)Z
    IFEQ L45
   L46
    LINENUMBER 371 L46
    ALOAD 3
    INSTANCEOF java/math/BigDecimal
    IFEQ L47
   L48
    LINENUMBER 372 L48
    ALOAD 3
    CHECKCAST java/math/BigDecimal
    INVOKEVIRTUAL java/math/BigDecimal.toBigInteger ()Ljava/math/BigInteger;
    ARETURN
   L47
    LINENUMBER 374 L47
    ALOAD 3
    INVOKEVIRTUAL java/lang/Number.longValue ()J
    INVOKESTATIC java/math/BigInteger.valueOf (J)Ljava/math/BigInteger;
    ARETURN
   L45
    LINENUMBER 378 L45
    NEW java/lang/StringBuilder
    DUP
    INVOKESPECIAL java/lang/StringBuilder.<init> ()V
    ALOAD 0
    ALOAD 0
    INVOKEVIRTUAL java/lang/Object.getClass ()Ljava/lang/Class;
    INVOKEVIRTUAL com/examples/with/different/packagename/testcarver/NumberConverter.toString (Ljava/lang/Class;)Ljava/lang/String;
    INVOKEVIRTUAL java/lang/StringBuilder.append (Ljava/lang/String;)Ljava/lang/StringBuilder;
    LDC " cannot handle conversion to '"
    INVOKEVIRTUAL java/lang/StringBuilder.append (Ljava/lang/String;)Ljava/lang/StringBuilder;
    ALOAD 0
    ALOAD 2
   L49
    LINENUMBER 379 L49
    INVOKEVIRTUAL com/examples/with/different/packagename/testcarver/NumberConverter.toString (Ljava/lang/Class;)Ljava/lang/String;
    INVOKEVIRTUAL java/lang/StringBuilder.append (Ljava/lang/String;)Ljava/lang/StringBuilder;
    LDC "'"
    INVOKEVIRTUAL java/lang/StringBuilder.append (Ljava/lang/String;)Ljava/lang/StringBuilder;
    INVOKEVIRTUAL java/lang/StringBuilder.toString ()Ljava/lang/String;
    ASTORE 4
   L50
    LINENUMBER 380 L50
    NEW com/examples/with/different/packagename/testcarver/ConversionException
    DUP
    ALOAD 4
    INVOKESPECIAL com/examples/with/different/packagename/testcarver/ConversionException.<init> (Ljava/lang/String;)V
    ATHROW
   L51
    LOCALVARIABLE longValue J L5 L3 4
    LOCALVARIABLE longValue J L14 L12 4
    LOCALVARIABLE longValue J L23 L21 4
    LOCALVARIABLE this Lcom/examples/with/different/packagename/testcarver/NumberConverter; L0 L51 0
    LOCALVARIABLE sourceType Ljava/lang/Class; L0 L51 1
    LOCALVARIABLE targetType Ljava/lang/Class; L0 L51 2
    LOCALVARIABLE value Ljava/lang/Number; L0 L51 3
    LOCALVARIABLE msg Ljava/lang/String; L50 L51 4
    MAXSTACK = 5
    MAXLOCALS = 6

  // access flags 0x2
  private toNumber(Ljava/lang/Class;Ljava/lang/Class;Ljava/lang/String;)Ljava/lang/Number;
   L0
    LINENUMBER 407 L0
    ALOAD 2
    LDC Ljava/lang/Byte;.class
    INVOKEVIRTUAL java/lang/Object.equals (Ljava/lang/Object;)Z
    IFEQ L1
   L2
    LINENUMBER 408 L2
    NEW java/lang/Byte
    DUP
    ALOAD 3
    INVOKESPECIAL java/lang/Byte.<init> (Ljava/lang/String;)V
    ARETURN
   L1
    LINENUMBER 412 L1
    ALOAD 2
    LDC Ljava/lang/Short;.class
    INVOKEVIRTUAL java/lang/Object.equals (Ljava/lang/Object;)Z
    IFEQ L3
   L4
    LINENUMBER 413 L4
    NEW java/lang/Short
    DUP
    ALOAD 3
    INVOKESPECIAL java/lang/Short.<init> (Ljava/lang/String;)V
    ARETURN
   L3
    LINENUMBER 417 L3
    ALOAD 2
    LDC Ljava/lang/Integer;.class
    INVOKEVIRTUAL java/lang/Object.equals (Ljava/lang/Object;)Z
    IFEQ L5
   L6
    LINENUMBER 418 L6
    NEW java/lang/Integer
    DUP
    ALOAD 3
    INVOKESPECIAL java/lang/Integer.<init> (Ljava/lang/String;)V
    ARETURN
   L5
    LINENUMBER 422 L5
    ALOAD 2
    LDC Ljava/lang/Long;.class
    INVOKEVIRTUAL java/lang/Object.equals (Ljava/lang/Object;)Z
    IFEQ L7
   L8
    LINENUMBER 423 L8
    NEW java/lang/Long
    DUP
    ALOAD 3
    INVOKESPECIAL java/lang/Long.<init> (Ljava/lang/String;)V
    ARETURN
   L7
    LINENUMBER 427 L7
    ALOAD 2
    LDC Ljava/lang/Float;.class
    INVOKEVIRTUAL java/lang/Object.equals (Ljava/lang/Object;)Z
    IFEQ L9
   L10
    LINENUMBER 428 L10
    NEW java/lang/Float
    DUP
    ALOAD 3
    INVOKESPECIAL java/lang/Float.<init> (Ljava/lang/String;)V
    ARETURN
   L9
    LINENUMBER 432 L9
    ALOAD 2
    LDC Ljava/lang/Double;.class
    INVOKEVIRTUAL java/lang/Object.equals (Ljava/lang/Object;)Z
    IFEQ L11
   L12
    LINENUMBER 433 L12
    NEW java/lang/Double
    DUP
    ALOAD 3
    INVOKESPECIAL java/lang/Double.<init> (Ljava/lang/String;)V
    ARETURN
   L11
    LINENUMBER 437 L11
    ALOAD 2
    LDC Ljava/math/BigDecimal;.class
    INVOKEVIRTUAL java/lang/Object.equals (Ljava/lang/Object;)Z
    IFEQ L13
   L14
    LINENUMBER 438 L14
    NEW java/math/BigDecimal
    DUP
    ALOAD 3
    INVOKESPECIAL java/math/BigDecimal.<init> (Ljava/lang/String;)V
    ARETURN
   L13
    LINENUMBER 442 L13
    ALOAD 2
    LDC Ljava/math/BigInteger;.class
    INVOKEVIRTUAL java/lang/Object.equals (Ljava/lang/Object;)Z
    IFEQ L15
   L16
    LINENUMBER 443 L16
    NEW java/math/BigInteger
    DUP
    ALOAD 3
    INVOKESPECIAL java/math/BigInteger.<init> (Ljava/lang/String;)V
    ARETURN
   L15
    LINENUMBER 446 L15
    NEW java/lang/StringBuilder
    DUP
    INVOKESPECIAL java/lang/StringBuilder.<init> ()V
    ALOAD 0
    ALOAD 0
    INVOKEVIRTUAL java/lang/Object.getClass ()Ljava/lang/Class;
    INVOKEVIRTUAL com/examples/with/different/packagename/testcarver/NumberConverter.toString (Ljava/lang/Class;)Ljava/lang/String;
    INVOKEVIRTUAL java/lang/StringBuilder.append (Ljava/lang/String;)Ljava/lang/StringBuilder;
    LDC " cannot handle conversion from '"
    INVOKEVIRTUAL java/lang/StringBuilder.append (Ljava/lang/String;)Ljava/lang/StringBuilder;
    ALOAD 0
    ALOAD 1
   L17
    LINENUMBER 447 L17
    INVOKEVIRTUAL com/examples/with/different/packagename/testcarver/NumberConverter.toString (Ljava/lang/Class;)Ljava/lang/String;
    INVOKEVIRTUAL java/lang/StringBuilder.append (Ljava/lang/String;)Ljava/lang/StringBuilder;
    LDC "' to '"
    INVOKEVIRTUAL java/lang/StringBuilder.append (Ljava/lang/String;)Ljava/lang/StringBuilder;
    ALOAD 0
    ALOAD 2
    INVOKEVIRTUAL com/examples/with/different/packagename/testcarver/NumberConverter.toString (Ljava/lang/Class;)Ljava/lang/String;
    INVOKEVIRTUAL java/lang/StringBuilder.append (Ljava/lang/String;)Ljava/lang/StringBuilder;
    LDC "'"
    INVOKEVIRTUAL java/lang/StringBuilder.append (Ljava/lang/String;)Ljava/lang/StringBuilder;
    INVOKEVIRTUAL java/lang/StringBuilder.toString ()Ljava/lang/String;
    ASTORE 4
   L18
    LINENUMBER 448 L18
    NEW com/examples/with/different/packagename/testcarver/ConversionException
    DUP
    ALOAD 4
    INVOKESPECIAL com/examples/with/different/packagename/testcarver/ConversionException.<init> (Ljava/lang/String;)V
    ATHROW
   L19
    LOCALVARIABLE this Lcom/examples/with/different/packagename/testcarver/NumberConverter; L0 L19 0
    LOCALVARIABLE sourceType Ljava/lang/Class; L0 L19 1
    LOCALVARIABLE targetType Ljava/lang/Class; L0 L19 2
    LOCALVARIABLE value Ljava/lang/String; L0 L19 3
    LOCALVARIABLE msg Ljava/lang/String; L18 L19 4
    MAXSTACK = 3
    MAXLOCALS = 5

  // access flags 0x2
  private _sw_prototype_original_toString()Ljava/lang/String;
   L0
    LINENUMBER 457 L0
    NEW java/lang/StringBuffer
    DUP
    INVOKESPECIAL java/lang/StringBuffer.<init> ()V
    ASTORE 1
   L1
    LINENUMBER 458 L1
    ALOAD 1
    ALOAD 0
    ALOAD 0
    INVOKEVIRTUAL java/lang/Object.getClass ()Ljava/lang/Class;
    INVOKEVIRTUAL com/examples/with/different/packagename/testcarver/NumberConverter.toString (Ljava/lang/Class;)Ljava/lang/String;
    INVOKEVIRTUAL java/lang/StringBuffer.append (Ljava/lang/String;)Ljava/lang/StringBuffer;
    POP
   L2
    LINENUMBER 459 L2
    ALOAD 1
    LDC "[UseDefault="
    INVOKEVIRTUAL java/lang/StringBuffer.append (Ljava/lang/String;)Ljava/lang/StringBuffer;
    POP
   L3
    LINENUMBER 460 L3
    ALOAD 1
    ALOAD 0
    INVOKEVIRTUAL com/examples/with/different/packagename/testcarver/NumberConverter.isUseDefault ()Z
    INVOKEVIRTUAL java/lang/StringBuffer.append (Z)Ljava/lang/StringBuffer;
    POP
   L4
    LINENUMBER 461 L4
    ALOAD 1
    LDC ", UseLocaleFormat="
    INVOKEVIRTUAL java/lang/StringBuffer.append (Ljava/lang/String;)Ljava/lang/StringBuffer;
    POP
   L5
    LINENUMBER 462 L5
    ALOAD 1
    ALOAD 0
    DUP
    GETFIELD com/examples/with/different/packagename/testcarver/NumberConverter.useLocaleFormat : Z
    SWAP
    LDC -2147483568
    LDC "com/examples/with/different/packagename/testcarver/NumberConverter"
    LDC "useLocaleFormat"
    LDC "Z"
    INVOKESTATIC org/evosuite/testcarver/capture/FieldRegistry.notifyReadAccess (Ljava/lang/Object;ILjava/lang/String;Ljava/lang/String;Ljava/lang/String;)V
    INVOKEVIRTUAL java/lang/StringBuffer.append (Z)Ljava/lang/StringBuffer;
    POP
   L6
    LINENUMBER 463 L6
    ALOAD 0
    DUP
    GETFIELD com/examples/with/different/packagename/testcarver/NumberConverter.pattern : Ljava/lang/String;
    SWAP
    LDC -2147483567
    LDC "com/examples/with/different/packagename/testcarver/NumberConverter"
    LDC "pattern"
    LDC "Ljava/lang/String;"
    INVOKESTATIC org/evosuite/testcarver/capture/FieldRegistry.notifyReadAccess (Ljava/lang/Object;ILjava/lang/String;Ljava/lang/String;Ljava/lang/String;)V
    IFNULL L7
   L8
    LINENUMBER 464 L8
    ALOAD 1
    LDC ", Pattern="
    INVOKEVIRTUAL java/lang/StringBuffer.append (Ljava/lang/String;)Ljava/lang/StringBuffer;
    POP
   L9
    LINENUMBER 465 L9
    ALOAD 1
    ALOAD 0
    DUP
    GETFIELD com/examples/with/different/packagename/testcarver/NumberConverter.pattern : Ljava/lang/String;
    SWAP
    LDC -2147483566
    LDC "com/examples/with/different/packagename/testcarver/NumberConverter"
    LDC "pattern"
    LDC "Ljava/lang/String;"
    INVOKESTATIC org/evosuite/testcarver/capture/FieldRegistry.notifyReadAccess (Ljava/lang/Object;ILjava/lang/String;Ljava/lang/String;Ljava/lang/String;)V
    INVOKEVIRTUAL java/lang/StringBuffer.append (Ljava/lang/String;)Ljava/lang/StringBuffer;
    POP
   L7
    LINENUMBER 467 L7
    ALOAD 0
    DUP
    GETFIELD com/examples/with/different/packagename/testcarver/NumberConverter.locale : Ljava/util/Locale;
    SWAP
    LDC -2147483565
    LDC "com/examples/with/different/packagename/testcarver/NumberConverter"
    LDC "locale"
    LDC "Ljava/util/Locale;"
    INVOKESTATIC org/evosuite/testcarver/capture/FieldRegistry.notifyReadAccess (Ljava/lang/Object;ILjava/lang/String;Ljava/lang/String;Ljava/lang/String;)V
    IFNULL L10
   L11
    LINENUMBER 468 L11
    ALOAD 1
    LDC ", Locale="
    INVOKEVIRTUAL java/lang/StringBuffer.append (Ljava/lang/String;)Ljava/lang/StringBuffer;
    POP
   L12
    LINENUMBER 469 L12
    ALOAD 1
    ALOAD 0
    DUP
    GETFIELD com/examples/with/different/packagename/testcarver/NumberConverter.locale : Ljava/util/Locale;
    SWAP
    LDC -2147483564
    LDC "com/examples/with/different/packagename/testcarver/NumberConverter"
    LDC "locale"
    LDC "Ljava/util/Locale;"
    INVOKESTATIC org/evosuite/testcarver/capture/FieldRegistry.notifyReadAccess (Ljava/lang/Object;ILjava/lang/String;Ljava/lang/String;Ljava/lang/String;)V
    INVOKEVIRTUAL java/lang/StringBuffer.append (Ljava/lang/Object;)Ljava/lang/StringBuffer;
    POP
   L10
    LINENUMBER 471 L10
    ALOAD 1
    BIPUSH 93
    INVOKEVIRTUAL java/lang/StringBuffer.append (C)Ljava/lang/StringBuffer;
    POP
   L13
    LINENUMBER 472 L13
    ALOAD 1
    INVOKEVIRTUAL java/lang/StringBuffer.toString ()Ljava/lang/String;
    ARETURN
   L14
    LOCALVARIABLE this Lcom/examples/with/different/packagename/testcarver/NumberConverter; L0 L14 0
    LOCALVARIABLE buffer Ljava/lang/StringBuffer; L1 L14 1
    MAXSTACK = 7
    MAXLOCALS = 2

  // access flags 0x2
  private getFormat()Ljava/text/NumberFormat;
   L0
    LINENUMBER 481 L0
    ACONST_NULL
    ASTORE 1
   L1
    LINENUMBER 482 L1
    ALOAD 0
    GETFIELD com/examples/with/different/packagename/testcarver/NumberConverter.pattern : Ljava/lang/String;
    IFNULL L2
   L3
    LINENUMBER 483 L3
    ALOAD 0
    GETFIELD com/examples/with/different/packagename/testcarver/NumberConverter.locale : Ljava/util/Locale;
    IFNONNULL L4
   L5
    LINENUMBER 484 L5
    NEW java/text/DecimalFormat
    DUP
    ALOAD 0
    GETFIELD com/examples/with/different/packagename/testcarver/NumberConverter.pattern : Ljava/lang/String;
    INVOKESPECIAL java/text/DecimalFormat.<init> (Ljava/lang/String;)V
    ASTORE 1
    GOTO L6
   L4
    LINENUMBER 486 L4
    NEW java/text/DecimalFormatSymbols
    DUP
    ALOAD 0
    GETFIELD com/examples/with/different/packagename/testcarver/NumberConverter.locale : Ljava/util/Locale;
    INVOKESPECIAL java/text/DecimalFormatSymbols.<init> (Ljava/util/Locale;)V
    ASTORE 2
   L7
    LINENUMBER 487 L7
    NEW java/text/DecimalFormat
    DUP
    ALOAD 0
    GETFIELD com/examples/with/different/packagename/testcarver/NumberConverter.pattern : Ljava/lang/String;
    ALOAD 2
    INVOKESPECIAL java/text/DecimalFormat.<init> (Ljava/lang/String;Ljava/text/DecimalFormatSymbols;)V
    ASTORE 1
   L8
    LINENUMBER 488 L8
    GOTO L6
   L2
    LINENUMBER 490 L2
    ALOAD 0
    GETFIELD com/examples/with/different/packagename/testcarver/NumberConverter.locale : Ljava/util/Locale;
    IFNONNULL L9
   L10
    LINENUMBER 491 L10
    INVOKESTATIC java/text/NumberFormat.getInstance ()Ljava/text/NumberFormat;
    ASTORE 1
    GOTO L6
   L9
    LINENUMBER 493 L9
    ALOAD 0
    GETFIELD com/examples/with/different/packagename/testcarver/NumberConverter.locale : Ljava/util/Locale;
    INVOKESTATIC java/text/NumberFormat.getInstance (Ljava/util/Locale;)Ljava/text/NumberFormat;
    ASTORE 1
   L6
    LINENUMBER 496 L6
    ALOAD 0
    GETFIELD com/examples/with/different/packagename/testcarver/NumberConverter.allowDecimals : Z
    IFNE L11
   L12
    LINENUMBER 497 L12
    ALOAD 1
    ICONST_1
    INVOKEVIRTUAL java/text/NumberFormat.setParseIntegerOnly (Z)V
   L11
    LINENUMBER 499 L11
    ALOAD 1
    ARETURN
   L13
    LOCALVARIABLE symbols Ljava/text/DecimalFormatSymbols; L7 L8 2
    LOCALVARIABLE this Lcom/examples/with/different/packagename/testcarver/NumberConverter; L0 L13 0
    LOCALVARIABLE format Ljava/text/NumberFormat; L1 L13 1
    MAXSTACK = 4
    MAXLOCALS = 3

  // access flags 0x2
  private parse(Ljava/lang/Class;Ljava/lang/Class;Ljava/lang/String;Ljava/text/NumberFormat;)Ljava/lang/Number;
   L0
    LINENUMBER 513 L0
    NEW java/text/ParsePosition
    DUP
    ICONST_0
    INVOKESPECIAL java/text/ParsePosition.<init> (I)V
    ASTORE 5
   L1
    LINENUMBER 514 L1
    ALOAD 4
    ALOAD 3
    ALOAD 5
    INVOKEVIRTUAL java/text/NumberFormat.parse (Ljava/lang/String;Ljava/text/ParsePosition;)Ljava/lang/Number;
    ASTORE 6
   L2
    LINENUMBER 515 L2
    ALOAD 5
    INVOKEVIRTUAL java/text/ParsePosition.getErrorIndex ()I
    IFGE L3
    ALOAD 5
    INVOKEVIRTUAL java/text/ParsePosition.getIndex ()I
    ALOAD 3
    INVOKEVIRTUAL java/lang/String.length ()I
    IF_ICMPNE L3
    ALOAD 6
    IFNONNULL L4
   L3
    LINENUMBER 516 L3
    NEW java/lang/StringBuilder
    DUP
    INVOKESPECIAL java/lang/StringBuilder.<init> ()V
    LDC "Error converting from '"
    INVOKEVIRTUAL java/lang/StringBuilder.append (Ljava/lang/String;)Ljava/lang/StringBuilder;
    ALOAD 0
    ALOAD 1
    INVOKEVIRTUAL com/examples/with/different/packagename/testcarver/NumberConverter.toString (Ljava/lang/Class;)Ljava/lang/String;
    INVOKEVIRTUAL java/lang/StringBuilder.append (Ljava/lang/String;)Ljava/lang/StringBuilder;
    LDC "' to '"
    INVOKEVIRTUAL java/lang/StringBuilder.append (Ljava/lang/String;)Ljava/lang/StringBuilder;
    ALOAD 0
    ALOAD 2
    INVOKEVIRTUAL com/examples/with/different/packagename/testcarver/NumberConverter.toString (Ljava/lang/Class;)Ljava/lang/String;
    INVOKEVIRTUAL java/lang/StringBuilder.append (Ljava/lang/String;)Ljava/lang/StringBuilder;
    LDC "'"
    INVOKEVIRTUAL java/lang/StringBuilder.append (Ljava/lang/String;)Ljava/lang/StringBuilder;
    INVOKEVIRTUAL java/lang/StringBuilder.toString ()Ljava/lang/String;
    ASTORE 7
   L5
    LINENUMBER 517 L5
    ALOAD 4
    INSTANCEOF java/text/DecimalFormat
    IFEQ L6
   L7
    LINENUMBER 518 L7
    NEW java/lang/StringBuilder
    DUP
    INVOKESPECIAL java/lang/StringBuilder.<init> ()V
    ALOAD 7
    INVOKEVIRTUAL java/lang/StringBuilder.append (Ljava/lang/String;)Ljava/lang/StringBuilder;
    LDC " using pattern '"
    INVOKEVIRTUAL java/lang/StringBuilder.append (Ljava/lang/String;)Ljava/lang/StringBuilder;
    ALOAD 4
    CHECKCAST java/text/DecimalFormat
    INVOKEVIRTUAL java/text/DecimalFormat.toPattern ()Ljava/lang/String;
    INVOKEVIRTUAL java/lang/StringBuilder.append (Ljava/lang/String;)Ljava/lang/StringBuilder;
    LDC "'"
    INVOKEVIRTUAL java/lang/StringBuilder.append (Ljava/lang/String;)Ljava/lang/StringBuilder;
    INVOKEVIRTUAL java/lang/StringBuilder.toString ()Ljava/lang/String;
    ASTORE 7
   L6
    LINENUMBER 520 L6
    ALOAD 0
    GETFIELD com/examples/with/different/packagename/testcarver/NumberConverter.locale : Ljava/util/Locale;
    IFNULL L8
   L9
    LINENUMBER 521 L9
    NEW java/lang/StringBuilder
    DUP
    INVOKESPECIAL java/lang/StringBuilder.<init> ()V
    ALOAD 7
    INVOKEVIRTUAL java/lang/StringBuilder.append (Ljava/lang/String;)Ljava/lang/StringBuilder;
    LDC " for locale=["
    INVOKEVIRTUAL java/lang/StringBuilder.append (Ljava/lang/String;)Ljava/lang/StringBuilder;
    ALOAD 0
    GETFIELD com/examples/with/different/packagename/testcarver/NumberConverter.locale : Ljava/util/Locale;
    INVOKEVIRTUAL java/lang/StringBuilder.append (Ljava/lang/Object;)Ljava/lang/StringBuilder;
    LDC "]"
    INVOKEVIRTUAL java/lang/StringBuilder.append (Ljava/lang/String;)Ljava/lang/StringBuilder;
    INVOKEVIRTUAL java/lang/StringBuilder.toString ()Ljava/lang/String;
    ASTORE 7
   L8
    LINENUMBER 523 L8
    NEW com/examples/with/different/packagename/testcarver/ConversionException
    DUP
    ALOAD 7
    INVOKESPECIAL com/examples/with/different/packagename/testcarver/ConversionException.<init> (Ljava/lang/String;)V
    ATHROW
   L4
    LINENUMBER 525 L4
    ALOAD 6
    ARETURN
   L10
    LOCALVARIABLE msg Ljava/lang/String; L5 L4 7
    LOCALVARIABLE this Lcom/examples/with/different/packagename/testcarver/NumberConverter; L0 L10 0
    LOCALVARIABLE sourceType Ljava/lang/Class; L0 L10 1
    LOCALVARIABLE targetType Ljava/lang/Class; L0 L10 2
    LOCALVARIABLE value Ljava/lang/String; L0 L10 3
    LOCALVARIABLE format Ljava/text/NumberFormat; L0 L10 4
    LOCALVARIABLE pos Ljava/text/ParsePosition; L1 L10 5
    LOCALVARIABLE parsedNumber Ljava/lang/Number; L2 L10 6
    MAXSTACK = 3
    MAXLOCALS = 8

  // access flags 0x8
  static <clinit>()V
   L0
    LINENUMBER 90 L0
    ICONST_0
    INVOKESTATIC java/lang/Integer.valueOf (I)Ljava/lang/Integer;
    PUTSTATIC com/examples/with/different/packagename/testcarver/NumberConverter.ZERO : Ljava/lang/Integer;
   L1
    LINENUMBER 91 L1
    ICONST_1
    INVOKESTATIC java/lang/Integer.valueOf (I)Ljava/lang/Integer;
    PUTSTATIC com/examples/with/different/packagename/testcarver/NumberConverter.ONE : Ljava/lang/Integer;
    RETURN
    MAXSTACK = 1
    MAXLOCALS = 0

  // access flags 0x1
  public isAllowDecimals()Z
    TRYCATCHBLOCK L0 L1 L2 java/lang/Throwable
    ACONST_NULL
    ASTORE 1
   L0
    LDC -2147483582
    ALOAD 0
    LDC "isAllowDecimals"
    LDC "()Z"
    BIPUSH 0
    ANEWARRAY java/lang/Object
    INVOKESTATIC org/evosuite/testcarver/capture/Capturer.capture (ILjava/lang/Object;Ljava/lang/String;Ljava/lang/String;[Ljava/lang/Object;)V
    ALOAD 0
    INVOKEVIRTUAL com/examples/with/different/packagename/testcarver/NumberConverter._sw_prototype_original_isAllowDecimals ()Z
    INVOKESTATIC java/lang/Boolean.valueOf (Z)Ljava/lang/Boolean;
    ASTORE 1
    ALOAD 1
    INVOKEVIRTUAL java/lang/Boolean.booleanValue ()Z
    ISTORE 3
   L1
    LDC -2147483582
    ALOAD 0
    ALOAD 1
    INVOKESTATIC org/evosuite/testcarver/capture/Capturer.enable (ILjava/lang/Object;Ljava/lang/Object;)V
    ILOAD 3
    IRETURN
   L2
   FRAME FULL [com/examples/with/different/packagename/testcarver/NumberConverter java/lang/Boolean] [java/lang/Throwable]
    ASTORE 2
    LDC -2147483582
    ALOAD 0
    ALOAD 1
    INVOKESTATIC org/evosuite/testcarver/capture/Capturer.enable (ILjava/lang/Object;Ljava/lang/Object;)V
    ALOAD 2
    ATHROW
    MAXSTACK = 5
    MAXLOCALS = 0

  // access flags 0x1
  public setUseLocaleFormat(Z)V
    TRYCATCHBLOCK L0 L1 L1 java/lang/Throwable
   L0
    LDC -2147483579
    ALOAD 0
    LDC "setUseLocaleFormat"
    LDC "(Z)V"
    BIPUSH 1
    ANEWARRAY java/lang/Object
    DUP
    BIPUSH 0
    ILOAD 1
    INVOKESTATIC java/lang/Boolean.valueOf (Z)Ljava/lang/Boolean;
    AASTORE
    INVOKESTATIC org/evosuite/testcarver/capture/Capturer.capture (ILjava/lang/Object;Ljava/lang/String;Ljava/lang/String;[Ljava/lang/Object;)V
    ALOAD 0
    ILOAD 1
    INVOKEVIRTUAL com/examples/with/different/packagename/testcarver/NumberConverter._sw_prototype_original_setUseLocaleFormat (Z)V
    GOTO L2
   L1
   FRAME SAME1 java/lang/Throwable
    ASTORE 2
    LDC -2147483579
    ALOAD 0
    GETSTATIC org/evosuite/testcarver/capture/CaptureLog.RETURN_TYPE_VOID : Ljava/lang/Object;
    INVOKESTATIC org/evosuite/testcarver/capture/Capturer.enable (ILjava/lang/Object;Ljava/lang/Object;)V
    ALOAD 2
    ATHROW
   L2
   FRAME SAME
    LDC -2147483579
    ALOAD 0
    GETSTATIC org/evosuite/testcarver/capture/CaptureLog.RETURN_TYPE_VOID : Ljava/lang/Object;
    INVOKESTATIC org/evosuite/testcarver/capture/Capturer.enable (ILjava/lang/Object;Ljava/lang/Object;)V
    RETURN
    MAXSTACK = 6
    MAXLOCALS = 0

  // access flags 0x1
  public getPattern()Ljava/lang/String;
    TRYCATCHBLOCK L0 L1 L2 java/lang/Throwable
    ACONST_NULL
    ASTORE 1
   L0
    LDC -2147483577
    ALOAD 0
    LDC "getPattern"
    LDC "()Ljava/lang/String;"
    BIPUSH 0
    ANEWARRAY java/lang/Object
    INVOKESTATIC org/evosuite/testcarver/capture/Capturer.capture (ILjava/lang/Object;Ljava/lang/String;Ljava/lang/String;[Ljava/lang/Object;)V
    ALOAD 0
    INVOKEVIRTUAL com/examples/with/different/packagename/testcarver/NumberConverter._sw_prototype_original_getPattern ()Ljava/lang/String;
    ASTORE 1
    ALOAD 1
    ASTORE 3
   L1
    LDC -2147483577
    ALOAD 0
    ALOAD 1
    INVOKESTATIC org/evosuite/testcarver/capture/Capturer.enable (ILjava/lang/Object;Ljava/lang/Object;)V
    ALOAD 3
    ARETURN
   L2
   FRAME FULL [com/examples/with/different/packagename/testcarver/NumberConverter java/lang/String] [java/lang/Throwable]
    ASTORE 2
    LDC -2147483577
    ALOAD 0
    ALOAD 1
    INVOKESTATIC org/evosuite/testcarver/capture/Capturer.enable (ILjava/lang/Object;Ljava/lang/Object;)V
    ALOAD 2
    ATHROW
    MAXSTACK = 5
    MAXLOCALS = 0

  // access flags 0x1
  public setPattern(Ljava/lang/String;)V
    TRYCATCHBLOCK L0 L1 L1 java/lang/Throwable
   L0
    LDC -2147483574
    ALOAD 0
    LDC "setPattern"
    LDC "(Ljava/lang/String;)V"
    BIPUSH 1
    ANEWARRAY java/lang/Object
    DUP
    BIPUSH 0
    ALOAD 1
    AASTORE
    INVOKESTATIC org/evosuite/testcarver/capture/Capturer.capture (ILjava/lang/Object;Ljava/lang/String;Ljava/lang/String;[Ljava/lang/Object;)V
    ALOAD 0
    ALOAD 1
    INVOKEVIRTUAL com/examples/with/different/packagename/testcarver/NumberConverter._sw_prototype_original_setPattern (Ljava/lang/String;)V
    GOTO L2
   L1
   FRAME SAME1 java/lang/Throwable
    ASTORE 2
    LDC -2147483574
    ALOAD 0
    GETSTATIC org/evosuite/testcarver/capture/CaptureLog.RETURN_TYPE_VOID : Ljava/lang/Object;
    INVOKESTATIC org/evosuite/testcarver/capture/Capturer.enable (ILjava/lang/Object;Ljava/lang/Object;)V
    ALOAD 2
    ATHROW
   L2
   FRAME SAME
    LDC -2147483574
    ALOAD 0
    GETSTATIC org/evosuite/testcarver/capture/CaptureLog.RETURN_TYPE_VOID : Ljava/lang/Object;
    INVOKESTATIC org/evosuite/testcarver/capture/Capturer.enable (ILjava/lang/Object;Ljava/lang/Object;)V
    RETURN
    MAXSTACK = 6
    MAXLOCALS = 0

  // access flags 0x1
  public getLocale()Ljava/util/Locale;
    TRYCATCHBLOCK L0 L1 L2 java/lang/Throwable
    ACONST_NULL
    ASTORE 1
   L0
    LDC -2147483572
    ALOAD 0
    LDC "getLocale"
    LDC "()Ljava/util/Locale;"
    BIPUSH 0
    ANEWARRAY java/lang/Object
    INVOKESTATIC org/evosuite/testcarver/capture/Capturer.capture (ILjava/lang/Object;Ljava/lang/String;Ljava/lang/String;[Ljava/lang/Object;)V
    ALOAD 0
    INVOKEVIRTUAL com/examples/with/different/packagename/testcarver/NumberConverter._sw_prototype_original_getLocale ()Ljava/util/Locale;
    ASTORE 1
    ALOAD 1
    ASTORE 3
   L1
    LDC -2147483572
    ALOAD 0
    ALOAD 1
    INVOKESTATIC org/evosuite/testcarver/capture/Capturer.enable (ILjava/lang/Object;Ljava/lang/Object;)V
    ALOAD 3
    ARETURN
   L2
   FRAME FULL [com/examples/with/different/packagename/testcarver/NumberConverter java/util/Locale] [java/lang/Throwable]
    ASTORE 2
    LDC -2147483572
    ALOAD 0
    ALOAD 1
    INVOKESTATIC org/evosuite/testcarver/capture/Capturer.enable (ILjava/lang/Object;Ljava/lang/Object;)V
    ALOAD 2
    ATHROW
    MAXSTACK = 5
    MAXLOCALS = 0

  // access flags 0x1
  public setLocale(Ljava/util/Locale;)V
    TRYCATCHBLOCK L0 L1 L1 java/lang/Throwable
   L0
    LDC -2147483569
    ALOAD 0
    LDC "setLocale"
    LDC "(Ljava/util/Locale;)V"
    BIPUSH 1
    ANEWARRAY java/lang/Object
    DUP
    BIPUSH 0
    ALOAD 1
    AASTORE
    INVOKESTATIC org/evosuite/testcarver/capture/Capturer.capture (ILjava/lang/Object;Ljava/lang/String;Ljava/lang/String;[Ljava/lang/Object;)V
    ALOAD 0
    ALOAD 1
    INVOKEVIRTUAL com/examples/with/different/packagename/testcarver/NumberConverter._sw_prototype_original_setLocale (Ljava/util/Locale;)V
    GOTO L2
   L1
   FRAME SAME1 java/lang/Throwable
    ASTORE 2
    LDC -2147483569
    ALOAD 0
    GETSTATIC org/evosuite/testcarver/capture/CaptureLog.RETURN_TYPE_VOID : Ljava/lang/Object;
    INVOKESTATIC org/evosuite/testcarver/capture/Capturer.enable (ILjava/lang/Object;Ljava/lang/Object;)V
    ALOAD 2
    ATHROW
   L2
   FRAME SAME
    LDC -2147483569
    ALOAD 0
    GETSTATIC org/evosuite/testcarver/capture/CaptureLog.RETURN_TYPE_VOID : Ljava/lang/Object;
    INVOKESTATIC org/evosuite/testcarver/capture/Capturer.enable (ILjava/lang/Object;Ljava/lang/Object;)V
    RETURN
    MAXSTACK = 6
    MAXLOCALS = 0

  // access flags 0x1
  public toString()Ljava/lang/String;
    TRYCATCHBLOCK L0 L1 L2 java/lang/Throwable
    ACONST_NULL
    ASTORE 1
   L0
    LDC -2147483563
    ALOAD 0
    LDC "toString"
    LDC "()Ljava/lang/String;"
    BIPUSH 0
    ANEWARRAY java/lang/Object
    INVOKESTATIC org/evosuite/testcarver/capture/Capturer.capture (ILjava/lang/Object;Ljava/lang/String;Ljava/lang/String;[Ljava/lang/Object;)V
    ALOAD 0
    INVOKEVIRTUAL com/examples/with/different/packagename/testcarver/NumberConverter._sw_prototype_original_toString ()Ljava/lang/String;
    ASTORE 1
    ALOAD 1
    ASTORE 3
   L1
    LDC -2147483563
    ALOAD 0
    ALOAD 1
    INVOKESTATIC org/evosuite/testcarver/capture/Capturer.enable (ILjava/lang/Object;Ljava/lang/Object;)V
    ALOAD 3
    ARETURN
   L2
   FRAME FULL [com/examples/with/different/packagename/testcarver/NumberConverter java/lang/String] [java/lang/Throwable]
    ASTORE 2
    LDC -2147483563
    ALOAD 0
    ALOAD 1
    INVOKESTATIC org/evosuite/testcarver/capture/Capturer.enable (ILjava/lang/Object;Ljava/lang/Object;)V
    ALOAD 2
    ATHROW
    MAXSTACK = 7
    MAXLOCALS = 0
}
INFO  org.evosuite.testcarver.extraction.CarvingClassLoader - Keeping class: com.examples.with.different.packagename.testcarver.NumberConverter
INFO  org.evosuite.testcarver.extraction.CarvingClassLoader - Keeping class: com.examples.with.different.packagename.testcarver.IntegerConverter
INFO  org.evosuite.testcarver.capture.Capturer - Stopping Capturer...
INFO  org.evosuite.testcarver.capture.Capturer - Capturer has been stopped successfully
INFO  evo_logger -  - Carving test com.examples.with.different.packagename.testcarver.ArrayConverterTestCase.testTheMatrix
INFO  org.evosuite.instrumentation.InstrumentingClassLoader - Seeing class for first time: com.examples.with.different.packagename.testcarver.IntegerConverter
INFO  org.evosuite.instrumentation.BytecodeInstrumentation - Starting transformation of com/examples/with/different/packagename/testcarver/IntegerConverter
INFO  org.evosuite.runtime.instrumentation.MethodCallReplacementClassAdapter - Adding mock interface to class com/examples/with/different/packagename/testcarver/IntegerConverter
INFO  org.evosuite.runtime.instrumentation.CreateClassResetClassAdapter - Creating brand-new static initializer in class com/examples/with/different/packagename/testcarver/IntegerConverter
INFO  org.evosuite.instrumentation.InstrumentingClassLoader - Seeing class for first time: com.examples.with.different.packagename.testcarver.NumberConverter
INFO  org.evosuite.instrumentation.BytecodeInstrumentation - Starting transformation of com/examples/with/different/packagename/testcarver/NumberConverter
INFO  org.evosuite.runtime.instrumentation.MethodCallReplacementClassAdapter - Adding mock interface to class com/examples/with/different/packagename/testcarver/NumberConverter
INFO  org.evosuite.runtime.instrumentation.CreateClassResetClassAdapter - Found static initializer in class com/examples/with/different/packagename/testcarver/NumberConverter
INFO  org.evosuite.instrumentation.InstrumentingClassLoader - Loaded class: com.examples.with.different.packagename.testcarver.NumberConverter
INFO  org.evosuite.instrumentation.InstrumentingClassLoader - Loaded class: com.examples.with.different.packagename.testcarver.IntegerConverter
INFO  org.evosuite.testcarver.extraction.CarvingRunListener - Carved test of length 13
INFO  org.evosuite.utils.generic.GenericTypeInference - Type map empty
INFO  org.evosuite.utils.generic.GenericTypeInference - Type map empty
INFO  org.evosuite.utils.generic.GenericTypeInference - Type map empty
INFO  org.evosuite.testcarver.extraction.CarvingRunListener - Not yet reached maximum time to carve unit tests - executing test with carver
INFO  org.evosuite.testcarver.capture.Capturer - Starting Capturer...
INFO  org.evosuite.testcarver.capture.Capturer - Capturer has been started successfully
INFO  org.evosuite.testcarver.capture.CaptureLog - method setUp was called on object testInvalidWithDefault(com.examples.with.different.packagename.testcarver.ArrayConverterTestCase) with oid 38073174 without foregoing (observed) init stmt --> creating unobserved init stmt
INFO  org.evosuite.testcarver.capture.Capturer - Stopping Capturer...
INFO  org.evosuite.testcarver.capture.Capturer - Capturer has been stopped successfully
INFO  evo_logger -  - Carving test com.examples.with.different.packagename.testcarver.ArrayConverterTestCase.testInvalidWithDefault
INFO  org.evosuite.testcarver.extraction.CarvingRunListener - Carved test of length 15
INFO  org.evosuite.utils.generic.GenericTypeInference - Type map empty
INFO  org.evosuite.utils.generic.GenericTypeInference - Type map empty
INFO  org.evosuite.utils.generic.GenericTypeInference - Type map empty
INFO  org.evosuite.utils.generic.GenericTypeInference - Type map empty
INFO  org.evosuite.testcarver.extraction.CarvingRunListener - Not yet reached maximum time to carve unit tests - executing test with carver
INFO  org.evosuite.testcarver.capture.Capturer - Starting Capturer...
INFO  org.evosuite.testcarver.capture.Capturer - Capturer has been started successfully
INFO  org.evosuite.testcarver.capture.CaptureLog - method setUp was called on object testEmptyString(com.examples.with.different.packagename.testcarver.ArrayConverterTestCase) with oid 1422097835 without foregoing (observed) init stmt --> creating unobserved init stmt
INFO  org.evosuite.testcarver.capture.Capturer - Stopping Capturer...
INFO  org.evosuite.testcarver.capture.Capturer - Capturer has been stopped successfully
INFO  evo_logger -  - Carving test com.examples.with.different.packagename.testcarver.ArrayConverterTestCase.testEmptyString
INFO  org.evosuite.testcarver.extraction.CarvingRunListener - Carved test of length 10
INFO  org.evosuite.utils.generic.GenericTypeInference - Type map empty
INFO  org.evosuite.utils.generic.GenericTypeInference - Type map empty
INFO  org.evosuite.utils.generic.GenericTypeInference - Type map empty
INFO  org.evosuite.testcarver.extraction.CarvingRunListener - Not yet reached maximum time to carve unit tests - executing test with carver
INFO  org.evosuite.testcarver.capture.Capturer - Starting Capturer...
INFO  org.evosuite.testcarver.capture.Capturer - Capturer has been started successfully
INFO  org.evosuite.testcarver.capture.CaptureLog - method setUp was called on object testComponentIntegerConverter(com.examples.with.different.packagename.testcarver.ArrayConverterTestCase) with oid 89468176 without foregoing (observed) init stmt --> creating unobserved init stmt
INFO  org.evosuite.testcarver.capture.CaptureLog - method convert was called on object com.examples.with.different.packagename.testcarver.IntegerConverter[UseDefault=false, UseLocaleFormat=false] with oid 993104125 without foregoing (observed) init stmt --> creating unobserved init stmt
INFO  org.evosuite.testcarver.capture.Capturer - Stopping Capturer...
INFO  org.evosuite.testcarver.capture.Capturer - Capturer has been stopped successfully
INFO  evo_logger -  - Carving test com.examples.with.different.packagename.testcarver.ArrayConverterTestCase.testComponentIntegerConverter
INFO  org.evosuite.testcarver.extraction.CarvingRunListener - Carved test of length 45
INFO  org.evosuite.utils.generic.GenericTypeInference - Type map empty
INFO  org.evosuite.utils.generic.GenericTypeInference - Type map empty
INFO  org.evosuite.testcarver.extraction.CarvingRunListener - Not yet reached maximum time to carve unit tests - executing test with carver
INFO  org.evosuite.testcarver.capture.Capturer - Starting Capturer...
INFO  org.evosuite.testcarver.capture.Capturer - Capturer has been started successfully
INFO  org.evosuite.testcarver.capture.CaptureLog - method setUp was called on object testErrors(com.examples.with.different.packagename.testcarver.ArrayConverterTestCase) with oid 2080126677 without foregoing (observed) init stmt --> creating unobserved init stmt
INFO  org.evosuite.testcarver.extraction.CarvingClassLoader - Seeing class for first time: com.examples.with.different.packagename.testcarver.DateConverter
WARN  org.evosuite.testcarver.extraction.CarvingClassLoader - Instrumenting class 'com.examples.with.different.packagename.testcarver.DateConverter'.
INFO  org.evosuite.testcarver.instrument.Instrumenter - Checking package com.examples.with.different.packagename.testcarver for class com/examples/with/different/packagename/testcarver/DateConverter
// class version 52.0 (52)
// access flags 0x31
public final class com/examples/with/different/packagename/testcarver/DateConverter extends com/examples/with/different/packagename/testcarver/DateTimeConverter {

  // compiled from: DateConverter.java

  // access flags 0x2
  private _sw_prototype_original_init_sw_prototype_original_()V
    ALOAD 0
    INVOKESTATIC org/evosuite/testcarver/capture/FieldRegistry.register (Ljava/lang/Object;)V
   L0
    LINENUMBER 47 L0
    RETURN
   L1
    LOCALVARIABLE this Lcom/examples/with/different/packagename/testcarver/DateConverter; L2 L1 0
    MAXSTACK = 5
    MAXLOCALS = 1

  // access flags 0x2
  private _sw_prototype_original_init_sw_prototype_original_(Ljava/lang/Object;)V
    ALOAD 0
    INVOKESTATIC org/evosuite/testcarver/capture/FieldRegistry.register (Ljava/lang/Object;)V
   L0
    LINENUMBER 59 L0
    RETURN
   L1
    LOCALVARIABLE this Lcom/examples/with/different/packagename/testcarver/DateConverter; L2 L1 0
    LOCALVARIABLE defaultValue Ljava/lang/Object; L2 L1 1
    MAXSTACK = 6
    MAXLOCALS = 2

  // access flags 0x4
  protected getDefaultType()Ljava/lang/Class;
   L0
    LINENUMBER 67 L0
    LDC Ljava/util/Date;.class
    ARETURN
   L1
    LOCALVARIABLE this Lcom/examples/with/different/packagename/testcarver/DateConverter; L0 L1 0
    MAXSTACK = 1
    MAXLOCALS = 1

  // access flags 0x1
  public <init>()V
    TRYCATCHBLOCK L0 L1 L1 java/lang/Throwable
   L2
    LINENUMBER 46 L2
    ALOAD 0
    INVOKESPECIAL com/examples/with/different/packagename/testcarver/DateTimeConverter.<init> ()V
   L0
    LDC -2147483562
    ALOAD 0
    LDC "<init>"
    LDC "()V"
    BIPUSH 0
    ANEWARRAY java/lang/Object
    INVOKESTATIC org/evosuite/testcarver/capture/Capturer.capture (ILjava/lang/Object;Ljava/lang/String;Ljava/lang/String;[Ljava/lang/Object;)V
    ALOAD 0
    INVOKEVIRTUAL com/examples/with/different/packagename/testcarver/DateConverter._sw_prototype_original_init_sw_prototype_original_ ()V
    GOTO L3
   L1
   FRAME SAME1 java/lang/Throwable
    ASTORE 1
    LDC -2147483562
    ALOAD 0
    GETSTATIC org/evosuite/testcarver/capture/CaptureLog.RETURN_TYPE_VOID : Ljava/lang/Object;
    INVOKESTATIC org/evosuite/testcarver/capture/Capturer.enable (ILjava/lang/Object;Ljava/lang/Object;)V
    ALOAD 1
    ATHROW
   L3
   FRAME SAME
    LDC -2147483562
    ALOAD 0
    GETSTATIC org/evosuite/testcarver/capture/CaptureLog.RETURN_TYPE_VOID : Ljava/lang/Object;
    INVOKESTATIC org/evosuite/testcarver/capture/Capturer.enable (ILjava/lang/Object;Ljava/lang/Object;)V
    RETURN
    MAXSTACK = 5
    MAXLOCALS = 0

  // access flags 0x1
  public <init>(Ljava/lang/Object;)V
    TRYCATCHBLOCK L0 L1 L1 java/lang/Throwable
   L2
    LINENUMBER 58 L2
    ALOAD 0
    ALOAD 1
    INVOKESPECIAL com/examples/with/different/packagename/testcarver/DateTimeConverter.<init> (Ljava/lang/Object;)V
   L0
    LDC -2147483561
    ALOAD 0
    LDC "<init>"
    LDC "(Ljava/lang/Object;)V"
    BIPUSH 1
    ANEWARRAY java/lang/Object
    DUP
    BIPUSH 0
    ALOAD 1
    AASTORE
    INVOKESTATIC org/evosuite/testcarver/capture/Capturer.capture (ILjava/lang/Object;Ljava/lang/String;Ljava/lang/String;[Ljava/lang/Object;)V
    ALOAD 0
    ALOAD 1
    INVOKEVIRTUAL com/examples/with/different/packagename/testcarver/DateConverter._sw_prototype_original_init_sw_prototype_original_ (Ljava/lang/Object;)V
    GOTO L3
   L1
   FRAME SAME1 java/lang/Throwable
    ASTORE 2
    LDC -2147483561
    ALOAD 0
    GETSTATIC org/evosuite/testcarver/capture/CaptureLog.RETURN_TYPE_VOID : Ljava/lang/Object;
    INVOKESTATIC org/evosuite/testcarver/capture/Capturer.enable (ILjava/lang/Object;Ljava/lang/Object;)V
    ALOAD 2
    ATHROW
   L3
   FRAME SAME
    LDC -2147483561
    ALOAD 0
    GETSTATIC org/evosuite/testcarver/capture/CaptureLog.RETURN_TYPE_VOID : Ljava/lang/Object;
    INVOKESTATIC org/evosuite/testcarver/capture/Capturer.enable (ILjava/lang/Object;Ljava/lang/Object;)V
    RETURN
    MAXSTACK = 6
    MAXLOCALS = 0
}
INFO  org.evosuite.testcarver.extraction.CarvingClassLoader - Seeing class for first time: com.examples.with.different.packagename.testcarver.DateTimeConverter
WARN  org.evosuite.testcarver.extraction.CarvingClassLoader - Instrumenting class 'com.examples.with.different.packagename.testcarver.DateTimeConverter'.
INFO  org.evosuite.testcarver.instrument.Instrumenter - Checking package com.examples.with.different.packagename.testcarver for class com/examples/with/different/packagename/testcarver/DateTimeConverter
// class version 52.0 (52)
// access flags 0x421
public abstract class com/examples/with/different/packagename/testcarver/DateTimeConverter extends com/examples/with/different/packagename/testcarver/AbstractConverter {

  // compiled from: DateTimeConverter.java

  // access flags 0x2
  private [Ljava/lang/String; patterns

  // access flags 0x2
  private Ljava/lang/String; displayPatterns

  // access flags 0x2
  private Ljava/util/Locale; locale

  // access flags 0x2
  private Ljava/util/TimeZone; timeZone

  // access flags 0x2
  private Z useLocaleFormat

  // access flags 0x1
  public <init>()V
   L0
    LINENUMBER 99 L0
    ALOAD 0
    INVOKESPECIAL com/examples/with/different/packagename/testcarver/AbstractConverter.<init> ()V
   L1
    LINENUMBER 100 L1
    RETURN
   L2
    LOCALVARIABLE this Lcom/examples/with/different/packagename/testcarver/DateTimeConverter; L0 L2 0
    MAXSTACK = 1
    MAXLOCALS = 1

  // access flags 0x1
  public <init>(Ljava/lang/Object;)V
   L0
    LINENUMBER 111 L0
    ALOAD 0
    ALOAD 1
    INVOKESPECIAL com/examples/with/different/packagename/testcarver/AbstractConverter.<init> (Ljava/lang/Object;)V
   L1
    LINENUMBER 112 L1
    RETURN
   L2
    LOCALVARIABLE this Lcom/examples/with/different/packagename/testcarver/DateTimeConverter; L0 L2 0
    LOCALVARIABLE defaultValue Ljava/lang/Object; L0 L2 1
    MAXSTACK = 2
    MAXLOCALS = 2

  // access flags 0x2
  private _sw_prototype_original_setUseLocaleFormat(Z)V
   L0
    LINENUMBER 124 L0
    ALOAD 0
    ILOAD 1
    DUP2
    PUTFIELD com/examples/with/different/packagename/testcarver/DateTimeConverter.useLocaleFormat : Z
    POP
    LDC -2147483560
    LDC "com/examples/with/different/packagename/testcarver/DateTimeConverter"
    LDC "useLocaleFormat"
    LDC "Z"
    INVOKESTATIC org/evosuite/testcarver/capture/FieldRegistry.notifyModification (Ljava/lang/Object;ILjava/lang/String;Ljava/lang/String;Ljava/lang/String;)V
   L1
    LINENUMBER 125 L1
    RETURN
   L2
    LOCALVARIABLE this Lcom/examples/with/different/packagename/testcarver/DateTimeConverter; L0 L2 0
    LOCALVARIABLE useLocaleFormat Z L0 L2 1
    MAXSTACK = 6
    MAXLOCALS = 2

  // access flags 0x2
  private _sw_prototype_original_getTimeZone()Ljava/util/TimeZone;
   L0
    LINENUMBER 134 L0
    ALOAD 0
    DUP
    GETFIELD com/examples/with/different/packagename/testcarver/DateTimeConverter.timeZone : Ljava/util/TimeZone;
    SWAP
    LDC -2147483557
    LDC "com/examples/with/different/packagename/testcarver/DateTimeConverter"
    LDC "timeZone"
    LDC "Ljava/util/TimeZone;"
    INVOKESTATIC org/evosuite/testcarver/capture/FieldRegistry.notifyReadAccess (Ljava/lang/Object;ILjava/lang/String;Ljava/lang/String;Ljava/lang/String;)V
    ARETURN
   L1
    LOCALVARIABLE this Lcom/examples/with/different/packagename/testcarver/DateTimeConverter; L0 L1 0
    MAXSTACK = 5
    MAXLOCALS = 1

  // access flags 0x2
  private _sw_prototype_original_setTimeZone(Ljava/util/TimeZone;)V
   L0
    LINENUMBER 143 L0
    ALOAD 0
    ALOAD 1
    DUP2
    PUTFIELD com/examples/with/different/packagename/testcarver/DateTimeConverter.timeZone : Ljava/util/TimeZone;
    POP
    LDC -2147483555
    LDC "com/examples/with/different/packagename/testcarver/DateTimeConverter"
    LDC "timeZone"
    LDC "Ljava/util/TimeZone;"
    INVOKESTATIC org/evosuite/testcarver/capture/FieldRegistry.notifyModification (Ljava/lang/Object;ILjava/lang/String;Ljava/lang/String;Ljava/lang/String;)V
   L1
    LINENUMBER 144 L1
    RETURN
   L2
    LOCALVARIABLE this Lcom/examples/with/different/packagename/testcarver/DateTimeConverter; L0 L2 0
    LOCALVARIABLE timeZone Ljava/util/TimeZone; L0 L2 1
    MAXSTACK = 6
    MAXLOCALS = 2

  // access flags 0x2
  private _sw_prototype_original_getLocale()Ljava/util/Locale;
   L0
    LINENUMBER 153 L0
    ALOAD 0
    DUP
    GETFIELD com/examples/with/different/packagename/testcarver/DateTimeConverter.locale : Ljava/util/Locale;
    SWAP
    LDC -2147483552
    LDC "com/examples/with/different/packagename/testcarver/DateTimeConverter"
    LDC "locale"
    LDC "Ljava/util/Locale;"
    INVOKESTATIC org/evosuite/testcarver/capture/FieldRegistry.notifyReadAccess (Ljava/lang/Object;ILjava/lang/String;Ljava/lang/String;Ljava/lang/String;)V
    ARETURN
   L1
    LOCALVARIABLE this Lcom/examples/with/different/packagename/testcarver/DateTimeConverter; L0 L1 0
    MAXSTACK = 5
    MAXLOCALS = 1

  // access flags 0x2
  private _sw_prototype_original_setLocale(Ljava/util/Locale;)V
   L0
    LINENUMBER 162 L0
    ALOAD 0
    ALOAD 1
    DUP2
    PUTFIELD com/examples/with/different/packagename/testcarver/DateTimeConverter.locale : Ljava/util/Locale;
    POP
    LDC -2147483550
    LDC "com/examples/with/different/packagename/testcarver/DateTimeConverter"
    LDC "locale"
    LDC "Ljava/util/Locale;"
    INVOKESTATIC org/evosuite/testcarver/capture/FieldRegistry.notifyModification (Ljava/lang/Object;ILjava/lang/String;Ljava/lang/String;Ljava/lang/String;)V
   L1
    LINENUMBER 163 L1
    ALOAD 0
    ICONST_1
    INVOKEVIRTUAL com/examples/with/different/packagename/testcarver/DateTimeConverter.setUseLocaleFormat (Z)V
   L2
    LINENUMBER 164 L2
    RETURN
   L3
    LOCALVARIABLE this Lcom/examples/with/different/packagename/testcarver/DateTimeConverter; L0 L3 0
    LOCALVARIABLE locale Ljava/util/Locale; L0 L3 1
    MAXSTACK = 6
    MAXLOCALS = 2

  // access flags 0x2
  private _sw_prototype_original_setPattern(Ljava/lang/String;)V
   L0
    LINENUMBER 174 L0
    ALOAD 0
    ICONST_1
    ANEWARRAY java/lang/String
    DUP
    ICONST_0
    ALOAD 1
    AASTORE
    INVOKEVIRTUAL com/examples/with/different/packagename/testcarver/DateTimeConverter.setPatterns ([Ljava/lang/String;)V
   L1
    LINENUMBER 175 L1
    RETURN
   L2
    LOCALVARIABLE this Lcom/examples/with/different/packagename/testcarver/DateTimeConverter; L0 L2 0
    LOCALVARIABLE pattern Ljava/lang/String; L0 L2 1
    MAXSTACK = 9
    MAXLOCALS = 2

  // access flags 0x2
  private _sw_prototype_original_getPatterns()[Ljava/lang/String;
   L0
    LINENUMBER 186 L0
    ALOAD 0
    DUP
    GETFIELD com/examples/with/different/packagename/testcarver/DateTimeConverter.patterns : [Ljava/lang/String;
    SWAP
    LDC -2147483546
    LDC "com/examples/with/different/packagename/testcarver/DateTimeConverter"
    LDC "patterns"
    LDC "[Ljava/lang/String;"
    INVOKESTATIC org/evosuite/testcarver/capture/FieldRegistry.notifyReadAccess (Ljava/lang/Object;ILjava/lang/String;Ljava/lang/String;Ljava/lang/String;)V
    ARETURN
   L1
    LOCALVARIABLE this Lcom/examples/with/different/packagename/testcarver/DateTimeConverter; L0 L1 0
    MAXSTACK = 5
    MAXLOCALS = 1

  // access flags 0x2
  private _sw_prototype_original_setPatterns([Ljava/lang/String;)V
   L0
    LINENUMBER 197 L0
    ALOAD 0
    ALOAD 1
    DUP2
    PUTFIELD com/examples/with/different/packagename/testcarver/DateTimeConverter.patterns : [Ljava/lang/String;
    POP
    LDC -2147483544
    LDC "com/examples/with/different/packagename/testcarver/DateTimeConverter"
    LDC "patterns"
    LDC "[Ljava/lang/String;"
    INVOKESTATIC org/evosuite/testcarver/capture/FieldRegistry.notifyModification (Ljava/lang/Object;ILjava/lang/String;Ljava/lang/String;Ljava/lang/String;)V
   L1
    LINENUMBER 198 L1
    ALOAD 1
    IFNULL L2
    ALOAD 1
    ARRAYLENGTH
    ICONST_1
    IF_ICMPLE L2
   L3
    LINENUMBER 199 L3
    NEW java/lang/StringBuffer
    DUP
    INVOKESPECIAL java/lang/StringBuffer.<init> ()V
    ASTORE 2
   L4
    LINENUMBER 200 L4
    ICONST_0
    ISTORE 3
   L5
    ILOAD 3
    ALOAD 1
    ARRAYLENGTH
    IF_ICMPGE L6
   L7
    LINENUMBER 201 L7
    ILOAD 3
    IFLE L8
   L9
    LINENUMBER 202 L9
    ALOAD 2
    LDC ", "
    INVOKEVIRTUAL java/lang/StringBuffer.append (Ljava/lang/String;)Ljava/lang/StringBuffer;
    POP
   L8
    LINENUMBER 204 L8
    ALOAD 2
    ALOAD 1
    ILOAD 3
    AALOAD
    INVOKEVIRTUAL java/lang/StringBuffer.append (Ljava/lang/String;)Ljava/lang/StringBuffer;
    POP
   L10
    LINENUMBER 200 L10
    IINC 3 1
    GOTO L5
   L6
    LINENUMBER 206 L6
    ALOAD 0
    ALOAD 2
    INVOKEVIRTUAL java/lang/StringBuffer.toString ()Ljava/lang/String;
    DUP2
    PUTFIELD com/examples/with/different/packagename/testcarver/DateTimeConverter.displayPatterns : Ljava/lang/String;
    POP
    LDC -2147483542
    LDC "com/examples/with/different/packagename/testcarver/DateTimeConverter"
    LDC "displayPatterns"
    LDC "Ljava/lang/String;"
    INVOKESTATIC org/evosuite/testcarver/capture/FieldRegistry.notifyModification (Ljava/lang/Object;ILjava/lang/String;Ljava/lang/String;Ljava/lang/String;)V
   L2
    LINENUMBER 208 L2
    ALOAD 0
    ICONST_1
    INVOKEVIRTUAL com/examples/with/different/packagename/testcarver/DateTimeConverter.setUseLocaleFormat (Z)V
   L11
    LINENUMBER 209 L11
    RETURN
   L12
    LOCALVARIABLE i I L5 L6 3
    LOCALVARIABLE buffer Ljava/lang/StringBuffer; L4 L2 2
    LOCALVARIABLE this Lcom/examples/with/different/packagename/testcarver/DateTimeConverter; L0 L12 0
    LOCALVARIABLE patterns [Ljava/lang/String; L0 L12 1
    MAXSTACK = 7
    MAXLOCALS = 4

  // access flags 0x4
  protected convertToString(Ljava/lang/Object;)Ljava/lang/String; throws java/lang/Throwable
   L0
    LINENUMBER 228 L0
    ACONST_NULL
    ASTORE 2
   L1
    LINENUMBER 229 L1
    ALOAD 1
    INSTANCEOF java/util/Date
    IFEQ L2
   L3
    LINENUMBER 230 L3
    ALOAD 1
    CHECKCAST org/evosuite/testcarver/wrapper/java/util/Date
    ASTORE 2
    GOTO L4
   L2
    LINENUMBER 231 L2
    ALOAD 1
    INSTANCEOF java/util/Calendar
    IFEQ L5
   L6
    LINENUMBER 232 L6
    ALOAD 1
    CHECKCAST org/evosuite/testcarver/wrapper/java/util/Calendar
    INVOKESTATIC org/evosuite/testcarver/wrapper/java/util/Calendar.getTime (Ljava/util/Calendar;)Ljava/util/Date;
    ASTORE 2
    GOTO L4
   L5
    LINENUMBER 233 L5
    ALOAD 1
    INSTANCEOF java/lang/Long
    IFEQ L4
   L7
    LINENUMBER 234 L7
    NEW org/evosuite/testcarver/wrapper/java/util/Date
    DUP
    ALOAD 1
    CHECKCAST java/lang/Long
    INVOKEVIRTUAL java/lang/Long.longValue ()J
    INVOKESPECIAL org/evosuite/testcarver/wrapper/java/util/Date.<init> (J)V
    ASTORE 2
   L4
    LINENUMBER 237 L4
    ACONST_NULL
    ASTORE 3
   L8
    LINENUMBER 238 L8
    ALOAD 0
    GETFIELD com/examples/with/different/packagename/testcarver/DateTimeConverter.useLocaleFormat : Z
    IFEQ L9
    ALOAD 2
    IFNULL L9
   L10
    LINENUMBER 239 L10
    ACONST_NULL
    ASTORE 4
   L11
    LINENUMBER 240 L11
    ALOAD 0
    GETFIELD com/examples/with/different/packagename/testcarver/DateTimeConverter.patterns : [Ljava/lang/String;
    IFNULL L12
    ALOAD 0
    GETFIELD com/examples/with/different/packagename/testcarver/DateTimeConverter.patterns : [Ljava/lang/String;
    ARRAYLENGTH
    IFLE L12
   L13
    LINENUMBER 241 L13
    ALOAD 0
    ALOAD 0
    GETFIELD com/examples/with/different/packagename/testcarver/DateTimeConverter.patterns : [Ljava/lang/String;
    ICONST_0
    AALOAD
    INVOKESPECIAL com/examples/with/different/packagename/testcarver/DateTimeConverter.getFormat (Ljava/lang/String;)Ljava/text/DateFormat;
    ASTORE 4
    GOTO L14
   L12
    LINENUMBER 243 L12
    ALOAD 0
    ALOAD 0
    GETFIELD com/examples/with/different/packagename/testcarver/DateTimeConverter.locale : Ljava/util/Locale;
    ALOAD 0
    GETFIELD com/examples/with/different/packagename/testcarver/DateTimeConverter.timeZone : Ljava/util/TimeZone;
    INVOKEVIRTUAL com/examples/with/different/packagename/testcarver/DateTimeConverter.getFormat (Ljava/util/Locale;Ljava/util/TimeZone;)Ljava/text/DateFormat;
    ASTORE 4
   L14
    LINENUMBER 245 L14
    ALOAD 0
    LDC "Formatting"
    ALOAD 4
    INVOKESPECIAL com/examples/with/different/packagename/testcarver/DateTimeConverter.logFormat (Ljava/lang/String;Ljava/text/DateFormat;)V
   L15
    LINENUMBER 246 L15
    ALOAD 4
    ALOAD 2
    INVOKESTATIC org/evosuite/testcarver/wrapper/java/text/DateFormat.format (Ljava/text/DateFormat;Ljava/util/Date;)Ljava/lang/String;
    ASTORE 3
   L16
    LINENUMBER 247 L16
    GOTO L17
   L9
    LINENUMBER 248 L9
    ALOAD 1
    INVOKEVIRTUAL java/lang/Object.toString ()Ljava/lang/String;
    ASTORE 3
   L17
    LINENUMBER 250 L17
    ALOAD 3
    ARETURN
   L18
    LOCALVARIABLE format Ljava/text/DateFormat; L11 L16 4
    LOCALVARIABLE this Lcom/examples/with/different/packagename/testcarver/DateTimeConverter; L0 L18 0
    LOCALVARIABLE value Ljava/lang/Object; L0 L18 1
    LOCALVARIABLE date Ljava/util/Date; L1 L18 2
    LOCALVARIABLE result Ljava/lang/String; L8 L18 3
    MAXSTACK = 4
    MAXLOCALS = 5

  // access flags 0x4
  protected convertToType(Ljava/lang/Class;Ljava/lang/Object;)Ljava/lang/Object; throws java/lang/Exception
   L0
    LINENUMBER 284 L0
    ALOAD 2
    INVOKEVIRTUAL java/lang/Object.getClass ()Ljava/lang/Class;
    ASTORE 3
   L1
    LINENUMBER 287 L1
    ALOAD 2
    INSTANCEOF java/sql/Timestamp
    IFEQ L2
   L3
    LINENUMBER 293 L3
    ALOAD 2
    CHECKCAST java/sql/Timestamp
    ASTORE 4
   L4
    LINENUMBER 294 L4
    ALOAD 4
    INVOKEVIRTUAL java/sql/Timestamp.getTime ()J
    LDC 1000L
    LDIV
    LDC 1000L
    LMUL
    LSTORE 5
   L5
    LINENUMBER 295 L5
    LLOAD 5
    ALOAD 4
    INVOKEVIRTUAL java/sql/Timestamp.getNanos ()I
    LDC 1000000
    IDIV
    I2L
    LADD
    LSTORE 5
   L6
    LINENUMBER 297 L6
    ALOAD 0
    ALOAD 1
    LLOAD 5
    INVOKESPECIAL com/examples/with/different/packagename/testcarver/DateTimeConverter.toDate (Ljava/lang/Class;J)Ljava/lang/Object;
    ARETURN
   L2
    LINENUMBER 301 L2
    ALOAD 2
    INSTANCEOF java/util/Date
    IFEQ L7
   L8
    LINENUMBER 302 L8
    ALOAD 2
    CHECKCAST org/evosuite/testcarver/wrapper/java/util/Date
    ASTORE 4
   L9
    LINENUMBER 303 L9
    ALOAD 0
    ALOAD 1
    ALOAD 4
    INVOKEVIRTUAL java/util/Date.getTime ()J
    INVOKESPECIAL com/examples/with/different/packagename/testcarver/DateTimeConverter.toDate (Ljava/lang/Class;J)Ljava/lang/Object;
    ARETURN
   L7
    LINENUMBER 307 L7
    ALOAD 2
    INSTANCEOF java/util/Calendar
    IFEQ L10
   L11
    LINENUMBER 308 L11
    ALOAD 2
    CHECKCAST org/evosuite/testcarver/wrapper/java/util/Calendar
    ASTORE 4
   L12
    LINENUMBER 309 L12
    ALOAD 0
    ALOAD 1
    ALOAD 4
    INVOKESTATIC org/evosuite/testcarver/wrapper/java/util/Calendar.getTime (Ljava/util/Calendar;)Ljava/util/Date;
    INVOKEVIRTUAL java/util/Date.getTime ()J
    INVOKESPECIAL com/examples/with/different/packagename/testcarver/DateTimeConverter.toDate (Ljava/lang/Class;J)Ljava/lang/Object;
    ARETURN
   L10
    LINENUMBER 313 L10
    ALOAD 2
    INSTANCEOF java/lang/Long
    IFEQ L13
   L14
    LINENUMBER 314 L14
    ALOAD 2
    CHECKCAST java/lang/Long
    ASTORE 4
   L15
    LINENUMBER 315 L15
    ALOAD 0
    ALOAD 1
    ALOAD 4
    INVOKEVIRTUAL java/lang/Long.longValue ()J
    INVOKESPECIAL com/examples/with/different/packagename/testcarver/DateTimeConverter.toDate (Ljava/lang/Class;J)Ljava/lang/Object;
    ARETURN
   L13
    LINENUMBER 319 L13
    ALOAD 2
    INVOKEVIRTUAL java/lang/Object.toString ()Ljava/lang/String;
    INVOKEVIRTUAL java/lang/String.trim ()Ljava/lang/String;
    ASTORE 4
   L16
    LINENUMBER 320 L16
    ALOAD 4
    INVOKEVIRTUAL java/lang/String.length ()I
    IFNE L17
   L18
    LINENUMBER 321 L18
    ALOAD 0
    ALOAD 1
    INVOKEVIRTUAL com/examples/with/different/packagename/testcarver/DateTimeConverter.handleMissing (Ljava/lang/Class;)Ljava/lang/Object;
    ARETURN
   L17
    LINENUMBER 325 L17
    ALOAD 0
    GETFIELD com/examples/with/different/packagename/testcarver/DateTimeConverter.useLocaleFormat : Z
    IFEQ L19
   L20
    LINENUMBER 326 L20
    ACONST_NULL
    ASTORE 5
   L21
    LINENUMBER 327 L21
    ALOAD 0
    GETFIELD com/examples/with/different/packagename/testcarver/DateTimeConverter.patterns : [Ljava/lang/String;
    IFNULL L22
    ALOAD 0
    GETFIELD com/examples/with/different/packagename/testcarver/DateTimeConverter.patterns : [Ljava/lang/String;
    ARRAYLENGTH
    IFLE L22
   L23
    LINENUMBER 328 L23
    ALOAD 0
    ALOAD 3
    ALOAD 1
    ALOAD 4
    INVOKESPECIAL com/examples/with/different/packagename/testcarver/DateTimeConverter.parse (Ljava/lang/Class;Ljava/lang/Class;Ljava/lang/String;)Ljava/util/Calendar;
    ASTORE 5
    GOTO L24
   L22
    LINENUMBER 330 L22
    ALOAD 0
    ALOAD 0
    GETFIELD com/examples/with/different/packagename/testcarver/DateTimeConverter.locale : Ljava/util/Locale;
    ALOAD 0
    GETFIELD com/examples/with/different/packagename/testcarver/DateTimeConverter.timeZone : Ljava/util/TimeZone;
    INVOKEVIRTUAL com/examples/with/different/packagename/testcarver/DateTimeConverter.getFormat (Ljava/util/Locale;Ljava/util/TimeZone;)Ljava/text/DateFormat;
    ASTORE 6
   L25
    LINENUMBER 331 L25
    ALOAD 0
    ALOAD 3
    ALOAD 1
    ALOAD 4
    ALOAD 6
    INVOKESPECIAL com/examples/with/different/packagename/testcarver/DateTimeConverter.parse (Ljava/lang/Class;Ljava/lang/Class;Ljava/lang/String;Ljava/text/DateFormat;)Ljava/util/Calendar;
    ASTORE 5
   L24
    LINENUMBER 333 L24
    LDC Ljava/util/Calendar;.class
    ALOAD 1
    INVOKEVIRTUAL java/lang/Class.isAssignableFrom (Ljava/lang/Class;)Z
    IFEQ L26
   L27
    LINENUMBER 334 L27
    ALOAD 5
    ARETURN
   L26
    LINENUMBER 336 L26
    ALOAD 0
    ALOAD 1
    ALOAD 5
    INVOKESTATIC org/evosuite/testcarver/wrapper/java/util/Calendar.getTime (Ljava/util/Calendar;)Ljava/util/Date;
    INVOKEVIRTUAL java/util/Date.getTime ()J
    INVOKESPECIAL com/examples/with/different/packagename/testcarver/DateTimeConverter.toDate (Ljava/lang/Class;J)Ljava/lang/Object;
    ARETURN
   L19
    LINENUMBER 341 L19
    ALOAD 0
    ALOAD 1
    ALOAD 4
    INVOKESPECIAL com/examples/with/different/packagename/testcarver/DateTimeConverter.toDate (Ljava/lang/Class;Ljava/lang/String;)Ljava/lang/Object;
    ARETURN
   L28
    LOCALVARIABLE timestamp Ljava/sql/Timestamp; L4 L2 4
    LOCALVARIABLE timeInMillis J L5 L2 5
    LOCALVARIABLE date Ljava/util/Date; L9 L7 4
    LOCALVARIABLE calendar Ljava/util/Calendar; L12 L10 4
    LOCALVARIABLE longObj Ljava/lang/Long; L15 L13 4
    LOCALVARIABLE format Ljava/text/DateFormat; L25 L24 6
    LOCALVARIABLE calendar Ljava/util/Calendar; L21 L19 5
    LOCALVARIABLE this Lcom/examples/with/different/packagename/testcarver/DateTimeConverter; L0 L28 0
    LOCALVARIABLE targetType Ljava/lang/Class; L0 L28 1
    LOCALVARIABLE value Ljava/lang/Object; L0 L28 2
    LOCALVARIABLE sourceType Ljava/lang/Class; L1 L28 3
    LOCALVARIABLE stringValue Ljava/lang/String; L16 L28 4
    MAXSTACK = 5
    MAXLOCALS = 7

  // access flags 0x2
  private toDate(Ljava/lang/Class;J)Ljava/lang/Object;
   L0
    LINENUMBER 366 L0
    ALOAD 1
    LDC Ljava/util/Date;.class
    INVOKEVIRTUAL java/lang/Object.equals (Ljava/lang/Object;)Z
    IFEQ L1
   L2
    LINENUMBER 367 L2
    NEW org/evosuite/testcarver/wrapper/java/util/Date
    DUP
    LLOAD 2
    INVOKESPECIAL org/evosuite/testcarver/wrapper/java/util/Date.<init> (J)V
    ARETURN
   L1
    LINENUMBER 371 L1
    ALOAD 1
    LDC Ljava/sql/Date;.class
    INVOKEVIRTUAL java/lang/Object.equals (Ljava/lang/Object;)Z
    IFEQ L3
   L4
    LINENUMBER 372 L4
    NEW java/sql/Date
    DUP
    LLOAD 2
    INVOKESPECIAL java/sql/Date.<init> (J)V
    ARETURN
   L3
    LINENUMBER 376 L3
    ALOAD 1
    LDC Ljava/sql/Time;.class
    INVOKEVIRTUAL java/lang/Object.equals (Ljava/lang/Object;)Z
    IFEQ L5
   L6
    LINENUMBER 377 L6
    NEW java/sql/Time
    DUP
    LLOAD 2
    INVOKESPECIAL java/sql/Time.<init> (J)V
    ARETURN
   L5
    LINENUMBER 381 L5
    ALOAD 1
    LDC Ljava/sql/Timestamp;.class
    INVOKEVIRTUAL java/lang/Object.equals (Ljava/lang/Object;)Z
    IFEQ L7
   L8
    LINENUMBER 382 L8
    NEW java/sql/Timestamp
    DUP
    LLOAD 2
    INVOKESPECIAL java/sql/Timestamp.<init> (J)V
    ARETURN
   L7
    LINENUMBER 386 L7
    ALOAD 1
    LDC Ljava/util/Calendar;.class
    INVOKEVIRTUAL java/lang/Object.equals (Ljava/lang/Object;)Z
    IFEQ L9
   L10
    LINENUMBER 387 L10
    ACONST_NULL
    ASTORE 4
   L11
    LINENUMBER 388 L11
    ALOAD 0
    GETFIELD com/examples/with/different/packagename/testcarver/DateTimeConverter.locale : Ljava/util/Locale;
    IFNONNULL L12
    ALOAD 0
    GETFIELD com/examples/with/different/packagename/testcarver/DateTimeConverter.timeZone : Ljava/util/TimeZone;
    IFNONNULL L12
   L13
    LINENUMBER 389 L13
    INVOKESTATIC org/evosuite/testcarver/wrapper/java/util/Calendar.getInstance ()Ljava/util/Calendar;
    ASTORE 4
    GOTO L14
   L12
    LINENUMBER 390 L12
    ALOAD 0
    GETFIELD com/examples/with/different/packagename/testcarver/DateTimeConverter.locale : Ljava/util/Locale;
    IFNONNULL L15
   L16
    LINENUMBER 391 L16
    ALOAD 0
    GETFIELD com/examples/with/different/packagename/testcarver/DateTimeConverter.timeZone : Ljava/util/TimeZone;
    INVOKESTATIC org/evosuite/testcarver/wrapper/java/util/Calendar.getInstance (Ljava/util/TimeZone;)Ljava/util/Calendar;
    ASTORE 4
    GOTO L14
   L15
    LINENUMBER 392 L15
    ALOAD 0
    GETFIELD com/examples/with/different/packagename/testcarver/DateTimeConverter.timeZone : Ljava/util/TimeZone;
    IFNONNULL L17
   L18
    LINENUMBER 393 L18
    ALOAD 0
    GETFIELD com/examples/with/different/packagename/testcarver/DateTimeConverter.locale : Ljava/util/Locale;
    INVOKESTATIC org/evosuite/testcarver/wrapper/java/util/Calendar.getInstance (Ljava/util/Locale;)Ljava/util/Calendar;
    ASTORE 4
    GOTO L14
   L17
    LINENUMBER 395 L17
    ALOAD 0
    GETFIELD com/examples/with/different/packagename/testcarver/DateTimeConverter.timeZone : Ljava/util/TimeZone;
    ALOAD 0
    GETFIELD com/examples/with/different/packagename/testcarver/DateTimeConverter.locale : Ljava/util/Locale;
    INVOKESTATIC org/evosuite/testcarver/wrapper/java/util/Calendar.getInstance (Ljava/util/TimeZone;Ljava/util/Locale;)Ljava/util/Calendar;
    ASTORE 4
   L14
    LINENUMBER 397 L14
    ALOAD 4
    NEW org/evosuite/testcarver/wrapper/java/util/Date
    DUP
    LLOAD 2
    INVOKESPECIAL org/evosuite/testcarver/wrapper/java/util/Date.<init> (J)V
    INVOKESTATIC org/evosuite/testcarver/wrapper/java/util/Calendar.setTime (Ljava/util/Calendar;Ljava/util/Date;)V
   L19
    LINENUMBER 398 L19
    ALOAD 4
    ICONST_0
    INVOKEVIRTUAL java/util/Calendar.setLenient (Z)V
   L20
    LINENUMBER 399 L20
    ALOAD 4
    ARETURN
   L9
    LINENUMBER 402 L9
    NEW java/lang/StringBuilder
    DUP
    INVOKESPECIAL java/lang/StringBuilder.<init> ()V
    ALOAD 0
    ALOAD 0
    INVOKEVIRTUAL java/lang/Object.getClass ()Ljava/lang/Class;
    INVOKEVIRTUAL com/examples/with/different/packagename/testcarver/DateTimeConverter.toString (Ljava/lang/Class;)Ljava/lang/String;
    INVOKEVIRTUAL java/lang/StringBuilder.append (Ljava/lang/String;)Ljava/lang/StringBuilder;
    LDC " cannot handle conversion to '"
    INVOKEVIRTUAL java/lang/StringBuilder.append (Ljava/lang/String;)Ljava/lang/StringBuilder;
    ALOAD 0
    ALOAD 1
   L21
    LINENUMBER 403 L21
    INVOKEVIRTUAL com/examples/with/different/packagename/testcarver/DateTimeConverter.toString (Ljava/lang/Class;)Ljava/lang/String;
    INVOKEVIRTUAL java/lang/StringBuilder.append (Ljava/lang/String;)Ljava/lang/StringBuilder;
    LDC "'"
    INVOKEVIRTUAL java/lang/StringBuilder.append (Ljava/lang/String;)Ljava/lang/StringBuilder;
    INVOKEVIRTUAL java/lang/StringBuilder.toString ()Ljava/lang/String;
    ASTORE 4
   L22
    LINENUMBER 404 L22
    NEW com/examples/with/different/packagename/testcarver/ConversionException
    DUP
    ALOAD 4
    INVOKESPECIAL com/examples/with/different/packagename/testcarver/ConversionException.<init> (Ljava/lang/String;)V
    ATHROW
   L23
    LOCALVARIABLE calendar Ljava/util/Calendar; L11 L9 4
    LOCALVARIABLE this Lcom/examples/with/different/packagename/testcarver/DateTimeConverter; L0 L23 0
    LOCALVARIABLE type Ljava/lang/Class; L0 L23 1
    LOCALVARIABLE value J L0 L23 2
    LOCALVARIABLE msg Ljava/lang/String; L22 L23 4
    MAXSTACK = 5
    MAXLOCALS = 5

  // access flags 0x2
  private toDate(Ljava/lang/Class;Ljava/lang/String;)Ljava/lang/Object;
    TRYCATCHBLOCK L0 L1 L2 java/lang/IllegalArgumentException
    TRYCATCHBLOCK L3 L4 L5 java/lang/IllegalArgumentException
    TRYCATCHBLOCK L6 L7 L8 java/lang/IllegalArgumentException
   L9
    LINENUMBER 427 L9
    ALOAD 1
    LDC Ljava/sql/Date;.class
    INVOKEVIRTUAL java/lang/Object.equals (Ljava/lang/Object;)Z
    IFEQ L10
   L0
    LINENUMBER 429 L0
    ALOAD 2
    INVOKESTATIC java/sql/Date.valueOf (Ljava/lang/String;)Ljava/sql/Date;
   L1
    ARETURN
   L2
    LINENUMBER 430 L2
    ASTORE 3
   L11
    LINENUMBER 431 L11
    NEW com/examples/with/different/packagename/testcarver/ConversionException
    DUP
    LDC "String must be in JDBC format [yyyy-MM-dd] to create a java.sql.Date"
    INVOKESPECIAL com/examples/with/different/packagename/testcarver/ConversionException.<init> (Ljava/lang/String;)V
    ATHROW
   L10
    LINENUMBER 437 L10
    ALOAD 1
    LDC Ljava/sql/Time;.class
    INVOKEVIRTUAL java/lang/Object.equals (Ljava/lang/Object;)Z
    IFEQ L12
   L3
    LINENUMBER 439 L3
    ALOAD 2
    INVOKESTATIC java/sql/Time.valueOf (Ljava/lang/String;)Ljava/sql/Time;
   L4
    ARETURN
   L5
    LINENUMBER 440 L5
    ASTORE 3
   L13
    LINENUMBER 441 L13
    NEW com/examples/with/different/packagename/testcarver/ConversionException
    DUP
    LDC "String must be in JDBC format [HH:mm:ss] to create a java.sql.Time"
    INVOKESPECIAL com/examples/with/different/packagename/testcarver/ConversionException.<init> (Ljava/lang/String;)V
    ATHROW
   L12
    LINENUMBER 447 L12
    ALOAD 1
    LDC Ljava/sql/Timestamp;.class
    INVOKEVIRTUAL java/lang/Object.equals (Ljava/lang/Object;)Z
    IFEQ L14
   L6
    LINENUMBER 449 L6
    ALOAD 2
    INVOKESTATIC java/sql/Timestamp.valueOf (Ljava/lang/String;)Ljava/sql/Timestamp;
   L7
    ARETURN
   L8
    LINENUMBER 450 L8
    ASTORE 3
   L15
    LINENUMBER 451 L15
    NEW com/examples/with/different/packagename/testcarver/ConversionException
    DUP
    LDC "String must be in JDBC format [yyyy-MM-dd HH:mm:ss.fffffffff] to create a java.sql.Timestamp"
    INVOKESPECIAL com/examples/with/different/packagename/testcarver/ConversionException.<init> (Ljava/lang/String;)V
    ATHROW
   L14
    LINENUMBER 457 L14
    NEW java/lang/StringBuilder
    DUP
    INVOKESPECIAL java/lang/StringBuilder.<init> ()V
    ALOAD 0
    ALOAD 0
    INVOKEVIRTUAL java/lang/Object.getClass ()Ljava/lang/Class;
    INVOKEVIRTUAL com/examples/with/different/packagename/testcarver/DateTimeConverter.toString (Ljava/lang/Class;)Ljava/lang/String;
    INVOKEVIRTUAL java/lang/StringBuilder.append (Ljava/lang/String;)Ljava/lang/StringBuilder;
    LDC " does not support default String to '"
    INVOKEVIRTUAL java/lang/StringBuilder.append (Ljava/lang/String;)Ljava/lang/StringBuilder;
    ALOAD 0
    ALOAD 1
   L16
    LINENUMBER 458 L16
    INVOKEVIRTUAL com/examples/with/different/packagename/testcarver/DateTimeConverter.toString (Ljava/lang/Class;)Ljava/lang/String;
    INVOKEVIRTUAL java/lang/StringBuilder.append (Ljava/lang/String;)Ljava/lang/StringBuilder;
    LDC "' conversion."
    INVOKEVIRTUAL java/lang/StringBuilder.append (Ljava/lang/String;)Ljava/lang/StringBuilder;
    INVOKEVIRTUAL java/lang/StringBuilder.toString ()Ljava/lang/String;
    ASTORE 3
   L17
    LINENUMBER 459 L17
    NEW com/examples/with/different/packagename/testcarver/ConversionException
    DUP
    ALOAD 3
    INVOKESPECIAL com/examples/with/different/packagename/testcarver/ConversionException.<init> (Ljava/lang/String;)V
    ATHROW
   L18
    LOCALVARIABLE e Ljava/lang/IllegalArgumentException; L11 L10 3
    LOCALVARIABLE e Ljava/lang/IllegalArgumentException; L13 L12 3
    LOCALVARIABLE e Ljava/lang/IllegalArgumentException; L15 L14 3
    LOCALVARIABLE this Lcom/examples/with/different/packagename/testcarver/DateTimeConverter; L9 L18 0
    LOCALVARIABLE type Ljava/lang/Class; L9 L18 1
    LOCALVARIABLE value Ljava/lang/String; L9 L18 2
    LOCALVARIABLE msg Ljava/lang/String; L17 L18 3
    MAXSTACK = 3
    MAXLOCALS = 4

  // access flags 0x4
  protected getFormat(Ljava/util/Locale;Ljava/util/TimeZone;)Ljava/text/DateFormat;
   L0
    LINENUMBER 470 L0
    ACONST_NULL
    ASTORE 3
   L1
    LINENUMBER 471 L1
    ALOAD 1
    IFNONNULL L2
   L3
    LINENUMBER 472 L3
    ICONST_3
    INVOKESTATIC org/evosuite/testcarver/wrapper/java/text/DateFormat.getDateInstance_final (I)Ljava/text/DateFormat;
    ASTORE 3
    GOTO L4
   L2
    LINENUMBER 474 L2
    ICONST_3
    ALOAD 1
    INVOKESTATIC org/evosuite/testcarver/wrapper/java/text/DateFormat.getDateInstance_final (ILjava/util/Locale;)Ljava/text/DateFormat;
    ASTORE 3
   L4
    LINENUMBER 476 L4
    ALOAD 2
    IFNULL L5
   L6
    LINENUMBER 477 L6
    ALOAD 3
    ALOAD 2
    INVOKEVIRTUAL java/text/DateFormat.setTimeZone (Ljava/util/TimeZone;)V
   L5
    LINENUMBER 479 L5
    ALOAD 3
    ARETURN
   L7
    LOCALVARIABLE this Lcom/examples/with/different/packagename/testcarver/DateTimeConverter; L0 L7 0
    LOCALVARIABLE locale Ljava/util/Locale; L0 L7 1
    LOCALVARIABLE timeZone Ljava/util/TimeZone; L0 L7 2
    LOCALVARIABLE format Ljava/text/DateFormat; L1 L7 3
    MAXSTACK = 2
    MAXLOCALS = 4

  // access flags 0x2
  private getFormat(Ljava/lang/String;)Ljava/text/DateFormat;
   L0
    LINENUMBER 489 L0
    NEW org/evosuite/testcarver/wrapper/java/text/SimpleDateFormat
    DUP
    ALOAD 1
    INVOKESPECIAL org/evosuite/testcarver/wrapper/java/text/SimpleDateFormat.<init> (Ljava/lang/String;)V
    ASTORE 2
   L1
    LINENUMBER 490 L1
    ALOAD 0
    GETFIELD com/examples/with/different/packagename/testcarver/DateTimeConverter.timeZone : Ljava/util/TimeZone;
    IFNULL L2
   L3
    LINENUMBER 491 L3
    ALOAD 2
    ALOAD 0
    GETFIELD com/examples/with/different/packagename/testcarver/DateTimeConverter.timeZone : Ljava/util/TimeZone;
    INVOKEVIRTUAL java/text/DateFormat.setTimeZone (Ljava/util/TimeZone;)V
   L2
    LINENUMBER 493 L2
    ALOAD 2
    ARETURN
   L4
    LOCALVARIABLE this Lcom/examples/with/different/packagename/testcarver/DateTimeConverter; L0 L4 0
    LOCALVARIABLE pattern Ljava/lang/String; L0 L4 1
    LOCALVARIABLE format Ljava/text/DateFormat; L1 L4 2
    MAXSTACK = 3
    MAXLOCALS = 3

  // access flags 0x2
  private parse(Ljava/lang/Class;Ljava/lang/Class;Ljava/lang/String;)Ljava/util/Calendar; throws java/lang/Exception
    TRYCATCHBLOCK L0 L1 L2 java/lang/Exception
   L3
    LINENUMBER 506 L3
    ACONST_NULL
    ASTORE 4
   L4
    LINENUMBER 507 L4
    ICONST_0
    ISTORE 5
   L5
    ILOAD 5
    ALOAD 0
    GETFIELD com/examples/with/different/packagename/testcarver/DateTimeConverter.patterns : [Ljava/lang/String;
    ARRAYLENGTH
    IF_ICMPGE L6
   L0
    LINENUMBER 509 L0
    ALOAD 0
    ALOAD 0
    GETFIELD com/examples/with/different/packagename/testcarver/DateTimeConverter.patterns : [Ljava/lang/String;
    ILOAD 5
    AALOAD
    INVOKESPECIAL com/examples/with/different/packagename/testcarver/DateTimeConverter.getFormat (Ljava/lang/String;)Ljava/text/DateFormat;
    ASTORE 6
   L7
    LINENUMBER 510 L7
    ALOAD 0
    ALOAD 1
    ALOAD 2
    ALOAD 3
    ALOAD 6
    INVOKESPECIAL com/examples/with/different/packagename/testcarver/DateTimeConverter.parse (Ljava/lang/Class;Ljava/lang/Class;Ljava/lang/String;Ljava/text/DateFormat;)Ljava/util/Calendar;
    ASTORE 7
   L8
    LINENUMBER 511 L8
    ALOAD 7
   L1
    ARETURN
   L2
    LINENUMBER 512 L2
    ASTORE 6
   L9
    LINENUMBER 513 L9
    ALOAD 4
    IFNONNULL L10
   L11
    LINENUMBER 514 L11
    ALOAD 6
    ASTORE 4
   L10
    LINENUMBER 507 L10
    IINC 5 1
    GOTO L5
   L6
    LINENUMBER 518 L6
    ALOAD 0
    GETFIELD com/examples/with/different/packagename/testcarver/DateTimeConverter.patterns : [Ljava/lang/String;
    ARRAYLENGTH
    ICONST_1
    IF_ICMPLE L12
   L13
    LINENUMBER 519 L13
    NEW com/examples/with/different/packagename/testcarver/ConversionException
    DUP
    NEW java/lang/StringBuilder
    DUP
    INVOKESPECIAL java/lang/StringBuilder.<init> ()V
    LDC "Error converting '"
    INVOKEVIRTUAL java/lang/StringBuilder.append (Ljava/lang/String;)Ljava/lang/StringBuilder;
    ALOAD 0
    ALOAD 1
    INVOKEVIRTUAL com/examples/with/different/packagename/testcarver/DateTimeConverter.toString (Ljava/lang/Class;)Ljava/lang/String;
    INVOKEVIRTUAL java/lang/StringBuilder.append (Ljava/lang/String;)Ljava/lang/StringBuilder;
    LDC "' to '"
    INVOKEVIRTUAL java/lang/StringBuilder.append (Ljava/lang/String;)Ljava/lang/StringBuilder;
    ALOAD 0
    ALOAD 2
    INVOKEVIRTUAL com/examples/with/different/packagename/testcarver/DateTimeConverter.toString (Ljava/lang/Class;)Ljava/lang/String;
    INVOKEVIRTUAL java/lang/StringBuilder.append (Ljava/lang/String;)Ljava/lang/StringBuilder;
    LDC "' using  patterns '"
    INVOKEVIRTUAL java/lang/StringBuilder.append (Ljava/lang/String;)Ljava/lang/StringBuilder;
    ALOAD 0
    GETFIELD com/examples/with/different/packagename/testcarver/DateTimeConverter.displayPatterns : Ljava/lang/String;
    INVOKEVIRTUAL java/lang/StringBuilder.append (Ljava/lang/String;)Ljava/lang/StringBuilder;
    LDC "'"
    INVOKEVIRTUAL java/lang/StringBuilder.append (Ljava/lang/String;)Ljava/lang/StringBuilder;
    INVOKEVIRTUAL java/lang/StringBuilder.toString ()Ljava/lang/String;
    INVOKESPECIAL com/examples/with/different/packagename/testcarver/ConversionException.<init> (Ljava/lang/String;)V
    ATHROW
   L12
    LINENUMBER 522 L12
    ALOAD 4
    ATHROW
   L14
    LOCALVARIABLE format Ljava/text/DateFormat; L7 L2 6
    LOCALVARIABLE calendar Ljava/util/Calendar; L8 L2 7
    LOCALVARIABLE ex Ljava/lang/Exception; L9 L10 6
    LOCALVARIABLE i I L5 L6 5
    LOCALVARIABLE this Lcom/examples/with/different/packagename/testcarver/DateTimeConverter; L3 L14 0
    LOCALVARIABLE sourceType Ljava/lang/Class; L3 L14 1
    LOCALVARIABLE targetType Ljava/lang/Class; L3 L14 2
    LOCALVARIABLE value Ljava/lang/String; L3 L14 3
    LOCALVARIABLE firstEx Ljava/lang/Exception; L4 L14 4
    MAXSTACK = 5
    MAXLOCALS = 8

  // access flags 0x2
  private parse(Ljava/lang/Class;Ljava/lang/Class;Ljava/lang/String;Ljava/text/DateFormat;)Ljava/util/Calendar;
   L0
    LINENUMBER 538 L0
    ALOAD 0
    LDC "Parsing"
    ALOAD 4
    INVOKESPECIAL com/examples/with/different/packagename/testcarver/DateTimeConverter.logFormat (Ljava/lang/String;Ljava/text/DateFormat;)V
   L1
    LINENUMBER 539 L1
    ALOAD 4
    ICONST_0
    INVOKEVIRTUAL java/text/DateFormat.setLenient (Z)V
   L2
    LINENUMBER 540 L2
    NEW java/text/ParsePosition
    DUP
    ICONST_0
    INVOKESPECIAL java/text/ParsePosition.<init> (I)V
    ASTORE 5
   L3
    LINENUMBER 541 L3
    ALOAD 4
    ALOAD 3
    ALOAD 5
    INVOKEVIRTUAL java/text/DateFormat.parse (Ljava/lang/String;Ljava/text/ParsePosition;)Ljava/util/Date;
    ASTORE 6
   L4
    LINENUMBER 542 L4
    ALOAD 5
    INVOKEVIRTUAL java/text/ParsePosition.getErrorIndex ()I
    IFGE L5
    ALOAD 5
    INVOKEVIRTUAL java/text/ParsePosition.getIndex ()I
    ALOAD 3
    INVOKEVIRTUAL java/lang/String.length ()I
    IF_ICMPNE L5
    ALOAD 6
    IFNONNULL L6
   L5
    LINENUMBER 543 L5
    NEW java/lang/StringBuilder
    DUP
    INVOKESPECIAL java/lang/StringBuilder.<init> ()V
    LDC "Error converting '"
    INVOKEVIRTUAL java/lang/StringBuilder.append (Ljava/lang/String;)Ljava/lang/StringBuilder;
    ALOAD 0
    ALOAD 1
    INVOKEVIRTUAL com/examples/with/different/packagename/testcarver/DateTimeConverter.toString (Ljava/lang/Class;)Ljava/lang/String;
    INVOKEVIRTUAL java/lang/StringBuilder.append (Ljava/lang/String;)Ljava/lang/StringBuilder;
    LDC "' to '"
    INVOKEVIRTUAL java/lang/StringBuilder.append (Ljava/lang/String;)Ljava/lang/StringBuilder;
    ALOAD 0
    ALOAD 2
    INVOKEVIRTUAL com/examples/with/different/packagename/testcarver/DateTimeConverter.toString (Ljava/lang/Class;)Ljava/lang/String;
    INVOKEVIRTUAL java/lang/StringBuilder.append (Ljava/lang/String;)Ljava/lang/StringBuilder;
    LDC "'"
    INVOKEVIRTUAL java/lang/StringBuilder.append (Ljava/lang/String;)Ljava/lang/StringBuilder;
    INVOKEVIRTUAL java/lang/StringBuilder.toString ()Ljava/lang/String;
    ASTORE 7
   L7
    LINENUMBER 544 L7
    ALOAD 4
    INSTANCEOF java/text/SimpleDateFormat
    IFEQ L8
   L9
    LINENUMBER 545 L9
    NEW java/lang/StringBuilder
    DUP
    INVOKESPECIAL java/lang/StringBuilder.<init> ()V
    ALOAD 7
    INVOKEVIRTUAL java/lang/StringBuilder.append (Ljava/lang/String;)Ljava/lang/StringBuilder;
    LDC " using pattern '"
    INVOKEVIRTUAL java/lang/StringBuilder.append (Ljava/lang/String;)Ljava/lang/StringBuilder;
    ALOAD 4
    CHECKCAST org/evosuite/testcarver/wrapper/java/text/SimpleDateFormat
    INVOKEVIRTUAL java/text/SimpleDateFormat.toPattern ()Ljava/lang/String;
    INVOKEVIRTUAL java/lang/StringBuilder.append (Ljava/lang/String;)Ljava/lang/StringBuilder;
    LDC "'"
    INVOKEVIRTUAL java/lang/StringBuilder.append (Ljava/lang/String;)Ljava/lang/StringBuilder;
    INVOKEVIRTUAL java/lang/StringBuilder.toString ()Ljava/lang/String;
    ASTORE 7
   L8
    LINENUMBER 547 L8
    NEW com/examples/with/different/packagename/testcarver/ConversionException
    DUP
    ALOAD 7
    INVOKESPECIAL com/examples/with/different/packagename/testcarver/ConversionException.<init> (Ljava/lang/String;)V
    ATHROW
   L6
    LINENUMBER 549 L6
    ALOAD 4
    INVOKEVIRTUAL java/text/DateFormat.getCalendar ()Ljava/util/Calendar;
    ASTORE 7
   L10
    LINENUMBER 550 L10
    ALOAD 7
    ARETURN
   L11
    LOCALVARIABLE msg Ljava/lang/String; L7 L6 7
    LOCALVARIABLE this Lcom/examples/with/different/packagename/testcarver/DateTimeConverter; L0 L11 0
    LOCALVARIABLE sourceType Ljava/lang/Class; L0 L11 1
    LOCALVARIABLE targetType Ljava/lang/Class; L0 L11 2
    LOCALVARIABLE value Ljava/lang/String; L0 L11 3
    LOCALVARIABLE format Ljava/text/DateFormat; L0 L11 4
    LOCALVARIABLE pos Ljava/text/ParsePosition; L3 L11 5
    LOCALVARIABLE parsedDate Ljava/util/Date; L4 L11 6
    LOCALVARIABLE calendar Ljava/util/Calendar; L10 L11 7
    MAXSTACK = 3
    MAXLOCALS = 8

  // access flags 0x2
  private _sw_prototype_original_toString()Ljava/lang/String;
   L0
    LINENUMBER 559 L0
    NEW java/lang/StringBuffer
    DUP
    INVOKESPECIAL java/lang/StringBuffer.<init> ()V
    ASTORE 1
   L1
    LINENUMBER 560 L1
    ALOAD 1
    ALOAD 0
    ALOAD 0
    INVOKEVIRTUAL java/lang/Object.getClass ()Ljava/lang/Class;
    INVOKEVIRTUAL com/examples/with/different/packagename/testcarver/DateTimeConverter.toString (Ljava/lang/Class;)Ljava/lang/String;
    INVOKEVIRTUAL java/lang/StringBuffer.append (Ljava/lang/String;)Ljava/lang/StringBuffer;
    POP
   L2
    LINENUMBER 561 L2
    ALOAD 1
    LDC "[UseDefault="
    INVOKEVIRTUAL java/lang/StringBuffer.append (Ljava/lang/String;)Ljava/lang/StringBuffer;
    POP
   L3
    LINENUMBER 562 L3
    ALOAD 1
    ALOAD 0
    INVOKEVIRTUAL com/examples/with/different/packagename/testcarver/DateTimeConverter.isUseDefault ()Z
    INVOKEVIRTUAL java/lang/StringBuffer.append (Z)Ljava/lang/StringBuffer;
    POP
   L4
    LINENUMBER 563 L4
    ALOAD 1
    LDC ", UseLocaleFormat="
    INVOKEVIRTUAL java/lang/StringBuffer.append (Ljava/lang/String;)Ljava/lang/StringBuffer;
    POP
   L5
    LINENUMBER 564 L5
    ALOAD 1
    ALOAD 0
    DUP
    GETFIELD com/examples/with/different/packagename/testcarver/DateTimeConverter.useLocaleFormat : Z
    SWAP
    LDC -2147483539
    LDC "com/examples/with/different/packagename/testcarver/DateTimeConverter"
    LDC "useLocaleFormat"
    LDC "Z"
    INVOKESTATIC org/evosuite/testcarver/capture/FieldRegistry.notifyReadAccess (Ljava/lang/Object;ILjava/lang/String;Ljava/lang/String;Ljava/lang/String;)V
    INVOKEVIRTUAL java/lang/StringBuffer.append (Z)Ljava/lang/StringBuffer;
    POP
   L6
    LINENUMBER 565 L6
    ALOAD 0
    DUP
    GETFIELD com/examples/with/different/packagename/testcarver/DateTimeConverter.displayPatterns : Ljava/lang/String;
    SWAP
    LDC -2147483538
    LDC "com/examples/with/different/packagename/testcarver/DateTimeConverter"
    LDC "displayPatterns"
    LDC "Ljava/lang/String;"
    INVOKESTATIC org/evosuite/testcarver/capture/FieldRegistry.notifyReadAccess (Ljava/lang/Object;ILjava/lang/String;Ljava/lang/String;Ljava/lang/String;)V
    IFNULL L7
   L8
    LINENUMBER 566 L8
    ALOAD 1
    LDC ", Patterns={"
    INVOKEVIRTUAL java/lang/StringBuffer.append (Ljava/lang/String;)Ljava/lang/StringBuffer;
    POP
   L9
    LINENUMBER 567 L9
    ALOAD 1
    ALOAD 0
    DUP
    GETFIELD com/examples/with/different/packagename/testcarver/DateTimeConverter.displayPatterns : Ljava/lang/String;
    SWAP
    LDC -2147483537
    LDC "com/examples/with/different/packagename/testcarver/DateTimeConverter"
    LDC "displayPatterns"
    LDC "Ljava/lang/String;"
    INVOKESTATIC org/evosuite/testcarver/capture/FieldRegistry.notifyReadAccess (Ljava/lang/Object;ILjava/lang/String;Ljava/lang/String;Ljava/lang/String;)V
    INVOKEVIRTUAL java/lang/StringBuffer.append (Ljava/lang/String;)Ljava/lang/StringBuffer;
    POP
   L10
    LINENUMBER 568 L10
    ALOAD 1
    BIPUSH 125
    INVOKEVIRTUAL java/lang/StringBuffer.append (C)Ljava/lang/StringBuffer;
    POP
   L7
    LINENUMBER 570 L7
    ALOAD 0
    DUP
    GETFIELD com/examples/with/different/packagename/testcarver/DateTimeConverter.locale : Ljava/util/Locale;
    SWAP
    LDC -2147483536
    LDC "com/examples/with/different/packagename/testcarver/DateTimeConverter"
    LDC "locale"
    LDC "Ljava/util/Locale;"
    INVOKESTATIC org/evosuite/testcarver/capture/FieldRegistry.notifyReadAccess (Ljava/lang/Object;ILjava/lang/String;Ljava/lang/String;Ljava/lang/String;)V
    IFNULL L11
   L12
    LINENUMBER 571 L12
    ALOAD 1
    LDC ", Locale="
    INVOKEVIRTUAL java/lang/StringBuffer.append (Ljava/lang/String;)Ljava/lang/StringBuffer;
    POP
   L13
    LINENUMBER 572 L13
    ALOAD 1
    ALOAD 0
    DUP
    GETFIELD com/examples/with/different/packagename/testcarver/DateTimeConverter.locale : Ljava/util/Locale;
    SWAP
    LDC -2147483535
    LDC "com/examples/with/different/packagename/testcarver/DateTimeConverter"
    LDC "locale"
    LDC "Ljava/util/Locale;"
    INVOKESTATIC org/evosuite/testcarver/capture/FieldRegistry.notifyReadAccess (Ljava/lang/Object;ILjava/lang/String;Ljava/lang/String;Ljava/lang/String;)V
    INVOKEVIRTUAL java/lang/StringBuffer.append (Ljava/lang/Object;)Ljava/lang/StringBuffer;
    POP
   L11
    LINENUMBER 574 L11
    ALOAD 0
    DUP
    GETFIELD com/examples/with/different/packagename/testcarver/DateTimeConverter.timeZone : Ljava/util/TimeZone;
    SWAP
    LDC -2147483534
    LDC "com/examples/with/different/packagename/testcarver/DateTimeConverter"
    LDC "timeZone"
    LDC "Ljava/util/TimeZone;"
    INVOKESTATIC org/evosuite/testcarver/capture/FieldRegistry.notifyReadAccess (Ljava/lang/Object;ILjava/lang/String;Ljava/lang/String;Ljava/lang/String;)V
    IFNULL L14
   L15
    LINENUMBER 575 L15
    ALOAD 1
    LDC ", TimeZone="
    INVOKEVIRTUAL java/lang/StringBuffer.append (Ljava/lang/String;)Ljava/lang/StringBuffer;
    POP
   L16
    LINENUMBER 576 L16
    ALOAD 1
    ALOAD 0
    DUP
    GETFIELD com/examples/with/different/packagename/testcarver/DateTimeConverter.timeZone : Ljava/util/TimeZone;
    SWAP
    LDC -2147483533
    LDC "com/examples/with/different/packagename/testcarver/DateTimeConverter"
    LDC "timeZone"
    LDC "Ljava/util/TimeZone;"
    INVOKESTATIC org/evosuite/testcarver/capture/FieldRegistry.notifyReadAccess (Ljava/lang/Object;ILjava/lang/String;Ljava/lang/String;Ljava/lang/String;)V
    INVOKEVIRTUAL java/lang/StringBuffer.append (Ljava/lang/Object;)Ljava/lang/StringBuffer;
    POP
   L14
    LINENUMBER 578 L14
    ALOAD 1
    BIPUSH 93
    INVOKEVIRTUAL java/lang/StringBuffer.append (C)Ljava/lang/StringBuffer;
    POP
   L17
    LINENUMBER 579 L17
    ALOAD 1
    INVOKEVIRTUAL java/lang/StringBuffer.toString ()Ljava/lang/String;
    ARETURN
   L18
    LOCALVARIABLE this Lcom/examples/with/different/packagename/testcarver/DateTimeConverter; L0 L18 0
    LOCALVARIABLE buffer Ljava/lang/StringBuffer; L1 L18 1
    MAXSTACK = 7
    MAXLOCALS = 2

  // access flags 0x2
  private logFormat(Ljava/lang/String;Ljava/text/DateFormat;)V
   L0
    LINENUMBER 590 L0
    RETURN
   L1
    LOCALVARIABLE this Lcom/examples/with/different/packagename/testcarver/DateTimeConverter; L0 L1 0
    LOCALVARIABLE action Ljava/lang/String; L0 L1 1
    LOCALVARIABLE format Ljava/text/DateFormat; L0 L1 2
    MAXSTACK = 0
    MAXLOCALS = 3

  // access flags 0x1
  public setUseLocaleFormat(Z)V
    TRYCATCHBLOCK L0 L1 L1 java/lang/Throwable
   L0
    LDC -2147483558
    ALOAD 0
    LDC "setUseLocaleFormat"
    LDC "(Z)V"
    BIPUSH 1
    ANEWARRAY java/lang/Object
    DUP
    BIPUSH 0
    ILOAD 1
    INVOKESTATIC java/lang/Boolean.valueOf (Z)Ljava/lang/Boolean;
    AASTORE
    INVOKESTATIC org/evosuite/testcarver/capture/Capturer.capture (ILjava/lang/Object;Ljava/lang/String;Ljava/lang/String;[Ljava/lang/Object;)V
    ALOAD 0
    ILOAD 1
    INVOKEVIRTUAL com/examples/with/different/packagename/testcarver/DateTimeConverter._sw_prototype_original_setUseLocaleFormat (Z)V
    GOTO L2
   L1
   FRAME SAME1 java/lang/Throwable
    ASTORE 2
    LDC -2147483558
    ALOAD 0
    GETSTATIC org/evosuite/testcarver/capture/CaptureLog.RETURN_TYPE_VOID : Ljava/lang/Object;
    INVOKESTATIC org/evosuite/testcarver/capture/Capturer.enable (ILjava/lang/Object;Ljava/lang/Object;)V
    ALOAD 2
    ATHROW
   L2
   FRAME SAME
    LDC -2147483558
    ALOAD 0
    GETSTATIC org/evosuite/testcarver/capture/CaptureLog.RETURN_TYPE_VOID : Ljava/lang/Object;
    INVOKESTATIC org/evosuite/testcarver/capture/Capturer.enable (ILjava/lang/Object;Ljava/lang/Object;)V
    RETURN
    MAXSTACK = 6
    MAXLOCALS = 0

  // access flags 0x1
  public getTimeZone()Ljava/util/TimeZone;
    TRYCATCHBLOCK L0 L1 L2 java/lang/Throwable
    ACONST_NULL
    ASTORE 1
   L0
    LDC -2147483556
    ALOAD 0
    LDC "getTimeZone"
    LDC "()Ljava/util/TimeZone;"
    BIPUSH 0
    ANEWARRAY java/lang/Object
    INVOKESTATIC org/evosuite/testcarver/capture/Capturer.capture (ILjava/lang/Object;Ljava/lang/String;Ljava/lang/String;[Ljava/lang/Object;)V
    ALOAD 0
    INVOKEVIRTUAL com/examples/with/different/packagename/testcarver/DateTimeConverter._sw_prototype_original_getTimeZone ()Ljava/util/TimeZone;
    ASTORE 1
    ALOAD 1
    ASTORE 3
   L1
    LDC -2147483556
    ALOAD 0
    ALOAD 1
    INVOKESTATIC org/evosuite/testcarver/capture/Capturer.enable (ILjava/lang/Object;Ljava/lang/Object;)V
    ALOAD 3
    ARETURN
   L2
   FRAME FULL [com/examples/with/different/packagename/testcarver/DateTimeConverter java/util/TimeZone] [java/lang/Throwable]
    ASTORE 2
    LDC -2147483556
    ALOAD 0
    ALOAD 1
    INVOKESTATIC org/evosuite/testcarver/capture/Capturer.enable (ILjava/lang/Object;Ljava/lang/Object;)V
    ALOAD 2
    ATHROW
    MAXSTACK = 5
    MAXLOCALS = 0

  // access flags 0x1
  public setTimeZone(Ljava/util/TimeZone;)V
    TRYCATCHBLOCK L0 L1 L1 java/lang/Throwable
   L0
    LDC -2147483553
    ALOAD 0
    LDC "setTimeZone"
    LDC "(Ljava/util/TimeZone;)V"
    BIPUSH 1
    ANEWARRAY java/lang/Object
    DUP
    BIPUSH 0
    ALOAD 1
    AASTORE
    INVOKESTATIC org/evosuite/testcarver/capture/Capturer.capture (ILjava/lang/Object;Ljava/lang/String;Ljava/lang/String;[Ljava/lang/Object;)V
    ALOAD 0
    ALOAD 1
    INVOKEVIRTUAL com/examples/with/different/packagename/testcarver/DateTimeConverter._sw_prototype_original_setTimeZone (Ljava/util/TimeZone;)V
    GOTO L2
   L1
   FRAME SAME1 java/lang/Throwable
    ASTORE 2
    LDC -2147483553
    ALOAD 0
    GETSTATIC org/evosuite/testcarver/capture/CaptureLog.RETURN_TYPE_VOID : Ljava/lang/Object;
    INVOKESTATIC org/evosuite/testcarver/capture/Capturer.enable (ILjava/lang/Object;Ljava/lang/Object;)V
    ALOAD 2
    ATHROW
   L2
   FRAME SAME
    LDC -2147483553
    ALOAD 0
    GETSTATIC org/evosuite/testcarver/capture/CaptureLog.RETURN_TYPE_VOID : Ljava/lang/Object;
    INVOKESTATIC org/evosuite/testcarver/capture/Capturer.enable (ILjava/lang/Object;Ljava/lang/Object;)V
    RETURN
    MAXSTACK = 6
    MAXLOCALS = 0

  // access flags 0x1
  public getLocale()Ljava/util/Locale;
    TRYCATCHBLOCK L0 L1 L2 java/lang/Throwable
    ACONST_NULL
    ASTORE 1
   L0
    LDC -2147483551
    ALOAD 0
    LDC "getLocale"
    LDC "()Ljava/util/Locale;"
    BIPUSH 0
    ANEWARRAY java/lang/Object
    INVOKESTATIC org/evosuite/testcarver/capture/Capturer.capture (ILjava/lang/Object;Ljava/lang/String;Ljava/lang/String;[Ljava/lang/Object;)V
    ALOAD 0
    INVOKEVIRTUAL com/examples/with/different/packagename/testcarver/DateTimeConverter._sw_prototype_original_getLocale ()Ljava/util/Locale;
    ASTORE 1
    ALOAD 1
    ASTORE 3
   L1
    LDC -2147483551
    ALOAD 0
    ALOAD 1
    INVOKESTATIC org/evosuite/testcarver/capture/Capturer.enable (ILjava/lang/Object;Ljava/lang/Object;)V
    ALOAD 3
    ARETURN
   L2
   FRAME FULL [com/examples/with/different/packagename/testcarver/DateTimeConverter java/util/Locale] [java/lang/Throwable]
    ASTORE 2
    LDC -2147483551
    ALOAD 0
    ALOAD 1
    INVOKESTATIC org/evosuite/testcarver/capture/Capturer.enable (ILjava/lang/Object;Ljava/lang/Object;)V
    ALOAD 2
    ATHROW
    MAXSTACK = 5
    MAXLOCALS = 0

  // access flags 0x1
  public setLocale(Ljava/util/Locale;)V
    TRYCATCHBLOCK L0 L1 L1 java/lang/Throwable
   L0
    LDC -2147483548
    ALOAD 0
    LDC "setLocale"
    LDC "(Ljava/util/Locale;)V"
    BIPUSH 1
    ANEWARRAY java/lang/Object
    DUP
    BIPUSH 0
    ALOAD 1
    AASTORE
    INVOKESTATIC org/evosuite/testcarver/capture/Capturer.capture (ILjava/lang/Object;Ljava/lang/String;Ljava/lang/String;[Ljava/lang/Object;)V
    ALOAD 0
    ALOAD 1
    INVOKEVIRTUAL com/examples/with/different/packagename/testcarver/DateTimeConverter._sw_prototype_original_setLocale (Ljava/util/Locale;)V
    GOTO L2
   L1
   FRAME SAME1 java/lang/Throwable
    ASTORE 2
    LDC -2147483548
    ALOAD 0
    GETSTATIC org/evosuite/testcarver/capture/CaptureLog.RETURN_TYPE_VOID : Ljava/lang/Object;
    INVOKESTATIC org/evosuite/testcarver/capture/Capturer.enable (ILjava/lang/Object;Ljava/lang/Object;)V
    ALOAD 2
    ATHROW
   L2
   FRAME SAME
    LDC -2147483548
    ALOAD 0
    GETSTATIC org/evosuite/testcarver/capture/CaptureLog.RETURN_TYPE_VOID : Ljava/lang/Object;
    INVOKESTATIC org/evosuite/testcarver/capture/Capturer.enable (ILjava/lang/Object;Ljava/lang/Object;)V
    RETURN
    MAXSTACK = 6
    MAXLOCALS = 0

  // access flags 0x1
  public setPattern(Ljava/lang/String;)V
    TRYCATCHBLOCK L0 L1 L1 java/lang/Throwable
   L0
    LDC -2147483547
    ALOAD 0
    LDC "setPattern"
    LDC "(Ljava/lang/String;)V"
    BIPUSH 1
    ANEWARRAY java/lang/Object
    DUP
    BIPUSH 0
    ALOAD 1
    AASTORE
    INVOKESTATIC org/evosuite/testcarver/capture/Capturer.capture (ILjava/lang/Object;Ljava/lang/String;Ljava/lang/String;[Ljava/lang/Object;)V
    ALOAD 0
    ALOAD 1
    INVOKEVIRTUAL com/examples/with/different/packagename/testcarver/DateTimeConverter._sw_prototype_original_setPattern (Ljava/lang/String;)V
    GOTO L2
   L1
   FRAME SAME1 java/lang/Throwable
    ASTORE 2
    LDC -2147483547
    ALOAD 0
    GETSTATIC org/evosuite/testcarver/capture/CaptureLog.RETURN_TYPE_VOID : Ljava/lang/Object;
    INVOKESTATIC org/evosuite/testcarver/capture/Capturer.enable (ILjava/lang/Object;Ljava/lang/Object;)V
    ALOAD 2
    ATHROW
   L2
   FRAME SAME
    LDC -2147483547
    ALOAD 0
    GETSTATIC org/evosuite/testcarver/capture/CaptureLog.RETURN_TYPE_VOID : Ljava/lang/Object;
    INVOKESTATIC org/evosuite/testcarver/capture/Capturer.enable (ILjava/lang/Object;Ljava/lang/Object;)V
    RETURN
    MAXSTACK = 9
    MAXLOCALS = 0

  // access flags 0x1
  public getPatterns()[Ljava/lang/String;
    TRYCATCHBLOCK L0 L1 L2 java/lang/Throwable
    ACONST_NULL
    ASTORE 1
   L0
    LDC -2147483545
    ALOAD 0
    LDC "getPatterns"
    LDC "()[Ljava/lang/String;"
    BIPUSH 0
    ANEWARRAY java/lang/Object
    INVOKESTATIC org/evosuite/testcarver/capture/Capturer.capture (ILjava/lang/Object;Ljava/lang/String;Ljava/lang/String;[Ljava/lang/Object;)V
    ALOAD 0
    INVOKEVIRTUAL com/examples/with/different/packagename/testcarver/DateTimeConverter._sw_prototype_original_getPatterns ()[Ljava/lang/String;
    ASTORE 1
    ALOAD 1
    ASTORE 3
   L1
    LDC -2147483545
    ALOAD 0
    ALOAD 1
    INVOKESTATIC org/evosuite/testcarver/capture/Capturer.enable (ILjava/lang/Object;Ljava/lang/Object;)V
    ALOAD 3
    ARETURN
   L2
   FRAME FULL [com/examples/with/different/packagename/testcarver/DateTimeConverter [Ljava/lang/String;] [java/lang/Throwable]
    ASTORE 2
    LDC -2147483545
    ALOAD 0
    ALOAD 1
    INVOKESTATIC org/evosuite/testcarver/capture/Capturer.enable (ILjava/lang/Object;Ljava/lang/Object;)V
    ALOAD 2
    ATHROW
    MAXSTACK = 5
    MAXLOCALS = 0

  // access flags 0x1
  public setPatterns([Ljava/lang/String;)V
    TRYCATCHBLOCK L0 L1 L1 java/lang/Throwable
   L0
    LDC -2147483540
    ALOAD 0
    LDC "setPatterns"
    LDC "([Ljava/lang/String;)V"
    BIPUSH 1
    ANEWARRAY java/lang/Object
    DUP
    BIPUSH 0
    ALOAD 1
    AASTORE
    INVOKESTATIC org/evosuite/testcarver/capture/Capturer.capture (ILjava/lang/Object;Ljava/lang/String;Ljava/lang/String;[Ljava/lang/Object;)V
    ALOAD 0
    ALOAD 1
    INVOKEVIRTUAL com/examples/with/different/packagename/testcarver/DateTimeConverter._sw_prototype_original_setPatterns ([Ljava/lang/String;)V
    GOTO L2
   L1
   FRAME SAME1 java/lang/Throwable
    ASTORE 2
    LDC -2147483540
    ALOAD 0
    GETSTATIC org/evosuite/testcarver/capture/CaptureLog.RETURN_TYPE_VOID : Ljava/lang/Object;
    INVOKESTATIC org/evosuite/testcarver/capture/Capturer.enable (ILjava/lang/Object;Ljava/lang/Object;)V
    ALOAD 2
    ATHROW
   L2
   FRAME SAME
    LDC -2147483540
    ALOAD 0
    GETSTATIC org/evosuite/testcarver/capture/CaptureLog.RETURN_TYPE_VOID : Ljava/lang/Object;
    INVOKESTATIC org/evosuite/testcarver/capture/Capturer.enable (ILjava/lang/Object;Ljava/lang/Object;)V
    RETURN
    MAXSTACK = 7
    MAXLOCALS = 0

  // access flags 0x1
  public toString()Ljava/lang/String;
    TRYCATCHBLOCK L0 L1 L2 java/lang/Throwable
    ACONST_NULL
    ASTORE 1
   L0
    LDC -2147483532
    ALOAD 0
    LDC "toString"
    LDC "()Ljava/lang/String;"
    BIPUSH 0
    ANEWARRAY java/lang/Object
    INVOKESTATIC org/evosuite/testcarver/capture/Capturer.capture (ILjava/lang/Object;Ljava/lang/String;Ljava/lang/String;[Ljava/lang/Object;)V
    ALOAD 0
    INVOKEVIRTUAL com/examples/with/different/packagename/testcarver/DateTimeConverter._sw_prototype_original_toString ()Ljava/lang/String;
    ASTORE 1
    ALOAD 1
    ASTORE 3
   L1
    LDC -2147483532
    ALOAD 0
    ALOAD 1
    INVOKESTATIC org/evosuite/testcarver/capture/Capturer.enable (ILjava/lang/Object;Ljava/lang/Object;)V
    ALOAD 3
    ARETURN
   L2
   FRAME FULL [com/examples/with/different/packagename/testcarver/DateTimeConverter java/lang/String] [java/lang/Throwable]
    ASTORE 2
    LDC -2147483532
    ALOAD 0
    ALOAD 1
    INVOKESTATIC org/evosuite/testcarver/capture/Capturer.enable (ILjava/lang/Object;Ljava/lang/Object;)V
    ALOAD 2
    ATHROW
    MAXSTACK = 7
    MAXLOCALS = 0
}
INFO  org.evosuite.testcarver.extraction.CarvingClassLoader - Keeping class: com.examples.with.different.packagename.testcarver.DateTimeConverter
INFO  org.evosuite.testcarver.extraction.CarvingClassLoader - Keeping class: com.examples.with.different.packagename.testcarver.DateConverter
INFO  org.evosuite.testcarver.capture.Capturer - Stopping Capturer...
INFO  org.evosuite.testcarver.capture.Capturer - Capturer has been stopped successfully
INFO  evo_logger -  - Carving test com.examples.with.different.packagename.testcarver.ArrayConverterTestCase.testErrors
INFO  org.evosuite.instrumentation.InstrumentingClassLoader - Seeing class for first time: com.examples.with.different.packagename.testcarver.DateConverter
INFO  org.evosuite.instrumentation.BytecodeInstrumentation - Starting transformation of com/examples/with/different/packagename/testcarver/DateConverter
INFO  org.evosuite.runtime.instrumentation.MethodCallReplacementClassAdapter - Adding mock interface to class com/examples/with/different/packagename/testcarver/DateConverter
INFO  org.evosuite.runtime.instrumentation.CreateClassResetClassAdapter - Creating brand-new static initializer in class com/examples/with/different/packagename/testcarver/DateConverter
INFO  org.evosuite.instrumentation.InstrumentingClassLoader - Seeing class for first time: com.examples.with.different.packagename.testcarver.DateTimeConverter
INFO  org.evosuite.instrumentation.BytecodeInstrumentation - Starting transformation of com/examples/with/different/packagename/testcarver/DateTimeConverter
INFO  org.evosuite.runtime.instrumentation.MethodCallReplacementClassAdapter - Adding mock interface to class com/examples/with/different/packagename/testcarver/DateTimeConverter
INFO  org.evosuite.runtime.instrumentation.CreateClassResetClassAdapter - Creating brand-new static initializer in class com/examples/with/different/packagename/testcarver/DateTimeConverter
INFO  org.evosuite.instrumentation.InstrumentingClassLoader - Loaded class: com.examples.with.different.packagename.testcarver.DateTimeConverter
INFO  org.evosuite.instrumentation.InstrumentingClassLoader - Loaded class: com.examples.with.different.packagename.testcarver.DateConverter
INFO  org.evosuite.testcarver.extraction.CarvingRunListener - Carved test of length 9
INFO  org.evosuite.utils.generic.GenericTypeInference - Type map empty
INFO  org.evosuite.utils.generic.GenericTypeInference - Type map empty
INFO  org.evosuite.utils.generic.GenericTypeInference - Type map empty
INFO  org.evosuite.utils.generic.GenericTypeInference - Type map empty
INFO  org.evosuite.utils.generic.GenericTypeInference - Type map empty
INFO  org.evosuite.testcarver.extraction.CarvingRunListener - Not yet reached maximum time to carve unit tests - executing test with carver
INFO  org.evosuite.testcarver.capture.Capturer - Starting Capturer...
INFO  org.evosuite.testcarver.capture.Capturer - Capturer has been started successfully
INFO  org.evosuite.testcarver.capture.CaptureLog - method setUp was called on object testStringArrayToNumber(com.examples.with.different.packagename.testcarver.ArrayConverterTestCase) with oid 1016921310 without foregoing (observed) init stmt --> creating unobserved init stmt
INFO  org.evosuite.testcarver.capture.Capturer - Stopping Capturer...
INFO  org.evosuite.testcarver.capture.Capturer - Capturer has been stopped successfully
INFO  evo_logger -  - Carving test com.examples.with.different.packagename.testcarver.ArrayConverterTestCase.testStringArrayToNumber
INFO  org.evosuite.testcarver.extraction.CarvingRunListener - Carved test of length 31
INFO  org.evosuite.utils.generic.GenericTypeInference - Has types: java.util.ArrayList<E>
INFO  org.evosuite.utils.generic.GenericTypeInference - Initial type map: {E=E, E=E}
INFO  org.evosuite.utils.generic.GenericTypeInference - Found relevant statement: boolean boolean0 = arrayList0.add((Object) string0)
INFO  org.evosuite.utils.generic.GenericTypeInference - Resulting map: {E=class java.lang.String}
INFO  org.evosuite.utils.generic.GenericTypeInference - Found relevant statement: boolean boolean0 = arrayList0.add((Object) string0)
INFO  org.evosuite.utils.generic.GenericTypeInference - Resulting map: {E=class java.lang.String}
INFO  org.evosuite.utils.generic.GenericTypeInference - Variable is in map: E
INFO  org.evosuite.utils.generic.GenericTypeInference - Found relevant statement: boolean boolean0 = arrayList0.add((Object) string0)
INFO  org.evosuite.utils.generic.GenericTypeInference - Resulting map: {E=class java.lang.String}
INFO  org.evosuite.utils.generic.GenericTypeInference - Variable is in map: E
INFO  org.evosuite.utils.generic.GenericTypeInference - Found relevant statement: boolean boolean0 = arrayList0.add((Object) string0)
INFO  org.evosuite.utils.generic.GenericTypeInference - Resulting map: {E=class java.lang.String}
INFO  org.evosuite.utils.generic.GenericTypeInference - Variable is in map: E
INFO  org.evosuite.utils.generic.GenericTypeInference - Setting types based on map: {E=null, E=null, E=class java.lang.String}
INFO  org.evosuite.utils.generic.GenericTypeInference - New type: java.util.ArrayList()V
INFO  org.evosuite.utils.generic.GenericTypeInference - Updating callee of statement boolean boolean0 = arrayList0.add((Object) string0)
INFO  org.evosuite.utils.generic.GenericTypeInference - Result: boolean boolean0 = arrayList0.add(string0)
INFO  org.evosuite.utils.generic.GenericTypeInference - Updating callee of statement boolean boolean0 = arrayList0.add((Object) string0)
INFO  org.evosuite.utils.generic.GenericTypeInference - Result: boolean boolean0 = arrayList0.add(string0)
INFO  org.evosuite.utils.generic.GenericTypeInference - Updating callee of statement boolean boolean0 = arrayList0.add((Object) string0)
INFO  org.evosuite.utils.generic.GenericTypeInference - Result: boolean boolean0 = arrayList0.add(string0)
INFO  org.evosuite.utils.generic.GenericTypeInference - Updating callee of statement boolean boolean0 = arrayList0.add((Object) string0)
INFO  org.evosuite.utils.generic.GenericTypeInference - Result: boolean boolean0 = arrayList0.add(string0)
INFO  org.evosuite.utils.generic.GenericTypeInference - Has types: java.util.ArrayList<E>
INFO  org.evosuite.utils.generic.GenericTypeInference - Initial type map: {E=E, E=E}
INFO  org.evosuite.utils.generic.GenericTypeInference - Found relevant statement: boolean boolean0 = arrayList0.add((Object) string0)
INFO  org.evosuite.utils.generic.GenericTypeInference - Resulting map: {E=class java.lang.String}
INFO  org.evosuite.utils.generic.GenericTypeInference - Found relevant statement: boolean boolean0 = arrayList0.add((Object) string0)
INFO  org.evosuite.utils.generic.GenericTypeInference - Resulting map: {E=class java.lang.String}
INFO  org.evosuite.utils.generic.GenericTypeInference - Variable is in map: E
INFO  org.evosuite.utils.generic.GenericTypeInference - Found relevant statement: boolean boolean0 = arrayList0.add((Object) string0)
INFO  org.evosuite.utils.generic.GenericTypeInference - Resulting map: {E=class java.lang.String}
INFO  org.evosuite.utils.generic.GenericTypeInference - Variable is in map: E
INFO  org.evosuite.utils.generic.GenericTypeInference - Found relevant statement: boolean boolean0 = arrayList0.add((Object) string0)
INFO  org.evosuite.utils.generic.GenericTypeInference - Resulting map: {E=class java.lang.String}
INFO  org.evosuite.utils.generic.GenericTypeInference - Variable is in map: E
INFO  org.evosuite.utils.generic.GenericTypeInference - Setting types based on map: {E=null, E=null, E=class java.lang.String}
INFO  org.evosuite.utils.generic.GenericTypeInference - New type: java.util.ArrayList()V
INFO  org.evosuite.utils.generic.GenericTypeInference - Updating callee of statement boolean boolean0 = arrayList0.add((Object) string0)
INFO  org.evosuite.utils.generic.GenericTypeInference - Result: boolean boolean0 = arrayList0.add(string0)
INFO  org.evosuite.utils.generic.GenericTypeInference - Updating callee of statement boolean boolean0 = arrayList0.add((Object) string0)
INFO  org.evosuite.utils.generic.GenericTypeInference - Result: boolean boolean0 = arrayList0.add(string0)
INFO  org.evosuite.utils.generic.GenericTypeInference - Updating callee of statement boolean boolean0 = arrayList0.add((Object) string0)
INFO  org.evosuite.utils.generic.GenericTypeInference - Result: boolean boolean0 = arrayList0.add(string0)
INFO  org.evosuite.utils.generic.GenericTypeInference - Updating callee of statement boolean boolean0 = arrayList0.add((Object) string0)
INFO  org.evosuite.utils.generic.GenericTypeInference - Result: boolean boolean0 = arrayList0.add(string0)
INFO  org.evosuite.utils.generic.GenericTypeInference - Type map empty
INFO  org.evosuite.utils.generic.GenericTypeInference - Type map empty
INFO  org.evosuite.testcarver.extraction.CarvingManager - Result: 0/7
INFO  org.evosuite.testcase.execution.TestCaseExecutor - No stalled threads
INFO  org.evosuite.testcarver.extraction.CarvingManager - Adding carved test without exception
INFO  org.evosuite.testcarver.extraction.CarvingManager - Class<String[]> class0 = String[].class;
StringConverter stringConverter0 = new StringConverter();
ArrayConverter arrayConverter0 = new ArrayConverter(class0, stringConverter0);
String string0 = "first_value,second_value";
arrayConverter0.convert(class0, string0);
char char0 = '.';
char char1 = '-';
char char2 = '_';
char[] charArray0 = new char[3];
charArray0[0] = char0;
charArray0[1] = char1;
charArray0[2] = char2;
arrayConverter0.setAllowedChars(charArray0);
arrayConverter0.convert(class0, string0);

INFO  org.evosuite.testcarver.extraction.CarvingManager - Exception thrown in carved test testTheMatrix: {}
org.evosuite.runtime.mock.java.lang.MockThrowable: Error converting from 'String' to 'Integer' For input string: "java.lang.String@0000000006"
	at com.examples.with.different.packagename.testcarver.AbstractConverter.handleError(AbstractConverter.java:241)
	at <evosuite>.<evosuite>(<evosuite>)
	at <evosuite>.<evosuite>(<evosuite>)
Caused by: java.lang.NumberFormatException: For input string: "java.lang.String@0000000006"
	at java.base/java.lang.NumberFormatException.forInputString(NumberFormatException.java:67)
	at java.base/java.lang.Integer.parseInt(Integer.java:662)
	at java.base/java.lang.Integer.<init>(Integer.java:1129)
	at com.examples.with.different.packagename.testcarver.NumberConverter.toNumber(NumberConverter.java:418)
	at com.examples.with.different.packagename.testcarver.NumberConverter.convertToType(NumberConverter.java:261)
	at com.examples.with.different.packagename.testcarver.AbstractConverter.convert(AbstractConverter.java:146)
	at com.examples.with.different.packagename.testcarver.ArrayConverter.convertToType(ArrayConverter.java:311)
	at com.examples.with.different.packagename.testcarver.AbstractConverter.convert(AbstractConverter.java:146)
	at com.examples.with.different.packagename.testcarver.ArrayConverter.convertToType(ArrayConverter.java:311)
	at com.examples.with.different.packagename.testcarver.AbstractConverter.convert(AbstractConverter.java:146)
	at java.base/jdk.internal.reflect.DirectMethodHandleAccessor.invoke(DirectMethodHandleAccessor.java:103)
	at java.base/java.lang.reflect.Method.invoke(Method.java:580)
	at org.evosuite.testcase.statements.MethodStatement$1.execute(MethodStatement.java:256)
	at org.evosuite.testcase.statements.AbstractStatement.exceptionHandler(AbstractStatement.java:165)
	at org.evosuite.testcase.statements.MethodStatement.execute(MethodStatement.java:220)
	at org.evosuite.testcase.execution.TestRunnable.executeStatements(TestRunnable.java:287)
	at org.evosuite.testcase.execution.TestRunnable.call(TestRunnable.java:193)
	at org.evosuite.testcase.execution.TestRunnable.call(TestRunnable.java:49)
	at java.base/java.util.concurrent.FutureTask.run(FutureTask.java:317)
	at java.base/java.util.concurrent.ThreadPoolExecutor.runWorker(ThreadPoolExecutor.java:1144)
	at java.base/java.util.concurrent.ThreadPoolExecutor$Worker.run(ThreadPoolExecutor.java:642)
	at java.base/java.lang.Thread.run(Thread.java:1583)
INFO  org.evosuite.testcarver.extraction.CarvingManager - com.examples.with.different.packagename.testcarver.AbstractConverter.handleError(AbstractConverter.java:241)
INFO  org.evosuite.testcarver.extraction.CarvingManager - <evosuite>.<evosuite>(<evosuite>)
INFO  org.evosuite.testcarver.extraction.CarvingManager - <evosuite>.<evosuite>(<evosuite>)
INFO  org.evosuite.testcarver.extraction.CarvingManager - Class<int[]> class0 = int[].class;
IntegerConverter integerConverter0 = new IntegerConverter();
ArrayConverter arrayConverter0 = new ArrayConverter(class0, integerConverter0);
Class<int[][]> class1 = int[][].class;
ArrayConverter arrayConverter1 = new ArrayConverter(class1, arrayConverter0);
char char0 = ';';
arrayConverter1.setDelimiter(char0);
char char1 = ',';
char[] charArray0 = new char[1];
charArray0[0] = char1;
arrayConverter1.setAllowedChars(charArray0);
String string0 = "11,12,13 ; 21,22,23 ; 31,32,33 ; 41,42,43";
// Undeclared exception!
try {
  arrayConverter1.convert(class1, string0);
  fail("Expecting exception: RuntimeException");

} catch(RuntimeException e) {
   //
   // Error converting from 'String' to 'Integer' For input string: \"java.lang.String@0000000006\"
   //
   verifyException("com.examples.with.different.packagename.testcarver.AbstractConverter", e);
}


INFO  org.evosuite.testcarver.extraction.CarvingManager - Chopping exception of carved test
INFO  org.evosuite.testcarver.extraction.CarvingManager - Adding carved test without exception
INFO  org.evosuite.testcarver.extraction.CarvingManager - Class<int[]> class0 = int[].class;
IntegerConverter integerConverter0 = new IntegerConverter();
int int0 = (-1);
ArrayConverter arrayConverter0 = new ArrayConverter(class0, integerConverter0, int0);
Object object0 = null;
arrayConverter0.convert(class0, object0);
int int1 = 0;
ArrayConverter arrayConverter1 = new ArrayConverter(class0, integerConverter0, int1);
Object object1 = null;
arrayConverter1.convert(class0, object1);
Class<Integer[]> class1 = Integer[].class;
int int2 = 1;
ArrayConverter arrayConverter2 = new ArrayConverter(class1, integerConverter0, int2);
Object object2 = null;
arrayConverter2.convert(class0, object2);

INFO  org.evosuite.testcarver.extraction.CarvingManager - Adding carved test without exception
INFO  org.evosuite.testcarver.extraction.CarvingManager - Class<int[]> class0 = int[].class;
IntegerConverter integerConverter0 = new IntegerConverter();
int int0 = (-1);
ArrayConverter arrayConverter0 = new ArrayConverter(class0, integerConverter0, int0);
String string0 = "";
arrayConverter0.convert(class0, string0);
ArrayConverter arrayConverter1 = new ArrayConverter(class0, integerConverter0);
Class<String> class1 = String.class;
Object object0 = null;
arrayConverter1.convert(class1, object0);

INFO  org.evosuite.testcarver.extraction.CarvingManager - Adding carved test without exception
INFO  org.evosuite.testcarver.extraction.CarvingManager - Class<int[]> class0 = int[].class;
int int0 = 0;
IntegerConverter integerConverter0 = new IntegerConverter(int0);
String string0 = "#,###";
integerConverter0.setPattern(string0);
Locale locale0 = Locale.US;
integerConverter0.setLocale(locale0);
ArrayConverter arrayConverter0 = new ArrayConverter(class0, integerConverter0, int0);
char char0 = ',';
char char1 = '-';
char[] charArray0 = new char[2];
charArray0[0] = char0;
charArray0[1] = char1;
arrayConverter0.setAllowedChars(charArray0);
char char2 = ';';
arrayConverter0.setDelimiter(char2);
String string1 = "1,111; 2,222; 3,333; 4,444";
arrayConverter0.convert(class0, string1);
Class<Integer[]> class1 = Integer[].class;
String string2 = "{1,111; 2,222; 3,333; 4,444}";
arrayConverter0.convert(class1, string2);
String string3 = "1111";
String string4 = "2222";
String string5 = "3333";
String string6 = "4444";
String[] stringArray0 = new String[4];
stringArray0[0] = string3;
stringArray0[1] = string4;
stringArray0[2] = string5;
stringArray0[3] = string6;
arrayConverter0.convert(class0, stringArray0);
stringArray0[0] = string3;
stringArray0[1] = string4;
stringArray0[2] = string5;
stringArray0[3] = string6;
arrayConverter0.convert(class1, stringArray0);
long long0 = 1111L;
long long1 = 2222L;
long long2 = 3333L;
long long3 = 4444L;
long[] longArray0 = new long[4];
longArray0[0] = long0;
longArray0[1] = long1;
longArray0[2] = long2;
longArray0[3] = long3;

INFO  org.evosuite.testcarver.extraction.CarvingManager - Exception thrown in carved test testErrors: {}
org.evosuite.runtime.mock.java.lang.MockThrowable: Default type is missing
	at com.examples.with.different.packagename.testcarver.ArrayConverter.<init>(ArrayConverter.java:155)
	at <evosuite>.<evosuite>(<evosuite>)
	at <evosuite>.<evosuite>(<evosuite>)
INFO  org.evosuite.testcarver.extraction.CarvingManager - com.examples.with.different.packagename.testcarver.ArrayConverter.<init>(ArrayConverter.java:155)
INFO  org.evosuite.testcarver.extraction.CarvingManager - <evosuite>.<evosuite>(<evosuite>)
INFO  org.evosuite.testcarver.extraction.CarvingManager - <evosuite>.<evosuite>(<evosuite>)
INFO  org.evosuite.testcarver.extraction.CarvingManager - DateConverter dateConverter0 = new DateConverter();
Class class0 = null;
ArrayConverter arrayConverter0 = null;
try {
  arrayConverter0 = new ArrayConverter(class0, dateConverter0);
  fail("Expecting exception: IllegalArgumentException");

} catch(IllegalArgumentException e) {
   //
   // Default type is missing
   //
   verifyException("com.examples.with.different.packagename.testcarver.ArrayConverter", e);
}

Class<boolean> class1 = Boolean.class;
DateConverter dateConverter1 = new DateConverter();
ArrayConverter arrayConverter1 = new ArrayConverter(class1, dateConverter1);
Class<int[]> class2 = int[].class;
Converter converter0 = null;
ArrayConverter arrayConverter2 = new ArrayConverter(class2, converter0);

INFO  org.evosuite.testcarver.extraction.CarvingManager - Chopping exception of carved test
INFO  org.evosuite.testcarver.extraction.CarvingManager - Chopped test is empty
INFO  org.evosuite.testcarver.extraction.CarvingManager - Exception thrown in carved test testStringArrayToNumber: {}
org.evosuite.runtime.mock.java.lang.MockThrowable: Error converting from 'String' to 'Integer' For input string: "java.lang.String@0000000003"
	at com.examples.with.different.packagename.testcarver.AbstractConverter.handleError(AbstractConverter.java:241)
	at <evosuite>.<evosuite>(<evosuite>)
	at <evosuite>.<evosuite>(<evosuite>)
Caused by: java.lang.NumberFormatException: For input string: "java.lang.String@0000000003"
	at java.base/java.lang.NumberFormatException.forInputString(NumberFormatException.java:67)
	at java.base/java.lang.Integer.parseInt(Integer.java:662)
	at java.base/java.lang.Integer.<init>(Integer.java:1129)
	at com.examples.with.different.packagename.testcarver.NumberConverter.toNumber(NumberConverter.java:418)
	at com.examples.with.different.packagename.testcarver.NumberConverter.convertToType(NumberConverter.java:261)
	at com.examples.with.different.packagename.testcarver.AbstractConverter.convert(AbstractConverter.java:146)
	at com.examples.with.different.packagename.testcarver.ArrayConverter.convertToType(ArrayConverter.java:311)
	at com.examples.with.different.packagename.testcarver.AbstractConverter.convert(AbstractConverter.java:146)
	at java.base/jdk.internal.reflect.DirectMethodHandleAccessor.invoke(DirectMethodHandleAccessor.java:103)
	at java.base/java.lang.reflect.Method.invoke(Method.java:580)
	at org.evosuite.testcase.statements.MethodStatement$1.execute(MethodStatement.java:256)
	at org.evosuite.testcase.statements.AbstractStatement.exceptionHandler(AbstractStatement.java:165)
	at org.evosuite.testcase.statements.MethodStatement.execute(MethodStatement.java:220)
	at org.evosuite.testcase.execution.TestRunnable.executeStatements(TestRunnable.java:287)
	at org.evosuite.testcase.execution.TestRunnable.call(TestRunnable.java:193)
	at org.evosuite.testcase.execution.TestRunnable.call(TestRunnable.java:49)
	at java.base/java.util.concurrent.FutureTask.run(FutureTask.java:317)
	at java.base/java.util.concurrent.ThreadPoolExecutor.runWorker(ThreadPoolExecutor.java:1144)
	at java.base/java.util.concurrent.ThreadPoolExecutor$Worker.run(ThreadPoolExecutor.java:642)
	at java.base/java.lang.Thread.run(Thread.java:1583)
INFO  org.evosuite.testcarver.extraction.CarvingManager - com.examples.with.different.packagename.testcarver.AbstractConverter.handleError(AbstractConverter.java:241)
INFO  org.evosuite.testcarver.extraction.CarvingManager - <evosuite>.<evosuite>(<evosuite>)
INFO  org.evosuite.testcarver.extraction.CarvingManager - <evosuite>.<evosuite>(<evosuite>)
INFO  org.evosuite.testcarver.extraction.CarvingManager - Class<int[]> class0 = int[].class;
IntegerConverter integerConverter0 = new IntegerConverter();
ArrayConverter arrayConverter0 = new ArrayConverter(class0, integerConverter0);
String string0 = "10";
String string1 = "  11";
String string2 = "12  ";
String string3 = "  13  ";
String[] stringArray0 = new String[4];
stringArray0[0] = string0;
stringArray0[1] = string1;
stringArray0[2] = string2;
stringArray0[3] = string3;
// Undeclared exception!
try {
  arrayConverter0.convert(class0, stringArray0);
  fail("Expecting exception: RuntimeException");

} catch(RuntimeException e) {
   //
   // Error converting from 'String' to 'Integer' For input string: \"java.lang.String@0000000003\"
   //
   verifyException("com.examples.with.different.packagename.testcarver.AbstractConverter", e);
}

Class<Integer[]> class1 = Integer[].class;
stringArray0[0] = string0;
stringArray0[1] = string1;
stringArray0[2] = string2;
stringArray0[3] = string3;
arrayConverter0.convert(class1, stringArray0);
ArrayList<String> arrayList0 = new ArrayList<String>();
arrayList0.add(string0);
arrayList0.add(string1);
arrayList0.add(string2);
arrayList0.add(string3);
arrayConverter0.convert(class0, arrayList0);
ArrayList<String> arrayList1 = new ArrayList<String>();
arrayList1.add(string0);
arrayList1.add(string1);
arrayList1.add(string2);
arrayList1.add(string3);
arrayConverter0.convert(class1, arrayList1);

INFO  org.evosuite.testcarver.extraction.CarvingManager - Chopping exception of carved test
INFO  evo_logger -  -> Carved 6 tests for class class com.examples.with.different.packagename.testcarver.ArrayConverter from existing JUnit tests
INFO  evo_logger - * Using 6 carved tests from existing JUnit tests for seeding
INFO  org.evosuite.coverage.branch.BranchPool - Found matching class for branch count: com.examples.with.different.packagename.testcarver.ArrayConverter/com.examples.with.different.packagename.testcarver.ArrayConverter
INFO  org.evosuite.coverage.branch.BranchCoverageSuiteFitness - Total branch coverage goals: 68
INFO  org.evosuite.coverage.branch.BranchCoverageSuiteFitness - Total branches: 31
INFO  org.evosuite.coverage.branch.BranchCoverageSuiteFitness - Total branchless methods: 6
INFO  org.evosuite.coverage.branch.BranchCoverageSuiteFitness - Total methods: 13: [com.examples.with.different.packagename.testcarver.ArrayConverter.toString()Ljava/lang/String;, com.examples.with.different.packagename.testcarver.ArrayConverter.setDelimiter(C)V, com.examples.with.different.packagename.testcarver.ArrayConverter.getDefaultType()Ljava/lang/Class;, com.examples.with.different.packagename.testcarver.ArrayConverter.setAllowedChars([C)V, com.examples.with.different.packagename.testcarver.ArrayConverter.convertArray(Ljava/lang/Object;)Ljava/lang/Object;, com.examples.with.different.packagename.testcarver.ArrayConverter.convertToType(Ljava/lang/Class;Ljava/lang/Object;)Ljava/lang/Object;, com.examples.with.different.packagename.testcarver.ArrayConverter.getDefault(Ljava/lang/Class;)Ljava/lang/Object;, com.examples.with.different.packagename.testcarver.ArrayConverter.setOnlyFirstToString(Z)V, com.examples.with.different.packagename.testcarver.ArrayConverter.<init>(Ljava/lang/Class;Lcom/examples/with/different/packagename/testcarver/Converter;)V, com.examples.with.different.packagename.testcarver.ArrayConverter.<init>(Ljava/lang/Class;Lcom/examples/with/different/packagename/testcarver/Converter;I)V, com.examples.with.different.packagename.testcarver.ArrayConverter.parseElements(Ljava/lang/Class;Ljava/lang/String;)Ljava/util/List;, com.examples.with.different.packagename.testcarver.ArrayConverter.convertToString(Ljava/lang/Object;)Ljava/lang/String;, com.examples.with.different.packagename.testcarver.ArrayConverter.convertToCollection(Ljava/lang/Class;Ljava/lang/Object;)Ljava/util/Collection;]
INFO  org.evosuite.coverage.branch.BranchCoverageSuiteFitness - (Branches) Best individual covers 35/62 branches and 10/13 methods
INFO  org.evosuite.coverage.branch.BranchCoverageSuiteFitness - Fitness: 24.999999971019434, size: 6, length: 108
INFO  org.evosuite.coverage.branch.BranchCoverageSuiteFitness - (Methods) Best individual covers 35/62 branches and 10/13 methods
INFO  org.evosuite.coverage.branch.BranchCoverageSuiteFitness - Fitness: 24.999999971019434, size: 6, length: 108
INFO  org.evosuite.coverage.branch.BranchCoverageSuiteFitness - (Fitness) Best individual covers 35/62 branches and 10/13 methods
INFO  org.evosuite.coverage.branch.BranchCoverageSuiteFitness - Fitness: 24.999999971019434, size: 6, length: 108
INFO  org.evosuite.TestGenerationContext - *** Resetting context
INFO  org.evosuite.testcase.execution.TestCaseExecutor - TestCaseExecutor instance is non-null, but its actual executor is null
INFO  org.evosuite.TestGenerationContext - *** Resetting context
INFO  org.evosuite.testcase.execution.TestCaseExecutor - TestCaseExecutor instance is non-null, but its actual executor is null
INFO  org.evosuite.instrumentation.InstrumentingClassLoader - Seeing class for first time: com.examples.with.different.packagename.testcarver.ObjectWrapper
INFO  org.evosuite.instrumentation.BytecodeInstrumentation - Starting transformation of com/examples/with/different/packagename/testcarver/ObjectWrapper
INFO  org.evosuite.instrumentation.testability.StringTransformation - Current method: <init>
INFO  org.evosuite.instrumentation.testability.StringTransformation - Current method: set
INFO  org.evosuite.instrumentation.testability.StringTransformation - Current method: get
INFO  org.evosuite.runtime.instrumentation.MethodCallReplacementClassAdapter - Adding mock interface to class com/examples/with/different/packagename/testcarver/ObjectWrapper
INFO  org.evosuite.graphs.cfg.CFGClassAdapter - Analyzing CFG of com/examples/with/different/packagename/testcarver/ObjectWrapper
INFO  org.evosuite.graphs.cfg.CFGMethodAdapter - Analyzing method <init>()V in class com.examples.with.different.packagename.testcarver.ObjectWrapper
INFO  org.evosuite.graphs.cfg.CFGMethodAdapter - Generating CFG for method <init>()V
INFO  org.evosuite.graphs.cfg.RawControlFlowGraph - Creating new RawCFG for com.examples.with.different.packagename.testcarver.ObjectWrapper.<init>()V: 0
INFO  org.evosuite.graphs.cfg.CFGMethodAdapter - Created CFG for method <init>()V
INFO  org.evosuite.graphs.cfg.CFGMethodAdapter - Instrumenting method <init>()V in class com.examples.with.different.packagename.testcarver.ObjectWrapper
INFO  org.evosuite.graphs.cfg.CFGClassAdapter - Analyzing CFG of com/examples/with/different/packagename/testcarver/ObjectWrapper
INFO  org.evosuite.graphs.cfg.CFGMethodAdapter - Analyzing method set(Ljava/lang/Object;)V in class com.examples.with.different.packagename.testcarver.ObjectWrapper
INFO  org.evosuite.graphs.cfg.CFGMethodAdapter - Generating CFG for method set(Ljava/lang/Object;)V
INFO  org.evosuite.graphs.cfg.RawControlFlowGraph - Creating new RawCFG for com.examples.with.different.packagename.testcarver.ObjectWrapper.set(Ljava/lang/Object;)V: 0
INFO  org.evosuite.graphs.cfg.CFGMethodAdapter - Created CFG for method set(Ljava/lang/Object;)V
INFO  org.evosuite.graphs.cfg.CFGMethodAdapter - Instrumenting method set(Ljava/lang/Object;)V in class com.examples.with.different.packagename.testcarver.ObjectWrapper
INFO  org.evosuite.graphs.cfg.CFGClassAdapter - Analyzing CFG of com/examples/with/different/packagename/testcarver/ObjectWrapper
INFO  org.evosuite.graphs.cfg.CFGMethodAdapter - Analyzing method get()Ljava/lang/Object; in class com.examples.with.different.packagename.testcarver.ObjectWrapper
INFO  org.evosuite.graphs.cfg.CFGMethodAdapter - Generating CFG for method get()Ljava/lang/Object;
INFO  org.evosuite.graphs.cfg.RawControlFlowGraph - Creating new RawCFG for com.examples.with.different.packagename.testcarver.ObjectWrapper.get()Ljava/lang/Object;: 0
INFO  org.evosuite.graphs.cfg.CFGMethodAdapter - Created CFG for method get()Ljava/lang/Object;
INFO  org.evosuite.graphs.cfg.CFGMethodAdapter - Instrumenting method get()Ljava/lang/Object; in class com.examples.with.different.packagename.testcarver.ObjectWrapper
INFO  org.evosuite.graphs.cfg.CFGClassAdapter - Analyzing CFG of com/examples/with/different/packagename/testcarver/ObjectWrapper
INFO  org.evosuite.graphs.cfg.CFGMethodAdapter - Method has EvoSuite annotation: Lorg/evosuite/runtime/annotation/EvoSuiteExclude;
INFO  org.evosuite.runtime.instrumentation.CreateClassResetClassAdapter - Creating brand-new static initializer in class com/examples/with/different/packagename/testcarver/ObjectWrapper
INFO  org.evosuite.instrumentation.InstrumentingClassLoader - Loaded class: com.examples.with.different.packagename.testcarver.ObjectWrapper
INFO  evo_logger - * Executing tests from 1 test class for carving
INFO  org.evosuite.testcarver.extraction.CarvingClassLoader - Seeing class for first time: com.examples.with.different.packagename.testcarver.ObjectWrapper
WARN  org.evosuite.testcarver.extraction.CarvingClassLoader - Instrumenting class 'com.examples.with.different.packagename.testcarver.ObjectWrapper'.
INFO  org.evosuite.testcarver.instrument.Instrumenter - Checking package com.examples.with.different.packagename.testcarver for class com/examples/with/different/packagename/testcarver/ObjectWrapper
// class version 52.0 (52)
// access flags 0x21
public class com/examples/with/different/packagename/testcarver/ObjectWrapper {

  // compiled from: ObjectWrapper.java

  // access flags 0x2
  private Ljava/lang/Object; obj

  // access flags 0x2
  private _sw_prototype_original_init_sw_prototype_original_()V
    ALOAD 0
    INVOKESTATIC org/evosuite/testcarver/capture/FieldRegistry.register (Ljava/lang/Object;)V
    RETURN
   L0
    LOCALVARIABLE this Lcom/examples/with/different/packagename/testcarver/ObjectWrapper; L1 L0 0
    MAXSTACK = 5
    MAXLOCALS = 1

  // access flags 0x2
  private _sw_prototype_original_set(Ljava/lang/Object;)V
   L0
    LINENUMBER 27 L0
    ALOAD 0
    ALOAD 1
    DUP2
    PUTFIELD com/examples/with/different/packagename/testcarver/ObjectWrapper.obj : Ljava/lang/Object;
    POP
    LDC -2147483643
    LDC "com/examples/with/different/packagename/testcarver/ObjectWrapper"
    LDC "obj"
    LDC "Ljava/lang/Object;"
    INVOKESTATIC org/evosuite/testcarver/capture/FieldRegistry.notifyModification (Ljava/lang/Object;ILjava/lang/String;Ljava/lang/String;Ljava/lang/String;)V
   L1
    LINENUMBER 28 L1
    RETURN
   L2
    LOCALVARIABLE this Lcom/examples/with/different/packagename/testcarver/ObjectWrapper; L0 L2 0
    LOCALVARIABLE obj Ljava/lang/Object; L0 L2 1
    MAXSTACK = 6
    MAXLOCALS = 2

  // access flags 0x2
  private _sw_prototype_original_get()Ljava/lang/Object;
   L0
    LINENUMBER 31 L0
    ALOAD 0
    DUP
    GETFIELD com/examples/with/different/packagename/testcarver/ObjectWrapper.obj : Ljava/lang/Object;
    SWAP
    LDC -2147483640
    LDC "com/examples/with/different/packagename/testcarver/ObjectWrapper"
    LDC "obj"
    LDC "Ljava/lang/Object;"
    INVOKESTATIC org/evosuite/testcarver/capture/FieldRegistry.notifyReadAccess (Ljava/lang/Object;ILjava/lang/String;Ljava/lang/String;Ljava/lang/String;)V
    ARETURN
   L1
    LOCALVARIABLE this Lcom/examples/with/different/packagename/testcarver/ObjectWrapper; L0 L1 0
    MAXSTACK = 5
    MAXLOCALS = 1

  // access flags 0x1
  public <init>()V
    TRYCATCHBLOCK L0 L1 L1 java/lang/Throwable
   L2
    LINENUMBER 22 L2
    ALOAD 0
    INVOKESPECIAL java/lang/Object.<init> ()V
   L0
    LDC -2147483644
    ALOAD 0
    LDC "<init>"
    LDC "()V"
    BIPUSH 0
    ANEWARRAY java/lang/Object
    INVOKESTATIC org/evosuite/testcarver/capture/Capturer.capture (ILjava/lang/Object;Ljava/lang/String;Ljava/lang/String;[Ljava/lang/Object;)V
    ALOAD 0
    INVOKEVIRTUAL com/examples/with/different/packagename/testcarver/ObjectWrapper._sw_prototype_original_init_sw_prototype_original_ ()V
    GOTO L3
   L1
   FRAME SAME1 java/lang/Throwable
    ASTORE 1
    LDC -2147483644
    ALOAD 0
    GETSTATIC org/evosuite/testcarver/capture/CaptureLog.RETURN_TYPE_VOID : Ljava/lang/Object;
    INVOKESTATIC org/evosuite/testcarver/capture/Capturer.enable (ILjava/lang/Object;Ljava/lang/Object;)V
    ALOAD 1
    ATHROW
   L3
   FRAME SAME
    LDC -2147483644
    ALOAD 0
    GETSTATIC org/evosuite/testcarver/capture/CaptureLog.RETURN_TYPE_VOID : Ljava/lang/Object;
    INVOKESTATIC org/evosuite/testcarver/capture/Capturer.enable (ILjava/lang/Object;Ljava/lang/Object;)V
    RETURN
    MAXSTACK = 5
    MAXLOCALS = 0

  // access flags 0x1
  public set(Ljava/lang/Object;)V
    TRYCATCHBLOCK L0 L1 L1 java/lang/Throwable
   L0
    LDC -2147483641
    ALOAD 0
    LDC "set"
    LDC "(Ljava/lang/Object;)V"
    BIPUSH 1
    ANEWARRAY java/lang/Object
    DUP
    BIPUSH 0
    ALOAD 1
    AASTORE
    INVOKESTATIC org/evosuite/testcarver/capture/Capturer.capture (ILjava/lang/Object;Ljava/lang/String;Ljava/lang/String;[Ljava/lang/Object;)V
    ALOAD 0
    ALOAD 1
    INVOKEVIRTUAL com/examples/with/different/packagename/testcarver/ObjectWrapper._sw_prototype_original_set (Ljava/lang/Object;)V
    GOTO L2
   L1
   FRAME SAME1 java/lang/Throwable
    ASTORE 2
    LDC -2147483641
    ALOAD 0
    GETSTATIC org/evosuite/testcarver/capture/CaptureLog.RETURN_TYPE_VOID : Ljava/lang/Object;
    INVOKESTATIC org/evosuite/testcarver/capture/Capturer.enable (ILjava/lang/Object;Ljava/lang/Object;)V
    ALOAD 2
    ATHROW
   L2
   FRAME SAME
    LDC -2147483641
    ALOAD 0
    GETSTATIC org/evosuite/testcarver/capture/CaptureLog.RETURN_TYPE_VOID : Ljava/lang/Object;
    INVOKESTATIC org/evosuite/testcarver/capture/Capturer.enable (ILjava/lang/Object;Ljava/lang/Object;)V
    RETURN
    MAXSTACK = 6
    MAXLOCALS = 0

  // access flags 0x1
  public get()Ljava/lang/Object;
    TRYCATCHBLOCK L0 L1 L2 java/lang/Throwable
    ACONST_NULL
    ASTORE 1
   L0
    LDC -2147483639
    ALOAD 0
    LDC "get"
    LDC "()Ljava/lang/Object;"
    BIPUSH 0
    ANEWARRAY java/lang/Object
    INVOKESTATIC org/evosuite/testcarver/capture/Capturer.capture (ILjava/lang/Object;Ljava/lang/String;Ljava/lang/String;[Ljava/lang/Object;)V
    ALOAD 0
    INVOKEVIRTUAL com/examples/with/different/packagename/testcarver/ObjectWrapper._sw_prototype_original_get ()Ljava/lang/Object;
    ASTORE 1
    ALOAD 1
    ASTORE 3
   L1
    LDC -2147483639
    ALOAD 0
    ALOAD 1
    INVOKESTATIC org/evosuite/testcarver/capture/Capturer.enable (ILjava/lang/Object;Ljava/lang/Object;)V
    ALOAD 3
    ARETURN
   L2
   FRAME FULL [com/examples/with/different/packagename/testcarver/ObjectWrapper java/lang/Object] [java/lang/Throwable]
    ASTORE 2
    LDC -2147483639
    ALOAD 0
    ALOAD 1
    INVOKESTATIC org/evosuite/testcarver/capture/Capturer.enable (ILjava/lang/Object;Ljava/lang/Object;)V
    ALOAD 2
    ATHROW
    MAXSTACK = 5
    MAXLOCALS = 0
}
INFO  org.evosuite.testcarver.extraction.CarvingClassLoader - Keeping class: com.examples.with.different.packagename.testcarver.ObjectWrapper
INFO  org.evosuite.testcarver.extraction.CarvingClassLoader - Seeing class for first time: com.examples.with.different.packagename.testcarver.GenericTest
WARN  org.evosuite.testcarver.extraction.CarvingClassLoader - Instrumenting class 'com.examples.with.different.packagename.testcarver.GenericTest'.
INFO  org.evosuite.testcarver.instrument.Instrumenter - Checking package com.examples.with.different.packagename.testcarver for class com/examples/with/different/packagename/testcarver/GenericTest
// class version 52.0 (52)
// access flags 0x21
public class com/examples/with/different/packagename/testcarver/GenericTest {

  // compiled from: GenericTest.java

  // access flags 0x2
  private _sw_prototype_original_init_sw_prototype_original_()V
    ALOAD 0
    INVOKESTATIC org/evosuite/testcarver/capture/FieldRegistry.register (Ljava/lang/Object;)V
    RETURN
   L0
    LOCALVARIABLE this Lcom/examples/with/different/packagename/testcarver/GenericTest; L1 L0 0
    MAXSTACK = 5
    MAXLOCALS = 1

  // access flags 0x2
  private _sw_prototype_original_test()V
   L0
    LINENUMBER 31 L0
    NEW com/examples/with/different/packagename/testcarver/ObjectWrapper
    DUP
    INVOKESPECIAL com/examples/with/different/packagename/testcarver/ObjectWrapper.<init> ()V
    ASTORE 1
   L1
    LINENUMBER 33 L1
    NEW java/util/HashSet
    DUP
    INVOKESPECIAL java/util/HashSet.<init> ()V
    ASTORE 2
   L2
    LINENUMBER 34 L2
    ALOAD 2
    LDC 42L
    INVOKESTATIC java/lang/Long.valueOf (J)Ljava/lang/Long;
    INVOKEINTERFACE java/util/Set.add (Ljava/lang/Object;)Z (itf)
    POP
   L3
    LINENUMBER 36 L3
    ALOAD 1
    ALOAD 2
    INVOKEVIRTUAL com/examples/with/different/packagename/testcarver/ObjectWrapper.set (Ljava/lang/Object;)V
   L4
    LINENUMBER 37 L4
    RETURN
   L5
    LOCALVARIABLE this Lcom/examples/with/different/packagename/testcarver/GenericTest; L0 L5 0
    LOCALVARIABLE wrapper Lcom/examples/with/different/packagename/testcarver/ObjectWrapper; L1 L5 1
    LOCALVARIABLE someSet Ljava/util/Set; L2 L5 2
    // signature Ljava/util/Set<Ljava/lang/Long;>;
    // declaration: someSet extends java.util.Set<java.lang.Long>
    MAXSTACK = 7
    MAXLOCALS = 3

  // access flags 0x1
  public <init>()V
    TRYCATCHBLOCK L0 L1 L1 java/lang/Throwable
   L2
    LINENUMBER 27 L2
    ALOAD 0
    INVOKESPECIAL java/lang/Object.<init> ()V
   L0
    LDC -2147483638
    ALOAD 0
    LDC "<init>"
    LDC "()V"
    BIPUSH 0
    ANEWARRAY java/lang/Object
    INVOKESTATIC org/evosuite/testcarver/capture/Capturer.capture (ILjava/lang/Object;Ljava/lang/String;Ljava/lang/String;[Ljava/lang/Object;)V
    ALOAD 0
    INVOKEVIRTUAL com/examples/with/different/packagename/testcarver/GenericTest._sw_prototype_original_init_sw_prototype_original_ ()V
    GOTO L3
   L1
   FRAME SAME1 java/lang/Throwable
    ASTORE 1
    LDC -2147483638
    ALOAD 0
    GETSTATIC org/evosuite/testcarver/capture/CaptureLog.RETURN_TYPE_VOID : Ljava/lang/Object;
    INVOKESTATIC org/evosuite/testcarver/capture/Capturer.enable (ILjava/lang/Object;Ljava/lang/Object;)V
    ALOAD 1
    ATHROW
   L3
   FRAME SAME
    LDC -2147483638
    ALOAD 0
    GETSTATIC org/evosuite/testcarver/capture/CaptureLog.RETURN_TYPE_VOID : Ljava/lang/Object;
    INVOKESTATIC org/evosuite/testcarver/capture/Capturer.enable (ILjava/lang/Object;Ljava/lang/Object;)V
    RETURN
    MAXSTACK = 5
    MAXLOCALS = 0

  // access flags 0x1
  public test()V
  @Lorg/junit/Test;()
    TRYCATCHBLOCK L0 L1 L1 java/lang/Throwable
   L0
    LDC -2147483637
    ALOAD 0
    LDC "test"
    LDC "()V"
    BIPUSH 0
    ANEWARRAY java/lang/Object
    INVOKESTATIC org/evosuite/testcarver/capture/Capturer.capture (ILjava/lang/Object;Ljava/lang/String;Ljava/lang/String;[Ljava/lang/Object;)V
    ALOAD 0
    INVOKEVIRTUAL com/examples/with/different/packagename/testcarver/GenericTest._sw_prototype_original_test ()V
    GOTO L2
   L1
   FRAME SAME1 java/lang/Throwable
    ASTORE 1
    LDC -2147483637
    ALOAD 0
    GETSTATIC org/evosuite/testcarver/capture/CaptureLog.RETURN_TYPE_VOID : Ljava/lang/Object;
    INVOKESTATIC org/evosuite/testcarver/capture/Capturer.enable (ILjava/lang/Object;Ljava/lang/Object;)V
    ALOAD 1
    ATHROW
   L2
   FRAME SAME
    LDC -2147483637
    ALOAD 0
    GETSTATIC org/evosuite/testcarver/capture/CaptureLog.RETURN_TYPE_VOID : Ljava/lang/Object;
    INVOKESTATIC org/evosuite/testcarver/capture/Capturer.enable (ILjava/lang/Object;Ljava/lang/Object;)V
    RETURN
    MAXSTACK = 7
    MAXLOCALS = 0
}
INFO  org.evosuite.testcarver.extraction.CarvingClassLoader - Keeping class: com.examples.with.different.packagename.testcarver.GenericTest
INFO  org.evosuite.testcarver.extraction.CarvingRunListener - Not yet reached maximum time to carve unit tests - executing test with carver
INFO  org.evosuite.testcarver.capture.Capturer - Starting Capturer...
INFO  org.evosuite.testcarver.capture.Capturer - Capturer has been started successfully
INFO  org.evosuite.testcarver.capture.Capturer - Stopping Capturer...
INFO  org.evosuite.testcarver.capture.Capturer - Capturer has been stopped successfully
INFO  evo_logger -  - Carving test com.examples.with.different.packagename.testcarver.GenericTest.test
INFO  org.evosuite.testcarver.extraction.CarvingRunListener - Carved test of length 5
INFO  org.evosuite.utils.generic.GenericTypeInference - Has types: java.util.HashSet<E>
INFO  org.evosuite.utils.generic.GenericTypeInference - Initial type map: {E=E, E=E}
INFO  org.evosuite.utils.generic.GenericTypeInference - Found relevant statement: boolean boolean0 = hashSet0.add((Object) long0)
INFO  org.evosuite.utils.generic.GenericTypeInference - Resulting map: {E=long}
INFO  org.evosuite.utils.generic.GenericTypeInference - Setting types based on map: {E=null, E=null, E=long}
INFO  org.evosuite.utils.generic.GenericTypeInference - New type: java.util.HashSet()V
INFO  org.evosuite.utils.generic.GenericTypeInference - Updating callee of statement boolean boolean0 = hashSet0.add((Object) long0)
INFO  org.evosuite.utils.generic.GenericTypeInference - Result: boolean boolean0 = hashSet0.add((Long) long0)
INFO  org.evosuite.utils.generic.GenericTypeInference - Type map empty
INFO  org.evosuite.testcarver.extraction.CarvingManager - Result: 0/1
INFO  org.evosuite.testcase.execution.TestCaseExecutor - No stalled threads
INFO  org.evosuite.testcarver.extraction.CarvingManager - Adding carved test without exception
INFO  org.evosuite.testcarver.extraction.CarvingManager - ObjectWrapper objectWrapper0 = new ObjectWrapper();
long long0 = 42L;
HashSet<Long> hashSet0 = new HashSet<Long>();
hashSet0.add((Long) long0);
objectWrapper0.set(hashSet0);

INFO  evo_logger -  -> Carved 1 tests for class class com.examples.with.different.packagename.testcarver.ObjectWrapper from existing JUnit tests
INFO  evo_logger - * Using 1 carved tests from existing JUnit tests for seeding
INFO  org.evosuite.coverage.branch.BranchCoverageSuiteFitness - Total branch coverage goals: 3
INFO  org.evosuite.coverage.branch.BranchCoverageSuiteFitness - Total branches: 0
INFO  org.evosuite.coverage.branch.BranchCoverageSuiteFitness - Total branchless methods: 3
INFO  org.evosuite.coverage.branch.BranchCoverageSuiteFitness - Total methods: 3: [com.examples.with.different.packagename.testcarver.ObjectWrapper.get()Ljava/lang/Object;, com.examples.with.different.packagename.testcarver.ObjectWrapper.set(Ljava/lang/Object;)V, com.examples.with.different.packagename.testcarver.ObjectWrapper.<init>()V]
INFO  org.evosuite.coverage.branch.BranchCoverageSuiteFitness - (Methods) Best individual covers 0/0 branches and 2/3 methods
INFO  org.evosuite.coverage.branch.BranchCoverageSuiteFitness - Fitness: 1.0, size: 1, length: 5
INFO  org.evosuite.coverage.branch.BranchCoverageSuiteFitness - (Fitness) Best individual covers 0/0 branches and 2/3 methods
INFO  org.evosuite.coverage.branch.BranchCoverageSuiteFitness - Fitness: 1.0, size: 1, length: 5
INFO  org.evosuite.testcase.factories.JUnitTestCarvedChromosomeFactory - Cloning user test
INFO  org.evosuite.TestGenerationContext - *** Resetting context
INFO  org.evosuite.testcase.execution.TestCaseExecutor - TestCaseExecutor instance is non-null, but its actual executor is null
INFO  org.evosuite.TestGenerationContext - *** Resetting context
INFO  org.evosuite.testcase.execution.TestCaseExecutor - TestCaseExecutor instance is non-null, but its actual executor is null
WARN  evo_logger - * Could not find class under test : java.lang.ClassNotFoundException:
INFO  org.evosuite.TestGenerationContext - *** Resetting context
INFO  org.evosuite.testcase.execution.TestCaseExecutor - TestCaseExecutor instance is non-null, but its actual executor is null
INFO  org.evosuite.TestGenerationContext - *** Resetting context
INFO  org.evosuite.testcase.execution.TestCaseExecutor - TestCaseExecutor instance is non-null, but its actual executor is null
INFO  org.evosuite.instrumentation.InstrumentingClassLoader - Seeing class for first time: com.examples.with.different.packagename.testcarver.ObjectWrapper
INFO  org.evosuite.instrumentation.BytecodeInstrumentation - Starting transformation of com/examples/with/different/packagename/testcarver/ObjectWrapper
INFO  org.evosuite.instrumentation.testability.StringTransformation - Current method: <init>
INFO  org.evosuite.instrumentation.testability.StringTransformation - Current method: set
INFO  org.evosuite.instrumentation.testability.StringTransformation - Current method: get
INFO  org.evosuite.runtime.instrumentation.MethodCallReplacementClassAdapter - Adding mock interface to class com/examples/with/different/packagename/testcarver/ObjectWrapper
INFO  org.evosuite.graphs.cfg.CFGClassAdapter - Analyzing CFG of com/examples/with/different/packagename/testcarver/ObjectWrapper
INFO  org.evosuite.graphs.cfg.CFGMethodAdapter - Analyzing method <init>()V in class com.examples.with.different.packagename.testcarver.ObjectWrapper
INFO  org.evosuite.graphs.cfg.CFGMethodAdapter - Generating CFG for method <init>()V
INFO  org.evosuite.graphs.cfg.RawControlFlowGraph - Creating new RawCFG for com.examples.with.different.packagename.testcarver.ObjectWrapper.<init>()V: 0
INFO  org.evosuite.graphs.cfg.CFGMethodAdapter - Created CFG for method <init>()V
INFO  org.evosuite.graphs.cfg.CFGMethodAdapter - Instrumenting method <init>()V in class com.examples.with.different.packagename.testcarver.ObjectWrapper
INFO  org.evosuite.graphs.cfg.CFGClassAdapter - Analyzing CFG of com/examples/with/different/packagename/testcarver/ObjectWrapper
INFO  org.evosuite.graphs.cfg.CFGMethodAdapter - Analyzing method set(Ljava/lang/Object;)V in class com.examples.with.different.packagename.testcarver.ObjectWrapper
INFO  org.evosuite.graphs.cfg.CFGMethodAdapter - Generating CFG for method set(Ljava/lang/Object;)V
INFO  org.evosuite.graphs.cfg.RawControlFlowGraph - Creating new RawCFG for com.examples.with.different.packagename.testcarver.ObjectWrapper.set(Ljava/lang/Object;)V: 0
INFO  org.evosuite.graphs.cfg.CFGMethodAdapter - Created CFG for method set(Ljava/lang/Object;)V
INFO  org.evosuite.graphs.cfg.CFGMethodAdapter - Instrumenting method set(Ljava/lang/Object;)V in class com.examples.with.different.packagename.testcarver.ObjectWrapper
INFO  org.evosuite.graphs.cfg.CFGClassAdapter - Analyzing CFG of com/examples/with/different/packagename/testcarver/ObjectWrapper
INFO  org.evosuite.graphs.cfg.CFGMethodAdapter - Analyzing method get()Ljava/lang/Object; in class com.examples.with.different.packagename.testcarver.ObjectWrapper
INFO  org.evosuite.graphs.cfg.CFGMethodAdapter - Generating CFG for method get()Ljava/lang/Object;
INFO  org.evosuite.graphs.cfg.RawControlFlowGraph - Creating new RawCFG for com.examples.with.different.packagename.testcarver.ObjectWrapper.get()Ljava/lang/Object;: 0
INFO  org.evosuite.graphs.cfg.CFGMethodAdapter - Created CFG for method get()Ljava/lang/Object;
INFO  org.evosuite.graphs.cfg.CFGMethodAdapter - Instrumenting method get()Ljava/lang/Object; in class com.examples.with.different.packagename.testcarver.ObjectWrapper
INFO  org.evosuite.graphs.cfg.CFGClassAdapter - Analyzing CFG of com/examples/with/different/packagename/testcarver/ObjectWrapper
INFO  org.evosuite.graphs.cfg.CFGMethodAdapter - Method has EvoSuite annotation: Lorg/evosuite/runtime/annotation/EvoSuiteExclude;
INFO  org.evosuite.runtime.instrumentation.CreateClassResetClassAdapter - Creating brand-new static initializer in class com/examples/with/different/packagename/testcarver/ObjectWrapper
INFO  org.evosuite.instrumentation.InstrumentingClassLoader - Loaded class: com.examples.with.different.packagename.testcarver.ObjectWrapper
INFO  evo_logger - * Executing tests from 1 test class for carving
INFO  org.evosuite.testcarver.extraction.CarvingClassLoader - Seeing class for first time: com.examples.with.different.packagename.testcarver.ObjectWrapper
WARN  org.evosuite.testcarver.extraction.CarvingClassLoader - Instrumenting class 'com.examples.with.different.packagename.testcarver.ObjectWrapper'.
INFO  org.evosuite.testcarver.instrument.Instrumenter - Checking package com.examples.with.different.packagename.testcarver for class com/examples/with/different/packagename/testcarver/ObjectWrapper
// class version 52.0 (52)
// access flags 0x21
public class com/examples/with/different/packagename/testcarver/ObjectWrapper {

  // compiled from: ObjectWrapper.java

  // access flags 0x2
  private Ljava/lang/Object; obj

  // access flags 0x2
  private _sw_prototype_original_init_sw_prototype_original_()V
    ALOAD 0
    INVOKESTATIC org/evosuite/testcarver/capture/FieldRegistry.register (Ljava/lang/Object;)V
    RETURN
   L0
    LOCALVARIABLE this Lcom/examples/with/different/packagename/testcarver/ObjectWrapper; L1 L0 0
    MAXSTACK = 5
    MAXLOCALS = 1

  // access flags 0x2
  private _sw_prototype_original_set(Ljava/lang/Object;)V
   L0
    LINENUMBER 27 L0
    ALOAD 0
    ALOAD 1
    DUP2
    PUTFIELD com/examples/with/different/packagename/testcarver/ObjectWrapper.obj : Ljava/lang/Object;
    POP
    LDC -2147483643
    LDC "com/examples/with/different/packagename/testcarver/ObjectWrapper"
    LDC "obj"
    LDC "Ljava/lang/Object;"
    INVOKESTATIC org/evosuite/testcarver/capture/FieldRegistry.notifyModification (Ljava/lang/Object;ILjava/lang/String;Ljava/lang/String;Ljava/lang/String;)V
   L1
    LINENUMBER 28 L1
    RETURN
   L2
    LOCALVARIABLE this Lcom/examples/with/different/packagename/testcarver/ObjectWrapper; L0 L2 0
    LOCALVARIABLE obj Ljava/lang/Object; L0 L2 1
    MAXSTACK = 6
    MAXLOCALS = 2

  // access flags 0x2
  private _sw_prototype_original_get()Ljava/lang/Object;
   L0
    LINENUMBER 31 L0
    ALOAD 0
    DUP
    GETFIELD com/examples/with/different/packagename/testcarver/ObjectWrapper.obj : Ljava/lang/Object;
    SWAP
    LDC -2147483640
    LDC "com/examples/with/different/packagename/testcarver/ObjectWrapper"
    LDC "obj"
    LDC "Ljava/lang/Object;"
    INVOKESTATIC org/evosuite/testcarver/capture/FieldRegistry.notifyReadAccess (Ljava/lang/Object;ILjava/lang/String;Ljava/lang/String;Ljava/lang/String;)V
    ARETURN
   L1
    LOCALVARIABLE this Lcom/examples/with/different/packagename/testcarver/ObjectWrapper; L0 L1 0
    MAXSTACK = 5
    MAXLOCALS = 1

  // access flags 0x1
  public <init>()V
    TRYCATCHBLOCK L0 L1 L1 java/lang/Throwable
   L2
    LINENUMBER 22 L2
    ALOAD 0
    INVOKESPECIAL java/lang/Object.<init> ()V
   L0
    LDC -2147483644
    ALOAD 0
    LDC "<init>"
    LDC "()V"
    BIPUSH 0
    ANEWARRAY java/lang/Object
    INVOKESTATIC org/evosuite/testcarver/capture/Capturer.capture (ILjava/lang/Object;Ljava/lang/String;Ljava/lang/String;[Ljava/lang/Object;)V
    ALOAD 0
    INVOKEVIRTUAL com/examples/with/different/packagename/testcarver/ObjectWrapper._sw_prototype_original_init_sw_prototype_original_ ()V
    GOTO L3
   L1
   FRAME SAME1 java/lang/Throwable
    ASTORE 1
    LDC -2147483644
    ALOAD 0
    GETSTATIC org/evosuite/testcarver/capture/CaptureLog.RETURN_TYPE_VOID : Ljava/lang/Object;
    INVOKESTATIC org/evosuite/testcarver/capture/Capturer.enable (ILjava/lang/Object;Ljava/lang/Object;)V
    ALOAD 1
    ATHROW
   L3
   FRAME SAME
    LDC -2147483644
    ALOAD 0
    GETSTATIC org/evosuite/testcarver/capture/CaptureLog.RETURN_TYPE_VOID : Ljava/lang/Object;
    INVOKESTATIC org/evosuite/testcarver/capture/Capturer.enable (ILjava/lang/Object;Ljava/lang/Object;)V
    RETURN
    MAXSTACK = 5
    MAXLOCALS = 0

  // access flags 0x1
  public set(Ljava/lang/Object;)V
    TRYCATCHBLOCK L0 L1 L1 java/lang/Throwable
   L0
    LDC -2147483641
    ALOAD 0
    LDC "set"
    LDC "(Ljava/lang/Object;)V"
    BIPUSH 1
    ANEWARRAY java/lang/Object
    DUP
    BIPUSH 0
    ALOAD 1
    AASTORE
    INVOKESTATIC org/evosuite/testcarver/capture/Capturer.capture (ILjava/lang/Object;Ljava/lang/String;Ljava/lang/String;[Ljava/lang/Object;)V
    ALOAD 0
    ALOAD 1
    INVOKEVIRTUAL com/examples/with/different/packagename/testcarver/ObjectWrapper._sw_prototype_original_set (Ljava/lang/Object;)V
    GOTO L2
   L1
   FRAME SAME1 java/lang/Throwable
    ASTORE 2
    LDC -2147483641
    ALOAD 0
    GETSTATIC org/evosuite/testcarver/capture/CaptureLog.RETURN_TYPE_VOID : Ljava/lang/Object;
    INVOKESTATIC org/evosuite/testcarver/capture/Capturer.enable (ILjava/lang/Object;Ljava/lang/Object;)V
    ALOAD 2
    ATHROW
   L2
   FRAME SAME
    LDC -2147483641
    ALOAD 0
    GETSTATIC org/evosuite/testcarver/capture/CaptureLog.RETURN_TYPE_VOID : Ljava/lang/Object;
    INVOKESTATIC org/evosuite/testcarver/capture/Capturer.enable (ILjava/lang/Object;Ljava/lang/Object;)V
    RETURN
    MAXSTACK = 6
    MAXLOCALS = 0

  // access flags 0x1
  public get()Ljava/lang/Object;
    TRYCATCHBLOCK L0 L1 L2 java/lang/Throwable
    ACONST_NULL
    ASTORE 1
   L0
    LDC -2147483639
    ALOAD 0
    LDC "get"
    LDC "()Ljava/lang/Object;"
    BIPUSH 0
    ANEWARRAY java/lang/Object
    INVOKESTATIC org/evosuite/testcarver/capture/Capturer.capture (ILjava/lang/Object;Ljava/lang/String;Ljava/lang/String;[Ljava/lang/Object;)V
    ALOAD 0
    INVOKEVIRTUAL com/examples/with/different/packagename/testcarver/ObjectWrapper._sw_prototype_original_get ()Ljava/lang/Object;
    ASTORE 1
    ALOAD 1
    ASTORE 3
   L1
    LDC -2147483639
    ALOAD 0
    ALOAD 1
    INVOKESTATIC org/evosuite/testcarver/capture/Capturer.enable (ILjava/lang/Object;Ljava/lang/Object;)V
    ALOAD 3
    ARETURN
   L2
   FRAME FULL [com/examples/with/different/packagename/testcarver/ObjectWrapper java/lang/Object] [java/lang/Throwable]
    ASTORE 2
    LDC -2147483639
    ALOAD 0
    ALOAD 1
    INVOKESTATIC org/evosuite/testcarver/capture/Capturer.enable (ILjava/lang/Object;Ljava/lang/Object;)V
    ALOAD 2
    ATHROW
    MAXSTACK = 5
    MAXLOCALS = 0
}
INFO  org.evosuite.testcarver.extraction.CarvingClassLoader - Keeping class: com.examples.with.different.packagename.testcarver.ObjectWrapper
INFO  org.evosuite.testcarver.extraction.CarvingClassLoader - Seeing class for first time: com.examples.with.different.packagename.testcarver.ObjectWrapperSequenceTest
WARN  org.evosuite.testcarver.extraction.CarvingClassLoader - Instrumenting class 'com.examples.with.different.packagename.testcarver.ObjectWrapperSequenceTest'.
INFO  org.evosuite.testcarver.instrument.Instrumenter - Checking package com.examples.with.different.packagename.testcarver for class com/examples/with/different/packagename/testcarver/ObjectWrapperSequenceTest
// class version 52.0 (52)
// access flags 0x21
public class com/examples/with/different/packagename/testcarver/ObjectWrapperSequenceTest {

  // compiled from: ObjectWrapperSequenceTest.java
  // access flags 0x9
  public static INNERCLASS com/examples/with/different/packagename/testcarver/ObjectWrapperSequenceTest$Foo com/examples/with/different/packagename/testcarver/ObjectWrapperSequenceTest Foo

  // access flags 0x2
  private _sw_prototype_original_init_sw_prototype_original_()V
    ALOAD 0
    INVOKESTATIC org/evosuite/testcarver/capture/FieldRegistry.register (Ljava/lang/Object;)V
    RETURN
   L0
    LOCALVARIABLE this Lcom/examples/with/different/packagename/testcarver/ObjectWrapperSequenceTest; L1 L0 0
    MAXSTACK = 5
    MAXLOCALS = 1

  // access flags 0x2
  private _sw_prototype_original_test()V
   L0
    LINENUMBER 41 L0
    BIPUSH 42
    ISTORE 1
   L1
    LINENUMBER 42 L1
    NEW com/examples/with/different/packagename/testcarver/ObjectWrapperSequenceTest$Foo
    DUP
    INVOKESPECIAL com/examples/with/different/packagename/testcarver/ObjectWrapperSequenceTest$Foo.<init> ()V
    ASTORE 2
   L2
    LINENUMBER 43 L2
    ALOAD 2
    ILOAD 1
    INVOKEVIRTUAL com/examples/with/different/packagename/testcarver/ObjectWrapperSequenceTest$Foo.setX (I)V
   L3
    LINENUMBER 45 L3
    NEW com/examples/with/different/packagename/testcarver/ObjectWrapper
    DUP
    INVOKESPECIAL com/examples/with/different/packagename/testcarver/ObjectWrapper.<init> ()V
    ASTORE 3
   L4
    LINENUMBER 46 L4
    ALOAD 3
    ALOAD 2
    INVOKEVIRTUAL com/examples/with/different/packagename/testcarver/ObjectWrapper.set (Ljava/lang/Object;)V
   L5
    LINENUMBER 47 L5
    LDC 42L
    ALOAD 3
    INVOKEVIRTUAL com/examples/with/different/packagename/testcarver/ObjectWrapper.get ()Ljava/lang/Object;
    CHECKCAST com/examples/with/different/packagename/testcarver/ObjectWrapperSequenceTest$Foo
    INVOKEVIRTUAL com/examples/with/different/packagename/testcarver/ObjectWrapperSequenceTest$Foo.getX ()I
    I2L
    INVOKESTATIC org/junit/Assert.assertEquals (JJ)V
   L6
    LINENUMBER 48 L6
    RETURN
   L7
    LOCALVARIABLE this Lcom/examples/with/different/packagename/testcarver/ObjectWrapperSequenceTest; L0 L7 0
    LOCALVARIABLE x I L1 L7 1
    LOCALVARIABLE foo Lcom/examples/with/different/packagename/testcarver/ObjectWrapperSequenceTest$Foo; L2 L7 2
    LOCALVARIABLE wrapper Lcom/examples/with/different/packagename/testcarver/ObjectWrapper; L4 L7 3
    MAXSTACK = 8
    MAXLOCALS = 4

  // access flags 0x1
  public <init>()V
    TRYCATCHBLOCK L0 L1 L1 java/lang/Throwable
   L2
    LINENUMBER 25 L2
    ALOAD 0
    INVOKESPECIAL java/lang/Object.<init> ()V
   L0
    LDC -2147483638
    ALOAD 0
    LDC "<init>"
    LDC "()V"
    BIPUSH 0
    ANEWARRAY java/lang/Object
    INVOKESTATIC org/evosuite/testcarver/capture/Capturer.capture (ILjava/lang/Object;Ljava/lang/String;Ljava/lang/String;[Ljava/lang/Object;)V
    ALOAD 0
    INVOKEVIRTUAL com/examples/with/different/packagename/testcarver/ObjectWrapperSequenceTest._sw_prototype_original_init_sw_prototype_original_ ()V
    GOTO L3
   L1
   FRAME SAME1 java/lang/Throwable
    ASTORE 1
    LDC -2147483638
    ALOAD 0
    GETSTATIC org/evosuite/testcarver/capture/CaptureLog.RETURN_TYPE_VOID : Ljava/lang/Object;
    INVOKESTATIC org/evosuite/testcarver/capture/Capturer.enable (ILjava/lang/Object;Ljava/lang/Object;)V
    ALOAD 1
    ATHROW
   L3
   FRAME SAME
    LDC -2147483638
    ALOAD 0
    GETSTATIC org/evosuite/testcarver/capture/CaptureLog.RETURN_TYPE_VOID : Ljava/lang/Object;
    INVOKESTATIC org/evosuite/testcarver/capture/Capturer.enable (ILjava/lang/Object;Ljava/lang/Object;)V
    RETURN
    MAXSTACK = 5
    MAXLOCALS = 0

  // access flags 0x1
  public test()V
  @Lorg/junit/Test;()
    TRYCATCHBLOCK L0 L1 L1 java/lang/Throwable
   L0
    LDC -2147483637
    ALOAD 0
    LDC "test"
    LDC "()V"
    BIPUSH 0
    ANEWARRAY java/lang/Object
    INVOKESTATIC org/evosuite/testcarver/capture/Capturer.capture (ILjava/lang/Object;Ljava/lang/String;Ljava/lang/String;[Ljava/lang/Object;)V
    ALOAD 0
    INVOKEVIRTUAL com/examples/with/different/packagename/testcarver/ObjectWrapperSequenceTest._sw_prototype_original_test ()V
    GOTO L2
   L1
   FRAME SAME1 java/lang/Throwable
    ASTORE 1
    LDC -2147483637
    ALOAD 0
    GETSTATIC org/evosuite/testcarver/capture/CaptureLog.RETURN_TYPE_VOID : Ljava/lang/Object;
    INVOKESTATIC org/evosuite/testcarver/capture/Capturer.enable (ILjava/lang/Object;Ljava/lang/Object;)V
    ALOAD 1
    ATHROW
   L2
   FRAME SAME
    LDC -2147483637
    ALOAD 0
    GETSTATIC org/evosuite/testcarver/capture/CaptureLog.RETURN_TYPE_VOID : Ljava/lang/Object;
    INVOKESTATIC org/evosuite/testcarver/capture/Capturer.enable (ILjava/lang/Object;Ljava/lang/Object;)V
    RETURN
    MAXSTACK = 8
    MAXLOCALS = 0
}
INFO  org.evosuite.testcarver.extraction.CarvingClassLoader - Keeping class: com.examples.with.different.packagename.testcarver.ObjectWrapperSequenceTest
INFO  org.evosuite.testcarver.extraction.CarvingRunListener - Not yet reached maximum time to carve unit tests - executing test with carver
INFO  org.evosuite.testcarver.capture.Capturer - Starting Capturer...
INFO  org.evosuite.testcarver.capture.Capturer - Capturer has been started successfully
INFO  org.evosuite.testcarver.extraction.CarvingClassLoader - Seeing class for first time: com.examples.with.different.packagename.testcarver.ObjectWrapperSequenceTest$Foo
WARN  org.evosuite.testcarver.extraction.CarvingClassLoader - Instrumenting class 'com.examples.with.different.packagename.testcarver.ObjectWrapperSequenceTest$Foo'.
INFO  org.evosuite.testcarver.instrument.Instrumenter - ASM Bug: Inner class equals class.
INFO  org.evosuite.testcarver.instrument.Instrumenter - Checking package com.examples.with.different.packagename.testcarver for class com/examples/with/different/packagename/testcarver/ObjectWrapperSequenceTest$Foo
// class version 52.0 (52)
// access flags 0x21
public class com/examples/with/different/packagename/testcarver/ObjectWrapperSequenceTest$Foo {

  // compiled from: ObjectWrapperSequenceTest.java
  // access flags 0x9
  public static INNERCLASS com/examples/with/different/packagename/testcarver/ObjectWrapperSequenceTest$Foo com/examples/with/different/packagename/testcarver/ObjectWrapperSequenceTest Foo

  // access flags 0x2
  private I x

  // access flags 0x2
  private _sw_prototype_original_init_sw_prototype_original_()V
    ALOAD 0
    INVOKESTATIC org/evosuite/testcarver/capture/FieldRegistry.register (Ljava/lang/Object;)V
   L0
    LINENUMBER 28 L0
    ALOAD 0
    ICONST_0
    DUP2
    PUTFIELD com/examples/with/different/packagename/testcarver/ObjectWrapperSequenceTest$Foo.x : I
    POP
    LDC -2147483636
    LDC "com/examples/with/different/packagename/testcarver/ObjectWrapperSequenceTest$Foo"
    LDC "x"
    LDC "I"
    INVOKESTATIC org/evosuite/testcarver/capture/FieldRegistry.notifyModification (Ljava/lang/Object;ILjava/lang/String;Ljava/lang/String;Ljava/lang/String;)V
    RETURN
   L1
    LOCALVARIABLE this Lcom/examples/with/different/packagename/testcarver/ObjectWrapperSequenceTest$Foo; L2 L1 0
    MAXSTACK = 6
    MAXLOCALS = 1

  // access flags 0x2
  private _sw_prototype_original_getX()I
   L0
    LINENUMBER 31 L0
    ALOAD 0
    DUP
    GETFIELD com/examples/with/different/packagename/testcarver/ObjectWrapperSequenceTest$Foo.x : I
    SWAP
    LDC -2147483633
    LDC "com/examples/with/different/packagename/testcarver/ObjectWrapperSequenceTest$Foo"
    LDC "x"
    LDC "I"
    INVOKESTATIC org/evosuite/testcarver/capture/FieldRegistry.notifyReadAccess (Ljava/lang/Object;ILjava/lang/String;Ljava/lang/String;Ljava/lang/String;)V
    IRETURN
   L1
    LOCALVARIABLE this Lcom/examples/with/different/packagename/testcarver/ObjectWrapperSequenceTest$Foo; L0 L1 0
    MAXSTACK = 5
    MAXLOCALS = 1

  // access flags 0x2
  private _sw_prototype_original_setX(I)V
   L0
    LINENUMBER 35 L0
    ALOAD 0
    ILOAD 1
    DUP2
    PUTFIELD com/examples/with/different/packagename/testcarver/ObjectWrapperSequenceTest$Foo.x : I
    POP
    LDC -2147483631
    LDC "com/examples/with/different/packagename/testcarver/ObjectWrapperSequenceTest$Foo"
    LDC "x"
    LDC "I"
    INVOKESTATIC org/evosuite/testcarver/capture/FieldRegistry.notifyModification (Ljava/lang/Object;ILjava/lang/String;Ljava/lang/String;Ljava/lang/String;)V
   L1
    LINENUMBER 36 L1
    RETURN
   L2
    LOCALVARIABLE this Lcom/examples/with/different/packagename/testcarver/ObjectWrapperSequenceTest$Foo; L0 L2 0
    LOCALVARIABLE x I L0 L2 1
    MAXSTACK = 6
    MAXLOCALS = 2

  // access flags 0x1
  public <init>()V
    TRYCATCHBLOCK L0 L1 L1 java/lang/Throwable
   L2
    LINENUMBER 27 L2
    ALOAD 0
    INVOKESPECIAL java/lang/Object.<init> ()V
   L0
    LDC -2147483634
    ALOAD 0
    LDC "<init>"
    LDC "()V"
    BIPUSH 0
    ANEWARRAY java/lang/Object
    INVOKESTATIC org/evosuite/testcarver/capture/Capturer.capture (ILjava/lang/Object;Ljava/lang/String;Ljava/lang/String;[Ljava/lang/Object;)V
    ALOAD 0
    INVOKEVIRTUAL com/examples/with/different/packagename/testcarver/ObjectWrapperSequenceTest$Foo._sw_prototype_original_init_sw_prototype_original_ ()V
    GOTO L3
   L1
   FRAME SAME1 java/lang/Throwable
    ASTORE 1
    LDC -2147483634
    ALOAD 0
    GETSTATIC org/evosuite/testcarver/capture/CaptureLog.RETURN_TYPE_VOID : Ljava/lang/Object;
    INVOKESTATIC org/evosuite/testcarver/capture/Capturer.enable (ILjava/lang/Object;Ljava/lang/Object;)V
    ALOAD 1
    ATHROW
   L3
   FRAME SAME
    LDC -2147483634
    ALOAD 0
    GETSTATIC org/evosuite/testcarver/capture/CaptureLog.RETURN_TYPE_VOID : Ljava/lang/Object;
    INVOKESTATIC org/evosuite/testcarver/capture/Capturer.enable (ILjava/lang/Object;Ljava/lang/Object;)V
    RETURN
    MAXSTACK = 6
    MAXLOCALS = 0

  // access flags 0x1
  public getX()I
    TRYCATCHBLOCK L0 L1 L2 java/lang/Throwable
    ACONST_NULL
    ASTORE 1
   L0
    LDC -2147483632
    ALOAD 0
    LDC "getX"
    LDC "()I"
    BIPUSH 0
    ANEWARRAY java/lang/Object
    INVOKESTATIC org/evosuite/testcarver/capture/Capturer.capture (ILjava/lang/Object;Ljava/lang/String;Ljava/lang/String;[Ljava/lang/Object;)V
    ALOAD 0
    INVOKEVIRTUAL com/examples/with/different/packagename/testcarver/ObjectWrapperSequenceTest$Foo._sw_prototype_original_getX ()I
    INVOKESTATIC java/lang/Integer.valueOf (I)Ljava/lang/Integer;
    ASTORE 1
    ALOAD 1
    INVOKEVIRTUAL java/lang/Integer.intValue ()I
    ISTORE 3
   L1
    LDC -2147483632
    ALOAD 0
    ALOAD 1
    INVOKESTATIC org/evosuite/testcarver/capture/Capturer.enable (ILjava/lang/Object;Ljava/lang/Object;)V
    ILOAD 3
    IRETURN
   L2
   FRAME FULL [com/examples/with/different/packagename/testcarver/ObjectWrapperSequenceTest$Foo java/lang/Integer] [java/lang/Throwable]
    ASTORE 2
    LDC -2147483632
    ALOAD 0
    ALOAD 1
    INVOKESTATIC org/evosuite/testcarver/capture/Capturer.enable (ILjava/lang/Object;Ljava/lang/Object;)V
    ALOAD 2
    ATHROW
    MAXSTACK = 5
    MAXLOCALS = 0

  // access flags 0x1
  public setX(I)V
    TRYCATCHBLOCK L0 L1 L1 java/lang/Throwable
   L0
    LDC -2147483629
    ALOAD 0
    LDC "setX"
    LDC "(I)V"
    BIPUSH 1
    ANEWARRAY java/lang/Object
    DUP
    BIPUSH 0
    ILOAD 1
    INVOKESTATIC java/lang/Integer.valueOf (I)Ljava/lang/Integer;
    AASTORE
    INVOKESTATIC org/evosuite/testcarver/capture/Capturer.capture (ILjava/lang/Object;Ljava/lang/String;Ljava/lang/String;[Ljava/lang/Object;)V
    ALOAD 0
    ILOAD 1
    INVOKEVIRTUAL com/examples/with/different/packagename/testcarver/ObjectWrapperSequenceTest$Foo._sw_prototype_original_setX (I)V
    GOTO L2
   L1
   FRAME SAME1 java/lang/Throwable
    ASTORE 2
    LDC -2147483629
    ALOAD 0
    GETSTATIC org/evosuite/testcarver/capture/CaptureLog.RETURN_TYPE_VOID : Ljava/lang/Object;
    INVOKESTATIC org/evosuite/testcarver/capture/Capturer.enable (ILjava/lang/Object;Ljava/lang/Object;)V
    ALOAD 2
    ATHROW
   L2
   FRAME SAME
    LDC -2147483629
    ALOAD 0
    GETSTATIC org/evosuite/testcarver/capture/CaptureLog.RETURN_TYPE_VOID : Ljava/lang/Object;
    INVOKESTATIC org/evosuite/testcarver/capture/Capturer.enable (ILjava/lang/Object;Ljava/lang/Object;)V
    RETURN
    MAXSTACK = 6
    MAXLOCALS = 0
}
INFO  org.evosuite.testcarver.extraction.CarvingClassLoader - Keeping class: com.examples.with.different.packagename.testcarver.ObjectWrapperSequenceTest$Foo
INFO  org.evosuite.testcarver.capture.Capturer - Stopping Capturer...
INFO  org.evosuite.testcarver.capture.Capturer - Capturer has been stopped successfully
INFO  evo_logger -  - Carving test com.examples.with.different.packagename.testcarver.ObjectWrapperSequenceTest.test
INFO  org.evosuite.instrumentation.InstrumentingClassLoader - Seeing class for first time: com.examples.with.different.packagename.testcarver.ObjectWrapperSequenceTest$Foo
INFO  org.evosuite.instrumentation.BytecodeInstrumentation - Starting transformation of com/examples/with/different/packagename/testcarver/ObjectWrapperSequenceTest$Foo
INFO  org.evosuite.runtime.instrumentation.MethodCallReplacementClassAdapter - Adding mock interface to class com/examples/with/different/packagename/testcarver/ObjectWrapperSequenceTest$Foo
INFO  org.evosuite.runtime.instrumentation.CreateClassResetClassAdapter - Creating brand-new static initializer in class com/examples/with/different/packagename/testcarver/ObjectWrapperSequenceTest$Foo
INFO  org.evosuite.instrumentation.InstrumentingClassLoader - Loaded class: com.examples.with.different.packagename.testcarver.ObjectWrapperSequenceTest$Foo
INFO  org.evosuite.instrumentation.InstrumentingClassLoader - Seeing class for first time: com.examples.with.different.packagename.testcarver.ObjectWrapperSequenceTest
INFO  org.evosuite.instrumentation.BytecodeInstrumentation - Starting transformation of com/examples/with/different/packagename/testcarver/ObjectWrapperSequenceTest
INFO  org.evosuite.runtime.instrumentation.MethodCallReplacementClassAdapter - Adding mock interface to class com/examples/with/different/packagename/testcarver/ObjectWrapperSequenceTest
INFO  org.evosuite.runtime.instrumentation.CreateClassResetClassAdapter - Creating brand-new static initializer in class com/examples/with/different/packagename/testcarver/ObjectWrapperSequenceTest
INFO  org.evosuite.instrumentation.InstrumentingClassLoader - Loaded class: com.examples.with.different.packagename.testcarver.ObjectWrapperSequenceTest
INFO  org.evosuite.testcarver.extraction.CarvingRunListener - Carved test of length 6
INFO  org.evosuite.utils.generic.GenericTypeInference - Type map empty
INFO  org.evosuite.utils.generic.GenericTypeInference - Type map empty
INFO  org.evosuite.testcarver.extraction.CarvingManager - Result: 0/1
INFO  org.evosuite.testcase.execution.TestCaseExecutor - No stalled threads
INFO  org.evosuite.testcarver.extraction.CarvingManager - Adding carved test without exception
INFO  org.evosuite.testcarver.extraction.CarvingManager - ObjectWrapper objectWrapper0 = new ObjectWrapper();
ObjectWrapperSequenceTest.Foo objectWrapperSequenceTest_Foo0 = new ObjectWrapperSequenceTest.Foo();
int int0 = 42;
objectWrapperSequenceTest_Foo0.setX(int0);
objectWrapper0.set(objectWrapperSequenceTest_Foo0);
objectWrapper0.get();

INFO  evo_logger -  -> Carved 1 tests for class class com.examples.with.different.packagename.testcarver.ObjectWrapper from existing JUnit tests
INFO  evo_logger - * Using 1 carved tests from existing JUnit tests for seeding
INFO  org.evosuite.coverage.branch.BranchCoverageSuiteFitness - Total branch coverage goals: 3
INFO  org.evosuite.coverage.branch.BranchCoverageSuiteFitness - Total branches: 0
INFO  org.evosuite.coverage.branch.BranchCoverageSuiteFitness - Total branchless methods: 3
INFO  org.evosuite.coverage.branch.BranchCoverageSuiteFitness - Total methods: 3: [com.examples.with.different.packagename.testcarver.ObjectWrapper.get()Ljava/lang/Object;, com.examples.with.different.packagename.testcarver.ObjectWrapper.set(Ljava/lang/Object;)V, com.examples.with.different.packagename.testcarver.ObjectWrapper.<init>()V]
INFO  org.evosuite.coverage.branch.BranchCoverageSuiteFitness - (Methods) Best individual covers 0/0 branches and 3/3 methods
INFO  org.evosuite.coverage.branch.BranchCoverageSuiteFitness - Fitness: 0.0, size: 1, length: 6
INFO  org.evosuite.coverage.branch.BranchCoverageSuiteFitness - (Fitness) Best individual covers 0/0 branches and 3/3 methods
INFO  org.evosuite.coverage.branch.BranchCoverageSuiteFitness - Fitness: 0.0, size: 1, length: 6
INFO  org.evosuite.testcase.factories.JUnitTestCarvedChromosomeFactory - Cloning user test
INFO  org.evosuite.TestGenerationContext - *** Resetting context
INFO  org.evosuite.testcase.execution.TestCaseExecutor - TestCaseExecutor instance is non-null, but its actual executor is null
INFO  org.evosuite.TestGenerationContext - *** Resetting context
INFO  org.evosuite.testcase.execution.TestCaseExecutor - TestCaseExecutor instance is non-null, but its actual executor is null
INFO  org.evosuite.instrumentation.InstrumentingClassLoader - Seeing class for first time: com.examples.with.different.packagename.testcarver.InnerCalls
INFO  org.evosuite.instrumentation.BytecodeInstrumentation - Starting transformation of com/examples/with/different/packagename/testcarver/InnerCalls
INFO  org.evosuite.instrumentation.testability.StringTransformation - Current method: <init>
INFO  org.evosuite.instrumentation.testability.StringTransformation - Current method: printA
INFO  org.evosuite.instrumentation.testability.StringTransformation - Current method: printB
INFO  org.evosuite.instrumentation.testability.StringTransformation - Current method: printAandB
INFO  org.evosuite.runtime.instrumentation.MethodCallReplacementClassAdapter - Adding mock interface to class com/examples/with/different/packagename/testcarver/InnerCalls
INFO  org.evosuite.graphs.cfg.CFGClassAdapter - Analyzing CFG of com/examples/with/different/packagename/testcarver/InnerCalls
INFO  org.evosuite.graphs.cfg.CFGMethodAdapter - Analyzing method <init>()V in class com.examples.with.different.packagename.testcarver.InnerCalls
INFO  org.evosuite.graphs.cfg.CFGMethodAdapter - Generating CFG for method <init>()V
INFO  org.evosuite.graphs.cfg.RawControlFlowGraph - Creating new RawCFG for com.examples.with.different.packagename.testcarver.InnerCalls.<init>()V: 0
INFO  org.evosuite.graphs.cfg.CFGMethodAdapter - Created CFG for method <init>()V
INFO  org.evosuite.graphs.cfg.CFGMethodAdapter - Instrumenting method <init>()V in class com.examples.with.different.packagename.testcarver.InnerCalls
INFO  org.evosuite.graphs.cfg.CFGClassAdapter - Analyzing CFG of com/examples/with/different/packagename/testcarver/InnerCalls
INFO  org.evosuite.graphs.cfg.CFGMethodAdapter - Analyzing method printA()V in class com.examples.with.different.packagename.testcarver.InnerCalls
INFO  org.evosuite.graphs.cfg.CFGMethodAdapter - Generating CFG for method printA()V
INFO  org.evosuite.graphs.cfg.RawControlFlowGraph - Creating new RawCFG for com.examples.with.different.packagename.testcarver.InnerCalls.printA()V: 0
INFO  org.evosuite.graphs.cfg.CFGMethodAdapter - Created CFG for method printA()V
INFO  org.evosuite.graphs.cfg.CFGMethodAdapter - Instrumenting method printA()V in class com.examples.with.different.packagename.testcarver.InnerCalls
INFO  org.evosuite.graphs.cfg.CFGClassAdapter - Analyzing CFG of com/examples/with/different/packagename/testcarver/InnerCalls
INFO  org.evosuite.graphs.cfg.CFGMethodAdapter - Analyzing method printB()V in class com.examples.with.different.packagename.testcarver.InnerCalls
INFO  org.evosuite.graphs.cfg.CFGMethodAdapter - Generating CFG for method printB()V
INFO  org.evosuite.graphs.cfg.RawControlFlowGraph - Creating new RawCFG for com.examples.with.different.packagename.testcarver.InnerCalls.printB()V: 0
INFO  org.evosuite.graphs.cfg.CFGMethodAdapter - Created CFG for method printB()V
INFO  org.evosuite.graphs.cfg.CFGMethodAdapter - Instrumenting method printB()V in class com.examples.with.different.packagename.testcarver.InnerCalls
INFO  org.evosuite.graphs.cfg.CFGClassAdapter - Analyzing CFG of com/examples/with/different/packagename/testcarver/InnerCalls
INFO  org.evosuite.graphs.cfg.CFGMethodAdapter - Analyzing method printAandB()V in class com.examples.with.different.packagename.testcarver.InnerCalls
INFO  org.evosuite.graphs.cfg.CFGMethodAdapter - Generating CFG for method printAandB()V
INFO  org.evosuite.graphs.cfg.RawControlFlowGraph - Creating new RawCFG for com.examples.with.different.packagename.testcarver.InnerCalls.printAandB()V: 0
INFO  org.evosuite.graphs.cfg.CFGMethodAdapter - Created CFG for method printAandB()V
INFO  org.evosuite.graphs.cfg.CFGMethodAdapter - Instrumenting method printAandB()V in class com.examples.with.different.packagename.testcarver.InnerCalls
INFO  org.evosuite.graphs.cfg.CFGClassAdapter - Analyzing CFG of com/examples/with/different/packagename/testcarver/InnerCalls
INFO  org.evosuite.graphs.cfg.CFGMethodAdapter - Method has EvoSuite annotation: Lorg/evosuite/runtime/annotation/EvoSuiteExclude;
INFO  org.evosuite.runtime.instrumentation.CreateClassResetClassAdapter - Creating brand-new static initializer in class com/examples/with/different/packagename/testcarver/InnerCalls
INFO  org.evosuite.instrumentation.InstrumentingClassLoader - Loaded class: com.examples.with.different.packagename.testcarver.InnerCalls
INFO  evo_logger - * Executing tests from 1 test class for carving
INFO  org.evosuite.testcarver.extraction.CarvingClassLoader - Seeing class for first time: com.examples.with.different.packagename.testcarver.InnerCalls
WARN  org.evosuite.testcarver.extraction.CarvingClassLoader - Instrumenting class 'com.examples.with.different.packagename.testcarver.InnerCalls'.
INFO  org.evosuite.testcarver.instrument.Instrumenter - Checking package com.examples.with.different.packagename.testcarver for class com/examples/with/different/packagename/testcarver/InnerCalls
// class version 52.0 (52)
// access flags 0x21
public class com/examples/with/different/packagename/testcarver/InnerCalls {

  // compiled from: InnerCalls.java

  // access flags 0x2
  private _sw_prototype_original_init_sw_prototype_original_()V
    ALOAD 0
    INVOKESTATIC org/evosuite/testcarver/capture/FieldRegistry.register (Ljava/lang/Object;)V
    RETURN
   L0
    LOCALVARIABLE this Lcom/examples/with/different/packagename/testcarver/InnerCalls; L1 L0 0
    MAXSTACK = 5
    MAXLOCALS = 1

  // access flags 0x2
  private _sw_prototype_original_printA()V
   L0
    LINENUMBER 25 L0
    GETSTATIC java/lang/System.out : Ljava/io/PrintStream;
    ACONST_NULL
    LDC -2147483643
    LDC "java/lang/System"
    LDC "out"
    LDC "Ljava/io/PrintStream;"
    INVOKESTATIC org/evosuite/testcarver/capture/FieldRegistry.notifyReadAccess (Ljava/lang/Object;ILjava/lang/String;Ljava/lang/String;Ljava/lang/String;)V
    LDC "A"
    INVOKEVIRTUAL java/io/PrintStream.println (Ljava/lang/String;)V
   L1
    LINENUMBER 26 L1
    RETURN
   L2
    LOCALVARIABLE this Lcom/examples/with/different/packagename/testcarver/InnerCalls; L0 L2 0
    MAXSTACK = 6
    MAXLOCALS = 1

  // access flags 0x2
  private _sw_prototype_original_printB()V
   L0
    LINENUMBER 29 L0
    GETSTATIC java/lang/System.out : Ljava/io/PrintStream;
    ACONST_NULL
    LDC -2147483641
    LDC "java/lang/System"
    LDC "out"
    LDC "Ljava/io/PrintStream;"
    INVOKESTATIC org/evosuite/testcarver/capture/FieldRegistry.notifyReadAccess (Ljava/lang/Object;ILjava/lang/String;Ljava/lang/String;Ljava/lang/String;)V
    LDC "B"
    INVOKEVIRTUAL java/io/PrintStream.println (Ljava/lang/String;)V
   L1
    LINENUMBER 30 L1
    RETURN
   L2
    LOCALVARIABLE this Lcom/examples/with/different/packagename/testcarver/InnerCalls; L0 L2 0
    MAXSTACK = 6
    MAXLOCALS = 1

  // access flags 0x2
  private _sw_prototype_original_printAandB()V
   L0
    LINENUMBER 33 L0
    ALOAD 0
    INVOKEVIRTUAL com/examples/with/different/packagename/testcarver/InnerCalls.printA ()V
   L1
    LINENUMBER 34 L1
    ALOAD 0
    INVOKEVIRTUAL com/examples/with/different/packagename/testcarver/InnerCalls.printB ()V
   L2
    LINENUMBER 35 L2
    RETURN
   L3
    LOCALVARIABLE this Lcom/examples/with/different/packagename/testcarver/InnerCalls; L0 L3 0
    MAXSTACK = 5
    MAXLOCALS = 1

  // access flags 0x1
  public <init>()V
    TRYCATCHBLOCK L0 L1 L1 java/lang/Throwable
   L2
    LINENUMBER 22 L2
    ALOAD 0
    INVOKESPECIAL java/lang/Object.<init> ()V
   L0
    LDC -2147483644
    ALOAD 0
    LDC "<init>"
    LDC "()V"
    BIPUSH 0
    ANEWARRAY java/lang/Object
    INVOKESTATIC org/evosuite/testcarver/capture/Capturer.capture (ILjava/lang/Object;Ljava/lang/String;Ljava/lang/String;[Ljava/lang/Object;)V
    ALOAD 0
    INVOKEVIRTUAL com/examples/with/different/packagename/testcarver/InnerCalls._sw_prototype_original_init_sw_prototype_original_ ()V
    GOTO L3
   L1
   FRAME SAME1 java/lang/Throwable
    ASTORE 1
    LDC -2147483644
    ALOAD 0
    GETSTATIC org/evosuite/testcarver/capture/CaptureLog.RETURN_TYPE_VOID : Ljava/lang/Object;
    INVOKESTATIC org/evosuite/testcarver/capture/Capturer.enable (ILjava/lang/Object;Ljava/lang/Object;)V
    ALOAD 1
    ATHROW
   L3
   FRAME SAME
    LDC -2147483644
    ALOAD 0
    GETSTATIC org/evosuite/testcarver/capture/CaptureLog.RETURN_TYPE_VOID : Ljava/lang/Object;
    INVOKESTATIC org/evosuite/testcarver/capture/Capturer.enable (ILjava/lang/Object;Ljava/lang/Object;)V
    RETURN
    MAXSTACK = 5
    MAXLOCALS = 0

  // access flags 0x1
  public printA()V
    TRYCATCHBLOCK L0 L1 L1 java/lang/Throwable
   L0
    LDC -2147483642
    ALOAD 0
    LDC "printA"
    LDC "()V"
    BIPUSH 0
    ANEWARRAY java/lang/Object
    INVOKESTATIC org/evosuite/testcarver/capture/Capturer.capture (ILjava/lang/Object;Ljava/lang/String;Ljava/lang/String;[Ljava/lang/Object;)V
    ALOAD 0
    INVOKEVIRTUAL com/examples/with/different/packagename/testcarver/InnerCalls._sw_prototype_original_printA ()V
    GOTO L2
   L1
   FRAME SAME1 java/lang/Throwable
    ASTORE 1
    LDC -2147483642
    ALOAD 0
    GETSTATIC org/evosuite/testcarver/capture/CaptureLog.RETURN_TYPE_VOID : Ljava/lang/Object;
    INVOKESTATIC org/evosuite/testcarver/capture/Capturer.enable (ILjava/lang/Object;Ljava/lang/Object;)V
    ALOAD 1
    ATHROW
   L2
   FRAME SAME
    LDC -2147483642
    ALOAD 0
    GETSTATIC org/evosuite/testcarver/capture/CaptureLog.RETURN_TYPE_VOID : Ljava/lang/Object;
    INVOKESTATIC org/evosuite/testcarver/capture/Capturer.enable (ILjava/lang/Object;Ljava/lang/Object;)V
    RETURN
    MAXSTACK = 6
    MAXLOCALS = 0

  // access flags 0x1
  public printB()V
    TRYCATCHBLOCK L0 L1 L1 java/lang/Throwable
   L0
    LDC -2147483640
    ALOAD 0
    LDC "printB"
    LDC "()V"
    BIPUSH 0
    ANEWARRAY java/lang/Object
    INVOKESTATIC org/evosuite/testcarver/capture/Capturer.capture (ILjava/lang/Object;Ljava/lang/String;Ljava/lang/String;[Ljava/lang/Object;)V
    ALOAD 0
    INVOKEVIRTUAL com/examples/with/different/packagename/testcarver/InnerCalls._sw_prototype_original_printB ()V
    GOTO L2
   L1
   FRAME SAME1 java/lang/Throwable
    ASTORE 1
    LDC -2147483640
    ALOAD 0
    GETSTATIC org/evosuite/testcarver/capture/CaptureLog.RETURN_TYPE_VOID : Ljava/lang/Object;
    INVOKESTATIC org/evosuite/testcarver/capture/Capturer.enable (ILjava/lang/Object;Ljava/lang/Object;)V
    ALOAD 1
    ATHROW
   L2
   FRAME SAME
    LDC -2147483640
    ALOAD 0
    GETSTATIC org/evosuite/testcarver/capture/CaptureLog.RETURN_TYPE_VOID : Ljava/lang/Object;
    INVOKESTATIC org/evosuite/testcarver/capture/Capturer.enable (ILjava/lang/Object;Ljava/lang/Object;)V
    RETURN
    MAXSTACK = 6
    MAXLOCALS = 0

  // access flags 0x1
  public printAandB()V
    TRYCATCHBLOCK L0 L1 L1 java/lang/Throwable
   L0
    LDC -2147483639
    ALOAD 0
    LDC "printAandB"
    LDC "()V"
    BIPUSH 0
    ANEWARRAY java/lang/Object
    INVOKESTATIC org/evosuite/testcarver/capture/Capturer.capture (ILjava/lang/Object;Ljava/lang/String;Ljava/lang/String;[Ljava/lang/Object;)V
    ALOAD 0
    INVOKEVIRTUAL com/examples/with/different/packagename/testcarver/InnerCalls._sw_prototype_original_printAandB ()V
    GOTO L2
   L1
   FRAME SAME1 java/lang/Throwable
    ASTORE 1
    LDC -2147483639
    ALOAD 0
    GETSTATIC org/evosuite/testcarver/capture/CaptureLog.RETURN_TYPE_VOID : Ljava/lang/Object;
    INVOKESTATIC org/evosuite/testcarver/capture/Capturer.enable (ILjava/lang/Object;Ljava/lang/Object;)V
    ALOAD 1
    ATHROW
   L2
   FRAME SAME
    LDC -2147483639
    ALOAD 0
    GETSTATIC org/evosuite/testcarver/capture/CaptureLog.RETURN_TYPE_VOID : Ljava/lang/Object;
    INVOKESTATIC org/evosuite/testcarver/capture/Capturer.enable (ILjava/lang/Object;Ljava/lang/Object;)V
    RETURN
    MAXSTACK = 5
    MAXLOCALS = 0
}
INFO  org.evosuite.testcarver.extraction.CarvingClassLoader - Keeping class: com.examples.with.different.packagename.testcarver.InnerCalls
INFO  org.evosuite.testcarver.extraction.CarvingClassLoader - Seeing class for first time: com.examples.with.different.packagename.testcarver.InnerCallsTest
WARN  org.evosuite.testcarver.extraction.CarvingClassLoader - Instrumenting class 'com.examples.with.different.packagename.testcarver.InnerCallsTest'.
INFO  org.evosuite.testcarver.instrument.Instrumenter - Checking package com.examples.with.different.packagename.testcarver for class com/examples/with/different/packagename/testcarver/InnerCallsTest
// class version 52.0 (52)
// access flags 0x21
public class com/examples/with/different/packagename/testcarver/InnerCallsTest {

  // compiled from: InnerCallsTest.java

  // access flags 0x2
  private _sw_prototype_original_init_sw_prototype_original_()V
    ALOAD 0
    INVOKESTATIC org/evosuite/testcarver/capture/FieldRegistry.register (Ljava/lang/Object;)V
    RETURN
   L0
    LOCALVARIABLE this Lcom/examples/with/different/packagename/testcarver/InnerCallsTest; L1 L0 0
    MAXSTACK = 5
    MAXLOCALS = 1

  // access flags 0x2
  private _sw_prototype_original_test()V
   L0
    LINENUMBER 28 L0
    NEW com/examples/with/different/packagename/testcarver/InnerCalls
    DUP
    INVOKESPECIAL com/examples/with/different/packagename/testcarver/InnerCalls.<init> ()V
    ASTORE 1
   L1
    LINENUMBER 29 L1
    ALOAD 1
    INVOKEVIRTUAL com/examples/with/different/packagename/testcarver/InnerCalls.printA ()V
   L2
    LINENUMBER 30 L2
    ALOAD 1
    INVOKEVIRTUAL com/examples/with/different/packagename/testcarver/InnerCalls.printB ()V
   L3
    LINENUMBER 31 L3
    ALOAD 1
    INVOKEVIRTUAL com/examples/with/different/packagename/testcarver/InnerCalls.printAandB ()V
   L4
    LINENUMBER 32 L4
    RETURN
   L5
    LOCALVARIABLE this Lcom/examples/with/different/packagename/testcarver/InnerCallsTest; L0 L5 0
    LOCALVARIABLE foo Lcom/examples/with/different/packagename/testcarver/InnerCalls; L1 L5 1
    MAXSTACK = 6
    MAXLOCALS = 2

  // access flags 0x1
  public <init>()V
    TRYCATCHBLOCK L0 L1 L1 java/lang/Throwable
   L2
    LINENUMBER 24 L2
    ALOAD 0
    INVOKESPECIAL java/lang/Object.<init> ()V
   L0
    LDC -2147483638
    ALOAD 0
    LDC "<init>"
    LDC "()V"
    BIPUSH 0
    ANEWARRAY java/lang/Object
    INVOKESTATIC org/evosuite/testcarver/capture/Capturer.capture (ILjava/lang/Object;Ljava/lang/String;Ljava/lang/String;[Ljava/lang/Object;)V
    ALOAD 0
    INVOKEVIRTUAL com/examples/with/different/packagename/testcarver/InnerCallsTest._sw_prototype_original_init_sw_prototype_original_ ()V
    GOTO L3
   L1
   FRAME SAME1 java/lang/Throwable
    ASTORE 1
    LDC -2147483638
    ALOAD 0
    GETSTATIC org/evosuite/testcarver/capture/CaptureLog.RETURN_TYPE_VOID : Ljava/lang/Object;
    INVOKESTATIC org/evosuite/testcarver/capture/Capturer.enable (ILjava/lang/Object;Ljava/lang/Object;)V
    ALOAD 1
    ATHROW
   L3
   FRAME SAME
    LDC -2147483638
    ALOAD 0
    GETSTATIC org/evosuite/testcarver/capture/CaptureLog.RETURN_TYPE_VOID : Ljava/lang/Object;
    INVOKESTATIC org/evosuite/testcarver/capture/Capturer.enable (ILjava/lang/Object;Ljava/lang/Object;)V
    RETURN
    MAXSTACK = 5
    MAXLOCALS = 0

  // access flags 0x1
  public test()V
  @Lorg/junit/Test;()
    TRYCATCHBLOCK L0 L1 L1 java/lang/Throwable
   L0
    LDC -2147483637
    ALOAD 0
    LDC "test"
    LDC "()V"
    BIPUSH 0
    ANEWARRAY java/lang/Object
    INVOKESTATIC org/evosuite/testcarver/capture/Capturer.capture (ILjava/lang/Object;Ljava/lang/String;Ljava/lang/String;[Ljava/lang/Object;)V
    ALOAD 0
    INVOKEVIRTUAL com/examples/with/different/packagename/testcarver/InnerCallsTest._sw_prototype_original_test ()V
    GOTO L2
   L1
   FRAME SAME1 java/lang/Throwable
    ASTORE 1
    LDC -2147483637
    ALOAD 0
    GETSTATIC org/evosuite/testcarver/capture/CaptureLog.RETURN_TYPE_VOID : Ljava/lang/Object;
    INVOKESTATIC org/evosuite/testcarver/capture/Capturer.enable (ILjava/lang/Object;Ljava/lang/Object;)V
    ALOAD 1
    ATHROW
   L2
   FRAME SAME
    LDC -2147483637
    ALOAD 0
    GETSTATIC org/evosuite/testcarver/capture/CaptureLog.RETURN_TYPE_VOID : Ljava/lang/Object;
    INVOKESTATIC org/evosuite/testcarver/capture/Capturer.enable (ILjava/lang/Object;Ljava/lang/Object;)V
    RETURN
    MAXSTACK = 6
    MAXLOCALS = 0
}
INFO  org.evosuite.testcarver.extraction.CarvingClassLoader - Keeping class: com.examples.with.different.packagename.testcarver.InnerCallsTest
INFO  org.evosuite.testcarver.extraction.CarvingRunListener - Not yet reached maximum time to carve unit tests - executing test with carver
INFO  org.evosuite.testcarver.capture.Capturer - Starting Capturer...
INFO  org.evosuite.testcarver.capture.Capturer - Capturer has been started successfully
A
B
A
B
INFO  org.evosuite.testcarver.capture.Capturer - Stopping Capturer...
INFO  org.evosuite.testcarver.capture.Capturer - Capturer has been stopped successfully
INFO  evo_logger -  - Carving test com.examples.with.different.packagename.testcarver.InnerCallsTest.test
INFO  org.evosuite.testcarver.extraction.CarvingRunListener - Carved test of length 4
INFO  org.evosuite.utils.generic.GenericTypeInference - Type map empty
INFO  org.evosuite.testcarver.extraction.CarvingManager - Result: 0/1
INFO  org.evosuite.testcase.execution.TestCaseExecutor - No stalled threads
INFO  org.evosuite.testcarver.extraction.CarvingManager - Adding carved test without exception
INFO  org.evosuite.testcarver.extraction.CarvingManager - InnerCalls innerCalls0 = new InnerCalls();
innerCalls0.printA();
innerCalls0.printB();
innerCalls0.printAandB();

INFO  evo_logger -  -> Carved 1 tests for class class com.examples.with.different.packagename.testcarver.InnerCalls from existing JUnit tests
INFO  evo_logger - * Using 1 carved tests from existing JUnit tests for seeding
INFO  org.evosuite.coverage.branch.BranchCoverageSuiteFitness - Total branch coverage goals: 4
INFO  org.evosuite.coverage.branch.BranchCoverageSuiteFitness - Total branches: 0
INFO  org.evosuite.coverage.branch.BranchCoverageSuiteFitness - Total branchless methods: 4
INFO  org.evosuite.coverage.branch.BranchCoverageSuiteFitness - Total methods: 4: [com.examples.with.different.packagename.testcarver.InnerCalls.printAandB()V, com.examples.with.different.packagename.testcarver.InnerCalls.<init>()V, com.examples.with.different.packagename.testcarver.InnerCalls.printA()V, com.examples.with.different.packagename.testcarver.InnerCalls.printB()V]
INFO  org.evosuite.coverage.branch.BranchCoverageSuiteFitness - (Methods) Best individual covers 0/0 branches and 4/4 methods
INFO  org.evosuite.coverage.branch.BranchCoverageSuiteFitness - Fitness: 0.0, size: 1, length: 4
INFO  org.evosuite.coverage.branch.BranchCoverageSuiteFitness - (Fitness) Best individual covers 0/0 branches and 4/4 methods
INFO  org.evosuite.coverage.branch.BranchCoverageSuiteFitness - Fitness: 0.0, size: 1, length: 4
INFO  org.evosuite.testcase.factories.JUnitTestCarvedChromosomeFactory - Cloning user test
InnerCalls innerCalls0 = new InnerCalls();
innerCalls0.printA();
innerCalls0.printB();
innerCalls0.printAandB();

INFO  org.evosuite.TestGenerationContext - *** Resetting context
INFO  org.evosuite.testcase.execution.TestCaseExecutor - TestCaseExecutor instance is non-null, but its actual executor is null
INFO  org.evosuite.TestGenerationContext - *** Resetting context
INFO  org.evosuite.testcase.execution.TestCaseExecutor - TestCaseExecutor instance is non-null, but its actual executor is null
INFO  org.evosuite.instrumentation.InstrumentingClassLoader - Seeing class for first time: com.examples.with.different.packagename.testcarver.ConcreteSubClassWithFields
INFO  org.evosuite.instrumentation.BytecodeInstrumentation - Starting transformation of com/examples/with/different/packagename/testcarver/ConcreteSubClassWithFields
INFO  org.evosuite.instrumentation.testability.StringTransformation - Current method: <init>
INFO  org.evosuite.instrumentation.testability.StringTransformation - Current method: <init>
INFO  org.evosuite.instrumentation.testability.StringTransformation - Current method: testMe
INFO  org.evosuite.runtime.instrumentation.MethodCallReplacementClassAdapter - Adding mock interface to class com/examples/with/different/packagename/testcarver/ConcreteSubClassWithFields
INFO  org.evosuite.graphs.cfg.CFGClassAdapter - Analyzing CFG of com/examples/with/different/packagename/testcarver/ConcreteSubClassWithFields
INFO  org.evosuite.graphs.cfg.CFGMethodAdapter - Analyzing method <init>(I)V in class com.examples.with.different.packagename.testcarver.ConcreteSubClassWithFields
INFO  org.evosuite.graphs.cfg.CFGMethodAdapter - Generating CFG for method <init>(I)V
INFO  org.evosuite.graphs.cfg.RawControlFlowGraph - Creating new RawCFG for com.examples.with.different.packagename.testcarver.ConcreteSubClassWithFields.<init>(I)V: 0
INFO  org.evosuite.graphs.cfg.CFGMethodAdapter - Created CFG for method <init>(I)V
INFO  org.evosuite.graphs.cfg.CFGMethodAdapter - Instrumenting method <init>(I)V in class com.examples.with.different.packagename.testcarver.ConcreteSubClassWithFields
INFO  org.evosuite.graphs.cfg.CFGClassAdapter - Analyzing CFG of com/examples/with/different/packagename/testcarver/ConcreteSubClassWithFields
INFO  org.evosuite.graphs.cfg.CFGMethodAdapter - Analyzing method <init>(II)V in class com.examples.with.different.packagename.testcarver.ConcreteSubClassWithFields
INFO  org.evosuite.graphs.cfg.CFGMethodAdapter - Generating CFG for method <init>(II)V
INFO  org.evosuite.graphs.cfg.RawControlFlowGraph - Creating new RawCFG for com.examples.with.different.packagename.testcarver.ConcreteSubClassWithFields.<init>(II)V: 0
INFO  org.evosuite.graphs.cfg.CFGMethodAdapter - Created CFG for method <init>(II)V
INFO  org.evosuite.graphs.cfg.CFGMethodAdapter - Instrumenting method <init>(II)V in class com.examples.with.different.packagename.testcarver.ConcreteSubClassWithFields
INFO  org.evosuite.graphs.cfg.CFGClassAdapter - Analyzing CFG of com/examples/with/different/packagename/testcarver/ConcreteSubClassWithFields
INFO  org.evosuite.graphs.cfg.CFGMethodAdapter - Analyzing method testMe(I)Z in class com.examples.with.different.packagename.testcarver.ConcreteSubClassWithFields
INFO  org.evosuite.graphs.cfg.CFGMethodAdapter - Generating CFG for method testMe(I)Z
INFO  org.evosuite.graphs.cfg.RawControlFlowGraph - Creating new RawCFG for com.examples.with.different.packagename.testcarver.ConcreteSubClassWithFields.testMe(I)Z: 0
INFO  org.evosuite.coverage.branch.BranchPool - Adding to map the branch I5 Branch 1 IF_ICMPNE L34
INFO  org.evosuite.coverage.branch.BranchPool - Branch 1 at line 34
INFO  org.evosuite.graphs.cfg.CFGMethodAdapter - Created CFG for method testMe(I)Z
INFO  org.evosuite.graphs.cfg.CFGMethodAdapter - Instrumenting method testMe(I)Z in class com.examples.with.different.packagename.testcarver.ConcreteSubClassWithFields
INFO  org.evosuite.runtime.instrumentation.CreateClassResetClassAdapter - Creating brand-new static initializer in class com/examples/with/different/packagename/testcarver/ConcreteSubClassWithFields
INFO  org.evosuite.instrumentation.InstrumentingClassLoader - Seeing class for first time: com.examples.with.different.packagename.testcarver.AbstractSubClassWithFields
INFO  org.evosuite.instrumentation.BytecodeInstrumentation - Starting transformation of com/examples/with/different/packagename/testcarver/AbstractSubClassWithFields
INFO  org.evosuite.runtime.instrumentation.MethodCallReplacementClassAdapter - Adding mock interface to class com/examples/with/different/packagename/testcarver/AbstractSubClassWithFields
INFO  org.evosuite.runtime.instrumentation.CreateClassResetClassAdapter - Creating brand-new static initializer in class com/examples/with/different/packagename/testcarver/AbstractSubClassWithFields
INFO  org.evosuite.instrumentation.InstrumentingClassLoader - Seeing class for first time: com.examples.with.different.packagename.testcarver.AbstractSuperClassWithFields
INFO  org.evosuite.instrumentation.BytecodeInstrumentation - Starting transformation of com/examples/with/different/packagename/testcarver/AbstractSuperClassWithFields
INFO  org.evosuite.runtime.instrumentation.MethodCallReplacementClassAdapter - Adding mock interface to class com/examples/with/different/packagename/testcarver/AbstractSuperClassWithFields
INFO  org.evosuite.runtime.instrumentation.CreateClassResetClassAdapter - Creating brand-new static initializer in class com/examples/with/different/packagename/testcarver/AbstractSuperClassWithFields
INFO  org.evosuite.instrumentation.InstrumentingClassLoader - Loaded class: com.examples.with.different.packagename.testcarver.AbstractSuperClassWithFields
INFO  org.evosuite.instrumentation.InstrumentingClassLoader - Loaded class: com.examples.with.different.packagename.testcarver.AbstractSubClassWithFields
INFO  org.evosuite.instrumentation.InstrumentingClassLoader - Loaded class: com.examples.with.different.packagename.testcarver.ConcreteSubClassWithFields
INFO  evo_logger - * Executing tests from 1 test class for carving
INFO  org.evosuite.testcarver.extraction.CarvingClassLoader - Seeing class for first time: com.examples.with.different.packagename.testcarver.ConcreteSubClassWithFields
WARN  org.evosuite.testcarver.extraction.CarvingClassLoader - Instrumenting class 'com.examples.with.different.packagename.testcarver.ConcreteSubClassWithFields'.
INFO  org.evosuite.testcarver.instrument.Instrumenter - Checking package com.examples.with.different.packagename.testcarver for class com/examples/with/different/packagename/testcarver/ConcreteSubClassWithFields
// class version 52.0 (52)
// access flags 0x21
public class com/examples/with/different/packagename/testcarver/ConcreteSubClassWithFields extends com/examples/with/different/packagename/testcarver/AbstractSubClassWithFields {

  // compiled from: ConcreteSubClassWithFields.java

  // access flags 0x2
  private _sw_prototype_original_init_sw_prototype_original_(I)V
    ALOAD 0
    INVOKESTATIC org/evosuite/testcarver/capture/FieldRegistry.register (Ljava/lang/Object;)V
   L0
    LINENUMBER 26 L0
    RETURN
   L1
    LOCALVARIABLE this Lcom/examples/with/different/packagename/testcarver/ConcreteSubClassWithFields; L2 L1 0
    LOCALVARIABLE x I L2 L1 1
    MAXSTACK = 6
    MAXLOCALS = 2

  // access flags 0x2
  private _sw_prototype_original_init_sw_prototype_original_(II)V
    ALOAD 0
    INVOKESTATIC org/evosuite/testcarver/capture/FieldRegistry.register (Ljava/lang/Object;)V
   L0
    LINENUMBER 30 L0
    RETURN
   L1
    LOCALVARIABLE this Lcom/examples/with/different/packagename/testcarver/ConcreteSubClassWithFields; L2 L1 0
    LOCALVARIABLE x I L2 L1 1
    LOCALVARIABLE y I L2 L1 2
    MAXSTACK = 7
    MAXLOCALS = 3

  // access flags 0x2
  private _sw_prototype_original_testMe(I)Z
   L0
    LINENUMBER 34 L0
    ALOAD 0
    DUP
    GETFIELD com/examples/with/different/packagename/testcarver/ConcreteSubClassWithFields.x : I
    SWAP
    LDC -2147483642
    LDC "com/examples/with/different/packagename/testcarver/ConcreteSubClassWithFields"
    LDC "x"
    LDC "I"
    INVOKESTATIC org/evosuite/testcarver/capture/FieldRegistry.notifyReadAccess (Ljava/lang/Object;ILjava/lang/String;Ljava/lang/String;Ljava/lang/String;)V
    ILOAD 1
    IF_ICMPNE L1
    ICONST_1
    GOTO L2
   L1
    ICONST_0
   L2
    IRETURN
   L3
    LOCALVARIABLE this Lcom/examples/with/different/packagename/testcarver/ConcreteSubClassWithFields; L0 L3 0
    LOCALVARIABLE y I L0 L3 1
    MAXSTACK = 6
    MAXLOCALS = 2

  // access flags 0x1
  public <init>(I)V
    TRYCATCHBLOCK L0 L1 L1 java/lang/Throwable
   L2
    LINENUMBER 25 L2
    ALOAD 0
    ILOAD 1
    INVOKESPECIAL com/examples/with/different/packagename/testcarver/AbstractSubClassWithFields.<init> (I)V
   L0
    LDC -2147483644
    ALOAD 0
    LDC "<init>"
    LDC "(I)V"
    BIPUSH 1
    ANEWARRAY java/lang/Object
    DUP
    BIPUSH 0
    ILOAD 1
    INVOKESTATIC java/lang/Integer.valueOf (I)Ljava/lang/Integer;
    AASTORE
    INVOKESTATIC org/evosuite/testcarver/capture/Capturer.capture (ILjava/lang/Object;Ljava/lang/String;Ljava/lang/String;[Ljava/lang/Object;)V
    ALOAD 0
    ILOAD 1
    INVOKEVIRTUAL com/examples/with/different/packagename/testcarver/ConcreteSubClassWithFields._sw_prototype_original_init_sw_prototype_original_ (I)V
    GOTO L3
   L1
   FRAME SAME1 java/lang/Throwable
    ASTORE 2
    LDC -2147483644
    ALOAD 0
    GETSTATIC org/evosuite/testcarver/capture/CaptureLog.RETURN_TYPE_VOID : Ljava/lang/Object;
    INVOKESTATIC org/evosuite/testcarver/capture/Capturer.enable (ILjava/lang/Object;Ljava/lang/Object;)V
    ALOAD 2
    ATHROW
   L3
   FRAME SAME
    LDC -2147483644
    ALOAD 0
    GETSTATIC org/evosuite/testcarver/capture/CaptureLog.RETURN_TYPE_VOID : Ljava/lang/Object;
    INVOKESTATIC org/evosuite/testcarver/capture/Capturer.enable (ILjava/lang/Object;Ljava/lang/Object;)V
    RETURN
    MAXSTACK = 6
    MAXLOCALS = 0

  // access flags 0x1
  public <init>(II)V
    TRYCATCHBLOCK L0 L1 L1 java/lang/Throwable
   L2
    LINENUMBER 29 L2
    ALOAD 0
    ILOAD 1
    ILOAD 2
    INVOKESPECIAL com/examples/with/different/packagename/testcarver/AbstractSubClassWithFields.<init> (II)V
   L0
    LDC -2147483643
    ALOAD 0
    LDC "<init>"
    LDC "(II)V"
    BIPUSH 2
    ANEWARRAY java/lang/Object
    DUP
    BIPUSH 0
    ILOAD 1
    INVOKESTATIC java/lang/Integer.valueOf (I)Ljava/lang/Integer;
    AASTORE
    DUP
    BIPUSH 1
    ILOAD 2
    INVOKESTATIC java/lang/Integer.valueOf (I)Ljava/lang/Integer;
    AASTORE
    INVOKESTATIC org/evosuite/testcarver/capture/Capturer.capture (ILjava/lang/Object;Ljava/lang/String;Ljava/lang/String;[Ljava/lang/Object;)V
    ALOAD 0
    ILOAD 1
    ILOAD 2
    INVOKEVIRTUAL com/examples/with/different/packagename/testcarver/ConcreteSubClassWithFields._sw_prototype_original_init_sw_prototype_original_ (II)V
    GOTO L3
   L1
   FRAME SAME1 java/lang/Throwable
    ASTORE 3
    LDC -2147483643
    ALOAD 0
    GETSTATIC org/evosuite/testcarver/capture/CaptureLog.RETURN_TYPE_VOID : Ljava/lang/Object;
    INVOKESTATIC org/evosuite/testcarver/capture/Capturer.enable (ILjava/lang/Object;Ljava/lang/Object;)V
    ALOAD 3
    ATHROW
   L3
   FRAME SAME
    LDC -2147483643
    ALOAD 0
    GETSTATIC org/evosuite/testcarver/capture/CaptureLog.RETURN_TYPE_VOID : Ljava/lang/Object;
    INVOKESTATIC org/evosuite/testcarver/capture/Capturer.enable (ILjava/lang/Object;Ljava/lang/Object;)V
    RETURN
    MAXSTACK = 7
    MAXLOCALS = 0

  // access flags 0x1
  public testMe(I)Z
    TRYCATCHBLOCK L0 L1 L2 java/lang/Throwable
    ACONST_NULL
    ASTORE 2
   L0
    LDC -2147483641
    ALOAD 0
    LDC "testMe"
    LDC "(I)Z"
    BIPUSH 1
    ANEWARRAY java/lang/Object
    DUP
    BIPUSH 0
    ILOAD 1
    INVOKESTATIC java/lang/Integer.valueOf (I)Ljava/lang/Integer;
    AASTORE
    INVOKESTATIC org/evosuite/testcarver/capture/Capturer.capture (ILjava/lang/Object;Ljava/lang/String;Ljava/lang/String;[Ljava/lang/Object;)V
    ALOAD 0
    ILOAD 1
    INVOKEVIRTUAL com/examples/with/different/packagename/testcarver/ConcreteSubClassWithFields._sw_prototype_original_testMe (I)Z
    INVOKESTATIC java/lang/Boolean.valueOf (Z)Ljava/lang/Boolean;
    ASTORE 2
    ALOAD 2
    INVOKEVIRTUAL java/lang/Boolean.booleanValue ()Z
    ISTORE 4
   L1
    LDC -2147483641
    ALOAD 0
    ALOAD 2
    INVOKESTATIC org/evosuite/testcarver/capture/Capturer.enable (ILjava/lang/Object;Ljava/lang/Object;)V
    ILOAD 4
    IRETURN
   L2
   FRAME FULL [com/examples/with/different/packagename/testcarver/ConcreteSubClassWithFields java/lang/Boolean] [java/lang/Throwable]
    ASTORE 3
    LDC -2147483641
    ALOAD 0
    ALOAD 2
    INVOKESTATIC org/evosuite/testcarver/capture/Capturer.enable (ILjava/lang/Object;Ljava/lang/Object;)V
    ALOAD 3
    ATHROW
    MAXSTACK = 6
    MAXLOCALS = 0
}
INFO  org.evosuite.testcarver.extraction.CarvingClassLoader - Seeing class for first time: com.examples.with.different.packagename.testcarver.AbstractSubClassWithFields
WARN  org.evosuite.testcarver.extraction.CarvingClassLoader - Instrumenting class 'com.examples.with.different.packagename.testcarver.AbstractSubClassWithFields'.
INFO  org.evosuite.testcarver.instrument.Instrumenter - Checking package com.examples.with.different.packagename.testcarver for class com/examples/with/different/packagename/testcarver/AbstractSubClassWithFields
// class version 52.0 (52)
// access flags 0x421
public abstract class com/examples/with/different/packagename/testcarver/AbstractSubClassWithFields extends com/examples/with/different/packagename/testcarver/AbstractSuperClassWithFields {

  // compiled from: AbstractSubClassWithFields.java

  // access flags 0x4
  protected I y

  // access flags 0x1
  public <init>(I)V
   L0
    LINENUMBER 27 L0
    ALOAD 0
    ILOAD 1
    INVOKESPECIAL com/examples/with/different/packagename/testcarver/AbstractSuperClassWithFields.<init> (I)V
   L1
    LINENUMBER 24 L1
    ALOAD 0
    ICONST_0
    PUTFIELD com/examples/with/different/packagename/testcarver/AbstractSubClassWithFields.y : I
   L2
    LINENUMBER 28 L2
    ALOAD 0
    ICONST_0
    INVOKEVIRTUAL com/examples/with/different/packagename/testcarver/AbstractSubClassWithFields.setSeed (I)V
   L3
    LINENUMBER 29 L3
    RETURN
   L4
    LOCALVARIABLE this Lcom/examples/with/different/packagename/testcarver/AbstractSubClassWithFields; L0 L4 0
    LOCALVARIABLE x I L0 L4 1
    MAXSTACK = 2
    MAXLOCALS = 2

  // access flags 0x1
  public <init>(II)V
   L0
    LINENUMBER 32 L0
    ALOAD 0
    ILOAD 1
    INVOKESPECIAL com/examples/with/different/packagename/testcarver/AbstractSuperClassWithFields.<init> (I)V
   L1
    LINENUMBER 24 L1
    ALOAD 0
    ICONST_0
    PUTFIELD com/examples/with/different/packagename/testcarver/AbstractSubClassWithFields.y : I
   L2
    LINENUMBER 33 L2
    ALOAD 0
    ILOAD 2
    INVOKEVIRTUAL com/examples/with/different/packagename/testcarver/AbstractSubClassWithFields.setSeed (I)V
   L3
    LINENUMBER 34 L3
    RETURN
   L4
    LOCALVARIABLE this Lcom/examples/with/different/packagename/testcarver/AbstractSubClassWithFields; L0 L4 0
    LOCALVARIABLE x I L0 L4 1
    LOCALVARIABLE y I L0 L4 2
    MAXSTACK = 2
    MAXLOCALS = 3

  // access flags 0x401
  public abstract testMe(I)Z

  // access flags 0x2
  private _sw_prototype_original_setSeed(I)V
   L0
    LINENUMBER 41 L0
    ALOAD 0
    ILOAD 1
    ICONST_2
    IMUL
    DUP2
    PUTFIELD com/examples/with/different/packagename/testcarver/AbstractSubClassWithFields.y : I
    POP
    LDC -2147483640
    LDC "com/examples/with/different/packagename/testcarver/AbstractSubClassWithFields"
    LDC "y"
    LDC "I"
    INVOKESTATIC org/evosuite/testcarver/capture/FieldRegistry.notifyModification (Ljava/lang/Object;ILjava/lang/String;Ljava/lang/String;Ljava/lang/String;)V
   L1
    LINENUMBER 42 L1
    RETURN
   L2
    LOCALVARIABLE this Lcom/examples/with/different/packagename/testcarver/AbstractSubClassWithFields; L0 L2 0
    LOCALVARIABLE y I L0 L2 1
    MAXSTACK = 7
    MAXLOCALS = 2

  // access flags 0x1
  public setSeed(I)V
    TRYCATCHBLOCK L0 L1 L1 java/lang/Throwable
   L0
    LDC -2147483638
    ALOAD 0
    LDC "setSeed"
    LDC "(I)V"
    BIPUSH 1
    ANEWARRAY java/lang/Object
    DUP
    BIPUSH 0
    ILOAD 1
    INVOKESTATIC java/lang/Integer.valueOf (I)Ljava/lang/Integer;
    AASTORE
    INVOKESTATIC org/evosuite/testcarver/capture/Capturer.capture (ILjava/lang/Object;Ljava/lang/String;Ljava/lang/String;[Ljava/lang/Object;)V
    ALOAD 0
    ILOAD 1
    INVOKEVIRTUAL com/examples/with/different/packagename/testcarver/AbstractSubClassWithFields._sw_prototype_original_setSeed (I)V
    GOTO L2
   L1
   FRAME SAME1 java/lang/Throwable
    ASTORE 2
    LDC -2147483638
    ALOAD 0
    GETSTATIC org/evosuite/testcarver/capture/CaptureLog.RETURN_TYPE_VOID : Ljava/lang/Object;
    INVOKESTATIC org/evosuite/testcarver/capture/Capturer.enable (ILjava/lang/Object;Ljava/lang/Object;)V
    ALOAD 2
    ATHROW
   L2
   FRAME SAME
    LDC -2147483638
    ALOAD 0
    GETSTATIC org/evosuite/testcarver/capture/CaptureLog.RETURN_TYPE_VOID : Ljava/lang/Object;
    INVOKESTATIC org/evosuite/testcarver/capture/Capturer.enable (ILjava/lang/Object;Ljava/lang/Object;)V
    RETURN
    MAXSTACK = 7
    MAXLOCALS = 0
}
INFO  org.evosuite.testcarver.extraction.CarvingClassLoader - Seeing class for first time: com.examples.with.different.packagename.testcarver.AbstractSuperClassWithFields
WARN  org.evosuite.testcarver.extraction.CarvingClassLoader - Instrumenting class 'com.examples.with.different.packagename.testcarver.AbstractSuperClassWithFields'.
INFO  org.evosuite.testcarver.instrument.Instrumenter - Checking package com.examples.with.different.packagename.testcarver for class com/examples/with/different/packagename/testcarver/AbstractSuperClassWithFields
// class version 52.0 (52)
// access flags 0x421
public abstract class com/examples/with/different/packagename/testcarver/AbstractSuperClassWithFields {

  // compiled from: AbstractSuperClassWithFields.java

  // access flags 0x4
  protected I x

  // access flags 0x1
  public <init>(I)V
   L0
    LINENUMBER 26 L0
    ALOAD 0
    INVOKESPECIAL java/lang/Object.<init> ()V
   L1
    LINENUMBER 27 L1
    ALOAD 0
    ILOAD 1
    PUTFIELD com/examples/with/different/packagename/testcarver/AbstractSuperClassWithFields.x : I
   L2
    LINENUMBER 28 L2
    RETURN
   L3
    LOCALVARIABLE this Lcom/examples/with/different/packagename/testcarver/AbstractSuperClassWithFields; L0 L3 0
    LOCALVARIABLE x I L0 L3 1
    MAXSTACK = 2
    MAXLOCALS = 2

  // access flags 0x401
  public abstract testMe(I)Z
}
INFO  org.evosuite.testcarver.extraction.CarvingClassLoader - Keeping class: com.examples.with.different.packagename.testcarver.AbstractSuperClassWithFields
INFO  org.evosuite.testcarver.extraction.CarvingClassLoader - Keeping class: com.examples.with.different.packagename.testcarver.AbstractSubClassWithFields
INFO  org.evosuite.testcarver.extraction.CarvingClassLoader - Keeping class: com.examples.with.different.packagename.testcarver.ConcreteSubClassWithFields
INFO  org.evosuite.testcarver.extraction.CarvingClassLoader - Seeing class for first time: com.examples.with.different.packagename.testcarver.ConcreteSubClassWithFieldsTestCase
WARN  org.evosuite.testcarver.extraction.CarvingClassLoader - Instrumenting class 'com.examples.with.different.packagename.testcarver.ConcreteSubClassWithFieldsTestCase'.
INFO  org.evosuite.testcarver.instrument.Instrumenter - Checking package com.examples.with.different.packagename.testcarver for class com/examples/with/different/packagename/testcarver/ConcreteSubClassWithFieldsTestCase
// class version 52.0 (52)
// access flags 0x21
public class com/examples/with/different/packagename/testcarver/ConcreteSubClassWithFieldsTestCase {

  // compiled from: ConcreteSubClassWithFieldsTestCase.java

  // access flags 0x2
  private _sw_prototype_original_init_sw_prototype_original_()V
    ALOAD 0
    INVOKESTATIC org/evosuite/testcarver/capture/FieldRegistry.register (Ljava/lang/Object;)V
    RETURN
   L0
    LOCALVARIABLE this Lcom/examples/with/different/packagename/testcarver/ConcreteSubClassWithFieldsTestCase; L1 L0 0
    MAXSTACK = 5
    MAXLOCALS = 1

  // access flags 0x2
  private _sw_prototype_original_test1()V
   L0
    LINENUMBER 30 L0
    NEW com/examples/with/different/packagename/testcarver/ConcreteSubClassWithFields
    DUP
    BIPUSH 42
    INVOKESPECIAL com/examples/with/different/packagename/testcarver/ConcreteSubClassWithFields.<init> (I)V
    ASTORE 1
   L1
    LINENUMBER 31 L1
    ALOAD 1
    BIPUSH 42
    INVOKEVIRTUAL com/examples/with/different/packagename/testcarver/ConcreteSubClassWithFields.testMe (I)Z
    INVOKESTATIC org/junit/Assert.assertTrue (Z)V
   L2
    LINENUMBER 32 L2
    RETURN
   L3
    LOCALVARIABLE this Lcom/examples/with/different/packagename/testcarver/ConcreteSubClassWithFieldsTestCase; L0 L3 0
    LOCALVARIABLE foo Lcom/examples/with/different/packagename/testcarver/ConcreteSubClassWithFields; L1 L3 1
    MAXSTACK = 7
    MAXLOCALS = 2

  // access flags 0x2
  private _sw_prototype_original_test2()V
   L0
    LINENUMBER 36 L0
    NEW com/examples/with/different/packagename/testcarver/ConcreteSubClassWithFields
    DUP
    BIPUSH 42
    BIPUSH 100
    INVOKESPECIAL com/examples/with/different/packagename/testcarver/ConcreteSubClassWithFields.<init> (II)V
    ASTORE 1
   L1
    LINENUMBER 37 L1
    ALOAD 1
    BIPUSH 42
    INVOKEVIRTUAL com/examples/with/different/packagename/testcarver/ConcreteSubClassWithFields.testMe (I)Z
    INVOKESTATIC org/junit/Assert.assertTrue (Z)V
   L2
    LINENUMBER 38 L2
    RETURN
   L3
    LOCALVARIABLE this Lcom/examples/with/different/packagename/testcarver/ConcreteSubClassWithFieldsTestCase; L0 L3 0
    LOCALVARIABLE foo Lcom/examples/with/different/packagename/testcarver/ConcreteSubClassWithFields; L1 L3 1
    MAXSTACK = 8
    MAXLOCALS = 2

  // access flags 0x1
  public <init>()V
    TRYCATCHBLOCK L0 L1 L1 java/lang/Throwable
   L2
    LINENUMBER 26 L2
    ALOAD 0
    INVOKESPECIAL java/lang/Object.<init> ()V
   L0
    LDC -2147483637
    ALOAD 0
    LDC "<init>"
    LDC "()V"
    BIPUSH 0
    ANEWARRAY java/lang/Object
    INVOKESTATIC org/evosuite/testcarver/capture/Capturer.capture (ILjava/lang/Object;Ljava/lang/String;Ljava/lang/String;[Ljava/lang/Object;)V
    ALOAD 0
    INVOKEVIRTUAL com/examples/with/different/packagename/testcarver/ConcreteSubClassWithFieldsTestCase._sw_prototype_original_init_sw_prototype_original_ ()V
    GOTO L3
   L1
   FRAME SAME1 java/lang/Throwable
    ASTORE 1
    LDC -2147483637
    ALOAD 0
    GETSTATIC org/evosuite/testcarver/capture/CaptureLog.RETURN_TYPE_VOID : Ljava/lang/Object;
    INVOKESTATIC org/evosuite/testcarver/capture/Capturer.enable (ILjava/lang/Object;Ljava/lang/Object;)V
    ALOAD 1
    ATHROW
   L3
   FRAME SAME
    LDC -2147483637
    ALOAD 0
    GETSTATIC org/evosuite/testcarver/capture/CaptureLog.RETURN_TYPE_VOID : Ljava/lang/Object;
    INVOKESTATIC org/evosuite/testcarver/capture/Capturer.enable (ILjava/lang/Object;Ljava/lang/Object;)V
    RETURN
    MAXSTACK = 5
    MAXLOCALS = 0

  // access flags 0x1
  public test1()V
  @Lorg/junit/Test;()
    TRYCATCHBLOCK L0 L1 L1 java/lang/Throwable
   L0
    LDC -2147483636
    ALOAD 0
    LDC "test1"
    LDC "()V"
    BIPUSH 0
    ANEWARRAY java/lang/Object
    INVOKESTATIC org/evosuite/testcarver/capture/Capturer.capture (ILjava/lang/Object;Ljava/lang/String;Ljava/lang/String;[Ljava/lang/Object;)V
    ALOAD 0
    INVOKEVIRTUAL com/examples/with/different/packagename/testcarver/ConcreteSubClassWithFieldsTestCase._sw_prototype_original_test1 ()V
    GOTO L2
   L1
   FRAME SAME1 java/lang/Throwable
    ASTORE 1
    LDC -2147483636
    ALOAD 0
    GETSTATIC org/evosuite/testcarver/capture/CaptureLog.RETURN_TYPE_VOID : Ljava/lang/Object;
    INVOKESTATIC org/evosuite/testcarver/capture/Capturer.enable (ILjava/lang/Object;Ljava/lang/Object;)V
    ALOAD 1
    ATHROW
   L2
   FRAME SAME
    LDC -2147483636
    ALOAD 0
    GETSTATIC org/evosuite/testcarver/capture/CaptureLog.RETURN_TYPE_VOID : Ljava/lang/Object;
    INVOKESTATIC org/evosuite/testcarver/capture/Capturer.enable (ILjava/lang/Object;Ljava/lang/Object;)V
    RETURN
    MAXSTACK = 7
    MAXLOCALS = 0

  // access flags 0x1
  public test2()V
  @Lorg/junit/Test;()
    TRYCATCHBLOCK L0 L1 L1 java/lang/Throwable
   L0
    LDC -2147483635
    ALOAD 0
    LDC "test2"
    LDC "()V"
    BIPUSH 0
    ANEWARRAY java/lang/Object
    INVOKESTATIC org/evosuite/testcarver/capture/Capturer.capture (ILjava/lang/Object;Ljava/lang/String;Ljava/lang/String;[Ljava/lang/Object;)V
    ALOAD 0
    INVOKEVIRTUAL com/examples/with/different/packagename/testcarver/ConcreteSubClassWithFieldsTestCase._sw_prototype_original_test2 ()V
    GOTO L2
   L1
   FRAME SAME1 java/lang/Throwable
    ASTORE 1
    LDC -2147483635
    ALOAD 0
    GETSTATIC org/evosuite/testcarver/capture/CaptureLog.RETURN_TYPE_VOID : Ljava/lang/Object;
    INVOKESTATIC org/evosuite/testcarver/capture/Capturer.enable (ILjava/lang/Object;Ljava/lang/Object;)V
    ALOAD 1
    ATHROW
   L2
   FRAME SAME
    LDC -2147483635
    ALOAD 0
    GETSTATIC org/evosuite/testcarver/capture/CaptureLog.RETURN_TYPE_VOID : Ljava/lang/Object;
    INVOKESTATIC org/evosuite/testcarver/capture/Capturer.enable (ILjava/lang/Object;Ljava/lang/Object;)V
    RETURN
    MAXSTACK = 8
    MAXLOCALS = 0
}
INFO  org.evosuite.testcarver.extraction.CarvingClassLoader - Keeping class: com.examples.with.different.packagename.testcarver.ConcreteSubClassWithFieldsTestCase
INFO  org.evosuite.testcarver.extraction.CarvingRunListener - Not yet reached maximum time to carve unit tests - executing test with carver
INFO  org.evosuite.testcarver.capture.Capturer - Starting Capturer...
INFO  org.evosuite.testcarver.capture.Capturer - Capturer has been started successfully
INFO  org.evosuite.testcarver.capture.CaptureLog - method setSeed was called on object com.examples.with.different.packagename.testcarver.ConcreteSubClassWithFields@10e4ce98 with oid 283430552 without foregoing (observed) init stmt --> creating unobserved init stmt
INFO  org.evosuite.testcarver.capture.Capturer - Stopping Capturer...
INFO  org.evosuite.testcarver.capture.Capturer - Capturer has been stopped successfully
INFO  evo_logger -  - Carving test com.examples.with.different.packagename.testcarver.ConcreteSubClassWithFieldsTestCase.test1
INFO  org.evosuite.testcarver.extraction.CarvingRunListener - Carved test of length 3
INFO  org.evosuite.utils.generic.GenericTypeInference - Type map empty
INFO  org.evosuite.testcarver.extraction.CarvingRunListener - Not yet reached maximum time to carve unit tests - executing test with carver
INFO  org.evosuite.testcarver.capture.Capturer - Starting Capturer...
INFO  org.evosuite.testcarver.capture.Capturer - Capturer has been started successfully
INFO  org.evosuite.testcarver.capture.CaptureLog - method setSeed was called on object com.examples.with.different.packagename.testcarver.ConcreteSubClassWithFields@15651402 with oid 358945794 without foregoing (observed) init stmt --> creating unobserved init stmt
INFO  org.evosuite.testcarver.capture.Capturer - Stopping Capturer...
INFO  org.evosuite.testcarver.capture.Capturer - Capturer has been stopped successfully
INFO  evo_logger -  - Carving test com.examples.with.different.packagename.testcarver.ConcreteSubClassWithFieldsTestCase.test2
INFO  org.evosuite.testcarver.extraction.CarvingRunListener - Carved test of length 4
INFO  org.evosuite.utils.generic.GenericTypeInference - Type map empty
INFO  org.evosuite.testcarver.extraction.CarvingManager - Result: 0/2
INFO  org.evosuite.testcase.execution.TestCaseExecutor - No stalled threads
INFO  org.evosuite.testcarver.extraction.CarvingManager - Adding carved test without exception
INFO  org.evosuite.testcarver.extraction.CarvingManager - int int0 = 42;
ConcreteSubClassWithFields concreteSubClassWithFields0 = new ConcreteSubClassWithFields(int0);
concreteSubClassWithFields0.testMe(int0);

INFO  org.evosuite.testcarver.extraction.CarvingManager - Adding carved test without exception
INFO  org.evosuite.testcarver.extraction.CarvingManager - int int0 = 42;
int int1 = 100;
ConcreteSubClassWithFields concreteSubClassWithFields0 = new ConcreteSubClassWithFields(int0, int1);
concreteSubClassWithFields0.testMe(int0);

INFO  evo_logger -  -> Carved 2 tests for class class com.examples.with.different.packagename.testcarver.ConcreteSubClassWithFields from existing JUnit tests
INFO  evo_logger - * Using 2 carved tests from existing JUnit tests for seeding
INFO  org.evosuite.coverage.branch.BranchPool - Found matching class for branch count: com.examples.with.different.packagename.testcarver.ConcreteSubClassWithFields/com.examples.with.different.packagename.testcarver.ConcreteSubClassWithFields
INFO  org.evosuite.coverage.branch.BranchCoverageSuiteFitness - Total branch coverage goals: 4
INFO  org.evosuite.coverage.branch.BranchCoverageSuiteFitness - Total branches: 1
INFO  org.evosuite.coverage.branch.BranchCoverageSuiteFitness - Total branchless methods: 2
INFO  org.evosuite.coverage.branch.BranchCoverageSuiteFitness - Total methods: 3: [com.examples.with.different.packagename.testcarver.ConcreteSubClassWithFields.<init>(I)V, com.examples.with.different.packagename.testcarver.ConcreteSubClassWithFields.<init>(II)V, com.examples.with.different.packagename.testcarver.ConcreteSubClassWithFields.testMe(I)Z]
INFO  org.evosuite.coverage.branch.BranchCoverageSuiteFitness - (Branches) Best individual covers 1/2 branches and 3/3 methods
INFO  org.evosuite.coverage.branch.BranchCoverageSuiteFitness - Fitness: 0.5, size: 2, length: 7
INFO  org.evosuite.coverage.branch.BranchCoverageSuiteFitness - (Methods) Best individual covers 1/2 branches and 3/3 methods
INFO  org.evosuite.coverage.branch.BranchCoverageSuiteFitness - Fitness: 0.5, size: 2, length: 7
INFO  org.evosuite.coverage.branch.BranchCoverageSuiteFitness - (Fitness) Best individual covers 1/2 branches and 3/3 methods
INFO  org.evosuite.coverage.branch.BranchCoverageSuiteFitness - Fitness: 0.5, size: 2, length: 7
INFO  org.evosuite.testcase.factories.JUnitTestCarvedChromosomeFactory - Cloning user test
int int0 = 42;
int int1 = 100;
ConcreteSubClassWithFields concreteSubClassWithFields0 = new ConcreteSubClassWithFields(int0, int1);
concreteSubClassWithFields0.testMe(int0);

INFO  org.evosuite.TestGenerationContext - *** Resetting context
INFO  org.evosuite.testcase.execution.TestCaseExecutor - TestCaseExecutor instance is non-null, but its actual executor is null
INFO  org.evosuite.TestGenerationContext - *** Resetting context
INFO  org.evosuite.testcase.execution.TestCaseExecutor - TestCaseExecutor instance is non-null, but its actual executor is null
INFO  org.evosuite.instrumentation.InstrumentingClassLoader - Seeing class for first time: com.examples.with.different.packagename.testcarver.ClassWithPublicStaticField
INFO  org.evosuite.instrumentation.BytecodeInstrumentation - Starting transformation of com/examples/with/different/packagename/testcarver/ClassWithPublicStaticField
INFO  org.evosuite.instrumentation.testability.StringTransformation - Current method: <init>
INFO  org.evosuite.instrumentation.testability.StringTransformation - Current method: testMe
INFO  org.evosuite.instrumentation.testability.StringTransformation - Current method: <clinit>
INFO  org.evosuite.runtime.instrumentation.MethodCallReplacementClassAdapter - Adding mock interface to class com/examples/with/different/packagename/testcarver/ClassWithPublicStaticField
INFO  org.evosuite.graphs.cfg.CFGClassAdapter - Analyzing CFG of com/examples/with/different/packagename/testcarver/ClassWithPublicStaticField
INFO  org.evosuite.graphs.cfg.CFGMethodAdapter - Analyzing method <init>()V in class com.examples.with.different.packagename.testcarver.ClassWithPublicStaticField
INFO  org.evosuite.graphs.cfg.CFGMethodAdapter - Generating CFG for method <init>()V
INFO  org.evosuite.graphs.cfg.RawControlFlowGraph - Creating new RawCFG for com.examples.with.different.packagename.testcarver.ClassWithPublicStaticField.<init>()V: 0
INFO  org.evosuite.graphs.cfg.CFGMethodAdapter - Created CFG for method <init>()V
INFO  org.evosuite.graphs.cfg.CFGMethodAdapter - Instrumenting method <init>()V in class com.examples.with.different.packagename.testcarver.ClassWithPublicStaticField
INFO  org.evosuite.graphs.cfg.CFGClassAdapter - Analyzing CFG of com/examples/with/different/packagename/testcarver/ClassWithPublicStaticField
INFO  org.evosuite.graphs.cfg.CFGMethodAdapter - Analyzing method testMe(Ljava/util/Locale;)Z in class com.examples.with.different.packagename.testcarver.ClassWithPublicStaticField
INFO  org.evosuite.graphs.cfg.CFGMethodAdapter - Generating CFG for method testMe(Ljava/util/Locale;)Z
INFO  org.evosuite.graphs.cfg.RawControlFlowGraph - Creating new RawCFG for com.examples.with.different.packagename.testcarver.ClassWithPublicStaticField.testMe(Ljava/util/Locale;)Z: 0
INFO  org.evosuite.coverage.branch.BranchPool - Adding to map the branch I5 Branch 1 IFEQ L29
INFO  org.evosuite.coverage.branch.BranchPool - Branch 1 at line 29
INFO  org.evosuite.graphs.cfg.CFGMethodAdapter - Created CFG for method testMe(Ljava/util/Locale;)Z
INFO  org.evosuite.graphs.cfg.CFGMethodAdapter - Instrumenting method testMe(Ljava/util/Locale;)Z in class com.examples.with.different.packagename.testcarver.ClassWithPublicStaticField
INFO  org.evosuite.graphs.cfg.CFGClassAdapter - Analyzing CFG of com/examples/with/different/packagename/testcarver/ClassWithPublicStaticField
INFO  org.evosuite.runtime.instrumentation.CreateClassResetClassAdapter - Found static initializer in class com/examples/with/different/packagename/testcarver/ClassWithPublicStaticField
INFO  org.evosuite.graphs.cfg.CFGClassAdapter - Analyzing CFG of com/examples/with/different/packagename/testcarver/ClassWithPublicStaticField
INFO  org.evosuite.graphs.cfg.CFGMethodAdapter - Method has EvoSuite annotation: Lorg/evosuite/runtime/annotation/EvoSuiteExclude;
INFO  org.evosuite.instrumentation.InstrumentingClassLoader - Loaded class: com.examples.with.different.packagename.testcarver.ClassWithPublicStaticField
INFO  evo_logger - * Executing tests from 1 test class for carving
INFO  org.evosuite.testcarver.extraction.CarvingClassLoader - Seeing class for first time: com.examples.with.different.packagename.testcarver.ClassWithPublicStaticField
WARN  org.evosuite.testcarver.extraction.CarvingClassLoader - Instrumenting class 'com.examples.with.different.packagename.testcarver.ClassWithPublicStaticField'.
INFO  org.evosuite.testcarver.instrument.Instrumenter - Checking package com.examples.with.different.packagename.testcarver for class com/examples/with/different/packagename/testcarver/ClassWithPublicStaticField
// class version 52.0 (52)
// access flags 0x21
public class com/examples/with/different/packagename/testcarver/ClassWithPublicStaticField {

  // compiled from: ClassWithPublicStaticField.java

  // access flags 0x19
  public final static Ljava/util/Locale; x

  // access flags 0x2
  private _sw_prototype_original_init_sw_prototype_original_()V
    ALOAD 0
    INVOKESTATIC org/evosuite/testcarver/capture/FieldRegistry.register (Ljava/lang/Object;)V
    RETURN
   L0
    LOCALVARIABLE this Lcom/examples/with/different/packagename/testcarver/ClassWithPublicStaticField; L1 L0 0
    MAXSTACK = 5
    MAXLOCALS = 1

  // access flags 0x2
  private _sw_prototype_original_testMe(Ljava/util/Locale;)Z
   L0
    LINENUMBER 29 L0
    ALOAD 1
    GETSTATIC com/examples/with/different/packagename/testcarver/ClassWithPublicStaticField.x : Ljava/util/Locale;
    ACONST_NULL
    LDC -2147483643
    LDC "com/examples/with/different/packagename/testcarver/ClassWithPublicStaticField"
    LDC "x"
    LDC "Ljava/util/Locale;"
    INVOKESTATIC org/evosuite/testcarver/capture/FieldRegistry.notifyReadAccess (Ljava/lang/Object;ILjava/lang/String;Ljava/lang/String;Ljava/lang/String;)V
    INVOKEVIRTUAL java/util/Locale.equals (Ljava/lang/Object;)Z
    IFEQ L1
   L2
    LINENUMBER 30 L2
    ICONST_1
    IRETURN
   L1
    LINENUMBER 32 L1
    ICONST_0
    IRETURN
   L3
    LOCALVARIABLE this Lcom/examples/with/different/packagename/testcarver/ClassWithPublicStaticField; L0 L3 0
    LOCALVARIABLE other Ljava/util/Locale; L0 L3 1
    MAXSTACK = 6
    MAXLOCALS = 2

  // access flags 0x8
  static <clinit>()V
   L0
    LINENUMBER 26 L0
    GETSTATIC java/util/Locale.CHINESE : Ljava/util/Locale;
    PUTSTATIC com/examples/with/different/packagename/testcarver/ClassWithPublicStaticField.x : Ljava/util/Locale;
    RETURN
    MAXSTACK = 1
    MAXLOCALS = 0

  // access flags 0x1
  public <init>()V
    TRYCATCHBLOCK L0 L1 L1 java/lang/Throwable
   L2
    LINENUMBER 24 L2
    ALOAD 0
    INVOKESPECIAL java/lang/Object.<init> ()V
   L0
    LDC -2147483644
    ALOAD 0
    LDC "<init>"
    LDC "()V"
    BIPUSH 0
    ANEWARRAY java/lang/Object
    INVOKESTATIC org/evosuite/testcarver/capture/Capturer.capture (ILjava/lang/Object;Ljava/lang/String;Ljava/lang/String;[Ljava/lang/Object;)V
    ALOAD 0
    INVOKEVIRTUAL com/examples/with/different/packagename/testcarver/ClassWithPublicStaticField._sw_prototype_original_init_sw_prototype_original_ ()V
    GOTO L3
   L1
   FRAME SAME1 java/lang/Throwable
    ASTORE 1
    LDC -2147483644
    ALOAD 0
    GETSTATIC org/evosuite/testcarver/capture/CaptureLog.RETURN_TYPE_VOID : Ljava/lang/Object;
    INVOKESTATIC org/evosuite/testcarver/capture/Capturer.enable (ILjava/lang/Object;Ljava/lang/Object;)V
    ALOAD 1
    ATHROW
   L3
   FRAME SAME
    LDC -2147483644
    ALOAD 0
    GETSTATIC org/evosuite/testcarver/capture/CaptureLog.RETURN_TYPE_VOID : Ljava/lang/Object;
    INVOKESTATIC org/evosuite/testcarver/capture/Capturer.enable (ILjava/lang/Object;Ljava/lang/Object;)V
    RETURN
    MAXSTACK = 5
    MAXLOCALS = 0

  // access flags 0x1
  public testMe(Ljava/util/Locale;)Z
    TRYCATCHBLOCK L0 L1 L2 java/lang/Throwable
    ACONST_NULL
    ASTORE 2
   L0
    LDC -2147483642
    ALOAD 0
    LDC "testMe"
    LDC "(Ljava/util/Locale;)Z"
    BIPUSH 1
    ANEWARRAY java/lang/Object
    DUP
    BIPUSH 0
    ALOAD 1
    AASTORE
    INVOKESTATIC org/evosuite/testcarver/capture/Capturer.capture (ILjava/lang/Object;Ljava/lang/String;Ljava/lang/String;[Ljava/lang/Object;)V
    ALOAD 0
    ALOAD 1
    INVOKEVIRTUAL com/examples/with/different/packagename/testcarver/ClassWithPublicStaticField._sw_prototype_original_testMe (Ljava/util/Locale;)Z
    INVOKESTATIC java/lang/Boolean.valueOf (Z)Ljava/lang/Boolean;
    ASTORE 2
    ALOAD 2
    INVOKEVIRTUAL java/lang/Boolean.booleanValue ()Z
    ISTORE 4
   L1
    LDC -2147483642
    ALOAD 0
    ALOAD 2
    INVOKESTATIC org/evosuite/testcarver/capture/Capturer.enable (ILjava/lang/Object;Ljava/lang/Object;)V
    ILOAD 4
    IRETURN
   L2
   FRAME FULL [com/examples/with/different/packagename/testcarver/ClassWithPublicStaticField java/lang/Boolean] [java/lang/Throwable]
    ASTORE 3
    LDC -2147483642
    ALOAD 0
    ALOAD 2
    INVOKESTATIC org/evosuite/testcarver/capture/Capturer.enable (ILjava/lang/Object;Ljava/lang/Object;)V
    ALOAD 3
    ATHROW
    MAXSTACK = 6
    MAXLOCALS = 0
}
INFO  org.evosuite.testcarver.extraction.CarvingClassLoader - Keeping class: com.examples.with.different.packagename.testcarver.ClassWithPublicStaticField
INFO  org.evosuite.testcarver.extraction.CarvingClassLoader - Seeing class for first time: com.examples.with.different.packagename.testcarver.ClassWithPublicStaticFieldReadingTestCase
WARN  org.evosuite.testcarver.extraction.CarvingClassLoader - Instrumenting class 'com.examples.with.different.packagename.testcarver.ClassWithPublicStaticFieldReadingTestCase'.
INFO  org.evosuite.testcarver.instrument.Instrumenter - Checking package com.examples.with.different.packagename.testcarver for class com/examples/with/different/packagename/testcarver/ClassWithPublicStaticFieldReadingTestCase
// class version 52.0 (52)
// access flags 0x21
public class com/examples/with/different/packagename/testcarver/ClassWithPublicStaticFieldReadingTestCase {

  // compiled from: ClassWithPublicStaticFieldReadingTestCase.java

  // access flags 0x2
  private _sw_prototype_original_init_sw_prototype_original_()V
    ALOAD 0
    INVOKESTATIC org/evosuite/testcarver/capture/FieldRegistry.register (Ljava/lang/Object;)V
    RETURN
   L0
    LOCALVARIABLE this Lcom/examples/with/different/packagename/testcarver/ClassWithPublicStaticFieldReadingTestCase; L1 L0 0
    MAXSTACK = 5
    MAXLOCALS = 1

  // access flags 0x2
  private _sw_prototype_original_test2()V
   L0
    LINENUMBER 29 L0
    NEW com/examples/with/different/packagename/testcarver/ClassWithPublicStaticField
    DUP
    INVOKESPECIAL com/examples/with/different/packagename/testcarver/ClassWithPublicStaticField.<init> ()V
    ASTORE 1
   L1
    LINENUMBER 30 L1
    ALOAD 1
    GETSTATIC com/examples/with/different/packagename/testcarver/ClassWithPublicStaticField.x : Ljava/util/Locale;
    ACONST_NULL
    LDC -2147483640
    LDC "com/examples/with/different/packagename/testcarver/ClassWithPublicStaticField"
    LDC "x"
    LDC "Ljava/util/Locale;"
    INVOKESTATIC org/evosuite/testcarver/capture/FieldRegistry.notifyReadAccess (Ljava/lang/Object;ILjava/lang/String;Ljava/lang/String;Ljava/lang/String;)V
    INVOKEVIRTUAL com/examples/with/different/packagename/testcarver/ClassWithPublicStaticField.testMe (Ljava/util/Locale;)Z
    INVOKESTATIC org/junit/Assert.assertTrue (Z)V
   L2
    LINENUMBER 31 L2
    RETURN
   L3
    LOCALVARIABLE this Lcom/examples/with/different/packagename/testcarver/ClassWithPublicStaticFieldReadingTestCase; L0 L3 0
    LOCALVARIABLE x Lcom/examples/with/different/packagename/testcarver/ClassWithPublicStaticField; L1 L3 1
    MAXSTACK = 6
    MAXLOCALS = 2

  // access flags 0x1
  public <init>()V
    TRYCATCHBLOCK L0 L1 L1 java/lang/Throwable
   L2
    LINENUMBER 25 L2
    ALOAD 0
    INVOKESPECIAL java/lang/Object.<init> ()V
   L0
    LDC -2147483641
    ALOAD 0
    LDC "<init>"
    LDC "()V"
    BIPUSH 0
    ANEWARRAY java/lang/Object
    INVOKESTATIC org/evosuite/testcarver/capture/Capturer.capture (ILjava/lang/Object;Ljava/lang/String;Ljava/lang/String;[Ljava/lang/Object;)V
    ALOAD 0
    INVOKEVIRTUAL com/examples/with/different/packagename/testcarver/ClassWithPublicStaticFieldReadingTestCase._sw_prototype_original_init_sw_prototype_original_ ()V
    GOTO L3
   L1
   FRAME SAME1 java/lang/Throwable
    ASTORE 1
    LDC -2147483641
    ALOAD 0
    GETSTATIC org/evosuite/testcarver/capture/CaptureLog.RETURN_TYPE_VOID : Ljava/lang/Object;
    INVOKESTATIC org/evosuite/testcarver/capture/Capturer.enable (ILjava/lang/Object;Ljava/lang/Object;)V
    ALOAD 1
    ATHROW
   L3
   FRAME SAME
    LDC -2147483641
    ALOAD 0
    GETSTATIC org/evosuite/testcarver/capture/CaptureLog.RETURN_TYPE_VOID : Ljava/lang/Object;
    INVOKESTATIC org/evosuite/testcarver/capture/Capturer.enable (ILjava/lang/Object;Ljava/lang/Object;)V
    RETURN
    MAXSTACK = 5
    MAXLOCALS = 0

  // access flags 0x1
  public test2()V
  @Lorg/junit/Test;()
    TRYCATCHBLOCK L0 L1 L1 java/lang/Throwable
   L0
    LDC -2147483639
    ALOAD 0
    LDC "test2"
    LDC "()V"
    BIPUSH 0
    ANEWARRAY java/lang/Object
    INVOKESTATIC org/evosuite/testcarver/capture/Capturer.capture (ILjava/lang/Object;Ljava/lang/String;Ljava/lang/String;[Ljava/lang/Object;)V
    ALOAD 0
    INVOKEVIRTUAL com/examples/with/different/packagename/testcarver/ClassWithPublicStaticFieldReadingTestCase._sw_prototype_original_test2 ()V
    GOTO L2
   L1
   FRAME SAME1 java/lang/Throwable
    ASTORE 1
    LDC -2147483639
    ALOAD 0
    GETSTATIC org/evosuite/testcarver/capture/CaptureLog.RETURN_TYPE_VOID : Ljava/lang/Object;
    INVOKESTATIC org/evosuite/testcarver/capture/Capturer.enable (ILjava/lang/Object;Ljava/lang/Object;)V
    ALOAD 1
    ATHROW
   L2
   FRAME SAME
    LDC -2147483639
    ALOAD 0
    GETSTATIC org/evosuite/testcarver/capture/CaptureLog.RETURN_TYPE_VOID : Ljava/lang/Object;
    INVOKESTATIC org/evosuite/testcarver/capture/Capturer.enable (ILjava/lang/Object;Ljava/lang/Object;)V
    RETURN
    MAXSTACK = 6
    MAXLOCALS = 0
}
INFO  org.evosuite.testcarver.extraction.CarvingClassLoader - Keeping class: com.examples.with.different.packagename.testcarver.ClassWithPublicStaticFieldReadingTestCase
INFO  org.evosuite.testcarver.extraction.CarvingRunListener - Not yet reached maximum time to carve unit tests - executing test with carver
INFO  org.evosuite.testcarver.capture.Capturer - Starting Capturer...
INFO  org.evosuite.testcarver.capture.Capturer - Capturer has been started successfully
INFO  org.evosuite.testcarver.capture.Capturer - Stopping Capturer...
INFO  org.evosuite.testcarver.capture.Capturer - Capturer has been stopped successfully
INFO  evo_logger -  - Carving test com.examples.with.different.packagename.testcarver.ClassWithPublicStaticFieldReadingTestCase.test2
INFO  org.evosuite.testcarver.extraction.CarvingRunListener - Carved test of length 3
INFO  org.evosuite.utils.generic.GenericTypeInference - Type map empty
INFO  org.evosuite.testcarver.extraction.CarvingManager - Result: 0/1
INFO  org.evosuite.testcase.execution.TestCaseExecutor - No stalled threads
INFO  org.evosuite.testcarver.extraction.CarvingManager - Adding carved test without exception
INFO  org.evosuite.testcarver.extraction.CarvingManager - ClassWithPublicStaticField classWithPublicStaticField0 = new ClassWithPublicStaticField();
Locale locale0 = ClassWithPublicStaticField.x;
classWithPublicStaticField0.testMe(locale0);

INFO  evo_logger -  -> Carved 1 tests for class class com.examples.with.different.packagename.testcarver.ClassWithPublicStaticField from existing JUnit tests
INFO  evo_logger - * Using 1 carved tests from existing JUnit tests for seeding
INFO  org.evosuite.coverage.branch.BranchPool - Found matching class for branch count: com.examples.with.different.packagename.testcarver.ClassWithPublicStaticField/com.examples.with.different.packagename.testcarver.ClassWithPublicStaticField
INFO  org.evosuite.coverage.branch.BranchCoverageSuiteFitness - Total branch coverage goals: 3
INFO  org.evosuite.coverage.branch.BranchCoverageSuiteFitness - Total branches: 1
INFO  org.evosuite.coverage.branch.BranchCoverageSuiteFitness - Total branchless methods: 1
INFO  org.evosuite.coverage.branch.BranchCoverageSuiteFitness - Total methods: 2: [com.examples.with.different.packagename.testcarver.ClassWithPublicStaticField.<init>()V, com.examples.with.different.packagename.testcarver.ClassWithPublicStaticField.testMe(Ljava/util/Locale;)Z]
INFO  org.evosuite.coverage.branch.BranchCoverageSuiteFitness - (Branches) Best individual covers 1/2 branches and 2/2 methods
INFO  org.evosuite.coverage.branch.BranchCoverageSuiteFitness - Fitness: 1.0, size: 1, length: 3
INFO  org.evosuite.coverage.branch.BranchCoverageSuiteFitness - (Methods) Best individual covers 1/2 branches and 2/2 methods
INFO  org.evosuite.coverage.branch.BranchCoverageSuiteFitness - Fitness: 1.0, size: 1, length: 3
INFO  org.evosuite.coverage.branch.BranchCoverageSuiteFitness - (Fitness) Best individual covers 1/2 branches and 2/2 methods
INFO  org.evosuite.coverage.branch.BranchCoverageSuiteFitness - Fitness: 1.0, size: 1, length: 3
INFO  org.evosuite.testcase.factories.JUnitTestCarvedChromosomeFactory - Cloning user test
ClassWithPublicStaticField classWithPublicStaticField0 = new ClassWithPublicStaticField();
Locale locale0 = ClassWithPublicStaticField.x;
classWithPublicStaticField0.testMe(locale0);

INFO  org.evosuite.TestGenerationContext - *** Resetting context
INFO  org.evosuite.testcase.execution.TestCaseExecutor - TestCaseExecutor instance is non-null, but its actual executor is null
INFO  org.evosuite.TestGenerationContext - *** Resetting context
INFO  org.evosuite.testcase.execution.TestCaseExecutor - TestCaseExecutor instance is non-null, but its actual executor is null
INFO  org.evosuite.instrumentation.InstrumentingClassLoader - Seeing class for first time: com.examples.with.different.packagename.testcarver.ClassWithStaticMethod
INFO  org.evosuite.instrumentation.BytecodeInstrumentation - Starting transformation of com/examples/with/different/packagename/testcarver/ClassWithStaticMethod
INFO  org.evosuite.instrumentation.testability.StringTransformation - Current method: <init>
INFO  org.evosuite.instrumentation.testability.StringTransformation - Current method: getInstance
INFO  org.evosuite.instrumentation.testability.StringTransformation - Current method: testMe
INFO  org.evosuite.runtime.instrumentation.MethodCallReplacementClassAdapter - Adding mock interface to class com/examples/with/different/packagename/testcarver/ClassWithStaticMethod
INFO  org.evosuite.graphs.cfg.CFGClassAdapter - Analyzing CFG of com/examples/with/different/packagename/testcarver/ClassWithStaticMethod
INFO  org.evosuite.graphs.cfg.CFGMethodAdapter - Analyzing method <init>()V in class com.examples.with.different.packagename.testcarver.ClassWithStaticMethod
INFO  org.evosuite.graphs.cfg.CFGMethodAdapter - Generating CFG for method <init>()V
INFO  org.evosuite.graphs.cfg.RawControlFlowGraph - Creating new RawCFG for com.examples.with.different.packagename.testcarver.ClassWithStaticMethod.<init>()V: 0
INFO  org.evosuite.graphs.cfg.CFGMethodAdapter - Created CFG for method <init>()V
INFO  org.evosuite.graphs.cfg.CFGMethodAdapter - Instrumenting method <init>()V in class com.examples.with.different.packagename.testcarver.ClassWithStaticMethod
INFO  org.evosuite.graphs.cfg.CFGClassAdapter - Analyzing CFG of com/examples/with/different/packagename/testcarver/ClassWithStaticMethod
INFO  org.evosuite.graphs.cfg.CFGMethodAdapter - Analyzing method getInstance()Lcom/examples/with/different/packagename/testcarver/ClassWithStaticMethod; in class com.examples.with.different.packagename.testcarver.ClassWithStaticMethod
INFO  org.evosuite.graphs.cfg.CFGMethodAdapter - Generating CFG for method getInstance()Lcom/examples/with/different/packagename/testcarver/ClassWithStaticMethod;
INFO  org.evosuite.graphs.cfg.RawControlFlowGraph - Creating new RawCFG for com.examples.with.different.packagename.testcarver.ClassWithStaticMethod.getInstance()Lcom/examples/with/different/packagename/testcarver/ClassWithStaticMethod;: 0
INFO  org.evosuite.graphs.cfg.CFGMethodAdapter - Created CFG for method getInstance()Lcom/examples/with/different/packagename/testcarver/ClassWithStaticMethod;
INFO  org.evosuite.graphs.cfg.CFGMethodAdapter - Instrumenting method getInstance()Lcom/examples/with/different/packagename/testcarver/ClassWithStaticMethod; in class com.examples.with.different.packagename.testcarver.ClassWithStaticMethod
INFO  org.evosuite.graphs.cfg.CFGClassAdapter - Analyzing CFG of com/examples/with/different/packagename/testcarver/ClassWithStaticMethod
INFO  org.evosuite.graphs.cfg.CFGMethodAdapter - Analyzing method testMe(I)Z in class com.examples.with.different.packagename.testcarver.ClassWithStaticMethod
INFO  org.evosuite.graphs.cfg.CFGMethodAdapter - Generating CFG for method testMe(I)Z
INFO  org.evosuite.graphs.cfg.RawControlFlowGraph - Creating new RawCFG for com.examples.with.different.packagename.testcarver.ClassWithStaticMethod.testMe(I)Z: 0
INFO  org.evosuite.coverage.branch.BranchPool - Adding to map the branch I4 Branch 1 IF_ICMPNE L33
INFO  org.evosuite.coverage.branch.BranchPool - Branch 1 at line 33
INFO  org.evosuite.graphs.cfg.CFGMethodAdapter - Created CFG for method testMe(I)Z
INFO  org.evosuite.graphs.cfg.CFGMethodAdapter - Instrumenting method testMe(I)Z in class com.examples.with.different.packagename.testcarver.ClassWithStaticMethod
INFO  org.evosuite.graphs.cfg.CFGClassAdapter - Analyzing CFG of com/examples/with/different/packagename/testcarver/ClassWithStaticMethod
INFO  org.evosuite.graphs.cfg.CFGMethodAdapter - Method has EvoSuite annotation: Lorg/evosuite/runtime/annotation/EvoSuiteExclude;
INFO  org.evosuite.runtime.instrumentation.CreateClassResetClassAdapter - Creating brand-new static initializer in class com/examples/with/different/packagename/testcarver/ClassWithStaticMethod
INFO  org.evosuite.instrumentation.InstrumentingClassLoader - Loaded class: com.examples.with.different.packagename.testcarver.ClassWithStaticMethod
INFO  evo_logger - * Executing tests from 1 test class for carving
INFO  org.evosuite.testcarver.extraction.CarvingClassLoader - Seeing class for first time: com.examples.with.different.packagename.testcarver.ClassWithStaticMethod
WARN  org.evosuite.testcarver.extraction.CarvingClassLoader - Instrumenting class 'com.examples.with.different.packagename.testcarver.ClassWithStaticMethod'.
INFO  org.evosuite.testcarver.instrument.Instrumenter - Checking package com.examples.with.different.packagename.testcarver for class com/examples/with/different/packagename/testcarver/ClassWithStaticMethod
// class version 52.0 (52)
// access flags 0x21
public class com/examples/with/different/packagename/testcarver/ClassWithStaticMethod {

  // compiled from: ClassWithStaticMethod.java

  // access flags 0x2
  private <init>()V
   L0
    LINENUMBER 24 L0
    ALOAD 0
    INVOKESPECIAL java/lang/Object.<init> ()V
   L1
    LINENUMBER 26 L1
    RETURN
   L2
    LOCALVARIABLE this Lcom/examples/with/different/packagename/testcarver/ClassWithStaticMethod; L0 L2 0
    MAXSTACK = 1
    MAXLOCALS = 1

  // access flags 0xA
  private static _sw_prototype_original_getInstance()Lcom/examples/with/different/packagename/testcarver/ClassWithStaticMethod;
   L0
    LINENUMBER 29 L0
    NEW com/examples/with/different/packagename/testcarver/ClassWithStaticMethod
    DUP
    INVOKESPECIAL com/examples/with/different/packagename/testcarver/ClassWithStaticMethod.<init> ()V
    ARETURN
    MAXSTACK = 6
    MAXLOCALS = 0

  // access flags 0x2
  private _sw_prototype_original_testMe(I)Z
   L0
    LINENUMBER 33 L0
    ILOAD 1
    BIPUSH 42
    IF_ICMPNE L1
    ICONST_1
    GOTO L2
   L1
    ICONST_0
   L2
    IRETURN
   L3
    LOCALVARIABLE this Lcom/examples/with/different/packagename/testcarver/ClassWithStaticMethod; L0 L3 0
    LOCALVARIABLE x I L0 L3 1
    MAXSTACK = 6
    MAXLOCALS = 2

  // access flags 0x9
  public static getInstance()Lcom/examples/with/different/packagename/testcarver/ClassWithStaticMethod;
    TRYCATCHBLOCK L0 L1 L2 java/lang/Throwable
    ACONST_NULL
    ASTORE 0
   L0
    LDC -2147483644
    LDC "com/examples/with/different/packagename/testcarver/ClassWithStaticMethod"
    INVOKESTATIC org/evosuite/testcarver/capture/CaptureUtil.loadClass (Ljava/lang/String;)Ljava/lang/Class;
    LDC "getInstance"
    LDC "()Lcom/examples/with/different/packagename/testcarver/ClassWithStaticMethod;"
    BIPUSH 0
    ANEWARRAY java/lang/Object
    INVOKESTATIC org/evosuite/testcarver/capture/Capturer.capture (ILjava/lang/Object;Ljava/lang/String;Ljava/lang/String;[Ljava/lang/Object;)V
    INVOKESTATIC com/examples/with/different/packagename/testcarver/ClassWithStaticMethod._sw_prototype_original_getInstance ()Lcom/examples/with/different/packagename/testcarver/ClassWithStaticMethod;
    ASTORE 0
    ALOAD 0
    ASTORE 2
   L1
    LDC -2147483644
    LDC "com/examples/with/different/packagename/testcarver/ClassWithStaticMethod"
    INVOKESTATIC org/evosuite/testcarver/capture/CaptureUtil.loadClass (Ljava/lang/String;)Ljava/lang/Class;
    ALOAD 0
    INVOKESTATIC org/evosuite/testcarver/capture/Capturer.enable (ILjava/lang/Object;Ljava/lang/Object;)V
    ALOAD 2
    ARETURN
   L2
   FRAME FULL [com/examples/with/different/packagename/testcarver/ClassWithStaticMethod com/examples/with/different/packagename/testcarver/ClassWithStaticMethod] [java/lang/Throwable]
    ASTORE 1
    LDC -2147483644
    LDC "com/examples/with/different/packagename/testcarver/ClassWithStaticMethod"
    INVOKESTATIC org/evosuite/testcarver/capture/CaptureUtil.loadClass (Ljava/lang/String;)Ljava/lang/Class;
    ALOAD 0
    INVOKESTATIC org/evosuite/testcarver/capture/Capturer.enable (ILjava/lang/Object;Ljava/lang/Object;)V
    ALOAD 1
    ATHROW
    MAXSTACK = 6
    MAXLOCALS = 0

  // access flags 0x1
  public testMe(I)Z
    TRYCATCHBLOCK L0 L1 L2 java/lang/Throwable
    ACONST_NULL
    ASTORE 2
   L0
    LDC -2147483643
    ALOAD 0
    LDC "testMe"
    LDC "(I)Z"
    BIPUSH 1
    ANEWARRAY java/lang/Object
    DUP
    BIPUSH 0
    ILOAD 1
    INVOKESTATIC java/lang/Integer.valueOf (I)Ljava/lang/Integer;
    AASTORE
    INVOKESTATIC org/evosuite/testcarver/capture/Capturer.capture (ILjava/lang/Object;Ljava/lang/String;Ljava/lang/String;[Ljava/lang/Object;)V
    ALOAD 0
    ILOAD 1
    INVOKEVIRTUAL com/examples/with/different/packagename/testcarver/ClassWithStaticMethod._sw_prototype_original_testMe (I)Z
    INVOKESTATIC java/lang/Boolean.valueOf (Z)Ljava/lang/Boolean;
    ASTORE 2
    ALOAD 2
    INVOKEVIRTUAL java/lang/Boolean.booleanValue ()Z
    ISTORE 4
   L1
    LDC -2147483643
    ALOAD 0
    ALOAD 2
    INVOKESTATIC org/evosuite/testcarver/capture/Capturer.enable (ILjava/lang/Object;Ljava/lang/Object;)V
    ILOAD 4
    IRETURN
   L2
   FRAME FULL [com/examples/with/different/packagename/testcarver/ClassWithStaticMethod java/lang/Boolean] [java/lang/Throwable]
    ASTORE 3
    LDC -2147483643
    ALOAD 0
    ALOAD 2
    INVOKESTATIC org/evosuite/testcarver/capture/Capturer.enable (ILjava/lang/Object;Ljava/lang/Object;)V
    ALOAD 3
    ATHROW
    MAXSTACK = 6
    MAXLOCALS = 0
}
INFO  org.evosuite.testcarver.extraction.CarvingClassLoader - Keeping class: com.examples.with.different.packagename.testcarver.ClassWithStaticMethod
INFO  org.evosuite.testcarver.extraction.CarvingClassLoader - Seeing class for first time: com.examples.with.different.packagename.testcarver.ClassWithStaticMethodTestCase
WARN  org.evosuite.testcarver.extraction.CarvingClassLoader - Instrumenting class 'com.examples.with.different.packagename.testcarver.ClassWithStaticMethodTestCase'.
INFO  org.evosuite.testcarver.instrument.Instrumenter - Checking package com.examples.with.different.packagename.testcarver for class com/examples/with/different/packagename/testcarver/ClassWithStaticMethodTestCase
// class version 52.0 (52)
// access flags 0x21
public class com/examples/with/different/packagename/testcarver/ClassWithStaticMethodTestCase {

  // compiled from: ClassWithStaticMethodTestCase.java

  // access flags 0x2
  private _sw_prototype_original_init_sw_prototype_original_()V
    ALOAD 0
    INVOKESTATIC org/evosuite/testcarver/capture/FieldRegistry.register (Ljava/lang/Object;)V
    RETURN
   L0
    LOCALVARIABLE this Lcom/examples/with/different/packagename/testcarver/ClassWithStaticMethodTestCase; L1 L0 0
    MAXSTACK = 5
    MAXLOCALS = 1

  // access flags 0x2
  private _sw_prototype_original_testStaticMethod()V
   L0
    LINENUMBER 30 L0
    INVOKESTATIC com/examples/with/different/packagename/testcarver/ClassWithStaticMethod.getInstance ()Lcom/examples/with/different/packagename/testcarver/ClassWithStaticMethod;
    ASTORE 1
   L1
    LINENUMBER 31 L1
    ALOAD 1
    BIPUSH 42
    INVOKEVIRTUAL com/examples/with/different/packagename/testcarver/ClassWithStaticMethod.testMe (I)Z
    INVOKESTATIC org/junit/Assert.assertTrue (Z)V
   L2
    LINENUMBER 32 L2
    RETURN
   L3
    LOCALVARIABLE this Lcom/examples/with/different/packagename/testcarver/ClassWithStaticMethodTestCase; L0 L3 0
    LOCALVARIABLE c Lcom/examples/with/different/packagename/testcarver/ClassWithStaticMethod; L1 L3 1
    MAXSTACK = 6
    MAXLOCALS = 2

  // access flags 0x1
  public <init>()V
    TRYCATCHBLOCK L0 L1 L1 java/lang/Throwable
   L2
    LINENUMBER 26 L2
    ALOAD 0
    INVOKESPECIAL java/lang/Object.<init> ()V
   L0
    LDC -2147483642
    ALOAD 0
    LDC "<init>"
    LDC "()V"
    BIPUSH 0
    ANEWARRAY java/lang/Object
    INVOKESTATIC org/evosuite/testcarver/capture/Capturer.capture (ILjava/lang/Object;Ljava/lang/String;Ljava/lang/String;[Ljava/lang/Object;)V
    ALOAD 0
    INVOKEVIRTUAL com/examples/with/different/packagename/testcarver/ClassWithStaticMethodTestCase._sw_prototype_original_init_sw_prototype_original_ ()V
    GOTO L3
   L1
   FRAME SAME1 java/lang/Throwable
    ASTORE 1
    LDC -2147483642
    ALOAD 0
    GETSTATIC org/evosuite/testcarver/capture/CaptureLog.RETURN_TYPE_VOID : Ljava/lang/Object;
    INVOKESTATIC org/evosuite/testcarver/capture/Capturer.enable (ILjava/lang/Object;Ljava/lang/Object;)V
    ALOAD 1
    ATHROW
   L3
   FRAME SAME
    LDC -2147483642
    ALOAD 0
    GETSTATIC org/evosuite/testcarver/capture/CaptureLog.RETURN_TYPE_VOID : Ljava/lang/Object;
    INVOKESTATIC org/evosuite/testcarver/capture/Capturer.enable (ILjava/lang/Object;Ljava/lang/Object;)V
    RETURN
    MAXSTACK = 5
    MAXLOCALS = 0

  // access flags 0x1
  public testStaticMethod()V
  @Lorg/junit/Test;()
    TRYCATCHBLOCK L0 L1 L1 java/lang/Throwable
   L0
    LDC -2147483641
    ALOAD 0
    LDC "testStaticMethod"
    LDC "()V"
    BIPUSH 0
    ANEWARRAY java/lang/Object
    INVOKESTATIC org/evosuite/testcarver/capture/Capturer.capture (ILjava/lang/Object;Ljava/lang/String;Ljava/lang/String;[Ljava/lang/Object;)V
    ALOAD 0
    INVOKEVIRTUAL com/examples/with/different/packagename/testcarver/ClassWithStaticMethodTestCase._sw_prototype_original_testStaticMethod ()V
    GOTO L2
   L1
   FRAME SAME1 java/lang/Throwable
    ASTORE 1
    LDC -2147483641
    ALOAD 0
    GETSTATIC org/evosuite/testcarver/capture/CaptureLog.RETURN_TYPE_VOID : Ljava/lang/Object;
    INVOKESTATIC org/evosuite/testcarver/capture/Capturer.enable (ILjava/lang/Object;Ljava/lang/Object;)V
    ALOAD 1
    ATHROW
   L2
   FRAME SAME
    LDC -2147483641
    ALOAD 0
    GETSTATIC org/evosuite/testcarver/capture/CaptureLog.RETURN_TYPE_VOID : Ljava/lang/Object;
    INVOKESTATIC org/evosuite/testcarver/capture/Capturer.enable (ILjava/lang/Object;Ljava/lang/Object;)V
    RETURN
    MAXSTACK = 6
    MAXLOCALS = 0
}
INFO  org.evosuite.testcarver.extraction.CarvingClassLoader - Keeping class: com.examples.with.different.packagename.testcarver.ClassWithStaticMethodTestCase
INFO  org.evosuite.testcarver.extraction.CarvingRunListener - Not yet reached maximum time to carve unit tests - executing test with carver
INFO  org.evosuite.testcarver.capture.Capturer - Starting Capturer...
INFO  org.evosuite.testcarver.capture.Capturer - Capturer has been started successfully
INFO  org.evosuite.testcarver.capture.Capturer - Stopping Capturer...
INFO  org.evosuite.testcarver.capture.Capturer - Capturer has been stopped successfully
INFO  evo_logger -  - Carving test com.examples.with.different.packagename.testcarver.ClassWithStaticMethodTestCase.testStaticMethod
INFO  org.evosuite.testcarver.extraction.CarvingRunListener - Carved test of length 3
INFO  org.evosuite.testcarver.extraction.CarvingManager - Result: 0/1
INFO  org.evosuite.testcase.execution.TestCaseExecutor - No stalled threads
INFO  org.evosuite.testcarver.extraction.CarvingManager - Adding carved test without exception
INFO  org.evosuite.testcarver.extraction.CarvingManager - ClassWithStaticMethod classWithStaticMethod0 = ClassWithStaticMethod.getInstance();
int int0 = 42;
classWithStaticMethod0.testMe(int0);

INFO  evo_logger -  -> Carved 1 tests for class class com.examples.with.different.packagename.testcarver.ClassWithStaticMethod from existing JUnit tests
INFO  evo_logger - * Using 1 carved tests from existing JUnit tests for seeding
INFO  org.evosuite.coverage.branch.BranchPool - Found matching class for branch count: com.examples.with.different.packagename.testcarver.ClassWithStaticMethod/com.examples.with.different.packagename.testcarver.ClassWithStaticMethod
INFO  org.evosuite.coverage.branch.BranchCoverageSuiteFitness - Total branch coverage goals: 3
INFO  org.evosuite.coverage.branch.BranchCoverageSuiteFitness - Total branches: 1
INFO  org.evosuite.coverage.branch.BranchCoverageSuiteFitness - Total branchless methods: 1
INFO  org.evosuite.coverage.branch.BranchCoverageSuiteFitness - Total methods: 2: [com.examples.with.different.packagename.testcarver.ClassWithStaticMethod.testMe(I)Z, com.examples.with.different.packagename.testcarver.ClassWithStaticMethod.getInstance()Lcom/examples/with/different/packagename/testcarver/ClassWithStaticMethod;]
INFO  org.evosuite.coverage.branch.BranchCoverageSuiteFitness - (Branches) Best individual covers 1/2 branches and 2/2 methods
INFO  org.evosuite.coverage.branch.BranchCoverageSuiteFitness - Fitness: 1.0, size: 1, length: 3
INFO  org.evosuite.coverage.branch.BranchCoverageSuiteFitness - (Methods) Best individual covers 1/2 branches and 2/2 methods
INFO  org.evosuite.coverage.branch.BranchCoverageSuiteFitness - Fitness: 1.0, size: 1, length: 3
INFO  org.evosuite.coverage.branch.BranchCoverageSuiteFitness - (Fitness) Best individual covers 1/2 branches and 2/2 methods
INFO  org.evosuite.coverage.branch.BranchCoverageSuiteFitness - Fitness: 1.0, size: 1, length: 3
INFO  org.evosuite.testcase.factories.JUnitTestCarvedChromosomeFactory - Cloning user test
ClassWithStaticMethod classWithStaticMethod0 = ClassWithStaticMethod.getInstance();
int int0 = 42;
classWithStaticMethod0.testMe(int0);

INFO  org.evosuite.TestGenerationContext - *** Resetting context
INFO  org.evosuite.testcase.execution.TestCaseExecutor - TestCaseExecutor instance is non-null, but its actual executor is null
INFO  org.evosuite.TestGenerationContext - *** Resetting context
INFO  org.evosuite.testcase.execution.TestCaseExecutor - TestCaseExecutor instance is non-null, but its actual executor is null
INFO  evo_logger - * EvoSuite
INFO  evo_logger - * Going to generate test cases for class: com.examples.with.different.packagename.testcarver.DifficultClassWithoutCarving
WARN  org.evosuite.runtime.util.JarPathing - Classpath entry does not exist: /app/master
INFO  org.evosuite.classpath.ClassPathHacker - Trying to add URL to class path: file:/app/master/target/test-classes/
INFO  org.evosuite.classpath.ClassPathHacker - Did not add file:/app/master/target/test-classes/, because system class loader is no URLClassLoader
INFO  org.evosuite.classpath.ClassPathHacker - Trying to add URL to class path: file:/app/master/../runtime/target/test-classes/
INFO  org.evosuite.classpath.ClassPathHacker - Did not add file:/app/master/../runtime/target/test-classes/, because system class loader is no URLClassLoader
INFO  org.evosuite.classpath.ClassPathHacker - Trying to add URL to class path: file:/app/master/../client/target/test-classes/
INFO  org.evosuite.classpath.ClassPathHacker - Did not add file:/app/master/../client/target/test-classes/, because system class loader is no URLClassLoader
INFO  org.evosuite.classpath.ClassPathHacker - Trying to add URL to class path: file:/app/master/external/
INFO  org.evosuite.classpath.ClassPathHacker - Did not add file:/app/master/external/, because system class loader is no URLClassLoader
INFO  evo_logger - * Starting Client-0
INFO  evo_logger - * Connecting to master process on port 9922
INFO  org.evosuite.rmi.service.ClientNodeImpl - Client changing state from NOT_STARTED to STARTED
INFO  evo_logger - * Analyzing classpath:
INFO  org.evosuite.rmi.service.ClientNodeImpl - Client changing state from STARTED to INITIALIZATION
INFO  org.evosuite.rmi.service.ClientNodeImpl - Sending output variable to master process: Classpath_Classes = 6633
INFO  org.evosuite.setup.callgraph.CallGraphGenerator - Updating call tree
INFO  org.evosuite.testcase.execution.TestCaseExecutor - No stalled threads
INFO  org.evosuite.rmi.service.ClientNodeImpl - Sending output variable to master process: Classpath_Classes = 6633
INFO  org.evosuite.setup.callgraph.CallGraphGenerator - Updating call tree
INFO  org.evosuite.setup.TestClusterGenerator - Handling cast classes
INFO  org.evosuite.setup.TestClusterGenerator - Initialising target class
INFO  org.evosuite.setup.TestClusterGenerator - Analyzing target class
INFO  org.evosuite.setup.TestClusterGenerator - Current SUT class: class com.examples.with.different.packagename.testcarver.DifficultClassWithoutCarving
INFO  org.evosuite.setup.TestClusterGenerator - Checking target constructor public com.examples.with.different.packagename.testcarver.DifficultClassWithoutCarving()
INFO  org.evosuite.instrumentation.InstrumentingClassLoader - Seeing class for first time: com.examples.with.different.packagename.testcarver.DifficultDependencyClass
INFO  org.evosuite.instrumentation.BytecodeInstrumentation - Starting transformation of com/examples/with/different/packagename/testcarver/DifficultDependencyClass
INFO  org.evosuite.runtime.instrumentation.MethodCallReplacementClassAdapter - Adding mock interface to class com/examples/with/different/packagename/testcarver/DifficultDependencyClass
INFO  org.evosuite.instrumentation.EndOfClassInitializerVisitor - Creating <clinit> in class com/examples/with/different/packagename/testcarver/DifficultDependencyClass
INFO  org.evosuite.runtime.instrumentation.CreateClassResetClassAdapter - Found static initializer in class com/examples/with/different/packagename/testcarver/DifficultDependencyClass
INFO  org.evosuite.instrumentation.InstrumentingClassLoader - Loaded class: com.examples.with.different.packagename.testcarver.DifficultDependencyClass
INFO  org.evosuite.setup.TestClusterGenerator - Checking target method static void com.examples.with.different.packagename.testcarver.DifficultClassWithoutCarving.__STATIC_RESET()
INFO  org.evosuite.setup.TestClusterGenerator - Checking target method protected native java.lang.Object java.lang.Object.clone() throws java.lang.CloneNotSupportedException
INFO  org.evosuite.setup.TestClusterGenerator - Checking target method public boolean java.lang.Object.equals(java.lang.Object)
INFO  org.evosuite.setup.TestClusterGenerator - Checking target method protected void java.lang.Object.finalize() throws java.lang.Throwable
INFO  org.evosuite.setup.TestClusterGenerator - Checking target method public final native java.lang.Class java.lang.Object.getClass()
INFO  org.evosuite.setup.TestClusterGenerator - Checking target method public int com.examples.with.different.packagename.testcarver.DifficultClassWithoutCarving.hashCode()
INFO  org.evosuite.setup.TestClusterGenerator - Checking target method public final native void java.lang.Object.notify()
INFO  org.evosuite.setup.TestClusterGenerator - Checking target method public final native void java.lang.Object.notifyAll()
INFO  org.evosuite.setup.TestClusterGenerator - Checking target method public boolean com.examples.with.different.packagename.testcarver.DifficultClassWithoutCarving.testMe(com.examples.with.different.packagename.testcarver.DifficultDependencyClass)
INFO  org.evosuite.setup.TestClusterGenerator - Checking target method public java.lang.String java.lang.Object.toString()
INFO  org.evosuite.setup.TestClusterGenerator - Checking target method public final void java.lang.Object.wait() throws java.lang.InterruptedException
INFO  org.evosuite.setup.TestClusterGenerator - Checking target method public final void java.lang.Object.wait(long) throws java.lang.InterruptedException
INFO  org.evosuite.setup.TestClusterGenerator - Checking target method public final void java.lang.Object.wait(long,int) throws java.lang.InterruptedException
INFO  org.evosuite.setup.TestClusterGenerator - Checking target method private final native void java.lang.Object.wait0(long) throws java.lang.InterruptedException
INFO  org.evosuite.setup.TestClusterGenerator - Checking target field private static final long com.examples.with.different.packagename.testcarver.DifficultClassWithoutCarving.serialVersionUID
INFO  org.evosuite.setup.TestClusterGenerator - Finished analyzing target class
INFO  org.evosuite.setup.TestClusterGenerator - Resolving dependencies
INFO  org.evosuite.setup.TestClusterGenerator - Finished analyzing com.examples.with.different.packagename.testcarver.DifficultDependencyClass at recursion level 1
INFO  org.evosuite.setup.TestClusterGenerator - Removing unusable generators
INFO  org.evosuite.rmi.service.ClientNodeImpl - Sending output variable to master process: Analyzed_Classes = 2
INFO  org.evosuite.rmi.service.ClientNodeImpl - Sending output variable to master process: Generators = 3
INFO  org.evosuite.rmi.service.ClientNodeImpl - Sending output variable to master process: Modifiers = 1
INFO  org.evosuite.rmi.service.ClientNodeImpl - Sending output variable to master process: Predicates = 1
INFO  org.evosuite.rmi.service.ClientNodeImpl - Sending output variable to master process: Instrumented_Predicates = 0
INFO  org.evosuite.rmi.service.ClientNodeImpl - Sending output variable to master process: Total_Branches = 2
INFO  org.evosuite.rmi.service.ClientNodeImpl - Sending output variable to master process: Total_Branches_Real = 2
INFO  org.evosuite.rmi.service.ClientNodeImpl - Sending output variable to master process: Total_Branches_Instrumented = 0
INFO  org.evosuite.rmi.service.ClientNodeImpl - Sending output variable to master process: Branchless_Methods = 1
INFO  org.evosuite.rmi.service.ClientNodeImpl - Sending output variable to master process: Total_Methods = 2
INFO  org.evosuite.rmi.service.ClientNodeImpl - Sending output variable to master process: Lines = 2
INFO  evo_logger - * Finished analyzing classpath
INFO  evo_logger - * Generating tests for class com.examples.with.different.packagename.testcarver.DifficultClassWithoutCarving
INFO  evo_logger - * Test criterion:
INFO  evo_logger -   - Branch Coverage
INFO  evo_logger - * Setting up search algorithm for whole suite generation
INFO  org.evosuite.strategy.PropertiesSearchAlgorithmFactory - Using seeding chromosome factory
INFO  org.evosuite.rmi.service.ClientNodeImpl - Client changing state from INITIALIZATION to CARVING
INFO  org.evosuite.statistics.SearchStatistics - Received status update: CARVING - 0, 0, 0
INFO  evo_logger - * Executing tests from 1 test class for carving
INFO  org.evosuite.testcarver.extraction.CarvingClassLoader - Seeing class for first time: com.examples.with.different.packagename.testcarver.DifficultClassWithoutCarving
WARN  org.evosuite.testcarver.extraction.CarvingClassLoader - Instrumenting class 'com.examples.with.different.packagename.testcarver.DifficultClassWithoutCarving'.
INFO  org.evosuite.testcarver.instrument.Instrumenter - Checking package com.examples.with.different.packagename.testcarver for class com/examples/with/different/packagename/testcarver/DifficultClassWithoutCarving
// class version 52.0 (52)
// access flags 0x21
public class com/examples/with/different/packagename/testcarver/DifficultClassWithoutCarving {

  // compiled from: DifficultClassWithoutCarving.java

  // access flags 0x2
  private _sw_prototype_original_init_sw_prototype_original_()V
    ALOAD 0
    INVOKESTATIC org/evosuite/testcarver/capture/FieldRegistry.register (Ljava/lang/Object;)V
    RETURN
   L0
    LOCALVARIABLE this Lcom/examples/with/different/packagename/testcarver/DifficultClassWithoutCarving; L1 L0 0
    MAXSTACK = 5
    MAXLOCALS = 1

  // access flags 0x2
  private _sw_prototype_original_testMe(Lcom/examples/with/different/packagename/testcarver/DifficultDependencyClass;)Z
   L0
    LINENUMBER 25 L0
    ALOAD 1
    INVOKEVIRTUAL com/examples/with/different/packagename/testcarver/DifficultDependencyClass.isTen ()Z
    IFEQ L1
   L2
    LINENUMBER 26 L2
    ICONST_1
    IRETURN
   L1
    LINENUMBER 28 L1
    ICONST_0
    IRETURN
   L3
    LOCALVARIABLE this Lcom/examples/with/different/packagename/testcarver/DifficultClassWithoutCarving; L0 L3 0
    LOCALVARIABLE dependency Lcom/examples/with/different/packagename/testcarver/DifficultDependencyClass; L0 L3 1
    MAXSTACK = 5
    MAXLOCALS = 2

  // access flags 0x1
  public <init>()V
    TRYCATCHBLOCK L0 L1 L1 java/lang/Throwable
   L2
    LINENUMBER 22 L2
    ALOAD 0
    INVOKESPECIAL java/lang/Object.<init> ()V
   L0
    LDC -2147483644
    ALOAD 0
    LDC "<init>"
    LDC "()V"
    BIPUSH 0
    ANEWARRAY java/lang/Object
    INVOKESTATIC org/evosuite/testcarver/capture/Capturer.capture (ILjava/lang/Object;Ljava/lang/String;Ljava/lang/String;[Ljava/lang/Object;)V
    ALOAD 0
    INVOKEVIRTUAL com/examples/with/different/packagename/testcarver/DifficultClassWithoutCarving._sw_prototype_original_init_sw_prototype_original_ ()V
    GOTO L3
   L1
   FRAME SAME1 java/lang/Throwable
    ASTORE 1
    LDC -2147483644
    ALOAD 0
    GETSTATIC org/evosuite/testcarver/capture/CaptureLog.RETURN_TYPE_VOID : Ljava/lang/Object;
    INVOKESTATIC org/evosuite/testcarver/capture/Capturer.enable (ILjava/lang/Object;Ljava/lang/Object;)V
    ALOAD 1
    ATHROW
   L3
   FRAME SAME
    LDC -2147483644
    ALOAD 0
    GETSTATIC org/evosuite/testcarver/capture/CaptureLog.RETURN_TYPE_VOID : Ljava/lang/Object;
    INVOKESTATIC org/evosuite/testcarver/capture/Capturer.enable (ILjava/lang/Object;Ljava/lang/Object;)V
    RETURN
    MAXSTACK = 5
    MAXLOCALS = 0

  // access flags 0x1
  public testMe(Lcom/examples/with/different/packagename/testcarver/DifficultDependencyClass;)Z
    TRYCATCHBLOCK L0 L1 L2 java/lang/Throwable
    ACONST_NULL
    ASTORE 2
   L0
    LDC -2147483643
    ALOAD 0
    LDC "testMe"
    LDC "(Lcom/examples/with/different/packagename/testcarver/DifficultDependencyClass;)Z"
    BIPUSH 1
    ANEWARRAY java/lang/Object
    DUP
    BIPUSH 0
    ALOAD 1
    AASTORE
    INVOKESTATIC org/evosuite/testcarver/capture/Capturer.capture (ILjava/lang/Object;Ljava/lang/String;Ljava/lang/String;[Ljava/lang/Object;)V
    ALOAD 0
    ALOAD 1
    INVOKEVIRTUAL com/examples/with/different/packagename/testcarver/DifficultClassWithoutCarving._sw_prototype_original_testMe (Lcom/examples/with/different/packagename/testcarver/DifficultDependencyClass;)Z
    INVOKESTATIC java/lang/Boolean.valueOf (Z)Ljava/lang/Boolean;
    ASTORE 2
    ALOAD 2
    INVOKEVIRTUAL java/lang/Boolean.booleanValue ()Z
    ISTORE 4
   L1
    LDC -2147483643
    ALOAD 0
    ALOAD 2
    INVOKESTATIC org/evosuite/testcarver/capture/Capturer.enable (ILjava/lang/Object;Ljava/lang/Object;)V
    ILOAD 4
    IRETURN
   L2
   FRAME FULL [com/examples/with/different/packagename/testcarver/DifficultClassWithoutCarving java/lang/Boolean] [java/lang/Throwable]
    ASTORE 3
    LDC -2147483643
    ALOAD 0
    ALOAD 2
    INVOKESTATIC org/evosuite/testcarver/capture/Capturer.enable (ILjava/lang/Object;Ljava/lang/Object;)V
    ALOAD 3
    ATHROW
    MAXSTACK = 5
    MAXLOCALS = 0
}
INFO  org.evosuite.testcarver.extraction.CarvingClassLoader - Keeping class: com.examples.with.different.packagename.testcarver.DifficultClassWithoutCarving
INFO  org.evosuite.testcarver.extraction.CarvingClassLoader - Seeing class for first time: com.examples.with.different.packagename.testcarver.DifficultClassTest
WARN  org.evosuite.testcarver.extraction.CarvingClassLoader - Instrumenting class 'com.examples.with.different.packagename.testcarver.DifficultClassTest'.
INFO  org.evosuite.testcarver.instrument.Instrumenter - Checking package com.examples.with.different.packagename.testcarver for class com/examples/with/different/packagename/testcarver/DifficultClassTest
// class version 52.0 (52)
// access flags 0x21
public class com/examples/with/different/packagename/testcarver/DifficultClassTest {

  // compiled from: DifficultClassTest.java

  // access flags 0x2
  private _sw_prototype_original_init_sw_prototype_original_()V
    ALOAD 0
    INVOKESTATIC org/evosuite/testcarver/capture/FieldRegistry.register (Ljava/lang/Object;)V
    RETURN
   L0
    LOCALVARIABLE this Lcom/examples/with/different/packagename/testcarver/DifficultClassTest; L1 L0 0
    MAXSTACK = 5
    MAXLOCALS = 1

  // access flags 0x2
  private _sw_prototype_original_test()V
   L0
    LINENUMBER 28 L0
    NEW com/examples/with/different/packagename/testcarver/DifficultDependencyClass
    DUP
    INVOKESPECIAL com/examples/with/different/packagename/testcarver/DifficultDependencyClass.<init> ()V
    ASTORE 1
   L1
    LINENUMBER 29 L1
    ALOAD 1
    INVOKEVIRTUAL com/examples/with/different/packagename/testcarver/DifficultDependencyClass.inc ()V
   L2
    LINENUMBER 30 L2
    ALOAD 1
    INVOKEVIRTUAL com/examples/with/different/packagename/testcarver/DifficultDependencyClass.inc ()V
   L3
    LINENUMBER 31 L3
    ALOAD 1
    INVOKEVIRTUAL com/examples/with/different/packagename/testcarver/DifficultDependencyClass.inc ()V
   L4
    LINENUMBER 32 L4
    ALOAD 1
    INVOKEVIRTUAL com/examples/with/different/packagename/testcarver/DifficultDependencyClass.inc ()V
   L5
    LINENUMBER 33 L5
    ALOAD 1
    INVOKEVIRTUAL com/examples/with/different/packagename/testcarver/DifficultDependencyClass.inc ()V
   L6
    LINENUMBER 34 L6
    ALOAD 1
    INVOKEVIRTUAL com/examples/with/different/packagename/testcarver/DifficultDependencyClass.inc ()V
   L7
    LINENUMBER 35 L7
    ALOAD 1
    INVOKEVIRTUAL com/examples/with/different/packagename/testcarver/DifficultDependencyClass.inc ()V
   L8
    LINENUMBER 36 L8
    ALOAD 1
    INVOKEVIRTUAL com/examples/with/different/packagename/testcarver/DifficultDependencyClass.inc ()V
   L9
    LINENUMBER 37 L9
    ALOAD 1
    INVOKEVIRTUAL com/examples/with/different/packagename/testcarver/DifficultDependencyClass.inc ()V
   L10
    LINENUMBER 38 L10
    ALOAD 1
    INVOKEVIRTUAL com/examples/with/different/packagename/testcarver/DifficultDependencyClass.inc ()V
   L11
    LINENUMBER 39 L11
    RETURN
   L12
    LOCALVARIABLE this Lcom/examples/with/different/packagename/testcarver/DifficultClassTest; L0 L12 0
    LOCALVARIABLE dependency Lcom/examples/with/different/packagename/testcarver/DifficultDependencyClass; L1 L12 1
    MAXSTACK = 6
    MAXLOCALS = 2

  // access flags 0x1
  public <init>()V
    TRYCATCHBLOCK L0 L1 L1 java/lang/Throwable
   L2
    LINENUMBER 24 L2
    ALOAD 0
    INVOKESPECIAL java/lang/Object.<init> ()V
   L0
    LDC -2147483642
    ALOAD 0
    LDC "<init>"
    LDC "()V"
    BIPUSH 0
    ANEWARRAY java/lang/Object
    INVOKESTATIC org/evosuite/testcarver/capture/Capturer.capture (ILjava/lang/Object;Ljava/lang/String;Ljava/lang/String;[Ljava/lang/Object;)V
    ALOAD 0
    INVOKEVIRTUAL com/examples/with/different/packagename/testcarver/DifficultClassTest._sw_prototype_original_init_sw_prototype_original_ ()V
    GOTO L3
   L1
   FRAME SAME1 java/lang/Throwable
    ASTORE 1
    LDC -2147483642
    ALOAD 0
    GETSTATIC org/evosuite/testcarver/capture/CaptureLog.RETURN_TYPE_VOID : Ljava/lang/Object;
    INVOKESTATIC org/evosuite/testcarver/capture/Capturer.enable (ILjava/lang/Object;Ljava/lang/Object;)V
    ALOAD 1
    ATHROW
   L3
   FRAME SAME
    LDC -2147483642
    ALOAD 0
    GETSTATIC org/evosuite/testcarver/capture/CaptureLog.RETURN_TYPE_VOID : Ljava/lang/Object;
    INVOKESTATIC org/evosuite/testcarver/capture/Capturer.enable (ILjava/lang/Object;Ljava/lang/Object;)V
    RETURN
    MAXSTACK = 5
    MAXLOCALS = 0

  // access flags 0x1
  public test()V
  @Lorg/junit/Test;()
    TRYCATCHBLOCK L0 L1 L1 java/lang/Throwable
   L0
    LDC -2147483641
    ALOAD 0
    LDC "test"
    LDC "()V"
    BIPUSH 0
    ANEWARRAY java/lang/Object
    INVOKESTATIC org/evosuite/testcarver/capture/Capturer.capture (ILjava/lang/Object;Ljava/lang/String;Ljava/lang/String;[Ljava/lang/Object;)V
    ALOAD 0
    INVOKEVIRTUAL com/examples/with/different/packagename/testcarver/DifficultClassTest._sw_prototype_original_test ()V
    GOTO L2
   L1
   FRAME SAME1 java/lang/Throwable
    ASTORE 1
    LDC -2147483641
    ALOAD 0
    GETSTATIC org/evosuite/testcarver/capture/CaptureLog.RETURN_TYPE_VOID : Ljava/lang/Object;
    INVOKESTATIC org/evosuite/testcarver/capture/Capturer.enable (ILjava/lang/Object;Ljava/lang/Object;)V
    ALOAD 1
    ATHROW
   L2
   FRAME SAME
    LDC -2147483641
    ALOAD 0
    GETSTATIC org/evosuite/testcarver/capture/CaptureLog.RETURN_TYPE_VOID : Ljava/lang/Object;
    INVOKESTATIC org/evosuite/testcarver/capture/Capturer.enable (ILjava/lang/Object;Ljava/lang/Object;)V
    RETURN
    MAXSTACK = 6
    MAXLOCALS = 0
}
INFO  org.evosuite.testcarver.extraction.CarvingClassLoader - Keeping class: com.examples.with.different.packagename.testcarver.DifficultClassTest
INFO  org.evosuite.testcarver.extraction.CarvingRunListener - Not yet reached maximum time to carve unit tests - executing test with carver
INFO  org.evosuite.testcarver.capture.Capturer - Starting Capturer...
INFO  org.evosuite.testcarver.capture.Capturer - Capturer has been started successfully
INFO  org.evosuite.testcarver.extraction.CarvingClassLoader - Seeing class for first time: com.examples.with.different.packagename.testcarver.DifficultDependencyClass
WARN  org.evosuite.testcarver.extraction.CarvingClassLoader - Instrumenting class 'com.examples.with.different.packagename.testcarver.DifficultDependencyClass'.
INFO  org.evosuite.testcarver.instrument.Instrumenter - Checking package com.examples.with.different.packagename.testcarver for class com/examples/with/different/packagename/testcarver/DifficultDependencyClass
// class version 52.0 (52)
// access flags 0x21
public class com/examples/with/different/packagename/testcarver/DifficultDependencyClass {

  // compiled from: DifficultDependencyClass.java

  // access flags 0x2
  private I x

  // access flags 0x2
  private _sw_prototype_original_init_sw_prototype_original_()V
    ALOAD 0
    INVOKESTATIC org/evosuite/testcarver/capture/FieldRegistry.register (Ljava/lang/Object;)V
   L0
    LINENUMBER 24 L0
    ALOAD 0
    ICONST_0
    DUP2
    PUTFIELD com/examples/with/different/packagename/testcarver/DifficultDependencyClass.x : I
    POP
    LDC -2147483640
    LDC "com/examples/with/different/packagename/testcarver/DifficultDependencyClass"
    LDC "x"
    LDC "I"
    INVOKESTATIC org/evosuite/testcarver/capture/FieldRegistry.notifyModification (Ljava/lang/Object;ILjava/lang/String;Ljava/lang/String;Ljava/lang/String;)V
    RETURN
   L1
    LOCALVARIABLE this Lcom/examples/with/different/packagename/testcarver/DifficultDependencyClass; L2 L1 0
    MAXSTACK = 6
    MAXLOCALS = 1

  // access flags 0x2
  private _sw_prototype_original_inc()V
   L0
    LINENUMBER 27 L0
    ALOAD 0
    DUP
    DUP
    GETFIELD com/examples/with/different/packagename/testcarver/DifficultDependencyClass.x : I
    SWAP
    LDC -2147483635
    LDC "com/examples/with/different/packagename/testcarver/DifficultDependencyClass"
    LDC "x"
    LDC "I"
    INVOKESTATIC org/evosuite/testcarver/capture/FieldRegistry.notifyReadAccess (Ljava/lang/Object;ILjava/lang/String;Ljava/lang/String;Ljava/lang/String;)V
    ICONST_1
    IADD
    DUP2
    PUTFIELD com/examples/with/different/packagename/testcarver/DifficultDependencyClass.x : I
    POP
    LDC -2147483637
    LDC "com/examples/with/different/packagename/testcarver/DifficultDependencyClass"
    LDC "x"
    LDC "I"
    INVOKESTATIC org/evosuite/testcarver/capture/FieldRegistry.notifyModification (Ljava/lang/Object;ILjava/lang/String;Ljava/lang/String;Ljava/lang/String;)V
   L1
    LINENUMBER 28 L1
    RETURN
   L2
    LOCALVARIABLE this Lcom/examples/with/different/packagename/testcarver/DifficultDependencyClass; L0 L2 0
    MAXSTACK = 7
    MAXLOCALS = 1

  // access flags 0x2
  private _sw_prototype_original_isTen()Z
   L0
    LINENUMBER 31 L0
    ALOAD 0
    DUP
    GETFIELD com/examples/with/different/packagename/testcarver/DifficultDependencyClass.x : I
    SWAP
    LDC -2147483633
    LDC "com/examples/with/different/packagename/testcarver/DifficultDependencyClass"
    LDC "x"
    LDC "I"
    INVOKESTATIC org/evosuite/testcarver/capture/FieldRegistry.notifyReadAccess (Ljava/lang/Object;ILjava/lang/String;Ljava/lang/String;Ljava/lang/String;)V
    BIPUSH 10
    IF_ICMPNE L1
    ICONST_1
    GOTO L2
   L1
    ICONST_0
   L2
    IRETURN
   L3
    LOCALVARIABLE this Lcom/examples/with/different/packagename/testcarver/DifficultDependencyClass; L0 L3 0
    MAXSTACK = 6
    MAXLOCALS = 1

  // access flags 0x1
  public <init>()V
    TRYCATCHBLOCK L0 L1 L1 java/lang/Throwable
   L2
    LINENUMBER 22 L2
    ALOAD 0
    INVOKESPECIAL java/lang/Object.<init> ()V
   L0
    LDC -2147483638
    ALOAD 0
    LDC "<init>"
    LDC "()V"
    BIPUSH 0
    ANEWARRAY java/lang/Object
    INVOKESTATIC org/evosuite/testcarver/capture/Capturer.capture (ILjava/lang/Object;Ljava/lang/String;Ljava/lang/String;[Ljava/lang/Object;)V
    ALOAD 0
    INVOKEVIRTUAL com/examples/with/different/packagename/testcarver/DifficultDependencyClass._sw_prototype_original_init_sw_prototype_original_ ()V
    GOTO L3
   L1
   FRAME SAME1 java/lang/Throwable
    ASTORE 1
    LDC -2147483638
    ALOAD 0
    GETSTATIC org/evosuite/testcarver/capture/CaptureLog.RETURN_TYPE_VOID : Ljava/lang/Object;
    INVOKESTATIC org/evosuite/testcarver/capture/Capturer.enable (ILjava/lang/Object;Ljava/lang/Object;)V
    ALOAD 1
    ATHROW
   L3
   FRAME SAME
    LDC -2147483638
    ALOAD 0
    GETSTATIC org/evosuite/testcarver/capture/CaptureLog.RETURN_TYPE_VOID : Ljava/lang/Object;
    INVOKESTATIC org/evosuite/testcarver/capture/Capturer.enable (ILjava/lang/Object;Ljava/lang/Object;)V
    RETURN
    MAXSTACK = 6
    MAXLOCALS = 0

  // access flags 0x1
  public inc()V
    TRYCATCHBLOCK L0 L1 L1 java/lang/Throwable
   L0
    LDC -2147483634
    ALOAD 0
    LDC "inc"
    LDC "()V"
    BIPUSH 0
    ANEWARRAY java/lang/Object
    INVOKESTATIC org/evosuite/testcarver/capture/Capturer.capture (ILjava/lang/Object;Ljava/lang/String;Ljava/lang/String;[Ljava/lang/Object;)V
    ALOAD 0
    INVOKEVIRTUAL com/examples/with/different/packagename/testcarver/DifficultDependencyClass._sw_prototype_original_inc ()V
    GOTO L2
   L1
   FRAME SAME1 java/lang/Throwable
    ASTORE 1
    LDC -2147483634
    ALOAD 0
    GETSTATIC org/evosuite/testcarver/capture/CaptureLog.RETURN_TYPE_VOID : Ljava/lang/Object;
    INVOKESTATIC org/evosuite/testcarver/capture/Capturer.enable (ILjava/lang/Object;Ljava/lang/Object;)V
    ALOAD 1
    ATHROW
   L2
   FRAME SAME
    LDC -2147483634
    ALOAD 0
    GETSTATIC org/evosuite/testcarver/capture/CaptureLog.RETURN_TYPE_VOID : Ljava/lang/Object;
    INVOKESTATIC org/evosuite/testcarver/capture/Capturer.enable (ILjava/lang/Object;Ljava/lang/Object;)V
    RETURN
    MAXSTACK = 7
    MAXLOCALS = 0

  // access flags 0x1
  public isTen()Z
    TRYCATCHBLOCK L0 L1 L2 java/lang/Throwable
    ACONST_NULL
    ASTORE 1
   L0
    LDC -2147483632
    ALOAD 0
    LDC "isTen"
    LDC "()Z"
    BIPUSH 0
    ANEWARRAY java/lang/Object
    INVOKESTATIC org/evosuite/testcarver/capture/Capturer.capture (ILjava/lang/Object;Ljava/lang/String;Ljava/lang/String;[Ljava/lang/Object;)V
    ALOAD 0
    INVOKEVIRTUAL com/examples/with/different/packagename/testcarver/DifficultDependencyClass._sw_prototype_original_isTen ()Z
    INVOKESTATIC java/lang/Boolean.valueOf (Z)Ljava/lang/Boolean;
    ASTORE 1
    ALOAD 1
    INVOKEVIRTUAL java/lang/Boolean.booleanValue ()Z
    ISTORE 3
   L1
    LDC -2147483632
    ALOAD 0
    ALOAD 1
    INVOKESTATIC org/evosuite/testcarver/capture/Capturer.enable (ILjava/lang/Object;Ljava/lang/Object;)V
    ILOAD 3
    IRETURN
   L2
   FRAME FULL [com/examples/with/different/packagename/testcarver/DifficultDependencyClass java/lang/Boolean] [java/lang/Throwable]
    ASTORE 2
    LDC -2147483632
    ALOAD 0
    ALOAD 1
    INVOKESTATIC org/evosuite/testcarver/capture/Capturer.enable (ILjava/lang/Object;Ljava/lang/Object;)V
    ALOAD 2
    ATHROW
    MAXSTACK = 6
    MAXLOCALS = 0
}
INFO  org.evosuite.testcarver.extraction.CarvingClassLoader - Keeping class: com.examples.with.different.packagename.testcarver.DifficultDependencyClass
INFO  org.evosuite.testcarver.capture.Capturer - Stopping Capturer...
INFO  org.evosuite.testcarver.capture.Capturer - Capturer has been stopped successfully
INFO  evo_logger -  - Carving test com.examples.with.different.packagename.testcarver.DifficultClassTest.test
INFO  org.evosuite.testcarver.codegen.CaptureLogAnalyzer - could not find any oids for [com.examples.with.different.packagename.testcarver.DifficultClassWithoutCarving] -> [class com.examples.with.different.packagename.testcarver.DifficultClassWithoutCarving] ==> no code is generated

INFO  org.evosuite.testcarver.extraction.CarvingRunListener - Failed to carve test for [class com.examples.with.different.packagename.testcarver.DifficultClassWithoutCarving]
INFO  org.evosuite.testcarver.extraction.CarvingManager - Result: 0/1
INFO  org.evosuite.testcarver.extraction.CarvingManager - It was not possible to carve any test case for class com.examples.with.different.packagename.testcarver.DifficultClassWithoutCarving from [com.examples.with.different.packagename.testcarver.DifficultClassTest]
INFO  org.evosuite.rmi.service.ClientNodeImpl - Sending output variable to master process: CarvedTests = 0
INFO  org.evosuite.rmi.service.ClientNodeImpl - Sending output variable to master process: CarvedCoverage = 0.0
INFO  org.evosuite.strategy.PropertiesSearchAlgorithmFactory - Chosen search algorithm: MonotonicGA
INFO  org.evosuite.strategy.PropertiesSearchAlgorithmFactory - Setting stopping condition: MAXSTATEMENTS
INFO  org.evosuite.coverage.branch.BranchPool - Found matching class for branch count: com.examples.with.different.packagename.testcarver.DifficultClassWithoutCarving/com.examples.with.different.packagename.testcarver.DifficultClassWithoutCarving
INFO  org.evosuite.coverage.branch.BranchCoverageSuiteFitness - Total branch coverage goals: 3
INFO  org.evosuite.coverage.branch.BranchCoverageSuiteFitness - Total branches: 1
INFO  org.evosuite.coverage.branch.BranchCoverageSuiteFitness - Total branchless methods: 1
INFO  org.evosuite.coverage.branch.BranchCoverageSuiteFitness - Total methods: 2: [com.examples.with.different.packagename.testcarver.DifficultClassWithoutCarving.<init>()V, com.examples.with.different.packagename.testcarver.DifficultClassWithoutCarving.testMe(Lcom/examples/with/different/packagename/testcarver/DifficultDependencyClass;)Z]
INFO  evo_logger - * Total number of test goals: 3
INFO  evo_logger - * Using seed 1
INFO  evo_logger - * Starting evolution
INFO  org.evosuite.rmi.service.ClientNodeImpl - Client changing state from CARVING to SEARCH
INFO  org.evosuite.statistics.SearchStatistics - Received status update: SEARCH - 0, 0, 0
INFO  org.evosuite.ga.archive.Archive - Removing constructor <init>()V from cluster
INFO  org.evosuite.ga.archive.Archive - Testcalls left: 1
INFO  org.evosuite.coverage.branch.BranchCoverageSuiteFitness - (Branches) Best individual covers 1/2 branches and 2/2 methods
INFO  org.evosuite.coverage.branch.BranchCoverageSuiteFitness - Fitness: 0.5, size: 5, length: 145
INFO  org.evosuite.coverage.branch.BranchCoverageSuiteFitness - (Methods) Best individual covers 1/2 branches and 2/2 methods
INFO  org.evosuite.coverage.branch.BranchCoverageSuiteFitness - Fitness: 0.5, size: 5, length: 145
INFO  org.evosuite.coverage.branch.BranchCoverageSuiteFitness - (Fitness) Best individual covers 1/2 branches and 2/2 methods
INFO  org.evosuite.coverage.branch.BranchCoverageSuiteFitness - Fitness: 0.5, size: 5, length: 145
INFO  org.evosuite.rmi.service.ClientNodeImpl - Sending current best individual to master process
INFO  org.evosuite.ga.archive.Archive - Removing method testMe(Lcom/examples/with/different/packagename/testcarver/DifficultDependencyClass;)Z from cluster
INFO  org.evosuite.ga.archive.Archive - Testcalls left: 0
INFO  org.evosuite.coverage.branch.BranchCoverageSuiteFitness - (Branches) Best individual covers 2/2 branches and 2/2 methods
INFO  org.evosuite.coverage.branch.BranchCoverageSuiteFitness - Fitness: 0.0, size: 8, length: 219
INFO  org.evosuite.coverage.branch.BranchCoverageSuiteFitness - (Fitness) Best individual covers 2/2 branches and 2/2 methods
INFO  org.evosuite.coverage.branch.BranchCoverageSuiteFitness - Fitness: 0.0, size: 8, length: 219
INFO  org.evosuite.rmi.service.ClientNodeImpl - Sending current best individual to master process
INFO  org.evosuite.rmi.service.ClientNodeImpl - Sending output variable to master process: TotalExceptionsTimeline = 0
INFO  org.evosuite.rmi.service.ClientNodeImpl - Sending current best individual to master process
INFO  org.evosuite.rmi.service.ClientNodeImpl - Sending output variable to master process: Statements_Executed = 4982
INFO  org.evosuite.rmi.service.ClientNodeImpl - Sending output variable to master process: Tests_Executed = 757
INFO  org.evosuite.rmi.service.ClientNodeImpl - Sending output variable to master process: Generations = 0
INFO  org.evosuite.rmi.service.ClientNodeImpl - Sending output variable to master process: Fitness_Evaluations = 50
INFO  org.evosuite.rmi.service.ClientNodeImpl - Sending output variable to master process: TotalExceptionsTimeline = 0
INFO  org.evosuite.rmi.service.ClientNodeImpl - Sending current best individual to master process
INFO  org.evosuite.rmi.service.ClientNodeImpl - Sending output variable to master process: Total_Goals = 3
INFO  org.evosuite.rmi.service.ClientNodeImpl - Sending output variable to master process: Statements_Executed = 4982
INFO  org.evosuite.rmi.service.ClientNodeImpl - Sending output variable to master process: Tests_Executed = 757
INFO  org.evosuite.rmi.service.ClientNodeImpl - Sending output variable to master process: Covered_Goals = 3
INFO  org.evosuite.rmi.service.ClientNodeImpl - Sending output variable to master process: Covered_Methods = 2
INFO  org.evosuite.rmi.service.ClientNodeImpl - Sending output variable to master process: Covered_Branches = 2
INFO  org.evosuite.rmi.service.ClientNodeImpl - Sending output variable to master process: Covered_Branchless_Methods = 1
INFO  org.evosuite.rmi.service.ClientNodeImpl - Sending output variable to master process: Covered_Branches_Real = 2
INFO  org.evosuite.rmi.service.ClientNodeImpl - Sending output variable to master process: Covered_Branches_Instrumented = 0
INFO  org.evosuite.rmi.service.ClientNodeImpl - Sending output variable to master process: Covered_Lines = 4
INFO  org.evosuite.rmi.service.ClientNodeImpl - Sending output variable to master process: Explicit_MethodExceptions = 0
INFO  org.evosuite.rmi.service.ClientNodeImpl - Sending output variable to master process: Explicit_TypeExceptions = 0
INFO  org.evosuite.rmi.service.ClientNodeImpl - Sending output variable to master process: Implicit_MethodExceptions = 1
INFO  org.evosuite.rmi.service.ClientNodeImpl - Sending output variable to master process: Implicit_TypeExceptions = 1
INFO  org.evosuite.rmi.service.ClientNodeImpl - Sending current best individual to master process
INFO  org.evosuite.rmi.service.ClientNodeImpl - Sending output variable to master process: AllPermission = 0
INFO  org.evosuite.rmi.service.ClientNodeImpl - Sending output variable to master process: SecurityPermission = 0
INFO  org.evosuite.rmi.service.ClientNodeImpl - Sending output variable to master process: UnresolvedPermission = 0
INFO  org.evosuite.rmi.service.ClientNodeImpl - Sending output variable to master process: AWTPermission = 0
INFO  org.evosuite.rmi.service.ClientNodeImpl - Sending output variable to master process: FilePermission = 0
INFO  org.evosuite.rmi.service.ClientNodeImpl - Sending output variable to master process: SerializablePermission = 0
INFO  org.evosuite.rmi.service.ClientNodeImpl - Sending output variable to master process: ReflectPermission = 0
INFO  org.evosuite.rmi.service.ClientNodeImpl - Sending output variable to master process: RuntimePermission = 0
INFO  org.evosuite.rmi.service.ClientNodeImpl - Sending output variable to master process: NetPermission = 0
INFO  org.evosuite.rmi.service.ClientNodeImpl - Sending output variable to master process: SocketPermission = 0
INFO  org.evosuite.rmi.service.ClientNodeImpl - Sending output variable to master process: SQLPermission = 0
INFO  org.evosuite.rmi.service.ClientNodeImpl - Sending output variable to master process: PropertyPermission = 0
INFO  org.evosuite.rmi.service.ClientNodeImpl - Sending output variable to master process: LoggingPermission = 0
INFO  org.evosuite.rmi.service.ClientNodeImpl - Sending output variable to master process: SSLPermission = 0
INFO  org.evosuite.rmi.service.ClientNodeImpl - Sending output variable to master process: AuthPermission = 0
INFO  org.evosuite.rmi.service.ClientNodeImpl - Sending output variable to master process: AudioPermission = 0
INFO  org.evosuite.rmi.service.ClientNodeImpl - Sending output variable to master process: OtherPermission = 0
INFO  org.evosuite.rmi.service.ClientNodeImpl - Sending output variable to master process: Threads = 1
INFO  org.evosuite.rmi.service.ClientNodeImpl - Client changing state from SEARCH to INLINING
INFO  org.evosuite.statistics.SearchStatistics - Received status update: INLINING - 0, 0, 0
INFO  org.evosuite.rmi.service.ClientNodeImpl - Client changing state from INLINING to MINIMIZATION
INFO  org.evosuite.statistics.SearchStatistics - Received status update: MINIMIZATION - 0, 0, 0
INFO  evo_logger - * Minimizing test suite
INFO  org.evosuite.rmi.service.ClientNodeImpl - Sending output variable to master process: Result_Size = 9
INFO  org.evosuite.rmi.service.ClientNodeImpl - Sending output variable to master process: Result_Length = 128
INFO  org.evosuite.testsuite.TestSuiteMinimizer - Minimization Strategy: TOTAL_LENGTH, 9 tests
INFO  org.evosuite.testsuite.TestSuiteMinimizer - Minimizing per test
INFO  org.evosuite.testsuite.TestSuiteMinimizer - Considering goal: com.examples.with.different.packagename.testcarver.DifficultClassWithoutCarving.<init>()V: root-Branch
INFO  org.evosuite.testcase.TestCaseMinimizer - Minimizing test case
INFO  org.evosuite.testsuite.TestSuiteMinimizer - Goal covered by minimized test: com.examples.with.different.packagename.testcarver.DifficultClassWithoutCarving.<init>()V: root-Branch
INFO  org.evosuite.junit.writer.TestSuiteWriter - Adding new test case:
INFO  org.evosuite.testsuite.TestSuiteMinimizer - After new test the suite covers 1/3 goals
INFO  org.evosuite.testsuite.TestSuiteMinimizer - Considering goal: com.examples.with.different.packagename.testcarver.DifficultClassWithoutCarving.testMe(Lcom/examples/with/different/packagename/testcarver/DifficultDependencyClass;)Z: I4 Branch 1 IFEQ L25 - false
INFO  org.evosuite.testcase.TestCaseMinimizer - Minimizing test case
INFO  org.evosuite.testsuite.TestSuiteMinimizer - Goal covered by minimized test: com.examples.with.different.packagename.testcarver.DifficultClassWithoutCarving.<init>()V: root-Branch
INFO  org.evosuite.testsuite.TestSuiteMinimizer - Goal covered by minimized test: com.examples.with.different.packagename.testcarver.DifficultClassWithoutCarving.testMe(Lcom/examples/with/different/packagename/testcarver/DifficultDependencyClass;)Z: I4 Branch 1 IFEQ L25 - false
INFO  org.evosuite.junit.writer.TestSuiteWriter - We have a prefix of this one
INFO  org.evosuite.testsuite.TestSuiteMinimizer - After new test the suite covers 2/3 goals
INFO  org.evosuite.testsuite.TestSuiteMinimizer - Considering goal: com.examples.with.different.packagename.testcarver.DifficultClassWithoutCarving.testMe(Lcom/examples/with/different/packagename/testcarver/DifficultDependencyClass;)Z: I4 Branch 1 IFEQ L25 - true
INFO  org.evosuite.testcase.TestCaseMinimizer - Minimizing test case
INFO  org.evosuite.testsuite.TestSuiteMinimizer - Goal covered by minimized test: com.examples.with.different.packagename.testcarver.DifficultClassWithoutCarving.<init>()V: root-Branch
INFO  org.evosuite.testsuite.TestSuiteMinimizer - Goal covered by minimized test: com.examples.with.different.packagename.testcarver.DifficultClassWithoutCarving.testMe(Lcom/examples/with/different/packagename/testcarver/DifficultDependencyClass;)Z: I4 Branch 1 IFEQ L25 - true
INFO  org.evosuite.junit.writer.TestSuiteWriter - Adding new test case:
INFO  org.evosuite.testsuite.TestSuiteMinimizer - After new test the suite covers 3/3 goals
INFO  org.evosuite.testsuite.TestSuiteMinimizer - Minimized suite covers 3/3 goals
INFO  org.evosuite.testsuite.TestSuiteMinimizer - Setting coverage to: 1.0
INFO  org.evosuite.rmi.service.ClientNodeImpl - Sending output variable to master process: Minimized_Size = 2
INFO  org.evosuite.rmi.service.ClientNodeImpl - Sending output variable to master process: Minimized_Length = 16
INFO  org.evosuite.rmi.service.ClientNodeImpl - Client changing state from MINIMIZATION to COVERAGE_ANALYSIS
INFO  org.evosuite.statistics.SearchStatistics - Received status update: COVERAGE_ANALYSIS - 0, 0, 0
INFO  evo_logger - * Going to analyze the coverage criteria
INFO  evo_logger - * Coverage analysis for criterion BRANCH
INFO  org.evosuite.rmi.service.ClientNodeImpl - Sending output variable to master process: CoverageBitString = 111
INFO  org.evosuite.rmi.service.ClientNodeImpl - Sending output variable to master process: BranchCoverageBitString = 111
INFO  org.evosuite.rmi.service.ClientNodeImpl - Sending output variable to master process: BranchCoverage = 1.0
INFO  evo_logger - * Coverage of criterion BRANCH: 100%
INFO  evo_logger - * Total number of goals: 3
INFO  evo_logger - * Number of covered goals: 3
INFO  org.evosuite.rmi.service.ClientNodeImpl - Sending output variable to master process: Covered_Goals = 3
INFO  org.evosuite.rmi.service.ClientNodeImpl - Sending output variable to master process: Covered_Methods = 2
INFO  org.evosuite.rmi.service.ClientNodeImpl - Sending output variable to master process: Covered_Branches = 2
INFO  org.evosuite.rmi.service.ClientNodeImpl - Sending output variable to master process: Covered_Branchless_Methods = 1
INFO  org.evosuite.rmi.service.ClientNodeImpl - Sending output variable to master process: Covered_Branches_Real = 2
INFO  org.evosuite.rmi.service.ClientNodeImpl - Sending output variable to master process: Covered_Branches_Instrumented = 0
INFO  org.evosuite.rmi.service.ClientNodeImpl - Sending output variable to master process: Covered_Lines = 4
INFO  org.evosuite.rmi.service.ClientNodeImpl - Sending output variable to master process: Explicit_MethodExceptions = 0
INFO  org.evosuite.rmi.service.ClientNodeImpl - Sending output variable to master process: Explicit_TypeExceptions = 0
INFO  org.evosuite.rmi.service.ClientNodeImpl - Sending output variable to master process: Implicit_MethodExceptions = 0
INFO  org.evosuite.rmi.service.ClientNodeImpl - Sending output variable to master process: Implicit_TypeExceptions = 0
INFO  org.evosuite.rmi.service.ClientNodeImpl - Sending current best individual to master process
INFO  evo_logger - * Generated 2 tests with total length 16
INFO  evo_logger - * Resulting test suite's coverage: 100%
INFO  org.evosuite.rmi.service.ClientNodeImpl - Sending output variable to master process: IntegerOnlyConstraints = 0
INFO  org.evosuite.rmi.service.ClientNodeImpl - Sending output variable to master process: RealOnlyConstraints = 0
INFO  org.evosuite.rmi.service.ClientNodeImpl - Sending output variable to master process: StringOnlyConstraints = 0
INFO  org.evosuite.rmi.service.ClientNodeImpl - Sending output variable to master process: ReferenceOnlyConstraints = 0
INFO  org.evosuite.rmi.service.ClientNodeImpl - Sending output variable to master process: IntegerAndRealConstraints = 0
INFO  org.evosuite.rmi.service.ClientNodeImpl - Sending output variable to master process: IntegerAndStringConstraints = 0
INFO  org.evosuite.rmi.service.ClientNodeImpl - Sending output variable to master process: RealAndStringConstraints = 0
INFO  org.evosuite.rmi.service.ClientNodeImpl - Sending output variable to master process: IntegerRealAndStringConstraints = 0
INFO  org.evosuite.rmi.service.ClientNodeImpl - Sending output variable to master process: IntegerAndReferenceConstraints = 0
INFO  org.evosuite.rmi.service.ClientNodeImpl - Sending output variable to master process: RealAndReferenceConstraints = 0
INFO  org.evosuite.rmi.service.ClientNodeImpl - Sending output variable to master process: StringAndReferenceConstraints = 0
INFO  org.evosuite.rmi.service.ClientNodeImpl - Sending output variable to master process: IntegerRealAndReferenceConstraints = 0
INFO  org.evosuite.rmi.service.ClientNodeImpl - Sending output variable to master process: IntegerStringAndReferenceConstraints = 0
INFO  org.evosuite.rmi.service.ClientNodeImpl - Sending output variable to master process: RealStringAndReferenceConstraints = 0
INFO  org.evosuite.rmi.service.ClientNodeImpl - Sending output variable to master process: IntegerRealStringAndReferenceConstraints = 0
INFO  org.evosuite.rmi.service.ClientNodeImpl - Sending output variable to master process: TotalNumberOfConstraints = 0
INFO  org.evosuite.rmi.service.ClientNodeImpl - Sending output variable to master process: NumberOfSATQueries = 0
INFO  org.evosuite.rmi.service.ClientNodeImpl - Sending output variable to master process: NumberOfUNSATQueries = 0
INFO  org.evosuite.rmi.service.ClientNodeImpl - Sending output variable to master process: NumberOfTimeoutQueries = 0
INFO  org.evosuite.rmi.service.ClientNodeImpl - Sending output variable to master process: NumberOfUsefulNewTests = 0
INFO  org.evosuite.rmi.service.ClientNodeImpl - Sending output variable to master process: NumberOfUnusefulNewTests = 0
INFO  org.evosuite.rmi.service.ClientNodeImpl - Sending output variable to master process: QueryCacheSize = 0
INFO  org.evosuite.rmi.service.ClientNodeImpl - Sending output variable to master process: QueryCacheCalls = 0
INFO  org.evosuite.symbolic.dse.DSEStatistics - No query cache calls were made
INFO  org.evosuite.rmi.service.ClientNodeImpl - Sending output variable to master process: QueryCacheHitRate = 0.0
INFO  org.evosuite.rmi.service.ClientNodeImpl - Sending output variable to master process: MaxPathConditionLength = 0
INFO  org.evosuite.rmi.service.ClientNodeImpl - Sending output variable to master process: MinPathConditionLength = 0
INFO  org.evosuite.rmi.service.ClientNodeImpl - Sending output variable to master process: AvgPathConditionLength = 0.0
INFO  org.evosuite.rmi.service.ClientNodeImpl - Sending output variable to master process: NumberOfPathsExplored = 0
INFO  org.evosuite.rmi.service.ClientNodeImpl - Sending output variable to master process: NumberOfPathsDiverged = 0
INFO  org.evosuite.rmi.service.ClientNodeImpl - Sending output variable to master process: TotalTimeSpentSolvingConstraints = 0
INFO  org.evosuite.rmi.service.ClientNodeImpl - Sending output variable to master process: TotalTimeSpentExecutingTestCases = 0
INFO  org.evosuite.rmi.service.ClientNodeImpl - Sending output variable to master process: TotalTimeSpentExecutingConcolicaly = 0
INFO  org.evosuite.rmi.service.ClientNodeImpl - Sending output variable to master process: TotalTimeSpentExecutingNonConcolicTestCases = 0
INFO  evo_logger - * Generating assertions
INFO  org.evosuite.rmi.service.ClientNodeImpl - Client changing state from COVERAGE_ANALYSIS to ASSERTION_GENERATION
INFO  org.evosuite.statistics.SearchStatistics - Received status update: ASSERTION_GENERATION - 0, 0, 0
INFO  org.evosuite.TestGenerationContext - *** Resetting context
INFO  org.evosuite.testcase.execution.TestCaseExecutor - TestCaseExecutor instance is non-null, but its actual executor is null
INFO  org.evosuite.instrumentation.InstrumentingClassLoader - Seeing class for first time: com.examples.with.different.packagename.testcarver.DifficultClassWithoutCarving
INFO  org.evosuite.instrumentation.BytecodeInstrumentation - Starting transformation of com/examples/with/different/packagename/testcarver/DifficultClassWithoutCarving
INFO  org.evosuite.instrumentation.testability.StringTransformation - Current method: <init>
INFO  org.evosuite.instrumentation.testability.StringTransformation - Current method: testMe
INFO  org.evosuite.runtime.instrumentation.MethodCallReplacementClassAdapter - Adding mock interface to class com/examples/with/different/packagename/testcarver/DifficultClassWithoutCarving
INFO  org.evosuite.graphs.cfg.CFGClassAdapter - Analyzing CFG of com/examples/with/different/packagename/testcarver/DifficultClassWithoutCarving
INFO  org.evosuite.graphs.cfg.CFGMethodAdapter - Analyzing method <init>()V in class com.examples.with.different.packagename.testcarver.DifficultClassWithoutCarving
INFO  org.evosuite.graphs.cfg.CFGMethodAdapter - Generating CFG for method <init>()V
INFO  org.evosuite.graphs.cfg.RawControlFlowGraph - Creating new RawCFG for com.examples.with.different.packagename.testcarver.DifficultClassWithoutCarving.<init>()V: 0
INFO  org.evosuite.graphs.cfg.CFGMethodAdapter - Created CFG for method <init>()V
INFO  org.evosuite.graphs.cfg.CFGMethodAdapter - Instrumenting method <init>()V in class com.examples.with.different.packagename.testcarver.DifficultClassWithoutCarving
INFO  org.evosuite.instrumentation.coverage.MethodInstrumentation - Applying mutation operators
INFO  org.evosuite.instrumentation.coverage.MethodInstrumentation - Done.
INFO  org.evosuite.graphs.cfg.CFGClassAdapter - Analyzing CFG of com/examples/with/different/packagename/testcarver/DifficultClassWithoutCarving
INFO  org.evosuite.graphs.cfg.CFGMethodAdapter - Analyzing method testMe(Lcom/examples/with/different/packagename/testcarver/DifficultDependencyClass;)Z in class com.examples.with.different.packagename.testcarver.DifficultClassWithoutCarving
INFO  org.evosuite.graphs.cfg.CFGMethodAdapter - Generating CFG for method testMe(Lcom/examples/with/different/packagename/testcarver/DifficultDependencyClass;)Z
INFO  org.evosuite.graphs.cfg.RawControlFlowGraph - Creating new RawCFG for com.examples.with.different.packagename.testcarver.DifficultClassWithoutCarving.testMe(Lcom/examples/with/different/packagename/testcarver/DifficultDependencyClass;)Z: 0
INFO  org.evosuite.coverage.branch.BranchPool - Adding to map the branch I4 Branch 1 IFEQ L25
INFO  org.evosuite.coverage.branch.BranchPool - Branch 1 at line 25
INFO  org.evosuite.graphs.cfg.CFGMethodAdapter - Created CFG for method testMe(Lcom/examples/with/different/packagename/testcarver/DifficultDependencyClass;)Z
INFO  org.evosuite.graphs.cfg.CFGMethodAdapter - Instrumenting method testMe(Lcom/examples/with/different/packagename/testcarver/DifficultDependencyClass;)Z in class com.examples.with.different.packagename.testcarver.DifficultClassWithoutCarving
INFO  org.evosuite.instrumentation.coverage.MethodInstrumentation - Applying mutation operators
INFO  org.evosuite.instrumentation.coverage.MethodInstrumentation - Done.
INFO  org.evosuite.graphs.cfg.CFGClassAdapter - Analyzing CFG of com/examples/with/different/packagename/testcarver/DifficultClassWithoutCarving
INFO  org.evosuite.graphs.cfg.CFGMethodAdapter - Method has EvoSuite annotation: Lorg/evosuite/runtime/annotation/EvoSuiteExclude;
INFO  org.evosuite.instrumentation.EndOfClassInitializerVisitor - Creating <clinit> in class com/examples/with/different/packagename/testcarver/DifficultClassWithoutCarving
INFO  org.evosuite.graphs.cfg.CFGClassAdapter - Analyzing CFG of com/examples/with/different/packagename/testcarver/DifficultClassWithoutCarving
INFO  org.evosuite.runtime.instrumentation.CreateClassResetClassAdapter - Found static initializer in class com/examples/with/different/packagename/testcarver/DifficultClassWithoutCarving
INFO  org.evosuite.instrumentation.InstrumentingClassLoader - Loaded class: com.examples.with.different.packagename.testcarver.DifficultClassWithoutCarving
INFO  org.evosuite.rmi.service.ClientNodeImpl - Sending output variable to master process: Mutants = 3
INFO  org.evosuite.instrumentation.InstrumentingClassLoader - Seeing class for first time: com.examples.with.different.packagename.testcarver.DifficultDependencyClass
INFO  org.evosuite.instrumentation.BytecodeInstrumentation - Starting transformation of com/examples/with/different/packagename/testcarver/DifficultDependencyClass
INFO  org.evosuite.runtime.instrumentation.MethodCallReplacementClassAdapter - Adding mock interface to class com/examples/with/different/packagename/testcarver/DifficultDependencyClass
INFO  org.evosuite.instrumentation.EndOfClassInitializerVisitor - Creating <clinit> in class com/examples/with/different/packagename/testcarver/DifficultDependencyClass
INFO  org.evosuite.runtime.instrumentation.CreateClassResetClassAdapter - Found static initializer in class com/examples/with/different/packagename/testcarver/DifficultDependencyClass
INFO  org.evosuite.instrumentation.InstrumentingClassLoader - Loaded class: com.examples.with.different.packagename.testcarver.DifficultDependencyClass
INFO  org.evosuite.testcase.execution.TestCaseExecutor - No stalled threads
INFO  org.evosuite.assertion.SimpleMutationAssertionGenerator - Got 1 assertions
INFO  org.evosuite.assertion.SimpleMutationAssertionGenerator - Mutants killed before / after / should be: 2/2/2
INFO  org.evosuite.assertion.SimpleMutationAssertionGenerator - Assertions in this test: 1
INFO  org.evosuite.assertion.SimpleMutationAssertionGenerator - Got 1 assertions
INFO  org.evosuite.assertion.SimpleMutationAssertionGenerator - Mutants killed before / after / should be: 2/2/1
INFO  org.evosuite.assertion.SimpleMutationAssertionGenerator - Assertions in this test: 1
INFO  org.evosuite.rmi.service.ClientNodeImpl - Sending output variable to master process: MutationScore = 1.0
INFO  evo_logger - * Resulting test suite's mutation score: 100%
INFO  org.evosuite.rmi.service.ClientNodeImpl - Sending current best individual to master process
INFO  org.evosuite.rmi.service.ClientNodeImpl - Sending output variable to master process: AllPermission = 0
INFO  org.evosuite.rmi.service.ClientNodeImpl - Sending output variable to master process: SecurityPermission = 0
INFO  org.evosuite.rmi.service.ClientNodeImpl - Sending output variable to master process: UnresolvedPermission = 0
INFO  org.evosuite.rmi.service.ClientNodeImpl - Sending output variable to master process: AWTPermission = 0
INFO  org.evosuite.rmi.service.ClientNodeImpl - Sending output variable to master process: FilePermission = 0
INFO  org.evosuite.rmi.service.ClientNodeImpl - Sending output variable to master process: SerializablePermission = 0
INFO  org.evosuite.rmi.service.ClientNodeImpl - Sending output variable to master process: ReflectPermission = 0
INFO  org.evosuite.rmi.service.ClientNodeImpl - Sending output variable to master process: RuntimePermission = 0
INFO  org.evosuite.rmi.service.ClientNodeImpl - Sending output variable to master process: NetPermission = 0
INFO  org.evosuite.rmi.service.ClientNodeImpl - Sending output variable to master process: SocketPermission = 0
INFO  org.evosuite.rmi.service.ClientNodeImpl - Sending output variable to master process: SQLPermission = 0
INFO  org.evosuite.rmi.service.ClientNodeImpl - Sending output variable to master process: PropertyPermission = 0
INFO  org.evosuite.rmi.service.ClientNodeImpl - Sending output variable to master process: LoggingPermission = 0
INFO  org.evosuite.rmi.service.ClientNodeImpl - Sending output variable to master process: SSLPermission = 0
INFO  org.evosuite.rmi.service.ClientNodeImpl - Sending output variable to master process: AuthPermission = 0
INFO  org.evosuite.rmi.service.ClientNodeImpl - Sending output variable to master process: AudioPermission = 0
INFO  org.evosuite.rmi.service.ClientNodeImpl - Sending output variable to master process: OtherPermission = 0
INFO  org.evosuite.rmi.service.ClientNodeImpl - Sending output variable to master process: Threads = 1
INFO  evo_logger - * Writing tests to file
INFO  org.evosuite.rmi.service.ClientNodeImpl - Client changing state from ASSERTION_GENERATION to WRITING_STATISTICS
INFO  org.evosuite.statistics.SearchStatistics - Received status update: WRITING_STATISTICS - 0, 0, 0
INFO  evo_logger - * Done!
INFO  evo_logger -
INFO  org.evosuite.rmi.service.ClientNodeImpl - Client changing state from WRITING_STATISTICS to DONE
INFO  org.evosuite.statistics.SearchStatistics - Received status update: DONE - 0, 0, 0
INFO  org.evosuite.rmi.service.ClientNodeImpl - Client changing state from DONE to FINISHED
INFO  org.evosuite.statistics.SearchStatistics - Received status update: FINISHED - 0, 0, 0
INFO  evo_logger - * Computation finished
INFO  org.evosuite.statistics.SearchStatistics - Writing statistics
TARGET_CLASS: com.examples.with.different.packagename.testcarver.DifficultClassWithoutCarving
criterion: BRANCH
Coverage: 1.0
Total_Goals: 3
Covered_Goals: 3
EvolvedTestSuite:
TestSuite: 2
Test 0:
DifficultClassWithoutCarving difficultClassWithoutCarving0 = new DifficultClassWithoutCarving();
DifficultDependencyClass difficultDependencyClass0 = new DifficultDependencyClass();
difficultDependencyClass0.inc();
difficultDependencyClass0.inc();
difficultDependencyClass0.inc();
difficultDependencyClass0.inc();
difficultDependencyClass0.inc();
difficultDependencyClass0.inc();
difficultDependencyClass0.inc();
difficultDependencyClass0.inc();
difficultDependencyClass0.inc();
difficultDependencyClass0.inc();
boolean boolean0 = difficultClassWithoutCarving0.testMe(difficultDependencyClass0);
assertTrue(boolean0);


Test 1:
DifficultClassWithoutCarving difficultClassWithoutCarving0 = new DifficultClassWithoutCarving();
DifficultDependencyClass difficultDependencyClass0 = new DifficultDependencyClass();
boolean boolean0 = difficultClassWithoutCarving0.testMe(difficultDependencyClass0);
assertFalse(boolean0);



INFO  org.evosuite.TestGenerationContext - *** Resetting context
INFO  org.evosuite.testcase.execution.TestCaseExecutor - TestCaseExecutor instance is non-null, but its actual executor is null
INFO  org.evosuite.TestGenerationContext - *** Resetting context
INFO  org.evosuite.testcase.execution.TestCaseExecutor - TestCaseExecutor instance is non-null, but its actual executor is null
INFO  org.evosuite.instrumentation.InstrumentingClassLoader - Seeing class for first time: com.examples.with.different.packagename.coverage.MethodWithSeveralInputArguments
INFO  org.evosuite.instrumentation.BytecodeInstrumentation - Starting transformation of com/examples/with/different/packagename/coverage/MethodWithSeveralInputArguments
INFO  org.evosuite.instrumentation.testability.StringTransformation - Current method: <init>
INFO  org.evosuite.instrumentation.testability.StringTransformation - Current method: testFoo
INFO  org.evosuite.runtime.instrumentation.MethodCallReplacementClassAdapter - Adding mock interface to class com/examples/with/different/packagename/coverage/MethodWithSeveralInputArguments
INFO  org.evosuite.graphs.cfg.CFGClassAdapter - Analyzing CFG of com/examples/with/different/packagename/coverage/MethodWithSeveralInputArguments
INFO  org.evosuite.graphs.cfg.CFGMethodAdapter - Analyzing method <init>()V in class com.examples.with.different.packagename.coverage.MethodWithSeveralInputArguments
INFO  org.evosuite.graphs.cfg.CFGMethodAdapter - Generating CFG for method <init>()V
INFO  org.evosuite.graphs.cfg.RawControlFlowGraph - Creating new RawCFG for com.examples.with.different.packagename.coverage.MethodWithSeveralInputArguments.<init>()V: 0
INFO  org.evosuite.graphs.cfg.CFGMethodAdapter - Created CFG for method <init>()V
INFO  org.evosuite.graphs.cfg.CFGMethodAdapter - Instrumenting method <init>()V in class com.examples.with.different.packagename.coverage.MethodWithSeveralInputArguments
INFO  org.evosuite.graphs.cfg.CFGClassAdapter - Analyzing CFG of com/examples/with/different/packagename/coverage/MethodWithSeveralInputArguments
INFO  org.evosuite.graphs.cfg.CFGMethodAdapter - Analyzing method testFoo(ICLjava/lang/String;[Ljava/lang/String;)I in class com.examples.with.different.packagename.coverage.MethodWithSeveralInputArguments
INFO  org.evosuite.graphs.cfg.CFGMethodAdapter - Generating CFG for method testFoo(ICLjava/lang/String;[Ljava/lang/String;)I
INFO  org.evosuite.graphs.cfg.RawControlFlowGraph - Creating new RawCFG for com.examples.with.different.packagename.coverage.MethodWithSeveralInputArguments.testFoo(ICLjava/lang/String;[Ljava/lang/String;)I: 0
INFO  org.evosuite.graphs.cfg.CFGMethodAdapter - Created CFG for method testFoo(ICLjava/lang/String;[Ljava/lang/String;)I
INFO  org.evosuite.graphs.cfg.CFGMethodAdapter - Instrumenting method testFoo(ICLjava/lang/String;[Ljava/lang/String;)I in class com.examples.with.different.packagename.coverage.MethodWithSeveralInputArguments
INFO  org.evosuite.graphs.cfg.CFGClassAdapter - Analyzing CFG of com/examples/with/different/packagename/coverage/MethodWithSeveralInputArguments
INFO  org.evosuite.graphs.cfg.CFGMethodAdapter - Method has EvoSuite annotation: Lorg/evosuite/runtime/annotation/EvoSuiteExclude;
INFO  org.evosuite.runtime.instrumentation.CreateClassResetClassAdapter - Creating brand-new static initializer in class com/examples/with/different/packagename/coverage/MethodWithSeveralInputArguments
INFO  org.evosuite.instrumentation.InstrumentingClassLoader - Loaded class: com.examples.with.different.packagename.coverage.MethodWithSeveralInputArguments
INFO  evo_logger - * Executing tests from 1 test class for carving
INFO  org.evosuite.testcarver.extraction.CarvingClassLoader - Seeing class for first time: com.examples.with.different.packagename.coverage.MethodWithSeveralInputArguments
WARN  org.evosuite.testcarver.extraction.CarvingClassLoader - Instrumenting class 'com.examples.with.different.packagename.coverage.MethodWithSeveralInputArguments'.
INFO  org.evosuite.testcarver.instrument.Instrumenter - Checking package com.examples.with.different.packagename.coverage for class com/examples/with/different/packagename/coverage/MethodWithSeveralInputArguments
// class version 52.0 (52)
// access flags 0x21
public class com/examples/with/different/packagename/coverage/MethodWithSeveralInputArguments {

  // compiled from: MethodWithSeveralInputArguments.java

  // access flags 0x2
  private _sw_prototype_original_init_sw_prototype_original_()V
    ALOAD 0
    INVOKESTATIC org/evosuite/testcarver/capture/FieldRegistry.register (Ljava/lang/Object;)V
    RETURN
   L0
    LOCALVARIABLE this Lcom/examples/with/different/packagename/coverage/MethodWithSeveralInputArguments; L1 L0 0
    MAXSTACK = 5
    MAXLOCALS = 1

  // access flags 0x2
  private _sw_prototype_original_testFoo(ICLjava/lang/String;[Ljava/lang/String;)I
   L0
    LINENUMBER 26 L0
    ICONST_0
    IRETURN
   L1
    LOCALVARIABLE this Lcom/examples/with/different/packagename/coverage/MethodWithSeveralInputArguments; L0 L1 0
    LOCALVARIABLE x I L0 L1 1
    LOCALVARIABLE chr C L0 L1 2
    LOCALVARIABLE obj Ljava/lang/String; L0 L1 3
    LOCALVARIABLE arr [Ljava/lang/String; L0 L1 4
    MAXSTACK = 5
    MAXLOCALS = 5

  // access flags 0x1
  public <init>()V
    TRYCATCHBLOCK L0 L1 L1 java/lang/Throwable
   L2
    LINENUMBER 22 L2
    ALOAD 0
    INVOKESPECIAL java/lang/Object.<init> ()V
   L0
    LDC -2147483644
    ALOAD 0
    LDC "<init>"
    LDC "()V"
    BIPUSH 0
    ANEWARRAY java/lang/Object
    INVOKESTATIC org/evosuite/testcarver/capture/Capturer.capture (ILjava/lang/Object;Ljava/lang/String;Ljava/lang/String;[Ljava/lang/Object;)V
    ALOAD 0
    INVOKEVIRTUAL com/examples/with/different/packagename/coverage/MethodWithSeveralInputArguments._sw_prototype_original_init_sw_prototype_original_ ()V
    GOTO L3
   L1
   FRAME SAME1 java/lang/Throwable
    ASTORE 1
    LDC -2147483644
    ALOAD 0
    GETSTATIC org/evosuite/testcarver/capture/CaptureLog.RETURN_TYPE_VOID : Ljava/lang/Object;
    INVOKESTATIC org/evosuite/testcarver/capture/Capturer.enable (ILjava/lang/Object;Ljava/lang/Object;)V
    ALOAD 1
    ATHROW
   L3
   FRAME SAME
    LDC -2147483644
    ALOAD 0
    GETSTATIC org/evosuite/testcarver/capture/CaptureLog.RETURN_TYPE_VOID : Ljava/lang/Object;
    INVOKESTATIC org/evosuite/testcarver/capture/Capturer.enable (ILjava/lang/Object;Ljava/lang/Object;)V
    RETURN
    MAXSTACK = 5
    MAXLOCALS = 0

  // access flags 0x1
  public testFoo(ICLjava/lang/String;[Ljava/lang/String;)I
    TRYCATCHBLOCK L0 L1 L2 java/lang/Throwable
    ACONST_NULL
    ASTORE 5
   L0
    LDC -2147483643
    ALOAD 0
    LDC "testFoo"
    LDC "(ICLjava/lang/String;[Ljava/lang/String;)I"
    BIPUSH 4
    ANEWARRAY java/lang/Object
    DUP
    BIPUSH 0
    ILOAD 1
    INVOKESTATIC java/lang/Integer.valueOf (I)Ljava/lang/Integer;
    AASTORE
    DUP
    BIPUSH 1
    ILOAD 2
    INVOKESTATIC java/lang/Character.valueOf (C)Ljava/lang/Character;
    AASTORE
    DUP
    BIPUSH 2
    ALOAD 3
    AASTORE
    DUP
    BIPUSH 3
    ALOAD 4
    AASTORE
    INVOKESTATIC org/evosuite/testcarver/capture/Capturer.capture (ILjava/lang/Object;Ljava/lang/String;Ljava/lang/String;[Ljava/lang/Object;)V
    ALOAD 0
    ILOAD 1
    ILOAD 2
    ALOAD 3
    ALOAD 4
    INVOKEVIRTUAL com/examples/with/different/packagename/coverage/MethodWithSeveralInputArguments._sw_prototype_original_testFoo (ICLjava/lang/String;[Ljava/lang/String;)I
    INVOKESTATIC java/lang/Integer.valueOf (I)Ljava/lang/Integer;
    ASTORE 5
    ALOAD 5
    INVOKEVIRTUAL java/lang/Integer.intValue ()I
    ISTORE 7
   L1
    LDC -2147483643
    ALOAD 0
    ALOAD 5
    INVOKESTATIC org/evosuite/testcarver/capture/Capturer.enable (ILjava/lang/Object;Ljava/lang/Object;)V
    ILOAD 7
    IRETURN
   L2
   FRAME FULL [com/examples/with/different/packagename/coverage/MethodWithSeveralInputArguments java/lang/Integer] [java/lang/Throwable]
    ASTORE 6
    LDC -2147483643
    ALOAD 0
    ALOAD 5
    INVOKESTATIC org/evosuite/testcarver/capture/Capturer.enable (ILjava/lang/Object;Ljava/lang/Object;)V
    ALOAD 6
    ATHROW
    MAXSTACK = 5
    MAXLOCALS = 0
}
INFO  org.evosuite.testcarver.extraction.CarvingClassLoader - Keeping class: com.examples.with.different.packagename.coverage.MethodWithSeveralInputArguments
INFO  org.evosuite.testcarver.extraction.CarvingClassLoader - Seeing class for first time: com.examples.with.different.packagename.coverage.TestMethodWithSeveralInputArguments
WARN  org.evosuite.testcarver.extraction.CarvingClassLoader - Instrumenting class 'com.examples.with.different.packagename.coverage.TestMethodWithSeveralInputArguments'.
INFO  org.evosuite.testcarver.instrument.Instrumenter - Checking package com.examples.with.different.packagename.coverage for class com/examples/with/different/packagename/coverage/TestMethodWithSeveralInputArguments
// class version 52.0 (52)
// access flags 0x21
public class com/examples/with/different/packagename/coverage/TestMethodWithSeveralInputArguments {

  // compiled from: TestMethodWithSeveralInputArguments.java

  // access flags 0x2
  private _sw_prototype_original_init_sw_prototype_original_()V
    ALOAD 0
    INVOKESTATIC org/evosuite/testcarver/capture/FieldRegistry.register (Ljava/lang/Object;)V
    RETURN
   L0
    LOCALVARIABLE this Lcom/examples/with/different/packagename/coverage/TestMethodWithSeveralInputArguments; L1 L0 0
    MAXSTACK = 5
    MAXLOCALS = 1

  // access flags 0x2
  private _sw_prototype_original_testWithNull()V
   L0
    LINENUMBER 27 L0
    NEW com/examples/with/different/packagename/coverage/MethodWithSeveralInputArguments
    DUP
    INVOKESPECIAL com/examples/with/different/packagename/coverage/MethodWithSeveralInputArguments.<init> ()V
    BIPUSH 42
    BIPUSH 64
    ACONST_NULL
    ACONST_NULL
    INVOKEVIRTUAL com/examples/with/different/packagename/coverage/MethodWithSeveralInputArguments.testFoo (ICLjava/lang/String;[Ljava/lang/String;)I
    POP
   L1
    LINENUMBER 28 L1
    RETURN
   L2
    LOCALVARIABLE this Lcom/examples/with/different/packagename/coverage/TestMethodWithSeveralInputArguments; L0 L2 0
    MAXSTACK = 9
    MAXLOCALS = 1

  // access flags 0x2
  private _sw_prototype_original_testWithArray()V
   L0
    LINENUMBER 32 L0
    NEW com/examples/with/different/packagename/coverage/MethodWithSeveralInputArguments
    DUP
    INVOKESPECIAL com/examples/with/different/packagename/coverage/MethodWithSeveralInputArguments.<init> ()V
    BIPUSH -42
    BIPUSH 50
    LDC "asdf"
    ICONST_2
    ANEWARRAY java/lang/String
    DUP
    ICONST_0
    LDC "foo"
    AASTORE
    DUP
    ICONST_1
    LDC "bar"
    AASTORE
    INVOKEVIRTUAL com/examples/with/different/packagename/coverage/MethodWithSeveralInputArguments.testFoo (ICLjava/lang/String;[Ljava/lang/String;)I
    POP
   L1
    LINENUMBER 33 L1
    RETURN
   L2
    LOCALVARIABLE this Lcom/examples/with/different/packagename/coverage/TestMethodWithSeveralInputArguments; L0 L2 0
    MAXSTACK = 12
    MAXLOCALS = 1

  // access flags 0x1
  public <init>()V
    TRYCATCHBLOCK L0 L1 L1 java/lang/Throwable
   L2
    LINENUMBER 24 L2
    ALOAD 0
    INVOKESPECIAL java/lang/Object.<init> ()V
   L0
    LDC -2147483642
    ALOAD 0
    LDC "<init>"
    LDC "()V"
    BIPUSH 0
    ANEWARRAY java/lang/Object
    INVOKESTATIC org/evosuite/testcarver/capture/Capturer.capture (ILjava/lang/Object;Ljava/lang/String;Ljava/lang/String;[Ljava/lang/Object;)V
    ALOAD 0
    INVOKEVIRTUAL com/examples/with/different/packagename/coverage/TestMethodWithSeveralInputArguments._sw_prototype_original_init_sw_prototype_original_ ()V
    GOTO L3
   L1
   FRAME SAME1 java/lang/Throwable
    ASTORE 1
    LDC -2147483642
    ALOAD 0
    GETSTATIC org/evosuite/testcarver/capture/CaptureLog.RETURN_TYPE_VOID : Ljava/lang/Object;
    INVOKESTATIC org/evosuite/testcarver/capture/Capturer.enable (ILjava/lang/Object;Ljava/lang/Object;)V
    ALOAD 1
    ATHROW
   L3
   FRAME SAME
    LDC -2147483642
    ALOAD 0
    GETSTATIC org/evosuite/testcarver/capture/CaptureLog.RETURN_TYPE_VOID : Ljava/lang/Object;
    INVOKESTATIC org/evosuite/testcarver/capture/Capturer.enable (ILjava/lang/Object;Ljava/lang/Object;)V
    RETURN
    MAXSTACK = 5
    MAXLOCALS = 0

  // access flags 0x1
  public testWithNull()V
  @Lorg/junit/Test;()
    TRYCATCHBLOCK L0 L1 L1 java/lang/Throwable
   L0
    LDC -2147483641
    ALOAD 0
    LDC "testWithNull"
    LDC "()V"
    BIPUSH 0
    ANEWARRAY java/lang/Object
    INVOKESTATIC org/evosuite/testcarver/capture/Capturer.capture (ILjava/lang/Object;Ljava/lang/String;Ljava/lang/String;[Ljava/lang/Object;)V
    ALOAD 0
    INVOKEVIRTUAL com/examples/with/different/packagename/coverage/TestMethodWithSeveralInputArguments._sw_prototype_original_testWithNull ()V
    GOTO L2
   L1
   FRAME SAME1 java/lang/Throwable
    ASTORE 1
    LDC -2147483641
    ALOAD 0
    GETSTATIC org/evosuite/testcarver/capture/CaptureLog.RETURN_TYPE_VOID : Ljava/lang/Object;
    INVOKESTATIC org/evosuite/testcarver/capture/Capturer.enable (ILjava/lang/Object;Ljava/lang/Object;)V
    ALOAD 1
    ATHROW
   L2
   FRAME SAME
    LDC -2147483641
    ALOAD 0
    GETSTATIC org/evosuite/testcarver/capture/CaptureLog.RETURN_TYPE_VOID : Ljava/lang/Object;
    INVOKESTATIC org/evosuite/testcarver/capture/Capturer.enable (ILjava/lang/Object;Ljava/lang/Object;)V
    RETURN
    MAXSTACK = 9
    MAXLOCALS = 0

  // access flags 0x1
  public testWithArray()V
  @Lorg/junit/Test;()
    TRYCATCHBLOCK L0 L1 L1 java/lang/Throwable
   L0
    LDC -2147483640
    ALOAD 0
    LDC "testWithArray"
    LDC "()V"
    BIPUSH 0
    ANEWARRAY java/lang/Object
    INVOKESTATIC org/evosuite/testcarver/capture/Capturer.capture (ILjava/lang/Object;Ljava/lang/String;Ljava/lang/String;[Ljava/lang/Object;)V
    ALOAD 0
    INVOKEVIRTUAL com/examples/with/different/packagename/coverage/TestMethodWithSeveralInputArguments._sw_prototype_original_testWithArray ()V
    GOTO L2
   L1
   FRAME SAME1 java/lang/Throwable
    ASTORE 1
    LDC -2147483640
    ALOAD 0
    GETSTATIC org/evosuite/testcarver/capture/CaptureLog.RETURN_TYPE_VOID : Ljava/lang/Object;
    INVOKESTATIC org/evosuite/testcarver/capture/Capturer.enable (ILjava/lang/Object;Ljava/lang/Object;)V
    ALOAD 1
    ATHROW
   L2
   FRAME SAME
    LDC -2147483640
    ALOAD 0
    GETSTATIC org/evosuite/testcarver/capture/CaptureLog.RETURN_TYPE_VOID : Ljava/lang/Object;
    INVOKESTATIC org/evosuite/testcarver/capture/Capturer.enable (ILjava/lang/Object;Ljava/lang/Object;)V
    RETURN
    MAXSTACK = 12
    MAXLOCALS = 0
}
INFO  org.evosuite.testcarver.extraction.CarvingClassLoader - Keeping class: com.examples.with.different.packagename.coverage.TestMethodWithSeveralInputArguments
INFO  org.evosuite.testcarver.extraction.CarvingRunListener - Not yet reached maximum time to carve unit tests - executing test with carver
INFO  org.evosuite.testcarver.capture.Capturer - Starting Capturer...
INFO  org.evosuite.testcarver.capture.Capturer - Capturer has been started successfully
INFO  org.evosuite.testcarver.capture.Capturer - Stopping Capturer...
INFO  org.evosuite.testcarver.capture.Capturer - Capturer has been stopped successfully
INFO  evo_logger -  - Carving test com.examples.with.different.packagename.coverage.TestMethodWithSeveralInputArguments.testWithNull
INFO  org.evosuite.testcarver.extraction.CarvingRunListener - Carved test of length 6
INFO  org.evosuite.utils.generic.GenericTypeInference - Type map empty
INFO  org.evosuite.testcarver.extraction.CarvingRunListener - Not yet reached maximum time to carve unit tests - executing test with carver
INFO  org.evosuite.testcarver.capture.Capturer - Starting Capturer...
INFO  org.evosuite.testcarver.capture.Capturer - Capturer has been started successfully
INFO  org.evosuite.testcarver.capture.Capturer - Stopping Capturer...
INFO  org.evosuite.testcarver.capture.Capturer - Capturer has been stopped successfully
INFO  evo_logger -  - Carving test com.examples.with.different.packagename.coverage.TestMethodWithSeveralInputArguments.testWithArray
INFO  org.evosuite.testcarver.extraction.CarvingRunListener - Carved test of length 10
INFO  org.evosuite.utils.generic.GenericTypeInference - Type map empty
INFO  org.evosuite.testcarver.extraction.CarvingManager - Result: 0/2
INFO  org.evosuite.testcase.execution.TestCaseExecutor - No stalled threads
INFO  org.evosuite.testcarver.extraction.CarvingManager - Adding carved test without exception
INFO  org.evosuite.testcarver.extraction.CarvingManager - MethodWithSeveralInputArguments methodWithSeveralInputArguments0 = new MethodWithSeveralInputArguments();
int int0 = 42;
char char0 = '@';
String string0 = null;
String[] stringArray0 = null;
methodWithSeveralInputArguments0.testFoo(int0, char0, string0, stringArray0);

INFO  org.evosuite.testcarver.extraction.CarvingManager - Adding carved test without exception
INFO  org.evosuite.testcarver.extraction.CarvingManager - MethodWithSeveralInputArguments methodWithSeveralInputArguments0 = new MethodWithSeveralInputArguments();
int int0 = (-42);
char char0 = '2';
String string0 = "asdf";
String string1 = "foo";
String string2 = "bar";
String[] stringArray0 = new String[2];
stringArray0[0] = string1;
stringArray0[1] = string2;
methodWithSeveralInputArguments0.testFoo(int0, char0, string0, stringArray0);

INFO  evo_logger -  -> Carved 2 tests for class class com.examples.with.different.packagename.coverage.MethodWithSeveralInputArguments from existing JUnit tests
INFO  evo_logger - * Using 2 carved tests from existing JUnit tests for seeding
INFO  org.evosuite.coverage.branch.BranchCoverageSuiteFitness - Total branch coverage goals: 2
INFO  org.evosuite.coverage.branch.BranchCoverageSuiteFitness - Total branches: 0
INFO  org.evosuite.coverage.branch.BranchCoverageSuiteFitness - Total branchless methods: 2
INFO  org.evosuite.coverage.branch.BranchCoverageSuiteFitness - Total methods: 2: [com.examples.with.different.packagename.coverage.MethodWithSeveralInputArguments.testFoo(ICLjava/lang/String;[Ljava/lang/String;)I, com.examples.with.different.packagename.coverage.MethodWithSeveralInputArguments.<init>()V]
INFO  org.evosuite.coverage.branch.BranchCoverageSuiteFitness - (Methods) Best individual covers 0/0 branches and 2/2 methods
INFO  org.evosuite.coverage.branch.BranchCoverageSuiteFitness - Fitness: 0.0, size: 2, length: 16
INFO  org.evosuite.coverage.branch.BranchCoverageSuiteFitness - (Fitness) Best individual covers 0/0 branches and 2/2 methods
INFO  org.evosuite.coverage.branch.BranchCoverageSuiteFitness - Fitness: 0.0, size: 2, length: 16
Carved Test Case # 2536: testWithNull
MethodWithSeveralInputArguments methodWithSeveralInputArguments0 = new MethodWithSeveralInputArguments();
int int0 = 42;
char char0 = '@';
String string0 = null;
String[] stringArray0 = null;
methodWithSeveralInputArguments0.testFoo(int0, char0, string0, stringArray0);

Carved Test Case # 2537: testWithArray
MethodWithSeveralInputArguments methodWithSeveralInputArguments0 = new MethodWithSeveralInputArguments();
int int0 = (-42);
char char0 = '2';
String string0 = "asdf";
String string1 = "foo";
String string2 = "bar";
String[] stringArray0 = new String[2];
stringArray0[0] = string1;
stringArray0[1] = string2;
methodWithSeveralInputArguments0.testFoo(int0, char0, string0, stringArray0);

INFO  org.evosuite.TestGenerationContext - *** Resetting context
INFO  org.evosuite.testcase.execution.TestCaseExecutor - TestCaseExecutor instance is non-null, but its actual executor is null
INFO  org.evosuite.TestGenerationContext - *** Resetting context
INFO  org.evosuite.testcase.execution.TestCaseExecutor - TestCaseExecutor instance is non-null, but its actual executor is null
INFO  org.evosuite.instrumentation.InstrumentingClassLoader - Seeing class for first time: com.examples.with.different.packagename.testcarver.ObjectWrapper
INFO  org.evosuite.instrumentation.BytecodeInstrumentation - Starting transformation of com/examples/with/different/packagename/testcarver/ObjectWrapper
INFO  org.evosuite.instrumentation.testability.StringTransformation - Current method: <init>
INFO  org.evosuite.instrumentation.testability.StringTransformation - Current method: set
INFO  org.evosuite.instrumentation.testability.StringTransformation - Current method: get
INFO  org.evosuite.runtime.instrumentation.MethodCallReplacementClassAdapter - Adding mock interface to class com/examples/with/different/packagename/testcarver/ObjectWrapper
INFO  org.evosuite.graphs.cfg.CFGClassAdapter - Analyzing CFG of com/examples/with/different/packagename/testcarver/ObjectWrapper
INFO  org.evosuite.graphs.cfg.CFGMethodAdapter - Analyzing method <init>()V in class com.examples.with.different.packagename.testcarver.ObjectWrapper
INFO  org.evosuite.graphs.cfg.CFGMethodAdapter - Generating CFG for method <init>()V
INFO  org.evosuite.graphs.cfg.RawControlFlowGraph - Creating new RawCFG for com.examples.with.different.packagename.testcarver.ObjectWrapper.<init>()V: 0
INFO  org.evosuite.graphs.cfg.CFGMethodAdapter - Created CFG for method <init>()V
INFO  org.evosuite.graphs.cfg.CFGMethodAdapter - Instrumenting method <init>()V in class com.examples.with.different.packagename.testcarver.ObjectWrapper
INFO  org.evosuite.graphs.cfg.CFGClassAdapter - Analyzing CFG of com/examples/with/different/packagename/testcarver/ObjectWrapper
INFO  org.evosuite.graphs.cfg.CFGMethodAdapter - Analyzing method set(Ljava/lang/Object;)V in class com.examples.with.different.packagename.testcarver.ObjectWrapper
INFO  org.evosuite.graphs.cfg.CFGMethodAdapter - Generating CFG for method set(Ljava/lang/Object;)V
INFO  org.evosuite.graphs.cfg.RawControlFlowGraph - Creating new RawCFG for com.examples.with.different.packagename.testcarver.ObjectWrapper.set(Ljava/lang/Object;)V: 0
INFO  org.evosuite.graphs.cfg.CFGMethodAdapter - Created CFG for method set(Ljava/lang/Object;)V
INFO  org.evosuite.graphs.cfg.CFGMethodAdapter - Instrumenting method set(Ljava/lang/Object;)V in class com.examples.with.different.packagename.testcarver.ObjectWrapper
INFO  org.evosuite.graphs.cfg.CFGClassAdapter - Analyzing CFG of com/examples/with/different/packagename/testcarver/ObjectWrapper
INFO  org.evosuite.graphs.cfg.CFGMethodAdapter - Analyzing method get()Ljava/lang/Object; in class com.examples.with.different.packagename.testcarver.ObjectWrapper
INFO  org.evosuite.graphs.cfg.CFGMethodAdapter - Generating CFG for method get()Ljava/lang/Object;
INFO  org.evosuite.graphs.cfg.RawControlFlowGraph - Creating new RawCFG for com.examples.with.different.packagename.testcarver.ObjectWrapper.get()Ljava/lang/Object;: 0
INFO  org.evosuite.graphs.cfg.CFGMethodAdapter - Created CFG for method get()Ljava/lang/Object;
INFO  org.evosuite.graphs.cfg.CFGMethodAdapter - Instrumenting method get()Ljava/lang/Object; in class com.examples.with.different.packagename.testcarver.ObjectWrapper
INFO  org.evosuite.graphs.cfg.CFGClassAdapter - Analyzing CFG of com/examples/with/different/packagename/testcarver/ObjectWrapper
INFO  org.evosuite.graphs.cfg.CFGMethodAdapter - Method has EvoSuite annotation: Lorg/evosuite/runtime/annotation/EvoSuiteExclude;
INFO  org.evosuite.runtime.instrumentation.CreateClassResetClassAdapter - Creating brand-new static initializer in class com/examples/with/different/packagename/testcarver/ObjectWrapper
INFO  org.evosuite.instrumentation.InstrumentingClassLoader - Loaded class: com.examples.with.different.packagename.testcarver.ObjectWrapper
INFO  evo_logger - * Executing tests from 1 test class for carving
INFO  org.evosuite.testcarver.extraction.CarvingClassLoader - Seeing class for first time: com.examples.with.different.packagename.testcarver.ObjectWrapper
WARN  org.evosuite.testcarver.extraction.CarvingClassLoader - Instrumenting class 'com.examples.with.different.packagename.testcarver.ObjectWrapper'.
INFO  org.evosuite.testcarver.instrument.Instrumenter - Checking package com.examples.with.different.packagename.testcarver for class com/examples/with/different/packagename/testcarver/ObjectWrapper
// class version 52.0 (52)
// access flags 0x21
public class com/examples/with/different/packagename/testcarver/ObjectWrapper {

  // compiled from: ObjectWrapper.java

  // access flags 0x2
  private Ljava/lang/Object; obj

  // access flags 0x2
  private _sw_prototype_original_init_sw_prototype_original_()V
    ALOAD 0
    INVOKESTATIC org/evosuite/testcarver/capture/FieldRegistry.register (Ljava/lang/Object;)V
    RETURN
   L0
    LOCALVARIABLE this Lcom/examples/with/different/packagename/testcarver/ObjectWrapper; L1 L0 0
    MAXSTACK = 5
    MAXLOCALS = 1

  // access flags 0x2
  private _sw_prototype_original_set(Ljava/lang/Object;)V
   L0
    LINENUMBER 27 L0
    ALOAD 0
    ALOAD 1
    DUP2
    PUTFIELD com/examples/with/different/packagename/testcarver/ObjectWrapper.obj : Ljava/lang/Object;
    POP
    LDC -2147483643
    LDC "com/examples/with/different/packagename/testcarver/ObjectWrapper"
    LDC "obj"
    LDC "Ljava/lang/Object;"
    INVOKESTATIC org/evosuite/testcarver/capture/FieldRegistry.notifyModification (Ljava/lang/Object;ILjava/lang/String;Ljava/lang/String;Ljava/lang/String;)V
   L1
    LINENUMBER 28 L1
    RETURN
   L2
    LOCALVARIABLE this Lcom/examples/with/different/packagename/testcarver/ObjectWrapper; L0 L2 0
    LOCALVARIABLE obj Ljava/lang/Object; L0 L2 1
    MAXSTACK = 6
    MAXLOCALS = 2

  // access flags 0x2
  private _sw_prototype_original_get()Ljava/lang/Object;
   L0
    LINENUMBER 31 L0
    ALOAD 0
    DUP
    GETFIELD com/examples/with/different/packagename/testcarver/ObjectWrapper.obj : Ljava/lang/Object;
    SWAP
    LDC -2147483640
    LDC "com/examples/with/different/packagename/testcarver/ObjectWrapper"
    LDC "obj"
    LDC "Ljava/lang/Object;"
    INVOKESTATIC org/evosuite/testcarver/capture/FieldRegistry.notifyReadAccess (Ljava/lang/Object;ILjava/lang/String;Ljava/lang/String;Ljava/lang/String;)V
    ARETURN
   L1
    LOCALVARIABLE this Lcom/examples/with/different/packagename/testcarver/ObjectWrapper; L0 L1 0
    MAXSTACK = 5
    MAXLOCALS = 1

  // access flags 0x1
  public <init>()V
    TRYCATCHBLOCK L0 L1 L1 java/lang/Throwable
   L2
    LINENUMBER 22 L2
    ALOAD 0
    INVOKESPECIAL java/lang/Object.<init> ()V
   L0
    LDC -2147483644
    ALOAD 0
    LDC "<init>"
    LDC "()V"
    BIPUSH 0
    ANEWARRAY java/lang/Object
    INVOKESTATIC org/evosuite/testcarver/capture/Capturer.capture (ILjava/lang/Object;Ljava/lang/String;Ljava/lang/String;[Ljava/lang/Object;)V
    ALOAD 0
    INVOKEVIRTUAL com/examples/with/different/packagename/testcarver/ObjectWrapper._sw_prototype_original_init_sw_prototype_original_ ()V
    GOTO L3
   L1
   FRAME SAME1 java/lang/Throwable
    ASTORE 1
    LDC -2147483644
    ALOAD 0
    GETSTATIC org/evosuite/testcarver/capture/CaptureLog.RETURN_TYPE_VOID : Ljava/lang/Object;
    INVOKESTATIC org/evosuite/testcarver/capture/Capturer.enable (ILjava/lang/Object;Ljava/lang/Object;)V
    ALOAD 1
    ATHROW
   L3
   FRAME SAME
    LDC -2147483644
    ALOAD 0
    GETSTATIC org/evosuite/testcarver/capture/CaptureLog.RETURN_TYPE_VOID : Ljava/lang/Object;
    INVOKESTATIC org/evosuite/testcarver/capture/Capturer.enable (ILjava/lang/Object;Ljava/lang/Object;)V
    RETURN
    MAXSTACK = 5
    MAXLOCALS = 0

  // access flags 0x1
  public set(Ljava/lang/Object;)V
    TRYCATCHBLOCK L0 L1 L1 java/lang/Throwable
   L0
    LDC -2147483641
    ALOAD 0
    LDC "set"
    LDC "(Ljava/lang/Object;)V"
    BIPUSH 1
    ANEWARRAY java/lang/Object
    DUP
    BIPUSH 0
    ALOAD 1
    AASTORE
    INVOKESTATIC org/evosuite/testcarver/capture/Capturer.capture (ILjava/lang/Object;Ljava/lang/String;Ljava/lang/String;[Ljava/lang/Object;)V
    ALOAD 0
    ALOAD 1
    INVOKEVIRTUAL com/examples/with/different/packagename/testcarver/ObjectWrapper._sw_prototype_original_set (Ljava/lang/Object;)V
    GOTO L2
   L1
   FRAME SAME1 java/lang/Throwable
    ASTORE 2
    LDC -2147483641
    ALOAD 0
    GETSTATIC org/evosuite/testcarver/capture/CaptureLog.RETURN_TYPE_VOID : Ljava/lang/Object;
    INVOKESTATIC org/evosuite/testcarver/capture/Capturer.enable (ILjava/lang/Object;Ljava/lang/Object;)V
    ALOAD 2
    ATHROW
   L2
   FRAME SAME
    LDC -2147483641
    ALOAD 0
    GETSTATIC org/evosuite/testcarver/capture/CaptureLog.RETURN_TYPE_VOID : Ljava/lang/Object;
    INVOKESTATIC org/evosuite/testcarver/capture/Capturer.enable (ILjava/lang/Object;Ljava/lang/Object;)V
    RETURN
    MAXSTACK = 6
    MAXLOCALS = 0

  // access flags 0x1
  public get()Ljava/lang/Object;
    TRYCATCHBLOCK L0 L1 L2 java/lang/Throwable
    ACONST_NULL
    ASTORE 1
   L0
    LDC -2147483639
    ALOAD 0
    LDC "get"
    LDC "()Ljava/lang/Object;"
    BIPUSH 0
    ANEWARRAY java/lang/Object
    INVOKESTATIC org/evosuite/testcarver/capture/Capturer.capture (ILjava/lang/Object;Ljava/lang/String;Ljava/lang/String;[Ljava/lang/Object;)V
    ALOAD 0
    INVOKEVIRTUAL com/examples/with/different/packagename/testcarver/ObjectWrapper._sw_prototype_original_get ()Ljava/lang/Object;
    ASTORE 1
    ALOAD 1
    ASTORE 3
   L1
    LDC -2147483639
    ALOAD 0
    ALOAD 1
    INVOKESTATIC org/evosuite/testcarver/capture/Capturer.enable (ILjava/lang/Object;Ljava/lang/Object;)V
    ALOAD 3
    ARETURN
   L2
   FRAME FULL [com/examples/with/different/packagename/testcarver/ObjectWrapper java/lang/Object] [java/lang/Throwable]
    ASTORE 2
    LDC -2147483639
    ALOAD 0
    ALOAD 1
    INVOKESTATIC org/evosuite/testcarver/capture/Capturer.enable (ILjava/lang/Object;Ljava/lang/Object;)V
    ALOAD 2
    ATHROW
    MAXSTACK = 5
    MAXLOCALS = 0
}
INFO  org.evosuite.testcarver.extraction.CarvingClassLoader - Keeping class: com.examples.with.different.packagename.testcarver.ObjectWrapper
INFO  org.evosuite.testcarver.extraction.CarvingClassLoader - Seeing class for first time: com.examples.with.different.packagename.testcarver.ObjectWrapperArrayTest
WARN  org.evosuite.testcarver.extraction.CarvingClassLoader - Instrumenting class 'com.examples.with.different.packagename.testcarver.ObjectWrapperArrayTest'.
INFO  org.evosuite.testcarver.instrument.Instrumenter - Checking package com.examples.with.different.packagename.testcarver for class com/examples/with/different/packagename/testcarver/ObjectWrapperArrayTest
// class version 52.0 (52)
// access flags 0x21
public class com/examples/with/different/packagename/testcarver/ObjectWrapperArrayTest {

  // compiled from: ObjectWrapperArrayTest.java

  // access flags 0x2
  private _sw_prototype_original_init_sw_prototype_original_()V
    ALOAD 0
    INVOKESTATIC org/evosuite/testcarver/capture/FieldRegistry.register (Ljava/lang/Object;)V
    RETURN
   L0
    LOCALVARIABLE this Lcom/examples/with/different/packagename/testcarver/ObjectWrapperArrayTest; L1 L0 0
    MAXSTACK = 5
    MAXLOCALS = 1

  // access flags 0x2
  private _sw_prototype_original_test()V
   L0
    LINENUMBER 29 L0
    NEW com/examples/with/different/packagename/testcarver/ObjectWrapper
    DUP
    INVOKESPECIAL com/examples/with/different/packagename/testcarver/ObjectWrapper.<init> ()V
    ASTORE 1
   L1
    LINENUMBER 30 L1
    ALOAD 1
    INVOKEVIRTUAL com/examples/with/different/packagename/testcarver/ObjectWrapper.get ()Ljava/lang/Object;
    INVOKESTATIC org/junit/Assert.assertNull (Ljava/lang/Object;)V
   L2
    LINENUMBER 32 L2
    ICONST_2
    ANEWARRAY java/lang/Long
    DUP
    ICONST_0
    LCONST_1
    INVOKESTATIC java/lang/Long.valueOf (J)Ljava/lang/Long;
    AASTORE
    DUP
    ICONST_1
    LDC 47L
    INVOKESTATIC java/lang/Long.valueOf (J)Ljava/lang/Long;
    AASTORE
    ASTORE 2
   L3
    LINENUMBER 34 L3
    ALOAD 1
    ALOAD 2
    INVOKEVIRTUAL com/examples/with/different/packagename/testcarver/ObjectWrapper.set (Ljava/lang/Object;)V
   L4
    LINENUMBER 35 L4
    ALOAD 1
    INVOKEVIRTUAL com/examples/with/different/packagename/testcarver/ObjectWrapper.get ()Ljava/lang/Object;
    INVOKESTATIC org/junit/Assert.assertNotNull (Ljava/lang/Object;)V
   L5
    LINENUMBER 37 L5
    NEW com/examples/with/different/packagename/testcarver/ObjectWrapper
    DUP
    INVOKESPECIAL com/examples/with/different/packagename/testcarver/ObjectWrapper.<init> ()V
    ASTORE 3
   L6
    LINENUMBER 38 L6
    ALOAD 3
    LDC 47L
    INVOKESTATIC java/lang/Long.valueOf (J)Ljava/lang/Long;
    INVOKEVIRTUAL com/examples/with/different/packagename/testcarver/ObjectWrapper.set (Ljava/lang/Object;)V
   L7
    LINENUMBER 40 L7
    ALOAD 1
    INVOKEVIRTUAL com/examples/with/different/packagename/testcarver/ObjectWrapper.get ()Ljava/lang/Object;
    CHECKCAST [Ljava/lang/Long;
    ASTORE 4
   L8
    LINENUMBER 42 L8
    ALOAD 4
    ICONST_1
    AALOAD
    ALOAD 3
    INVOKEVIRTUAL com/examples/with/different/packagename/testcarver/ObjectWrapper.get ()Ljava/lang/Object;
    INVOKESTATIC org/junit/Assert.assertEquals (Ljava/lang/Object;Ljava/lang/Object;)V
   L9
    LINENUMBER 43 L9
    RETURN
   L10
    LOCALVARIABLE this Lcom/examples/with/different/packagename/testcarver/ObjectWrapperArrayTest; L0 L10 0
    LOCALVARIABLE wrapper Lcom/examples/with/different/packagename/testcarver/ObjectWrapper; L1 L10 1
    LOCALVARIABLE someArray [Ljava/lang/Long; L3 L10 2
    LOCALVARIABLE fortySeven Lcom/examples/with/different/packagename/testcarver/ObjectWrapper; L6 L10 3
    LOCALVARIABLE foo [Ljava/lang/Long; L8 L10 4
    MAXSTACK = 9
    MAXLOCALS = 5

  // access flags 0x1
  public <init>()V
    TRYCATCHBLOCK L0 L1 L1 java/lang/Throwable
   L2
    LINENUMBER 25 L2
    ALOAD 0
    INVOKESPECIAL java/lang/Object.<init> ()V
   L0
    LDC -2147483638
    ALOAD 0
    LDC "<init>"
    LDC "()V"
    BIPUSH 0
    ANEWARRAY java/lang/Object
    INVOKESTATIC org/evosuite/testcarver/capture/Capturer.capture (ILjava/lang/Object;Ljava/lang/String;Ljava/lang/String;[Ljava/lang/Object;)V
    ALOAD 0
    INVOKEVIRTUAL com/examples/with/different/packagename/testcarver/ObjectWrapperArrayTest._sw_prototype_original_init_sw_prototype_original_ ()V
    GOTO L3
   L1
   FRAME SAME1 java/lang/Throwable
    ASTORE 1
    LDC -2147483638
    ALOAD 0
    GETSTATIC org/evosuite/testcarver/capture/CaptureLog.RETURN_TYPE_VOID : Ljava/lang/Object;
    INVOKESTATIC org/evosuite/testcarver/capture/Capturer.enable (ILjava/lang/Object;Ljava/lang/Object;)V
    ALOAD 1
    ATHROW
   L3
   FRAME SAME
    LDC -2147483638
    ALOAD 0
    GETSTATIC org/evosuite/testcarver/capture/CaptureLog.RETURN_TYPE_VOID : Ljava/lang/Object;
    INVOKESTATIC org/evosuite/testcarver/capture/Capturer.enable (ILjava/lang/Object;Ljava/lang/Object;)V
    RETURN
    MAXSTACK = 5
    MAXLOCALS = 0

  // access flags 0x1
  public test()V
  @Lorg/junit/Test;()
    TRYCATCHBLOCK L0 L1 L1 java/lang/Throwable
   L0
    LDC -2147483637
    ALOAD 0
    LDC "test"
    LDC "()V"
    BIPUSH 0
    ANEWARRAY java/lang/Object
    INVOKESTATIC org/evosuite/testcarver/capture/Capturer.capture (ILjava/lang/Object;Ljava/lang/String;Ljava/lang/String;[Ljava/lang/Object;)V
    ALOAD 0
    INVOKEVIRTUAL com/examples/with/different/packagename/testcarver/ObjectWrapperArrayTest._sw_prototype_original_test ()V
    GOTO L2
   L1
   FRAME SAME1 java/lang/Throwable
    ASTORE 1
    LDC -2147483637
    ALOAD 0
    GETSTATIC org/evosuite/testcarver/capture/CaptureLog.RETURN_TYPE_VOID : Ljava/lang/Object;
    INVOKESTATIC org/evosuite/testcarver/capture/Capturer.enable (ILjava/lang/Object;Ljava/lang/Object;)V
    ALOAD 1
    ATHROW
   L2
   FRAME SAME
    LDC -2147483637
    ALOAD 0
    GETSTATIC org/evosuite/testcarver/capture/CaptureLog.RETURN_TYPE_VOID : Ljava/lang/Object;
    INVOKESTATIC org/evosuite/testcarver/capture/Capturer.enable (ILjava/lang/Object;Ljava/lang/Object;)V
    RETURN
    MAXSTACK = 9
    MAXLOCALS = 0
}
INFO  org.evosuite.testcarver.extraction.CarvingClassLoader - Keeping class: com.examples.with.different.packagename.testcarver.ObjectWrapperArrayTest
INFO  org.evosuite.testcarver.extraction.CarvingRunListener - Not yet reached maximum time to carve unit tests - executing test with carver
INFO  org.evosuite.testcarver.capture.Capturer - Starting Capturer...
INFO  org.evosuite.testcarver.capture.Capturer - Capturer has been started successfully
INFO  org.evosuite.testcarver.capture.Capturer - Stopping Capturer...
INFO  org.evosuite.testcarver.capture.Capturer - Capturer has been stopped successfully
INFO  evo_logger -  - Carving test com.examples.with.different.packagename.testcarver.ObjectWrapperArrayTest.test
INFO  org.evosuite.testcarver.extraction.CarvingRunListener - Carved test of length 13
INFO  org.evosuite.utils.generic.GenericTypeInference - Type map empty
INFO  org.evosuite.utils.generic.GenericTypeInference - Type map empty
INFO  org.evosuite.testcarver.extraction.CarvingManager - Result: 0/1
INFO  org.evosuite.testcase.execution.TestCaseExecutor - No stalled threads
INFO  org.evosuite.testcarver.extraction.CarvingManager - Adding carved test without exception
INFO  org.evosuite.testcarver.extraction.CarvingManager - ObjectWrapper objectWrapper0 = new ObjectWrapper();
objectWrapper0.get();
long long0 = 1L;
long long1 = 47L;
Long[] longArray0 = new Long[2];
longArray0[0] = (Long) long0;
longArray0[1] = (Long) long1;
objectWrapper0.set(longArray0);
objectWrapper0.get();
ObjectWrapper objectWrapper1 = new ObjectWrapper();
objectWrapper1.set(long1);
objectWrapper0.get();
objectWrapper1.get();

INFO  evo_logger -  -> Carved 1 tests for class class com.examples.with.different.packagename.testcarver.ObjectWrapper from existing JUnit tests
INFO  evo_logger - * Using 1 carved tests from existing JUnit tests for seeding
INFO  org.evosuite.coverage.branch.BranchCoverageSuiteFitness - Total branch coverage goals: 3
INFO  org.evosuite.coverage.branch.BranchCoverageSuiteFitness - Total branches: 0
INFO  org.evosuite.coverage.branch.BranchCoverageSuiteFitness - Total branchless methods: 3
INFO  org.evosuite.coverage.branch.BranchCoverageSuiteFitness - Total methods: 3: [com.examples.with.different.packagename.testcarver.ObjectWrapper.get()Ljava/lang/Object;, com.examples.with.different.packagename.testcarver.ObjectWrapper.set(Ljava/lang/Object;)V, com.examples.with.different.packagename.testcarver.ObjectWrapper.<init>()V]
INFO  org.evosuite.coverage.branch.BranchCoverageSuiteFitness - (Methods) Best individual covers 0/0 branches and 3/3 methods
INFO  org.evosuite.coverage.branch.BranchCoverageSuiteFitness - Fitness: 0.0, size: 1, length: 13
INFO  org.evosuite.coverage.branch.BranchCoverageSuiteFitness - (Fitness) Best individual covers 0/0 branches and 3/3 methods
INFO  org.evosuite.coverage.branch.BranchCoverageSuiteFitness - Fitness: 0.0, size: 1, length: 13
INFO  org.evosuite.testcase.factories.JUnitTestCarvedChromosomeFactory - Cloning user test
INFO  org.evosuite.TestGenerationContext - *** Resetting context
INFO  org.evosuite.testcase.execution.TestCaseExecutor - TestCaseExecutor instance is non-null, but its actual executor is null
INFO  org.evosuite.TestGenerationContext - *** Resetting context
INFO  org.evosuite.testcase.execution.TestCaseExecutor - TestCaseExecutor instance is non-null, but its actual executor is null
INFO  org.evosuite.instrumentation.InstrumentingClassLoader - Seeing class for first time: com.examples.with.different.packagename.testcarver.GenericObjectWrapperTwoParameter
INFO  org.evosuite.instrumentation.BytecodeInstrumentation - Starting transformation of com/examples/with/different/packagename/testcarver/GenericObjectWrapperTwoParameter
INFO  org.evosuite.instrumentation.testability.StringTransformation - Current method: <init>
INFO  org.evosuite.instrumentation.testability.StringTransformation - Current method: getValue
INFO  org.evosuite.instrumentation.testability.StringTransformation - Current method: setValue
INFO  org.evosuite.instrumentation.testability.StringTransformation - Current method: isEqual
INFO  org.evosuite.runtime.instrumentation.MethodCallReplacementClassAdapter - Adding mock interface to class com/examples/with/different/packagename/testcarver/GenericObjectWrapperTwoParameter
INFO  org.evosuite.graphs.cfg.CFGClassAdapter - Analyzing CFG of com/examples/with/different/packagename/testcarver/GenericObjectWrapperTwoParameter
INFO  org.evosuite.graphs.cfg.CFGMethodAdapter - Analyzing method <init>()V in class com.examples.with.different.packagename.testcarver.GenericObjectWrapperTwoParameter
INFO  org.evosuite.graphs.cfg.CFGMethodAdapter - Generating CFG for method <init>()V
INFO  org.evosuite.graphs.cfg.RawControlFlowGraph - Creating new RawCFG for com.examples.with.different.packagename.testcarver.GenericObjectWrapperTwoParameter.<init>()V: 0
INFO  org.evosuite.graphs.cfg.CFGMethodAdapter - Created CFG for method <init>()V
INFO  org.evosuite.graphs.cfg.CFGMethodAdapter - Instrumenting method <init>()V in class com.examples.with.different.packagename.testcarver.GenericObjectWrapperTwoParameter
INFO  org.evosuite.graphs.cfg.CFGClassAdapter - Analyzing CFG of com/examples/with/different/packagename/testcarver/GenericObjectWrapperTwoParameter
INFO  org.evosuite.graphs.cfg.CFGMethodAdapter - Analyzing method getValue()Ljava/lang/Comparable; in class com.examples.with.different.packagename.testcarver.GenericObjectWrapperTwoParameter
INFO  org.evosuite.graphs.cfg.CFGMethodAdapter - Generating CFG for method getValue()Ljava/lang/Comparable;
INFO  org.evosuite.graphs.cfg.RawControlFlowGraph - Creating new RawCFG for com.examples.with.different.packagename.testcarver.GenericObjectWrapperTwoParameter.getValue()Ljava/lang/Comparable;: 0
INFO  org.evosuite.graphs.cfg.CFGMethodAdapter - Created CFG for method getValue()Ljava/lang/Comparable;
INFO  org.evosuite.graphs.cfg.CFGMethodAdapter - Instrumenting method getValue()Ljava/lang/Comparable; in class com.examples.with.different.packagename.testcarver.GenericObjectWrapperTwoParameter
INFO  org.evosuite.graphs.cfg.CFGClassAdapter - Analyzing CFG of com/examples/with/different/packagename/testcarver/GenericObjectWrapperTwoParameter
INFO  org.evosuite.graphs.cfg.CFGMethodAdapter - Analyzing method setValue(Ljava/lang/Comparable;)V in class com.examples.with.different.packagename.testcarver.GenericObjectWrapperTwoParameter
INFO  org.evosuite.graphs.cfg.CFGMethodAdapter - Generating CFG for method setValue(Ljava/lang/Comparable;)V
INFO  org.evosuite.graphs.cfg.RawControlFlowGraph - Creating new RawCFG for com.examples.with.different.packagename.testcarver.GenericObjectWrapperTwoParameter.setValue(Ljava/lang/Comparable;)V: 0
INFO  org.evosuite.graphs.cfg.CFGMethodAdapter - Created CFG for method setValue(Ljava/lang/Comparable;)V
INFO  org.evosuite.graphs.cfg.CFGMethodAdapter - Instrumenting method setValue(Ljava/lang/Comparable;)V in class com.examples.with.different.packagename.testcarver.GenericObjectWrapperTwoParameter
INFO  org.evosuite.graphs.cfg.CFGClassAdapter - Analyzing CFG of com/examples/with/different/packagename/testcarver/GenericObjectWrapperTwoParameter
INFO  org.evosuite.graphs.cfg.CFGMethodAdapter - Analyzing method isEqual(Ljava/lang/Object;)Z in class com.examples.with.different.packagename.testcarver.GenericObjectWrapperTwoParameter
INFO  org.evosuite.graphs.cfg.CFGMethodAdapter - Generating CFG for method isEqual(Ljava/lang/Object;)Z
INFO  org.evosuite.graphs.cfg.RawControlFlowGraph - Creating new RawCFG for com.examples.with.different.packagename.testcarver.GenericObjectWrapperTwoParameter.isEqual(Ljava/lang/Object;)Z: 0
INFO  org.evosuite.graphs.cfg.CFGMethodAdapter - Created CFG for method isEqual(Ljava/lang/Object;)Z
INFO  org.evosuite.graphs.cfg.CFGMethodAdapter - Instrumenting method isEqual(Ljava/lang/Object;)Z in class com.examples.with.different.packagename.testcarver.GenericObjectWrapperTwoParameter
INFO  org.evosuite.graphs.cfg.CFGClassAdapter - Analyzing CFG of com/examples/with/different/packagename/testcarver/GenericObjectWrapperTwoParameter
INFO  org.evosuite.graphs.cfg.CFGMethodAdapter - Method has EvoSuite annotation: Lorg/evosuite/runtime/annotation/EvoSuiteExclude;
INFO  org.evosuite.runtime.instrumentation.CreateClassResetClassAdapter - Creating brand-new static initializer in class com/examples/with/different/packagename/testcarver/GenericObjectWrapperTwoParameter
INFO  org.evosuite.instrumentation.InstrumentingClassLoader - Loaded class: com.examples.with.different.packagename.testcarver.GenericObjectWrapperTwoParameter
INFO  evo_logger - * Executing tests from 1 test class for carving
INFO  org.evosuite.testcarver.extraction.CarvingClassLoader - Seeing class for first time: com.examples.with.different.packagename.testcarver.GenericObjectWrapperTwoParameter
WARN  org.evosuite.testcarver.extraction.CarvingClassLoader - Instrumenting class 'com.examples.with.different.packagename.testcarver.GenericObjectWrapperTwoParameter'.
INFO  org.evosuite.testcarver.instrument.Instrumenter - Checking package com.examples.with.different.packagename.testcarver for class com/examples/with/different/packagename/testcarver/GenericObjectWrapperTwoParameter
// class version 52.0 (52)
// access flags 0x21
// signature <S:Ljava/lang/Object;T::Ljava/lang/Comparable<TT;>;>Ljava/lang/Object;
// declaration: com/examples/with/different/packagename/testcarver/GenericObjectWrapperTwoParameter<S, T extends java.lang.Comparable<T>>
public class com/examples/with/different/packagename/testcarver/GenericObjectWrapperTwoParameter {

  // compiled from: GenericObjectWrapperTwoParameter.java

  // access flags 0x2
  // signature TT;
  // declaration: value extends T
  private Ljava/lang/Comparable; value

  // access flags 0x2
  private _sw_prototype_original_init_sw_prototype_original_()V
    ALOAD 0
    INVOKESTATIC org/evosuite/testcarver/capture/FieldRegistry.register (Ljava/lang/Object;)V
   L0
    LINENUMBER 24 L0
    ALOAD 0
    ACONST_NULL
    DUP2
    PUTFIELD com/examples/with/different/packagename/testcarver/GenericObjectWrapperTwoParameter.value : Ljava/lang/Comparable;
    POP
    LDC -2147483644
    LDC "com/examples/with/different/packagename/testcarver/GenericObjectWrapperTwoParameter"
    LDC "value"
    LDC "Ljava/lang/Comparable;"
    INVOKESTATIC org/evosuite/testcarver/capture/FieldRegistry.notifyModification (Ljava/lang/Object;ILjava/lang/String;Ljava/lang/String;Ljava/lang/String;)V
    RETURN
   L1
    LOCALVARIABLE this Lcom/examples/with/different/packagename/testcarver/GenericObjectWrapperTwoParameter; L2 L1 0
    // signature Lcom/examples/with/different/packagename/testcarver/GenericObjectWrapperTwoParameter<TS;TT;>;
    // declaration: this extends com.examples.with.different.packagename.testcarver.GenericObjectWrapperTwoParameter<S, T>
    MAXSTACK = 6
    MAXLOCALS = 1

  // access flags 0x2
  // signature ()TT;
  // declaration: T _sw_prototype_original_getValue()
  private _sw_prototype_original_getValue()Ljava/lang/Comparable;
   L0
    LINENUMBER 27 L0
    ALOAD 0
    DUP
    GETFIELD com/examples/with/different/packagename/testcarver/GenericObjectWrapperTwoParameter.value : Ljava/lang/Comparable;
    SWAP
    LDC -2147483641
    LDC "com/examples/with/different/packagename/testcarver/GenericObjectWrapperTwoParameter"
    LDC "value"
    LDC "Ljava/lang/Comparable;"
    INVOKESTATIC org/evosuite/testcarver/capture/FieldRegistry.notifyReadAccess (Ljava/lang/Object;ILjava/lang/String;Ljava/lang/String;Ljava/lang/String;)V
    ARETURN
   L1
    LOCALVARIABLE this Lcom/examples/with/different/packagename/testcarver/GenericObjectWrapperTwoParameter; L0 L1 0
    // signature Lcom/examples/with/different/packagename/testcarver/GenericObjectWrapperTwoParameter<TS;TT;>;
    // declaration: this extends com.examples.with.different.packagename.testcarver.GenericObjectWrapperTwoParameter<S, T>
    MAXSTACK = 5
    MAXLOCALS = 1

  // access flags 0x2
  // signature (TT;)V
  // declaration: void _sw_prototype_original_setValue(T)
  private _sw_prototype_original_setValue(Ljava/lang/Comparable;)V
   L0
    LINENUMBER 31 L0
    ALOAD 0
    ALOAD 1
    DUP2
    PUTFIELD com/examples/with/different/packagename/testcarver/GenericObjectWrapperTwoParameter.value : Ljava/lang/Comparable;
    POP
    LDC -2147483639
    LDC "com/examples/with/different/packagename/testcarver/GenericObjectWrapperTwoParameter"
    LDC "value"
    LDC "Ljava/lang/Comparable;"
    INVOKESTATIC org/evosuite/testcarver/capture/FieldRegistry.notifyModification (Ljava/lang/Object;ILjava/lang/String;Ljava/lang/String;Ljava/lang/String;)V
   L1
    LINENUMBER 32 L1
    RETURN
   L2
    LOCALVARIABLE this Lcom/examples/with/different/packagename/testcarver/GenericObjectWrapperTwoParameter; L0 L2 0
    // signature Lcom/examples/with/different/packagename/testcarver/GenericObjectWrapperTwoParameter<TS;TT;>;
    // declaration: this extends com.examples.with.different.packagename.testcarver.GenericObjectWrapperTwoParameter<S, T>
    LOCALVARIABLE val Ljava/lang/Comparable; L0 L2 1
    // signature TT;
    // declaration: val extends T
    MAXSTACK = 6
    MAXLOCALS = 2

  // access flags 0x2
  // signature (TS;)Z
  // declaration: boolean _sw_prototype_original_isEqual(S)
  private _sw_prototype_original_isEqual(Ljava/lang/Object;)Z
   L0
    LINENUMBER 35 L0
    ALOAD 1
    ALOAD 0
    DUP
    GETFIELD com/examples/with/different/packagename/testcarver/GenericObjectWrapperTwoParameter.value : Ljava/lang/Comparable;
    SWAP
    LDC -2147483636
    LDC "com/examples/with/different/packagename/testcarver/GenericObjectWrapperTwoParameter"
    LDC "value"
    LDC "Ljava/lang/Comparable;"
    INVOKESTATIC org/evosuite/testcarver/capture/FieldRegistry.notifyReadAccess (Ljava/lang/Object;ILjava/lang/String;Ljava/lang/String;Ljava/lang/String;)V
    INVOKEVIRTUAL java/lang/Object.equals (Ljava/lang/Object;)Z
    IRETURN
   L1
    LOCALVARIABLE this Lcom/examples/with/different/packagename/testcarver/GenericObjectWrapperTwoParameter; L0 L1 0
    // signature Lcom/examples/with/different/packagename/testcarver/GenericObjectWrapperTwoParameter<TS;TT;>;
    // declaration: this extends com.examples.with.different.packagename.testcarver.GenericObjectWrapperTwoParameter<S, T>
    LOCALVARIABLE other Ljava/lang/Object; L0 L1 1
    // signature TS;
    // declaration: other extends S
    MAXSTACK = 6
    MAXLOCALS = 2

  // access flags 0x1
  public <init>()V
    TRYCATCHBLOCK L0 L1 L1 java/lang/Throwable
   L2
    LINENUMBER 22 L2
    ALOAD 0
    INVOKESPECIAL java/lang/Object.<init> ()V
   L0
    LDC -2147483642
    ALOAD 0
    LDC "<init>"
    LDC "()V"
    BIPUSH 0
    ANEWARRAY java/lang/Object
    INVOKESTATIC org/evosuite/testcarver/capture/Capturer.capture (ILjava/lang/Object;Ljava/lang/String;Ljava/lang/String;[Ljava/lang/Object;)V
    ALOAD 0
    INVOKEVIRTUAL com/examples/with/different/packagename/testcarver/GenericObjectWrapperTwoParameter._sw_prototype_original_init_sw_prototype_original_ ()V
    GOTO L3
   L1
   FRAME SAME1 java/lang/Throwable
    ASTORE 1
    LDC -2147483642
    ALOAD 0
    GETSTATIC org/evosuite/testcarver/capture/CaptureLog.RETURN_TYPE_VOID : Ljava/lang/Object;
    INVOKESTATIC org/evosuite/testcarver/capture/Capturer.enable (ILjava/lang/Object;Ljava/lang/Object;)V
    ALOAD 1
    ATHROW
   L3
   FRAME SAME
    LDC -2147483642
    ALOAD 0
    GETSTATIC org/evosuite/testcarver/capture/CaptureLog.RETURN_TYPE_VOID : Ljava/lang/Object;
    INVOKESTATIC org/evosuite/testcarver/capture/Capturer.enable (ILjava/lang/Object;Ljava/lang/Object;)V
    RETURN
    MAXSTACK = 6
    MAXLOCALS = 0

  // access flags 0x1
  // signature ()TT;
  // declaration: T getValue()
  public getValue()Ljava/lang/Comparable;
    TRYCATCHBLOCK L0 L1 L2 java/lang/Throwable
    ACONST_NULL
    ASTORE 1
   L0
    LDC -2147483640
    ALOAD 0
    LDC "getValue"
    LDC "()Ljava/lang/Comparable;"
    BIPUSH 0
    ANEWARRAY java/lang/Object
    INVOKESTATIC org/evosuite/testcarver/capture/Capturer.capture (ILjava/lang/Object;Ljava/lang/String;Ljava/lang/String;[Ljava/lang/Object;)V
    ALOAD 0
    INVOKEVIRTUAL com/examples/with/different/packagename/testcarver/GenericObjectWrapperTwoParameter._sw_prototype_original_getValue ()Ljava/lang/Comparable;
    ASTORE 1
    ALOAD 1
    ASTORE 3
   L1
    LDC -2147483640
    ALOAD 0
    ALOAD 1
    INVOKESTATIC org/evosuite/testcarver/capture/Capturer.enable (ILjava/lang/Object;Ljava/lang/Object;)V
    ALOAD 3
    ARETURN
   L2
   FRAME FULL [com/examples/with/different/packagename/testcarver/GenericObjectWrapperTwoParameter java/lang/Comparable] [java/lang/Throwable]
    ASTORE 2
    LDC -2147483640
    ALOAD 0
    ALOAD 1
    INVOKESTATIC org/evosuite/testcarver/capture/Capturer.enable (ILjava/lang/Object;Ljava/lang/Object;)V
    ALOAD 2
    ATHROW
    MAXSTACK = 5
    MAXLOCALS = 0

  // access flags 0x1
  // signature (TT;)V
  // declaration: void setValue(T)
  public setValue(Ljava/lang/Comparable;)V
    TRYCATCHBLOCK L0 L1 L1 java/lang/Throwable
   L0
    LDC -2147483637
    ALOAD 0
    LDC "setValue"
    LDC "(Ljava/lang/Comparable;)V"
    BIPUSH 1
    ANEWARRAY java/lang/Object
    DUP
    BIPUSH 0
    ALOAD 1
    AASTORE
    INVOKESTATIC org/evosuite/testcarver/capture/Capturer.capture (ILjava/lang/Object;Ljava/lang/String;Ljava/lang/String;[Ljava/lang/Object;)V
    ALOAD 0
    ALOAD 1
    INVOKEVIRTUAL com/examples/with/different/packagename/testcarver/GenericObjectWrapperTwoParameter._sw_prototype_original_setValue (Ljava/lang/Comparable;)V
    GOTO L2
   L1
   FRAME SAME1 java/lang/Throwable
    ASTORE 2
    LDC -2147483637
    ALOAD 0
    GETSTATIC org/evosuite/testcarver/capture/CaptureLog.RETURN_TYPE_VOID : Ljava/lang/Object;
    INVOKESTATIC org/evosuite/testcarver/capture/Capturer.enable (ILjava/lang/Object;Ljava/lang/Object;)V
    ALOAD 2
    ATHROW
   L2
   FRAME SAME
    LDC -2147483637
    ALOAD 0
    GETSTATIC org/evosuite/testcarver/capture/CaptureLog.RETURN_TYPE_VOID : Ljava/lang/Object;
    INVOKESTATIC org/evosuite/testcarver/capture/Capturer.enable (ILjava/lang/Object;Ljava/lang/Object;)V
    RETURN
    MAXSTACK = 6
    MAXLOCALS = 0

  // access flags 0x1
  // signature (TS;)Z
  // declaration: boolean isEqual(S)
  public isEqual(Ljava/lang/Object;)Z
    TRYCATCHBLOCK L0 L1 L2 java/lang/Throwable
    ACONST_NULL
    ASTORE 2
   L0
    LDC -2147483635
    ALOAD 0
    LDC "isEqual"
    LDC "(Ljava/lang/Object;)Z"
    BIPUSH 1
    ANEWARRAY java/lang/Object
    DUP
    BIPUSH 0
    ALOAD 1
    AASTORE
    INVOKESTATIC org/evosuite/testcarver/capture/Capturer.capture (ILjava/lang/Object;Ljava/lang/String;Ljava/lang/String;[Ljava/lang/Object;)V
    ALOAD 0
    ALOAD 1
    INVOKEVIRTUAL com/examples/with/different/packagename/testcarver/GenericObjectWrapperTwoParameter._sw_prototype_original_isEqual (Ljava/lang/Object;)Z
    INVOKESTATIC java/lang/Boolean.valueOf (Z)Ljava/lang/Boolean;
    ASTORE 2
    ALOAD 2
    INVOKEVIRTUAL java/lang/Boolean.booleanValue ()Z
    ISTORE 4
   L1
    LDC -2147483635
    ALOAD 0
    ALOAD 2
    INVOKESTATIC org/evosuite/testcarver/capture/Capturer.enable (ILjava/lang/Object;Ljava/lang/Object;)V
    ILOAD 4
    IRETURN
   L2
   FRAME FULL [com/examples/with/different/packagename/testcarver/GenericObjectWrapperTwoParameter java/lang/Boolean] [java/lang/Throwable]
    ASTORE 3
    LDC -2147483635
    ALOAD 0
    ALOAD 2
    INVOKESTATIC org/evosuite/testcarver/capture/Capturer.enable (ILjava/lang/Object;Ljava/lang/Object;)V
    ALOAD 3
    ATHROW
    MAXSTACK = 6
    MAXLOCALS = 0
}
INFO  org.evosuite.testcarver.extraction.CarvingClassLoader - Keeping class: com.examples.with.different.packagename.testcarver.GenericObjectWrapperTwoParameter
INFO  org.evosuite.testcarver.extraction.CarvingClassLoader - Seeing class for first time: com.examples.with.different.packagename.testcarver.GenericObjectWrapperTwoParameterTest
WARN  org.evosuite.testcarver.extraction.CarvingClassLoader - Instrumenting class 'com.examples.with.different.packagename.testcarver.GenericObjectWrapperTwoParameterTest'.
INFO  org.evosuite.testcarver.instrument.Instrumenter - Checking package com.examples.with.different.packagename.testcarver for class com/examples/with/different/packagename/testcarver/GenericObjectWrapperTwoParameterTest
// class version 52.0 (52)
// access flags 0x21
public class com/examples/with/different/packagename/testcarver/GenericObjectWrapperTwoParameterTest {

  // compiled from: GenericObjectWrapperTwoParameterTest.java

  // access flags 0x2
  private _sw_prototype_original_init_sw_prototype_original_()V
    ALOAD 0
    INVOKESTATIC org/evosuite/testcarver/capture/FieldRegistry.register (Ljava/lang/Object;)V
    RETURN
   L0
    LOCALVARIABLE this Lcom/examples/with/different/packagename/testcarver/GenericObjectWrapperTwoParameterTest; L1 L0 0
    MAXSTACK = 5
    MAXLOCALS = 1

  // access flags 0x2
  private _sw_prototype_original_test01()V
   L0
    LINENUMBER 29 L0
    NEW com/examples/with/different/packagename/testcarver/GenericObjectWrapperTwoParameter
    DUP
    INVOKESPECIAL com/examples/with/different/packagename/testcarver/GenericObjectWrapperTwoParameter.<init> ()V
    ASTORE 1
   L1
    LINENUMBER 30 L1
    ALOAD 1
    INVOKEVIRTUAL com/examples/with/different/packagename/testcarver/GenericObjectWrapperTwoParameter.getValue ()Ljava/lang/Comparable;
    INVOKESTATIC org/junit/Assert.assertNull (Ljava/lang/Object;)V
   L2
    LINENUMBER 32 L2
    ALOAD 1
    LDC "Test"
    INVOKEVIRTUAL com/examples/with/different/packagename/testcarver/GenericObjectWrapperTwoParameter.setValue (Ljava/lang/Comparable;)V
   L3
    LINENUMBER 33 L3
    LDC "Test"
    ALOAD 1
    INVOKEVIRTUAL com/examples/with/different/packagename/testcarver/GenericObjectWrapperTwoParameter.getValue ()Ljava/lang/Comparable;
    INVOKESTATIC org/junit/Assert.assertEquals (Ljava/lang/Object;Ljava/lang/Object;)V
   L4
    LINENUMBER 34 L4
    ALOAD 1
    LDC "Test"
    INVOKEVIRTUAL com/examples/with/different/packagename/testcarver/GenericObjectWrapperTwoParameter.isEqual (Ljava/lang/Object;)Z
    INVOKESTATIC org/junit/Assert.assertTrue (Z)V
   L5
    LINENUMBER 35 L5
    ALOAD 1
    LDC "Not"
    INVOKEVIRTUAL com/examples/with/different/packagename/testcarver/GenericObjectWrapperTwoParameter.isEqual (Ljava/lang/Object;)Z
    INVOKESTATIC org/junit/Assert.assertFalse (Z)V
   L6
    LINENUMBER 36 L6
    RETURN
   L7
    LOCALVARIABLE this Lcom/examples/with/different/packagename/testcarver/GenericObjectWrapperTwoParameterTest; L0 L7 0
    LOCALVARIABLE wrapper Lcom/examples/with/different/packagename/testcarver/GenericObjectWrapperTwoParameter; L1 L7 1
    // signature Lcom/examples/with/different/packagename/testcarver/GenericObjectWrapperTwoParameter<Ljava/lang/String;Ljava/lang/String;>;
    // declaration: wrapper extends com.examples.with.different.packagename.testcarver.GenericObjectWrapperTwoParameter<java.lang.String, java.lang.String>
    MAXSTACK = 6
    MAXLOCALS = 2

  // access flags 0x1
  public <init>()V
    TRYCATCHBLOCK L0 L1 L1 java/lang/Throwable
   L2
    LINENUMBER 25 L2
    ALOAD 0
    INVOKESPECIAL java/lang/Object.<init> ()V
   L0
    LDC -2147483634
    ALOAD 0
    LDC "<init>"
    LDC "()V"
    BIPUSH 0
    ANEWARRAY java/lang/Object
    INVOKESTATIC org/evosuite/testcarver/capture/Capturer.capture (ILjava/lang/Object;Ljava/lang/String;Ljava/lang/String;[Ljava/lang/Object;)V
    ALOAD 0
    INVOKEVIRTUAL com/examples/with/different/packagename/testcarver/GenericObjectWrapperTwoParameterTest._sw_prototype_original_init_sw_prototype_original_ ()V
    GOTO L3
   L1
   FRAME SAME1 java/lang/Throwable
    ASTORE 1
    LDC -2147483634
    ALOAD 0
    GETSTATIC org/evosuite/testcarver/capture/CaptureLog.RETURN_TYPE_VOID : Ljava/lang/Object;
    INVOKESTATIC org/evosuite/testcarver/capture/Capturer.enable (ILjava/lang/Object;Ljava/lang/Object;)V
    ALOAD 1
    ATHROW
   L3
   FRAME SAME
    LDC -2147483634
    ALOAD 0
    GETSTATIC org/evosuite/testcarver/capture/CaptureLog.RETURN_TYPE_VOID : Ljava/lang/Object;
    INVOKESTATIC org/evosuite/testcarver/capture/Capturer.enable (ILjava/lang/Object;Ljava/lang/Object;)V
    RETURN
    MAXSTACK = 5
    MAXLOCALS = 0

  // access flags 0x1
  public test01()V
  @Lorg/junit/Test;()
    TRYCATCHBLOCK L0 L1 L1 java/lang/Throwable
   L0
    LDC -2147483633
    ALOAD 0
    LDC "test01"
    LDC "()V"
    BIPUSH 0
    ANEWARRAY java/lang/Object
    INVOKESTATIC org/evosuite/testcarver/capture/Capturer.capture (ILjava/lang/Object;Ljava/lang/String;Ljava/lang/String;[Ljava/lang/Object;)V
    ALOAD 0
    INVOKEVIRTUAL com/examples/with/different/packagename/testcarver/GenericObjectWrapperTwoParameterTest._sw_prototype_original_test01 ()V
    GOTO L2
   L1
   FRAME SAME1 java/lang/Throwable
    ASTORE 1
    LDC -2147483633
    ALOAD 0
    GETSTATIC org/evosuite/testcarver/capture/CaptureLog.RETURN_TYPE_VOID : Ljava/lang/Object;
    INVOKESTATIC org/evosuite/testcarver/capture/Capturer.enable (ILjava/lang/Object;Ljava/lang/Object;)V
    ALOAD 1
    ATHROW
   L2
   FRAME SAME
    LDC -2147483633
    ALOAD 0
    GETSTATIC org/evosuite/testcarver/capture/CaptureLog.RETURN_TYPE_VOID : Ljava/lang/Object;
    INVOKESTATIC org/evosuite/testcarver/capture/Capturer.enable (ILjava/lang/Object;Ljava/lang/Object;)V
    RETURN
    MAXSTACK = 6
    MAXLOCALS = 0
}
INFO  org.evosuite.testcarver.extraction.CarvingClassLoader - Keeping class: com.examples.with.different.packagename.testcarver.GenericObjectWrapperTwoParameterTest
INFO  org.evosuite.testcarver.extraction.CarvingRunListener - Not yet reached maximum time to carve unit tests - executing test with carver
INFO  org.evosuite.testcarver.capture.Capturer - Starting Capturer...
INFO  org.evosuite.testcarver.capture.Capturer - Capturer has been started successfully
INFO  org.evosuite.testcarver.capture.Capturer - Stopping Capturer...
INFO  org.evosuite.testcarver.capture.Capturer - Capturer has been stopped successfully
INFO  evo_logger -  - Carving test com.examples.with.different.packagename.testcarver.GenericObjectWrapperTwoParameterTest.test01
INFO  org.evosuite.testcarver.extraction.CarvingRunListener - Carved test of length 8
INFO  org.evosuite.utils.generic.GenericTypeInference - Has types: com.examples.with.different.packagename.testcarver.GenericObjectWrapperTwoParameter<S, T>
INFO  org.evosuite.utils.generic.GenericTypeInference - Initial type map: {T=T}
INFO  org.evosuite.utils.generic.GenericTypeInference - Found relevant statement: Object comparable0 = genericObjectWrapperTwoParameter0.getValue()
INFO  org.evosuite.utils.generic.GenericTypeInference - Found relevant statement: genericObjectWrapperTwoParameter0.setValue((Object) string0)
INFO  org.evosuite.utils.generic.GenericTypeInference - Resulting map: {T=class java.lang.String}
INFO  org.evosuite.utils.generic.GenericTypeInference - Variable is in map: T
INFO  org.evosuite.utils.generic.GenericTypeInference - Found relevant statement: Object comparable0 = genericObjectWrapperTwoParameter0.getValue()
INFO  org.evosuite.utils.generic.GenericTypeInference - Found relevant statement: boolean boolean0 = genericObjectWrapperTwoParameter0.isEqual((Object) string0)
INFO  org.evosuite.utils.generic.GenericTypeInference - Resulting map: {S=class java.lang.String}
INFO  org.evosuite.utils.generic.GenericTypeInference - Found relevant statement: boolean boolean0 = genericObjectWrapperTwoParameter0.isEqual((Object) string0)
INFO  org.evosuite.utils.generic.GenericTypeInference - Resulting map: {S=class java.lang.String}
INFO  org.evosuite.utils.generic.GenericTypeInference - Variable is in map: S
INFO  org.evosuite.utils.generic.GenericTypeInference - Setting types based on map: {T=class java.lang.String, S=class java.lang.String}
INFO  org.evosuite.utils.generic.GenericTypeInference - New type: com.examples.with.different.packagename.testcarver.GenericObjectWrapperTwoParameter()V
INFO  org.evosuite.utils.generic.GenericTypeInference - Updating callee of statement Object comparable0 = genericObjectWrapperTwoParameter0.getValue()
INFO  org.evosuite.utils.generic.GenericTypeInference - Result: String string0 = genericObjectWrapperTwoParameter0.getValue()
INFO  org.evosuite.utils.generic.GenericTypeInference - Updating callee of statement genericObjectWrapperTwoParameter0.setValue((Object) string0)
INFO  org.evosuite.utils.generic.GenericTypeInference - Result: genericObjectWrapperTwoParameter0.setValue(string0)
INFO  org.evosuite.utils.generic.GenericTypeInference - Updating callee of statement Object comparable0 = genericObjectWrapperTwoParameter0.getValue()
INFO  org.evosuite.utils.generic.GenericTypeInference - Result: String string0 = genericObjectWrapperTwoParameter0.getValue()
INFO  org.evosuite.utils.generic.GenericTypeInference - Updating callee of statement boolean boolean0 = genericObjectWrapperTwoParameter0.isEqual((Object) string0)
INFO  org.evosuite.utils.generic.GenericTypeInference - Result: boolean boolean0 = genericObjectWrapperTwoParameter0.isEqual(string0)
INFO  org.evosuite.utils.generic.GenericTypeInference - Updating callee of statement boolean boolean0 = genericObjectWrapperTwoParameter0.isEqual((Object) string0)
INFO  org.evosuite.utils.generic.GenericTypeInference - Result: boolean boolean0 = genericObjectWrapperTwoParameter0.isEqual(string0)
INFO  org.evosuite.testcarver.extraction.CarvingManager - Result: 0/1
INFO  org.evosuite.testcase.execution.TestCaseExecutor - No stalled threads
INFO  org.evosuite.testcarver.extraction.CarvingManager - Adding carved test without exception
INFO  org.evosuite.testcarver.extraction.CarvingManager - GenericObjectWrapperTwoParameter<String, String> genericObjectWrapperTwoParameter0 = new GenericObjectWrapperTwoParameter<String, String>();
genericObjectWrapperTwoParameter0.getValue();
String string0 = "Test";
genericObjectWrapperTwoParameter0.setValue(string0);
genericObjectWrapperTwoParameter0.getValue();
genericObjectWrapperTwoParameter0.isEqual(string0);
String string1 = "Not";
genericObjectWrapperTwoParameter0.isEqual(string1);

INFO  evo_logger -  -> Carved 1 tests for class class com.examples.with.different.packagename.testcarver.GenericObjectWrapperTwoParameter from existing JUnit tests
INFO  evo_logger - * Using 1 carved tests from existing JUnit tests for seeding
INFO  org.evosuite.coverage.branch.BranchCoverageSuiteFitness - Total branch coverage goals: 4
INFO  org.evosuite.coverage.branch.BranchCoverageSuiteFitness - Total branches: 0
INFO  org.evosuite.coverage.branch.BranchCoverageSuiteFitness - Total branchless methods: 4
INFO  org.evosuite.coverage.branch.BranchCoverageSuiteFitness - Total methods: 4: [com.examples.with.different.packagename.testcarver.GenericObjectWrapperTwoParameter.<init>()V, com.examples.with.different.packagename.testcarver.GenericObjectWrapperTwoParameter.getValue()Ljava/lang/Comparable;, com.examples.with.different.packagename.testcarver.GenericObjectWrapperTwoParameter.isEqual(Ljava/lang/Object;)Z, com.examples.with.different.packagename.testcarver.GenericObjectWrapperTwoParameter.setValue(Ljava/lang/Comparable;)V]
INFO  org.evosuite.coverage.branch.BranchCoverageSuiteFitness - (Methods) Best individual covers 0/0 branches and 4/4 methods
INFO  org.evosuite.coverage.branch.BranchCoverageSuiteFitness - Fitness: 0.0, size: 1, length: 8
INFO  org.evosuite.coverage.branch.BranchCoverageSuiteFitness - (Fitness) Best individual covers 0/0 branches and 4/4 methods
INFO  org.evosuite.coverage.branch.BranchCoverageSuiteFitness - Fitness: 0.0, size: 1, length: 8
INFO  org.evosuite.testcase.factories.JUnitTestCarvedChromosomeFactory - Cloning user test
INFO  org.evosuite.TestGenerationContext - *** Resetting context
INFO  org.evosuite.testcase.execution.TestCaseExecutor - TestCaseExecutor instance is non-null, but its actual executor is null
INFO  org.evosuite.TestGenerationContext - *** Resetting context
INFO  org.evosuite.testcase.execution.TestCaseExecutor - TestCaseExecutor instance is non-null, but its actual executor is null
INFO  org.evosuite.instrumentation.InstrumentingClassLoader - Seeing class for first time: com.examples.with.different.packagename.testcarver.ClassDependingOnStaticFieldInOtherClass
INFO  org.evosuite.instrumentation.BytecodeInstrumentation - Starting transformation of com/examples/with/different/packagename/testcarver/ClassDependingOnStaticFieldInOtherClass
INFO  org.evosuite.instrumentation.testability.StringTransformation - Current method: <init>
INFO  org.evosuite.instrumentation.testability.StringTransformation - Current method: testMe
INFO  org.evosuite.runtime.instrumentation.MethodCallReplacementClassAdapter - Adding mock interface to class com/examples/with/different/packagename/testcarver/ClassDependingOnStaticFieldInOtherClass
INFO  org.evosuite.graphs.cfg.CFGClassAdapter - Analyzing CFG of com/examples/with/different/packagename/testcarver/ClassDependingOnStaticFieldInOtherClass
INFO  org.evosuite.graphs.cfg.CFGMethodAdapter - Analyzing method <init>()V in class com.examples.with.different.packagename.testcarver.ClassDependingOnStaticFieldInOtherClass
INFO  org.evosuite.graphs.cfg.CFGMethodAdapter - Generating CFG for method <init>()V
INFO  org.evosuite.graphs.cfg.RawControlFlowGraph - Creating new RawCFG for com.examples.with.different.packagename.testcarver.ClassDependingOnStaticFieldInOtherClass.<init>()V: 0
INFO  org.evosuite.graphs.cfg.CFGMethodAdapter - Created CFG for method <init>()V
INFO  org.evosuite.graphs.cfg.CFGMethodAdapter - Instrumenting method <init>()V in class com.examples.with.different.packagename.testcarver.ClassDependingOnStaticFieldInOtherClass
INFO  org.evosuite.graphs.cfg.CFGClassAdapter - Analyzing CFG of com/examples/with/different/packagename/testcarver/ClassDependingOnStaticFieldInOtherClass
INFO  org.evosuite.graphs.cfg.CFGMethodAdapter - Analyzing method testMe(Ljava/util/Locale;)Z in class com.examples.with.different.packagename.testcarver.ClassDependingOnStaticFieldInOtherClass
INFO  org.evosuite.graphs.cfg.CFGMethodAdapter - Generating CFG for method testMe(Ljava/util/Locale;)Z
INFO  org.evosuite.graphs.cfg.RawControlFlowGraph - Creating new RawCFG for com.examples.with.different.packagename.testcarver.ClassDependingOnStaticFieldInOtherClass.testMe(Ljava/util/Locale;)Z: 0
INFO  org.evosuite.coverage.branch.BranchPool - Adding to map the branch I5 Branch 1 IFEQ L27
INFO  org.evosuite.coverage.branch.BranchPool - Branch 1 at line 27
INFO  org.evosuite.graphs.cfg.CFGMethodAdapter - Created CFG for method testMe(Ljava/util/Locale;)Z
INFO  org.evosuite.graphs.cfg.CFGMethodAdapter - Instrumenting method testMe(Ljava/util/Locale;)Z in class com.examples.with.different.packagename.testcarver.ClassDependingOnStaticFieldInOtherClass
INFO  org.evosuite.graphs.cfg.CFGClassAdapter - Analyzing CFG of com/examples/with/different/packagename/testcarver/ClassDependingOnStaticFieldInOtherClass
INFO  org.evosuite.graphs.cfg.CFGMethodAdapter - Method has EvoSuite annotation: Lorg/evosuite/runtime/annotation/EvoSuiteExclude;
INFO  org.evosuite.runtime.instrumentation.CreateClassResetClassAdapter - Creating brand-new static initializer in class com/examples/with/different/packagename/testcarver/ClassDependingOnStaticFieldInOtherClass
INFO  org.evosuite.instrumentation.InstrumentingClassLoader - Loaded class: com.examples.with.different.packagename.testcarver.ClassDependingOnStaticFieldInOtherClass
INFO  evo_logger - * Executing tests from 1 test class for carving
INFO  org.evosuite.testcarver.extraction.CarvingClassLoader - Seeing class for first time: com.examples.with.different.packagename.testcarver.ClassDependingOnStaticFieldInOtherClass
WARN  org.evosuite.testcarver.extraction.CarvingClassLoader - Instrumenting class 'com.examples.with.different.packagename.testcarver.ClassDependingOnStaticFieldInOtherClass'.
INFO  org.evosuite.testcarver.instrument.Instrumenter - Checking package com.examples.with.different.packagename.testcarver for class com/examples/with/different/packagename/testcarver/ClassDependingOnStaticFieldInOtherClass
// class version 52.0 (52)
// access flags 0x21
public class com/examples/with/different/packagename/testcarver/ClassDependingOnStaticFieldInOtherClass {

  // compiled from: ClassDependingOnStaticFieldInOtherClass.java

  // access flags 0x2
  private _sw_prototype_original_init_sw_prototype_original_()V
    ALOAD 0
    INVOKESTATIC org/evosuite/testcarver/capture/FieldRegistry.register (Ljava/lang/Object;)V
    RETURN
   L0
    LOCALVARIABLE this Lcom/examples/with/different/packagename/testcarver/ClassDependingOnStaticFieldInOtherClass; L1 L0 0
    MAXSTACK = 5
    MAXLOCALS = 1

  // access flags 0x2
  private _sw_prototype_original_testMe(Ljava/util/Locale;)Z
   L0
    LINENUMBER 27 L0
    ALOAD 1
    GETSTATIC com/examples/with/different/packagename/testcarver/StaticFieldInOtherClass.x : Ljava/util/Locale;
    ACONST_NULL
    LDC -2147483643
    LDC "com/examples/with/different/packagename/testcarver/StaticFieldInOtherClass"
    LDC "x"
    LDC "Ljava/util/Locale;"
    INVOKESTATIC org/evosuite/testcarver/capture/FieldRegistry.notifyReadAccess (Ljava/lang/Object;ILjava/lang/String;Ljava/lang/String;Ljava/lang/String;)V
    INVOKEVIRTUAL java/util/Locale.equals (Ljava/lang/Object;)Z
    IFEQ L1
   L2
    LINENUMBER 28 L2
    ICONST_1
    IRETURN
   L1
    LINENUMBER 30 L1
    ICONST_0
    IRETURN
   L3
    LOCALVARIABLE this Lcom/examples/with/different/packagename/testcarver/ClassDependingOnStaticFieldInOtherClass; L0 L3 0
    LOCALVARIABLE other Ljava/util/Locale; L0 L3 1
    MAXSTACK = 6
    MAXLOCALS = 2

  // access flags 0x1
  public <init>()V
    TRYCATCHBLOCK L0 L1 L1 java/lang/Throwable
   L2
    LINENUMBER 24 L2
    ALOAD 0
    INVOKESPECIAL java/lang/Object.<init> ()V
   L0
    LDC -2147483644
    ALOAD 0
    LDC "<init>"
    LDC "()V"
    BIPUSH 0
    ANEWARRAY java/lang/Object
    INVOKESTATIC org/evosuite/testcarver/capture/Capturer.capture (ILjava/lang/Object;Ljava/lang/String;Ljava/lang/String;[Ljava/lang/Object;)V
    ALOAD 0
    INVOKEVIRTUAL com/examples/with/different/packagename/testcarver/ClassDependingOnStaticFieldInOtherClass._sw_prototype_original_init_sw_prototype_original_ ()V
    GOTO L3
   L1
   FRAME SAME1 java/lang/Throwable
    ASTORE 1
    LDC -2147483644
    ALOAD 0
    GETSTATIC org/evosuite/testcarver/capture/CaptureLog.RETURN_TYPE_VOID : Ljava/lang/Object;
    INVOKESTATIC org/evosuite/testcarver/capture/Capturer.enable (ILjava/lang/Object;Ljava/lang/Object;)V
    ALOAD 1
    ATHROW
   L3
   FRAME SAME
    LDC -2147483644
    ALOAD 0
    GETSTATIC org/evosuite/testcarver/capture/CaptureLog.RETURN_TYPE_VOID : Ljava/lang/Object;
    INVOKESTATIC org/evosuite/testcarver/capture/Capturer.enable (ILjava/lang/Object;Ljava/lang/Object;)V
    RETURN
    MAXSTACK = 5
    MAXLOCALS = 0

  // access flags 0x1
  public testMe(Ljava/util/Locale;)Z
    TRYCATCHBLOCK L0 L1 L2 java/lang/Throwable
    ACONST_NULL
    ASTORE 2
   L0
    LDC -2147483642
    ALOAD 0
    LDC "testMe"
    LDC "(Ljava/util/Locale;)Z"
    BIPUSH 1
    ANEWARRAY java/lang/Object
    DUP
    BIPUSH 0
    ALOAD 1
    AASTORE
    INVOKESTATIC org/evosuite/testcarver/capture/Capturer.capture (ILjava/lang/Object;Ljava/lang/String;Ljava/lang/String;[Ljava/lang/Object;)V
    ALOAD 0
    ALOAD 1
    INVOKEVIRTUAL com/examples/with/different/packagename/testcarver/ClassDependingOnStaticFieldInOtherClass._sw_prototype_original_testMe (Ljava/util/Locale;)Z
    INVOKESTATIC java/lang/Boolean.valueOf (Z)Ljava/lang/Boolean;
    ASTORE 2
    ALOAD 2
    INVOKEVIRTUAL java/lang/Boolean.booleanValue ()Z
    ISTORE 4
   L1
    LDC -2147483642
    ALOAD 0
    ALOAD 2
    INVOKESTATIC org/evosuite/testcarver/capture/Capturer.enable (ILjava/lang/Object;Ljava/lang/Object;)V
    ILOAD 4
    IRETURN
   L2
   FRAME FULL [com/examples/with/different/packagename/testcarver/ClassDependingOnStaticFieldInOtherClass java/lang/Boolean] [java/lang/Throwable]
    ASTORE 3
    LDC -2147483642
    ALOAD 0
    ALOAD 2
    INVOKESTATIC org/evosuite/testcarver/capture/Capturer.enable (ILjava/lang/Object;Ljava/lang/Object;)V
    ALOAD 3
    ATHROW
    MAXSTACK = 6
    MAXLOCALS = 0
}
INFO  org.evosuite.testcarver.extraction.CarvingClassLoader - Keeping class: com.examples.with.different.packagename.testcarver.ClassDependingOnStaticFieldInOtherClass
INFO  org.evosuite.testcarver.extraction.CarvingClassLoader - Seeing class for first time: com.examples.with.different.packagename.testcarver.ClassDependingOnStaticFieldInOtherClassTestCase
WARN  org.evosuite.testcarver.extraction.CarvingClassLoader - Instrumenting class 'com.examples.with.different.packagename.testcarver.ClassDependingOnStaticFieldInOtherClassTestCase'.
INFO  org.evosuite.testcarver.instrument.Instrumenter - Checking package com.examples.with.different.packagename.testcarver for class com/examples/with/different/packagename/testcarver/ClassDependingOnStaticFieldInOtherClassTestCase
// class version 52.0 (52)
// access flags 0x21
public class com/examples/with/different/packagename/testcarver/ClassDependingOnStaticFieldInOtherClassTestCase {

  // compiled from: ClassDependingOnStaticFieldInOtherClassTestCase.java

  // access flags 0x2
  private _sw_prototype_original_init_sw_prototype_original_()V
    ALOAD 0
    INVOKESTATIC org/evosuite/testcarver/capture/FieldRegistry.register (Ljava/lang/Object;)V
    RETURN
   L0
    LOCALVARIABLE this Lcom/examples/with/different/packagename/testcarver/ClassDependingOnStaticFieldInOtherClassTestCase; L1 L0 0
    MAXSTACK = 5
    MAXLOCALS = 1

  // access flags 0x2
  private _sw_prototype_original_test2()V
   L0
    LINENUMBER 30 L0
    NEW com/examples/with/different/packagename/testcarver/ClassDependingOnStaticFieldInOtherClass
    DUP
    INVOKESPECIAL com/examples/with/different/packagename/testcarver/ClassDependingOnStaticFieldInOtherClass.<init> ()V
    ASTORE 1
   L1
    LINENUMBER 31 L1
    ALOAD 1
    GETSTATIC com/examples/with/different/packagename/testcarver/StaticFieldInOtherClass.x : Ljava/util/Locale;
    ACONST_NULL
    LDC -2147483640
    LDC "com/examples/with/different/packagename/testcarver/StaticFieldInOtherClass"
    LDC "x"
    LDC "Ljava/util/Locale;"
    INVOKESTATIC org/evosuite/testcarver/capture/FieldRegistry.notifyReadAccess (Ljava/lang/Object;ILjava/lang/String;Ljava/lang/String;Ljava/lang/String;)V
    INVOKEVIRTUAL com/examples/with/different/packagename/testcarver/ClassDependingOnStaticFieldInOtherClass.testMe (Ljava/util/Locale;)Z
    INVOKESTATIC org/junit/Assert.assertTrue (Z)V
   L2
    LINENUMBER 32 L2
    RETURN
   L3
    LOCALVARIABLE this Lcom/examples/with/different/packagename/testcarver/ClassDependingOnStaticFieldInOtherClassTestCase; L0 L3 0
    LOCALVARIABLE x Lcom/examples/with/different/packagename/testcarver/ClassDependingOnStaticFieldInOtherClass; L1 L3 1
    MAXSTACK = 6
    MAXLOCALS = 2

  // access flags 0x1
  public <init>()V
    TRYCATCHBLOCK L0 L1 L1 java/lang/Throwable
   L2
    LINENUMBER 25 L2
    ALOAD 0
    INVOKESPECIAL java/lang/Object.<init> ()V
   L0
    LDC -2147483641
    ALOAD 0
    LDC "<init>"
    LDC "()V"
    BIPUSH 0
    ANEWARRAY java/lang/Object
    INVOKESTATIC org/evosuite/testcarver/capture/Capturer.capture (ILjava/lang/Object;Ljava/lang/String;Ljava/lang/String;[Ljava/lang/Object;)V
    ALOAD 0
    INVOKEVIRTUAL com/examples/with/different/packagename/testcarver/ClassDependingOnStaticFieldInOtherClassTestCase._sw_prototype_original_init_sw_prototype_original_ ()V
    GOTO L3
   L1
   FRAME SAME1 java/lang/Throwable
    ASTORE 1
    LDC -2147483641
    ALOAD 0
    GETSTATIC org/evosuite/testcarver/capture/CaptureLog.RETURN_TYPE_VOID : Ljava/lang/Object;
    INVOKESTATIC org/evosuite/testcarver/capture/Capturer.enable (ILjava/lang/Object;Ljava/lang/Object;)V
    ALOAD 1
    ATHROW
   L3
   FRAME SAME
    LDC -2147483641
    ALOAD 0
    GETSTATIC org/evosuite/testcarver/capture/CaptureLog.RETURN_TYPE_VOID : Ljava/lang/Object;
    INVOKESTATIC org/evosuite/testcarver/capture/Capturer.enable (ILjava/lang/Object;Ljava/lang/Object;)V
    RETURN
    MAXSTACK = 5
    MAXLOCALS = 0

  // access flags 0x1
  public test2()V
  @Lorg/junit/Test;()
    TRYCATCHBLOCK L0 L1 L1 java/lang/Throwable
   L0
    LDC -2147483639
    ALOAD 0
    LDC "test2"
    LDC "()V"
    BIPUSH 0
    ANEWARRAY java/lang/Object
    INVOKESTATIC org/evosuite/testcarver/capture/Capturer.capture (ILjava/lang/Object;Ljava/lang/String;Ljava/lang/String;[Ljava/lang/Object;)V
    ALOAD 0
    INVOKEVIRTUAL com/examples/with/different/packagename/testcarver/ClassDependingOnStaticFieldInOtherClassTestCase._sw_prototype_original_test2 ()V
    GOTO L2
   L1
   FRAME SAME1 java/lang/Throwable
    ASTORE 1
    LDC -2147483639
    ALOAD 0
    GETSTATIC org/evosuite/testcarver/capture/CaptureLog.RETURN_TYPE_VOID : Ljava/lang/Object;
    INVOKESTATIC org/evosuite/testcarver/capture/Capturer.enable (ILjava/lang/Object;Ljava/lang/Object;)V
    ALOAD 1
    ATHROW
   L2
   FRAME SAME
    LDC -2147483639
    ALOAD 0
    GETSTATIC org/evosuite/testcarver/capture/CaptureLog.RETURN_TYPE_VOID : Ljava/lang/Object;
    INVOKESTATIC org/evosuite/testcarver/capture/Capturer.enable (ILjava/lang/Object;Ljava/lang/Object;)V
    RETURN
    MAXSTACK = 6
    MAXLOCALS = 0
}
INFO  org.evosuite.testcarver.extraction.CarvingClassLoader - Keeping class: com.examples.with.different.packagename.testcarver.ClassDependingOnStaticFieldInOtherClassTestCase
INFO  org.evosuite.testcarver.extraction.CarvingRunListener - Not yet reached maximum time to carve unit tests - executing test with carver
INFO  org.evosuite.testcarver.capture.Capturer - Starting Capturer...
INFO  org.evosuite.testcarver.capture.Capturer - Capturer has been started successfully
INFO  org.evosuite.testcarver.extraction.CarvingClassLoader - Seeing class for first time: com.examples.with.different.packagename.testcarver.StaticFieldInOtherClass
WARN  org.evosuite.testcarver.extraction.CarvingClassLoader - Instrumenting class 'com.examples.with.different.packagename.testcarver.StaticFieldInOtherClass'.
INFO  org.evosuite.testcarver.instrument.Instrumenter - Checking package com.examples.with.different.packagename.testcarver for class com/examples/with/different/packagename/testcarver/StaticFieldInOtherClass
// class version 52.0 (52)
// access flags 0x21
public class com/examples/with/different/packagename/testcarver/StaticFieldInOtherClass {

  // compiled from: StaticFieldInOtherClass.java

  // access flags 0x19
  public final static Ljava/util/Locale; x

  // access flags 0x2
  private _sw_prototype_original_init_sw_prototype_original_()V
    ALOAD 0
    INVOKESTATIC org/evosuite/testcarver/capture/FieldRegistry.register (Ljava/lang/Object;)V
    RETURN
   L0
    LOCALVARIABLE this Lcom/examples/with/different/packagename/testcarver/StaticFieldInOtherClass; L1 L0 0
    MAXSTACK = 5
    MAXLOCALS = 1

  // access flags 0x8
  static <clinit>()V
   L0
    LINENUMBER 26 L0
    GETSTATIC java/util/Locale.CHINESE : Ljava/util/Locale;
    PUTSTATIC com/examples/with/different/packagename/testcarver/StaticFieldInOtherClass.x : Ljava/util/Locale;
    RETURN
    MAXSTACK = 1
    MAXLOCALS = 0

  // access flags 0x1
  public <init>()V
    TRYCATCHBLOCK L0 L1 L1 java/lang/Throwable
   L2
    LINENUMBER 24 L2
    ALOAD 0
    INVOKESPECIAL java/lang/Object.<init> ()V
   L0
    LDC -2147483638
    ALOAD 0
    LDC "<init>"
    LDC "()V"
    BIPUSH 0
    ANEWARRAY java/lang/Object
    INVOKESTATIC org/evosuite/testcarver/capture/Capturer.capture (ILjava/lang/Object;Ljava/lang/String;Ljava/lang/String;[Ljava/lang/Object;)V
    ALOAD 0
    INVOKEVIRTUAL com/examples/with/different/packagename/testcarver/StaticFieldInOtherClass._sw_prototype_original_init_sw_prototype_original_ ()V
    GOTO L3
   L1
   FRAME SAME1 java/lang/Throwable
    ASTORE 1
    LDC -2147483638
    ALOAD 0
    GETSTATIC org/evosuite/testcarver/capture/CaptureLog.RETURN_TYPE_VOID : Ljava/lang/Object;
    INVOKESTATIC org/evosuite/testcarver/capture/Capturer.enable (ILjava/lang/Object;Ljava/lang/Object;)V
    ALOAD 1
    ATHROW
   L3
   FRAME SAME
    LDC -2147483638
    ALOAD 0
    GETSTATIC org/evosuite/testcarver/capture/CaptureLog.RETURN_TYPE_VOID : Ljava/lang/Object;
    INVOKESTATIC org/evosuite/testcarver/capture/Capturer.enable (ILjava/lang/Object;Ljava/lang/Object;)V
    RETURN
    MAXSTACK = 5
    MAXLOCALS = 0
}
INFO  org.evosuite.testcarver.extraction.CarvingClassLoader - Keeping class: com.examples.with.different.packagename.testcarver.StaticFieldInOtherClass
INFO  org.evosuite.testcarver.capture.Capturer - Stopping Capturer...
INFO  org.evosuite.testcarver.capture.Capturer - Capturer has been stopped successfully
INFO  evo_logger -  - Carving test com.examples.with.different.packagename.testcarver.ClassDependingOnStaticFieldInOtherClassTestCase.test2
INFO  org.evosuite.instrumentation.InstrumentingClassLoader - Seeing class for first time: com.examples.with.different.packagename.testcarver.StaticFieldInOtherClass
INFO  org.evosuite.instrumentation.BytecodeInstrumentation - Starting transformation of com/examples/with/different/packagename/testcarver/StaticFieldInOtherClass
INFO  org.evosuite.runtime.instrumentation.MethodCallReplacementClassAdapter - Adding mock interface to class com/examples/with/different/packagename/testcarver/StaticFieldInOtherClass
INFO  org.evosuite.runtime.instrumentation.CreateClassResetClassAdapter - Found static initializer in class com/examples/with/different/packagename/testcarver/StaticFieldInOtherClass
INFO  org.evosuite.instrumentation.InstrumentingClassLoader - Loaded class: com.examples.with.different.packagename.testcarver.StaticFieldInOtherClass
INFO  org.evosuite.testcarver.extraction.CarvingRunListener - Carved test of length 3
INFO  org.evosuite.utils.generic.GenericTypeInference - Type map empty
INFO  org.evosuite.testcarver.extraction.CarvingManager - Result: 0/1
INFO  org.evosuite.testcase.execution.TestCaseExecutor - No stalled threads
INFO  org.evosuite.testcarver.extraction.CarvingManager - Adding carved test without exception
INFO  org.evosuite.testcarver.extraction.CarvingManager - ClassDependingOnStaticFieldInOtherClass classDependingOnStaticFieldInOtherClass0 = new ClassDependingOnStaticFieldInOtherClass();
Locale locale0 = StaticFieldInOtherClass.x;
classDependingOnStaticFieldInOtherClass0.testMe(locale0);

INFO  evo_logger -  -> Carved 1 tests for class class com.examples.with.different.packagename.testcarver.ClassDependingOnStaticFieldInOtherClass from existing JUnit tests
INFO  evo_logger - * Using 1 carved tests from existing JUnit tests for seeding
INFO  org.evosuite.coverage.branch.BranchPool - Found matching class for branch count: com.examples.with.different.packagename.testcarver.ClassDependingOnStaticFieldInOtherClass/com.examples.with.different.packagename.testcarver.ClassDependingOnStaticFieldInOtherClass
INFO  org.evosuite.coverage.branch.BranchCoverageSuiteFitness - Total branch coverage goals: 3
INFO  org.evosuite.coverage.branch.BranchCoverageSuiteFitness - Total branches: 1
INFO  org.evosuite.coverage.branch.BranchCoverageSuiteFitness - Total branchless methods: 1
INFO  org.evosuite.coverage.branch.BranchCoverageSuiteFitness - Total methods: 2: [com.examples.with.different.packagename.testcarver.ClassDependingOnStaticFieldInOtherClass.testMe(Ljava/util/Locale;)Z, com.examples.with.different.packagename.testcarver.ClassDependingOnStaticFieldInOtherClass.<init>()V]
INFO  org.evosuite.coverage.branch.BranchCoverageSuiteFitness - (Branches) Best individual covers 1/2 branches and 2/2 methods
INFO  org.evosuite.coverage.branch.BranchCoverageSuiteFitness - Fitness: 1.0, size: 1, length: 3
INFO  org.evosuite.coverage.branch.BranchCoverageSuiteFitness - (Methods) Best individual covers 1/2 branches and 2/2 methods
INFO  org.evosuite.coverage.branch.BranchCoverageSuiteFitness - Fitness: 1.0, size: 1, length: 3
INFO  org.evosuite.coverage.branch.BranchCoverageSuiteFitness - (Fitness) Best individual covers 1/2 branches and 2/2 methods
INFO  org.evosuite.coverage.branch.BranchCoverageSuiteFitness - Fitness: 1.0, size: 1, length: 3
INFO  org.evosuite.testcase.factories.JUnitTestCarvedChromosomeFactory - Cloning user test
ClassDependingOnStaticFieldInOtherClass classDependingOnStaticFieldInOtherClass0 = new ClassDependingOnStaticFieldInOtherClass();
Locale locale0 = StaticFieldInOtherClass.x;
classDependingOnStaticFieldInOtherClass0.testMe(locale0);

INFO  org.evosuite.TestGenerationContext - *** Resetting context
INFO  org.evosuite.testcase.execution.TestCaseExecutor - TestCaseExecutor instance is non-null, but its actual executor is null
INFO  org.evosuite.TestGenerationContext - *** Resetting context
INFO  org.evosuite.testcase.execution.TestCaseExecutor - TestCaseExecutor instance is non-null, but its actual executor is null
INFO  org.evosuite.instrumentation.InstrumentingClassLoader - Seeing class for first time: com.examples.with.different.packagename.testcarver.InnerConstructor
INFO  org.evosuite.instrumentation.BytecodeInstrumentation - Starting transformation of com/examples/with/different/packagename/testcarver/InnerConstructor
INFO  org.evosuite.instrumentation.testability.StringTransformation - Current method: <init>
INFO  org.evosuite.instrumentation.testability.StringTransformation - Current method: <init>
INFO  org.evosuite.runtime.instrumentation.MethodCallReplacementClassAdapter - Adding mock interface to class com/examples/with/different/packagename/testcarver/InnerConstructor
INFO  org.evosuite.graphs.cfg.CFGClassAdapter - Analyzing CFG of com/examples/with/different/packagename/testcarver/InnerConstructor
INFO  org.evosuite.graphs.cfg.CFGMethodAdapter - Analyzing method <init>()V in class com.examples.with.different.packagename.testcarver.InnerConstructor
INFO  org.evosuite.graphs.cfg.CFGMethodAdapter - Generating CFG for method <init>()V
INFO  org.evosuite.graphs.cfg.RawControlFlowGraph - Creating new RawCFG for com.examples.with.different.packagename.testcarver.InnerConstructor.<init>()V: 0
INFO  org.evosuite.graphs.cfg.CFGMethodAdapter - Created CFG for method <init>()V
INFO  org.evosuite.graphs.cfg.CFGMethodAdapter - Instrumenting method <init>()V in class com.examples.with.different.packagename.testcarver.InnerConstructor
INFO  org.evosuite.graphs.cfg.CFGClassAdapter - Analyzing CFG of com/examples/with/different/packagename/testcarver/InnerConstructor
INFO  org.evosuite.graphs.cfg.CFGMethodAdapter - Analyzing method <init>(Ljava/lang/Object;)V in class com.examples.with.different.packagename.testcarver.InnerConstructor
INFO  org.evosuite.graphs.cfg.CFGMethodAdapter - Generating CFG for method <init>(Ljava/lang/Object;)V
INFO  org.evosuite.graphs.cfg.RawControlFlowGraph - Creating new RawCFG for com.examples.with.different.packagename.testcarver.InnerConstructor.<init>(Ljava/lang/Object;)V: 0
INFO  org.evosuite.graphs.cfg.CFGMethodAdapter - Created CFG for method <init>(Ljava/lang/Object;)V
INFO  org.evosuite.graphs.cfg.CFGMethodAdapter - Instrumenting method <init>(Ljava/lang/Object;)V in class com.examples.with.different.packagename.testcarver.InnerConstructor
INFO  org.evosuite.runtime.instrumentation.CreateClassResetClassAdapter - Creating brand-new static initializer in class com/examples/with/different/packagename/testcarver/InnerConstructor
INFO  org.evosuite.instrumentation.InstrumentingClassLoader - Seeing class for first time: com.examples.with.different.packagename.testcarver.InnerConstructorSuper
INFO  org.evosuite.instrumentation.BytecodeInstrumentation - Starting transformation of com/examples/with/different/packagename/testcarver/InnerConstructorSuper
INFO  org.evosuite.runtime.instrumentation.MethodCallReplacementClassAdapter - Adding mock interface to class com/examples/with/different/packagename/testcarver/InnerConstructorSuper
INFO  org.evosuite.runtime.instrumentation.CreateClassResetClassAdapter - Creating brand-new static initializer in class com/examples/with/different/packagename/testcarver/InnerConstructorSuper
INFO  org.evosuite.instrumentation.InstrumentingClassLoader - Loaded class: com.examples.with.different.packagename.testcarver.InnerConstructorSuper
INFO  org.evosuite.instrumentation.InstrumentingClassLoader - Loaded class: com.examples.with.different.packagename.testcarver.InnerConstructor
INFO  evo_logger - * Executing tests from 1 test class for carving
INFO  org.evosuite.testcarver.extraction.CarvingClassLoader - Seeing class for first time: com.examples.with.different.packagename.testcarver.InnerConstructor
WARN  org.evosuite.testcarver.extraction.CarvingClassLoader - Instrumenting class 'com.examples.with.different.packagename.testcarver.InnerConstructor'.
INFO  org.evosuite.testcarver.instrument.Instrumenter - Checking package com.examples.with.different.packagename.testcarver for class com/examples/with/different/packagename/testcarver/InnerConstructor
// class version 52.0 (52)
// access flags 0x21
public class com/examples/with/different/packagename/testcarver/InnerConstructor extends com/examples/with/different/packagename/testcarver/InnerConstructorSuper {

  // compiled from: InnerConstructor.java

  // access flags 0x2
  private _sw_prototype_original_init_sw_prototype_original_()V
    ALOAD 0
    INVOKESTATIC org/evosuite/testcarver/capture/FieldRegistry.register (Ljava/lang/Object;)V
   L0
    LINENUMBER 26 L0
    RETURN
   L1
    LOCALVARIABLE this Lcom/examples/with/different/packagename/testcarver/InnerConstructor; L2 L1 0
    MAXSTACK = 6
    MAXLOCALS = 1

  // access flags 0x2
  private _sw_prototype_original_init_sw_prototype_original_(Ljava/lang/Object;)V
    ALOAD 0
    INVOKESTATIC org/evosuite/testcarver/capture/FieldRegistry.register (Ljava/lang/Object;)V
   L0
    LINENUMBER 30 L0
    RETURN
   L1
    LOCALVARIABLE this Lcom/examples/with/different/packagename/testcarver/InnerConstructor; L2 L1 0
    LOCALVARIABLE obj Ljava/lang/Object; L2 L1 1
    MAXSTACK = 6
    MAXLOCALS = 2

  // access flags 0x1
  public <init>()V
    TRYCATCHBLOCK L0 L1 L1 java/lang/Throwable
   L2
    LINENUMBER 25 L2
    ALOAD 0
    ICONST_1
    INVOKESPECIAL com/examples/with/different/packagename/testcarver/InnerConstructorSuper.<init> (Z)V
   L0
    LDC -2147483644
    ALOAD 0
    LDC "<init>"
    LDC "()V"
    BIPUSH 0
    ANEWARRAY java/lang/Object
    INVOKESTATIC org/evosuite/testcarver/capture/Capturer.capture (ILjava/lang/Object;Ljava/lang/String;Ljava/lang/String;[Ljava/lang/Object;)V
    ALOAD 0
    INVOKEVIRTUAL com/examples/with/different/packagename/testcarver/InnerConstructor._sw_prototype_original_init_sw_prototype_original_ ()V
    GOTO L3
   L1
   FRAME SAME1 java/lang/Throwable
    ASTORE 1
    LDC -2147483644
    ALOAD 0
    GETSTATIC org/evosuite/testcarver/capture/CaptureLog.RETURN_TYPE_VOID : Ljava/lang/Object;
    INVOKESTATIC org/evosuite/testcarver/capture/Capturer.enable (ILjava/lang/Object;Ljava/lang/Object;)V
    ALOAD 1
    ATHROW
   L3
   FRAME SAME
    LDC -2147483644
    ALOAD 0
    GETSTATIC org/evosuite/testcarver/capture/CaptureLog.RETURN_TYPE_VOID : Ljava/lang/Object;
    INVOKESTATIC org/evosuite/testcarver/capture/Capturer.enable (ILjava/lang/Object;Ljava/lang/Object;)V
    RETURN
    MAXSTACK = 6
    MAXLOCALS = 0

  // access flags 0x1
  public <init>(Ljava/lang/Object;)V
    TRYCATCHBLOCK L0 L1 L1 java/lang/Throwable
   L2
    LINENUMBER 29 L2
    ALOAD 0
    ICONST_1
    INVOKESPECIAL com/examples/with/different/packagename/testcarver/InnerConstructorSuper.<init> (Z)V
   L0
    LDC -2147483643
    ALOAD 0
    LDC "<init>"
    LDC "(Ljava/lang/Object;)V"
    BIPUSH 1
    ANEWARRAY java/lang/Object
    DUP
    BIPUSH 0
    ALOAD 1
    AASTORE
    INVOKESTATIC org/evosuite/testcarver/capture/Capturer.capture (ILjava/lang/Object;Ljava/lang/String;Ljava/lang/String;[Ljava/lang/Object;)V
    ALOAD 0
    ALOAD 1
    INVOKEVIRTUAL com/examples/with/different/packagename/testcarver/InnerConstructor._sw_prototype_original_init_sw_prototype_original_ (Ljava/lang/Object;)V
    GOTO L3
   L1
   FRAME SAME1 java/lang/Throwable
    ASTORE 2
    LDC -2147483643
    ALOAD 0
    GETSTATIC org/evosuite/testcarver/capture/CaptureLog.RETURN_TYPE_VOID : Ljava/lang/Object;
    INVOKESTATIC org/evosuite/testcarver/capture/Capturer.enable (ILjava/lang/Object;Ljava/lang/Object;)V
    ALOAD 2
    ATHROW
   L3
   FRAME SAME
    LDC -2147483643
    ALOAD 0
    GETSTATIC org/evosuite/testcarver/capture/CaptureLog.RETURN_TYPE_VOID : Ljava/lang/Object;
    INVOKESTATIC org/evosuite/testcarver/capture/Capturer.enable (ILjava/lang/Object;Ljava/lang/Object;)V
    RETURN
    MAXSTACK = 6
    MAXLOCALS = 0
}
INFO  org.evosuite.testcarver.extraction.CarvingClassLoader - Seeing class for first time: com.examples.with.different.packagename.testcarver.InnerConstructorSuper
WARN  org.evosuite.testcarver.extraction.CarvingClassLoader - Instrumenting class 'com.examples.with.different.packagename.testcarver.InnerConstructorSuper'.
INFO  org.evosuite.testcarver.instrument.Instrumenter - Checking package com.examples.with.different.packagename.testcarver for class com/examples/with/different/packagename/testcarver/InnerConstructorSuper
// class version 52.0 (52)
// access flags 0x421
public abstract class com/examples/with/different/packagename/testcarver/InnerConstructorSuper {

  // compiled from: InnerConstructorSuper.java

  // access flags 0x2
  private Z foo

  // access flags 0x1
  public <init>(Z)V
   L0
    LINENUMBER 27 L0
    ALOAD 0
    INVOKESPECIAL java/lang/Object.<init> ()V
   L1
    LINENUMBER 28 L1
    ALOAD 0
    ILOAD 1
    PUTFIELD com/examples/with/different/packagename/testcarver/InnerConstructorSuper.foo : Z
   L2
    LINENUMBER 29 L2
    RETURN
   L3
    LOCALVARIABLE this Lcom/examples/with/different/packagename/testcarver/InnerConstructorSuper; L0 L3 0
    LOCALVARIABLE aBoolean Z L0 L3 1
    MAXSTACK = 2
    MAXLOCALS = 2

  // access flags 0x2
  private _sw_prototype_original_getFoo()Ljava/lang/String;
   L0
    LINENUMBER 32 L0
    NEW java/lang/StringBuilder
    DUP
    INVOKESPECIAL java/lang/StringBuilder.<init> ()V
    LDC "foo="
    INVOKEVIRTUAL java/lang/StringBuilder.append (Ljava/lang/String;)Ljava/lang/StringBuilder;
    ALOAD 0
    DUP
    GETFIELD com/examples/with/different/packagename/testcarver/InnerConstructorSuper.foo : Z
    SWAP
    LDC -2147483642
    LDC "com/examples/with/different/packagename/testcarver/InnerConstructorSuper"
    LDC "foo"
    LDC "Z"
    INVOKESTATIC org/evosuite/testcarver/capture/FieldRegistry.notifyReadAccess (Ljava/lang/Object;ILjava/lang/String;Ljava/lang/String;Ljava/lang/String;)V
    INVOKEVIRTUAL java/lang/StringBuilder.append (Z)Ljava/lang/StringBuilder;
    INVOKEVIRTUAL java/lang/StringBuilder.toString ()Ljava/lang/String;
    ARETURN
   L1
    LOCALVARIABLE this Lcom/examples/with/different/packagename/testcarver/InnerConstructorSuper; L0 L1 0
    MAXSTACK = 6
    MAXLOCALS = 1

  // access flags 0x1
  public getFoo()Ljava/lang/String;
    TRYCATCHBLOCK L0 L1 L2 java/lang/Throwable
    ACONST_NULL
    ASTORE 1
   L0
    LDC -2147483641
    ALOAD 0
    LDC "getFoo"
    LDC "()Ljava/lang/String;"
    BIPUSH 0
    ANEWARRAY java/lang/Object
    INVOKESTATIC org/evosuite/testcarver/capture/Capturer.capture (ILjava/lang/Object;Ljava/lang/String;Ljava/lang/String;[Ljava/lang/Object;)V
    ALOAD 0
    INVOKEVIRTUAL com/examples/with/different/packagename/testcarver/InnerConstructorSuper._sw_prototype_original_getFoo ()Ljava/lang/String;
    ASTORE 1
    ALOAD 1
    ASTORE 3
   L1
    LDC -2147483641
    ALOAD 0
    ALOAD 1
    INVOKESTATIC org/evosuite/testcarver/capture/Capturer.enable (ILjava/lang/Object;Ljava/lang/Object;)V
    ALOAD 3
    ARETURN
   L2
   FRAME FULL [com/examples/with/different/packagename/testcarver/InnerConstructorSuper java/lang/String] [java/lang/Throwable]
    ASTORE 2
    LDC -2147483641
    ALOAD 0
    ALOAD 1
    INVOKESTATIC org/evosuite/testcarver/capture/Capturer.enable (ILjava/lang/Object;Ljava/lang/Object;)V
    ALOAD 2
    ATHROW
    MAXSTACK = 6
    MAXLOCALS = 0
}
INFO  org.evosuite.testcarver.extraction.CarvingClassLoader - Keeping class: com.examples.with.different.packagename.testcarver.InnerConstructorSuper
INFO  org.evosuite.testcarver.extraction.CarvingClassLoader - Keeping class: com.examples.with.different.packagename.testcarver.InnerConstructor
INFO  org.evosuite.testcarver.extraction.CarvingClassLoader - Seeing class for first time: com.examples.with.different.packagename.testcarver.InnerConstructorTest
WARN  org.evosuite.testcarver.extraction.CarvingClassLoader - Instrumenting class 'com.examples.with.different.packagename.testcarver.InnerConstructorTest'.
INFO  org.evosuite.testcarver.instrument.Instrumenter - Checking package com.examples.with.different.packagename.testcarver for class com/examples/with/different/packagename/testcarver/InnerConstructorTest
// class version 52.0 (52)
// access flags 0x21
public class com/examples/with/different/packagename/testcarver/InnerConstructorTest {

  // compiled from: InnerConstructorTest.java

  // access flags 0x2
  private _sw_prototype_original_init_sw_prototype_original_()V
    ALOAD 0
    INVOKESTATIC org/evosuite/testcarver/capture/FieldRegistry.register (Ljava/lang/Object;)V
    RETURN
   L0
    LOCALVARIABLE this Lcom/examples/with/different/packagename/testcarver/InnerConstructorTest; L1 L0 0
    MAXSTACK = 5
    MAXLOCALS = 1

  // access flags 0x2
  private _sw_prototype_original_test()V
   L0
    LINENUMBER 28 L0
    NEW com/examples/with/different/packagename/testcarver/InnerConstructor
    DUP
    INVOKESPECIAL com/examples/with/different/packagename/testcarver/InnerConstructor.<init> ()V
    ASTORE 1
   L1
    LINENUMBER 29 L1
    ALOAD 1
    INVOKEVIRTUAL com/examples/with/different/packagename/testcarver/InnerConstructor.getFoo ()Ljava/lang/String;
    POP
   L2
    LINENUMBER 30 L2
    RETURN
   L3
    LOCALVARIABLE this Lcom/examples/with/different/packagename/testcarver/InnerConstructorTest; L0 L3 0
    LOCALVARIABLE c Lcom/examples/with/different/packagename/testcarver/InnerConstructor; L1 L3 1
    MAXSTACK = 6
    MAXLOCALS = 2

  // access flags 0x1
  public <init>()V
    TRYCATCHBLOCK L0 L1 L1 java/lang/Throwable
   L2
    LINENUMBER 24 L2
    ALOAD 0
    INVOKESPECIAL java/lang/Object.<init> ()V
   L0
    LDC -2147483640
    ALOAD 0
    LDC "<init>"
    LDC "()V"
    BIPUSH 0
    ANEWARRAY java/lang/Object
    INVOKESTATIC org/evosuite/testcarver/capture/Capturer.capture (ILjava/lang/Object;Ljava/lang/String;Ljava/lang/String;[Ljava/lang/Object;)V
    ALOAD 0
    INVOKEVIRTUAL com/examples/with/different/packagename/testcarver/InnerConstructorTest._sw_prototype_original_init_sw_prototype_original_ ()V
    GOTO L3
   L1
   FRAME SAME1 java/lang/Throwable
    ASTORE 1
    LDC -2147483640
    ALOAD 0
    GETSTATIC org/evosuite/testcarver/capture/CaptureLog.RETURN_TYPE_VOID : Ljava/lang/Object;
    INVOKESTATIC org/evosuite/testcarver/capture/Capturer.enable (ILjava/lang/Object;Ljava/lang/Object;)V
    ALOAD 1
    ATHROW
   L3
   FRAME SAME
    LDC -2147483640
    ALOAD 0
    GETSTATIC org/evosuite/testcarver/capture/CaptureLog.RETURN_TYPE_VOID : Ljava/lang/Object;
    INVOKESTATIC org/evosuite/testcarver/capture/Capturer.enable (ILjava/lang/Object;Ljava/lang/Object;)V
    RETURN
    MAXSTACK = 5
    MAXLOCALS = 0

  // access flags 0x1
  public test()V
  @Lorg/junit/Test;()
    TRYCATCHBLOCK L0 L1 L1 java/lang/Throwable
   L0
    LDC -2147483639
    ALOAD 0
    LDC "test"
    LDC "()V"
    BIPUSH 0
    ANEWARRAY java/lang/Object
    INVOKESTATIC org/evosuite/testcarver/capture/Capturer.capture (ILjava/lang/Object;Ljava/lang/String;Ljava/lang/String;[Ljava/lang/Object;)V
    ALOAD 0
    INVOKEVIRTUAL com/examples/with/different/packagename/testcarver/InnerConstructorTest._sw_prototype_original_test ()V
    GOTO L2
   L1
   FRAME SAME1 java/lang/Throwable
    ASTORE 1
    LDC -2147483639
    ALOAD 0
    GETSTATIC org/evosuite/testcarver/capture/CaptureLog.RETURN_TYPE_VOID : Ljava/lang/Object;
    INVOKESTATIC org/evosuite/testcarver/capture/Capturer.enable (ILjava/lang/Object;Ljava/lang/Object;)V
    ALOAD 1
    ATHROW
   L2
   FRAME SAME
    LDC -2147483639
    ALOAD 0
    GETSTATIC org/evosuite/testcarver/capture/CaptureLog.RETURN_TYPE_VOID : Ljava/lang/Object;
    INVOKESTATIC org/evosuite/testcarver/capture/Capturer.enable (ILjava/lang/Object;Ljava/lang/Object;)V
    RETURN
    MAXSTACK = 6
    MAXLOCALS = 0
}
INFO  org.evosuite.testcarver.extraction.CarvingClassLoader - Keeping class: com.examples.with.different.packagename.testcarver.InnerConstructorTest
INFO  org.evosuite.testcarver.extraction.CarvingRunListener - Not yet reached maximum time to carve unit tests - executing test with carver
INFO  org.evosuite.testcarver.capture.Capturer - Starting Capturer...
INFO  org.evosuite.testcarver.capture.Capturer - Capturer has been started successfully
INFO  org.evosuite.testcarver.capture.Capturer - Stopping Capturer...
INFO  org.evosuite.testcarver.capture.Capturer - Capturer has been stopped successfully
INFO  evo_logger -  - Carving test com.examples.with.different.packagename.testcarver.InnerConstructorTest.test
INFO  org.evosuite.testcarver.extraction.CarvingRunListener - Carved test of length 2
INFO  org.evosuite.utils.generic.GenericTypeInference - Type map empty
INFO  org.evosuite.testcarver.extraction.CarvingManager - Result: 0/1
INFO  org.evosuite.testcase.execution.TestCaseExecutor - No stalled threads
INFO  org.evosuite.testcarver.extraction.CarvingManager - Adding carved test without exception
INFO  org.evosuite.testcarver.extraction.CarvingManager - InnerConstructor innerConstructor0 = new InnerConstructor();
innerConstructor0.getFoo();

INFO  evo_logger -  -> Carved 1 tests for class class com.examples.with.different.packagename.testcarver.InnerConstructor from existing JUnit tests
INFO  evo_logger - * Using 1 carved tests from existing JUnit tests for seeding
INFO  org.evosuite.coverage.branch.BranchCoverageSuiteFitness - Total branch coverage goals: 2
INFO  org.evosuite.coverage.branch.BranchCoverageSuiteFitness - Total branches: 0
INFO  org.evosuite.coverage.branch.BranchCoverageSuiteFitness - Total branchless methods: 2
INFO  org.evosuite.coverage.branch.BranchCoverageSuiteFitness - Total methods: 2: [com.examples.with.different.packagename.testcarver.InnerConstructor.<init>()V, com.examples.with.different.packagename.testcarver.InnerConstructor.<init>(Ljava/lang/Object;)V]
INFO  org.evosuite.coverage.branch.BranchCoverageSuiteFitness - (Methods) Best individual covers 0/0 branches and 1/2 methods
INFO  org.evosuite.coverage.branch.BranchCoverageSuiteFitness - Fitness: 1.0, size: 1, length: 2
INFO  org.evosuite.coverage.branch.BranchCoverageSuiteFitness - (Fitness) Best individual covers 0/0 branches and 1/2 methods
INFO  org.evosuite.coverage.branch.BranchCoverageSuiteFitness - Fitness: 1.0, size: 1, length: 2
INFO  org.evosuite.testcase.factories.JUnitTestCarvedChromosomeFactory - Cloning user test
InnerConstructor innerConstructor0 = new InnerConstructor();
innerConstructor0.getFoo();

INFO  org.evosuite.TestGenerationContext - *** Resetting context
INFO  org.evosuite.testcase.execution.TestCaseExecutor - TestCaseExecutor instance is non-null, but its actual executor is null
[INFO] Tests run: 39, Failures: 0, Errors: 0, Skipped: 0, Time elapsed: 8.681 s -- in org.evosuite.testcase.JUnitTestCarvedChromosomeFactorySystemTest
[INFO]
[INFO] Results:
[INFO]
[INFO] Tests run: 39, Failures: 0, Errors: 0, Skipped: 0
[INFO]
[INFO] ------------------------------------------------------------------------
[INFO] BUILD SUCCESS
[INFO] ------------------------------------------------------------------------
[INFO] Total time:  17.071 s
[INFO] Finished at: 2026-02-05T13:08:08Z
[INFO] ------------------------------------------------------------------------
